2026-06-19 23:41:18 - pretrain_logger - INFO - Model parameters: 1,800,514
[2026-06-19 23:41:18,205][pretrain_logger][INFO] - Model parameters: 1,800,514
2026-06-19 23:41:18 - pretrain_logger - INFO - Created new log file at /public/home/202411094934/python_project/Spatio-Temporal-Library/time-series/2026-06-19/patchtst/pretrain10/weather/time-series/seed_1/training_log.json
[2026-06-19 23:41:18,216][pretrain_logger][INFO] - Created new log file at /public/home/202411094934/python_project/Spatio-Temporal-Library/time-series/2026-06-19/patchtst/pretrain10/weather/time-series/seed_1/training_log.json
2026-06-19 23:41:18 - pretrain_logger - INFO - Starting JEPA pretraining...
[2026-06-19 23:41:18,216][pretrain_logger][INFO] - Starting JEPA pretraining...
2026-06-19 23:50:41 - pretrain_logger - INFO - [JEPA Pretrain] Epoch 1/10, loss=2.352620, time=563.41s
[2026-06-19 23:50:41,624][pretrain_logger][INFO] - [JEPA Pretrain] Epoch 1/10, loss=2.352620, time=563.41s
2026-06-19 23:50:41 - pretrain_logger - INFO - Pretrain loss: 2.3526201708415835
[2026-06-19 23:50:41,625][pretrain_logger][INFO] - Pretrain loss: 2.3526201708415835
2026-06-19 23:50:41 - pretrain_logger - INFO - Pretrain time: 563.4081149101257s
[2026-06-19 23:50:41,625][pretrain_logger][INFO] - Pretrain time: 563.4081149101257s
2026-06-19 23:50:41 - pretrain_logger - INFO - Pretrain memory reserved: 190.00 MB
[2026-06-19 23:50:41,625][pretrain_logger][INFO] - Pretrain memory reserved: 190.00 MB
2026-06-19 23:50:41 - pretrain_logger - INFO - Pretrain memory allocated: 23.74 MB
[2026-06-19 23:50:41,625][pretrain_logger][INFO] - Pretrain memory allocated: 23.74 MB
2026-06-19 23:50:41 - pretrain_logger - INFO - Current learning rate: 0.0005
[2026-06-19 23:50:41,626][pretrain_logger][INFO] - Current learning rate: 0.0005
2026-06-19 23:50:41 - pretrain_logger - INFO - Logged epoch Pretrain 1 info to /public/home/202411094934/python_project/Spatio-Temporal-Library/time-series/2026-06-19/patchtst/pretrain10/weather/time-series/seed_1/training_log.json
[2026-06-19 23:50:41,629][pretrain_logger][INFO] - Logged epoch Pretrain 1 info to /public/home/202411094934/python_project/Spatio-Temporal-Library/time-series/2026-06-19/patchtst/pretrain10/weather/time-series/seed_1/training_log.json
2026-06-20 00:00:00 - pretrain_logger - INFO - [JEPA Pretrain] Epoch 2/10, loss=1.497410, time=558.53s
[2026-06-20 00:00:00,162][pretrain_logger][INFO] - [JEPA Pretrain] Epoch 2/10, loss=1.497410, time=558.53s
2026-06-20 00:00:00 - pretrain_logger - INFO - Pretrain loss: 1.4974096540974222
[2026-06-20 00:00:00,190][pretrain_logger][INFO] - Pretrain loss: 1.4974096540974222
2026-06-20 00:00:00 - pretrain_logger - INFO - Pretrain time: 558.5324258804321s
[2026-06-20 00:00:00,191][pretrain_logger][INFO] - Pretrain time: 558.5324258804321s
2026-06-20 00:00:00 - pretrain_logger - INFO - Pretrain memory reserved: 190.00 MB
[2026-06-20 00:00:00,191][pretrain_logger][INFO] - Pretrain memory reserved: 190.00 MB
2026-06-20 00:00:00 - pretrain_logger - INFO - Pretrain memory allocated: 23.74 MB
[2026-06-20 00:00:00,191][pretrain_logger][INFO] - Pretrain memory allocated: 23.74 MB
2026-06-20 00:00:00 - pretrain_logger - INFO - Current learning rate: 0.0005
[2026-06-20 00:00:00,191][pretrain_logger][INFO] - Current learning rate: 0.0005
2026-06-20 00:00:00 - pretrain_logger - INFO - Logged epoch Pretrain 2 info to /public/home/202411094934/python_project/Spatio-Temporal-Library/time-series/2026-06-19/patchtst/pretrain10/weather/time-series/seed_1/training_log.json
[2026-06-20 00:00:00,194][pretrain_logger][INFO] - Logged epoch Pretrain 2 info to /public/home/202411094934/python_project/Spatio-Temporal-Library/time-series/2026-06-19/patchtst/pretrain10/weather/time-series/seed_1/training_log.json
2026-06-20 00:09:23 - pretrain_logger - INFO - [JEPA Pretrain] Epoch 3/10, loss=1.270373, time=562.90s
[2026-06-20 00:09:23,096][pretrain_logger][INFO] - [JEPA Pretrain] Epoch 3/10, loss=1.270373, time=562.90s
2026-06-20 00:09:23 - pretrain_logger - INFO - Pretrain loss: 1.2703731350273788
[2026-06-20 00:09:23,096][pretrain_logger][INFO] - Pretrain loss: 1.2703731350273788
2026-06-20 00:09:23 - pretrain_logger - INFO - Pretrain time: 562.9018795490265s
[2026-06-20 00:09:23,097][pretrain_logger][INFO] - Pretrain time: 562.9018795490265s
2026-06-20 00:09:23 - pretrain_logger - INFO - Pretrain memory reserved: 190.00 MB
[2026-06-20 00:09:23,097][pretrain_logger][INFO] - Pretrain memory reserved: 190.00 MB
2026-06-20 00:09:23 - pretrain_logger - INFO - Pretrain memory allocated: 23.74 MB
[2026-06-20 00:09:23,097][pretrain_logger][INFO] - Pretrain memory allocated: 23.74 MB
2026-06-20 00:09:23 - pretrain_logger - INFO - Current learning rate: 0.0005
[2026-06-20 00:09:23,097][pretrain_logger][INFO] - Current learning rate: 0.0005
2026-06-20 00:09:23 - pretrain_logger - INFO - Logged epoch Pretrain 3 info to /public/home/202411094934/python_project/Spatio-Temporal-Library/time-series/2026-06-19/patchtst/pretrain10/weather/time-series/seed_1/training_log.json
[2026-06-20 00:09:23,100][pretrain_logger][INFO] - Logged epoch Pretrain 3 info to /public/home/202411094934/python_project/Spatio-Temporal-Library/time-series/2026-06-19/patchtst/pretrain10/weather/time-series/seed_1/training_log.json
2026-06-20 00:18:46 - pretrain_logger - INFO - [JEPA Pretrain] Epoch 4/10, loss=1.301893, time=563.01s
[2026-06-20 00:18:46,111][pretrain_logger][INFO] - [JEPA Pretrain] Epoch 4/10, loss=1.301893, time=563.01s
2026-06-20 00:18:46 - pretrain_logger - INFO - Pretrain loss: 1.3018928824761857
[2026-06-20 00:18:46,135][pretrain_logger][INFO] - Pretrain loss: 1.3018928824761857
2026-06-20 00:18:46 - pretrain_logger - INFO - Pretrain time: 563.0107145309448s
[2026-06-20 00:18:46,136][pretrain_logger][INFO] - Pretrain time: 563.0107145309448s
2026-06-20 00:18:46 - pretrain_logger - INFO - Pretrain memory reserved: 190.00 MB
[2026-06-20 00:18:46,136][pretrain_logger][INFO] - Pretrain memory reserved: 190.00 MB
2026-06-20 00:18:46 - pretrain_logger - INFO - Pretrain memory allocated: 23.74 MB
[2026-06-20 00:18:46,136][pretrain_logger][INFO] - Pretrain memory allocated: 23.74 MB
2026-06-20 00:18:46 - pretrain_logger - INFO - Current learning rate: 0.0005
[2026-06-20 00:18:46,136][pretrain_logger][INFO] - Current learning rate: 0.0005
2026-06-20 00:18:46 - pretrain_logger - INFO - Logged epoch Pretrain 4 info to /public/home/202411094934/python_project/Spatio-Temporal-Library/time-series/2026-06-19/patchtst/pretrain10/weather/time-series/seed_1/training_log.json
[2026-06-20 00:18:46,139][pretrain_logger][INFO] - Logged epoch Pretrain 4 info to /public/home/202411094934/python_project/Spatio-Temporal-Library/time-series/2026-06-19/patchtst/pretrain10/weather/time-series/seed_1/training_log.json
2026-06-20 00:28:09 - pretrain_logger - INFO - [JEPA Pretrain] Epoch 5/10, loss=1.346110, time=562.96s
[2026-06-20 00:28:09,100][pretrain_logger][INFO] - [JEPA Pretrain] Epoch 5/10, loss=1.346110, time=562.96s
2026-06-20 00:28:09 - pretrain_logger - INFO - Pretrain loss: 1.3461101732629108
[2026-06-20 00:28:09,101][pretrain_logger][INFO] - Pretrain loss: 1.3461101732629108
2026-06-20 00:28:09 - pretrain_logger - INFO - Pretrain time: 562.9606323242188s
[2026-06-20 00:28:09,101][pretrain_logger][INFO] - Pretrain time: 562.9606323242188s
2026-06-20 00:28:09 - pretrain_logger - INFO - Pretrain memory reserved: 190.00 MB
[2026-06-20 00:28:09,101][pretrain_logger][INFO] - Pretrain memory reserved: 190.00 MB
2026-06-20 00:28:09 - pretrain_logger - INFO - Pretrain memory allocated: 23.74 MB
[2026-06-20 00:28:09,101][pretrain_logger][INFO] - Pretrain memory allocated: 23.74 MB
2026-06-20 00:28:09 - pretrain_logger - INFO - Current learning rate: 0.0005
[2026-06-20 00:28:09,101][pretrain_logger][INFO] - Current learning rate: 0.0005
2026-06-20 00:28:09 - pretrain_logger - INFO - Logged epoch Pretrain 5 info to /public/home/202411094934/python_project/Spatio-Temporal-Library/time-series/2026-06-19/patchtst/pretrain10/weather/time-series/seed_1/training_log.json
[2026-06-20 00:28:09,104][pretrain_logger][INFO] - Logged epoch Pretrain 5 info to /public/home/202411094934/python_project/Spatio-Temporal-Library/time-series/2026-06-19/patchtst/pretrain10/weather/time-series/seed_1/training_log.json
2026-06-20 00:37:32 - pretrain_logger - INFO - [JEPA Pretrain] Epoch 6/10, loss=1.375880, time=563.21s
[2026-06-20 00:37:32,311][pretrain_logger][INFO] - [JEPA Pretrain] Epoch 6/10, loss=1.375880, time=563.21s
2026-06-20 00:37:32 - pretrain_logger - INFO - Pretrain loss: 1.3758803817819092
[2026-06-20 00:37:32,337][pretrain_logger][INFO] - Pretrain loss: 1.3758803817819092
2026-06-20 00:37:32 - pretrain_logger - INFO - Pretrain time: 563.2068548202515s
[2026-06-20 00:37:32,337][pretrain_logger][INFO] - Pretrain time: 563.2068548202515s
2026-06-20 00:37:32 - pretrain_logger - INFO - Pretrain memory reserved: 190.00 MB
[2026-06-20 00:37:32,337][pretrain_logger][INFO] - Pretrain memory reserved: 190.00 MB
2026-06-20 00:37:32 - pretrain_logger - INFO - Pretrain memory allocated: 23.74 MB
[2026-06-20 00:37:32,337][pretrain_logger][INFO] - Pretrain memory allocated: 23.74 MB
2026-06-20 00:37:32 - pretrain_logger - INFO - Current learning rate: 0.0005
[2026-06-20 00:37:32,338][pretrain_logger][INFO] - Current learning rate: 0.0005
2026-06-20 00:37:32 - pretrain_logger - INFO - Logged epoch Pretrain 6 info to /public/home/202411094934/python_project/Spatio-Temporal-Library/time-series/2026-06-19/patchtst/pretrain10/weather/time-series/seed_1/training_log.json
[2026-06-20 00:37:32,341][pretrain_logger][INFO] - Logged epoch Pretrain 6 info to /public/home/202411094934/python_project/Spatio-Temporal-Library/time-series/2026-06-19/patchtst/pretrain10/weather/time-series/seed_1/training_log.json
2026-06-20 00:46:55 - pretrain_logger - INFO - [JEPA Pretrain] Epoch 7/10, loss=1.473279, time=562.67s
[2026-06-20 00:46:55,015][pretrain_logger][INFO] - [JEPA Pretrain] Epoch 7/10, loss=1.473279, time=562.67s
2026-06-20 00:46:55 - pretrain_logger - INFO - Pretrain loss: 1.4732785463938356
[2026-06-20 00:46:55,016][pretrain_logger][INFO] - Pretrain loss: 1.4732785463938356
2026-06-20 00:46:55 - pretrain_logger - INFO - Pretrain time: 562.6742811203003s
[2026-06-20 00:46:55,016][pretrain_logger][INFO] - Pretrain time: 562.6742811203003s
2026-06-20 00:46:55 - pretrain_logger - INFO - Pretrain memory reserved: 190.00 MB
[2026-06-20 00:46:55,016][pretrain_logger][INFO] - Pretrain memory reserved: 190.00 MB
2026-06-20 00:46:55 - pretrain_logger - INFO - Pretrain memory allocated: 23.74 MB
[2026-06-20 00:46:55,016][pretrain_logger][INFO] - Pretrain memory allocated: 23.74 MB
2026-06-20 00:46:55 - pretrain_logger - INFO - Current learning rate: 0.0005
[2026-06-20 00:46:55,016][pretrain_logger][INFO] - Current learning rate: 0.0005
2026-06-20 00:46:55 - pretrain_logger - INFO - Logged epoch Pretrain 7 info to /public/home/202411094934/python_project/Spatio-Temporal-Library/time-series/2026-06-19/patchtst/pretrain10/weather/time-series/seed_1/training_log.json
[2026-06-20 00:46:55,020][pretrain_logger][INFO] - Logged epoch Pretrain 7 info to /public/home/202411094934/python_project/Spatio-Temporal-Library/time-series/2026-06-19/patchtst/pretrain10/weather/time-series/seed_1/training_log.json
2026-06-20 00:56:18 - pretrain_logger - INFO - [JEPA Pretrain] Epoch 8/10, loss=1.568728, time=563.23s
[2026-06-20 00:56:18,255][pretrain_logger][INFO] - [JEPA Pretrain] Epoch 8/10, loss=1.568728, time=563.23s
2026-06-20 00:56:18 - pretrain_logger - INFO - Pretrain loss: 1.56872814467416
[2026-06-20 00:56:18,280][pretrain_logger][INFO] - Pretrain loss: 1.56872814467416
2026-06-20 00:56:18 - pretrain_logger - INFO - Pretrain time: 563.234395980835s
[2026-06-20 00:56:18,281][pretrain_logger][INFO] - Pretrain time: 563.234395980835s
2026-06-20 00:56:18 - pretrain_logger - INFO - Pretrain memory reserved: 190.00 MB
[2026-06-20 00:56:18,281][pretrain_logger][INFO] - Pretrain memory reserved: 190.00 MB
2026-06-20 00:56:18 - pretrain_logger - INFO - Pretrain memory allocated: 23.74 MB
[2026-06-20 00:56:18,281][pretrain_logger][INFO] - Pretrain memory allocated: 23.74 MB
2026-06-20 00:56:18 - pretrain_logger - INFO - Current learning rate: 0.0005
[2026-06-20 00:56:18,281][pretrain_logger][INFO] - Current learning rate: 0.0005
2026-06-20 00:56:18 - pretrain_logger - INFO - Logged epoch Pretrain 8 info to /public/home/202411094934/python_project/Spatio-Temporal-Library/time-series/2026-06-19/patchtst/pretrain10/weather/time-series/seed_1/training_log.json
[2026-06-20 00:56:18,284][pretrain_logger][INFO] - Logged epoch Pretrain 8 info to /public/home/202411094934/python_project/Spatio-Temporal-Library/time-series/2026-06-19/patchtst/pretrain10/weather/time-series/seed_1/training_log.json
2026-06-20 01:05:41 - pretrain_logger - INFO - [JEPA Pretrain] Epoch 9/10, loss=1.630731, time=563.40s
[2026-06-20 01:05:41,687][pretrain_logger][INFO] - [JEPA Pretrain] Epoch 9/10, loss=1.630731, time=563.40s
2026-06-20 01:05:41 - pretrain_logger - INFO - Pretrain loss: 1.630730931543188
[2026-06-20 01:05:41,687][pretrain_logger][INFO] - Pretrain loss: 1.630730931543188
2026-06-20 01:05:41 - pretrain_logger - INFO - Pretrain time: 563.4028716087341s
[2026-06-20 01:05:41,688][pretrain_logger][INFO] - Pretrain time: 563.4028716087341s
2026-06-20 01:05:41 - pretrain_logger - INFO - Pretrain memory reserved: 190.00 MB
[2026-06-20 01:05:41,688][pretrain_logger][INFO] - Pretrain memory reserved: 190.00 MB
2026-06-20 01:05:41 - pretrain_logger - INFO - Pretrain memory allocated: 23.74 MB
[2026-06-20 01:05:41,688][pretrain_logger][INFO] - Pretrain memory allocated: 23.74 MB
2026-06-20 01:05:41 - pretrain_logger - INFO - Current learning rate: 0.0005
[2026-06-20 01:05:41,688][pretrain_logger][INFO] - Current learning rate: 0.0005
2026-06-20 01:05:41 - pretrain_logger - INFO - Logged epoch Pretrain 9 info to /public/home/202411094934/python_project/Spatio-Temporal-Library/time-series/2026-06-19/patchtst/pretrain10/weather/time-series/seed_1/training_log.json
[2026-06-20 01:05:41,691][pretrain_logger][INFO] - Logged epoch Pretrain 9 info to /public/home/202411094934/python_project/Spatio-Temporal-Library/time-series/2026-06-19/patchtst/pretrain10/weather/time-series/seed_1/training_log.json
2026-06-20 01:15:04 - pretrain_logger - INFO - [JEPA Pretrain] Epoch 10/10, loss=1.672309, time=563.04s
[2026-06-20 01:15:04,734][pretrain_logger][INFO] - [JEPA Pretrain] Epoch 10/10, loss=1.672309, time=563.04s
2026-06-20 01:15:04 - pretrain_logger - INFO - Pretrain loss: 1.6723089392859696
[2026-06-20 01:15:04,760][pretrain_logger][INFO] - Pretrain loss: 1.6723089392859696
2026-06-20 01:15:04 - pretrain_logger - INFO - Pretrain time: 563.0431122779846s
[2026-06-20 01:15:04,760][pretrain_logger][INFO] - Pretrain time: 563.0431122779846s
2026-06-20 01:15:04 - pretrain_logger - INFO - Pretrain memory reserved: 190.00 MB
[2026-06-20 01:15:04,760][pretrain_logger][INFO] - Pretrain memory reserved: 190.00 MB
2026-06-20 01:15:04 - pretrain_logger - INFO - Pretrain memory allocated: 23.74 MB
[2026-06-20 01:15:04,761][pretrain_logger][INFO] - Pretrain memory allocated: 23.74 MB
2026-06-20 01:15:04 - pretrain_logger - INFO - Current learning rate: 0.0005
[2026-06-20 01:15:04,761][pretrain_logger][INFO] - Current learning rate: 0.0005
2026-06-20 01:15:04 - pretrain_logger - INFO - Logged epoch Pretrain 10 info to /public/home/202411094934/python_project/Spatio-Temporal-Library/time-series/2026-06-19/patchtst/pretrain10/weather/time-series/seed_1/training_log.json
[2026-06-20 01:15:04,764][pretrain_logger][INFO] - Logged epoch Pretrain 10 info to /public/home/202411094934/python_project/Spatio-Temporal-Library/time-series/2026-06-19/patchtst/pretrain10/weather/time-series/seed_1/training_log.json
2026-06-20 01:15:04 - pretrain_logger - INFO - JEPA pretraining completed.
[2026-06-20 01:15:04,764][pretrain_logger][INFO] - JEPA pretraining completed.
