2026-06-23 14:47:51 - finetune_logger - INFO - No pretrained checkpoint is provided. Finetuning from scratch.
[2026-06-23 14:47:51,357][finetune_logger][INFO] - No pretrained checkpoint is provided. Finetuning from scratch.
2026-06-23 14:47:51 - finetune_logger - INFO - Model parameters: 200,149
[2026-06-23 14:47:51,360][finetune_logger][INFO] - Model parameters: 200,149
2026-06-23 14:47:51 - finetune_logger - INFO - Created new log file at /public/home/202411094934/python_project/Spatio-Temporal-Library/time-series/2026-06-23/autoformer/finetune20/weather/time-series/seed_1/training_log.json
[2026-06-23 14:47:51,362][finetune_logger][INFO] - Created new log file at /public/home/202411094934/python_project/Spatio-Temporal-Library/time-series/2026-06-23/autoformer/finetune20/weather/time-series/seed_1/training_log.json
2026-06-23 14:47:51 - finetune_logger - INFO - Starting training...
[2026-06-23 14:47:51,363][finetune_logger][INFO] - Starting training...
2026-06-23 14:47:51 - finetune_logger - INFO - Epoch 1/20
[2026-06-23 14:47:51,363][finetune_logger][INFO] - Epoch 1/20
2026-06-23 15:32:02 - finetune_logger - INFO - Train loss: 35.85848201486219
[2026-06-23 15:32:02,690][finetune_logger][INFO] - Train loss: 35.85848201486219
2026-06-23 15:32:02 - finetune_logger - INFO - Train time: 2651.3264198303223s
[2026-06-23 15:32:02,690][finetune_logger][INFO] - Train time: 2651.3264198303223s
2026-06-23 15:32:02 - finetune_logger - INFO - Train memory reserved: 40.00 MB
[2026-06-23 15:32:02,690][finetune_logger][INFO] - Train memory reserved: 40.00 MB
2026-06-23 15:32:02 - finetune_logger - INFO - Train memory allocated: 21.01 MB
[2026-06-23 15:32:02,690][finetune_logger][INFO] - Train memory allocated: 21.01 MB
2026-06-23 15:32:02 - finetune_logger - INFO - Current learning rate: 0.0005
[2026-06-23 15:32:02,690][finetune_logger][INFO] - Current learning rate: 0.0005
2026-06-23 15:34:13 - finetune_logger - INFO - Validation metrics: {'MAE': 30.02850219325607, 'RMSE': 86.77070201893527}
[2026-06-23 15:34:13,809][finetune_logger][INFO] - Validation metrics: {'MAE': 30.02850219325607, 'RMSE': 86.77070201893527}
2026-06-23 15:34:13 - finetune_logger - INFO - Val time: 131.12s
[2026-06-23 15:34:13,810][finetune_logger][INFO] - Val time: 131.12s
2026-06-23 15:34:13 - finetune_logger - INFO - Val memory reserved: 40.00 MB
[2026-06-23 15:34:13,810][finetune_logger][INFO] - Val memory reserved: 40.00 MB
2026-06-23 15:34:13 - finetune_logger - INFO - Val memory allocated: 21.01 MB
[2026-06-23 15:34:13,810][finetune_logger][INFO] - Val memory allocated: 21.01 MB
2026-06-23 15:34:13 - finetune_logger - INFO - Logged epoch 1 info to /public/home/202411094934/python_project/Spatio-Temporal-Library/time-series/2026-06-23/autoformer/finetune20/weather/time-series/seed_1/training_log.json
[2026-06-23 15:34:13,815][finetune_logger][INFO] - Logged epoch 1 info to /public/home/202411094934/python_project/Spatio-Temporal-Library/time-series/2026-06-23/autoformer/finetune20/weather/time-series/seed_1/training_log.json
2026-06-23 15:34:13 - finetune_logger - INFO - New best model! Val loss: 30.028502
[2026-06-23 15:34:13,815][finetune_logger][INFO] - New best model! Val loss: 30.028502
2026-06-23 15:38:42 - finetune_logger - INFO - Test metrics: {'MAE': 25.983643641863544, 'RMSE': 71.50504685653591}
[2026-06-23 15:38:42,402][finetune_logger][INFO] - Test metrics: {'MAE': 25.983643641863544, 'RMSE': 71.50504685653591}
2026-06-23 15:38:42 - finetune_logger - INFO - Test time: 268.53s
[2026-06-23 15:38:42,402][finetune_logger][INFO] - Test time: 268.53s
2026-06-23 15:38:42 - finetune_logger - INFO - Test memory reserved: 40.00 MB
[2026-06-23 15:38:42,402][finetune_logger][INFO] - Test memory reserved: 40.00 MB
2026-06-23 15:38:42 - finetune_logger - INFO - Test memory allocated: 21.01 MB
[2026-06-23 15:38:42,402][finetune_logger][INFO] - Test memory allocated: 21.01 MB
2026-06-23 15:38:42 - finetune_logger - INFO - Epoch 2/20
[2026-06-23 15:38:42,402][finetune_logger][INFO] - Epoch 2/20
2026-06-23 16:23:03 - finetune_logger - INFO - Train loss: 31.51671708228935
[2026-06-23 16:23:03,967][finetune_logger][INFO] - Train loss: 31.51671708228935
2026-06-23 16:23:03 - finetune_logger - INFO - Train time: 2661.56435918808s
[2026-06-23 16:23:03,967][finetune_logger][INFO] - Train time: 2661.56435918808s
2026-06-23 16:23:03 - finetune_logger - INFO - Train memory reserved: 40.00 MB
[2026-06-23 16:23:03,968][finetune_logger][INFO] - Train memory reserved: 40.00 MB
2026-06-23 16:23:03 - finetune_logger - INFO - Train memory allocated: 21.01 MB
[2026-06-23 16:23:03,968][finetune_logger][INFO] - Train memory allocated: 21.01 MB
2026-06-23 16:23:03 - finetune_logger - INFO - Current learning rate: 0.0005
[2026-06-23 16:23:03,968][finetune_logger][INFO] - Current learning rate: 0.0005
2026-06-23 16:25:15 - finetune_logger - INFO - Validation metrics: {'MAE': 29.596604657068436, 'RMSE': 92.56699554845034}
[2026-06-23 16:25:15,203][finetune_logger][INFO] - Validation metrics: {'MAE': 29.596604657068436, 'RMSE': 92.56699554845034}
2026-06-23 16:25:15 - finetune_logger - INFO - Val time: 131.24s
[2026-06-23 16:25:15,204][finetune_logger][INFO] - Val time: 131.24s
2026-06-23 16:25:15 - finetune_logger - INFO - Val memory reserved: 40.00 MB
[2026-06-23 16:25:15,204][finetune_logger][INFO] - Val memory reserved: 40.00 MB
2026-06-23 16:25:15 - finetune_logger - INFO - Val memory allocated: 21.01 MB
[2026-06-23 16:25:15,204][finetune_logger][INFO] - Val memory allocated: 21.01 MB
2026-06-23 16:25:15 - finetune_logger - INFO - Logged epoch 2 info to /public/home/202411094934/python_project/Spatio-Temporal-Library/time-series/2026-06-23/autoformer/finetune20/weather/time-series/seed_1/training_log.json
[2026-06-23 16:25:15,206][finetune_logger][INFO] - Logged epoch 2 info to /public/home/202411094934/python_project/Spatio-Temporal-Library/time-series/2026-06-23/autoformer/finetune20/weather/time-series/seed_1/training_log.json
2026-06-23 16:25:15 - finetune_logger - INFO - New best model! Val loss: 29.596605
[2026-06-23 16:25:15,206][finetune_logger][INFO] - New best model! Val loss: 29.596605
2026-06-23 16:29:43 - finetune_logger - INFO - Test metrics: {'MAE': 22.11668859378872, 'RMSE': 62.07886291229451}
[2026-06-23 16:29:43,409][finetune_logger][INFO] - Test metrics: {'MAE': 22.11668859378872, 'RMSE': 62.07886291229451}
2026-06-23 16:29:43 - finetune_logger - INFO - Test time: 268.15s
[2026-06-23 16:29:43,410][finetune_logger][INFO] - Test time: 268.15s
2026-06-23 16:29:43 - finetune_logger - INFO - Test memory reserved: 40.00 MB
[2026-06-23 16:29:43,410][finetune_logger][INFO] - Test memory reserved: 40.00 MB
2026-06-23 16:29:43 - finetune_logger - INFO - Test memory allocated: 21.01 MB
[2026-06-23 16:29:43,410][finetune_logger][INFO] - Test memory allocated: 21.01 MB
2026-06-23 16:29:43 - finetune_logger - INFO - Epoch 3/20
[2026-06-23 16:29:43,410][finetune_logger][INFO] - Epoch 3/20
2026-06-23 17:14:04 - finetune_logger - INFO - Train loss: 29.83549041693605
[2026-06-23 17:14:04,842][finetune_logger][INFO] - Train loss: 29.83549041693605
2026-06-23 17:14:04 - finetune_logger - INFO - Train time: 2661.4311711788177s
[2026-06-23 17:14:04,842][finetune_logger][INFO] - Train time: 2661.4311711788177s
2026-06-23 17:14:04 - finetune_logger - INFO - Train memory reserved: 40.00 MB
[2026-06-23 17:14:04,842][finetune_logger][INFO] - Train memory reserved: 40.00 MB
2026-06-23 17:14:04 - finetune_logger - INFO - Train memory allocated: 21.01 MB
[2026-06-23 17:14:04,842][finetune_logger][INFO] - Train memory allocated: 21.01 MB
2026-06-23 17:14:04 - finetune_logger - INFO - Current learning rate: 0.0005
[2026-06-23 17:14:04,842][finetune_logger][INFO] - Current learning rate: 0.0005
2026-06-23 17:16:15 - finetune_logger - INFO - Validation metrics: {'MAE': 29.240998399747404, 'RMSE': 89.79846018169944}
[2026-06-23 17:16:15,896][finetune_logger][INFO] - Validation metrics: {'MAE': 29.240998399747404, 'RMSE': 89.79846018169944}
2026-06-23 17:16:15 - finetune_logger - INFO - Val time: 131.05s
[2026-06-23 17:16:15,896][finetune_logger][INFO] - Val time: 131.05s
2026-06-23 17:16:15 - finetune_logger - INFO - Val memory reserved: 40.00 MB
[2026-06-23 17:16:15,896][finetune_logger][INFO] - Val memory reserved: 40.00 MB
2026-06-23 17:16:15 - finetune_logger - INFO - Val memory allocated: 21.01 MB
[2026-06-23 17:16:15,897][finetune_logger][INFO] - Val memory allocated: 21.01 MB
2026-06-23 17:16:15 - finetune_logger - INFO - Logged epoch 3 info to /public/home/202411094934/python_project/Spatio-Temporal-Library/time-series/2026-06-23/autoformer/finetune20/weather/time-series/seed_1/training_log.json
[2026-06-23 17:16:15,899][finetune_logger][INFO] - Logged epoch 3 info to /public/home/202411094934/python_project/Spatio-Temporal-Library/time-series/2026-06-23/autoformer/finetune20/weather/time-series/seed_1/training_log.json
2026-06-23 17:16:15 - finetune_logger - INFO - New best model! Val loss: 29.240998
[2026-06-23 17:16:15,899][finetune_logger][INFO] - New best model! Val loss: 29.240998
2026-06-23 17:20:44 - finetune_logger - INFO - Test metrics: {'MAE': 22.8280706108919, 'RMSE': 62.60237971682763}
[2026-06-23 17:20:44,531][finetune_logger][INFO] - Test metrics: {'MAE': 22.8280706108919, 'RMSE': 62.60237971682763}
2026-06-23 17:20:44 - finetune_logger - INFO - Test time: 268.58s
[2026-06-23 17:20:44,531][finetune_logger][INFO] - Test time: 268.58s
2026-06-23 17:20:44 - finetune_logger - INFO - Test memory reserved: 40.00 MB
[2026-06-23 17:20:44,531][finetune_logger][INFO] - Test memory reserved: 40.00 MB
2026-06-23 17:20:44 - finetune_logger - INFO - Test memory allocated: 21.01 MB
[2026-06-23 17:20:44,531][finetune_logger][INFO] - Test memory allocated: 21.01 MB
2026-06-23 17:20:44 - finetune_logger - INFO - Epoch 4/20
[2026-06-23 17:20:44,532][finetune_logger][INFO] - Epoch 4/20
2026-06-23 18:05:04 - finetune_logger - INFO - Train loss: 28.562126637793824
[2026-06-23 18:05:04,747][finetune_logger][INFO] - Train loss: 28.562126637793824
2026-06-23 18:05:04 - finetune_logger - INFO - Train time: 2660.2153058052063s
[2026-06-23 18:05:04,748][finetune_logger][INFO] - Train time: 2660.2153058052063s
2026-06-23 18:05:04 - finetune_logger - INFO - Train memory reserved: 40.00 MB
[2026-06-23 18:05:04,748][finetune_logger][INFO] - Train memory reserved: 40.00 MB
2026-06-23 18:05:04 - finetune_logger - INFO - Train memory allocated: 21.01 MB
[2026-06-23 18:05:04,748][finetune_logger][INFO] - Train memory allocated: 21.01 MB
2026-06-23 18:05:04 - finetune_logger - INFO - Current learning rate: 0.0005
[2026-06-23 18:05:04,748][finetune_logger][INFO] - Current learning rate: 0.0005
2026-06-23 18:07:15 - finetune_logger - INFO - Validation metrics: {'MAE': 29.489408809918956, 'RMSE': 93.0643897990471}
[2026-06-23 18:07:15,718][finetune_logger][INFO] - Validation metrics: {'MAE': 29.489408809918956, 'RMSE': 93.0643897990471}
2026-06-23 18:07:15 - finetune_logger - INFO - Val time: 130.97s
[2026-06-23 18:07:15,718][finetune_logger][INFO] - Val time: 130.97s
2026-06-23 18:07:15 - finetune_logger - INFO - Val memory reserved: 40.00 MB
[2026-06-23 18:07:15,718][finetune_logger][INFO] - Val memory reserved: 40.00 MB
2026-06-23 18:07:15 - finetune_logger - INFO - Val memory allocated: 21.01 MB
[2026-06-23 18:07:15,718][finetune_logger][INFO] - Val memory allocated: 21.01 MB
2026-06-23 18:07:15 - finetune_logger - INFO - Logged epoch 4 info to /public/home/202411094934/python_project/Spatio-Temporal-Library/time-series/2026-06-23/autoformer/finetune20/weather/time-series/seed_1/training_log.json
[2026-06-23 18:07:15,721][finetune_logger][INFO] - Logged epoch 4 info to /public/home/202411094934/python_project/Spatio-Temporal-Library/time-series/2026-06-23/autoformer/finetune20/weather/time-series/seed_1/training_log.json
2026-06-23 18:11:43 - finetune_logger - INFO - Test metrics: {'MAE': 23.416270334116664, 'RMSE': 64.36408213966389}
[2026-06-23 18:11:43,594][finetune_logger][INFO] - Test metrics: {'MAE': 23.416270334116664, 'RMSE': 64.36408213966389}
2026-06-23 18:11:43 - finetune_logger - INFO - Test time: 267.87s
[2026-06-23 18:11:43,594][finetune_logger][INFO] - Test time: 267.87s
2026-06-23 18:11:43 - finetune_logger - INFO - Test memory reserved: 40.00 MB
[2026-06-23 18:11:43,594][finetune_logger][INFO] - Test memory reserved: 40.00 MB
2026-06-23 18:11:43 - finetune_logger - INFO - Test memory allocated: 21.01 MB
[2026-06-23 18:11:43,595][finetune_logger][INFO] - Test memory allocated: 21.01 MB
2026-06-23 18:11:43 - finetune_logger - INFO - Epoch 5/20
[2026-06-23 18:11:43,595][finetune_logger][INFO] - Epoch 5/20
2026-06-23 18:56:05 - finetune_logger - INFO - Train loss: 27.49341074009066
[2026-06-23 18:56:05,203][finetune_logger][INFO] - Train loss: 27.49341074009066
2026-06-23 18:56:05 - finetune_logger - INFO - Train time: 2661.607536792755s
[2026-06-23 18:56:05,203][finetune_logger][INFO] - Train time: 2661.607536792755s
2026-06-23 18:56:05 - finetune_logger - INFO - Train memory reserved: 40.00 MB
[2026-06-23 18:56:05,203][finetune_logger][INFO] - Train memory reserved: 40.00 MB
2026-06-23 18:56:05 - finetune_logger - INFO - Train memory allocated: 21.01 MB
[2026-06-23 18:56:05,203][finetune_logger][INFO] - Train memory allocated: 21.01 MB
2026-06-23 18:56:05 - finetune_logger - INFO - Current learning rate: 0.0005
[2026-06-23 18:56:05,203][finetune_logger][INFO] - Current learning rate: 0.0005
2026-06-23 18:58:15 - finetune_logger - INFO - Validation metrics: {'MAE': 29.429719355080508, 'RMSE': 93.05098702301704}
[2026-06-23 18:58:15,975][finetune_logger][INFO] - Validation metrics: {'MAE': 29.429719355080508, 'RMSE': 93.05098702301704}
2026-06-23 18:58:15 - finetune_logger - INFO - Val time: 130.77s
[2026-06-23 18:58:15,975][finetune_logger][INFO] - Val time: 130.77s
2026-06-23 18:58:15 - finetune_logger - INFO - Val memory reserved: 40.00 MB
[2026-06-23 18:58:15,975][finetune_logger][INFO] - Val memory reserved: 40.00 MB
2026-06-23 18:58:15 - finetune_logger - INFO - Val memory allocated: 21.01 MB
[2026-06-23 18:58:15,975][finetune_logger][INFO] - Val memory allocated: 21.01 MB
2026-06-23 18:58:15 - finetune_logger - INFO - Logged epoch 5 info to /public/home/202411094934/python_project/Spatio-Temporal-Library/time-series/2026-06-23/autoformer/finetune20/weather/time-series/seed_1/training_log.json
[2026-06-23 18:58:15,978][finetune_logger][INFO] - Logged epoch 5 info to /public/home/202411094934/python_project/Spatio-Temporal-Library/time-series/2026-06-23/autoformer/finetune20/weather/time-series/seed_1/training_log.json
2026-06-23 19:02:44 - finetune_logger - INFO - Test metrics: {'MAE': 21.83594323771634, 'RMSE': 61.37283217653096}
[2026-06-23 19:02:44,107][finetune_logger][INFO] - Test metrics: {'MAE': 21.83594323771634, 'RMSE': 61.37283217653096}
2026-06-23 19:02:44 - finetune_logger - INFO - Test time: 268.13s
[2026-06-23 19:02:44,107][finetune_logger][INFO] - Test time: 268.13s
2026-06-23 19:02:44 - finetune_logger - INFO - Test memory reserved: 40.00 MB
[2026-06-23 19:02:44,108][finetune_logger][INFO] - Test memory reserved: 40.00 MB
2026-06-23 19:02:44 - finetune_logger - INFO - Test memory allocated: 21.01 MB
[2026-06-23 19:02:44,108][finetune_logger][INFO] - Test memory allocated: 21.01 MB
2026-06-23 19:02:44 - finetune_logger - INFO - Epoch 6/20
[2026-06-23 19:02:44,108][finetune_logger][INFO] - Epoch 6/20
2026-06-23 19:47:04 - finetune_logger - INFO - Train loss: 26.79257570499647
[2026-06-23 19:47:04,609][finetune_logger][INFO] - Train loss: 26.79257570499647
2026-06-23 19:47:04 - finetune_logger - INFO - Train time: 2660.5001492500305s
[2026-06-23 19:47:04,609][finetune_logger][INFO] - Train time: 2660.5001492500305s
2026-06-23 19:47:04 - finetune_logger - INFO - Train memory reserved: 40.00 MB
[2026-06-23 19:47:04,609][finetune_logger][INFO] - Train memory reserved: 40.00 MB
2026-06-23 19:47:04 - finetune_logger - INFO - Train memory allocated: 21.01 MB
[2026-06-23 19:47:04,609][finetune_logger][INFO] - Train memory allocated: 21.01 MB
2026-06-23 19:47:04 - finetune_logger - INFO - Current learning rate: 0.0005
[2026-06-23 19:47:04,609][finetune_logger][INFO] - Current learning rate: 0.0005
2026-06-23 19:49:15 - finetune_logger - INFO - Validation metrics: {'MAE': 29.195796911584267, 'RMSE': 92.53134833572861}
[2026-06-23 19:49:15,945][finetune_logger][INFO] - Validation metrics: {'MAE': 29.195796911584267, 'RMSE': 92.53134833572861}
2026-06-23 19:49:15 - finetune_logger - INFO - Val time: 131.33s
[2026-06-23 19:49:15,945][finetune_logger][INFO] - Val time: 131.33s
2026-06-23 19:49:15 - finetune_logger - INFO - Val memory reserved: 40.00 MB
[2026-06-23 19:49:15,945][finetune_logger][INFO] - Val memory reserved: 40.00 MB
2026-06-23 19:49:15 - finetune_logger - INFO - Val memory allocated: 21.01 MB
[2026-06-23 19:49:15,945][finetune_logger][INFO] - Val memory allocated: 21.01 MB
2026-06-23 19:49:15 - finetune_logger - INFO - Logged epoch 6 info to /public/home/202411094934/python_project/Spatio-Temporal-Library/time-series/2026-06-23/autoformer/finetune20/weather/time-series/seed_1/training_log.json
[2026-06-23 19:49:15,948][finetune_logger][INFO] - Logged epoch 6 info to /public/home/202411094934/python_project/Spatio-Temporal-Library/time-series/2026-06-23/autoformer/finetune20/weather/time-series/seed_1/training_log.json
2026-06-23 19:49:15 - finetune_logger - INFO - New best model! Val loss: 29.195797
[2026-06-23 19:49:15,948][finetune_logger][INFO] - New best model! Val loss: 29.195797
2026-06-23 19:53:44 - finetune_logger - INFO - Test metrics: {'MAE': 21.213470958956343, 'RMSE': 59.138937983422295}
[2026-06-23 19:53:44,628][finetune_logger][INFO] - Test metrics: {'MAE': 21.213470958956343, 'RMSE': 59.138937983422295}
2026-06-23 19:53:44 - finetune_logger - INFO - Test time: 268.62s
[2026-06-23 19:53:44,628][finetune_logger][INFO] - Test time: 268.62s
2026-06-23 19:53:44 - finetune_logger - INFO - Test memory reserved: 40.00 MB
[2026-06-23 19:53:44,628][finetune_logger][INFO] - Test memory reserved: 40.00 MB
2026-06-23 19:53:44 - finetune_logger - INFO - Test memory allocated: 21.01 MB
[2026-06-23 19:53:44,629][finetune_logger][INFO] - Test memory allocated: 21.01 MB
2026-06-23 19:53:44 - finetune_logger - INFO - Epoch 7/20
[2026-06-23 19:53:44,629][finetune_logger][INFO] - Epoch 7/20
2026-06-23 20:38:05 - finetune_logger - INFO - Train loss: 26.263803575907897
[2026-06-23 20:38:05,899][finetune_logger][INFO] - Train loss: 26.263803575907897
2026-06-23 20:38:05 - finetune_logger - INFO - Train time: 2661.269171476364s
[2026-06-23 20:38:05,899][finetune_logger][INFO] - Train time: 2661.269171476364s
2026-06-23 20:38:05 - finetune_logger - INFO - Train memory reserved: 40.00 MB
[2026-06-23 20:38:05,899][finetune_logger][INFO] - Train memory reserved: 40.00 MB
2026-06-23 20:38:05 - finetune_logger - INFO - Train memory allocated: 21.01 MB
[2026-06-23 20:38:05,899][finetune_logger][INFO] - Train memory allocated: 21.01 MB
2026-06-23 20:38:05 - finetune_logger - INFO - Current learning rate: 0.0005
[2026-06-23 20:38:05,899][finetune_logger][INFO] - Current learning rate: 0.0005
2026-06-23 20:40:17 - finetune_logger - INFO - Validation metrics: {'MAE': 29.680960408139565, 'RMSE': 92.51074873160005}
[2026-06-23 20:40:17,247][finetune_logger][INFO] - Validation metrics: {'MAE': 29.680960408139565, 'RMSE': 92.51074873160005}
2026-06-23 20:40:17 - finetune_logger - INFO - Val time: 131.35s
[2026-06-23 20:40:17,247][finetune_logger][INFO] - Val time: 131.35s
2026-06-23 20:40:17 - finetune_logger - INFO - Val memory reserved: 40.00 MB
[2026-06-23 20:40:17,247][finetune_logger][INFO] - Val memory reserved: 40.00 MB
2026-06-23 20:40:17 - finetune_logger - INFO - Val memory allocated: 21.01 MB
[2026-06-23 20:40:17,248][finetune_logger][INFO] - Val memory allocated: 21.01 MB
2026-06-23 20:40:17 - finetune_logger - INFO - Logged epoch 7 info to /public/home/202411094934/python_project/Spatio-Temporal-Library/time-series/2026-06-23/autoformer/finetune20/weather/time-series/seed_1/training_log.json
[2026-06-23 20:40:17,251][finetune_logger][INFO] - Logged epoch 7 info to /public/home/202411094934/python_project/Spatio-Temporal-Library/time-series/2026-06-23/autoformer/finetune20/weather/time-series/seed_1/training_log.json
2026-06-23 20:44:45 - finetune_logger - INFO - Test metrics: {'MAE': 23.226003291622074, 'RMSE': 63.95386421730238}
[2026-06-23 20:44:45,629][finetune_logger][INFO] - Test metrics: {'MAE': 23.226003291622074, 'RMSE': 63.95386421730238}
2026-06-23 20:44:45 - finetune_logger - INFO - Test time: 268.38s
[2026-06-23 20:44:45,630][finetune_logger][INFO] - Test time: 268.38s
2026-06-23 20:44:45 - finetune_logger - INFO - Test memory reserved: 40.00 MB
[2026-06-23 20:44:45,630][finetune_logger][INFO] - Test memory reserved: 40.00 MB
2026-06-23 20:44:45 - finetune_logger - INFO - Test memory allocated: 21.01 MB
[2026-06-23 20:44:45,630][finetune_logger][INFO] - Test memory allocated: 21.01 MB
2026-06-23 20:44:45 - finetune_logger - INFO - Epoch 8/20
[2026-06-23 20:44:45,630][finetune_logger][INFO] - Epoch 8/20
2026-06-23 21:29:05 - finetune_logger - INFO - Train loss: 25.97729746957982
[2026-06-23 21:29:05,608][finetune_logger][INFO] - Train loss: 25.97729746957982
2026-06-23 21:29:05 - finetune_logger - INFO - Train time: 2659.977842569351s
[2026-06-23 21:29:05,609][finetune_logger][INFO] - Train time: 2659.977842569351s
2026-06-23 21:29:05 - finetune_logger - INFO - Train memory reserved: 40.00 MB
[2026-06-23 21:29:05,609][finetune_logger][INFO] - Train memory reserved: 40.00 MB
2026-06-23 21:29:05 - finetune_logger - INFO - Train memory allocated: 21.01 MB
[2026-06-23 21:29:05,609][finetune_logger][INFO] - Train memory allocated: 21.01 MB
2026-06-23 21:29:05 - finetune_logger - INFO - Current learning rate: 0.0005
[2026-06-23 21:29:05,609][finetune_logger][INFO] - Current learning rate: 0.0005
2026-06-23 21:31:16 - finetune_logger - INFO - Validation metrics: {'MAE': 30.56400676376553, 'RMSE': 97.59562414197416}
[2026-06-23 21:31:16,785][finetune_logger][INFO] - Validation metrics: {'MAE': 30.56400676376553, 'RMSE': 97.59562414197416}
2026-06-23 21:31:16 - finetune_logger - INFO - Val time: 131.17s
[2026-06-23 21:31:16,785][finetune_logger][INFO] - Val time: 131.17s
2026-06-23 21:31:16 - finetune_logger - INFO - Val memory reserved: 40.00 MB
[2026-06-23 21:31:16,785][finetune_logger][INFO] - Val memory reserved: 40.00 MB
2026-06-23 21:31:16 - finetune_logger - INFO - Val memory allocated: 21.01 MB
[2026-06-23 21:31:16,785][finetune_logger][INFO] - Val memory allocated: 21.01 MB
2026-06-23 21:31:16 - finetune_logger - INFO - Logged epoch 8 info to /public/home/202411094934/python_project/Spatio-Temporal-Library/time-series/2026-06-23/autoformer/finetune20/weather/time-series/seed_1/training_log.json
[2026-06-23 21:31:16,788][finetune_logger][INFO] - Logged epoch 8 info to /public/home/202411094934/python_project/Spatio-Temporal-Library/time-series/2026-06-23/autoformer/finetune20/weather/time-series/seed_1/training_log.json
2026-06-23 21:35:45 - finetune_logger - INFO - Test metrics: {'MAE': 24.647098646687795, 'RMSE': 67.97281865262258}
[2026-06-23 21:35:45,594][finetune_logger][INFO] - Test metrics: {'MAE': 24.647098646687795, 'RMSE': 67.97281865262258}
2026-06-23 21:35:45 - finetune_logger - INFO - Test time: 268.81s
[2026-06-23 21:35:45,594][finetune_logger][INFO] - Test time: 268.81s
2026-06-23 21:35:45 - finetune_logger - INFO - Test memory reserved: 40.00 MB
[2026-06-23 21:35:45,594][finetune_logger][INFO] - Test memory reserved: 40.00 MB
2026-06-23 21:35:45 - finetune_logger - INFO - Test memory allocated: 21.01 MB
[2026-06-23 21:35:45,594][finetune_logger][INFO] - Test memory allocated: 21.01 MB
2026-06-23 21:35:45 - finetune_logger - INFO - Epoch 9/20
[2026-06-23 21:35:45,594][finetune_logger][INFO] - Epoch 9/20
2026-06-23 22:20:06 - finetune_logger - INFO - Train loss: 25.502887739836158
[2026-06-23 22:20:06,954][finetune_logger][INFO] - Train loss: 25.502887739836158
2026-06-23 22:20:06 - finetune_logger - INFO - Train time: 2661.359235525131s
[2026-06-23 22:20:06,954][finetune_logger][INFO] - Train time: 2661.359235525131s
2026-06-23 22:20:06 - finetune_logger - INFO - Train memory reserved: 40.00 MB
[2026-06-23 22:20:06,955][finetune_logger][INFO] - Train memory reserved: 40.00 MB
2026-06-23 22:20:06 - finetune_logger - INFO - Train memory allocated: 21.01 MB
[2026-06-23 22:20:06,955][finetune_logger][INFO] - Train memory allocated: 21.01 MB
2026-06-23 22:20:06 - finetune_logger - INFO - Current learning rate: 0.0005
[2026-06-23 22:20:06,955][finetune_logger][INFO] - Current learning rate: 0.0005
2026-06-23 22:22:18 - finetune_logger - INFO - Validation metrics: {'MAE': 28.56105970604083, 'RMSE': 89.04576034036107}
[2026-06-23 22:22:18,264][finetune_logger][INFO] - Validation metrics: {'MAE': 28.56105970604083, 'RMSE': 89.04576034036107}
2026-06-23 22:22:18 - finetune_logger - INFO - Val time: 131.31s
[2026-06-23 22:22:18,264][finetune_logger][INFO] - Val time: 131.31s
2026-06-23 22:22:18 - finetune_logger - INFO - Val memory reserved: 40.00 MB
[2026-06-23 22:22:18,264][finetune_logger][INFO] - Val memory reserved: 40.00 MB
2026-06-23 22:22:18 - finetune_logger - INFO - Val memory allocated: 21.01 MB
[2026-06-23 22:22:18,264][finetune_logger][INFO] - Val memory allocated: 21.01 MB
2026-06-23 22:22:18 - finetune_logger - INFO - Logged epoch 9 info to /public/home/202411094934/python_project/Spatio-Temporal-Library/time-series/2026-06-23/autoformer/finetune20/weather/time-series/seed_1/training_log.json
[2026-06-23 22:22:18,268][finetune_logger][INFO] - Logged epoch 9 info to /public/home/202411094934/python_project/Spatio-Temporal-Library/time-series/2026-06-23/autoformer/finetune20/weather/time-series/seed_1/training_log.json
2026-06-23 22:22:18 - finetune_logger - INFO - New best model! Val loss: 28.561060
[2026-06-23 22:22:18,268][finetune_logger][INFO] - New best model! Val loss: 28.561060
2026-06-23 22:26:46 - finetune_logger - INFO - Test metrics: {'MAE': 21.293946621681066, 'RMSE': 59.50182997870926}
[2026-06-23 22:26:46,589][finetune_logger][INFO] - Test metrics: {'MAE': 21.293946621681066, 'RMSE': 59.50182997870926}
2026-06-23 22:26:46 - finetune_logger - INFO - Test time: 268.27s
[2026-06-23 22:26:46,590][finetune_logger][INFO] - Test time: 268.27s
2026-06-23 22:26:46 - finetune_logger - INFO - Test memory reserved: 40.00 MB
[2026-06-23 22:26:46,590][finetune_logger][INFO] - Test memory reserved: 40.00 MB
2026-06-23 22:26:46 - finetune_logger - INFO - Test memory allocated: 21.01 MB
[2026-06-23 22:26:46,590][finetune_logger][INFO] - Test memory allocated: 21.01 MB
2026-06-23 22:26:46 - finetune_logger - INFO - Epoch 10/20
[2026-06-23 22:26:46,590][finetune_logger][INFO] - Epoch 10/20
2026-06-23 23:11:06 - finetune_logger - INFO - Train loss: 25.211166316998305
[2026-06-23 23:11:06,458][finetune_logger][INFO] - Train loss: 25.211166316998305
2026-06-23 23:11:06 - finetune_logger - INFO - Train time: 2659.86785531044s
[2026-06-23 23:11:06,459][finetune_logger][INFO] - Train time: 2659.86785531044s
2026-06-23 23:11:06 - finetune_logger - INFO - Train memory reserved: 40.00 MB
[2026-06-23 23:11:06,459][finetune_logger][INFO] - Train memory reserved: 40.00 MB
2026-06-23 23:11:06 - finetune_logger - INFO - Train memory allocated: 21.01 MB
[2026-06-23 23:11:06,459][finetune_logger][INFO] - Train memory allocated: 21.01 MB
2026-06-23 23:11:06 - finetune_logger - INFO - Current learning rate: 0.0005
[2026-06-23 23:11:06,459][finetune_logger][INFO] - Current learning rate: 0.0005
2026-06-23 23:13:17 - finetune_logger - INFO - Validation metrics: {'MAE': 28.793927837663905, 'RMSE': 90.38912780664337}
[2026-06-23 23:13:17,707][finetune_logger][INFO] - Validation metrics: {'MAE': 28.793927837663905, 'RMSE': 90.38912780664337}
2026-06-23 23:13:17 - finetune_logger - INFO - Val time: 131.25s
[2026-06-23 23:13:17,707][finetune_logger][INFO] - Val time: 131.25s
2026-06-23 23:13:17 - finetune_logger - INFO - Val memory reserved: 40.00 MB
[2026-06-23 23:13:17,707][finetune_logger][INFO] - Val memory reserved: 40.00 MB
2026-06-23 23:13:17 - finetune_logger - INFO - Val memory allocated: 21.01 MB
[2026-06-23 23:13:17,707][finetune_logger][INFO] - Val memory allocated: 21.01 MB
2026-06-23 23:13:17 - finetune_logger - INFO - Logged epoch 10 info to /public/home/202411094934/python_project/Spatio-Temporal-Library/time-series/2026-06-23/autoformer/finetune20/weather/time-series/seed_1/training_log.json
[2026-06-23 23:13:17,710][finetune_logger][INFO] - Logged epoch 10 info to /public/home/202411094934/python_project/Spatio-Temporal-Library/time-series/2026-06-23/autoformer/finetune20/weather/time-series/seed_1/training_log.json
2026-06-23 23:17:46 - finetune_logger - INFO - Test metrics: {'MAE': 22.027371559365722, 'RMSE': 61.355078794472846}
[2026-06-23 23:17:46,274][finetune_logger][INFO] - Test metrics: {'MAE': 22.027371559365722, 'RMSE': 61.355078794472846}
2026-06-23 23:17:46 - finetune_logger - INFO - Test time: 268.54s
[2026-06-23 23:17:46,275][finetune_logger][INFO] - Test time: 268.54s
2026-06-23 23:17:46 - finetune_logger - INFO - Test memory reserved: 40.00 MB
[2026-06-23 23:17:46,275][finetune_logger][INFO] - Test memory reserved: 40.00 MB
2026-06-23 23:17:46 - finetune_logger - INFO - Test memory allocated: 21.01 MB
[2026-06-23 23:17:46,275][finetune_logger][INFO] - Test memory allocated: 21.01 MB
2026-06-23 23:17:46 - finetune_logger - INFO - Epoch 11/20
[2026-06-23 23:17:46,275][finetune_logger][INFO] - Epoch 11/20
2026-06-24 00:02:08 - finetune_logger - INFO - Train loss: 24.22779901974281
[2026-06-24 00:02:08,364][finetune_logger][INFO] - Train loss: 24.22779901974281
2026-06-24 00:02:08 - finetune_logger - INFO - Train time: 2662.08793258667s
[2026-06-24 00:02:08,364][finetune_logger][INFO] - Train time: 2662.08793258667s
2026-06-24 00:02:08 - finetune_logger - INFO - Train memory reserved: 40.00 MB
[2026-06-24 00:02:08,364][finetune_logger][INFO] - Train memory reserved: 40.00 MB
2026-06-24 00:02:08 - finetune_logger - INFO - Train memory allocated: 21.01 MB
[2026-06-24 00:02:08,364][finetune_logger][INFO] - Train memory allocated: 21.01 MB
2026-06-24 00:02:08 - finetune_logger - INFO - Current learning rate: 0.00025
[2026-06-24 00:02:08,364][finetune_logger][INFO] - Current learning rate: 0.00025
2026-06-24 00:04:19 - finetune_logger - INFO - Validation metrics: {'MAE': 28.657876219366955, 'RMSE': 89.82964971867189}
[2026-06-24 00:04:19,713][finetune_logger][INFO] - Validation metrics: {'MAE': 28.657876219366955, 'RMSE': 89.82964971867189}
2026-06-24 00:04:19 - finetune_logger - INFO - Val time: 131.35s
[2026-06-24 00:04:19,713][finetune_logger][INFO] - Val time: 131.35s
2026-06-24 00:04:19 - finetune_logger - INFO - Val memory reserved: 40.00 MB
[2026-06-24 00:04:19,713][finetune_logger][INFO] - Val memory reserved: 40.00 MB
2026-06-24 00:04:19 - finetune_logger - INFO - Val memory allocated: 21.01 MB
[2026-06-24 00:04:19,713][finetune_logger][INFO] - Val memory allocated: 21.01 MB
2026-06-24 00:04:19 - finetune_logger - INFO - Logged epoch 11 info to /public/home/202411094934/python_project/Spatio-Temporal-Library/time-series/2026-06-23/autoformer/finetune20/weather/time-series/seed_1/training_log.json
[2026-06-24 00:04:19,716][finetune_logger][INFO] - Logged epoch 11 info to /public/home/202411094934/python_project/Spatio-Temporal-Library/time-series/2026-06-23/autoformer/finetune20/weather/time-series/seed_1/training_log.json
2026-06-24 00:08:48 - finetune_logger - INFO - Test metrics: {'MAE': 22.149975630445383, 'RMSE': 61.03525186834441}
[2026-06-24 00:08:48,277][finetune_logger][INFO] - Test metrics: {'MAE': 22.149975630445383, 'RMSE': 61.03525186834441}
2026-06-24 00:08:48 - finetune_logger - INFO - Test time: 268.56s
[2026-06-24 00:08:48,278][finetune_logger][INFO] - Test time: 268.56s
2026-06-24 00:08:48 - finetune_logger - INFO - Test memory reserved: 40.00 MB
[2026-06-24 00:08:48,278][finetune_logger][INFO] - Test memory reserved: 40.00 MB
2026-06-24 00:08:48 - finetune_logger - INFO - Test memory allocated: 21.01 MB
[2026-06-24 00:08:48,278][finetune_logger][INFO] - Test memory allocated: 21.01 MB
2026-06-24 00:08:48 - finetune_logger - INFO - Epoch 12/20
[2026-06-24 00:08:48,278][finetune_logger][INFO] - Epoch 12/20
2026-06-24 00:53:09 - finetune_logger - INFO - Train loss: 24.012044219945793
[2026-06-24 00:53:09,898][finetune_logger][INFO] - Train loss: 24.012044219945793
2026-06-24 00:53:09 - finetune_logger - INFO - Train time: 2661.6193861961365s
[2026-06-24 00:53:09,899][finetune_logger][INFO] - Train time: 2661.6193861961365s
2026-06-24 00:53:09 - finetune_logger - INFO - Train memory reserved: 40.00 MB
[2026-06-24 00:53:09,899][finetune_logger][INFO] - Train memory reserved: 40.00 MB
2026-06-24 00:53:09 - finetune_logger - INFO - Train memory allocated: 21.01 MB
[2026-06-24 00:53:09,899][finetune_logger][INFO] - Train memory allocated: 21.01 MB
2026-06-24 00:53:09 - finetune_logger - INFO - Current learning rate: 0.00025
[2026-06-24 00:53:09,899][finetune_logger][INFO] - Current learning rate: 0.00025
2026-06-24 00:55:21 - finetune_logger - INFO - Validation metrics: {'MAE': 29.04913826791425, 'RMSE': 90.97549790426875}
[2026-06-24 00:55:21,146][finetune_logger][INFO] - Validation metrics: {'MAE': 29.04913826791425, 'RMSE': 90.97549790426875}
2026-06-24 00:55:21 - finetune_logger - INFO - Val time: 131.25s
[2026-06-24 00:55:21,146][finetune_logger][INFO] - Val time: 131.25s
2026-06-24 00:55:21 - finetune_logger - INFO - Val memory reserved: 40.00 MB
[2026-06-24 00:55:21,146][finetune_logger][INFO] - Val memory reserved: 40.00 MB
2026-06-24 00:55:21 - finetune_logger - INFO - Val memory allocated: 21.01 MB
[2026-06-24 00:55:21,147][finetune_logger][INFO] - Val memory allocated: 21.01 MB
2026-06-24 00:55:21 - finetune_logger - INFO - Logged epoch 12 info to /public/home/202411094934/python_project/Spatio-Temporal-Library/time-series/2026-06-23/autoformer/finetune20/weather/time-series/seed_1/training_log.json
[2026-06-24 00:55:21,150][finetune_logger][INFO] - Logged epoch 12 info to /public/home/202411094934/python_project/Spatio-Temporal-Library/time-series/2026-06-23/autoformer/finetune20/weather/time-series/seed_1/training_log.json
2026-06-24 00:59:50 - finetune_logger - INFO - Test metrics: {'MAE': 23.110740715494295, 'RMSE': 63.24023040396869}
[2026-06-24 00:59:50,256][finetune_logger][INFO] - Test metrics: {'MAE': 23.110740715494295, 'RMSE': 63.24023040396869}
2026-06-24 00:59:50 - finetune_logger - INFO - Test time: 269.11s
[2026-06-24 00:59:50,257][finetune_logger][INFO] - Test time: 269.11s
2026-06-24 00:59:50 - finetune_logger - INFO - Test memory reserved: 40.00 MB
[2026-06-24 00:59:50,257][finetune_logger][INFO] - Test memory reserved: 40.00 MB
2026-06-24 00:59:50 - finetune_logger - INFO - Test memory allocated: 21.01 MB
[2026-06-24 00:59:50,257][finetune_logger][INFO] - Test memory allocated: 21.01 MB
2026-06-24 00:59:50 - finetune_logger - INFO - Epoch 13/20
[2026-06-24 00:59:50,257][finetune_logger][INFO] - Epoch 13/20
2026-06-24 01:44:10 - finetune_logger - INFO - Train loss: 23.846768735745755
[2026-06-24 01:44:10,293][finetune_logger][INFO] - Train loss: 23.846768735745755
2026-06-24 01:44:10 - finetune_logger - INFO - Train time: 2660.035793066025s
[2026-06-24 01:44:10,294][finetune_logger][INFO] - Train time: 2660.035793066025s
2026-06-24 01:44:10 - finetune_logger - INFO - Train memory reserved: 40.00 MB
[2026-06-24 01:44:10,294][finetune_logger][INFO] - Train memory reserved: 40.00 MB
2026-06-24 01:44:10 - finetune_logger - INFO - Train memory allocated: 21.01 MB
[2026-06-24 01:44:10,294][finetune_logger][INFO] - Train memory allocated: 21.01 MB
2026-06-24 01:44:10 - finetune_logger - INFO - Current learning rate: 0.00025
[2026-06-24 01:44:10,294][finetune_logger][INFO] - Current learning rate: 0.00025
2026-06-24 01:46:21 - finetune_logger - INFO - Validation metrics: {'MAE': 28.311508565962722, 'RMSE': 88.45248692074611}
[2026-06-24 01:46:21,186][finetune_logger][INFO] - Validation metrics: {'MAE': 28.311508565962722, 'RMSE': 88.45248692074611}
2026-06-24 01:46:21 - finetune_logger - INFO - Val time: 130.89s
[2026-06-24 01:46:21,186][finetune_logger][INFO] - Val time: 130.89s
2026-06-24 01:46:21 - finetune_logger - INFO - Val memory reserved: 40.00 MB
[2026-06-24 01:46:21,186][finetune_logger][INFO] - Val memory reserved: 40.00 MB
2026-06-24 01:46:21 - finetune_logger - INFO - Val memory allocated: 21.01 MB
[2026-06-24 01:46:21,186][finetune_logger][INFO] - Val memory allocated: 21.01 MB
2026-06-24 01:46:21 - finetune_logger - INFO - Logged epoch 13 info to /public/home/202411094934/python_project/Spatio-Temporal-Library/time-series/2026-06-23/autoformer/finetune20/weather/time-series/seed_1/training_log.json
[2026-06-24 01:46:21,191][finetune_logger][INFO] - Logged epoch 13 info to /public/home/202411094934/python_project/Spatio-Temporal-Library/time-series/2026-06-23/autoformer/finetune20/weather/time-series/seed_1/training_log.json
2026-06-24 01:46:21 - finetune_logger - INFO - New best model! Val loss: 28.311509
[2026-06-24 01:46:21,191][finetune_logger][INFO] - New best model! Val loss: 28.311509
2026-06-24 01:50:49 - finetune_logger - INFO - Test metrics: {'MAE': 22.61710732376096, 'RMSE': 62.20222737002128}
[2026-06-24 01:50:49,885][finetune_logger][INFO] - Test metrics: {'MAE': 22.61710732376096, 'RMSE': 62.20222737002128}
2026-06-24 01:50:49 - finetune_logger - INFO - Test time: 268.64s
[2026-06-24 01:50:49,886][finetune_logger][INFO] - Test time: 268.64s
2026-06-24 01:50:49 - finetune_logger - INFO - Test memory reserved: 40.00 MB
[2026-06-24 01:50:49,886][finetune_logger][INFO] - Test memory reserved: 40.00 MB
2026-06-24 01:50:49 - finetune_logger - INFO - Test memory allocated: 21.01 MB
[2026-06-24 01:50:49,886][finetune_logger][INFO] - Test memory allocated: 21.01 MB
2026-06-24 01:50:49 - finetune_logger - INFO - Epoch 14/20
[2026-06-24 01:50:49,886][finetune_logger][INFO] - Epoch 14/20
2026-06-24 02:35:08 - finetune_logger - INFO - Train loss: 23.7509934829816
[2026-06-24 02:35:08,887][finetune_logger][INFO] - Train loss: 23.7509934829816
2026-06-24 02:35:08 - finetune_logger - INFO - Train time: 2659.0001022815704s
[2026-06-24 02:35:08,887][finetune_logger][INFO] - Train time: 2659.0001022815704s
2026-06-24 02:35:08 - finetune_logger - INFO - Train memory reserved: 40.00 MB
[2026-06-24 02:35:08,887][finetune_logger][INFO] - Train memory reserved: 40.00 MB
2026-06-24 02:35:08 - finetune_logger - INFO - Train memory allocated: 21.01 MB
[2026-06-24 02:35:08,887][finetune_logger][INFO] - Train memory allocated: 21.01 MB
2026-06-24 02:35:08 - finetune_logger - INFO - Current learning rate: 0.00025
[2026-06-24 02:35:08,887][finetune_logger][INFO] - Current learning rate: 0.00025
2026-06-24 02:37:20 - finetune_logger - INFO - Validation metrics: {'MAE': 28.34946477864905, 'RMSE': 88.86203870480418}
[2026-06-24 02:37:20,462][finetune_logger][INFO] - Validation metrics: {'MAE': 28.34946477864905, 'RMSE': 88.86203870480418}
2026-06-24 02:37:20 - finetune_logger - INFO - Val time: 131.57s
[2026-06-24 02:37:20,462][finetune_logger][INFO] - Val time: 131.57s
2026-06-24 02:37:20 - finetune_logger - INFO - Val memory reserved: 40.00 MB
[2026-06-24 02:37:20,462][finetune_logger][INFO] - Val memory reserved: 40.00 MB
2026-06-24 02:37:20 - finetune_logger - INFO - Val memory allocated: 21.01 MB
[2026-06-24 02:37:20,463][finetune_logger][INFO] - Val memory allocated: 21.01 MB
2026-06-24 02:37:20 - finetune_logger - INFO - Logged epoch 14 info to /public/home/202411094934/python_project/Spatio-Temporal-Library/time-series/2026-06-23/autoformer/finetune20/weather/time-series/seed_1/training_log.json
[2026-06-24 02:37:20,466][finetune_logger][INFO] - Logged epoch 14 info to /public/home/202411094934/python_project/Spatio-Temporal-Library/time-series/2026-06-23/autoformer/finetune20/weather/time-series/seed_1/training_log.json
2026-06-24 02:41:49 - finetune_logger - INFO - Test metrics: {'MAE': 22.534583689068683, 'RMSE': 61.9467491229644}
[2026-06-24 02:41:49,744][finetune_logger][INFO] - Test metrics: {'MAE': 22.534583689068683, 'RMSE': 61.9467491229644}
2026-06-24 02:41:49 - finetune_logger - INFO - Test time: 269.28s
[2026-06-24 02:41:49,744][finetune_logger][INFO] - Test time: 269.28s
2026-06-24 02:41:49 - finetune_logger - INFO - Test memory reserved: 40.00 MB
[2026-06-24 02:41:49,744][finetune_logger][INFO] - Test memory reserved: 40.00 MB
2026-06-24 02:41:49 - finetune_logger - INFO - Test memory allocated: 21.01 MB
[2026-06-24 02:41:49,745][finetune_logger][INFO] - Test memory allocated: 21.01 MB
2026-06-24 02:41:49 - finetune_logger - INFO - Epoch 15/20
[2026-06-24 02:41:49,745][finetune_logger][INFO] - Epoch 15/20
2026-06-24 03:25:39 - finetune_logger - INFO - Train loss: 23.623907805009797
[2026-06-24 03:25:39,666][finetune_logger][INFO] - Train loss: 23.623907805009797
2026-06-24 03:25:39 - finetune_logger - INFO - Train time: 2629.92080783844s
[2026-06-24 03:25:39,666][finetune_logger][INFO] - Train time: 2629.92080783844s
2026-06-24 03:25:39 - finetune_logger - INFO - Train memory reserved: 40.00 MB
[2026-06-24 03:25:39,666][finetune_logger][INFO] - Train memory reserved: 40.00 MB
2026-06-24 03:25:39 - finetune_logger - INFO - Train memory allocated: 21.01 MB
[2026-06-24 03:25:39,666][finetune_logger][INFO] - Train memory allocated: 21.01 MB
2026-06-24 03:25:39 - finetune_logger - INFO - Current learning rate: 0.00025
[2026-06-24 03:25:39,666][finetune_logger][INFO] - Current learning rate: 0.00025
2026-06-24 03:27:50 - finetune_logger - INFO - Validation metrics: {'MAE': 29.054198994311125, 'RMSE': 91.3735824892326}
[2026-06-24 03:27:50,767][finetune_logger][INFO] - Validation metrics: {'MAE': 29.054198994311125, 'RMSE': 91.3735824892326}
2026-06-24 03:27:50 - finetune_logger - INFO - Val time: 131.10s
[2026-06-24 03:27:50,767][finetune_logger][INFO] - Val time: 131.10s
2026-06-24 03:27:50 - finetune_logger - INFO - Val memory reserved: 40.00 MB
[2026-06-24 03:27:50,767][finetune_logger][INFO] - Val memory reserved: 40.00 MB
2026-06-24 03:27:50 - finetune_logger - INFO - Val memory allocated: 21.01 MB
[2026-06-24 03:27:50,767][finetune_logger][INFO] - Val memory allocated: 21.01 MB
2026-06-24 03:27:50 - finetune_logger - INFO - Logged epoch 15 info to /public/home/202411094934/python_project/Spatio-Temporal-Library/time-series/2026-06-23/autoformer/finetune20/weather/time-series/seed_1/training_log.json
[2026-06-24 03:27:50,771][finetune_logger][INFO] - Logged epoch 15 info to /public/home/202411094934/python_project/Spatio-Temporal-Library/time-series/2026-06-23/autoformer/finetune20/weather/time-series/seed_1/training_log.json
2026-06-24 03:32:19 - finetune_logger - INFO - Test metrics: {'MAE': 23.628601050481276, 'RMSE': 64.81964215662026}
[2026-06-24 03:32:19,396][finetune_logger][INFO] - Test metrics: {'MAE': 23.628601050481276, 'RMSE': 64.81964215662026}
2026-06-24 03:32:19 - finetune_logger - INFO - Test time: 268.63s
[2026-06-24 03:32:19,397][finetune_logger][INFO] - Test time: 268.63s
2026-06-24 03:32:19 - finetune_logger - INFO - Test memory reserved: 40.00 MB
[2026-06-24 03:32:19,397][finetune_logger][INFO] - Test memory reserved: 40.00 MB
2026-06-24 03:32:19 - finetune_logger - INFO - Test memory allocated: 21.01 MB
[2026-06-24 03:32:19,397][finetune_logger][INFO] - Test memory allocated: 21.01 MB
2026-06-24 03:32:19 - finetune_logger - INFO - Epoch 16/20
[2026-06-24 03:32:19,397][finetune_logger][INFO] - Epoch 16/20
2026-06-24 04:16:23 - finetune_logger - INFO - Train loss: 23.502369946906587
[2026-06-24 04:16:23,215][finetune_logger][INFO] - Train loss: 23.502369946906587
2026-06-24 04:16:23 - finetune_logger - INFO - Train time: 2643.816919326782s
[2026-06-24 04:16:23,215][finetune_logger][INFO] - Train time: 2643.816919326782s
2026-06-24 04:16:23 - finetune_logger - INFO - Train memory reserved: 40.00 MB
[2026-06-24 04:16:23,215][finetune_logger][INFO] - Train memory reserved: 40.00 MB
2026-06-24 04:16:23 - finetune_logger - INFO - Train memory allocated: 21.01 MB
[2026-06-24 04:16:23,215][finetune_logger][INFO] - Train memory allocated: 21.01 MB
2026-06-24 04:16:23 - finetune_logger - INFO - Current learning rate: 0.00025
[2026-06-24 04:16:23,216][finetune_logger][INFO] - Current learning rate: 0.00025
2026-06-24 04:18:34 - finetune_logger - INFO - Validation metrics: {'MAE': 29.96624076114399, 'RMSE': 94.15838366045497}
[2026-06-24 04:18:34,412][finetune_logger][INFO] - Validation metrics: {'MAE': 29.96624076114399, 'RMSE': 94.15838366045497}
2026-06-24 04:18:34 - finetune_logger - INFO - Val time: 131.20s
[2026-06-24 04:18:34,412][finetune_logger][INFO] - Val time: 131.20s
2026-06-24 04:18:34 - finetune_logger - INFO - Val memory reserved: 40.00 MB
[2026-06-24 04:18:34,413][finetune_logger][INFO] - Val memory reserved: 40.00 MB
2026-06-24 04:18:34 - finetune_logger - INFO - Val memory allocated: 21.01 MB
[2026-06-24 04:18:34,413][finetune_logger][INFO] - Val memory allocated: 21.01 MB
2026-06-24 04:18:34 - finetune_logger - INFO - Logged epoch 16 info to /public/home/202411094934/python_project/Spatio-Temporal-Library/time-series/2026-06-23/autoformer/finetune20/weather/time-series/seed_1/training_log.json
[2026-06-24 04:18:34,416][finetune_logger][INFO] - Logged epoch 16 info to /public/home/202411094934/python_project/Spatio-Temporal-Library/time-series/2026-06-23/autoformer/finetune20/weather/time-series/seed_1/training_log.json
2026-06-24 04:23:03 - finetune_logger - INFO - Test metrics: {'MAE': 25.012353729541243, 'RMSE': 68.11682353040558}
[2026-06-24 04:23:03,242][finetune_logger][INFO] - Test metrics: {'MAE': 25.012353729541243, 'RMSE': 68.11682353040558}
2026-06-24 04:23:03 - finetune_logger - INFO - Test time: 268.83s
[2026-06-24 04:23:03,242][finetune_logger][INFO] - Test time: 268.83s
2026-06-24 04:23:03 - finetune_logger - INFO - Test memory reserved: 40.00 MB
[2026-06-24 04:23:03,243][finetune_logger][INFO] - Test memory reserved: 40.00 MB
2026-06-24 04:23:03 - finetune_logger - INFO - Test memory allocated: 21.01 MB
[2026-06-24 04:23:03,243][finetune_logger][INFO] - Test memory allocated: 21.01 MB
2026-06-24 04:23:03 - finetune_logger - INFO - Epoch 17/20
[2026-06-24 04:23:03,243][finetune_logger][INFO] - Epoch 17/20
2026-06-24 05:07:24 - finetune_logger - INFO - Train loss: 23.429773337795687
[2026-06-24 05:07:24,409][finetune_logger][INFO] - Train loss: 23.429773337795687
2026-06-24 05:07:24 - finetune_logger - INFO - Train time: 2661.1659541130066s
[2026-06-24 05:07:24,410][finetune_logger][INFO] - Train time: 2661.1659541130066s
2026-06-24 05:07:24 - finetune_logger - INFO - Train memory reserved: 40.00 MB
[2026-06-24 05:07:24,410][finetune_logger][INFO] - Train memory reserved: 40.00 MB
2026-06-24 05:07:24 - finetune_logger - INFO - Train memory allocated: 21.01 MB
[2026-06-24 05:07:24,410][finetune_logger][INFO] - Train memory allocated: 21.01 MB
2026-06-24 05:07:24 - finetune_logger - INFO - Current learning rate: 0.00025
[2026-06-24 05:07:24,410][finetune_logger][INFO] - Current learning rate: 0.00025
2026-06-24 05:09:35 - finetune_logger - INFO - Validation metrics: {'MAE': 29.39010303107012, 'RMSE': 93.4527644114417}
[2026-06-24 05:09:35,463][finetune_logger][INFO] - Validation metrics: {'MAE': 29.39010303107012, 'RMSE': 93.4527644114417}
2026-06-24 05:09:35 - finetune_logger - INFO - Val time: 131.05s
[2026-06-24 05:09:35,464][finetune_logger][INFO] - Val time: 131.05s
2026-06-24 05:09:35 - finetune_logger - INFO - Val memory reserved: 40.00 MB
[2026-06-24 05:09:35,464][finetune_logger][INFO] - Val memory reserved: 40.00 MB
2026-06-24 05:09:35 - finetune_logger - INFO - Val memory allocated: 21.01 MB
[2026-06-24 05:09:35,464][finetune_logger][INFO] - Val memory allocated: 21.01 MB
2026-06-24 05:09:35 - finetune_logger - INFO - Logged epoch 17 info to /public/home/202411094934/python_project/Spatio-Temporal-Library/time-series/2026-06-23/autoformer/finetune20/weather/time-series/seed_1/training_log.json
[2026-06-24 05:09:35,467][finetune_logger][INFO] - Logged epoch 17 info to /public/home/202411094934/python_project/Spatio-Temporal-Library/time-series/2026-06-23/autoformer/finetune20/weather/time-series/seed_1/training_log.json
2026-06-24 05:14:04 - finetune_logger - INFO - Test metrics: {'MAE': 23.659544074355754, 'RMSE': 65.34958013090325}
[2026-06-24 05:14:04,491][finetune_logger][INFO] - Test metrics: {'MAE': 23.659544074355754, 'RMSE': 65.34958013090325}
2026-06-24 05:14:04 - finetune_logger - INFO - Test time: 269.02s
[2026-06-24 05:14:04,491][finetune_logger][INFO] - Test time: 269.02s
2026-06-24 05:14:04 - finetune_logger - INFO - Test memory reserved: 40.00 MB
[2026-06-24 05:14:04,491][finetune_logger][INFO] - Test memory reserved: 40.00 MB
2026-06-24 05:14:04 - finetune_logger - INFO - Test memory allocated: 21.01 MB
[2026-06-24 05:14:04,491][finetune_logger][INFO] - Test memory allocated: 21.01 MB
2026-06-24 05:14:04 - finetune_logger - INFO - Epoch 18/20
[2026-06-24 05:14:04,491][finetune_logger][INFO] - Epoch 18/20
2026-06-24 05:58:22 - finetune_logger - INFO - Train loss: 23.33841575105827
[2026-06-24 05:58:22,146][finetune_logger][INFO] - Train loss: 23.33841575105827
2026-06-24 05:58:22 - finetune_logger - INFO - Train time: 2657.654261827469s
[2026-06-24 05:58:22,147][finetune_logger][INFO] - Train time: 2657.654261827469s
2026-06-24 05:58:22 - finetune_logger - INFO - Train memory reserved: 40.00 MB
[2026-06-24 05:58:22,147][finetune_logger][INFO] - Train memory reserved: 40.00 MB
2026-06-24 05:58:22 - finetune_logger - INFO - Train memory allocated: 21.01 MB
[2026-06-24 05:58:22,147][finetune_logger][INFO] - Train memory allocated: 21.01 MB
2026-06-24 05:58:22 - finetune_logger - INFO - Current learning rate: 0.00025
[2026-06-24 05:58:22,147][finetune_logger][INFO] - Current learning rate: 0.00025
2026-06-24 06:00:33 - finetune_logger - INFO - Validation metrics: {'MAE': 28.844490270002023, 'RMSE': 90.61896059129842}
[2026-06-24 06:00:33,520][finetune_logger][INFO] - Validation metrics: {'MAE': 28.844490270002023, 'RMSE': 90.61896059129842}
2026-06-24 06:00:33 - finetune_logger - INFO - Val time: 131.37s
[2026-06-24 06:00:33,520][finetune_logger][INFO] - Val time: 131.37s
2026-06-24 06:00:33 - finetune_logger - INFO - Val memory reserved: 40.00 MB
[2026-06-24 06:00:33,521][finetune_logger][INFO] - Val memory reserved: 40.00 MB
2026-06-24 06:00:33 - finetune_logger - INFO - Val memory allocated: 21.01 MB
[2026-06-24 06:00:33,521][finetune_logger][INFO] - Val memory allocated: 21.01 MB
2026-06-24 06:00:33 - finetune_logger - INFO - Logged epoch 18 info to /public/home/202411094934/python_project/Spatio-Temporal-Library/time-series/2026-06-23/autoformer/finetune20/weather/time-series/seed_1/training_log.json
[2026-06-24 06:00:33,524][finetune_logger][INFO] - Logged epoch 18 info to /public/home/202411094934/python_project/Spatio-Temporal-Library/time-series/2026-06-23/autoformer/finetune20/weather/time-series/seed_1/training_log.json
2026-06-24 06:05:01 - finetune_logger - INFO - Test metrics: {'MAE': 23.421130580559073, 'RMSE': 64.07995399360105}
[2026-06-24 06:05:01,821][finetune_logger][INFO] - Test metrics: {'MAE': 23.421130580559073, 'RMSE': 64.07995399360105}
2026-06-24 06:05:01 - finetune_logger - INFO - Test time: 268.30s
[2026-06-24 06:05:01,821][finetune_logger][INFO] - Test time: 268.30s
2026-06-24 06:05:01 - finetune_logger - INFO - Test memory reserved: 40.00 MB
[2026-06-24 06:05:01,821][finetune_logger][INFO] - Test memory reserved: 40.00 MB
2026-06-24 06:05:01 - finetune_logger - INFO - Test memory allocated: 21.01 MB
[2026-06-24 06:05:01,821][finetune_logger][INFO] - Test memory allocated: 21.01 MB
2026-06-24 06:05:01 - finetune_logger - INFO - Epoch 19/20
[2026-06-24 06:05:01,821][finetune_logger][INFO] - Epoch 19/20
2026-06-24 06:49:24 - finetune_logger - INFO - Train loss: 23.26435020532804
[2026-06-24 06:49:24,537][finetune_logger][INFO] - Train loss: 23.26435020532804
2026-06-24 06:49:24 - finetune_logger - INFO - Train time: 2662.715405225754s
[2026-06-24 06:49:24,538][finetune_logger][INFO] - Train time: 2662.715405225754s
2026-06-24 06:49:24 - finetune_logger - INFO - Train memory reserved: 40.00 MB
[2026-06-24 06:49:24,538][finetune_logger][INFO] - Train memory reserved: 40.00 MB
2026-06-24 06:49:24 - finetune_logger - INFO - Train memory allocated: 21.01 MB
[2026-06-24 06:49:24,538][finetune_logger][INFO] - Train memory allocated: 21.01 MB
2026-06-24 06:49:24 - finetune_logger - INFO - Current learning rate: 0.00025
[2026-06-24 06:49:24,538][finetune_logger][INFO] - Current learning rate: 0.00025
2026-06-24 06:51:35 - finetune_logger - INFO - Validation metrics: {'MAE': 28.106020845071484, 'RMSE': 87.8162159297773}
[2026-06-24 06:51:35,531][finetune_logger][INFO] - Validation metrics: {'MAE': 28.106020845071484, 'RMSE': 87.8162159297773}
2026-06-24 06:51:35 - finetune_logger - INFO - Val time: 130.99s
[2026-06-24 06:51:35,531][finetune_logger][INFO] - Val time: 130.99s
2026-06-24 06:51:35 - finetune_logger - INFO - Val memory reserved: 40.00 MB
[2026-06-24 06:51:35,532][finetune_logger][INFO] - Val memory reserved: 40.00 MB
2026-06-24 06:51:35 - finetune_logger - INFO - Val memory allocated: 21.01 MB
[2026-06-24 06:51:35,532][finetune_logger][INFO] - Val memory allocated: 21.01 MB
2026-06-24 06:51:35 - finetune_logger - INFO - Logged epoch 19 info to /public/home/202411094934/python_project/Spatio-Temporal-Library/time-series/2026-06-23/autoformer/finetune20/weather/time-series/seed_1/training_log.json
[2026-06-24 06:51:35,537][finetune_logger][INFO] - Logged epoch 19 info to /public/home/202411094934/python_project/Spatio-Temporal-Library/time-series/2026-06-23/autoformer/finetune20/weather/time-series/seed_1/training_log.json
2026-06-24 06:51:35 - finetune_logger - INFO - New best model! Val loss: 28.106021
[2026-06-24 06:51:35,537][finetune_logger][INFO] - New best model! Val loss: 28.106021
2026-06-24 06:56:05 - finetune_logger - INFO - Test metrics: {'MAE': 22.24513860849957, 'RMSE': 61.3539799270666}
[2026-06-24 06:56:05,012][finetune_logger][INFO] - Test metrics: {'MAE': 22.24513860849957, 'RMSE': 61.3539799270666}
2026-06-24 06:56:05 - finetune_logger - INFO - Test time: 269.42s
[2026-06-24 06:56:05,012][finetune_logger][INFO] - Test time: 269.42s
2026-06-24 06:56:05 - finetune_logger - INFO - Test memory reserved: 40.00 MB
[2026-06-24 06:56:05,012][finetune_logger][INFO] - Test memory reserved: 40.00 MB
2026-06-24 06:56:05 - finetune_logger - INFO - Test memory allocated: 21.01 MB
[2026-06-24 06:56:05,012][finetune_logger][INFO] - Test memory allocated: 21.01 MB
2026-06-24 06:56:05 - finetune_logger - INFO - Epoch 20/20
[2026-06-24 06:56:05,013][finetune_logger][INFO] - Epoch 20/20
2026-06-24 07:40:14 - finetune_logger - INFO - Train loss: 23.175508181753102
[2026-06-24 07:40:14,920][finetune_logger][INFO] - Train loss: 23.175508181753102
2026-06-24 07:40:14 - finetune_logger - INFO - Train time: 2649.9065401554108s
[2026-06-24 07:40:14,920][finetune_logger][INFO] - Train time: 2649.9065401554108s
2026-06-24 07:40:14 - finetune_logger - INFO - Train memory reserved: 40.00 MB
[2026-06-24 07:40:14,920][finetune_logger][INFO] - Train memory reserved: 40.00 MB
2026-06-24 07:40:14 - finetune_logger - INFO - Train memory allocated: 21.01 MB
[2026-06-24 07:40:14,920][finetune_logger][INFO] - Train memory allocated: 21.01 MB
2026-06-24 07:40:14 - finetune_logger - INFO - Current learning rate: 0.00025
[2026-06-24 07:40:14,920][finetune_logger][INFO] - Current learning rate: 0.00025
2026-06-24 07:42:25 - finetune_logger - INFO - Validation metrics: {'MAE': 29.235762603357923, 'RMSE': 90.80880376795261}
[2026-06-24 07:42:25,772][finetune_logger][INFO] - Validation metrics: {'MAE': 29.235762603357923, 'RMSE': 90.80880376795261}
2026-06-24 07:42:25 - finetune_logger - INFO - Val time: 130.85s
[2026-06-24 07:42:25,772][finetune_logger][INFO] - Val time: 130.85s
2026-06-24 07:42:25 - finetune_logger - INFO - Val memory reserved: 40.00 MB
[2026-06-24 07:42:25,772][finetune_logger][INFO] - Val memory reserved: 40.00 MB
2026-06-24 07:42:25 - finetune_logger - INFO - Val memory allocated: 21.01 MB
[2026-06-24 07:42:25,772][finetune_logger][INFO] - Val memory allocated: 21.01 MB
2026-06-24 07:42:25 - finetune_logger - INFO - Logged epoch 20 info to /public/home/202411094934/python_project/Spatio-Temporal-Library/time-series/2026-06-23/autoformer/finetune20/weather/time-series/seed_1/training_log.json
[2026-06-24 07:42:25,777][finetune_logger][INFO] - Logged epoch 20 info to /public/home/202411094934/python_project/Spatio-Temporal-Library/time-series/2026-06-23/autoformer/finetune20/weather/time-series/seed_1/training_log.json
2026-06-24 07:46:53 - finetune_logger - INFO - Test metrics: {'MAE': 25.326153099252842, 'RMSE': 68.74487889187505}
[2026-06-24 07:46:53,947][finetune_logger][INFO] - Test metrics: {'MAE': 25.326153099252842, 'RMSE': 68.74487889187505}
2026-06-24 07:46:53 - finetune_logger - INFO - Test time: 268.14s
[2026-06-24 07:46:53,947][finetune_logger][INFO] - Test time: 268.14s
2026-06-24 07:46:53 - finetune_logger - INFO - Test memory reserved: 40.00 MB
[2026-06-24 07:46:53,947][finetune_logger][INFO] - Test memory reserved: 40.00 MB
2026-06-24 07:46:53 - finetune_logger - INFO - Test memory allocated: 21.01 MB
[2026-06-24 07:46:53,948][finetune_logger][INFO] - Test memory allocated: 21.01 MB
2026-06-24 07:46:53 - finetune_logger - INFO - Training completed. Best epoch: 19, Best val loss: 28.106021
[2026-06-24 07:46:53,948][finetune_logger][INFO] - Training completed. Best epoch: 19, Best val loss: 28.106021
2026-06-24 07:46:53 - finetune_logger - INFO - Loaded checkpoint from epoch 19
[2026-06-24 07:46:53,987][finetune_logger][INFO] - Loaded checkpoint from epoch 19
2026-06-24 07:46:53 - finetune_logger - INFO - Evaluating best model on test sets...
[2026-06-24 07:46:53,987][finetune_logger][INFO] - Evaluating best model on test sets...
2026-06-24 07:51:19 - finetune_logger - INFO - Test metrics: {'MAE': 22.24513860849957, 'RMSE': 61.3539799270666}
[2026-06-24 07:51:19,914][finetune_logger][INFO] - Test metrics: {'MAE': 22.24513860849957, 'RMSE': 61.3539799270666}
2026-06-24 07:51:19 - finetune_logger - INFO - Test time: 265.93s
[2026-06-24 07:51:19,915][finetune_logger][INFO] - Test time: 265.93s
2026-06-24 07:51:19 - finetune_logger - INFO - Test memory reserved: 60.00 MB
[2026-06-24 07:51:19,915][finetune_logger][INFO] - Test memory reserved: 60.00 MB
2026-06-24 07:51:19 - finetune_logger - INFO - Test memory allocated: 21.04 MB
[2026-06-24 07:51:19,915][finetune_logger][INFO] - Test memory allocated: 21.04 MB
2026-06-24 07:51:19 - finetune_logger - INFO - Logged epoch test info to /public/home/202411094934/python_project/Spatio-Temporal-Library/time-series/2026-06-23/autoformer/finetune20/weather/time-series/seed_1/training_log.json
[2026-06-24 07:51:19,919][finetune_logger][INFO] - Logged epoch test info to /public/home/202411094934/python_project/Spatio-Temporal-Library/time-series/2026-06-23/autoformer/finetune20/weather/time-series/seed_1/training_log.json
