2026-06-16 05:07:43 - finetune_logger - INFO - Loaded pretrained checkpoint from: /public/home/202411094934/python_project/Spatio-Temporal-Library/time-series/2026-06-16/itransformer/pretrain10/exchange_rate/time-series/seed_2/jepa_pretrain_epoch_10.pth
Missing keys: []
Unexpected keys: []
[2026-06-16 05:07:43,203][finetune_logger][INFO] - Loaded pretrained checkpoint from: /public/home/202411094934/python_project/Spatio-Temporal-Library/time-series/2026-06-16/itransformer/pretrain10/exchange_rate/time-series/seed_2/jepa_pretrain_epoch_10.pth
Missing keys: []
Unexpected keys: []
2026-06-16 05:07:43 - finetune_logger - INFO - Model parameters: 158,912
[2026-06-16 05:07:43,206][finetune_logger][INFO] - Model parameters: 158,912
2026-06-16 05:07:43 - finetune_logger - INFO - Created new log file at /public/home/202411094934/python_project/Spatio-Temporal-Library/time-series/2026-06-16/itransformer/pretrain10_finetune10/exchange_rate/time-series/seed_2/training_log.json
[2026-06-16 05:07:43,209][finetune_logger][INFO] - Created new log file at /public/home/202411094934/python_project/Spatio-Temporal-Library/time-series/2026-06-16/itransformer/pretrain10_finetune10/exchange_rate/time-series/seed_2/training_log.json
2026-06-16 05:07:43 - finetune_logger - INFO - Starting training...
[2026-06-16 05:07:43,209][finetune_logger][INFO] - Starting training...
2026-06-16 05:07:43 - finetune_logger - INFO - Epoch 1/10
[2026-06-16 05:07:43,209][finetune_logger][INFO] - Epoch 1/10
2026-06-16 05:09:00 - finetune_logger - INFO - Train loss: 0.03494289996538245
[2026-06-16 05:09:00,763][finetune_logger][INFO] - Train loss: 0.03494289996538245
2026-06-16 05:09:00 - finetune_logger - INFO - Train time: 77.55369734764099s
[2026-06-16 05:09:00,764][finetune_logger][INFO] - Train time: 77.55369734764099s
2026-06-16 05:09:00 - finetune_logger - INFO - Train memory reserved: 24.00 MB
[2026-06-16 05:09:00,764][finetune_logger][INFO] - Train memory reserved: 24.00 MB
2026-06-16 05:09:00 - finetune_logger - INFO - Train memory allocated: 18.10 MB
[2026-06-16 05:09:00,764][finetune_logger][INFO] - Train memory allocated: 18.10 MB
2026-06-16 05:09:00 - finetune_logger - INFO - Current learning rate: 0.0005
[2026-06-16 05:09:00,764][finetune_logger][INFO] - Current learning rate: 0.0005
2026-06-16 05:09:04 - finetune_logger - INFO - Validation metrics: {'MAE': 0.02574410777405703, 'RMSE': 0.037936322831698725}
[2026-06-16 05:09:04,766][finetune_logger][INFO] - Validation metrics: {'MAE': 0.02574410777405703, 'RMSE': 0.037936322831698725}
2026-06-16 05:09:04 - finetune_logger - INFO - Val time: 4.00s
[2026-06-16 05:09:04,766][finetune_logger][INFO] - Val time: 4.00s
2026-06-16 05:09:04 - finetune_logger - INFO - Val memory reserved: 24.00 MB
[2026-06-16 05:09:04,766][finetune_logger][INFO] - Val memory reserved: 24.00 MB
2026-06-16 05:09:04 - finetune_logger - INFO - Val memory allocated: 18.10 MB
[2026-06-16 05:09:04,767][finetune_logger][INFO] - Val memory allocated: 18.10 MB
2026-06-16 05:09:04 - finetune_logger - INFO - Logged epoch 1 info to /public/home/202411094934/python_project/Spatio-Temporal-Library/time-series/2026-06-16/itransformer/pretrain10_finetune10/exchange_rate/time-series/seed_2/training_log.json
[2026-06-16 05:09:04,770][finetune_logger][INFO] - Logged epoch 1 info to /public/home/202411094934/python_project/Spatio-Temporal-Library/time-series/2026-06-16/itransformer/pretrain10_finetune10/exchange_rate/time-series/seed_2/training_log.json
2026-06-16 05:09:04 - finetune_logger - INFO - New best model! Val loss: 0.025744
[2026-06-16 05:09:04,770][finetune_logger][INFO] - New best model! Val loss: 0.025744
2026-06-16 05:09:13 - finetune_logger - INFO - Test metrics: {'MAE': 0.021879454351861356, 'RMSE': 0.03239970539307472}
[2026-06-16 05:09:13,628][finetune_logger][INFO] - Test metrics: {'MAE': 0.021879454351861356, 'RMSE': 0.03239970539307472}
2026-06-16 05:09:13 - finetune_logger - INFO - Test time: 8.81s
[2026-06-16 05:09:13,628][finetune_logger][INFO] - Test time: 8.81s
2026-06-16 05:09:13 - finetune_logger - INFO - Test memory reserved: 24.00 MB
[2026-06-16 05:09:13,628][finetune_logger][INFO] - Test memory reserved: 24.00 MB
2026-06-16 05:09:13 - finetune_logger - INFO - Test memory allocated: 18.10 MB
[2026-06-16 05:09:13,628][finetune_logger][INFO] - Test memory allocated: 18.10 MB
2026-06-16 05:09:13 - finetune_logger - INFO - Epoch 2/10
[2026-06-16 05:09:13,628][finetune_logger][INFO] - Epoch 2/10
2026-06-16 05:10:30 - finetune_logger - INFO - Train loss: 0.02393947338475024
[2026-06-16 05:10:30,882][finetune_logger][INFO] - Train loss: 0.02393947338475024
2026-06-16 05:10:30 - finetune_logger - INFO - Train time: 77.25293183326721s
[2026-06-16 05:10:30,882][finetune_logger][INFO] - Train time: 77.25293183326721s
2026-06-16 05:10:30 - finetune_logger - INFO - Train memory reserved: 24.00 MB
[2026-06-16 05:10:30,882][finetune_logger][INFO] - Train memory reserved: 24.00 MB
2026-06-16 05:10:30 - finetune_logger - INFO - Train memory allocated: 18.10 MB
[2026-06-16 05:10:30,882][finetune_logger][INFO] - Train memory allocated: 18.10 MB
2026-06-16 05:10:30 - finetune_logger - INFO - Current learning rate: 0.0005
[2026-06-16 05:10:30,882][finetune_logger][INFO] - Current learning rate: 0.0005
2026-06-16 05:10:34 - finetune_logger - INFO - Validation metrics: {'MAE': 0.02676894108970344, 'RMSE': 0.03958421529346618}
[2026-06-16 05:10:34,873][finetune_logger][INFO] - Validation metrics: {'MAE': 0.02676894108970344, 'RMSE': 0.03958421529346618}
2026-06-16 05:10:34 - finetune_logger - INFO - Val time: 3.99s
[2026-06-16 05:10:34,873][finetune_logger][INFO] - Val time: 3.99s
2026-06-16 05:10:34 - finetune_logger - INFO - Val memory reserved: 24.00 MB
[2026-06-16 05:10:34,873][finetune_logger][INFO] - Val memory reserved: 24.00 MB
2026-06-16 05:10:34 - finetune_logger - INFO - Val memory allocated: 18.10 MB
[2026-06-16 05:10:34,873][finetune_logger][INFO] - Val memory allocated: 18.10 MB
2026-06-16 05:10:34 - finetune_logger - INFO - Logged epoch 2 info to /public/home/202411094934/python_project/Spatio-Temporal-Library/time-series/2026-06-16/itransformer/pretrain10_finetune10/exchange_rate/time-series/seed_2/training_log.json
[2026-06-16 05:10:34,876][finetune_logger][INFO] - Logged epoch 2 info to /public/home/202411094934/python_project/Spatio-Temporal-Library/time-series/2026-06-16/itransformer/pretrain10_finetune10/exchange_rate/time-series/seed_2/training_log.json
2026-06-16 05:10:43 - finetune_logger - INFO - Test metrics: {'MAE': 0.022346066113537802, 'RMSE': 0.03239997802449593}
[2026-06-16 05:10:43,759][finetune_logger][INFO] - Test metrics: {'MAE': 0.022346066113537802, 'RMSE': 0.03239997802449593}
2026-06-16 05:10:43 - finetune_logger - INFO - Test time: 8.88s
[2026-06-16 05:10:43,760][finetune_logger][INFO] - Test time: 8.88s
2026-06-16 05:10:43 - finetune_logger - INFO - Test memory reserved: 24.00 MB
[2026-06-16 05:10:43,760][finetune_logger][INFO] - Test memory reserved: 24.00 MB
2026-06-16 05:10:43 - finetune_logger - INFO - Test memory allocated: 18.10 MB
[2026-06-16 05:10:43,760][finetune_logger][INFO] - Test memory allocated: 18.10 MB
2026-06-16 05:10:43 - finetune_logger - INFO - Epoch 3/10
[2026-06-16 05:10:43,760][finetune_logger][INFO] - Epoch 3/10
2026-06-16 05:12:01 - finetune_logger - INFO - Train loss: 0.023383342006311432
[2026-06-16 05:12:01,007][finetune_logger][INFO] - Train loss: 0.023383342006311432
2026-06-16 05:12:01 - finetune_logger - INFO - Train time: 77.24634170532227s
[2026-06-16 05:12:01,007][finetune_logger][INFO] - Train time: 77.24634170532227s
2026-06-16 05:12:01 - finetune_logger - INFO - Train memory reserved: 24.00 MB
[2026-06-16 05:12:01,007][finetune_logger][INFO] - Train memory reserved: 24.00 MB
2026-06-16 05:12:01 - finetune_logger - INFO - Train memory allocated: 18.10 MB
[2026-06-16 05:12:01,007][finetune_logger][INFO] - Train memory allocated: 18.10 MB
2026-06-16 05:12:01 - finetune_logger - INFO - Current learning rate: 0.0005
[2026-06-16 05:12:01,007][finetune_logger][INFO] - Current learning rate: 0.0005
2026-06-16 05:12:05 - finetune_logger - INFO - Validation metrics: {'MAE': 0.027221006163531094, 'RMSE': 0.03952938952218468}
[2026-06-16 05:12:05,027][finetune_logger][INFO] - Validation metrics: {'MAE': 0.027221006163531094, 'RMSE': 0.03952938952218468}
2026-06-16 05:12:05 - finetune_logger - INFO - Val time: 4.02s
[2026-06-16 05:12:05,027][finetune_logger][INFO] - Val time: 4.02s
2026-06-16 05:12:05 - finetune_logger - INFO - Val memory reserved: 24.00 MB
[2026-06-16 05:12:05,028][finetune_logger][INFO] - Val memory reserved: 24.00 MB
2026-06-16 05:12:05 - finetune_logger - INFO - Val memory allocated: 18.10 MB
[2026-06-16 05:12:05,028][finetune_logger][INFO] - Val memory allocated: 18.10 MB
2026-06-16 05:12:05 - finetune_logger - INFO - Logged epoch 3 info to /public/home/202411094934/python_project/Spatio-Temporal-Library/time-series/2026-06-16/itransformer/pretrain10_finetune10/exchange_rate/time-series/seed_2/training_log.json
[2026-06-16 05:12:05,031][finetune_logger][INFO] - Logged epoch 3 info to /public/home/202411094934/python_project/Spatio-Temporal-Library/time-series/2026-06-16/itransformer/pretrain10_finetune10/exchange_rate/time-series/seed_2/training_log.json
2026-06-16 05:12:13 - finetune_logger - INFO - Test metrics: {'MAE': 0.02184372749164861, 'RMSE': 0.03209165910397412}
[2026-06-16 05:12:13,821][finetune_logger][INFO] - Test metrics: {'MAE': 0.02184372749164861, 'RMSE': 0.03209165910397412}
2026-06-16 05:12:13 - finetune_logger - INFO - Test time: 8.79s
[2026-06-16 05:12:13,821][finetune_logger][INFO] - Test time: 8.79s
2026-06-16 05:12:13 - finetune_logger - INFO - Test memory reserved: 24.00 MB
[2026-06-16 05:12:13,821][finetune_logger][INFO] - Test memory reserved: 24.00 MB
2026-06-16 05:12:13 - finetune_logger - INFO - Test memory allocated: 18.10 MB
[2026-06-16 05:12:13,821][finetune_logger][INFO] - Test memory allocated: 18.10 MB
2026-06-16 05:12:13 - finetune_logger - INFO - Epoch 4/10
[2026-06-16 05:12:13,821][finetune_logger][INFO] - Epoch 4/10
2026-06-16 05:13:31 - finetune_logger - INFO - Train loss: 0.02274757597497447
[2026-06-16 05:13:31,089][finetune_logger][INFO] - Train loss: 0.02274757597497447
2026-06-16 05:13:31 - finetune_logger - INFO - Train time: 77.26741075515747s
[2026-06-16 05:13:31,089][finetune_logger][INFO] - Train time: 77.26741075515747s
2026-06-16 05:13:31 - finetune_logger - INFO - Train memory reserved: 24.00 MB
[2026-06-16 05:13:31,090][finetune_logger][INFO] - Train memory reserved: 24.00 MB
2026-06-16 05:13:31 - finetune_logger - INFO - Train memory allocated: 18.10 MB
[2026-06-16 05:13:31,090][finetune_logger][INFO] - Train memory allocated: 18.10 MB
2026-06-16 05:13:31 - finetune_logger - INFO - Current learning rate: 0.0005
[2026-06-16 05:13:31,090][finetune_logger][INFO] - Current learning rate: 0.0005
2026-06-16 05:13:35 - finetune_logger - INFO - Validation metrics: {'MAE': 0.027327021158061494, 'RMSE': 0.04033058198172573}
[2026-06-16 05:13:35,137][finetune_logger][INFO] - Validation metrics: {'MAE': 0.027327021158061494, 'RMSE': 0.04033058198172573}
2026-06-16 05:13:35 - finetune_logger - INFO - Val time: 4.05s
[2026-06-16 05:13:35,137][finetune_logger][INFO] - Val time: 4.05s
2026-06-16 05:13:35 - finetune_logger - INFO - Val memory reserved: 24.00 MB
[2026-06-16 05:13:35,137][finetune_logger][INFO] - Val memory reserved: 24.00 MB
2026-06-16 05:13:35 - finetune_logger - INFO - Val memory allocated: 18.10 MB
[2026-06-16 05:13:35,137][finetune_logger][INFO] - Val memory allocated: 18.10 MB
2026-06-16 05:13:35 - finetune_logger - INFO - Logged epoch 4 info to /public/home/202411094934/python_project/Spatio-Temporal-Library/time-series/2026-06-16/itransformer/pretrain10_finetune10/exchange_rate/time-series/seed_2/training_log.json
[2026-06-16 05:13:35,140][finetune_logger][INFO] - Logged epoch 4 info to /public/home/202411094934/python_project/Spatio-Temporal-Library/time-series/2026-06-16/itransformer/pretrain10_finetune10/exchange_rate/time-series/seed_2/training_log.json
2026-06-16 05:13:43 - finetune_logger - INFO - Test metrics: {'MAE': 0.022110160012859155, 'RMSE': 0.03235760282303642}
[2026-06-16 05:13:43,921][finetune_logger][INFO] - Test metrics: {'MAE': 0.022110160012859155, 'RMSE': 0.03235760282303642}
2026-06-16 05:13:43 - finetune_logger - INFO - Test time: 8.78s
[2026-06-16 05:13:43,921][finetune_logger][INFO] - Test time: 8.78s
2026-06-16 05:13:43 - finetune_logger - INFO - Test memory reserved: 24.00 MB
[2026-06-16 05:13:43,921][finetune_logger][INFO] - Test memory reserved: 24.00 MB
2026-06-16 05:13:43 - finetune_logger - INFO - Test memory allocated: 18.10 MB
[2026-06-16 05:13:43,921][finetune_logger][INFO] - Test memory allocated: 18.10 MB
2026-06-16 05:13:43 - finetune_logger - INFO - Epoch 5/10
[2026-06-16 05:13:43,921][finetune_logger][INFO] - Epoch 5/10
2026-06-16 05:15:00 - finetune_logger - INFO - Train loss: 0.022413557496557625
[2026-06-16 05:15:00,947][finetune_logger][INFO] - Train loss: 0.022413557496557625
2026-06-16 05:15:00 - finetune_logger - INFO - Train time: 77.02568674087524s
[2026-06-16 05:15:00,948][finetune_logger][INFO] - Train time: 77.02568674087524s
2026-06-16 05:15:00 - finetune_logger - INFO - Train memory reserved: 24.00 MB
[2026-06-16 05:15:00,948][finetune_logger][INFO] - Train memory reserved: 24.00 MB
2026-06-16 05:15:00 - finetune_logger - INFO - Train memory allocated: 18.10 MB
[2026-06-16 05:15:00,948][finetune_logger][INFO] - Train memory allocated: 18.10 MB
2026-06-16 05:15:00 - finetune_logger - INFO - Current learning rate: 0.0005
[2026-06-16 05:15:00,948][finetune_logger][INFO] - Current learning rate: 0.0005
2026-06-16 05:15:05 - finetune_logger - INFO - Validation metrics: {'MAE': 0.026155077998580096, 'RMSE': 0.038968887598536964}
[2026-06-16 05:15:05,015][finetune_logger][INFO] - Validation metrics: {'MAE': 0.026155077998580096, 'RMSE': 0.038968887598536964}
2026-06-16 05:15:05 - finetune_logger - INFO - Val time: 4.07s
[2026-06-16 05:15:05,015][finetune_logger][INFO] - Val time: 4.07s
2026-06-16 05:15:05 - finetune_logger - INFO - Val memory reserved: 24.00 MB
[2026-06-16 05:15:05,015][finetune_logger][INFO] - Val memory reserved: 24.00 MB
2026-06-16 05:15:05 - finetune_logger - INFO - Val memory allocated: 18.10 MB
[2026-06-16 05:15:05,015][finetune_logger][INFO] - Val memory allocated: 18.10 MB
2026-06-16 05:15:05 - finetune_logger - INFO - Logged epoch 5 info to /public/home/202411094934/python_project/Spatio-Temporal-Library/time-series/2026-06-16/itransformer/pretrain10_finetune10/exchange_rate/time-series/seed_2/training_log.json
[2026-06-16 05:15:05,019][finetune_logger][INFO] - Logged epoch 5 info to /public/home/202411094934/python_project/Spatio-Temporal-Library/time-series/2026-06-16/itransformer/pretrain10_finetune10/exchange_rate/time-series/seed_2/training_log.json
2026-06-16 05:15:13 - finetune_logger - INFO - Test metrics: {'MAE': 0.021737458960217965, 'RMSE': 0.032257396171511944}
[2026-06-16 05:15:13,932][finetune_logger][INFO] - Test metrics: {'MAE': 0.021737458960217965, 'RMSE': 0.032257396171511944}
2026-06-16 05:15:13 - finetune_logger - INFO - Test time: 8.91s
[2026-06-16 05:15:13,932][finetune_logger][INFO] - Test time: 8.91s
2026-06-16 05:15:13 - finetune_logger - INFO - Test memory reserved: 24.00 MB
[2026-06-16 05:15:13,933][finetune_logger][INFO] - Test memory reserved: 24.00 MB
2026-06-16 05:15:13 - finetune_logger - INFO - Test memory allocated: 18.10 MB
[2026-06-16 05:15:13,933][finetune_logger][INFO] - Test memory allocated: 18.10 MB
2026-06-16 05:15:13 - finetune_logger - INFO - Epoch 6/10
[2026-06-16 05:15:13,933][finetune_logger][INFO] - Epoch 6/10
2026-06-16 05:16:30 - finetune_logger - INFO - Train loss: 0.021960818989768184
[2026-06-16 05:16:30,939][finetune_logger][INFO] - Train loss: 0.021960818989768184
2026-06-16 05:16:30 - finetune_logger - INFO - Train time: 77.00523495674133s
[2026-06-16 05:16:30,939][finetune_logger][INFO] - Train time: 77.00523495674133s
2026-06-16 05:16:30 - finetune_logger - INFO - Train memory reserved: 24.00 MB
[2026-06-16 05:16:30,939][finetune_logger][INFO] - Train memory reserved: 24.00 MB
2026-06-16 05:16:30 - finetune_logger - INFO - Train memory allocated: 18.10 MB
[2026-06-16 05:16:30,939][finetune_logger][INFO] - Train memory allocated: 18.10 MB
2026-06-16 05:16:30 - finetune_logger - INFO - Current learning rate: 0.0005
[2026-06-16 05:16:30,939][finetune_logger][INFO] - Current learning rate: 0.0005
2026-06-16 05:16:34 - finetune_logger - INFO - Validation metrics: {'MAE': 0.026039865528923966, 'RMSE': 0.038825238069841554}
[2026-06-16 05:16:34,963][finetune_logger][INFO] - Validation metrics: {'MAE': 0.026039865528923966, 'RMSE': 0.038825238069841554}
2026-06-16 05:16:34 - finetune_logger - INFO - Val time: 4.02s
[2026-06-16 05:16:34,963][finetune_logger][INFO] - Val time: 4.02s
2026-06-16 05:16:34 - finetune_logger - INFO - Val memory reserved: 24.00 MB
[2026-06-16 05:16:34,963][finetune_logger][INFO] - Val memory reserved: 24.00 MB
2026-06-16 05:16:34 - finetune_logger - INFO - Val memory allocated: 18.10 MB
[2026-06-16 05:16:34,964][finetune_logger][INFO] - Val memory allocated: 18.10 MB
2026-06-16 05:16:34 - finetune_logger - INFO - Logged epoch 6 info to /public/home/202411094934/python_project/Spatio-Temporal-Library/time-series/2026-06-16/itransformer/pretrain10_finetune10/exchange_rate/time-series/seed_2/training_log.json
[2026-06-16 05:16:34,967][finetune_logger][INFO] - Logged epoch 6 info to /public/home/202411094934/python_project/Spatio-Temporal-Library/time-series/2026-06-16/itransformer/pretrain10_finetune10/exchange_rate/time-series/seed_2/training_log.json
2026-06-16 05:16:43 - finetune_logger - INFO - Test metrics: {'MAE': 0.021847330478073065, 'RMSE': 0.03232363947369506}
[2026-06-16 05:16:43,889][finetune_logger][INFO] - Test metrics: {'MAE': 0.021847330478073065, 'RMSE': 0.03232363947369506}
2026-06-16 05:16:43 - finetune_logger - INFO - Test time: 8.92s
[2026-06-16 05:16:43,889][finetune_logger][INFO] - Test time: 8.92s
2026-06-16 05:16:43 - finetune_logger - INFO - Test memory reserved: 24.00 MB
[2026-06-16 05:16:43,890][finetune_logger][INFO] - Test memory reserved: 24.00 MB
2026-06-16 05:16:43 - finetune_logger - INFO - Test memory allocated: 18.10 MB
[2026-06-16 05:16:43,890][finetune_logger][INFO] - Test memory allocated: 18.10 MB
2026-06-16 05:16:43 - finetune_logger - INFO - Epoch 7/10
[2026-06-16 05:16:43,890][finetune_logger][INFO] - Epoch 7/10
2026-06-16 05:18:01 - finetune_logger - INFO - Train loss: 0.02153312673623129
[2026-06-16 05:18:01,154][finetune_logger][INFO] - Train loss: 0.02153312673623129
2026-06-16 05:18:01 - finetune_logger - INFO - Train time: 77.26333689689636s
[2026-06-16 05:18:01,154][finetune_logger][INFO] - Train time: 77.26333689689636s
2026-06-16 05:18:01 - finetune_logger - INFO - Train memory reserved: 24.00 MB
[2026-06-16 05:18:01,154][finetune_logger][INFO] - Train memory reserved: 24.00 MB
2026-06-16 05:18:01 - finetune_logger - INFO - Train memory allocated: 18.10 MB
[2026-06-16 05:18:01,154][finetune_logger][INFO] - Train memory allocated: 18.10 MB
2026-06-16 05:18:01 - finetune_logger - INFO - Current learning rate: 0.0005
[2026-06-16 05:18:01,154][finetune_logger][INFO] - Current learning rate: 0.0005
2026-06-16 05:18:05 - finetune_logger - INFO - Validation metrics: {'MAE': 0.029500163032508516, 'RMSE': 0.044074457264681205}
[2026-06-16 05:18:05,143][finetune_logger][INFO] - Validation metrics: {'MAE': 0.029500163032508516, 'RMSE': 0.044074457264681205}
2026-06-16 05:18:05 - finetune_logger - INFO - Val time: 3.99s
[2026-06-16 05:18:05,143][finetune_logger][INFO] - Val time: 3.99s
2026-06-16 05:18:05 - finetune_logger - INFO - Val memory reserved: 24.00 MB
[2026-06-16 05:18:05,143][finetune_logger][INFO] - Val memory reserved: 24.00 MB
2026-06-16 05:18:05 - finetune_logger - INFO - Val memory allocated: 18.10 MB
[2026-06-16 05:18:05,143][finetune_logger][INFO] - Val memory allocated: 18.10 MB
2026-06-16 05:18:05 - finetune_logger - INFO - Logged epoch 7 info to /public/home/202411094934/python_project/Spatio-Temporal-Library/time-series/2026-06-16/itransformer/pretrain10_finetune10/exchange_rate/time-series/seed_2/training_log.json
[2026-06-16 05:18:05,146][finetune_logger][INFO] - Logged epoch 7 info to /public/home/202411094934/python_project/Spatio-Temporal-Library/time-series/2026-06-16/itransformer/pretrain10_finetune10/exchange_rate/time-series/seed_2/training_log.json
2026-06-16 05:18:14 - finetune_logger - INFO - Test metrics: {'MAE': 0.022256121768828293, 'RMSE': 0.033242674401513315}
[2026-06-16 05:18:14,008][finetune_logger][INFO] - Test metrics: {'MAE': 0.022256121768828293, 'RMSE': 0.033242674401513315}
2026-06-16 05:18:14 - finetune_logger - INFO - Test time: 8.86s
[2026-06-16 05:18:14,008][finetune_logger][INFO] - Test time: 8.86s
2026-06-16 05:18:14 - finetune_logger - INFO - Test memory reserved: 24.00 MB
[2026-06-16 05:18:14,008][finetune_logger][INFO] - Test memory reserved: 24.00 MB
2026-06-16 05:18:14 - finetune_logger - INFO - Test memory allocated: 18.10 MB
[2026-06-16 05:18:14,008][finetune_logger][INFO] - Test memory allocated: 18.10 MB
2026-06-16 05:18:14 - finetune_logger - INFO - Epoch 8/10
[2026-06-16 05:18:14,008][finetune_logger][INFO] - Epoch 8/10
2026-06-16 05:19:31 - finetune_logger - INFO - Train loss: 0.020972837347782592
[2026-06-16 05:19:31,137][finetune_logger][INFO] - Train loss: 0.020972837347782592
2026-06-16 05:19:31 - finetune_logger - INFO - Train time: 77.12864208221436s
[2026-06-16 05:19:31,138][finetune_logger][INFO] - Train time: 77.12864208221436s
2026-06-16 05:19:31 - finetune_logger - INFO - Train memory reserved: 24.00 MB
[2026-06-16 05:19:31,138][finetune_logger][INFO] - Train memory reserved: 24.00 MB
2026-06-16 05:19:31 - finetune_logger - INFO - Train memory allocated: 18.10 MB
[2026-06-16 05:19:31,138][finetune_logger][INFO] - Train memory allocated: 18.10 MB
2026-06-16 05:19:31 - finetune_logger - INFO - Current learning rate: 0.0005
[2026-06-16 05:19:31,138][finetune_logger][INFO] - Current learning rate: 0.0005
2026-06-16 05:19:35 - finetune_logger - INFO - Validation metrics: {'MAE': 0.02658512009304038, 'RMSE': 0.0399216595392815}
[2026-06-16 05:19:35,203][finetune_logger][INFO] - Validation metrics: {'MAE': 0.02658512009304038, 'RMSE': 0.0399216595392815}
2026-06-16 05:19:35 - finetune_logger - INFO - Val time: 4.06s
[2026-06-16 05:19:35,203][finetune_logger][INFO] - Val time: 4.06s
2026-06-16 05:19:35 - finetune_logger - INFO - Val memory reserved: 24.00 MB
[2026-06-16 05:19:35,203][finetune_logger][INFO] - Val memory reserved: 24.00 MB
2026-06-16 05:19:35 - finetune_logger - INFO - Val memory allocated: 18.10 MB
[2026-06-16 05:19:35,203][finetune_logger][INFO] - Val memory allocated: 18.10 MB
2026-06-16 05:19:35 - finetune_logger - INFO - Logged epoch 8 info to /public/home/202411094934/python_project/Spatio-Temporal-Library/time-series/2026-06-16/itransformer/pretrain10_finetune10/exchange_rate/time-series/seed_2/training_log.json
[2026-06-16 05:19:35,206][finetune_logger][INFO] - Logged epoch 8 info to /public/home/202411094934/python_project/Spatio-Temporal-Library/time-series/2026-06-16/itransformer/pretrain10_finetune10/exchange_rate/time-series/seed_2/training_log.json
2026-06-16 05:19:44 - finetune_logger - INFO - Test metrics: {'MAE': 0.02240744395965504, 'RMSE': 0.03365086264100765}
[2026-06-16 05:19:44,049][finetune_logger][INFO] - Test metrics: {'MAE': 0.02240744395965504, 'RMSE': 0.03365086264100765}
2026-06-16 05:19:44 - finetune_logger - INFO - Test time: 8.84s
[2026-06-16 05:19:44,049][finetune_logger][INFO] - Test time: 8.84s
2026-06-16 05:19:44 - finetune_logger - INFO - Test memory reserved: 24.00 MB
[2026-06-16 05:19:44,049][finetune_logger][INFO] - Test memory reserved: 24.00 MB
2026-06-16 05:19:44 - finetune_logger - INFO - Test memory allocated: 18.10 MB
[2026-06-16 05:19:44,049][finetune_logger][INFO] - Test memory allocated: 18.10 MB
2026-06-16 05:19:44 - finetune_logger - INFO - Epoch 9/10
[2026-06-16 05:19:44,049][finetune_logger][INFO] - Epoch 9/10
2026-06-16 05:21:01 - finetune_logger - INFO - Train loss: 0.020544758605876817
[2026-06-16 05:21:01,335][finetune_logger][INFO] - Train loss: 0.020544758605876817
2026-06-16 05:21:01 - finetune_logger - INFO - Train time: 77.2848539352417s
[2026-06-16 05:21:01,335][finetune_logger][INFO] - Train time: 77.2848539352417s
2026-06-16 05:21:01 - finetune_logger - INFO - Train memory reserved: 24.00 MB
[2026-06-16 05:21:01,335][finetune_logger][INFO] - Train memory reserved: 24.00 MB
2026-06-16 05:21:01 - finetune_logger - INFO - Train memory allocated: 18.10 MB
[2026-06-16 05:21:01,335][finetune_logger][INFO] - Train memory allocated: 18.10 MB
2026-06-16 05:21:01 - finetune_logger - INFO - Current learning rate: 0.0005
[2026-06-16 05:21:01,335][finetune_logger][INFO] - Current learning rate: 0.0005
2026-06-16 05:21:05 - finetune_logger - INFO - Validation metrics: {'MAE': 0.02659739687794422, 'RMSE': 0.039437304841535924}
[2026-06-16 05:21:05,440][finetune_logger][INFO] - Validation metrics: {'MAE': 0.02659739687794422, 'RMSE': 0.039437304841535924}
2026-06-16 05:21:05 - finetune_logger - INFO - Val time: 4.10s
[2026-06-16 05:21:05,440][finetune_logger][INFO] - Val time: 4.10s
2026-06-16 05:21:05 - finetune_logger - INFO - Val memory reserved: 24.00 MB
[2026-06-16 05:21:05,440][finetune_logger][INFO] - Val memory reserved: 24.00 MB
2026-06-16 05:21:05 - finetune_logger - INFO - Val memory allocated: 18.10 MB
[2026-06-16 05:21:05,440][finetune_logger][INFO] - Val memory allocated: 18.10 MB
2026-06-16 05:21:05 - finetune_logger - INFO - Logged epoch 9 info to /public/home/202411094934/python_project/Spatio-Temporal-Library/time-series/2026-06-16/itransformer/pretrain10_finetune10/exchange_rate/time-series/seed_2/training_log.json
[2026-06-16 05:21:05,443][finetune_logger][INFO] - Logged epoch 9 info to /public/home/202411094934/python_project/Spatio-Temporal-Library/time-series/2026-06-16/itransformer/pretrain10_finetune10/exchange_rate/time-series/seed_2/training_log.json
2026-06-16 05:21:14 - finetune_logger - INFO - Test metrics: {'MAE': 0.024305247982427503, 'RMSE': 0.03566156745640716}
[2026-06-16 05:21:14,318][finetune_logger][INFO] - Test metrics: {'MAE': 0.024305247982427503, 'RMSE': 0.03566156745640716}
2026-06-16 05:21:14 - finetune_logger - INFO - Test time: 8.87s
[2026-06-16 05:21:14,318][finetune_logger][INFO] - Test time: 8.87s
2026-06-16 05:21:14 - finetune_logger - INFO - Test memory reserved: 24.00 MB
[2026-06-16 05:21:14,318][finetune_logger][INFO] - Test memory reserved: 24.00 MB
2026-06-16 05:21:14 - finetune_logger - INFO - Test memory allocated: 18.10 MB
[2026-06-16 05:21:14,318][finetune_logger][INFO] - Test memory allocated: 18.10 MB
2026-06-16 05:21:14 - finetune_logger - INFO - Epoch 10/10
[2026-06-16 05:21:14,318][finetune_logger][INFO] - Epoch 10/10
2026-06-16 05:22:31 - finetune_logger - INFO - Train loss: 0.020077973606412607
[2026-06-16 05:22:31,555][finetune_logger][INFO] - Train loss: 0.020077973606412607
2026-06-16 05:22:31 - finetune_logger - INFO - Train time: 77.23655295372009s
[2026-06-16 05:22:31,556][finetune_logger][INFO] - Train time: 77.23655295372009s
2026-06-16 05:22:31 - finetune_logger - INFO - Train memory reserved: 24.00 MB
[2026-06-16 05:22:31,556][finetune_logger][INFO] - Train memory reserved: 24.00 MB
2026-06-16 05:22:31 - finetune_logger - INFO - Train memory allocated: 18.10 MB
[2026-06-16 05:22:31,556][finetune_logger][INFO] - Train memory allocated: 18.10 MB
2026-06-16 05:22:31 - finetune_logger - INFO - Current learning rate: 0.0005
[2026-06-16 05:22:31,556][finetune_logger][INFO] - Current learning rate: 0.0005
2026-06-16 05:22:35 - finetune_logger - INFO - Validation metrics: {'MAE': 0.02714113746519765, 'RMSE': 0.0399220918951404}
[2026-06-16 05:22:35,523][finetune_logger][INFO] - Validation metrics: {'MAE': 0.02714113746519765, 'RMSE': 0.0399220918951404}
2026-06-16 05:22:35 - finetune_logger - INFO - Val time: 3.97s
[2026-06-16 05:22:35,523][finetune_logger][INFO] - Val time: 3.97s
2026-06-16 05:22:35 - finetune_logger - INFO - Val memory reserved: 24.00 MB
[2026-06-16 05:22:35,523][finetune_logger][INFO] - Val memory reserved: 24.00 MB
2026-06-16 05:22:35 - finetune_logger - INFO - Val memory allocated: 18.10 MB
[2026-06-16 05:22:35,523][finetune_logger][INFO] - Val memory allocated: 18.10 MB
2026-06-16 05:22:35 - finetune_logger - INFO - Logged epoch 10 info to /public/home/202411094934/python_project/Spatio-Temporal-Library/time-series/2026-06-16/itransformer/pretrain10_finetune10/exchange_rate/time-series/seed_2/training_log.json
[2026-06-16 05:22:35,527][finetune_logger][INFO] - Logged epoch 10 info to /public/home/202411094934/python_project/Spatio-Temporal-Library/time-series/2026-06-16/itransformer/pretrain10_finetune10/exchange_rate/time-series/seed_2/training_log.json
2026-06-16 05:22:44 - finetune_logger - INFO - Test metrics: {'MAE': 0.023113672606811998, 'RMSE': 0.0343298074712717}
[2026-06-16 05:22:44,387][finetune_logger][INFO] - Test metrics: {'MAE': 0.023113672606811998, 'RMSE': 0.0343298074712717}
2026-06-16 05:22:44 - finetune_logger - INFO - Test time: 8.84s
[2026-06-16 05:22:44,388][finetune_logger][INFO] - Test time: 8.84s
2026-06-16 05:22:44 - finetune_logger - INFO - Test memory reserved: 24.00 MB
[2026-06-16 05:22:44,388][finetune_logger][INFO] - Test memory reserved: 24.00 MB
2026-06-16 05:22:44 - finetune_logger - INFO - Test memory allocated: 18.10 MB
[2026-06-16 05:22:44,388][finetune_logger][INFO] - Test memory allocated: 18.10 MB
2026-06-16 05:22:44 - finetune_logger - INFO - Training completed. Best epoch: 1, Best val loss: 0.025744
[2026-06-16 05:22:44,388][finetune_logger][INFO] - Training completed. Best epoch: 1, Best val loss: 0.025744
2026-06-16 05:22:44 - finetune_logger - INFO - Loaded checkpoint from epoch 1
[2026-06-16 05:22:44,419][finetune_logger][INFO] - Loaded checkpoint from epoch 1
2026-06-16 05:22:44 - finetune_logger - INFO - Evaluating best model on test sets...
[2026-06-16 05:22:44,420][finetune_logger][INFO] - Evaluating best model on test sets...
2026-06-16 05:22:53 - finetune_logger - INFO - Test metrics: {'MAE': 0.021879454351861356, 'RMSE': 0.03239970539307472}
[2026-06-16 05:22:53,318][finetune_logger][INFO] - Test metrics: {'MAE': 0.021879454351861356, 'RMSE': 0.03239970539307472}
2026-06-16 05:22:53 - finetune_logger - INFO - Test time: 8.90s
[2026-06-16 05:22:53,318][finetune_logger][INFO] - Test time: 8.90s
2026-06-16 05:22:53 - finetune_logger - INFO - Test memory reserved: 26.00 MB
[2026-06-16 05:22:53,318][finetune_logger][INFO] - Test memory reserved: 26.00 MB
2026-06-16 05:22:53 - finetune_logger - INFO - Test memory allocated: 18.14 MB
[2026-06-16 05:22:53,318][finetune_logger][INFO] - Test memory allocated: 18.14 MB
2026-06-16 05:22:53 - finetune_logger - INFO - Logged epoch test info to /public/home/202411094934/python_project/Spatio-Temporal-Library/time-series/2026-06-16/itransformer/pretrain10_finetune10/exchange_rate/time-series/seed_2/training_log.json
[2026-06-16 05:22:53,322][finetune_logger][INFO] - Logged epoch test info to /public/home/202411094934/python_project/Spatio-Temporal-Library/time-series/2026-06-16/itransformer/pretrain10_finetune10/exchange_rate/time-series/seed_2/training_log.json
2026-06-16 13:29:03 - finetune_logger - INFO - Loaded pretrained checkpoint from: /public/home/202411094934/python_project/Spatio-Temporal-Library/time-series/2026-06-16/itransformer/pretrain10/exchange_rate/time-series/seed_2/jepa_pretrain_epoch_10.pth
Missing keys: []
Unexpected keys: []
[2026-06-16 13:29:03,390][finetune_logger][INFO] - Loaded pretrained checkpoint from: /public/home/202411094934/python_project/Spatio-Temporal-Library/time-series/2026-06-16/itransformer/pretrain10/exchange_rate/time-series/seed_2/jepa_pretrain_epoch_10.pth
Missing keys: []
Unexpected keys: []
2026-06-16 13:29:03 - finetune_logger - INFO - Model parameters: 158,912
[2026-06-16 13:29:03,393][finetune_logger][INFO] - Model parameters: 158,912
2026-06-16 13:29:03 - finetune_logger - INFO - Log file already exists at /public/home/202411094934/python_project/Spatio-Temporal-Library/time-series/2026-06-16/itransformer/pretrain10_finetune10/exchange_rate/time-series/seed_2/training_log.json, appending to it.
[2026-06-16 13:29:03,395][finetune_logger][INFO] - Log file already exists at /public/home/202411094934/python_project/Spatio-Temporal-Library/time-series/2026-06-16/itransformer/pretrain10_finetune10/exchange_rate/time-series/seed_2/training_log.json, appending to it.
2026-06-16 13:29:03 - finetune_logger - INFO - Starting training...
[2026-06-16 13:29:03,396][finetune_logger][INFO] - Starting training...
2026-06-16 13:29:03 - finetune_logger - INFO - Epoch 1/10
[2026-06-16 13:29:03,396][finetune_logger][INFO] - Epoch 1/10
2026-06-16 13:30:20 - finetune_logger - INFO - Train loss: 0.03494289996538245
[2026-06-16 13:30:20,321][finetune_logger][INFO] - Train loss: 0.03494289996538245
2026-06-16 13:30:20 - finetune_logger - INFO - Train time: 76.92457318305969s
[2026-06-16 13:30:20,321][finetune_logger][INFO] - Train time: 76.92457318305969s
2026-06-16 13:30:20 - finetune_logger - INFO - Train memory reserved: 24.00 MB
[2026-06-16 13:30:20,321][finetune_logger][INFO] - Train memory reserved: 24.00 MB
2026-06-16 13:30:20 - finetune_logger - INFO - Train memory allocated: 18.10 MB
[2026-06-16 13:30:20,321][finetune_logger][INFO] - Train memory allocated: 18.10 MB
2026-06-16 13:30:20 - finetune_logger - INFO - Current learning rate: 0.0005
[2026-06-16 13:30:20,321][finetune_logger][INFO] - Current learning rate: 0.0005
2026-06-16 13:30:24 - finetune_logger - INFO - Validation metrics: {'MAE': 0.02574410777405703, 'RMSE': 0.037936322831698725}
[2026-06-16 13:30:24,278][finetune_logger][INFO] - Validation metrics: {'MAE': 0.02574410777405703, 'RMSE': 0.037936322831698725}
2026-06-16 13:30:24 - finetune_logger - INFO - Val time: 3.96s
[2026-06-16 13:30:24,278][finetune_logger][INFO] - Val time: 3.96s
2026-06-16 13:30:24 - finetune_logger - INFO - Val memory reserved: 24.00 MB
[2026-06-16 13:30:24,278][finetune_logger][INFO] - Val memory reserved: 24.00 MB
2026-06-16 13:30:24 - finetune_logger - INFO - Val memory allocated: 18.10 MB
[2026-06-16 13:30:24,278][finetune_logger][INFO] - Val memory allocated: 18.10 MB
2026-06-16 13:30:24 - finetune_logger - INFO - Logged epoch 1 info to /public/home/202411094934/python_project/Spatio-Temporal-Library/time-series/2026-06-16/itransformer/pretrain10_finetune10/exchange_rate/time-series/seed_2/training_log.json
[2026-06-16 13:30:24,281][finetune_logger][INFO] - Logged epoch 1 info to /public/home/202411094934/python_project/Spatio-Temporal-Library/time-series/2026-06-16/itransformer/pretrain10_finetune10/exchange_rate/time-series/seed_2/training_log.json
2026-06-16 13:30:24 - finetune_logger - INFO - New best model! Val loss: 0.025744
[2026-06-16 13:30:24,281][finetune_logger][INFO] - New best model! Val loss: 0.025744
2026-06-16 13:30:33 - finetune_logger - INFO - Test metrics: {'MAE': 0.021879454351861356, 'RMSE': 0.03239970539307472}
[2026-06-16 13:30:33,150][finetune_logger][INFO] - Test metrics: {'MAE': 0.021879454351861356, 'RMSE': 0.03239970539307472}
2026-06-16 13:30:33 - finetune_logger - INFO - Test time: 8.82s
[2026-06-16 13:30:33,150][finetune_logger][INFO] - Test time: 8.82s
2026-06-16 13:30:33 - finetune_logger - INFO - Test memory reserved: 24.00 MB
[2026-06-16 13:30:33,150][finetune_logger][INFO] - Test memory reserved: 24.00 MB
2026-06-16 13:30:33 - finetune_logger - INFO - Test memory allocated: 18.10 MB
[2026-06-16 13:30:33,150][finetune_logger][INFO] - Test memory allocated: 18.10 MB
2026-06-16 13:30:33 - finetune_logger - INFO - Epoch 2/10
[2026-06-16 13:30:33,151][finetune_logger][INFO] - Epoch 2/10
2026-06-16 13:31:49 - finetune_logger - INFO - Train loss: 0.02393947338475024
[2026-06-16 13:31:49,922][finetune_logger][INFO] - Train loss: 0.02393947338475024
2026-06-16 13:31:49 - finetune_logger - INFO - Train time: 76.7704029083252s
[2026-06-16 13:31:49,922][finetune_logger][INFO] - Train time: 76.7704029083252s
2026-06-16 13:31:49 - finetune_logger - INFO - Train memory reserved: 24.00 MB
[2026-06-16 13:31:49,922][finetune_logger][INFO] - Train memory reserved: 24.00 MB
2026-06-16 13:31:49 - finetune_logger - INFO - Train memory allocated: 18.10 MB
[2026-06-16 13:31:49,922][finetune_logger][INFO] - Train memory allocated: 18.10 MB
2026-06-16 13:31:49 - finetune_logger - INFO - Current learning rate: 0.0005
[2026-06-16 13:31:49,922][finetune_logger][INFO] - Current learning rate: 0.0005
2026-06-16 13:31:53 - finetune_logger - INFO - Validation metrics: {'MAE': 0.02676894108970344, 'RMSE': 0.03958421529346618}
[2026-06-16 13:31:53,882][finetune_logger][INFO] - Validation metrics: {'MAE': 0.02676894108970344, 'RMSE': 0.03958421529346618}
2026-06-16 13:31:53 - finetune_logger - INFO - Val time: 3.96s
[2026-06-16 13:31:53,882][finetune_logger][INFO] - Val time: 3.96s
2026-06-16 13:31:53 - finetune_logger - INFO - Val memory reserved: 24.00 MB
[2026-06-16 13:31:53,882][finetune_logger][INFO] - Val memory reserved: 24.00 MB
2026-06-16 13:31:53 - finetune_logger - INFO - Val memory allocated: 18.10 MB
[2026-06-16 13:31:53,882][finetune_logger][INFO] - Val memory allocated: 18.10 MB
2026-06-16 13:31:53 - finetune_logger - INFO - Logged epoch 2 info to /public/home/202411094934/python_project/Spatio-Temporal-Library/time-series/2026-06-16/itransformer/pretrain10_finetune10/exchange_rate/time-series/seed_2/training_log.json
[2026-06-16 13:31:53,886][finetune_logger][INFO] - Logged epoch 2 info to /public/home/202411094934/python_project/Spatio-Temporal-Library/time-series/2026-06-16/itransformer/pretrain10_finetune10/exchange_rate/time-series/seed_2/training_log.json
2026-06-16 13:32:02 - finetune_logger - INFO - Test metrics: {'MAE': 0.022346066113537802, 'RMSE': 0.03239997802449593}
[2026-06-16 13:32:02,723][finetune_logger][INFO] - Test metrics: {'MAE': 0.022346066113537802, 'RMSE': 0.03239997802449593}
2026-06-16 13:32:02 - finetune_logger - INFO - Test time: 8.84s
[2026-06-16 13:32:02,723][finetune_logger][INFO] - Test time: 8.84s
2026-06-16 13:32:02 - finetune_logger - INFO - Test memory reserved: 24.00 MB
[2026-06-16 13:32:02,723][finetune_logger][INFO] - Test memory reserved: 24.00 MB
2026-06-16 13:32:02 - finetune_logger - INFO - Test memory allocated: 18.10 MB
[2026-06-16 13:32:02,723][finetune_logger][INFO] - Test memory allocated: 18.10 MB
2026-06-16 13:32:02 - finetune_logger - INFO - Epoch 3/10
[2026-06-16 13:32:02,724][finetune_logger][INFO] - Epoch 3/10
2026-06-16 13:33:19 - finetune_logger - INFO - Train loss: 0.023383342006311432
[2026-06-16 13:33:19,137][finetune_logger][INFO] - Train loss: 0.023383342006311432
2026-06-16 13:33:19 - finetune_logger - INFO - Train time: 76.41318821907043s
[2026-06-16 13:33:19,138][finetune_logger][INFO] - Train time: 76.41318821907043s
2026-06-16 13:33:19 - finetune_logger - INFO - Train memory reserved: 24.00 MB
[2026-06-16 13:33:19,138][finetune_logger][INFO] - Train memory reserved: 24.00 MB
2026-06-16 13:33:19 - finetune_logger - INFO - Train memory allocated: 18.10 MB
[2026-06-16 13:33:19,138][finetune_logger][INFO] - Train memory allocated: 18.10 MB
2026-06-16 13:33:19 - finetune_logger - INFO - Current learning rate: 0.0005
[2026-06-16 13:33:19,138][finetune_logger][INFO] - Current learning rate: 0.0005
2026-06-16 13:33:23 - finetune_logger - INFO - Validation metrics: {'MAE': 0.027221006163531094, 'RMSE': 0.03952938952218468}
[2026-06-16 13:33:23,159][finetune_logger][INFO] - Validation metrics: {'MAE': 0.027221006163531094, 'RMSE': 0.03952938952218468}
2026-06-16 13:33:23 - finetune_logger - INFO - Val time: 4.02s
[2026-06-16 13:33:23,160][finetune_logger][INFO] - Val time: 4.02s
2026-06-16 13:33:23 - finetune_logger - INFO - Val memory reserved: 24.00 MB
[2026-06-16 13:33:23,160][finetune_logger][INFO] - Val memory reserved: 24.00 MB
2026-06-16 13:33:23 - finetune_logger - INFO - Val memory allocated: 18.10 MB
[2026-06-16 13:33:23,160][finetune_logger][INFO] - Val memory allocated: 18.10 MB
2026-06-16 13:33:23 - finetune_logger - INFO - Logged epoch 3 info to /public/home/202411094934/python_project/Spatio-Temporal-Library/time-series/2026-06-16/itransformer/pretrain10_finetune10/exchange_rate/time-series/seed_2/training_log.json
[2026-06-16 13:33:23,163][finetune_logger][INFO] - Logged epoch 3 info to /public/home/202411094934/python_project/Spatio-Temporal-Library/time-series/2026-06-16/itransformer/pretrain10_finetune10/exchange_rate/time-series/seed_2/training_log.json
2026-06-16 13:33:31 - finetune_logger - INFO - Test metrics: {'MAE': 0.02184372749164861, 'RMSE': 0.03209165910397412}
[2026-06-16 13:33:31,949][finetune_logger][INFO] - Test metrics: {'MAE': 0.02184372749164861, 'RMSE': 0.03209165910397412}
2026-06-16 13:33:31 - finetune_logger - INFO - Test time: 8.78s
[2026-06-16 13:33:31,949][finetune_logger][INFO] - Test time: 8.78s
2026-06-16 13:33:31 - finetune_logger - INFO - Test memory reserved: 24.00 MB
[2026-06-16 13:33:31,949][finetune_logger][INFO] - Test memory reserved: 24.00 MB
2026-06-16 13:33:31 - finetune_logger - INFO - Test memory allocated: 18.10 MB
[2026-06-16 13:33:31,949][finetune_logger][INFO] - Test memory allocated: 18.10 MB
2026-06-16 13:33:31 - finetune_logger - INFO - Epoch 4/10
[2026-06-16 13:33:31,949][finetune_logger][INFO] - Epoch 4/10
2026-06-16 13:34:48 - finetune_logger - INFO - Train loss: 0.02274757597497447
[2026-06-16 13:34:48,565][finetune_logger][INFO] - Train loss: 0.02274757597497447
2026-06-16 13:34:48 - finetune_logger - INFO - Train time: 76.61573576927185s
[2026-06-16 13:34:48,566][finetune_logger][INFO] - Train time: 76.61573576927185s
2026-06-16 13:34:48 - finetune_logger - INFO - Train memory reserved: 24.00 MB
[2026-06-16 13:34:48,566][finetune_logger][INFO] - Train memory reserved: 24.00 MB
2026-06-16 13:34:48 - finetune_logger - INFO - Train memory allocated: 18.10 MB
[2026-06-16 13:34:48,566][finetune_logger][INFO] - Train memory allocated: 18.10 MB
2026-06-16 13:34:48 - finetune_logger - INFO - Current learning rate: 0.0005
[2026-06-16 13:34:48,566][finetune_logger][INFO] - Current learning rate: 0.0005
2026-06-16 13:34:52 - finetune_logger - INFO - Validation metrics: {'MAE': 0.027327021158061494, 'RMSE': 0.04033058198172573}
[2026-06-16 13:34:52,579][finetune_logger][INFO] - Validation metrics: {'MAE': 0.027327021158061494, 'RMSE': 0.04033058198172573}
2026-06-16 13:34:52 - finetune_logger - INFO - Val time: 4.01s
[2026-06-16 13:34:52,579][finetune_logger][INFO] - Val time: 4.01s
2026-06-16 13:34:52 - finetune_logger - INFO - Val memory reserved: 24.00 MB
[2026-06-16 13:34:52,579][finetune_logger][INFO] - Val memory reserved: 24.00 MB
2026-06-16 13:34:52 - finetune_logger - INFO - Val memory allocated: 18.10 MB
[2026-06-16 13:34:52,579][finetune_logger][INFO] - Val memory allocated: 18.10 MB
2026-06-16 13:34:52 - finetune_logger - INFO - Logged epoch 4 info to /public/home/202411094934/python_project/Spatio-Temporal-Library/time-series/2026-06-16/itransformer/pretrain10_finetune10/exchange_rate/time-series/seed_2/training_log.json
[2026-06-16 13:34:52,582][finetune_logger][INFO] - Logged epoch 4 info to /public/home/202411094934/python_project/Spatio-Temporal-Library/time-series/2026-06-16/itransformer/pretrain10_finetune10/exchange_rate/time-series/seed_2/training_log.json
2026-06-16 13:35:01 - finetune_logger - INFO - Test metrics: {'MAE': 0.022110160012859155, 'RMSE': 0.03235760282303642}
[2026-06-16 13:35:01,353][finetune_logger][INFO] - Test metrics: {'MAE': 0.022110160012859155, 'RMSE': 0.03235760282303642}
2026-06-16 13:35:01 - finetune_logger - INFO - Test time: 8.77s
[2026-06-16 13:35:01,353][finetune_logger][INFO] - Test time: 8.77s
2026-06-16 13:35:01 - finetune_logger - INFO - Test memory reserved: 24.00 MB
[2026-06-16 13:35:01,354][finetune_logger][INFO] - Test memory reserved: 24.00 MB
2026-06-16 13:35:01 - finetune_logger - INFO - Test memory allocated: 18.10 MB
[2026-06-16 13:35:01,354][finetune_logger][INFO] - Test memory allocated: 18.10 MB
2026-06-16 13:35:01 - finetune_logger - INFO - Epoch 5/10
[2026-06-16 13:35:01,354][finetune_logger][INFO] - Epoch 5/10
2026-06-16 13:36:17 - finetune_logger - INFO - Train loss: 0.022413557496557625
[2026-06-16 13:36:17,860][finetune_logger][INFO] - Train loss: 0.022413557496557625
2026-06-16 13:36:17 - finetune_logger - INFO - Train time: 76.50564765930176s
[2026-06-16 13:36:17,860][finetune_logger][INFO] - Train time: 76.50564765930176s
2026-06-16 13:36:17 - finetune_logger - INFO - Train memory reserved: 24.00 MB
[2026-06-16 13:36:17,860][finetune_logger][INFO] - Train memory reserved: 24.00 MB
2026-06-16 13:36:17 - finetune_logger - INFO - Train memory allocated: 18.10 MB
[2026-06-16 13:36:17,861][finetune_logger][INFO] - Train memory allocated: 18.10 MB
2026-06-16 13:36:17 - finetune_logger - INFO - Current learning rate: 0.0005
[2026-06-16 13:36:17,861][finetune_logger][INFO] - Current learning rate: 0.0005
2026-06-16 13:36:21 - finetune_logger - INFO - Validation metrics: {'MAE': 0.026155077998580096, 'RMSE': 0.038968887598536964}
[2026-06-16 13:36:21,901][finetune_logger][INFO] - Validation metrics: {'MAE': 0.026155077998580096, 'RMSE': 0.038968887598536964}
2026-06-16 13:36:21 - finetune_logger - INFO - Val time: 4.04s
[2026-06-16 13:36:21,901][finetune_logger][INFO] - Val time: 4.04s
2026-06-16 13:36:21 - finetune_logger - INFO - Val memory reserved: 24.00 MB
[2026-06-16 13:36:21,901][finetune_logger][INFO] - Val memory reserved: 24.00 MB
2026-06-16 13:36:21 - finetune_logger - INFO - Val memory allocated: 18.10 MB
[2026-06-16 13:36:21,902][finetune_logger][INFO] - Val memory allocated: 18.10 MB
2026-06-16 13:36:21 - finetune_logger - INFO - Logged epoch 5 info to /public/home/202411094934/python_project/Spatio-Temporal-Library/time-series/2026-06-16/itransformer/pretrain10_finetune10/exchange_rate/time-series/seed_2/training_log.json
[2026-06-16 13:36:21,905][finetune_logger][INFO] - Logged epoch 5 info to /public/home/202411094934/python_project/Spatio-Temporal-Library/time-series/2026-06-16/itransformer/pretrain10_finetune10/exchange_rate/time-series/seed_2/training_log.json
2026-06-16 13:36:30 - finetune_logger - INFO - Test metrics: {'MAE': 0.021737458960217965, 'RMSE': 0.032257396171511944}
[2026-06-16 13:36:30,697][finetune_logger][INFO] - Test metrics: {'MAE': 0.021737458960217965, 'RMSE': 0.032257396171511944}
2026-06-16 13:36:30 - finetune_logger - INFO - Test time: 8.79s
[2026-06-16 13:36:30,697][finetune_logger][INFO] - Test time: 8.79s
2026-06-16 13:36:30 - finetune_logger - INFO - Test memory reserved: 24.00 MB
[2026-06-16 13:36:30,697][finetune_logger][INFO] - Test memory reserved: 24.00 MB
2026-06-16 13:36:30 - finetune_logger - INFO - Test memory allocated: 18.10 MB
[2026-06-16 13:36:30,697][finetune_logger][INFO] - Test memory allocated: 18.10 MB
2026-06-16 13:36:30 - finetune_logger - INFO - Epoch 6/10
[2026-06-16 13:36:30,697][finetune_logger][INFO] - Epoch 6/10
2026-06-16 13:37:47 - finetune_logger - INFO - Train loss: 0.021960818989768184
[2026-06-16 13:37:47,258][finetune_logger][INFO] - Train loss: 0.021960818989768184
2026-06-16 13:37:47 - finetune_logger - INFO - Train time: 76.55972194671631s
[2026-06-16 13:37:47,258][finetune_logger][INFO] - Train time: 76.55972194671631s
2026-06-16 13:37:47 - finetune_logger - INFO - Train memory reserved: 24.00 MB
[2026-06-16 13:37:47,258][finetune_logger][INFO] - Train memory reserved: 24.00 MB
2026-06-16 13:37:47 - finetune_logger - INFO - Train memory allocated: 18.10 MB
[2026-06-16 13:37:47,258][finetune_logger][INFO] - Train memory allocated: 18.10 MB
2026-06-16 13:37:47 - finetune_logger - INFO - Current learning rate: 0.0005
[2026-06-16 13:37:47,258][finetune_logger][INFO] - Current learning rate: 0.0005
2026-06-16 13:37:51 - finetune_logger - INFO - Validation metrics: {'MAE': 0.026039865528923966, 'RMSE': 0.038825238069841554}
[2026-06-16 13:37:51,281][finetune_logger][INFO] - Validation metrics: {'MAE': 0.026039865528923966, 'RMSE': 0.038825238069841554}
2026-06-16 13:37:51 - finetune_logger - INFO - Val time: 4.02s
[2026-06-16 13:37:51,281][finetune_logger][INFO] - Val time: 4.02s
2026-06-16 13:37:51 - finetune_logger - INFO - Val memory reserved: 24.00 MB
[2026-06-16 13:37:51,281][finetune_logger][INFO] - Val memory reserved: 24.00 MB
2026-06-16 13:37:51 - finetune_logger - INFO - Val memory allocated: 18.10 MB
[2026-06-16 13:37:51,281][finetune_logger][INFO] - Val memory allocated: 18.10 MB
2026-06-16 13:37:51 - finetune_logger - INFO - Logged epoch 6 info to /public/home/202411094934/python_project/Spatio-Temporal-Library/time-series/2026-06-16/itransformer/pretrain10_finetune10/exchange_rate/time-series/seed_2/training_log.json
[2026-06-16 13:37:51,285][finetune_logger][INFO] - Logged epoch 6 info to /public/home/202411094934/python_project/Spatio-Temporal-Library/time-series/2026-06-16/itransformer/pretrain10_finetune10/exchange_rate/time-series/seed_2/training_log.json
2026-06-16 13:38:00 - finetune_logger - INFO - Test metrics: {'MAE': 0.021847330478073065, 'RMSE': 0.03232363947369506}
[2026-06-16 13:38:00,079][finetune_logger][INFO] - Test metrics: {'MAE': 0.021847330478073065, 'RMSE': 0.03232363947369506}
2026-06-16 13:38:00 - finetune_logger - INFO - Test time: 8.79s
[2026-06-16 13:38:00,079][finetune_logger][INFO] - Test time: 8.79s
2026-06-16 13:38:00 - finetune_logger - INFO - Test memory reserved: 24.00 MB
[2026-06-16 13:38:00,079][finetune_logger][INFO] - Test memory reserved: 24.00 MB
2026-06-16 13:38:00 - finetune_logger - INFO - Test memory allocated: 18.10 MB
[2026-06-16 13:38:00,079][finetune_logger][INFO] - Test memory allocated: 18.10 MB
2026-06-16 13:38:00 - finetune_logger - INFO - Epoch 7/10
[2026-06-16 13:38:00,079][finetune_logger][INFO] - Epoch 7/10
2026-06-16 13:39:16 - finetune_logger - INFO - Train loss: 0.02153312673623129
[2026-06-16 13:39:16,786][finetune_logger][INFO] - Train loss: 0.02153312673623129
2026-06-16 13:39:16 - finetune_logger - INFO - Train time: 76.70629119873047s
[2026-06-16 13:39:16,786][finetune_logger][INFO] - Train time: 76.70629119873047s
2026-06-16 13:39:16 - finetune_logger - INFO - Train memory reserved: 24.00 MB
[2026-06-16 13:39:16,786][finetune_logger][INFO] - Train memory reserved: 24.00 MB
2026-06-16 13:39:16 - finetune_logger - INFO - Train memory allocated: 18.10 MB
[2026-06-16 13:39:16,787][finetune_logger][INFO] - Train memory allocated: 18.10 MB
2026-06-16 13:39:16 - finetune_logger - INFO - Current learning rate: 0.0005
[2026-06-16 13:39:16,787][finetune_logger][INFO] - Current learning rate: 0.0005
2026-06-16 13:39:20 - finetune_logger - INFO - Validation metrics: {'MAE': 0.029500163032508516, 'RMSE': 0.044074457264681205}
[2026-06-16 13:39:20,784][finetune_logger][INFO] - Validation metrics: {'MAE': 0.029500163032508516, 'RMSE': 0.044074457264681205}
2026-06-16 13:39:20 - finetune_logger - INFO - Val time: 4.00s
[2026-06-16 13:39:20,784][finetune_logger][INFO] - Val time: 4.00s
2026-06-16 13:39:20 - finetune_logger - INFO - Val memory reserved: 24.00 MB
[2026-06-16 13:39:20,784][finetune_logger][INFO] - Val memory reserved: 24.00 MB
2026-06-16 13:39:20 - finetune_logger - INFO - Val memory allocated: 18.10 MB
[2026-06-16 13:39:20,785][finetune_logger][INFO] - Val memory allocated: 18.10 MB
2026-06-16 13:39:20 - finetune_logger - INFO - Logged epoch 7 info to /public/home/202411094934/python_project/Spatio-Temporal-Library/time-series/2026-06-16/itransformer/pretrain10_finetune10/exchange_rate/time-series/seed_2/training_log.json
[2026-06-16 13:39:20,787][finetune_logger][INFO] - Logged epoch 7 info to /public/home/202411094934/python_project/Spatio-Temporal-Library/time-series/2026-06-16/itransformer/pretrain10_finetune10/exchange_rate/time-series/seed_2/training_log.json
2026-06-16 13:39:29 - finetune_logger - INFO - Test metrics: {'MAE': 0.022256121768828293, 'RMSE': 0.033242674401513315}
[2026-06-16 13:39:29,583][finetune_logger][INFO] - Test metrics: {'MAE': 0.022256121768828293, 'RMSE': 0.033242674401513315}
2026-06-16 13:39:29 - finetune_logger - INFO - Test time: 8.80s
[2026-06-16 13:39:29,584][finetune_logger][INFO] - Test time: 8.80s
2026-06-16 13:39:29 - finetune_logger - INFO - Test memory reserved: 24.00 MB
[2026-06-16 13:39:29,584][finetune_logger][INFO] - Test memory reserved: 24.00 MB
2026-06-16 13:39:29 - finetune_logger - INFO - Test memory allocated: 18.10 MB
[2026-06-16 13:39:29,584][finetune_logger][INFO] - Test memory allocated: 18.10 MB
2026-06-16 13:39:29 - finetune_logger - INFO - Epoch 8/10
[2026-06-16 13:39:29,584][finetune_logger][INFO] - Epoch 8/10
2026-06-16 13:40:45 - finetune_logger - INFO - Train loss: 0.020972837347782592
[2026-06-16 13:40:45,884][finetune_logger][INFO] - Train loss: 0.020972837347782592
2026-06-16 13:40:45 - finetune_logger - INFO - Train time: 76.29979848861694s
[2026-06-16 13:40:45,884][finetune_logger][INFO] - Train time: 76.29979848861694s
2026-06-16 13:40:45 - finetune_logger - INFO - Train memory reserved: 24.00 MB
[2026-06-16 13:40:45,885][finetune_logger][INFO] - Train memory reserved: 24.00 MB
2026-06-16 13:40:45 - finetune_logger - INFO - Train memory allocated: 18.10 MB
[2026-06-16 13:40:45,885][finetune_logger][INFO] - Train memory allocated: 18.10 MB
2026-06-16 13:40:45 - finetune_logger - INFO - Current learning rate: 0.0005
[2026-06-16 13:40:45,885][finetune_logger][INFO] - Current learning rate: 0.0005
2026-06-16 13:40:49 - finetune_logger - INFO - Validation metrics: {'MAE': 0.02658512009304038, 'RMSE': 0.0399216595392815}
[2026-06-16 13:40:49,896][finetune_logger][INFO] - Validation metrics: {'MAE': 0.02658512009304038, 'RMSE': 0.0399216595392815}
2026-06-16 13:40:49 - finetune_logger - INFO - Val time: 4.01s
[2026-06-16 13:40:49,896][finetune_logger][INFO] - Val time: 4.01s
2026-06-16 13:40:49 - finetune_logger - INFO - Val memory reserved: 24.00 MB
[2026-06-16 13:40:49,897][finetune_logger][INFO] - Val memory reserved: 24.00 MB
2026-06-16 13:40:49 - finetune_logger - INFO - Val memory allocated: 18.10 MB
[2026-06-16 13:40:49,897][finetune_logger][INFO] - Val memory allocated: 18.10 MB
2026-06-16 13:40:49 - finetune_logger - INFO - Logged epoch 8 info to /public/home/202411094934/python_project/Spatio-Temporal-Library/time-series/2026-06-16/itransformer/pretrain10_finetune10/exchange_rate/time-series/seed_2/training_log.json
[2026-06-16 13:40:49,900][finetune_logger][INFO] - Logged epoch 8 info to /public/home/202411094934/python_project/Spatio-Temporal-Library/time-series/2026-06-16/itransformer/pretrain10_finetune10/exchange_rate/time-series/seed_2/training_log.json
2026-06-16 13:40:58 - finetune_logger - INFO - Test metrics: {'MAE': 0.02240744395965504, 'RMSE': 0.03365086264100765}
[2026-06-16 13:40:58,749][finetune_logger][INFO] - Test metrics: {'MAE': 0.02240744395965504, 'RMSE': 0.03365086264100765}
2026-06-16 13:40:58 - finetune_logger - INFO - Test time: 8.85s
[2026-06-16 13:40:58,749][finetune_logger][INFO] - Test time: 8.85s
2026-06-16 13:40:58 - finetune_logger - INFO - Test memory reserved: 24.00 MB
[2026-06-16 13:40:58,749][finetune_logger][INFO] - Test memory reserved: 24.00 MB
2026-06-16 13:40:58 - finetune_logger - INFO - Test memory allocated: 18.10 MB
[2026-06-16 13:40:58,749][finetune_logger][INFO] - Test memory allocated: 18.10 MB
2026-06-16 13:40:58 - finetune_logger - INFO - Epoch 9/10
[2026-06-16 13:40:58,749][finetune_logger][INFO] - Epoch 9/10
2026-06-16 13:42:15 - finetune_logger - INFO - Train loss: 0.020544758605876817
[2026-06-16 13:42:15,302][finetune_logger][INFO] - Train loss: 0.020544758605876817
2026-06-16 13:42:15 - finetune_logger - INFO - Train time: 76.55176830291748s
[2026-06-16 13:42:15,302][finetune_logger][INFO] - Train time: 76.55176830291748s
2026-06-16 13:42:15 - finetune_logger - INFO - Train memory reserved: 24.00 MB
[2026-06-16 13:42:15,302][finetune_logger][INFO] - Train memory reserved: 24.00 MB
2026-06-16 13:42:15 - finetune_logger - INFO - Train memory allocated: 18.10 MB
[2026-06-16 13:42:15,302][finetune_logger][INFO] - Train memory allocated: 18.10 MB
2026-06-16 13:42:15 - finetune_logger - INFO - Current learning rate: 0.0005
[2026-06-16 13:42:15,302][finetune_logger][INFO] - Current learning rate: 0.0005
2026-06-16 13:42:19 - finetune_logger - INFO - Validation metrics: {'MAE': 0.02659739687794422, 'RMSE': 0.039437304841535924}
[2026-06-16 13:42:19,365][finetune_logger][INFO] - Validation metrics: {'MAE': 0.02659739687794422, 'RMSE': 0.039437304841535924}
2026-06-16 13:42:19 - finetune_logger - INFO - Val time: 4.06s
[2026-06-16 13:42:19,365][finetune_logger][INFO] - Val time: 4.06s
2026-06-16 13:42:19 - finetune_logger - INFO - Val memory reserved: 24.00 MB
[2026-06-16 13:42:19,365][finetune_logger][INFO] - Val memory reserved: 24.00 MB
2026-06-16 13:42:19 - finetune_logger - INFO - Val memory allocated: 18.10 MB
[2026-06-16 13:42:19,365][finetune_logger][INFO] - Val memory allocated: 18.10 MB
2026-06-16 13:42:19 - finetune_logger - INFO - Logged epoch 9 info to /public/home/202411094934/python_project/Spatio-Temporal-Library/time-series/2026-06-16/itransformer/pretrain10_finetune10/exchange_rate/time-series/seed_2/training_log.json
[2026-06-16 13:42:19,368][finetune_logger][INFO] - Logged epoch 9 info to /public/home/202411094934/python_project/Spatio-Temporal-Library/time-series/2026-06-16/itransformer/pretrain10_finetune10/exchange_rate/time-series/seed_2/training_log.json
2026-06-16 13:42:28 - finetune_logger - INFO - Test metrics: {'MAE': 0.024305247982427503, 'RMSE': 0.03566156745640716}
[2026-06-16 13:42:28,224][finetune_logger][INFO] - Test metrics: {'MAE': 0.024305247982427503, 'RMSE': 0.03566156745640716}
2026-06-16 13:42:28 - finetune_logger - INFO - Test time: 8.86s
[2026-06-16 13:42:28,224][finetune_logger][INFO] - Test time: 8.86s
2026-06-16 13:42:28 - finetune_logger - INFO - Test memory reserved: 24.00 MB
[2026-06-16 13:42:28,224][finetune_logger][INFO] - Test memory reserved: 24.00 MB
2026-06-16 13:42:28 - finetune_logger - INFO - Test memory allocated: 18.10 MB
[2026-06-16 13:42:28,225][finetune_logger][INFO] - Test memory allocated: 18.10 MB
2026-06-16 13:42:28 - finetune_logger - INFO - Epoch 10/10
[2026-06-16 13:42:28,225][finetune_logger][INFO] - Epoch 10/10
2026-06-16 13:43:44 - finetune_logger - INFO - Train loss: 0.020077973606412607
[2026-06-16 13:43:44,831][finetune_logger][INFO] - Train loss: 0.020077973606412607
2026-06-16 13:43:44 - finetune_logger - INFO - Train time: 76.6058976650238s
[2026-06-16 13:43:44,831][finetune_logger][INFO] - Train time: 76.6058976650238s
2026-06-16 13:43:44 - finetune_logger - INFO - Train memory reserved: 24.00 MB
[2026-06-16 13:43:44,832][finetune_logger][INFO] - Train memory reserved: 24.00 MB
2026-06-16 13:43:44 - finetune_logger - INFO - Train memory allocated: 18.10 MB
[2026-06-16 13:43:44,832][finetune_logger][INFO] - Train memory allocated: 18.10 MB
2026-06-16 13:43:44 - finetune_logger - INFO - Current learning rate: 0.0005
[2026-06-16 13:43:44,832][finetune_logger][INFO] - Current learning rate: 0.0005
2026-06-16 13:43:48 - finetune_logger - INFO - Validation metrics: {'MAE': 0.02714113746519765, 'RMSE': 0.0399220918951404}
[2026-06-16 13:43:48,826][finetune_logger][INFO] - Validation metrics: {'MAE': 0.02714113746519765, 'RMSE': 0.0399220918951404}
2026-06-16 13:43:48 - finetune_logger - INFO - Val time: 3.99s
[2026-06-16 13:43:48,826][finetune_logger][INFO] - Val time: 3.99s
2026-06-16 13:43:48 - finetune_logger - INFO - Val memory reserved: 24.00 MB
[2026-06-16 13:43:48,826][finetune_logger][INFO] - Val memory reserved: 24.00 MB
2026-06-16 13:43:48 - finetune_logger - INFO - Val memory allocated: 18.10 MB
[2026-06-16 13:43:48,826][finetune_logger][INFO] - Val memory allocated: 18.10 MB
2026-06-16 13:43:48 - finetune_logger - INFO - Logged epoch 10 info to /public/home/202411094934/python_project/Spatio-Temporal-Library/time-series/2026-06-16/itransformer/pretrain10_finetune10/exchange_rate/time-series/seed_2/training_log.json
[2026-06-16 13:43:48,830][finetune_logger][INFO] - Logged epoch 10 info to /public/home/202411094934/python_project/Spatio-Temporal-Library/time-series/2026-06-16/itransformer/pretrain10_finetune10/exchange_rate/time-series/seed_2/training_log.json
2026-06-16 13:43:57 - finetune_logger - INFO - Test metrics: {'MAE': 0.023113672606811998, 'RMSE': 0.0343298074712717}
[2026-06-16 13:43:57,653][finetune_logger][INFO] - Test metrics: {'MAE': 0.023113672606811998, 'RMSE': 0.0343298074712717}
2026-06-16 13:43:57 - finetune_logger - INFO - Test time: 8.80s
[2026-06-16 13:43:57,653][finetune_logger][INFO] - Test time: 8.80s
2026-06-16 13:43:57 - finetune_logger - INFO - Test memory reserved: 24.00 MB
[2026-06-16 13:43:57,653][finetune_logger][INFO] - Test memory reserved: 24.00 MB
2026-06-16 13:43:57 - finetune_logger - INFO - Test memory allocated: 18.10 MB
[2026-06-16 13:43:57,653][finetune_logger][INFO] - Test memory allocated: 18.10 MB
2026-06-16 13:43:57 - finetune_logger - INFO - Training completed. Best epoch: 1, Best val loss: 0.025744
[2026-06-16 13:43:57,653][finetune_logger][INFO] - Training completed. Best epoch: 1, Best val loss: 0.025744
2026-06-16 13:43:57 - finetune_logger - INFO - Loaded checkpoint from epoch 1
[2026-06-16 13:43:57,683][finetune_logger][INFO] - Loaded checkpoint from epoch 1
2026-06-16 13:43:57 - finetune_logger - INFO - Evaluating best model on test sets...
[2026-06-16 13:43:57,683][finetune_logger][INFO] - Evaluating best model on test sets...
2026-06-16 13:44:06 - finetune_logger - INFO - Test metrics: {'MAE': 0.021879454351861356, 'RMSE': 0.03239970539307472}
[2026-06-16 13:44:06,523][finetune_logger][INFO] - Test metrics: {'MAE': 0.021879454351861356, 'RMSE': 0.03239970539307472}
2026-06-16 13:44:06 - finetune_logger - INFO - Test time: 8.84s
[2026-06-16 13:44:06,524][finetune_logger][INFO] - Test time: 8.84s
2026-06-16 13:44:06 - finetune_logger - INFO - Test memory reserved: 26.00 MB
[2026-06-16 13:44:06,524][finetune_logger][INFO] - Test memory reserved: 26.00 MB
2026-06-16 13:44:06 - finetune_logger - INFO - Test memory allocated: 18.14 MB
[2026-06-16 13:44:06,524][finetune_logger][INFO] - Test memory allocated: 18.14 MB
2026-06-16 13:44:06 - finetune_logger - INFO - Logged epoch test info to /public/home/202411094934/python_project/Spatio-Temporal-Library/time-series/2026-06-16/itransformer/pretrain10_finetune10/exchange_rate/time-series/seed_2/training_log.json
[2026-06-16 13:44:06,527][finetune_logger][INFO] - Logged epoch test info to /public/home/202411094934/python_project/Spatio-Temporal-Library/time-series/2026-06-16/itransformer/pretrain10_finetune10/exchange_rate/time-series/seed_2/training_log.json
