2026-06-19 22:37:10 - finetune_logger - INFO - No pretrained checkpoint is provided. Finetuning from scratch.
[2026-06-19 22:37:10,768][finetune_logger][INFO] - No pretrained checkpoint is provided. Finetuning from scratch.
2026-06-19 22:37:10 - finetune_logger - INFO - Model parameters: 159,554
[2026-06-19 22:37:10,770][finetune_logger][INFO] - Model parameters: 159,554
2026-06-19 22:37:10 - finetune_logger - INFO - Created new log file at /public/home/202411094934/python_project/Spatio-Temporal-Library/time-series/2026-06-19/patchtst/finetune20/pulse/time-series/seed_2/training_log.json
[2026-06-19 22:37:10,773][finetune_logger][INFO] - Created new log file at /public/home/202411094934/python_project/Spatio-Temporal-Library/time-series/2026-06-19/patchtst/finetune20/pulse/time-series/seed_2/training_log.json
2026-06-19 22:37:10 - finetune_logger - INFO - Starting training...
[2026-06-19 22:37:10,773][finetune_logger][INFO] - Starting training...
2026-06-19 22:37:10 - finetune_logger - INFO - Epoch 1/20
[2026-06-19 22:37:10,773][finetune_logger][INFO] - Epoch 1/20
2026-06-19 22:39:32 - finetune_logger - INFO - Train loss: 0.017693576008378387
[2026-06-19 22:39:32,342][finetune_logger][INFO] - Train loss: 0.017693576008378387
2026-06-19 22:39:32 - finetune_logger - INFO - Train time: 141.56871223449707s
[2026-06-19 22:39:32,343][finetune_logger][INFO] - Train time: 141.56871223449707s
2026-06-19 22:39:32 - finetune_logger - INFO - Train memory reserved: 24.00 MB
[2026-06-19 22:39:32,343][finetune_logger][INFO] - Train memory reserved: 24.00 MB
2026-06-19 22:39:32 - finetune_logger - INFO - Train memory allocated: 18.10 MB
[2026-06-19 22:39:32,343][finetune_logger][INFO] - Train memory allocated: 18.10 MB
2026-06-19 22:39:32 - finetune_logger - INFO - Current learning rate: 0.0005
[2026-06-19 22:39:32,343][finetune_logger][INFO] - Current learning rate: 0.0005
2026-06-19 22:39:41 - finetune_logger - INFO - Validation metrics: {'MAE': 0.020159602669043642, 'RMSE': 0.047177239905049906}
[2026-06-19 22:39:41,323][finetune_logger][INFO] - Validation metrics: {'MAE': 0.020159602669043642, 'RMSE': 0.047177239905049906}
2026-06-19 22:39:41 - finetune_logger - INFO - Val time: 8.98s
[2026-06-19 22:39:41,323][finetune_logger][INFO] - Val time: 8.98s
2026-06-19 22:39:41 - finetune_logger - INFO - Val memory reserved: 24.00 MB
[2026-06-19 22:39:41,323][finetune_logger][INFO] - Val memory reserved: 24.00 MB
2026-06-19 22:39:41 - finetune_logger - INFO - Val memory allocated: 18.10 MB
[2026-06-19 22:39:41,323][finetune_logger][INFO] - Val memory allocated: 18.10 MB
2026-06-19 22:39:41 - finetune_logger - INFO - Logged epoch 1 info to /public/home/202411094934/python_project/Spatio-Temporal-Library/time-series/2026-06-19/patchtst/finetune20/pulse/time-series/seed_2/training_log.json
[2026-06-19 22:39:41,327][finetune_logger][INFO] - Logged epoch 1 info to /public/home/202411094934/python_project/Spatio-Temporal-Library/time-series/2026-06-19/patchtst/finetune20/pulse/time-series/seed_2/training_log.json
2026-06-19 22:39:41 - finetune_logger - INFO - New best model! Val loss: 0.020160
[2026-06-19 22:39:41,327][finetune_logger][INFO] - New best model! Val loss: 0.020160
2026-06-19 22:40:00 - finetune_logger - INFO - Test metrics: {'MAE': 0.020160887717892317, 'RMSE': 0.047188916409236434}
[2026-06-19 22:40:00,399][finetune_logger][INFO] - Test metrics: {'MAE': 0.020160887717892317, 'RMSE': 0.047188916409236434}
2026-06-19 22:40:00 - finetune_logger - INFO - Test time: 18.95s
[2026-06-19 22:40:00,399][finetune_logger][INFO] - Test time: 18.95s
2026-06-19 22:40:00 - finetune_logger - INFO - Test memory reserved: 24.00 MB
[2026-06-19 22:40:00,400][finetune_logger][INFO] - Test memory reserved: 24.00 MB
2026-06-19 22:40:00 - finetune_logger - INFO - Test memory allocated: 18.10 MB
[2026-06-19 22:40:00,400][finetune_logger][INFO] - Test memory allocated: 18.10 MB
2026-06-19 22:40:00 - finetune_logger - INFO - Epoch 2/20
[2026-06-19 22:40:00,400][finetune_logger][INFO] - Epoch 2/20
2026-06-19 22:42:21 - finetune_logger - INFO - Train loss: 0.0071006762533437975
[2026-06-19 22:42:21,679][finetune_logger][INFO] - Train loss: 0.0071006762533437975
2026-06-19 22:42:21 - finetune_logger - INFO - Train time: 141.2785816192627s
[2026-06-19 22:42:21,679][finetune_logger][INFO] - Train time: 141.2785816192627s
2026-06-19 22:42:21 - finetune_logger - INFO - Train memory reserved: 24.00 MB
[2026-06-19 22:42:21,679][finetune_logger][INFO] - Train memory reserved: 24.00 MB
2026-06-19 22:42:21 - finetune_logger - INFO - Train memory allocated: 18.10 MB
[2026-06-19 22:42:21,679][finetune_logger][INFO] - Train memory allocated: 18.10 MB
2026-06-19 22:42:21 - finetune_logger - INFO - Current learning rate: 0.0005
[2026-06-19 22:42:21,680][finetune_logger][INFO] - Current learning rate: 0.0005
2026-06-19 22:42:30 - finetune_logger - INFO - Validation metrics: {'MAE': 0.01771940172017472, 'RMSE': 0.04363671952330193}
[2026-06-19 22:42:30,526][finetune_logger][INFO] - Validation metrics: {'MAE': 0.01771940172017472, 'RMSE': 0.04363671952330193}
2026-06-19 22:42:30 - finetune_logger - INFO - Val time: 8.85s
[2026-06-19 22:42:30,526][finetune_logger][INFO] - Val time: 8.85s
2026-06-19 22:42:30 - finetune_logger - INFO - Val memory reserved: 24.00 MB
[2026-06-19 22:42:30,526][finetune_logger][INFO] - Val memory reserved: 24.00 MB
2026-06-19 22:42:30 - finetune_logger - INFO - Val memory allocated: 18.10 MB
[2026-06-19 22:42:30,526][finetune_logger][INFO] - Val memory allocated: 18.10 MB
2026-06-19 22:42:30 - finetune_logger - INFO - Logged epoch 2 info to /public/home/202411094934/python_project/Spatio-Temporal-Library/time-series/2026-06-19/patchtst/finetune20/pulse/time-series/seed_2/training_log.json
[2026-06-19 22:42:30,529][finetune_logger][INFO] - Logged epoch 2 info to /public/home/202411094934/python_project/Spatio-Temporal-Library/time-series/2026-06-19/patchtst/finetune20/pulse/time-series/seed_2/training_log.json
2026-06-19 22:42:30 - finetune_logger - INFO - New best model! Val loss: 0.017719
[2026-06-19 22:42:30,529][finetune_logger][INFO] - New best model! Val loss: 0.017719
2026-06-19 22:42:49 - finetune_logger - INFO - Test metrics: {'MAE': 0.017719022956277676, 'RMSE': 0.04363362126559698}
[2026-06-19 22:42:49,489][finetune_logger][INFO] - Test metrics: {'MAE': 0.017719022956277676, 'RMSE': 0.04363362126559698}
2026-06-19 22:42:49 - finetune_logger - INFO - Test time: 18.93s
[2026-06-19 22:42:49,490][finetune_logger][INFO] - Test time: 18.93s
2026-06-19 22:42:49 - finetune_logger - INFO - Test memory reserved: 24.00 MB
[2026-06-19 22:42:49,490][finetune_logger][INFO] - Test memory reserved: 24.00 MB
2026-06-19 22:42:49 - finetune_logger - INFO - Test memory allocated: 18.10 MB
[2026-06-19 22:42:49,490][finetune_logger][INFO] - Test memory allocated: 18.10 MB
2026-06-19 22:42:49 - finetune_logger - INFO - Epoch 3/20
[2026-06-19 22:42:49,490][finetune_logger][INFO] - Epoch 3/20
2026-06-19 22:45:10 - finetune_logger - INFO - Train loss: 0.00542125245556234
[2026-06-19 22:45:10,600][finetune_logger][INFO] - Train loss: 0.00542125245556234
2026-06-19 22:45:10 - finetune_logger - INFO - Train time: 141.1097433567047s
[2026-06-19 22:45:10,601][finetune_logger][INFO] - Train time: 141.1097433567047s
2026-06-19 22:45:10 - finetune_logger - INFO - Train memory reserved: 24.00 MB
[2026-06-19 22:45:10,601][finetune_logger][INFO] - Train memory reserved: 24.00 MB
2026-06-19 22:45:10 - finetune_logger - INFO - Train memory allocated: 18.10 MB
[2026-06-19 22:45:10,601][finetune_logger][INFO] - Train memory allocated: 18.10 MB
2026-06-19 22:45:10 - finetune_logger - INFO - Current learning rate: 0.0005
[2026-06-19 22:45:10,601][finetune_logger][INFO] - Current learning rate: 0.0005
2026-06-19 22:45:19 - finetune_logger - INFO - Validation metrics: {'MAE': 0.017108362852822547, 'RMSE': 0.044895096965411704}
[2026-06-19 22:45:19,579][finetune_logger][INFO] - Validation metrics: {'MAE': 0.017108362852822547, 'RMSE': 0.044895096965411704}
2026-06-19 22:45:19 - finetune_logger - INFO - Val time: 8.98s
[2026-06-19 22:45:19,580][finetune_logger][INFO] - Val time: 8.98s
2026-06-19 22:45:19 - finetune_logger - INFO - Val memory reserved: 24.00 MB
[2026-06-19 22:45:19,580][finetune_logger][INFO] - Val memory reserved: 24.00 MB
2026-06-19 22:45:19 - finetune_logger - INFO - Val memory allocated: 18.10 MB
[2026-06-19 22:45:19,580][finetune_logger][INFO] - Val memory allocated: 18.10 MB
2026-06-19 22:45:19 - finetune_logger - INFO - Logged epoch 3 info to /public/home/202411094934/python_project/Spatio-Temporal-Library/time-series/2026-06-19/patchtst/finetune20/pulse/time-series/seed_2/training_log.json
[2026-06-19 22:45:19,583][finetune_logger][INFO] - Logged epoch 3 info to /public/home/202411094934/python_project/Spatio-Temporal-Library/time-series/2026-06-19/patchtst/finetune20/pulse/time-series/seed_2/training_log.json
2026-06-19 22:45:19 - finetune_logger - INFO - New best model! Val loss: 0.017108
[2026-06-19 22:45:19,583][finetune_logger][INFO] - New best model! Val loss: 0.017108
2026-06-19 22:45:38 - finetune_logger - INFO - Test metrics: {'MAE': 0.017106768409180646, 'RMSE': 0.0448884557389239}
[2026-06-19 22:45:38,573][finetune_logger][INFO] - Test metrics: {'MAE': 0.017106768409180646, 'RMSE': 0.0448884557389239}
2026-06-19 22:45:38 - finetune_logger - INFO - Test time: 18.96s
[2026-06-19 22:45:38,573][finetune_logger][INFO] - Test time: 18.96s
2026-06-19 22:45:38 - finetune_logger - INFO - Test memory reserved: 24.00 MB
[2026-06-19 22:45:38,573][finetune_logger][INFO] - Test memory reserved: 24.00 MB
2026-06-19 22:45:38 - finetune_logger - INFO - Test memory allocated: 18.10 MB
[2026-06-19 22:45:38,573][finetune_logger][INFO] - Test memory allocated: 18.10 MB
2026-06-19 22:45:38 - finetune_logger - INFO - Epoch 4/20
[2026-06-19 22:45:38,573][finetune_logger][INFO] - Epoch 4/20
2026-06-19 22:47:59 - finetune_logger - INFO - Train loss: 0.004524473248001514
[2026-06-19 22:47:59,885][finetune_logger][INFO] - Train loss: 0.004524473248001514
2026-06-19 22:47:59 - finetune_logger - INFO - Train time: 141.31115174293518s
[2026-06-19 22:47:59,885][finetune_logger][INFO] - Train time: 141.31115174293518s
2026-06-19 22:47:59 - finetune_logger - INFO - Train memory reserved: 24.00 MB
[2026-06-19 22:47:59,885][finetune_logger][INFO] - Train memory reserved: 24.00 MB
2026-06-19 22:47:59 - finetune_logger - INFO - Train memory allocated: 18.10 MB
[2026-06-19 22:47:59,885][finetune_logger][INFO] - Train memory allocated: 18.10 MB
2026-06-19 22:47:59 - finetune_logger - INFO - Current learning rate: 0.0005
[2026-06-19 22:47:59,886][finetune_logger][INFO] - Current learning rate: 0.0005
2026-06-19 22:48:08 - finetune_logger - INFO - Validation metrics: {'MAE': 0.018434692680419418, 'RMSE': 0.05031225721333115}
[2026-06-19 22:48:08,840][finetune_logger][INFO] - Validation metrics: {'MAE': 0.018434692680419418, 'RMSE': 0.05031225721333115}
2026-06-19 22:48:08 - finetune_logger - INFO - Val time: 8.95s
[2026-06-19 22:48:08,841][finetune_logger][INFO] - Val time: 8.95s
2026-06-19 22:48:08 - finetune_logger - INFO - Val memory reserved: 24.00 MB
[2026-06-19 22:48:08,841][finetune_logger][INFO] - Val memory reserved: 24.00 MB
2026-06-19 22:48:08 - finetune_logger - INFO - Val memory allocated: 18.10 MB
[2026-06-19 22:48:08,841][finetune_logger][INFO] - Val memory allocated: 18.10 MB
2026-06-19 22:48:08 - finetune_logger - INFO - Logged epoch 4 info to /public/home/202411094934/python_project/Spatio-Temporal-Library/time-series/2026-06-19/patchtst/finetune20/pulse/time-series/seed_2/training_log.json
[2026-06-19 22:48:08,844][finetune_logger][INFO] - Logged epoch 4 info to /public/home/202411094934/python_project/Spatio-Temporal-Library/time-series/2026-06-19/patchtst/finetune20/pulse/time-series/seed_2/training_log.json
2026-06-19 22:48:27 - finetune_logger - INFO - Test metrics: {'MAE': 0.018432571741942558, 'RMSE': 0.050300972127617936}
[2026-06-19 22:48:27,836][finetune_logger][INFO] - Test metrics: {'MAE': 0.018432571741942558, 'RMSE': 0.050300972127617936}
2026-06-19 22:48:27 - finetune_logger - INFO - Test time: 18.99s
[2026-06-19 22:48:27,836][finetune_logger][INFO] - Test time: 18.99s
2026-06-19 22:48:27 - finetune_logger - INFO - Test memory reserved: 24.00 MB
[2026-06-19 22:48:27,836][finetune_logger][INFO] - Test memory reserved: 24.00 MB
2026-06-19 22:48:27 - finetune_logger - INFO - Test memory allocated: 18.10 MB
[2026-06-19 22:48:27,836][finetune_logger][INFO] - Test memory allocated: 18.10 MB
2026-06-19 22:48:27 - finetune_logger - INFO - Epoch 5/20
[2026-06-19 22:48:27,836][finetune_logger][INFO] - Epoch 5/20
2026-06-19 22:50:49 - finetune_logger - INFO - Train loss: 0.0038301326233094457
[2026-06-19 22:50:49,096][finetune_logger][INFO] - Train loss: 0.0038301326233094457
2026-06-19 22:50:49 - finetune_logger - INFO - Train time: 141.2596151828766s
[2026-06-19 22:50:49,097][finetune_logger][INFO] - Train time: 141.2596151828766s
2026-06-19 22:50:49 - finetune_logger - INFO - Train memory reserved: 24.00 MB
[2026-06-19 22:50:49,097][finetune_logger][INFO] - Train memory reserved: 24.00 MB
2026-06-19 22:50:49 - finetune_logger - INFO - Train memory allocated: 18.10 MB
[2026-06-19 22:50:49,097][finetune_logger][INFO] - Train memory allocated: 18.10 MB
2026-06-19 22:50:49 - finetune_logger - INFO - Current learning rate: 0.0005
[2026-06-19 22:50:49,097][finetune_logger][INFO] - Current learning rate: 0.0005
2026-06-19 22:50:58 - finetune_logger - INFO - Validation metrics: {'MAE': 0.019030413098825326, 'RMSE': 0.05367611176774626}
[2026-06-19 22:50:58,033][finetune_logger][INFO] - Validation metrics: {'MAE': 0.019030413098825326, 'RMSE': 0.05367611176774626}
2026-06-19 22:50:58 - finetune_logger - INFO - Val time: 8.94s
[2026-06-19 22:50:58,033][finetune_logger][INFO] - Val time: 8.94s
2026-06-19 22:50:58 - finetune_logger - INFO - Val memory reserved: 24.00 MB
[2026-06-19 22:50:58,034][finetune_logger][INFO] - Val memory reserved: 24.00 MB
2026-06-19 22:50:58 - finetune_logger - INFO - Val memory allocated: 18.10 MB
[2026-06-19 22:50:58,034][finetune_logger][INFO] - Val memory allocated: 18.10 MB
2026-06-19 22:50:58 - finetune_logger - INFO - Logged epoch 5 info to /public/home/202411094934/python_project/Spatio-Temporal-Library/time-series/2026-06-19/patchtst/finetune20/pulse/time-series/seed_2/training_log.json
[2026-06-19 22:50:58,037][finetune_logger][INFO] - Logged epoch 5 info to /public/home/202411094934/python_project/Spatio-Temporal-Library/time-series/2026-06-19/patchtst/finetune20/pulse/time-series/seed_2/training_log.json
2026-06-19 22:51:17 - finetune_logger - INFO - Test metrics: {'MAE': 0.01902382589916436, 'RMSE': 0.05365347790858824}
[2026-06-19 22:51:17,017][finetune_logger][INFO] - Test metrics: {'MAE': 0.01902382589916436, 'RMSE': 0.05365347790858824}
2026-06-19 22:51:17 - finetune_logger - INFO - Test time: 18.98s
[2026-06-19 22:51:17,017][finetune_logger][INFO] - Test time: 18.98s
2026-06-19 22:51:17 - finetune_logger - INFO - Test memory reserved: 24.00 MB
[2026-06-19 22:51:17,017][finetune_logger][INFO] - Test memory reserved: 24.00 MB
2026-06-19 22:51:17 - finetune_logger - INFO - Test memory allocated: 18.10 MB
[2026-06-19 22:51:17,017][finetune_logger][INFO] - Test memory allocated: 18.10 MB
2026-06-19 22:51:17 - finetune_logger - INFO - Epoch 6/20
[2026-06-19 22:51:17,017][finetune_logger][INFO] - Epoch 6/20
2026-06-19 22:53:38 - finetune_logger - INFO - Train loss: 0.0034329859726114
[2026-06-19 22:53:38,338][finetune_logger][INFO] - Train loss: 0.0034329859726114
2026-06-19 22:53:38 - finetune_logger - INFO - Train time: 141.31984186172485s
[2026-06-19 22:53:38,338][finetune_logger][INFO] - Train time: 141.31984186172485s
2026-06-19 22:53:38 - finetune_logger - INFO - Train memory reserved: 24.00 MB
[2026-06-19 22:53:38,338][finetune_logger][INFO] - Train memory reserved: 24.00 MB
2026-06-19 22:53:38 - finetune_logger - INFO - Train memory allocated: 18.10 MB
[2026-06-19 22:53:38,338][finetune_logger][INFO] - Train memory allocated: 18.10 MB
2026-06-19 22:53:38 - finetune_logger - INFO - Current learning rate: 0.0005
[2026-06-19 22:53:38,338][finetune_logger][INFO] - Current learning rate: 0.0005
2026-06-19 22:53:47 - finetune_logger - INFO - Validation metrics: {'MAE': 0.022312051319333042, 'RMSE': 0.06429264903559538}
[2026-06-19 22:53:47,261][finetune_logger][INFO] - Validation metrics: {'MAE': 0.022312051319333042, 'RMSE': 0.06429264903559538}
2026-06-19 22:53:47 - finetune_logger - INFO - Val time: 8.92s
[2026-06-19 22:53:47,261][finetune_logger][INFO] - Val time: 8.92s
2026-06-19 22:53:47 - finetune_logger - INFO - Val memory reserved: 24.00 MB
[2026-06-19 22:53:47,262][finetune_logger][INFO] - Val memory reserved: 24.00 MB
2026-06-19 22:53:47 - finetune_logger - INFO - Val memory allocated: 18.10 MB
[2026-06-19 22:53:47,262][finetune_logger][INFO] - Val memory allocated: 18.10 MB
2026-06-19 22:53:47 - finetune_logger - INFO - Logged epoch 6 info to /public/home/202411094934/python_project/Spatio-Temporal-Library/time-series/2026-06-19/patchtst/finetune20/pulse/time-series/seed_2/training_log.json
[2026-06-19 22:53:47,264][finetune_logger][INFO] - Logged epoch 6 info to /public/home/202411094934/python_project/Spatio-Temporal-Library/time-series/2026-06-19/patchtst/finetune20/pulse/time-series/seed_2/training_log.json
2026-06-19 22:54:06 - finetune_logger - INFO - Test metrics: {'MAE': 0.022306689890586453, 'RMSE': 0.06427669254428785}
[2026-06-19 22:54:06,171][finetune_logger][INFO] - Test metrics: {'MAE': 0.022306689890586453, 'RMSE': 0.06427669254428785}
2026-06-19 22:54:06 - finetune_logger - INFO - Test time: 18.91s
[2026-06-19 22:54:06,171][finetune_logger][INFO] - Test time: 18.91s
2026-06-19 22:54:06 - finetune_logger - INFO - Test memory reserved: 24.00 MB
[2026-06-19 22:54:06,172][finetune_logger][INFO] - Test memory reserved: 24.00 MB
2026-06-19 22:54:06 - finetune_logger - INFO - Test memory allocated: 18.10 MB
[2026-06-19 22:54:06,172][finetune_logger][INFO] - Test memory allocated: 18.10 MB
2026-06-19 22:54:06 - finetune_logger - INFO - Epoch 7/20
[2026-06-19 22:54:06,172][finetune_logger][INFO] - Epoch 7/20
2026-06-19 22:56:27 - finetune_logger - INFO - Train loss: 0.0031155132738213904
[2026-06-19 22:56:27,366][finetune_logger][INFO] - Train loss: 0.0031155132738213904
2026-06-19 22:56:27 - finetune_logger - INFO - Train time: 141.19384860992432s
[2026-06-19 22:56:27,366][finetune_logger][INFO] - Train time: 141.19384860992432s
2026-06-19 22:56:27 - finetune_logger - INFO - Train memory reserved: 24.00 MB
[2026-06-19 22:56:27,366][finetune_logger][INFO] - Train memory reserved: 24.00 MB
2026-06-19 22:56:27 - finetune_logger - INFO - Train memory allocated: 18.10 MB
[2026-06-19 22:56:27,367][finetune_logger][INFO] - Train memory allocated: 18.10 MB
2026-06-19 22:56:27 - finetune_logger - INFO - Current learning rate: 0.0005
[2026-06-19 22:56:27,367][finetune_logger][INFO] - Current learning rate: 0.0005
2026-06-19 22:56:36 - finetune_logger - INFO - Validation metrics: {'MAE': 0.025563038006574283, 'RMSE': 0.07488472470453256}
[2026-06-19 22:56:36,316][finetune_logger][INFO] - Validation metrics: {'MAE': 0.025563038006574283, 'RMSE': 0.07488472470453256}
2026-06-19 22:56:36 - finetune_logger - INFO - Val time: 8.95s
[2026-06-19 22:56:36,317][finetune_logger][INFO] - Val time: 8.95s
2026-06-19 22:56:36 - finetune_logger - INFO - Val memory reserved: 24.00 MB
[2026-06-19 22:56:36,317][finetune_logger][INFO] - Val memory reserved: 24.00 MB
2026-06-19 22:56:36 - finetune_logger - INFO - Val memory allocated: 18.10 MB
[2026-06-19 22:56:36,317][finetune_logger][INFO] - Val memory allocated: 18.10 MB
2026-06-19 22:56:36 - finetune_logger - INFO - Logged epoch 7 info to /public/home/202411094934/python_project/Spatio-Temporal-Library/time-series/2026-06-19/patchtst/finetune20/pulse/time-series/seed_2/training_log.json
[2026-06-19 22:56:36,320][finetune_logger][INFO] - Logged epoch 7 info to /public/home/202411094934/python_project/Spatio-Temporal-Library/time-series/2026-06-19/patchtst/finetune20/pulse/time-series/seed_2/training_log.json
2026-06-19 22:56:55 - finetune_logger - INFO - Test metrics: {'MAE': 0.02555202989477192, 'RMSE': 0.07485212151045732}
[2026-06-19 22:56:55,255][finetune_logger][INFO] - Test metrics: {'MAE': 0.02555202989477192, 'RMSE': 0.07485212151045732}
2026-06-19 22:56:55 - finetune_logger - INFO - Test time: 18.93s
[2026-06-19 22:56:55,256][finetune_logger][INFO] - Test time: 18.93s
2026-06-19 22:56:55 - finetune_logger - INFO - Test memory reserved: 24.00 MB
[2026-06-19 22:56:55,256][finetune_logger][INFO] - Test memory reserved: 24.00 MB
2026-06-19 22:56:55 - finetune_logger - INFO - Test memory allocated: 18.10 MB
[2026-06-19 22:56:55,256][finetune_logger][INFO] - Test memory allocated: 18.10 MB
2026-06-19 22:56:55 - finetune_logger - INFO - Epoch 8/20
[2026-06-19 22:56:55,256][finetune_logger][INFO] - Epoch 8/20
2026-06-19 22:59:16 - finetune_logger - INFO - Train loss: 0.002887620343550593
[2026-06-19 22:59:16,355][finetune_logger][INFO] - Train loss: 0.002887620343550593
2026-06-19 22:59:16 - finetune_logger - INFO - Train time: 141.09806728363037s
[2026-06-19 22:59:16,355][finetune_logger][INFO] - Train time: 141.09806728363037s
2026-06-19 22:59:16 - finetune_logger - INFO - Train memory reserved: 24.00 MB
[2026-06-19 22:59:16,355][finetune_logger][INFO] - Train memory reserved: 24.00 MB
2026-06-19 22:59:16 - finetune_logger - INFO - Train memory allocated: 18.10 MB
[2026-06-19 22:59:16,355][finetune_logger][INFO] - Train memory allocated: 18.10 MB
2026-06-19 22:59:16 - finetune_logger - INFO - Current learning rate: 0.0005
[2026-06-19 22:59:16,355][finetune_logger][INFO] - Current learning rate: 0.0005
2026-06-19 22:59:25 - finetune_logger - INFO - Validation metrics: {'MAE': 0.027170655516678043, 'RMSE': 0.07991885097649339}
[2026-06-19 22:59:25,263][finetune_logger][INFO] - Validation metrics: {'MAE': 0.027170655516678043, 'RMSE': 0.07991885097649339}
2026-06-19 22:59:25 - finetune_logger - INFO - Val time: 8.91s
[2026-06-19 22:59:25,263][finetune_logger][INFO] - Val time: 8.91s
2026-06-19 22:59:25 - finetune_logger - INFO - Val memory reserved: 24.00 MB
[2026-06-19 22:59:25,263][finetune_logger][INFO] - Val memory reserved: 24.00 MB
2026-06-19 22:59:25 - finetune_logger - INFO - Val memory allocated: 18.10 MB
[2026-06-19 22:59:25,263][finetune_logger][INFO] - Val memory allocated: 18.10 MB
2026-06-19 22:59:25 - finetune_logger - INFO - Logged epoch 8 info to /public/home/202411094934/python_project/Spatio-Temporal-Library/time-series/2026-06-19/patchtst/finetune20/pulse/time-series/seed_2/training_log.json
[2026-06-19 22:59:25,267][finetune_logger][INFO] - Logged epoch 8 info to /public/home/202411094934/python_project/Spatio-Temporal-Library/time-series/2026-06-19/patchtst/finetune20/pulse/time-series/seed_2/training_log.json
2026-06-19 22:59:44 - finetune_logger - INFO - Test metrics: {'MAE': 0.02716547976209409, 'RMSE': 0.07990193695665501}
[2026-06-19 22:59:44,174][finetune_logger][INFO] - Test metrics: {'MAE': 0.02716547976209409, 'RMSE': 0.07990193695665501}
2026-06-19 22:59:44 - finetune_logger - INFO - Test time: 18.91s
[2026-06-19 22:59:44,174][finetune_logger][INFO] - Test time: 18.91s
2026-06-19 22:59:44 - finetune_logger - INFO - Test memory reserved: 24.00 MB
[2026-06-19 22:59:44,174][finetune_logger][INFO] - Test memory reserved: 24.00 MB
2026-06-19 22:59:44 - finetune_logger - INFO - Test memory allocated: 18.10 MB
[2026-06-19 22:59:44,174][finetune_logger][INFO] - Test memory allocated: 18.10 MB
2026-06-19 22:59:44 - finetune_logger - INFO - Epoch 9/20
[2026-06-19 22:59:44,174][finetune_logger][INFO] - Epoch 9/20
2026-06-19 23:02:05 - finetune_logger - INFO - Train loss: 0.0027388112880723124
[2026-06-19 23:02:05,494][finetune_logger][INFO] - Train loss: 0.0027388112880723124
2026-06-19 23:02:05 - finetune_logger - INFO - Train time: 141.31916308403015s
[2026-06-19 23:02:05,494][finetune_logger][INFO] - Train time: 141.31916308403015s
2026-06-19 23:02:05 - finetune_logger - INFO - Train memory reserved: 24.00 MB
[2026-06-19 23:02:05,494][finetune_logger][INFO] - Train memory reserved: 24.00 MB
2026-06-19 23:02:05 - finetune_logger - INFO - Train memory allocated: 18.10 MB
[2026-06-19 23:02:05,494][finetune_logger][INFO] - Train memory allocated: 18.10 MB
2026-06-19 23:02:05 - finetune_logger - INFO - Current learning rate: 0.0005
[2026-06-19 23:02:05,495][finetune_logger][INFO] - Current learning rate: 0.0005
2026-06-19 23:02:14 - finetune_logger - INFO - Validation metrics: {'MAE': 0.026397383876977407, 'RMSE': 0.07731361647475403}
[2026-06-19 23:02:14,433][finetune_logger][INFO] - Validation metrics: {'MAE': 0.026397383876977407, 'RMSE': 0.07731361647475403}
2026-06-19 23:02:14 - finetune_logger - INFO - Val time: 8.94s
[2026-06-19 23:02:14,433][finetune_logger][INFO] - Val time: 8.94s
2026-06-19 23:02:14 - finetune_logger - INFO - Val memory reserved: 24.00 MB
[2026-06-19 23:02:14,434][finetune_logger][INFO] - Val memory reserved: 24.00 MB
2026-06-19 23:02:14 - finetune_logger - INFO - Val memory allocated: 18.10 MB
[2026-06-19 23:02:14,434][finetune_logger][INFO] - Val memory allocated: 18.10 MB
2026-06-19 23:02:14 - finetune_logger - INFO - Logged epoch 9 info to /public/home/202411094934/python_project/Spatio-Temporal-Library/time-series/2026-06-19/patchtst/finetune20/pulse/time-series/seed_2/training_log.json
[2026-06-19 23:02:14,437][finetune_logger][INFO] - Logged epoch 9 info to /public/home/202411094934/python_project/Spatio-Temporal-Library/time-series/2026-06-19/patchtst/finetune20/pulse/time-series/seed_2/training_log.json
2026-06-19 23:02:33 - finetune_logger - INFO - Test metrics: {'MAE': 0.026390085266393238, 'RMSE': 0.07729064526337291}
[2026-06-19 23:02:33,453][finetune_logger][INFO] - Test metrics: {'MAE': 0.026390085266393238, 'RMSE': 0.07729064526337291}
2026-06-19 23:02:33 - finetune_logger - INFO - Test time: 19.02s
[2026-06-19 23:02:33,453][finetune_logger][INFO] - Test time: 19.02s
2026-06-19 23:02:33 - finetune_logger - INFO - Test memory reserved: 24.00 MB
[2026-06-19 23:02:33,453][finetune_logger][INFO] - Test memory reserved: 24.00 MB
2026-06-19 23:02:33 - finetune_logger - INFO - Test memory allocated: 18.10 MB
[2026-06-19 23:02:33,453][finetune_logger][INFO] - Test memory allocated: 18.10 MB
2026-06-19 23:02:33 - finetune_logger - INFO - Epoch 10/20
[2026-06-19 23:02:33,454][finetune_logger][INFO] - Epoch 10/20
2026-06-19 23:04:54 - finetune_logger - INFO - Train loss: 0.002586602266589406
[2026-06-19 23:04:54,779][finetune_logger][INFO] - Train loss: 0.002586602266589406
2026-06-19 23:04:54 - finetune_logger - INFO - Train time: 141.32457613945007s
[2026-06-19 23:04:54,779][finetune_logger][INFO] - Train time: 141.32457613945007s
2026-06-19 23:04:54 - finetune_logger - INFO - Train memory reserved: 24.00 MB
[2026-06-19 23:04:54,779][finetune_logger][INFO] - Train memory reserved: 24.00 MB
2026-06-19 23:04:54 - finetune_logger - INFO - Train memory allocated: 18.10 MB
[2026-06-19 23:04:54,779][finetune_logger][INFO] - Train memory allocated: 18.10 MB
2026-06-19 23:04:54 - finetune_logger - INFO - Current learning rate: 0.0005
[2026-06-19 23:04:54,779][finetune_logger][INFO] - Current learning rate: 0.0005
2026-06-19 23:05:03 - finetune_logger - INFO - Validation metrics: {'MAE': 0.03439312714517625, 'RMSE': 0.10110304003693467}
[2026-06-19 23:05:03,672][finetune_logger][INFO] - Validation metrics: {'MAE': 0.03439312714517625, 'RMSE': 0.10110304003693467}
2026-06-19 23:05:03 - finetune_logger - INFO - Val time: 8.89s
[2026-06-19 23:05:03,672][finetune_logger][INFO] - Val time: 8.89s
2026-06-19 23:05:03 - finetune_logger - INFO - Val memory reserved: 24.00 MB
[2026-06-19 23:05:03,672][finetune_logger][INFO] - Val memory reserved: 24.00 MB
2026-06-19 23:05:03 - finetune_logger - INFO - Val memory allocated: 18.10 MB
[2026-06-19 23:05:03,672][finetune_logger][INFO] - Val memory allocated: 18.10 MB
2026-06-19 23:05:03 - finetune_logger - INFO - Logged epoch 10 info to /public/home/202411094934/python_project/Spatio-Temporal-Library/time-series/2026-06-19/patchtst/finetune20/pulse/time-series/seed_2/training_log.json
[2026-06-19 23:05:03,675][finetune_logger][INFO] - Logged epoch 10 info to /public/home/202411094934/python_project/Spatio-Temporal-Library/time-series/2026-06-19/patchtst/finetune20/pulse/time-series/seed_2/training_log.json
2026-06-19 23:05:22 - finetune_logger - INFO - Test metrics: {'MAE': 0.03438310136841971, 'RMSE': 0.10107412173963559}
[2026-06-19 23:05:22,635][finetune_logger][INFO] - Test metrics: {'MAE': 0.03438310136841971, 'RMSE': 0.10107412173963559}
2026-06-19 23:05:22 - finetune_logger - INFO - Test time: 18.94s
[2026-06-19 23:05:22,636][finetune_logger][INFO] - Test time: 18.94s
2026-06-19 23:05:22 - finetune_logger - INFO - Test memory reserved: 24.00 MB
[2026-06-19 23:05:22,636][finetune_logger][INFO] - Test memory reserved: 24.00 MB
2026-06-19 23:05:22 - finetune_logger - INFO - Test memory allocated: 18.10 MB
[2026-06-19 23:05:22,636][finetune_logger][INFO] - Test memory allocated: 18.10 MB
2026-06-19 23:05:22 - finetune_logger - INFO - Epoch 11/20
[2026-06-19 23:05:22,636][finetune_logger][INFO] - Epoch 11/20
2026-06-19 23:07:43 - finetune_logger - INFO - Train loss: 0.0013873100117848033
[2026-06-19 23:07:43,290][finetune_logger][INFO] - Train loss: 0.0013873100117848033
2026-06-19 23:07:43 - finetune_logger - INFO - Train time: 140.65378284454346s
[2026-06-19 23:07:43,290][finetune_logger][INFO] - Train time: 140.65378284454346s
2026-06-19 23:07:43 - finetune_logger - INFO - Train memory reserved: 24.00 MB
[2026-06-19 23:07:43,291][finetune_logger][INFO] - Train memory reserved: 24.00 MB
2026-06-19 23:07:43 - finetune_logger - INFO - Train memory allocated: 18.10 MB
[2026-06-19 23:07:43,291][finetune_logger][INFO] - Train memory allocated: 18.10 MB
2026-06-19 23:07:43 - finetune_logger - INFO - Current learning rate: 0.00025
[2026-06-19 23:07:43,291][finetune_logger][INFO] - Current learning rate: 0.00025
2026-06-19 23:07:52 - finetune_logger - INFO - Validation metrics: {'MAE': 0.03671637114276173, 'RMSE': 0.10842925597270435}
[2026-06-19 23:07:52,214][finetune_logger][INFO] - Validation metrics: {'MAE': 0.03671637114276173, 'RMSE': 0.10842925597270435}
2026-06-19 23:07:52 - finetune_logger - INFO - Val time: 8.92s
[2026-06-19 23:07:52,215][finetune_logger][INFO] - Val time: 8.92s
2026-06-19 23:07:52 - finetune_logger - INFO - Val memory reserved: 24.00 MB
[2026-06-19 23:07:52,215][finetune_logger][INFO] - Val memory reserved: 24.00 MB
2026-06-19 23:07:52 - finetune_logger - INFO - Val memory allocated: 18.10 MB
[2026-06-19 23:07:52,215][finetune_logger][INFO] - Val memory allocated: 18.10 MB
2026-06-19 23:07:52 - finetune_logger - INFO - Logged epoch 11 info to /public/home/202411094934/python_project/Spatio-Temporal-Library/time-series/2026-06-19/patchtst/finetune20/pulse/time-series/seed_2/training_log.json
[2026-06-19 23:07:52,218][finetune_logger][INFO] - Logged epoch 11 info to /public/home/202411094934/python_project/Spatio-Temporal-Library/time-series/2026-06-19/patchtst/finetune20/pulse/time-series/seed_2/training_log.json
2026-06-19 23:08:11 - finetune_logger - INFO - Test metrics: {'MAE': 0.03670316372235846, 'RMSE': 0.1083916634828529}
[2026-06-19 23:08:11,233][finetune_logger][INFO] - Test metrics: {'MAE': 0.03670316372235846, 'RMSE': 0.1083916634828529}
2026-06-19 23:08:11 - finetune_logger - INFO - Test time: 19.01s
[2026-06-19 23:08:11,233][finetune_logger][INFO] - Test time: 19.01s
2026-06-19 23:08:11 - finetune_logger - INFO - Test memory reserved: 24.00 MB
[2026-06-19 23:08:11,233][finetune_logger][INFO] - Test memory reserved: 24.00 MB
2026-06-19 23:08:11 - finetune_logger - INFO - Test memory allocated: 18.10 MB
[2026-06-19 23:08:11,233][finetune_logger][INFO] - Test memory allocated: 18.10 MB
2026-06-19 23:08:11 - finetune_logger - INFO - Epoch 12/20
[2026-06-19 23:08:11,233][finetune_logger][INFO] - Epoch 12/20
2026-06-19 23:10:32 - finetune_logger - INFO - Train loss: 0.0013494047920516816
[2026-06-19 23:10:32,530][finetune_logger][INFO] - Train loss: 0.0013494047920516816
2026-06-19 23:10:32 - finetune_logger - INFO - Train time: 141.29640078544617s
[2026-06-19 23:10:32,532][finetune_logger][INFO] - Train time: 141.29640078544617s
2026-06-19 23:10:32 - finetune_logger - INFO - Train memory reserved: 24.00 MB
[2026-06-19 23:10:32,532][finetune_logger][INFO] - Train memory reserved: 24.00 MB
2026-06-19 23:10:32 - finetune_logger - INFO - Train memory allocated: 18.10 MB
[2026-06-19 23:10:32,532][finetune_logger][INFO] - Train memory allocated: 18.10 MB
2026-06-19 23:10:32 - finetune_logger - INFO - Current learning rate: 0.00025
[2026-06-19 23:10:32,532][finetune_logger][INFO] - Current learning rate: 0.00025
2026-06-19 23:10:41 - finetune_logger - INFO - Validation metrics: {'MAE': 0.031949404685258906, 'RMSE': 0.09393533591479897}
[2026-06-19 23:10:41,451][finetune_logger][INFO] - Validation metrics: {'MAE': 0.031949404685258906, 'RMSE': 0.09393533591479897}
2026-06-19 23:10:41 - finetune_logger - INFO - Val time: 8.92s
[2026-06-19 23:10:41,451][finetune_logger][INFO] - Val time: 8.92s
2026-06-19 23:10:41 - finetune_logger - INFO - Val memory reserved: 24.00 MB
[2026-06-19 23:10:41,451][finetune_logger][INFO] - Val memory reserved: 24.00 MB
2026-06-19 23:10:41 - finetune_logger - INFO - Val memory allocated: 18.10 MB
[2026-06-19 23:10:41,451][finetune_logger][INFO] - Val memory allocated: 18.10 MB
2026-06-19 23:10:41 - finetune_logger - INFO - Logged epoch 12 info to /public/home/202411094934/python_project/Spatio-Temporal-Library/time-series/2026-06-19/patchtst/finetune20/pulse/time-series/seed_2/training_log.json
[2026-06-19 23:10:41,454][finetune_logger][INFO] - Logged epoch 12 info to /public/home/202411094934/python_project/Spatio-Temporal-Library/time-series/2026-06-19/patchtst/finetune20/pulse/time-series/seed_2/training_log.json
2026-06-19 23:11:00 - finetune_logger - INFO - Test metrics: {'MAE': 0.03193412866960653, 'RMSE': 0.09389008791552703}
[2026-06-19 23:11:00,381][finetune_logger][INFO] - Test metrics: {'MAE': 0.03193412866960653, 'RMSE': 0.09389008791552703}
2026-06-19 23:11:00 - finetune_logger - INFO - Test time: 18.93s
[2026-06-19 23:11:00,381][finetune_logger][INFO] - Test time: 18.93s
2026-06-19 23:11:00 - finetune_logger - INFO - Test memory reserved: 24.00 MB
[2026-06-19 23:11:00,381][finetune_logger][INFO] - Test memory reserved: 24.00 MB
2026-06-19 23:11:00 - finetune_logger - INFO - Test memory allocated: 18.10 MB
[2026-06-19 23:11:00,381][finetune_logger][INFO] - Test memory allocated: 18.10 MB
2026-06-19 23:11:00 - finetune_logger - INFO - Epoch 13/20
[2026-06-19 23:11:00,381][finetune_logger][INFO] - Epoch 13/20
2026-06-19 23:13:21 - finetune_logger - INFO - Train loss: 0.0013146138633050842
[2026-06-19 23:13:21,729][finetune_logger][INFO] - Train loss: 0.0013146138633050842
2026-06-19 23:13:21 - finetune_logger - INFO - Train time: 141.34760284423828s
[2026-06-19 23:13:21,730][finetune_logger][INFO] - Train time: 141.34760284423828s
2026-06-19 23:13:21 - finetune_logger - INFO - Train memory reserved: 24.00 MB
[2026-06-19 23:13:21,730][finetune_logger][INFO] - Train memory reserved: 24.00 MB
2026-06-19 23:13:21 - finetune_logger - INFO - Train memory allocated: 18.10 MB
[2026-06-19 23:13:21,730][finetune_logger][INFO] - Train memory allocated: 18.10 MB
2026-06-19 23:13:21 - finetune_logger - INFO - Current learning rate: 0.00025
[2026-06-19 23:13:21,730][finetune_logger][INFO] - Current learning rate: 0.00025
2026-06-19 23:13:30 - finetune_logger - INFO - Validation metrics: {'MAE': 0.033776755412416024, 'RMSE': 0.09938602575413127}
[2026-06-19 23:13:30,651][finetune_logger][INFO] - Validation metrics: {'MAE': 0.033776755412416024, 'RMSE': 0.09938602575413127}
2026-06-19 23:13:30 - finetune_logger - INFO - Val time: 8.92s
[2026-06-19 23:13:30,651][finetune_logger][INFO] - Val time: 8.92s
2026-06-19 23:13:30 - finetune_logger - INFO - Val memory reserved: 24.00 MB
[2026-06-19 23:13:30,652][finetune_logger][INFO] - Val memory reserved: 24.00 MB
2026-06-19 23:13:30 - finetune_logger - INFO - Val memory allocated: 18.10 MB
[2026-06-19 23:13:30,652][finetune_logger][INFO] - Val memory allocated: 18.10 MB
2026-06-19 23:13:30 - finetune_logger - INFO - Logged epoch 13 info to /public/home/202411094934/python_project/Spatio-Temporal-Library/time-series/2026-06-19/patchtst/finetune20/pulse/time-series/seed_2/training_log.json
[2026-06-19 23:13:30,655][finetune_logger][INFO] - Logged epoch 13 info to /public/home/202411094934/python_project/Spatio-Temporal-Library/time-series/2026-06-19/patchtst/finetune20/pulse/time-series/seed_2/training_log.json
2026-06-19 23:13:49 - finetune_logger - INFO - Test metrics: {'MAE': 0.03375952068358166, 'RMSE': 0.09933608059407031}
[2026-06-19 23:13:49,582][finetune_logger][INFO] - Test metrics: {'MAE': 0.03375952068358166, 'RMSE': 0.09933608059407031}
2026-06-19 23:13:49 - finetune_logger - INFO - Test time: 18.93s
[2026-06-19 23:13:49,582][finetune_logger][INFO] - Test time: 18.93s
2026-06-19 23:13:49 - finetune_logger - INFO - Test memory reserved: 24.00 MB
[2026-06-19 23:13:49,582][finetune_logger][INFO] - Test memory reserved: 24.00 MB
2026-06-19 23:13:49 - finetune_logger - INFO - Test memory allocated: 18.10 MB
[2026-06-19 23:13:49,582][finetune_logger][INFO] - Test memory allocated: 18.10 MB
2026-06-19 23:13:49 - finetune_logger - INFO - Epoch 14/20
[2026-06-19 23:13:49,582][finetune_logger][INFO] - Epoch 14/20
2026-06-19 23:16:10 - finetune_logger - INFO - Train loss: 0.001285846108052691
[2026-06-19 23:16:10,946][finetune_logger][INFO] - Train loss: 0.001285846108052691
2026-06-19 23:16:10 - finetune_logger - INFO - Train time: 141.36277794837952s
[2026-06-19 23:16:10,946][finetune_logger][INFO] - Train time: 141.36277794837952s
2026-06-19 23:16:10 - finetune_logger - INFO - Train memory reserved: 24.00 MB
[2026-06-19 23:16:10,946][finetune_logger][INFO] - Train memory reserved: 24.00 MB
2026-06-19 23:16:10 - finetune_logger - INFO - Train memory allocated: 18.10 MB
[2026-06-19 23:16:10,946][finetune_logger][INFO] - Train memory allocated: 18.10 MB
2026-06-19 23:16:10 - finetune_logger - INFO - Current learning rate: 0.00025
[2026-06-19 23:16:10,946][finetune_logger][INFO] - Current learning rate: 0.00025
2026-06-19 23:16:19 - finetune_logger - INFO - Validation metrics: {'MAE': 0.037118006556329464, 'RMSE': 0.10944567763841653}
[2026-06-19 23:16:19,856][finetune_logger][INFO] - Validation metrics: {'MAE': 0.037118006556329464, 'RMSE': 0.10944567763841653}
2026-06-19 23:16:19 - finetune_logger - INFO - Val time: 8.91s
[2026-06-19 23:16:19,856][finetune_logger][INFO] - Val time: 8.91s
2026-06-19 23:16:19 - finetune_logger - INFO - Val memory reserved: 24.00 MB
[2026-06-19 23:16:19,856][finetune_logger][INFO] - Val memory reserved: 24.00 MB
2026-06-19 23:16:19 - finetune_logger - INFO - Val memory allocated: 18.10 MB
[2026-06-19 23:16:19,857][finetune_logger][INFO] - Val memory allocated: 18.10 MB
2026-06-19 23:16:19 - finetune_logger - INFO - Logged epoch 14 info to /public/home/202411094934/python_project/Spatio-Temporal-Library/time-series/2026-06-19/patchtst/finetune20/pulse/time-series/seed_2/training_log.json
[2026-06-19 23:16:19,860][finetune_logger][INFO] - Logged epoch 14 info to /public/home/202411094934/python_project/Spatio-Temporal-Library/time-series/2026-06-19/patchtst/finetune20/pulse/time-series/seed_2/training_log.json
2026-06-19 23:16:38 - finetune_logger - INFO - Test metrics: {'MAE': 0.03710217239504271, 'RMSE': 0.10939941699796904}
[2026-06-19 23:16:38,845][finetune_logger][INFO] - Test metrics: {'MAE': 0.03710217239504271, 'RMSE': 0.10939941699796904}
2026-06-19 23:16:38 - finetune_logger - INFO - Test time: 18.98s
[2026-06-19 23:16:38,845][finetune_logger][INFO] - Test time: 18.98s
2026-06-19 23:16:38 - finetune_logger - INFO - Test memory reserved: 24.00 MB
[2026-06-19 23:16:38,845][finetune_logger][INFO] - Test memory reserved: 24.00 MB
2026-06-19 23:16:38 - finetune_logger - INFO - Test memory allocated: 18.10 MB
[2026-06-19 23:16:38,845][finetune_logger][INFO] - Test memory allocated: 18.10 MB
2026-06-19 23:16:38 - finetune_logger - INFO - Epoch 15/20
[2026-06-19 23:16:38,845][finetune_logger][INFO] - Epoch 15/20
2026-06-19 23:19:00 - finetune_logger - INFO - Train loss: 0.001252386839657625
[2026-06-19 23:19:00,051][finetune_logger][INFO] - Train loss: 0.001252386839657625
2026-06-19 23:19:00 - finetune_logger - INFO - Train time: 141.20525360107422s
[2026-06-19 23:19:00,051][finetune_logger][INFO] - Train time: 141.20525360107422s
2026-06-19 23:19:00 - finetune_logger - INFO - Train memory reserved: 24.00 MB
[2026-06-19 23:19:00,052][finetune_logger][INFO] - Train memory reserved: 24.00 MB
2026-06-19 23:19:00 - finetune_logger - INFO - Train memory allocated: 18.10 MB
[2026-06-19 23:19:00,052][finetune_logger][INFO] - Train memory allocated: 18.10 MB
2026-06-19 23:19:00 - finetune_logger - INFO - Current learning rate: 0.00025
[2026-06-19 23:19:00,052][finetune_logger][INFO] - Current learning rate: 0.00025
2026-06-19 23:19:08 - finetune_logger - INFO - Validation metrics: {'MAE': 0.03835228463063771, 'RMSE': 0.11350919938616881}
[2026-06-19 23:19:08,958][finetune_logger][INFO] - Validation metrics: {'MAE': 0.03835228463063771, 'RMSE': 0.11350919938616881}
2026-06-19 23:19:08 - finetune_logger - INFO - Val time: 8.91s
[2026-06-19 23:19:08,958][finetune_logger][INFO] - Val time: 8.91s
2026-06-19 23:19:08 - finetune_logger - INFO - Val memory reserved: 24.00 MB
[2026-06-19 23:19:08,959][finetune_logger][INFO] - Val memory reserved: 24.00 MB
2026-06-19 23:19:08 - finetune_logger - INFO - Val memory allocated: 18.10 MB
[2026-06-19 23:19:08,959][finetune_logger][INFO] - Val memory allocated: 18.10 MB
2026-06-19 23:19:08 - finetune_logger - INFO - Logged epoch 15 info to /public/home/202411094934/python_project/Spatio-Temporal-Library/time-series/2026-06-19/patchtst/finetune20/pulse/time-series/seed_2/training_log.json
[2026-06-19 23:19:08,962][finetune_logger][INFO] - Logged epoch 15 info to /public/home/202411094934/python_project/Spatio-Temporal-Library/time-series/2026-06-19/patchtst/finetune20/pulse/time-series/seed_2/training_log.json
2026-06-19 23:19:27 - finetune_logger - INFO - Test metrics: {'MAE': 0.03833834188946776, 'RMSE': 0.11346975881307937}
[2026-06-19 23:19:27,918][finetune_logger][INFO] - Test metrics: {'MAE': 0.03833834188946776, 'RMSE': 0.11346975881307937}
2026-06-19 23:19:27 - finetune_logger - INFO - Test time: 18.96s
[2026-06-19 23:19:27,918][finetune_logger][INFO] - Test time: 18.96s
2026-06-19 23:19:27 - finetune_logger - INFO - Test memory reserved: 24.00 MB
[2026-06-19 23:19:27,918][finetune_logger][INFO] - Test memory reserved: 24.00 MB
2026-06-19 23:19:27 - finetune_logger - INFO - Test memory allocated: 18.10 MB
[2026-06-19 23:19:27,918][finetune_logger][INFO] - Test memory allocated: 18.10 MB
2026-06-19 23:19:27 - finetune_logger - INFO - Epoch 16/20
[2026-06-19 23:19:27,918][finetune_logger][INFO] - Epoch 16/20
2026-06-19 23:21:49 - finetune_logger - INFO - Train loss: 0.0012393856411986948
[2026-06-19 23:21:49,175][finetune_logger][INFO] - Train loss: 0.0012393856411986948
2026-06-19 23:21:49 - finetune_logger - INFO - Train time: 141.25668334960938s
[2026-06-19 23:21:49,176][finetune_logger][INFO] - Train time: 141.25668334960938s
2026-06-19 23:21:49 - finetune_logger - INFO - Train memory reserved: 24.00 MB
[2026-06-19 23:21:49,176][finetune_logger][INFO] - Train memory reserved: 24.00 MB
2026-06-19 23:21:49 - finetune_logger - INFO - Train memory allocated: 18.10 MB
[2026-06-19 23:21:49,176][finetune_logger][INFO] - Train memory allocated: 18.10 MB
2026-06-19 23:21:49 - finetune_logger - INFO - Current learning rate: 0.00025
[2026-06-19 23:21:49,176][finetune_logger][INFO] - Current learning rate: 0.00025
2026-06-19 23:21:58 - finetune_logger - INFO - Validation metrics: {'MAE': 0.04561596029680905, 'RMSE': 0.1355749822555264}
[2026-06-19 23:21:58,087][finetune_logger][INFO] - Validation metrics: {'MAE': 0.04561596029680905, 'RMSE': 0.1355749822555264}
2026-06-19 23:21:58 - finetune_logger - INFO - Val time: 8.91s
[2026-06-19 23:21:58,087][finetune_logger][INFO] - Val time: 8.91s
2026-06-19 23:21:58 - finetune_logger - INFO - Val memory reserved: 24.00 MB
[2026-06-19 23:21:58,088][finetune_logger][INFO] - Val memory reserved: 24.00 MB
2026-06-19 23:21:58 - finetune_logger - INFO - Val memory allocated: 18.10 MB
[2026-06-19 23:21:58,088][finetune_logger][INFO] - Val memory allocated: 18.10 MB
2026-06-19 23:21:58 - finetune_logger - INFO - Logged epoch 16 info to /public/home/202411094934/python_project/Spatio-Temporal-Library/time-series/2026-06-19/patchtst/finetune20/pulse/time-series/seed_2/training_log.json
[2026-06-19 23:21:58,091][finetune_logger][INFO] - Logged epoch 16 info to /public/home/202411094934/python_project/Spatio-Temporal-Library/time-series/2026-06-19/patchtst/finetune20/pulse/time-series/seed_2/training_log.json
2026-06-19 23:22:17 - finetune_logger - INFO - Test metrics: {'MAE': 0.04560225321444981, 'RMSE': 0.13553700241520175}
[2026-06-19 23:22:17,005][finetune_logger][INFO] - Test metrics: {'MAE': 0.04560225321444981, 'RMSE': 0.13553700241520175}
2026-06-19 23:22:17 - finetune_logger - INFO - Test time: 18.91s
[2026-06-19 23:22:17,005][finetune_logger][INFO] - Test time: 18.91s
2026-06-19 23:22:17 - finetune_logger - INFO - Test memory reserved: 24.00 MB
[2026-06-19 23:22:17,006][finetune_logger][INFO] - Test memory reserved: 24.00 MB
2026-06-19 23:22:17 - finetune_logger - INFO - Test memory allocated: 18.10 MB
[2026-06-19 23:22:17,006][finetune_logger][INFO] - Test memory allocated: 18.10 MB
2026-06-19 23:22:17 - finetune_logger - INFO - Epoch 17/20
[2026-06-19 23:22:17,006][finetune_logger][INFO] - Epoch 17/20
2026-06-19 23:24:38 - finetune_logger - INFO - Train loss: 0.0011990830718415775
[2026-06-19 23:24:38,236][finetune_logger][INFO] - Train loss: 0.0011990830718415775
2026-06-19 23:24:38 - finetune_logger - INFO - Train time: 141.22971844673157s
[2026-06-19 23:24:38,236][finetune_logger][INFO] - Train time: 141.22971844673157s
2026-06-19 23:24:38 - finetune_logger - INFO - Train memory reserved: 24.00 MB
[2026-06-19 23:24:38,236][finetune_logger][INFO] - Train memory reserved: 24.00 MB
2026-06-19 23:24:38 - finetune_logger - INFO - Train memory allocated: 18.10 MB
[2026-06-19 23:24:38,237][finetune_logger][INFO] - Train memory allocated: 18.10 MB
2026-06-19 23:24:38 - finetune_logger - INFO - Current learning rate: 0.00025
[2026-06-19 23:24:38,237][finetune_logger][INFO] - Current learning rate: 0.00025
2026-06-19 23:24:47 - finetune_logger - INFO - Validation metrics: {'MAE': 0.047292790933909694, 'RMSE': 0.13962499903872588}
[2026-06-19 23:24:47,171][finetune_logger][INFO] - Validation metrics: {'MAE': 0.047292790933909694, 'RMSE': 0.13962499903872588}
2026-06-19 23:24:47 - finetune_logger - INFO - Val time: 8.93s
[2026-06-19 23:24:47,171][finetune_logger][INFO] - Val time: 8.93s
2026-06-19 23:24:47 - finetune_logger - INFO - Val memory reserved: 24.00 MB
[2026-06-19 23:24:47,171][finetune_logger][INFO] - Val memory reserved: 24.00 MB
2026-06-19 23:24:47 - finetune_logger - INFO - Val memory allocated: 18.10 MB
[2026-06-19 23:24:47,171][finetune_logger][INFO] - Val memory allocated: 18.10 MB
2026-06-19 23:24:47 - finetune_logger - INFO - Logged epoch 17 info to /public/home/202411094934/python_project/Spatio-Temporal-Library/time-series/2026-06-19/patchtst/finetune20/pulse/time-series/seed_2/training_log.json
[2026-06-19 23:24:47,175][finetune_logger][INFO] - Logged epoch 17 info to /public/home/202411094934/python_project/Spatio-Temporal-Library/time-series/2026-06-19/patchtst/finetune20/pulse/time-series/seed_2/training_log.json
2026-06-19 23:25:06 - finetune_logger - INFO - Test metrics: {'MAE': 0.04727371822873522, 'RMSE': 0.13957021404393383}
[2026-06-19 23:25:06,172][finetune_logger][INFO] - Test metrics: {'MAE': 0.04727371822873522, 'RMSE': 0.13957021404393383}
2026-06-19 23:25:06 - finetune_logger - INFO - Test time: 19.00s
[2026-06-19 23:25:06,173][finetune_logger][INFO] - Test time: 19.00s
2026-06-19 23:25:06 - finetune_logger - INFO - Test memory reserved: 24.00 MB
[2026-06-19 23:25:06,173][finetune_logger][INFO] - Test memory reserved: 24.00 MB
2026-06-19 23:25:06 - finetune_logger - INFO - Test memory allocated: 18.10 MB
[2026-06-19 23:25:06,173][finetune_logger][INFO] - Test memory allocated: 18.10 MB
2026-06-19 23:25:06 - finetune_logger - INFO - Epoch 18/20
[2026-06-19 23:25:06,173][finetune_logger][INFO] - Epoch 18/20
2026-06-19 23:27:27 - finetune_logger - INFO - Train loss: 0.0011910147934294077
[2026-06-19 23:27:27,239][finetune_logger][INFO] - Train loss: 0.0011910147934294077
2026-06-19 23:27:27 - finetune_logger - INFO - Train time: 141.06577968597412s
[2026-06-19 23:27:27,240][finetune_logger][INFO] - Train time: 141.06577968597412s
2026-06-19 23:27:27 - finetune_logger - INFO - Train memory reserved: 24.00 MB
[2026-06-19 23:27:27,240][finetune_logger][INFO] - Train memory reserved: 24.00 MB
2026-06-19 23:27:27 - finetune_logger - INFO - Train memory allocated: 18.10 MB
[2026-06-19 23:27:27,240][finetune_logger][INFO] - Train memory allocated: 18.10 MB
2026-06-19 23:27:27 - finetune_logger - INFO - Current learning rate: 0.00025
[2026-06-19 23:27:27,240][finetune_logger][INFO] - Current learning rate: 0.00025
2026-06-19 23:27:36 - finetune_logger - INFO - Validation metrics: {'MAE': 0.05220219916463926, 'RMSE': 0.15482674640707383}
[2026-06-19 23:27:36,107][finetune_logger][INFO] - Validation metrics: {'MAE': 0.05220219916463926, 'RMSE': 0.15482674640707383}
2026-06-19 23:27:36 - finetune_logger - INFO - Val time: 8.87s
[2026-06-19 23:27:36,107][finetune_logger][INFO] - Val time: 8.87s
2026-06-19 23:27:36 - finetune_logger - INFO - Val memory reserved: 24.00 MB
[2026-06-19 23:27:36,107][finetune_logger][INFO] - Val memory reserved: 24.00 MB
2026-06-19 23:27:36 - finetune_logger - INFO - Val memory allocated: 18.10 MB
[2026-06-19 23:27:36,107][finetune_logger][INFO] - Val memory allocated: 18.10 MB
2026-06-19 23:27:36 - finetune_logger - INFO - Logged epoch 18 info to /public/home/202411094934/python_project/Spatio-Temporal-Library/time-series/2026-06-19/patchtst/finetune20/pulse/time-series/seed_2/training_log.json
[2026-06-19 23:27:36,111][finetune_logger][INFO] - Logged epoch 18 info to /public/home/202411094934/python_project/Spatio-Temporal-Library/time-series/2026-06-19/patchtst/finetune20/pulse/time-series/seed_2/training_log.json
2026-06-19 23:27:55 - finetune_logger - INFO - Test metrics: {'MAE': 0.05218320431981034, 'RMSE': 0.15477383701909073}
[2026-06-19 23:27:55,071][finetune_logger][INFO] - Test metrics: {'MAE': 0.05218320431981034, 'RMSE': 0.15477383701909073}
2026-06-19 23:27:55 - finetune_logger - INFO - Test time: 18.96s
[2026-06-19 23:27:55,072][finetune_logger][INFO] - Test time: 18.96s
2026-06-19 23:27:55 - finetune_logger - INFO - Test memory reserved: 24.00 MB
[2026-06-19 23:27:55,072][finetune_logger][INFO] - Test memory reserved: 24.00 MB
2026-06-19 23:27:55 - finetune_logger - INFO - Test memory allocated: 18.10 MB
[2026-06-19 23:27:55,072][finetune_logger][INFO] - Test memory allocated: 18.10 MB
2026-06-19 23:27:55 - finetune_logger - INFO - Epoch 19/20
[2026-06-19 23:27:55,072][finetune_logger][INFO] - Epoch 19/20
2026-06-19 23:30:16 - finetune_logger - INFO - Train loss: 0.0011710649754700607
[2026-06-19 23:30:16,119][finetune_logger][INFO] - Train loss: 0.0011710649754700607
2026-06-19 23:30:16 - finetune_logger - INFO - Train time: 141.04631638526917s
[2026-06-19 23:30:16,119][finetune_logger][INFO] - Train time: 141.04631638526917s
2026-06-19 23:30:16 - finetune_logger - INFO - Train memory reserved: 24.00 MB
[2026-06-19 23:30:16,119][finetune_logger][INFO] - Train memory reserved: 24.00 MB
2026-06-19 23:30:16 - finetune_logger - INFO - Train memory allocated: 18.10 MB
[2026-06-19 23:30:16,119][finetune_logger][INFO] - Train memory allocated: 18.10 MB
2026-06-19 23:30:16 - finetune_logger - INFO - Current learning rate: 0.00025
[2026-06-19 23:30:16,120][finetune_logger][INFO] - Current learning rate: 0.00025
2026-06-19 23:30:25 - finetune_logger - INFO - Validation metrics: {'MAE': 0.041898587450683755, 'RMSE': 0.12383137636078788}
[2026-06-19 23:30:25,013][finetune_logger][INFO] - Validation metrics: {'MAE': 0.041898587450683755, 'RMSE': 0.12383137636078788}
2026-06-19 23:30:25 - finetune_logger - INFO - Val time: 8.89s
[2026-06-19 23:30:25,013][finetune_logger][INFO] - Val time: 8.89s
2026-06-19 23:30:25 - finetune_logger - INFO - Val memory reserved: 24.00 MB
[2026-06-19 23:30:25,014][finetune_logger][INFO] - Val memory reserved: 24.00 MB
2026-06-19 23:30:25 - finetune_logger - INFO - Val memory allocated: 18.10 MB
[2026-06-19 23:30:25,014][finetune_logger][INFO] - Val memory allocated: 18.10 MB
2026-06-19 23:30:25 - finetune_logger - INFO - Logged epoch 19 info to /public/home/202411094934/python_project/Spatio-Temporal-Library/time-series/2026-06-19/patchtst/finetune20/pulse/time-series/seed_2/training_log.json
[2026-06-19 23:30:25,017][finetune_logger][INFO] - Logged epoch 19 info to /public/home/202411094934/python_project/Spatio-Temporal-Library/time-series/2026-06-19/patchtst/finetune20/pulse/time-series/seed_2/training_log.json
2026-06-19 23:30:43 - finetune_logger - INFO - Test metrics: {'MAE': 0.041880524882397525, 'RMSE': 0.12377750877320785}
[2026-06-19 23:30:43,964][finetune_logger][INFO] - Test metrics: {'MAE': 0.041880524882397525, 'RMSE': 0.12377750877320785}
2026-06-19 23:30:43 - finetune_logger - INFO - Test time: 18.95s
[2026-06-19 23:30:43,965][finetune_logger][INFO] - Test time: 18.95s
2026-06-19 23:30:43 - finetune_logger - INFO - Test memory reserved: 24.00 MB
[2026-06-19 23:30:43,965][finetune_logger][INFO] - Test memory reserved: 24.00 MB
2026-06-19 23:30:43 - finetune_logger - INFO - Test memory allocated: 18.10 MB
[2026-06-19 23:30:43,965][finetune_logger][INFO] - Test memory allocated: 18.10 MB
2026-06-19 23:30:43 - finetune_logger - INFO - Epoch 20/20
[2026-06-19 23:30:43,965][finetune_logger][INFO] - Epoch 20/20
2026-06-19 23:33:05 - finetune_logger - INFO - Train loss: 0.0011629617129070178
[2026-06-19 23:33:05,183][finetune_logger][INFO] - Train loss: 0.0011629617129070178
2026-06-19 23:33:05 - finetune_logger - INFO - Train time: 141.21769165992737s
[2026-06-19 23:33:05,183][finetune_logger][INFO] - Train time: 141.21769165992737s
2026-06-19 23:33:05 - finetune_logger - INFO - Train memory reserved: 24.00 MB
[2026-06-19 23:33:05,184][finetune_logger][INFO] - Train memory reserved: 24.00 MB
2026-06-19 23:33:05 - finetune_logger - INFO - Train memory allocated: 18.10 MB
[2026-06-19 23:33:05,184][finetune_logger][INFO] - Train memory allocated: 18.10 MB
2026-06-19 23:33:05 - finetune_logger - INFO - Current learning rate: 0.00025
[2026-06-19 23:33:05,184][finetune_logger][INFO] - Current learning rate: 0.00025
2026-06-19 23:33:14 - finetune_logger - INFO - Validation metrics: {'MAE': 0.03833862187602373, 'RMSE': 0.11324842901830977}
[2026-06-19 23:33:14,113][finetune_logger][INFO] - Validation metrics: {'MAE': 0.03833862187602373, 'RMSE': 0.11324842901830977}
2026-06-19 23:33:14 - finetune_logger - INFO - Val time: 8.93s
[2026-06-19 23:33:14,113][finetune_logger][INFO] - Val time: 8.93s
2026-06-19 23:33:14 - finetune_logger - INFO - Val memory reserved: 24.00 MB
[2026-06-19 23:33:14,114][finetune_logger][INFO] - Val memory reserved: 24.00 MB
2026-06-19 23:33:14 - finetune_logger - INFO - Val memory allocated: 18.10 MB
[2026-06-19 23:33:14,114][finetune_logger][INFO] - Val memory allocated: 18.10 MB
2026-06-19 23:33:14 - finetune_logger - INFO - Logged epoch 20 info to /public/home/202411094934/python_project/Spatio-Temporal-Library/time-series/2026-06-19/patchtst/finetune20/pulse/time-series/seed_2/training_log.json
[2026-06-19 23:33:14,117][finetune_logger][INFO] - Logged epoch 20 info to /public/home/202411094934/python_project/Spatio-Temporal-Library/time-series/2026-06-19/patchtst/finetune20/pulse/time-series/seed_2/training_log.json
2026-06-19 23:33:33 - finetune_logger - INFO - Test metrics: {'MAE': 0.03832124241059504, 'RMSE': 0.11319906414201737}
[2026-06-19 23:33:33,062][finetune_logger][INFO] - Test metrics: {'MAE': 0.03832124241059504, 'RMSE': 0.11319906414201737}
2026-06-19 23:33:33 - finetune_logger - INFO - Test time: 18.93s
[2026-06-19 23:33:33,062][finetune_logger][INFO] - Test time: 18.93s
2026-06-19 23:33:33 - finetune_logger - INFO - Test memory reserved: 24.00 MB
[2026-06-19 23:33:33,062][finetune_logger][INFO] - Test memory reserved: 24.00 MB
2026-06-19 23:33:33 - finetune_logger - INFO - Test memory allocated: 18.10 MB
[2026-06-19 23:33:33,062][finetune_logger][INFO] - Test memory allocated: 18.10 MB
2026-06-19 23:33:33 - finetune_logger - INFO - Training completed. Best epoch: 3, Best val loss: 0.017108
[2026-06-19 23:33:33,063][finetune_logger][INFO] - Training completed. Best epoch: 3, Best val loss: 0.017108
2026-06-19 23:33:33 - finetune_logger - INFO - Loaded checkpoint from epoch 3
[2026-06-19 23:33:33,087][finetune_logger][INFO] - Loaded checkpoint from epoch 3
2026-06-19 23:33:33 - finetune_logger - INFO - Evaluating best model on test sets...
[2026-06-19 23:33:33,087][finetune_logger][INFO] - Evaluating best model on test sets...
2026-06-19 23:33:51 - finetune_logger - INFO - Test metrics: {'MAE': 0.017106768409180646, 'RMSE': 0.0448884557389239}
[2026-06-19 23:33:51,942][finetune_logger][INFO] - Test metrics: {'MAE': 0.017106768409180646, 'RMSE': 0.0448884557389239}
2026-06-19 23:33:51 - finetune_logger - INFO - Test time: 18.85s
[2026-06-19 23:33:51,943][finetune_logger][INFO] - Test time: 18.85s
2026-06-19 23:33:51 - finetune_logger - INFO - Test memory reserved: 26.00 MB
[2026-06-19 23:33:51,943][finetune_logger][INFO] - Test memory reserved: 26.00 MB
2026-06-19 23:33:51 - finetune_logger - INFO - Test memory allocated: 18.12 MB
[2026-06-19 23:33:51,943][finetune_logger][INFO] - Test memory allocated: 18.12 MB
2026-06-19 23:33:51 - finetune_logger - INFO - Logged epoch test info to /public/home/202411094934/python_project/Spatio-Temporal-Library/time-series/2026-06-19/patchtst/finetune20/pulse/time-series/seed_2/training_log.json
[2026-06-19 23:33:51,946][finetune_logger][INFO] - Logged epoch test info to /public/home/202411094934/python_project/Spatio-Temporal-Library/time-series/2026-06-19/patchtst/finetune20/pulse/time-series/seed_2/training_log.json
