2026-06-18 11:16:28 - finetune_logger - INFO - Loaded pretrained checkpoint from: /public/home/202411094934/python_project/Spatio-Temporal-Library/time-series/2026-06-18/patchtst/pretrain10/electricity/time-series/seed_0/jepa_pretrain_epoch_10.pth
Missing keys: []
Unexpected keys: []
[2026-06-18 11:16:28,577][finetune_logger][INFO] - Loaded pretrained checkpoint from: /public/home/202411094934/python_project/Spatio-Temporal-Library/time-series/2026-06-18/patchtst/pretrain10/electricity/time-series/seed_0/jepa_pretrain_epoch_10.pth
Missing keys: []
Unexpected keys: []
2026-06-18 11:16:28 - finetune_logger - INFO - Model parameters: 26,414,914
[2026-06-18 11:16:28,610][finetune_logger][INFO] - Model parameters: 26,414,914
2026-06-18 11:16:28 - finetune_logger - INFO - Created new log file at /public/home/202411094934/python_project/Spatio-Temporal-Library/time-series/2026-06-18/patchtst/pretrain10_finetune10/electricity/time-series/seed_0/training_log.json
[2026-06-18 11:16:28,615][finetune_logger][INFO] - Created new log file at /public/home/202411094934/python_project/Spatio-Temporal-Library/time-series/2026-06-18/patchtst/pretrain10_finetune10/electricity/time-series/seed_0/training_log.json
2026-06-18 11:16:28 - finetune_logger - INFO - Starting training...
[2026-06-18 11:16:28,615][finetune_logger][INFO] - Starting training...
2026-06-18 11:16:28 - finetune_logger - INFO - Epoch 1/10
[2026-06-18 11:16:28,615][finetune_logger][INFO] - Epoch 1/10
2026-06-18 11:54:18 - finetune_logger - INFO - Train loss: 266.9689666400106
[2026-06-18 11:54:18,896][finetune_logger][INFO] - Train loss: 266.9689666400106
2026-06-18 11:54:18 - finetune_logger - INFO - Train time: 2270.2803194522858s
[2026-06-18 11:54:18,896][finetune_logger][INFO] - Train time: 2270.2803194522858s
2026-06-18 11:54:18 - finetune_logger - INFO - Train memory reserved: 580.00 MB
[2026-06-18 11:54:18,896][finetune_logger][INFO] - Train memory reserved: 580.00 MB
2026-06-18 11:54:18 - finetune_logger - INFO - Train memory allocated: 318.57 MB
[2026-06-18 11:54:18,896][finetune_logger][INFO] - Train memory allocated: 318.57 MB
2026-06-18 11:54:18 - finetune_logger - INFO - Current learning rate: 0.0005
[2026-06-18 11:54:18,897][finetune_logger][INFO] - Current learning rate: 0.0005
2026-06-18 11:55:33 - finetune_logger - INFO - Validation metrics: {'MAE': 226.57043922825778, 'RMSE': 1659.9107205746288}
[2026-06-18 11:55:33,326][finetune_logger][INFO] - Validation metrics: {'MAE': 226.57043922825778, 'RMSE': 1659.9107205746288}
2026-06-18 11:55:33 - finetune_logger - INFO - Val time: 74.43s
[2026-06-18 11:55:33,326][finetune_logger][INFO] - Val time: 74.43s
2026-06-18 11:55:33 - finetune_logger - INFO - Val memory reserved: 580.00 MB
[2026-06-18 11:55:33,327][finetune_logger][INFO] - Val memory reserved: 580.00 MB
2026-06-18 11:55:33 - finetune_logger - INFO - Val memory allocated: 318.57 MB
[2026-06-18 11:55:33,327][finetune_logger][INFO] - Val memory allocated: 318.57 MB
2026-06-18 11:55:33 - finetune_logger - INFO - Logged epoch 1 info to /public/home/202411094934/python_project/Spatio-Temporal-Library/time-series/2026-06-18/patchtst/pretrain10_finetune10/electricity/time-series/seed_0/training_log.json
[2026-06-18 11:55:33,332][finetune_logger][INFO] - Logged epoch 1 info to /public/home/202411094934/python_project/Spatio-Temporal-Library/time-series/2026-06-18/patchtst/pretrain10_finetune10/electricity/time-series/seed_0/training_log.json
2026-06-18 11:55:33 - finetune_logger - INFO - New best model! Val loss: 226.570439
[2026-06-18 11:55:33,332][finetune_logger][INFO] - New best model! Val loss: 226.570439
2026-06-18 11:58:10 - finetune_logger - INFO - Test metrics: {'MAE': 299.54330225221355, 'RMSE': 2719.9971679784917}
[2026-06-18 11:58:10,940][finetune_logger][INFO] - Test metrics: {'MAE': 299.54330225221355, 'RMSE': 2719.9971679784917}
2026-06-18 11:58:10 - finetune_logger - INFO - Test time: 156.49s
[2026-06-18 11:58:10,941][finetune_logger][INFO] - Test time: 156.49s
2026-06-18 11:58:10 - finetune_logger - INFO - Test memory reserved: 580.00 MB
[2026-06-18 11:58:10,941][finetune_logger][INFO] - Test memory reserved: 580.00 MB
2026-06-18 11:58:10 - finetune_logger - INFO - Test memory allocated: 318.57 MB
[2026-06-18 11:58:10,941][finetune_logger][INFO] - Test memory allocated: 318.57 MB
2026-06-18 11:58:10 - finetune_logger - INFO - Epoch 2/10
[2026-06-18 11:58:10,941][finetune_logger][INFO] - Epoch 2/10
2026-06-18 12:36:14 - finetune_logger - INFO - Train loss: 231.90882218500417
[2026-06-18 12:36:14,000][finetune_logger][INFO] - Train loss: 231.90882218500417
2026-06-18 12:36:14 - finetune_logger - INFO - Train time: 2283.0586762428284s
[2026-06-18 12:36:14,001][finetune_logger][INFO] - Train time: 2283.0586762428284s
2026-06-18 12:36:14 - finetune_logger - INFO - Train memory reserved: 580.00 MB
[2026-06-18 12:36:14,001][finetune_logger][INFO] - Train memory reserved: 580.00 MB
2026-06-18 12:36:14 - finetune_logger - INFO - Train memory allocated: 318.57 MB
[2026-06-18 12:36:14,001][finetune_logger][INFO] - Train memory allocated: 318.57 MB
2026-06-18 12:36:14 - finetune_logger - INFO - Current learning rate: 0.0005
[2026-06-18 12:36:14,001][finetune_logger][INFO] - Current learning rate: 0.0005
2026-06-18 12:37:28 - finetune_logger - INFO - Validation metrics: {'MAE': 218.6093982190579, 'RMSE': 1582.7648855622967}
[2026-06-18 12:37:28,216][finetune_logger][INFO] - Validation metrics: {'MAE': 218.6093982190579, 'RMSE': 1582.7648855622967}
2026-06-18 12:37:28 - finetune_logger - INFO - Val time: 74.21s
[2026-06-18 12:37:28,217][finetune_logger][INFO] - Val time: 74.21s
2026-06-18 12:37:28 - finetune_logger - INFO - Val memory reserved: 580.00 MB
[2026-06-18 12:37:28,217][finetune_logger][INFO] - Val memory reserved: 580.00 MB
2026-06-18 12:37:28 - finetune_logger - INFO - Val memory allocated: 318.57 MB
[2026-06-18 12:37:28,217][finetune_logger][INFO] - Val memory allocated: 318.57 MB
2026-06-18 12:37:28 - finetune_logger - INFO - Logged epoch 2 info to /public/home/202411094934/python_project/Spatio-Temporal-Library/time-series/2026-06-18/patchtst/pretrain10_finetune10/electricity/time-series/seed_0/training_log.json
[2026-06-18 12:37:28,221][finetune_logger][INFO] - Logged epoch 2 info to /public/home/202411094934/python_project/Spatio-Temporal-Library/time-series/2026-06-18/patchtst/pretrain10_finetune10/electricity/time-series/seed_0/training_log.json
2026-06-18 12:37:28 - finetune_logger - INFO - New best model! Val loss: 218.609398
[2026-06-18 12:37:28,221][finetune_logger][INFO] - New best model! Val loss: 218.609398
2026-06-18 12:40:06 - finetune_logger - INFO - Test metrics: {'MAE': 290.7748982083036, 'RMSE': 2590.6855448148963}
[2026-06-18 12:40:06,458][finetune_logger][INFO] - Test metrics: {'MAE': 290.7748982083036, 'RMSE': 2590.6855448148963}
2026-06-18 12:40:06 - finetune_logger - INFO - Test time: 157.14s
[2026-06-18 12:40:06,458][finetune_logger][INFO] - Test time: 157.14s
2026-06-18 12:40:06 - finetune_logger - INFO - Test memory reserved: 580.00 MB
[2026-06-18 12:40:06,459][finetune_logger][INFO] - Test memory reserved: 580.00 MB
2026-06-18 12:40:06 - finetune_logger - INFO - Test memory allocated: 318.57 MB
[2026-06-18 12:40:06,459][finetune_logger][INFO] - Test memory allocated: 318.57 MB
2026-06-18 12:40:06 - finetune_logger - INFO - Epoch 3/10
[2026-06-18 12:40:06,459][finetune_logger][INFO] - Epoch 3/10
2026-06-18 13:18:08 - finetune_logger - INFO - Train loss: 223.42210777573678
[2026-06-18 13:18:08,925][finetune_logger][INFO] - Train loss: 223.42210777573678
2026-06-18 13:18:08 - finetune_logger - INFO - Train time: 2282.46555185318s
[2026-06-18 13:18:08,925][finetune_logger][INFO] - Train time: 2282.46555185318s
2026-06-18 13:18:08 - finetune_logger - INFO - Train memory reserved: 580.00 MB
[2026-06-18 13:18:08,925][finetune_logger][INFO] - Train memory reserved: 580.00 MB
2026-06-18 13:18:08 - finetune_logger - INFO - Train memory allocated: 318.57 MB
[2026-06-18 13:18:08,925][finetune_logger][INFO] - Train memory allocated: 318.57 MB
2026-06-18 13:18:08 - finetune_logger - INFO - Current learning rate: 0.0005
[2026-06-18 13:18:08,926][finetune_logger][INFO] - Current learning rate: 0.0005
2026-06-18 13:19:23 - finetune_logger - INFO - Validation metrics: {'MAE': 217.3383212505139, 'RMSE': 1583.0163877981058}
[2026-06-18 13:19:23,164][finetune_logger][INFO] - Validation metrics: {'MAE': 217.3383212505139, 'RMSE': 1583.0163877981058}
2026-06-18 13:19:23 - finetune_logger - INFO - Val time: 74.24s
[2026-06-18 13:19:23,164][finetune_logger][INFO] - Val time: 74.24s
2026-06-18 13:19:23 - finetune_logger - INFO - Val memory reserved: 580.00 MB
[2026-06-18 13:19:23,164][finetune_logger][INFO] - Val memory reserved: 580.00 MB
2026-06-18 13:19:23 - finetune_logger - INFO - Val memory allocated: 318.57 MB
[2026-06-18 13:19:23,164][finetune_logger][INFO] - Val memory allocated: 318.57 MB
2026-06-18 13:19:23 - finetune_logger - INFO - Logged epoch 3 info to /public/home/202411094934/python_project/Spatio-Temporal-Library/time-series/2026-06-18/patchtst/pretrain10_finetune10/electricity/time-series/seed_0/training_log.json
[2026-06-18 13:19:23,167][finetune_logger][INFO] - Logged epoch 3 info to /public/home/202411094934/python_project/Spatio-Temporal-Library/time-series/2026-06-18/patchtst/pretrain10_finetune10/electricity/time-series/seed_0/training_log.json
2026-06-18 13:19:23 - finetune_logger - INFO - New best model! Val loss: 217.338321
[2026-06-18 13:19:23,167][finetune_logger][INFO] - New best model! Val loss: 217.338321
2026-06-18 13:22:00 - finetune_logger - INFO - Test metrics: {'MAE': 290.75082142995325, 'RMSE': 2615.435768854269}
[2026-06-18 13:22:00,288][finetune_logger][INFO] - Test metrics: {'MAE': 290.75082142995325, 'RMSE': 2615.435768854269}
2026-06-18 13:22:00 - finetune_logger - INFO - Test time: 156.03s
[2026-06-18 13:22:00,289][finetune_logger][INFO] - Test time: 156.03s
2026-06-18 13:22:00 - finetune_logger - INFO - Test memory reserved: 580.00 MB
[2026-06-18 13:22:00,289][finetune_logger][INFO] - Test memory reserved: 580.00 MB
2026-06-18 13:22:00 - finetune_logger - INFO - Test memory allocated: 318.57 MB
[2026-06-18 13:22:00,289][finetune_logger][INFO] - Test memory allocated: 318.57 MB
2026-06-18 13:22:00 - finetune_logger - INFO - Epoch 4/10
[2026-06-18 13:22:00,289][finetune_logger][INFO] - Epoch 4/10
2026-06-18 14:00:04 - finetune_logger - INFO - Train loss: 218.15986610400304
[2026-06-18 14:00:04,344][finetune_logger][INFO] - Train loss: 218.15986610400304
2026-06-18 14:00:04 - finetune_logger - INFO - Train time: 2284.0543451309204s
[2026-06-18 14:00:04,344][finetune_logger][INFO] - Train time: 2284.0543451309204s
2026-06-18 14:00:04 - finetune_logger - INFO - Train memory reserved: 580.00 MB
[2026-06-18 14:00:04,344][finetune_logger][INFO] - Train memory reserved: 580.00 MB
2026-06-18 14:00:04 - finetune_logger - INFO - Train memory allocated: 318.57 MB
[2026-06-18 14:00:04,344][finetune_logger][INFO] - Train memory allocated: 318.57 MB
2026-06-18 14:00:04 - finetune_logger - INFO - Current learning rate: 0.0005
[2026-06-18 14:00:04,345][finetune_logger][INFO] - Current learning rate: 0.0005
2026-06-18 14:01:18 - finetune_logger - INFO - Validation metrics: {'MAE': 206.44267122609958, 'RMSE': 1508.8499773848675}
[2026-06-18 14:01:18,608][finetune_logger][INFO] - Validation metrics: {'MAE': 206.44267122609958, 'RMSE': 1508.8499773848675}
2026-06-18 14:01:18 - finetune_logger - INFO - Val time: 74.26s
[2026-06-18 14:01:18,608][finetune_logger][INFO] - Val time: 74.26s
2026-06-18 14:01:18 - finetune_logger - INFO - Val memory reserved: 580.00 MB
[2026-06-18 14:01:18,608][finetune_logger][INFO] - Val memory reserved: 580.00 MB
2026-06-18 14:01:18 - finetune_logger - INFO - Val memory allocated: 318.57 MB
[2026-06-18 14:01:18,608][finetune_logger][INFO] - Val memory allocated: 318.57 MB
2026-06-18 14:01:18 - finetune_logger - INFO - Logged epoch 4 info to /public/home/202411094934/python_project/Spatio-Temporal-Library/time-series/2026-06-18/patchtst/pretrain10_finetune10/electricity/time-series/seed_0/training_log.json
[2026-06-18 14:01:18,612][finetune_logger][INFO] - Logged epoch 4 info to /public/home/202411094934/python_project/Spatio-Temporal-Library/time-series/2026-06-18/patchtst/pretrain10_finetune10/electricity/time-series/seed_0/training_log.json
2026-06-18 14:01:18 - finetune_logger - INFO - New best model! Val loss: 206.442671
[2026-06-18 14:01:18,612][finetune_logger][INFO] - New best model! Val loss: 206.442671
2026-06-18 14:03:55 - finetune_logger - INFO - Test metrics: {'MAE': 277.2366083997282, 'RMSE': 2496.4331696245345}
[2026-06-18 14:03:55,953][finetune_logger][INFO] - Test metrics: {'MAE': 277.2366083997282, 'RMSE': 2496.4331696245345}
2026-06-18 14:03:55 - finetune_logger - INFO - Test time: 156.27s
[2026-06-18 14:03:55,953][finetune_logger][INFO] - Test time: 156.27s
2026-06-18 14:03:55 - finetune_logger - INFO - Test memory reserved: 580.00 MB
[2026-06-18 14:03:55,953][finetune_logger][INFO] - Test memory reserved: 580.00 MB
2026-06-18 14:03:55 - finetune_logger - INFO - Test memory allocated: 318.57 MB
[2026-06-18 14:03:55,953][finetune_logger][INFO] - Test memory allocated: 318.57 MB
2026-06-18 14:03:55 - finetune_logger - INFO - Epoch 5/10
[2026-06-18 14:03:55,953][finetune_logger][INFO] - Epoch 5/10
2026-06-18 14:41:59 - finetune_logger - INFO - Train loss: 214.55911876932456
[2026-06-18 14:41:59,577][finetune_logger][INFO] - Train loss: 214.55911876932456
2026-06-18 14:41:59 - finetune_logger - INFO - Train time: 2283.622766494751s
[2026-06-18 14:41:59,577][finetune_logger][INFO] - Train time: 2283.622766494751s
2026-06-18 14:41:59 - finetune_logger - INFO - Train memory reserved: 580.00 MB
[2026-06-18 14:41:59,577][finetune_logger][INFO] - Train memory reserved: 580.00 MB
2026-06-18 14:41:59 - finetune_logger - INFO - Train memory allocated: 318.57 MB
[2026-06-18 14:41:59,578][finetune_logger][INFO] - Train memory allocated: 318.57 MB
2026-06-18 14:41:59 - finetune_logger - INFO - Current learning rate: 0.0005
[2026-06-18 14:41:59,578][finetune_logger][INFO] - Current learning rate: 0.0005
2026-06-18 14:43:13 - finetune_logger - INFO - Validation metrics: {'MAE': 200.2709886603105, 'RMSE': 1475.289427425988}
[2026-06-18 14:43:13,794][finetune_logger][INFO] - Validation metrics: {'MAE': 200.2709886603105, 'RMSE': 1475.289427425988}
2026-06-18 14:43:13 - finetune_logger - INFO - Val time: 74.22s
[2026-06-18 14:43:13,794][finetune_logger][INFO] - Val time: 74.22s
2026-06-18 14:43:13 - finetune_logger - INFO - Val memory reserved: 580.00 MB
[2026-06-18 14:43:13,795][finetune_logger][INFO] - Val memory reserved: 580.00 MB
2026-06-18 14:43:13 - finetune_logger - INFO - Val memory allocated: 318.57 MB
[2026-06-18 14:43:13,795][finetune_logger][INFO] - Val memory allocated: 318.57 MB
2026-06-18 14:43:13 - finetune_logger - INFO - Logged epoch 5 info to /public/home/202411094934/python_project/Spatio-Temporal-Library/time-series/2026-06-18/patchtst/pretrain10_finetune10/electricity/time-series/seed_0/training_log.json
[2026-06-18 14:43:13,798][finetune_logger][INFO] - Logged epoch 5 info to /public/home/202411094934/python_project/Spatio-Temporal-Library/time-series/2026-06-18/patchtst/pretrain10_finetune10/electricity/time-series/seed_0/training_log.json
2026-06-18 14:43:13 - finetune_logger - INFO - New best model! Val loss: 200.270989
[2026-06-18 14:43:13,798][finetune_logger][INFO] - New best model! Val loss: 200.270989
2026-06-18 14:45:51 - finetune_logger - INFO - Test metrics: {'MAE': 269.61462282882076, 'RMSE': 2438.6097765984023}
[2026-06-18 14:45:51,003][finetune_logger][INFO] - Test metrics: {'MAE': 269.61462282882076, 'RMSE': 2438.6097765984023}
2026-06-18 14:45:51 - finetune_logger - INFO - Test time: 156.03s
[2026-06-18 14:45:51,004][finetune_logger][INFO] - Test time: 156.03s
2026-06-18 14:45:51 - finetune_logger - INFO - Test memory reserved: 580.00 MB
[2026-06-18 14:45:51,004][finetune_logger][INFO] - Test memory reserved: 580.00 MB
2026-06-18 14:45:51 - finetune_logger - INFO - Test memory allocated: 318.57 MB
[2026-06-18 14:45:51,004][finetune_logger][INFO] - Test memory allocated: 318.57 MB
2026-06-18 14:45:51 - finetune_logger - INFO - Epoch 6/10
[2026-06-18 14:45:51,004][finetune_logger][INFO] - Epoch 6/10
2026-06-18 15:23:57 - finetune_logger - INFO - Train loss: 211.5384910021692
[2026-06-18 15:23:57,683][finetune_logger][INFO] - Train loss: 211.5384910021692
2026-06-18 15:23:57 - finetune_logger - INFO - Train time: 2286.6779596805573s
[2026-06-18 15:23:57,683][finetune_logger][INFO] - Train time: 2286.6779596805573s
2026-06-18 15:23:57 - finetune_logger - INFO - Train memory reserved: 580.00 MB
[2026-06-18 15:23:57,683][finetune_logger][INFO] - Train memory reserved: 580.00 MB
2026-06-18 15:23:57 - finetune_logger - INFO - Train memory allocated: 318.57 MB
[2026-06-18 15:23:57,683][finetune_logger][INFO] - Train memory allocated: 318.57 MB
2026-06-18 15:23:57 - finetune_logger - INFO - Current learning rate: 0.0005
[2026-06-18 15:23:57,683][finetune_logger][INFO] - Current learning rate: 0.0005
2026-06-18 15:25:12 - finetune_logger - INFO - Validation metrics: {'MAE': 204.01627226819463, 'RMSE': 1481.4802078793152}
[2026-06-18 15:25:12,027][finetune_logger][INFO] - Validation metrics: {'MAE': 204.01627226819463, 'RMSE': 1481.4802078793152}
2026-06-18 15:25:12 - finetune_logger - INFO - Val time: 74.34s
[2026-06-18 15:25:12,027][finetune_logger][INFO] - Val time: 74.34s
2026-06-18 15:25:12 - finetune_logger - INFO - Val memory reserved: 580.00 MB
[2026-06-18 15:25:12,027][finetune_logger][INFO] - Val memory reserved: 580.00 MB
2026-06-18 15:25:12 - finetune_logger - INFO - Val memory allocated: 318.57 MB
[2026-06-18 15:25:12,027][finetune_logger][INFO] - Val memory allocated: 318.57 MB
2026-06-18 15:25:12 - finetune_logger - INFO - Logged epoch 6 info to /public/home/202411094934/python_project/Spatio-Temporal-Library/time-series/2026-06-18/patchtst/pretrain10_finetune10/electricity/time-series/seed_0/training_log.json
[2026-06-18 15:25:12,030][finetune_logger][INFO] - Logged epoch 6 info to /public/home/202411094934/python_project/Spatio-Temporal-Library/time-series/2026-06-18/patchtst/pretrain10_finetune10/electricity/time-series/seed_0/training_log.json
2026-06-18 15:27:48 - finetune_logger - INFO - Test metrics: {'MAE': 275.2799841879083, 'RMSE': 2443.460993330028}
[2026-06-18 15:27:48,336][finetune_logger][INFO] - Test metrics: {'MAE': 275.2799841879083, 'RMSE': 2443.460993330028}
2026-06-18 15:27:48 - finetune_logger - INFO - Test time: 156.30s
[2026-06-18 15:27:48,336][finetune_logger][INFO] - Test time: 156.30s
2026-06-18 15:27:48 - finetune_logger - INFO - Test memory reserved: 580.00 MB
[2026-06-18 15:27:48,336][finetune_logger][INFO] - Test memory reserved: 580.00 MB
2026-06-18 15:27:48 - finetune_logger - INFO - Test memory allocated: 318.57 MB
[2026-06-18 15:27:48,336][finetune_logger][INFO] - Test memory allocated: 318.57 MB
2026-06-18 15:27:48 - finetune_logger - INFO - Epoch 7/10
[2026-06-18 15:27:48,336][finetune_logger][INFO] - Epoch 7/10
2026-06-18 16:05:55 - finetune_logger - INFO - Train loss: 209.5443934504525
[2026-06-18 16:05:55,117][finetune_logger][INFO] - Train loss: 209.5443934504525
2026-06-18 16:05:55 - finetune_logger - INFO - Train time: 2286.7796618938446s
[2026-06-18 16:05:55,117][finetune_logger][INFO] - Train time: 2286.7796618938446s
2026-06-18 16:05:55 - finetune_logger - INFO - Train memory reserved: 580.00 MB
[2026-06-18 16:05:55,117][finetune_logger][INFO] - Train memory reserved: 580.00 MB
2026-06-18 16:05:55 - finetune_logger - INFO - Train memory allocated: 318.57 MB
[2026-06-18 16:05:55,117][finetune_logger][INFO] - Train memory allocated: 318.57 MB
2026-06-18 16:05:55 - finetune_logger - INFO - Current learning rate: 0.0005
[2026-06-18 16:05:55,117][finetune_logger][INFO] - Current learning rate: 0.0005
2026-06-18 16:07:09 - finetune_logger - INFO - Validation metrics: {'MAE': 198.19434003328027, 'RMSE': 1465.9842436266458}
[2026-06-18 16:07:09,436][finetune_logger][INFO] - Validation metrics: {'MAE': 198.19434003328027, 'RMSE': 1465.9842436266458}
2026-06-18 16:07:09 - finetune_logger - INFO - Val time: 74.32s
[2026-06-18 16:07:09,436][finetune_logger][INFO] - Val time: 74.32s
2026-06-18 16:07:09 - finetune_logger - INFO - Val memory reserved: 580.00 MB
[2026-06-18 16:07:09,436][finetune_logger][INFO] - Val memory reserved: 580.00 MB
2026-06-18 16:07:09 - finetune_logger - INFO - Val memory allocated: 318.57 MB
[2026-06-18 16:07:09,436][finetune_logger][INFO] - Val memory allocated: 318.57 MB
2026-06-18 16:07:09 - finetune_logger - INFO - Logged epoch 7 info to /public/home/202411094934/python_project/Spatio-Temporal-Library/time-series/2026-06-18/patchtst/pretrain10_finetune10/electricity/time-series/seed_0/training_log.json
[2026-06-18 16:07:09,439][finetune_logger][INFO] - Logged epoch 7 info to /public/home/202411094934/python_project/Spatio-Temporal-Library/time-series/2026-06-18/patchtst/pretrain10_finetune10/electricity/time-series/seed_0/training_log.json
2026-06-18 16:07:09 - finetune_logger - INFO - New best model! Val loss: 198.194340
[2026-06-18 16:07:09,439][finetune_logger][INFO] - New best model! Val loss: 198.194340
2026-06-18 16:09:46 - finetune_logger - INFO - Test metrics: {'MAE': 267.6078545730553, 'RMSE': 2441.3246161550433}
[2026-06-18 16:09:46,441][finetune_logger][INFO] - Test metrics: {'MAE': 267.6078545730553, 'RMSE': 2441.3246161550433}
2026-06-18 16:09:46 - finetune_logger - INFO - Test time: 155.93s
[2026-06-18 16:09:46,441][finetune_logger][INFO] - Test time: 155.93s
2026-06-18 16:09:46 - finetune_logger - INFO - Test memory reserved: 580.00 MB
[2026-06-18 16:09:46,441][finetune_logger][INFO] - Test memory reserved: 580.00 MB
2026-06-18 16:09:46 - finetune_logger - INFO - Test memory allocated: 318.57 MB
[2026-06-18 16:09:46,441][finetune_logger][INFO] - Test memory allocated: 318.57 MB
2026-06-18 16:09:46 - finetune_logger - INFO - Epoch 8/10
[2026-06-18 16:09:46,441][finetune_logger][INFO] - Epoch 8/10
2026-06-18 16:47:51 - finetune_logger - INFO - Train loss: 207.8588476826537
[2026-06-18 16:47:51,539][finetune_logger][INFO] - Train loss: 207.8588476826537
2026-06-18 16:47:51 - finetune_logger - INFO - Train time: 2285.096528530121s
[2026-06-18 16:47:51,539][finetune_logger][INFO] - Train time: 2285.096528530121s
2026-06-18 16:47:51 - finetune_logger - INFO - Train memory reserved: 580.00 MB
[2026-06-18 16:47:51,539][finetune_logger][INFO] - Train memory reserved: 580.00 MB
2026-06-18 16:47:51 - finetune_logger - INFO - Train memory allocated: 318.57 MB
[2026-06-18 16:47:51,539][finetune_logger][INFO] - Train memory allocated: 318.57 MB
2026-06-18 16:47:51 - finetune_logger - INFO - Current learning rate: 0.0005
[2026-06-18 16:47:51,539][finetune_logger][INFO] - Current learning rate: 0.0005
2026-06-18 16:49:05 - finetune_logger - INFO - Validation metrics: {'MAE': 199.4471633108037, 'RMSE': 1457.7144273745873}
[2026-06-18 16:49:05,898][finetune_logger][INFO] - Validation metrics: {'MAE': 199.4471633108037, 'RMSE': 1457.7144273745873}
2026-06-18 16:49:05 - finetune_logger - INFO - Val time: 74.36s
[2026-06-18 16:49:05,898][finetune_logger][INFO] - Val time: 74.36s
2026-06-18 16:49:05 - finetune_logger - INFO - Val memory reserved: 580.00 MB
[2026-06-18 16:49:05,898][finetune_logger][INFO] - Val memory reserved: 580.00 MB
2026-06-18 16:49:05 - finetune_logger - INFO - Val memory allocated: 318.57 MB
[2026-06-18 16:49:05,898][finetune_logger][INFO] - Val memory allocated: 318.57 MB
2026-06-18 16:49:05 - finetune_logger - INFO - Logged epoch 8 info to /public/home/202411094934/python_project/Spatio-Temporal-Library/time-series/2026-06-18/patchtst/pretrain10_finetune10/electricity/time-series/seed_0/training_log.json
[2026-06-18 16:49:05,903][finetune_logger][INFO] - Logged epoch 8 info to /public/home/202411094934/python_project/Spatio-Temporal-Library/time-series/2026-06-18/patchtst/pretrain10_finetune10/electricity/time-series/seed_0/training_log.json
2026-06-18 16:51:42 - finetune_logger - INFO - Test metrics: {'MAE': 268.04675184782934, 'RMSE': 2395.9083351545028}
[2026-06-18 16:51:42,069][finetune_logger][INFO] - Test metrics: {'MAE': 268.04675184782934, 'RMSE': 2395.9083351545028}
2026-06-18 16:51:42 - finetune_logger - INFO - Test time: 156.17s
[2026-06-18 16:51:42,069][finetune_logger][INFO] - Test time: 156.17s
2026-06-18 16:51:42 - finetune_logger - INFO - Test memory reserved: 580.00 MB
[2026-06-18 16:51:42,069][finetune_logger][INFO] - Test memory reserved: 580.00 MB
2026-06-18 16:51:42 - finetune_logger - INFO - Test memory allocated: 318.57 MB
[2026-06-18 16:51:42,069][finetune_logger][INFO] - Test memory allocated: 318.57 MB
2026-06-18 16:51:42 - finetune_logger - INFO - Epoch 9/10
[2026-06-18 16:51:42,070][finetune_logger][INFO] - Epoch 9/10
2026-06-18 17:29:47 - finetune_logger - INFO - Train loss: 206.4427397989997
[2026-06-18 17:29:47,234][finetune_logger][INFO] - Train loss: 206.4427397989997
2026-06-18 17:29:47 - finetune_logger - INFO - Train time: 2285.1636362075806s
[2026-06-18 17:29:47,234][finetune_logger][INFO] - Train time: 2285.1636362075806s
2026-06-18 17:29:47 - finetune_logger - INFO - Train memory reserved: 580.00 MB
[2026-06-18 17:29:47,234][finetune_logger][INFO] - Train memory reserved: 580.00 MB
2026-06-18 17:29:47 - finetune_logger - INFO - Train memory allocated: 318.57 MB
[2026-06-18 17:29:47,235][finetune_logger][INFO] - Train memory allocated: 318.57 MB
2026-06-18 17:29:47 - finetune_logger - INFO - Current learning rate: 0.0005
[2026-06-18 17:29:47,235][finetune_logger][INFO] - Current learning rate: 0.0005
2026-06-18 17:31:01 - finetune_logger - INFO - Validation metrics: {'MAE': 206.8424670859891, 'RMSE': 1505.385340229238}
[2026-06-18 17:31:01,366][finetune_logger][INFO] - Validation metrics: {'MAE': 206.8424670859891, 'RMSE': 1505.385340229238}
2026-06-18 17:31:01 - finetune_logger - INFO - Val time: 74.13s
[2026-06-18 17:31:01,366][finetune_logger][INFO] - Val time: 74.13s
2026-06-18 17:31:01 - finetune_logger - INFO - Val memory reserved: 580.00 MB
[2026-06-18 17:31:01,367][finetune_logger][INFO] - Val memory reserved: 580.00 MB
2026-06-18 17:31:01 - finetune_logger - INFO - Val memory allocated: 318.57 MB
[2026-06-18 17:31:01,367][finetune_logger][INFO] - Val memory allocated: 318.57 MB
2026-06-18 17:31:01 - finetune_logger - INFO - Logged epoch 9 info to /public/home/202411094934/python_project/Spatio-Temporal-Library/time-series/2026-06-18/patchtst/pretrain10_finetune10/electricity/time-series/seed_0/training_log.json
[2026-06-18 17:31:01,370][finetune_logger][INFO] - Logged epoch 9 info to /public/home/202411094934/python_project/Spatio-Temporal-Library/time-series/2026-06-18/patchtst/pretrain10_finetune10/electricity/time-series/seed_0/training_log.json
2026-06-18 17:33:37 - finetune_logger - INFO - Test metrics: {'MAE': 281.6277307960256, 'RMSE': 2516.590518964356}
[2026-06-18 17:33:37,385][finetune_logger][INFO] - Test metrics: {'MAE': 281.6277307960256, 'RMSE': 2516.590518964356}
2026-06-18 17:33:37 - finetune_logger - INFO - Test time: 156.01s
[2026-06-18 17:33:37,386][finetune_logger][INFO] - Test time: 156.01s
2026-06-18 17:33:37 - finetune_logger - INFO - Test memory reserved: 580.00 MB
[2026-06-18 17:33:37,386][finetune_logger][INFO] - Test memory reserved: 580.00 MB
2026-06-18 17:33:37 - finetune_logger - INFO - Test memory allocated: 318.57 MB
[2026-06-18 17:33:37,386][finetune_logger][INFO] - Test memory allocated: 318.57 MB
2026-06-18 17:33:37 - finetune_logger - INFO - Epoch 10/10
[2026-06-18 17:33:37,386][finetune_logger][INFO] - Epoch 10/10
2026-06-18 18:11:39 - finetune_logger - INFO - Train loss: 204.9808610728201
[2026-06-18 18:11:39,698][finetune_logger][INFO] - Train loss: 204.9808610728201
2026-06-18 18:11:39 - finetune_logger - INFO - Train time: 2282.310961484909s
[2026-06-18 18:11:39,698][finetune_logger][INFO] - Train time: 2282.310961484909s
2026-06-18 18:11:39 - finetune_logger - INFO - Train memory reserved: 580.00 MB
[2026-06-18 18:11:39,698][finetune_logger][INFO] - Train memory reserved: 580.00 MB
2026-06-18 18:11:39 - finetune_logger - INFO - Train memory allocated: 318.57 MB
[2026-06-18 18:11:39,698][finetune_logger][INFO] - Train memory allocated: 318.57 MB
2026-06-18 18:11:39 - finetune_logger - INFO - Current learning rate: 0.0005
[2026-06-18 18:11:39,698][finetune_logger][INFO] - Current learning rate: 0.0005
2026-06-18 18:12:54 - finetune_logger - INFO - Validation metrics: {'MAE': 201.42720025955956, 'RMSE': 1468.9427784745028}
[2026-06-18 18:12:54,055][finetune_logger][INFO] - Validation metrics: {'MAE': 201.42720025955956, 'RMSE': 1468.9427784745028}
2026-06-18 18:12:54 - finetune_logger - INFO - Val time: 74.36s
[2026-06-18 18:12:54,055][finetune_logger][INFO] - Val time: 74.36s
2026-06-18 18:12:54 - finetune_logger - INFO - Val memory reserved: 580.00 MB
[2026-06-18 18:12:54,055][finetune_logger][INFO] - Val memory reserved: 580.00 MB
2026-06-18 18:12:54 - finetune_logger - INFO - Val memory allocated: 318.57 MB
[2026-06-18 18:12:54,055][finetune_logger][INFO] - Val memory allocated: 318.57 MB
2026-06-18 18:12:54 - finetune_logger - INFO - Logged epoch 10 info to /public/home/202411094934/python_project/Spatio-Temporal-Library/time-series/2026-06-18/patchtst/pretrain10_finetune10/electricity/time-series/seed_0/training_log.json
[2026-06-18 18:12:54,059][finetune_logger][INFO] - Logged epoch 10 info to /public/home/202411094934/python_project/Spatio-Temporal-Library/time-series/2026-06-18/patchtst/pretrain10_finetune10/electricity/time-series/seed_0/training_log.json
2026-06-18 18:15:30 - finetune_logger - INFO - Test metrics: {'MAE': 274.39030864601915, 'RMSE': 2462.243068956387}
[2026-06-18 18:15:30,346][finetune_logger][INFO] - Test metrics: {'MAE': 274.39030864601915, 'RMSE': 2462.243068956387}
2026-06-18 18:15:30 - finetune_logger - INFO - Test time: 155.75s
[2026-06-18 18:15:30,346][finetune_logger][INFO] - Test time: 155.75s
2026-06-18 18:15:30 - finetune_logger - INFO - Test memory reserved: 580.00 MB
[2026-06-18 18:15:30,346][finetune_logger][INFO] - Test memory reserved: 580.00 MB
2026-06-18 18:15:30 - finetune_logger - INFO - Test memory allocated: 318.57 MB
[2026-06-18 18:15:30,346][finetune_logger][INFO] - Test memory allocated: 318.57 MB
2026-06-18 18:15:30 - finetune_logger - INFO - Training completed. Best epoch: 7, Best val loss: 198.194340
[2026-06-18 18:15:30,347][finetune_logger][INFO] - Training completed. Best epoch: 7, Best val loss: 198.194340
2026-06-18 18:15:31 - finetune_logger - INFO - Loaded checkpoint from epoch 7
[2026-06-18 18:15:31,161][finetune_logger][INFO] - Loaded checkpoint from epoch 7
2026-06-18 18:15:31 - finetune_logger - INFO - Evaluating best model on test sets...
[2026-06-18 18:15:31,163][finetune_logger][INFO] - Evaluating best model on test sets...
2026-06-18 18:18:07 - finetune_logger - INFO - Test metrics: {'MAE': 267.6078545730553, 'RMSE': 2441.3246161550433}
[2026-06-18 18:18:07,499][finetune_logger][INFO] - Test metrics: {'MAE': 267.6078545730553, 'RMSE': 2441.3246161550433}
2026-06-18 18:18:07 - finetune_logger - INFO - Test time: 156.34s
[2026-06-18 18:18:07,500][finetune_logger][INFO] - Test time: 156.34s
2026-06-18 18:18:07 - finetune_logger - INFO - Test memory reserved: 684.00 MB
[2026-06-18 18:18:07,500][finetune_logger][INFO] - Test memory reserved: 684.00 MB
2026-06-18 18:18:07 - finetune_logger - INFO - Test memory allocated: 318.91 MB
[2026-06-18 18:18:07,500][finetune_logger][INFO] - Test memory allocated: 318.91 MB
2026-06-18 18:18:07 - finetune_logger - INFO - Logged epoch test info to /public/home/202411094934/python_project/Spatio-Temporal-Library/time-series/2026-06-18/patchtst/pretrain10_finetune10/electricity/time-series/seed_0/training_log.json
[2026-06-18 18:18:07,504][finetune_logger][INFO] - Logged epoch test info to /public/home/202411094934/python_project/Spatio-Temporal-Library/time-series/2026-06-18/patchtst/pretrain10_finetune10/electricity/time-series/seed_0/training_log.json
