2026-06-21 13:11:17 - finetune_logger - INFO - No pretrained checkpoint is provided. Finetuning from scratch.
[2026-06-21 13:11:17,432][finetune_logger][INFO] - No pretrained checkpoint is provided. Finetuning from scratch.
2026-06-21 13:11:17 - finetune_logger - INFO - Model parameters: 450,049
[2026-06-21 13:11:17,441][finetune_logger][INFO] - Model parameters: 450,049
2026-06-21 13:11:17 - finetune_logger - INFO - Created new log file at /public/home/202411094934/python_project/Spatio-Temporal-Library/time-series/2026-06-21/autoformer/finetune20/electricity/time-series/seed_1/training_log.json
[2026-06-21 13:11:17,444][finetune_logger][INFO] - Created new log file at /public/home/202411094934/python_project/Spatio-Temporal-Library/time-series/2026-06-21/autoformer/finetune20/electricity/time-series/seed_1/training_log.json
2026-06-21 13:11:17 - finetune_logger - INFO - Starting training...
[2026-06-21 13:11:17,444][finetune_logger][INFO] - Starting training...
2026-06-21 13:11:17 - finetune_logger - INFO - Epoch 1/20
[2026-06-21 13:11:17,444][finetune_logger][INFO] - Epoch 1/20
2026-06-21 13:12:13 - finetune_logger - INFO - No pretrained checkpoint is provided. Finetuning from scratch.
[2026-06-21 13:12:13,613][finetune_logger][INFO] - No pretrained checkpoint is provided. Finetuning from scratch.
2026-06-21 13:12:13 - finetune_logger - INFO - Model parameters: 450,049
[2026-06-21 13:12:13,621][finetune_logger][INFO] - Model parameters: 450,049
2026-06-21 13:12:13 - finetune_logger - INFO - Log file already exists at /public/home/202411094934/python_project/Spatio-Temporal-Library/time-series/2026-06-21/autoformer/finetune20/electricity/time-series/seed_1/training_log.json, appending to it.
[2026-06-21 13:12:13,621][finetune_logger][INFO] - Log file already exists at /public/home/202411094934/python_project/Spatio-Temporal-Library/time-series/2026-06-21/autoformer/finetune20/electricity/time-series/seed_1/training_log.json, appending to it.
2026-06-21 13:12:13 - finetune_logger - INFO - Starting training...
[2026-06-21 13:12:13,622][finetune_logger][INFO] - Starting training...
2026-06-21 13:12:13 - finetune_logger - INFO - Epoch 1/20
[2026-06-21 13:12:13,622][finetune_logger][INFO] - Epoch 1/20
2026-06-21 13:13:20 - finetune_logger - INFO - No pretrained checkpoint is provided. Finetuning from scratch.
[2026-06-21 13:13:20,087][finetune_logger][INFO] - No pretrained checkpoint is provided. Finetuning from scratch.
2026-06-21 13:13:20 - finetune_logger - INFO - Model parameters: 450,049
[2026-06-21 13:13:20,090][finetune_logger][INFO] - Model parameters: 450,049
2026-06-21 13:13:20 - finetune_logger - INFO - Log file already exists at /public/home/202411094934/python_project/Spatio-Temporal-Library/time-series/2026-06-21/autoformer/finetune20/electricity/time-series/seed_1/training_log.json, appending to it.
[2026-06-21 13:13:20,091][finetune_logger][INFO] - Log file already exists at /public/home/202411094934/python_project/Spatio-Temporal-Library/time-series/2026-06-21/autoformer/finetune20/electricity/time-series/seed_1/training_log.json, appending to it.
2026-06-21 13:13:20 - finetune_logger - INFO - Starting training...
[2026-06-21 13:13:20,091][finetune_logger][INFO] - Starting training...
2026-06-21 13:13:20 - finetune_logger - INFO - Epoch 1/20
[2026-06-21 13:13:20,091][finetune_logger][INFO] - Epoch 1/20
2026-06-21 13:35:53 - finetune_logger - INFO - Train loss: 272.43721258229874
[2026-06-21 13:35:53,559][finetune_logger][INFO] - Train loss: 272.43721258229874
2026-06-21 13:35:53 - finetune_logger - INFO - Train time: 1353.467223405838s
[2026-06-21 13:35:53,559][finetune_logger][INFO] - Train time: 1353.467223405838s
2026-06-21 13:35:53 - finetune_logger - INFO - Train memory reserved: 70.00 MB
[2026-06-21 13:35:53,560][finetune_logger][INFO] - Train memory reserved: 70.00 MB
2026-06-21 13:35:53 - finetune_logger - INFO - Train memory allocated: 23.87 MB
[2026-06-21 13:35:53,560][finetune_logger][INFO] - Train memory allocated: 23.87 MB
2026-06-21 13:35:53 - finetune_logger - INFO - Current learning rate: 0.0005
[2026-06-21 13:35:53,560][finetune_logger][INFO] - Current learning rate: 0.0005
2026-06-21 13:36:58 - finetune_logger - INFO - Validation metrics: {'MAE': 228.15276032457862, 'RMSE': 1700.866400364927}
[2026-06-21 13:36:58,328][finetune_logger][INFO] - Validation metrics: {'MAE': 228.15276032457862, 'RMSE': 1700.866400364927}
2026-06-21 13:36:58 - finetune_logger - INFO - Val time: 64.77s
[2026-06-21 13:36:58,328][finetune_logger][INFO] - Val time: 64.77s
2026-06-21 13:36:58 - finetune_logger - INFO - Val memory reserved: 70.00 MB
[2026-06-21 13:36:58,328][finetune_logger][INFO] - Val memory reserved: 70.00 MB
2026-06-21 13:36:58 - finetune_logger - INFO - Val memory allocated: 23.87 MB
[2026-06-21 13:36:58,329][finetune_logger][INFO] - Val memory allocated: 23.87 MB
2026-06-21 13:36:58 - finetune_logger - INFO - Logged epoch 1 info to /public/home/202411094934/python_project/Spatio-Temporal-Library/time-series/2026-06-21/autoformer/finetune20/electricity/time-series/seed_1/training_log.json
[2026-06-21 13:36:58,333][finetune_logger][INFO] - Logged epoch 1 info to /public/home/202411094934/python_project/Spatio-Temporal-Library/time-series/2026-06-21/autoformer/finetune20/electricity/time-series/seed_1/training_log.json
2026-06-21 13:36:58 - finetune_logger - INFO - New best model! Val loss: 228.152760
[2026-06-21 13:36:58,334][finetune_logger][INFO] - New best model! Val loss: 228.152760
2026-06-21 13:39:14 - finetune_logger - INFO - Test metrics: {'MAE': 294.30158631492344, 'RMSE': 2551.2894508966547}
[2026-06-21 13:39:14,508][finetune_logger][INFO] - Test metrics: {'MAE': 294.30158631492344, 'RMSE': 2551.2894508966547}
2026-06-21 13:39:14 - finetune_logger - INFO - Test time: 136.11s
[2026-06-21 13:39:14,508][finetune_logger][INFO] - Test time: 136.11s
2026-06-21 13:39:14 - finetune_logger - INFO - Test memory reserved: 70.00 MB
[2026-06-21 13:39:14,508][finetune_logger][INFO] - Test memory reserved: 70.00 MB
2026-06-21 13:39:14 - finetune_logger - INFO - Test memory allocated: 23.87 MB
[2026-06-21 13:39:14,508][finetune_logger][INFO] - Test memory allocated: 23.87 MB
2026-06-21 13:39:14 - finetune_logger - INFO - Epoch 2/20
[2026-06-21 13:39:14,509][finetune_logger][INFO] - Epoch 2/20
2026-06-21 14:01:43 - finetune_logger - INFO - Train loss: 212.26265327498456
[2026-06-21 14:01:43,235][finetune_logger][INFO] - Train loss: 212.26265327498456
2026-06-21 14:01:43 - finetune_logger - INFO - Train time: 1348.7259500026703s
[2026-06-21 14:01:43,235][finetune_logger][INFO] - Train time: 1348.7259500026703s
2026-06-21 14:01:43 - finetune_logger - INFO - Train memory reserved: 70.00 MB
[2026-06-21 14:01:43,235][finetune_logger][INFO] - Train memory reserved: 70.00 MB
2026-06-21 14:01:43 - finetune_logger - INFO - Train memory allocated: 23.87 MB
[2026-06-21 14:01:43,236][finetune_logger][INFO] - Train memory allocated: 23.87 MB
2026-06-21 14:01:43 - finetune_logger - INFO - Current learning rate: 0.0005
[2026-06-21 14:01:43,236][finetune_logger][INFO] - Current learning rate: 0.0005
2026-06-21 14:02:47 - finetune_logger - INFO - Validation metrics: {'MAE': 228.145628610711, 'RMSE': 1882.1468716077268}
[2026-06-21 14:02:47,937][finetune_logger][INFO] - Validation metrics: {'MAE': 228.145628610711, 'RMSE': 1882.1468716077268}
2026-06-21 14:02:47 - finetune_logger - INFO - Val time: 64.70s
[2026-06-21 14:02:47,937][finetune_logger][INFO] - Val time: 64.70s
2026-06-21 14:02:47 - finetune_logger - INFO - Val memory reserved: 70.00 MB
[2026-06-21 14:02:47,937][finetune_logger][INFO] - Val memory reserved: 70.00 MB
2026-06-21 14:02:47 - finetune_logger - INFO - Val memory allocated: 23.87 MB
[2026-06-21 14:02:47,937][finetune_logger][INFO] - Val memory allocated: 23.87 MB
2026-06-21 14:02:47 - finetune_logger - INFO - Logged epoch 2 info to /public/home/202411094934/python_project/Spatio-Temporal-Library/time-series/2026-06-21/autoformer/finetune20/electricity/time-series/seed_1/training_log.json
[2026-06-21 14:02:47,941][finetune_logger][INFO] - Logged epoch 2 info to /public/home/202411094934/python_project/Spatio-Temporal-Library/time-series/2026-06-21/autoformer/finetune20/electricity/time-series/seed_1/training_log.json
2026-06-21 14:02:47 - finetune_logger - INFO - New best model! Val loss: 228.145629
[2026-06-21 14:02:47,941][finetune_logger][INFO] - New best model! Val loss: 228.145629
2026-06-21 14:05:04 - finetune_logger - INFO - Test metrics: {'MAE': 298.09750697777895, 'RMSE': 2710.2026774697956}
[2026-06-21 14:05:04,322][finetune_logger][INFO] - Test metrics: {'MAE': 298.09750697777895, 'RMSE': 2710.2026774697956}
2026-06-21 14:05:04 - finetune_logger - INFO - Test time: 136.32s
[2026-06-21 14:05:04,322][finetune_logger][INFO] - Test time: 136.32s
2026-06-21 14:05:04 - finetune_logger - INFO - Test memory reserved: 70.00 MB
[2026-06-21 14:05:04,322][finetune_logger][INFO] - Test memory reserved: 70.00 MB
2026-06-21 14:05:04 - finetune_logger - INFO - Test memory allocated: 23.87 MB
[2026-06-21 14:05:04,323][finetune_logger][INFO] - Test memory allocated: 23.87 MB
2026-06-21 14:05:04 - finetune_logger - INFO - Epoch 3/20
[2026-06-21 14:05:04,323][finetune_logger][INFO] - Epoch 3/20
2026-06-21 14:27:41 - finetune_logger - INFO - Train loss: 195.94075683881093
[2026-06-21 14:27:41,058][finetune_logger][INFO] - Train loss: 195.94075683881093
2026-06-21 14:27:41 - finetune_logger - INFO - Train time: 1356.7342619895935s
[2026-06-21 14:27:41,058][finetune_logger][INFO] - Train time: 1356.7342619895935s
2026-06-21 14:27:41 - finetune_logger - INFO - Train memory reserved: 70.00 MB
[2026-06-21 14:27:41,058][finetune_logger][INFO] - Train memory reserved: 70.00 MB
2026-06-21 14:27:41 - finetune_logger - INFO - Train memory allocated: 23.87 MB
[2026-06-21 14:27:41,058][finetune_logger][INFO] - Train memory allocated: 23.87 MB
2026-06-21 14:27:41 - finetune_logger - INFO - Current learning rate: 0.0005
[2026-06-21 14:27:41,058][finetune_logger][INFO] - Current learning rate: 0.0005
2026-06-21 14:28:45 - finetune_logger - INFO - Validation metrics: {'MAE': 215.695702591746, 'RMSE': 1719.1977154091267}
[2026-06-21 14:28:45,825][finetune_logger][INFO] - Validation metrics: {'MAE': 215.695702591746, 'RMSE': 1719.1977154091267}
2026-06-21 14:28:45 - finetune_logger - INFO - Val time: 64.77s
[2026-06-21 14:28:45,825][finetune_logger][INFO] - Val time: 64.77s
2026-06-21 14:28:45 - finetune_logger - INFO - Val memory reserved: 70.00 MB
[2026-06-21 14:28:45,825][finetune_logger][INFO] - Val memory reserved: 70.00 MB
2026-06-21 14:28:45 - finetune_logger - INFO - Val memory allocated: 23.87 MB
[2026-06-21 14:28:45,826][finetune_logger][INFO] - Val memory allocated: 23.87 MB
2026-06-21 14:28:45 - finetune_logger - INFO - Logged epoch 3 info to /public/home/202411094934/python_project/Spatio-Temporal-Library/time-series/2026-06-21/autoformer/finetune20/electricity/time-series/seed_1/training_log.json
[2026-06-21 14:28:45,829][finetune_logger][INFO] - Logged epoch 3 info to /public/home/202411094934/python_project/Spatio-Temporal-Library/time-series/2026-06-21/autoformer/finetune20/electricity/time-series/seed_1/training_log.json
2026-06-21 14:28:45 - finetune_logger - INFO - New best model! Val loss: 215.695703
[2026-06-21 14:28:45,829][finetune_logger][INFO] - New best model! Val loss: 215.695703
2026-06-21 14:31:01 - finetune_logger - INFO - Test metrics: {'MAE': 283.0021149163132, 'RMSE': 2542.552227199303}
[2026-06-21 14:31:01,587][finetune_logger][INFO] - Test metrics: {'MAE': 283.0021149163132, 'RMSE': 2542.552227199303}
2026-06-21 14:31:01 - finetune_logger - INFO - Test time: 135.70s
[2026-06-21 14:31:01,588][finetune_logger][INFO] - Test time: 135.70s
2026-06-21 14:31:01 - finetune_logger - INFO - Test memory reserved: 70.00 MB
[2026-06-21 14:31:01,588][finetune_logger][INFO] - Test memory reserved: 70.00 MB
2026-06-21 14:31:01 - finetune_logger - INFO - Test memory allocated: 23.87 MB
[2026-06-21 14:31:01,588][finetune_logger][INFO] - Test memory allocated: 23.87 MB
2026-06-21 14:31:01 - finetune_logger - INFO - Epoch 4/20
[2026-06-21 14:31:01,588][finetune_logger][INFO] - Epoch 4/20
2026-06-21 14:53:38 - finetune_logger - INFO - Train loss: 187.10603189150726
[2026-06-21 14:53:38,546][finetune_logger][INFO] - Train loss: 187.10603189150726
2026-06-21 14:53:38 - finetune_logger - INFO - Train time: 1356.9573247432709s
[2026-06-21 14:53:38,546][finetune_logger][INFO] - Train time: 1356.9573247432709s
2026-06-21 14:53:38 - finetune_logger - INFO - Train memory reserved: 70.00 MB
[2026-06-21 14:53:38,546][finetune_logger][INFO] - Train memory reserved: 70.00 MB
2026-06-21 14:53:38 - finetune_logger - INFO - Train memory allocated: 23.87 MB
[2026-06-21 14:53:38,546][finetune_logger][INFO] - Train memory allocated: 23.87 MB
2026-06-21 14:53:38 - finetune_logger - INFO - Current learning rate: 0.0005
[2026-06-21 14:53:38,547][finetune_logger][INFO] - Current learning rate: 0.0005
2026-06-21 14:54:43 - finetune_logger - INFO - Validation metrics: {'MAE': 214.85277871222277, 'RMSE': 1737.8976713096208}
[2026-06-21 14:54:43,029][finetune_logger][INFO] - Validation metrics: {'MAE': 214.85277871222277, 'RMSE': 1737.8976713096208}
2026-06-21 14:54:43 - finetune_logger - INFO - Val time: 64.48s
[2026-06-21 14:54:43,029][finetune_logger][INFO] - Val time: 64.48s
2026-06-21 14:54:43 - finetune_logger - INFO - Val memory reserved: 70.00 MB
[2026-06-21 14:54:43,029][finetune_logger][INFO] - Val memory reserved: 70.00 MB
2026-06-21 14:54:43 - finetune_logger - INFO - Val memory allocated: 23.87 MB
[2026-06-21 14:54:43,029][finetune_logger][INFO] - Val memory allocated: 23.87 MB
2026-06-21 14:54:43 - finetune_logger - INFO - Logged epoch 4 info to /public/home/202411094934/python_project/Spatio-Temporal-Library/time-series/2026-06-21/autoformer/finetune20/electricity/time-series/seed_1/training_log.json
[2026-06-21 14:54:43,032][finetune_logger][INFO] - Logged epoch 4 info to /public/home/202411094934/python_project/Spatio-Temporal-Library/time-series/2026-06-21/autoformer/finetune20/electricity/time-series/seed_1/training_log.json
2026-06-21 14:54:43 - finetune_logger - INFO - New best model! Val loss: 214.852779
[2026-06-21 14:54:43,032][finetune_logger][INFO] - New best model! Val loss: 214.852779
2026-06-21 14:56:58 - finetune_logger - INFO - Test metrics: {'MAE': 287.7500723809655, 'RMSE': 2595.3786310371356}
[2026-06-21 14:56:58,836][finetune_logger][INFO] - Test metrics: {'MAE': 287.7500723809655, 'RMSE': 2595.3786310371356}
2026-06-21 14:56:58 - finetune_logger - INFO - Test time: 135.74s
[2026-06-21 14:56:58,836][finetune_logger][INFO] - Test time: 135.74s
2026-06-21 14:56:58 - finetune_logger - INFO - Test memory reserved: 70.00 MB
[2026-06-21 14:56:58,836][finetune_logger][INFO] - Test memory reserved: 70.00 MB
2026-06-21 14:56:58 - finetune_logger - INFO - Test memory allocated: 23.87 MB
[2026-06-21 14:56:58,836][finetune_logger][INFO] - Test memory allocated: 23.87 MB
2026-06-21 14:56:58 - finetune_logger - INFO - Epoch 5/20
[2026-06-21 14:56:58,836][finetune_logger][INFO] - Epoch 5/20
2026-06-21 15:19:36 - finetune_logger - INFO - Train loss: 182.04766991845167
[2026-06-21 15:19:36,060][finetune_logger][INFO] - Train loss: 182.04766991845167
2026-06-21 15:19:36 - finetune_logger - INFO - Train time: 1357.2235221862793s
[2026-06-21 15:19:36,061][finetune_logger][INFO] - Train time: 1357.2235221862793s
2026-06-21 15:19:36 - finetune_logger - INFO - Train memory reserved: 70.00 MB
[2026-06-21 15:19:36,061][finetune_logger][INFO] - Train memory reserved: 70.00 MB
2026-06-21 15:19:36 - finetune_logger - INFO - Train memory allocated: 23.87 MB
[2026-06-21 15:19:36,061][finetune_logger][INFO] - Train memory allocated: 23.87 MB
2026-06-21 15:19:36 - finetune_logger - INFO - Current learning rate: 0.0005
[2026-06-21 15:19:36,061][finetune_logger][INFO] - Current learning rate: 0.0005
2026-06-21 15:20:40 - finetune_logger - INFO - Validation metrics: {'MAE': 216.21992976459657, 'RMSE': 1751.7490540964184}
[2026-06-21 15:20:40,975][finetune_logger][INFO] - Validation metrics: {'MAE': 216.21992976459657, 'RMSE': 1751.7490540964184}
2026-06-21 15:20:40 - finetune_logger - INFO - Val time: 64.91s
[2026-06-21 15:20:40,975][finetune_logger][INFO] - Val time: 64.91s
2026-06-21 15:20:40 - finetune_logger - INFO - Val memory reserved: 70.00 MB
[2026-06-21 15:20:40,975][finetune_logger][INFO] - Val memory reserved: 70.00 MB
2026-06-21 15:20:40 - finetune_logger - INFO - Val memory allocated: 23.87 MB
[2026-06-21 15:20:40,976][finetune_logger][INFO] - Val memory allocated: 23.87 MB
2026-06-21 15:20:40 - finetune_logger - INFO - Logged epoch 5 info to /public/home/202411094934/python_project/Spatio-Temporal-Library/time-series/2026-06-21/autoformer/finetune20/electricity/time-series/seed_1/training_log.json
[2026-06-21 15:20:40,979][finetune_logger][INFO] - Logged epoch 5 info to /public/home/202411094934/python_project/Spatio-Temporal-Library/time-series/2026-06-21/autoformer/finetune20/electricity/time-series/seed_1/training_log.json
2026-06-21 15:22:57 - finetune_logger - INFO - Test metrics: {'MAE': 286.261659997413, 'RMSE': 2589.960840492251}
[2026-06-21 15:22:57,292][finetune_logger][INFO] - Test metrics: {'MAE': 286.261659997413, 'RMSE': 2589.960840492251}
2026-06-21 15:22:57 - finetune_logger - INFO - Test time: 136.31s
[2026-06-21 15:22:57,293][finetune_logger][INFO] - Test time: 136.31s
2026-06-21 15:22:57 - finetune_logger - INFO - Test memory reserved: 70.00 MB
[2026-06-21 15:22:57,293][finetune_logger][INFO] - Test memory reserved: 70.00 MB
2026-06-21 15:22:57 - finetune_logger - INFO - Test memory allocated: 23.87 MB
[2026-06-21 15:22:57,293][finetune_logger][INFO] - Test memory allocated: 23.87 MB
2026-06-21 15:22:57 - finetune_logger - INFO - Epoch 6/20
[2026-06-21 15:22:57,293][finetune_logger][INFO] - Epoch 6/20
2026-06-21 15:45:33 - finetune_logger - INFO - Train loss: 177.34605962281788
[2026-06-21 15:45:33,082][finetune_logger][INFO] - Train loss: 177.34605962281788
2026-06-21 15:45:33 - finetune_logger - INFO - Train time: 1355.7884984016418s
[2026-06-21 15:45:33,082][finetune_logger][INFO] - Train time: 1355.7884984016418s
2026-06-21 15:45:33 - finetune_logger - INFO - Train memory reserved: 70.00 MB
[2026-06-21 15:45:33,082][finetune_logger][INFO] - Train memory reserved: 70.00 MB
2026-06-21 15:45:33 - finetune_logger - INFO - Train memory allocated: 23.87 MB
[2026-06-21 15:45:33,083][finetune_logger][INFO] - Train memory allocated: 23.87 MB
2026-06-21 15:45:33 - finetune_logger - INFO - Current learning rate: 0.0005
[2026-06-21 15:45:33,083][finetune_logger][INFO] - Current learning rate: 0.0005
2026-06-21 15:46:37 - finetune_logger - INFO - Validation metrics: {'MAE': 227.18590437397253, 'RMSE': 1913.857270276519}
[2026-06-21 15:46:37,421][finetune_logger][INFO] - Validation metrics: {'MAE': 227.18590437397253, 'RMSE': 1913.857270276519}
2026-06-21 15:46:37 - finetune_logger - INFO - Val time: 64.34s
[2026-06-21 15:46:37,421][finetune_logger][INFO] - Val time: 64.34s
2026-06-21 15:46:37 - finetune_logger - INFO - Val memory reserved: 70.00 MB
[2026-06-21 15:46:37,421][finetune_logger][INFO] - Val memory reserved: 70.00 MB
2026-06-21 15:46:37 - finetune_logger - INFO - Val memory allocated: 23.87 MB
[2026-06-21 15:46:37,421][finetune_logger][INFO] - Val memory allocated: 23.87 MB
2026-06-21 15:46:37 - finetune_logger - INFO - Logged epoch 6 info to /public/home/202411094934/python_project/Spatio-Temporal-Library/time-series/2026-06-21/autoformer/finetune20/electricity/time-series/seed_1/training_log.json
[2026-06-21 15:46:37,424][finetune_logger][INFO] - Logged epoch 6 info to /public/home/202411094934/python_project/Spatio-Temporal-Library/time-series/2026-06-21/autoformer/finetune20/electricity/time-series/seed_1/training_log.json
2026-06-21 15:48:53 - finetune_logger - INFO - Test metrics: {'MAE': 296.59211745280237, 'RMSE': 2762.2210258055593}
[2026-06-21 15:48:53,359][finetune_logger][INFO] - Test metrics: {'MAE': 296.59211745280237, 'RMSE': 2762.2210258055593}
2026-06-21 15:48:53 - finetune_logger - INFO - Test time: 135.93s
[2026-06-21 15:48:53,359][finetune_logger][INFO] - Test time: 135.93s
2026-06-21 15:48:53 - finetune_logger - INFO - Test memory reserved: 70.00 MB
[2026-06-21 15:48:53,359][finetune_logger][INFO] - Test memory reserved: 70.00 MB
2026-06-21 15:48:53 - finetune_logger - INFO - Test memory allocated: 23.87 MB
[2026-06-21 15:48:53,359][finetune_logger][INFO] - Test memory allocated: 23.87 MB
2026-06-21 15:48:53 - finetune_logger - INFO - Epoch 7/20
[2026-06-21 15:48:53,359][finetune_logger][INFO] - Epoch 7/20
2026-06-21 16:11:30 - finetune_logger - INFO - Train loss: 174.6974077367061
[2026-06-21 16:11:30,574][finetune_logger][INFO] - Train loss: 174.6974077367061
2026-06-21 16:11:30 - finetune_logger - INFO - Train time: 1357.2141788005829s
[2026-06-21 16:11:30,575][finetune_logger][INFO] - Train time: 1357.2141788005829s
2026-06-21 16:11:30 - finetune_logger - INFO - Train memory reserved: 70.00 MB
[2026-06-21 16:11:30,575][finetune_logger][INFO] - Train memory reserved: 70.00 MB
2026-06-21 16:11:30 - finetune_logger - INFO - Train memory allocated: 23.87 MB
[2026-06-21 16:11:30,575][finetune_logger][INFO] - Train memory allocated: 23.87 MB
2026-06-21 16:11:30 - finetune_logger - INFO - Current learning rate: 0.0005
[2026-06-21 16:11:30,575][finetune_logger][INFO] - Current learning rate: 0.0005
2026-06-21 16:12:35 - finetune_logger - INFO - Validation metrics: {'MAE': 219.10724523283255, 'RMSE': 1823.3626099403807}
[2026-06-21 16:12:35,376][finetune_logger][INFO] - Validation metrics: {'MAE': 219.10724523283255, 'RMSE': 1823.3626099403807}
2026-06-21 16:12:35 - finetune_logger - INFO - Val time: 64.80s
[2026-06-21 16:12:35,377][finetune_logger][INFO] - Val time: 64.80s
2026-06-21 16:12:35 - finetune_logger - INFO - Val memory reserved: 70.00 MB
[2026-06-21 16:12:35,377][finetune_logger][INFO] - Val memory reserved: 70.00 MB
2026-06-21 16:12:35 - finetune_logger - INFO - Val memory allocated: 23.87 MB
[2026-06-21 16:12:35,377][finetune_logger][INFO] - Val memory allocated: 23.87 MB
2026-06-21 16:12:35 - finetune_logger - INFO - Logged epoch 7 info to /public/home/202411094934/python_project/Spatio-Temporal-Library/time-series/2026-06-21/autoformer/finetune20/electricity/time-series/seed_1/training_log.json
[2026-06-21 16:12:35,380][finetune_logger][INFO] - Logged epoch 7 info to /public/home/202411094934/python_project/Spatio-Temporal-Library/time-series/2026-06-21/autoformer/finetune20/electricity/time-series/seed_1/training_log.json
2026-06-21 16:14:51 - finetune_logger - INFO - Test metrics: {'MAE': 290.92065599127784, 'RMSE': 2668.7706671353367}
[2026-06-21 16:14:51,467][finetune_logger][INFO] - Test metrics: {'MAE': 290.92065599127784, 'RMSE': 2668.7706671353367}
2026-06-21 16:14:51 - finetune_logger - INFO - Test time: 136.09s
[2026-06-21 16:14:51,468][finetune_logger][INFO] - Test time: 136.09s
2026-06-21 16:14:51 - finetune_logger - INFO - Test memory reserved: 70.00 MB
[2026-06-21 16:14:51,468][finetune_logger][INFO] - Test memory reserved: 70.00 MB
2026-06-21 16:14:51 - finetune_logger - INFO - Test memory allocated: 23.87 MB
[2026-06-21 16:14:51,468][finetune_logger][INFO] - Test memory allocated: 23.87 MB
2026-06-21 16:14:51 - finetune_logger - INFO - Epoch 8/20
[2026-06-21 16:14:51,468][finetune_logger][INFO] - Epoch 8/20
2026-06-21 16:37:28 - finetune_logger - INFO - Train loss: 171.66820897739214
[2026-06-21 16:37:28,420][finetune_logger][INFO] - Train loss: 171.66820897739214
2026-06-21 16:37:28 - finetune_logger - INFO - Train time: 1356.951670408249s
[2026-06-21 16:37:28,421][finetune_logger][INFO] - Train time: 1356.951670408249s
2026-06-21 16:37:28 - finetune_logger - INFO - Train memory reserved: 70.00 MB
[2026-06-21 16:37:28,421][finetune_logger][INFO] - Train memory reserved: 70.00 MB
2026-06-21 16:37:28 - finetune_logger - INFO - Train memory allocated: 23.87 MB
[2026-06-21 16:37:28,421][finetune_logger][INFO] - Train memory allocated: 23.87 MB
2026-06-21 16:37:28 - finetune_logger - INFO - Current learning rate: 0.0005
[2026-06-21 16:37:28,421][finetune_logger][INFO] - Current learning rate: 0.0005
2026-06-21 16:38:32 - finetune_logger - INFO - Validation metrics: {'MAE': 215.28895013748956, 'RMSE': 1721.1115408871322}
[2026-06-21 16:38:32,954][finetune_logger][INFO] - Validation metrics: {'MAE': 215.28895013748956, 'RMSE': 1721.1115408871322}
2026-06-21 16:38:32 - finetune_logger - INFO - Val time: 64.53s
[2026-06-21 16:38:32,954][finetune_logger][INFO] - Val time: 64.53s
2026-06-21 16:38:32 - finetune_logger - INFO - Val memory reserved: 70.00 MB
[2026-06-21 16:38:32,954][finetune_logger][INFO] - Val memory reserved: 70.00 MB
2026-06-21 16:38:32 - finetune_logger - INFO - Val memory allocated: 23.87 MB
[2026-06-21 16:38:32,954][finetune_logger][INFO] - Val memory allocated: 23.87 MB
2026-06-21 16:38:32 - finetune_logger - INFO - Logged epoch 8 info to /public/home/202411094934/python_project/Spatio-Temporal-Library/time-series/2026-06-21/autoformer/finetune20/electricity/time-series/seed_1/training_log.json
[2026-06-21 16:38:32,957][finetune_logger][INFO] - Logged epoch 8 info to /public/home/202411094934/python_project/Spatio-Temporal-Library/time-series/2026-06-21/autoformer/finetune20/electricity/time-series/seed_1/training_log.json
2026-06-21 16:40:48 - finetune_logger - INFO - Test metrics: {'MAE': 285.63482856788573, 'RMSE': 2595.8706102715996}
[2026-06-21 16:40:48,565][finetune_logger][INFO] - Test metrics: {'MAE': 285.63482856788573, 'RMSE': 2595.8706102715996}
2026-06-21 16:40:48 - finetune_logger - INFO - Test time: 135.61s
[2026-06-21 16:40:48,565][finetune_logger][INFO] - Test time: 135.61s
2026-06-21 16:40:48 - finetune_logger - INFO - Test memory reserved: 70.00 MB
[2026-06-21 16:40:48,565][finetune_logger][INFO] - Test memory reserved: 70.00 MB
2026-06-21 16:40:48 - finetune_logger - INFO - Test memory allocated: 23.87 MB
[2026-06-21 16:40:48,565][finetune_logger][INFO] - Test memory allocated: 23.87 MB
2026-06-21 16:40:48 - finetune_logger - INFO - Epoch 9/20
[2026-06-21 16:40:48,565][finetune_logger][INFO] - Epoch 9/20
2026-06-21 17:03:25 - finetune_logger - INFO - Train loss: 169.15448538159416
[2026-06-21 17:03:25,237][finetune_logger][INFO] - Train loss: 169.15448538159416
2026-06-21 17:03:25 - finetune_logger - INFO - Train time: 1356.6712996959686s
[2026-06-21 17:03:25,237][finetune_logger][INFO] - Train time: 1356.6712996959686s
2026-06-21 17:03:25 - finetune_logger - INFO - Train memory reserved: 70.00 MB
[2026-06-21 17:03:25,237][finetune_logger][INFO] - Train memory reserved: 70.00 MB
2026-06-21 17:03:25 - finetune_logger - INFO - Train memory allocated: 23.87 MB
[2026-06-21 17:03:25,238][finetune_logger][INFO] - Train memory allocated: 23.87 MB
2026-06-21 17:03:25 - finetune_logger - INFO - Current learning rate: 0.0005
[2026-06-21 17:03:25,238][finetune_logger][INFO] - Current learning rate: 0.0005
2026-06-21 17:04:29 - finetune_logger - INFO - Validation metrics: {'MAE': 209.28397500128432, 'RMSE': 1669.0566978823983}
[2026-06-21 17:04:29,800][finetune_logger][INFO] - Validation metrics: {'MAE': 209.28397500128432, 'RMSE': 1669.0566978823983}
2026-06-21 17:04:29 - finetune_logger - INFO - Val time: 64.56s
[2026-06-21 17:04:29,801][finetune_logger][INFO] - Val time: 64.56s
2026-06-21 17:04:29 - finetune_logger - INFO - Val memory reserved: 70.00 MB
[2026-06-21 17:04:29,801][finetune_logger][INFO] - Val memory reserved: 70.00 MB
2026-06-21 17:04:29 - finetune_logger - INFO - Val memory allocated: 23.87 MB
[2026-06-21 17:04:29,801][finetune_logger][INFO] - Val memory allocated: 23.87 MB
2026-06-21 17:04:29 - finetune_logger - INFO - Logged epoch 9 info to /public/home/202411094934/python_project/Spatio-Temporal-Library/time-series/2026-06-21/autoformer/finetune20/electricity/time-series/seed_1/training_log.json
[2026-06-21 17:04:29,805][finetune_logger][INFO] - Logged epoch 9 info to /public/home/202411094934/python_project/Spatio-Temporal-Library/time-series/2026-06-21/autoformer/finetune20/electricity/time-series/seed_1/training_log.json
2026-06-21 17:04:29 - finetune_logger - INFO - New best model! Val loss: 209.283975
[2026-06-21 17:04:29,805][finetune_logger][INFO] - New best model! Val loss: 209.283975
2026-06-21 17:06:45 - finetune_logger - INFO - Test metrics: {'MAE': 284.925958973599, 'RMSE': 2611.6010305542777}
[2026-06-21 17:06:45,547][finetune_logger][INFO] - Test metrics: {'MAE': 284.925958973599, 'RMSE': 2611.6010305542777}
2026-06-21 17:06:45 - finetune_logger - INFO - Test time: 135.68s
[2026-06-21 17:06:45,547][finetune_logger][INFO] - Test time: 135.68s
2026-06-21 17:06:45 - finetune_logger - INFO - Test memory reserved: 70.00 MB
[2026-06-21 17:06:45,547][finetune_logger][INFO] - Test memory reserved: 70.00 MB
2026-06-21 17:06:45 - finetune_logger - INFO - Test memory allocated: 23.87 MB
[2026-06-21 17:06:45,547][finetune_logger][INFO] - Test memory allocated: 23.87 MB
2026-06-21 17:06:45 - finetune_logger - INFO - Epoch 10/20
[2026-06-21 17:06:45,547][finetune_logger][INFO] - Epoch 10/20
2026-06-21 17:29:23 - finetune_logger - INFO - Train loss: 167.41753864829315
[2026-06-21 17:29:23,267][finetune_logger][INFO] - Train loss: 167.41753864829315
2026-06-21 17:29:23 - finetune_logger - INFO - Train time: 1357.7194390296936s
[2026-06-21 17:29:23,268][finetune_logger][INFO] - Train time: 1357.7194390296936s
2026-06-21 17:29:23 - finetune_logger - INFO - Train memory reserved: 70.00 MB
[2026-06-21 17:29:23,268][finetune_logger][INFO] - Train memory reserved: 70.00 MB
2026-06-21 17:29:23 - finetune_logger - INFO - Train memory allocated: 23.87 MB
[2026-06-21 17:29:23,268][finetune_logger][INFO] - Train memory allocated: 23.87 MB
2026-06-21 17:29:23 - finetune_logger - INFO - Current learning rate: 0.0005
[2026-06-21 17:29:23,268][finetune_logger][INFO] - Current learning rate: 0.0005
2026-06-21 17:30:27 - finetune_logger - INFO - Validation metrics: {'MAE': 222.4497161351253, 'RMSE': 1866.3377851305493}
[2026-06-21 17:30:27,562][finetune_logger][INFO] - Validation metrics: {'MAE': 222.4497161351253, 'RMSE': 1866.3377851305493}
2026-06-21 17:30:27 - finetune_logger - INFO - Val time: 64.29s
[2026-06-21 17:30:27,563][finetune_logger][INFO] - Val time: 64.29s
2026-06-21 17:30:27 - finetune_logger - INFO - Val memory reserved: 70.00 MB
[2026-06-21 17:30:27,563][finetune_logger][INFO] - Val memory reserved: 70.00 MB
2026-06-21 17:30:27 - finetune_logger - INFO - Val memory allocated: 23.87 MB
[2026-06-21 17:30:27,563][finetune_logger][INFO] - Val memory allocated: 23.87 MB
2026-06-21 17:30:27 - finetune_logger - INFO - Logged epoch 10 info to /public/home/202411094934/python_project/Spatio-Temporal-Library/time-series/2026-06-21/autoformer/finetune20/electricity/time-series/seed_1/training_log.json
[2026-06-21 17:30:27,566][finetune_logger][INFO] - Logged epoch 10 info to /public/home/202411094934/python_project/Spatio-Temporal-Library/time-series/2026-06-21/autoformer/finetune20/electricity/time-series/seed_1/training_log.json
2026-06-21 17:32:43 - finetune_logger - INFO - Test metrics: {'MAE': 282.7097056857201, 'RMSE': 2540.184098792442}
[2026-06-21 17:32:43,521][finetune_logger][INFO] - Test metrics: {'MAE': 282.7097056857201, 'RMSE': 2540.184098792442}
2026-06-21 17:32:43 - finetune_logger - INFO - Test time: 135.92s
[2026-06-21 17:32:43,521][finetune_logger][INFO] - Test time: 135.92s
2026-06-21 17:32:43 - finetune_logger - INFO - Test memory reserved: 70.00 MB
[2026-06-21 17:32:43,521][finetune_logger][INFO] - Test memory reserved: 70.00 MB
2026-06-21 17:32:43 - finetune_logger - INFO - Test memory allocated: 23.87 MB
[2026-06-21 17:32:43,522][finetune_logger][INFO] - Test memory allocated: 23.87 MB
2026-06-21 17:32:43 - finetune_logger - INFO - Epoch 11/20
[2026-06-21 17:32:43,522][finetune_logger][INFO] - Epoch 11/20
2026-06-21 17:55:20 - finetune_logger - INFO - Train loss: 161.2260326560489
[2026-06-21 17:55:20,738][finetune_logger][INFO] - Train loss: 161.2260326560489
2026-06-21 17:55:20 - finetune_logger - INFO - Train time: 1357.2152872085571s
[2026-06-21 17:55:20,738][finetune_logger][INFO] - Train time: 1357.2152872085571s
2026-06-21 17:55:20 - finetune_logger - INFO - Train memory reserved: 70.00 MB
[2026-06-21 17:55:20,738][finetune_logger][INFO] - Train memory reserved: 70.00 MB
2026-06-21 17:55:20 - finetune_logger - INFO - Train memory allocated: 23.87 MB
[2026-06-21 17:55:20,738][finetune_logger][INFO] - Train memory allocated: 23.87 MB
2026-06-21 17:55:20 - finetune_logger - INFO - Current learning rate: 0.00025
[2026-06-21 17:55:20,738][finetune_logger][INFO] - Current learning rate: 0.00025
2026-06-21 17:56:25 - finetune_logger - INFO - Validation metrics: {'MAE': 214.3814128482218, 'RMSE': 1732.6171374126227}
[2026-06-21 17:56:25,199][finetune_logger][INFO] - Validation metrics: {'MAE': 214.3814128482218, 'RMSE': 1732.6171374126227}
2026-06-21 17:56:25 - finetune_logger - INFO - Val time: 64.46s
[2026-06-21 17:56:25,199][finetune_logger][INFO] - Val time: 64.46s
2026-06-21 17:56:25 - finetune_logger - INFO - Val memory reserved: 70.00 MB
[2026-06-21 17:56:25,199][finetune_logger][INFO] - Val memory reserved: 70.00 MB
2026-06-21 17:56:25 - finetune_logger - INFO - Val memory allocated: 23.87 MB
[2026-06-21 17:56:25,199][finetune_logger][INFO] - Val memory allocated: 23.87 MB
2026-06-21 17:56:25 - finetune_logger - INFO - Logged epoch 11 info to /public/home/202411094934/python_project/Spatio-Temporal-Library/time-series/2026-06-21/autoformer/finetune20/electricity/time-series/seed_1/training_log.json
[2026-06-21 17:56:25,202][finetune_logger][INFO] - Logged epoch 11 info to /public/home/202411094934/python_project/Spatio-Temporal-Library/time-series/2026-06-21/autoformer/finetune20/electricity/time-series/seed_1/training_log.json
2026-06-21 17:58:41 - finetune_logger - INFO - Test metrics: {'MAE': 283.31489833910206, 'RMSE': 2561.8655670147746}
[2026-06-21 17:58:41,386][finetune_logger][INFO] - Test metrics: {'MAE': 283.31489833910206, 'RMSE': 2561.8655670147746}
2026-06-21 17:58:41 - finetune_logger - INFO - Test time: 136.18s
[2026-06-21 17:58:41,386][finetune_logger][INFO] - Test time: 136.18s
2026-06-21 17:58:41 - finetune_logger - INFO - Test memory reserved: 70.00 MB
[2026-06-21 17:58:41,386][finetune_logger][INFO] - Test memory reserved: 70.00 MB
2026-06-21 17:58:41 - finetune_logger - INFO - Test memory allocated: 23.87 MB
[2026-06-21 17:58:41,386][finetune_logger][INFO] - Test memory allocated: 23.87 MB
2026-06-21 17:58:41 - finetune_logger - INFO - Epoch 12/20
[2026-06-21 17:58:41,386][finetune_logger][INFO] - Epoch 12/20
2026-06-21 18:21:19 - finetune_logger - INFO - Train loss: 159.9816900388707
[2026-06-21 18:21:19,908][finetune_logger][INFO] - Train loss: 159.9816900388707
2026-06-21 18:21:19 - finetune_logger - INFO - Train time: 1358.520767211914s
[2026-06-21 18:21:19,908][finetune_logger][INFO] - Train time: 1358.520767211914s
2026-06-21 18:21:19 - finetune_logger - INFO - Train memory reserved: 70.00 MB
[2026-06-21 18:21:19,908][finetune_logger][INFO] - Train memory reserved: 70.00 MB
2026-06-21 18:21:19 - finetune_logger - INFO - Train memory allocated: 23.87 MB
[2026-06-21 18:21:19,908][finetune_logger][INFO] - Train memory allocated: 23.87 MB
2026-06-21 18:21:19 - finetune_logger - INFO - Current learning rate: 0.00025
[2026-06-21 18:21:19,908][finetune_logger][INFO] - Current learning rate: 0.00025
2026-06-21 18:22:24 - finetune_logger - INFO - Validation metrics: {'MAE': 216.8445090267782, 'RMSE': 1769.0429937294396}
[2026-06-21 18:22:24,387][finetune_logger][INFO] - Validation metrics: {'MAE': 216.8445090267782, 'RMSE': 1769.0429937294396}
2026-06-21 18:22:24 - finetune_logger - INFO - Val time: 64.48s
[2026-06-21 18:22:24,387][finetune_logger][INFO] - Val time: 64.48s
2026-06-21 18:22:24 - finetune_logger - INFO - Val memory reserved: 70.00 MB
[2026-06-21 18:22:24,387][finetune_logger][INFO] - Val memory reserved: 70.00 MB
2026-06-21 18:22:24 - finetune_logger - INFO - Val memory allocated: 23.87 MB
[2026-06-21 18:22:24,388][finetune_logger][INFO] - Val memory allocated: 23.87 MB
2026-06-21 18:22:24 - finetune_logger - INFO - Logged epoch 12 info to /public/home/202411094934/python_project/Spatio-Temporal-Library/time-series/2026-06-21/autoformer/finetune20/electricity/time-series/seed_1/training_log.json
[2026-06-21 18:22:24,390][finetune_logger][INFO] - Logged epoch 12 info to /public/home/202411094934/python_project/Spatio-Temporal-Library/time-series/2026-06-21/autoformer/finetune20/electricity/time-series/seed_1/training_log.json
2026-06-21 18:24:40 - finetune_logger - INFO - Test metrics: {'MAE': 283.9344285279654, 'RMSE': 2583.3707949008144}
[2026-06-21 18:24:40,311][finetune_logger][INFO] - Test metrics: {'MAE': 283.9344285279654, 'RMSE': 2583.3707949008144}
2026-06-21 18:24:40 - finetune_logger - INFO - Test time: 135.92s
[2026-06-21 18:24:40,311][finetune_logger][INFO] - Test time: 135.92s
2026-06-21 18:24:40 - finetune_logger - INFO - Test memory reserved: 70.00 MB
[2026-06-21 18:24:40,311][finetune_logger][INFO] - Test memory reserved: 70.00 MB
2026-06-21 18:24:40 - finetune_logger - INFO - Test memory allocated: 23.87 MB
[2026-06-21 18:24:40,311][finetune_logger][INFO] - Test memory allocated: 23.87 MB
2026-06-21 18:24:40 - finetune_logger - INFO - Epoch 13/20
[2026-06-21 18:24:40,312][finetune_logger][INFO] - Epoch 13/20
2026-06-21 18:47:16 - finetune_logger - INFO - Train loss: 158.93061309006006
[2026-06-21 18:47:16,258][finetune_logger][INFO] - Train loss: 158.93061309006006
2026-06-21 18:47:16 - finetune_logger - INFO - Train time: 1355.9454910755157s
[2026-06-21 18:47:16,258][finetune_logger][INFO] - Train time: 1355.9454910755157s
2026-06-21 18:47:16 - finetune_logger - INFO - Train memory reserved: 70.00 MB
[2026-06-21 18:47:16,258][finetune_logger][INFO] - Train memory reserved: 70.00 MB
2026-06-21 18:47:16 - finetune_logger - INFO - Train memory allocated: 23.87 MB
[2026-06-21 18:47:16,258][finetune_logger][INFO] - Train memory allocated: 23.87 MB
2026-06-21 18:47:16 - finetune_logger - INFO - Current learning rate: 0.00025
[2026-06-21 18:47:16,258][finetune_logger][INFO] - Current learning rate: 0.00025
2026-06-21 18:48:20 - finetune_logger - INFO - Validation metrics: {'MAE': 220.0214930548418, 'RMSE': 1831.3314958367594}
[2026-06-21 18:48:20,597][finetune_logger][INFO] - Validation metrics: {'MAE': 220.0214930548418, 'RMSE': 1831.3314958367594}
2026-06-21 18:48:20 - finetune_logger - INFO - Val time: 64.34s
[2026-06-21 18:48:20,597][finetune_logger][INFO] - Val time: 64.34s
2026-06-21 18:48:20 - finetune_logger - INFO - Val memory reserved: 70.00 MB
[2026-06-21 18:48:20,597][finetune_logger][INFO] - Val memory reserved: 70.00 MB
2026-06-21 18:48:20 - finetune_logger - INFO - Val memory allocated: 23.87 MB
[2026-06-21 18:48:20,598][finetune_logger][INFO] - Val memory allocated: 23.87 MB
2026-06-21 18:48:20 - finetune_logger - INFO - Logged epoch 13 info to /public/home/202411094934/python_project/Spatio-Temporal-Library/time-series/2026-06-21/autoformer/finetune20/electricity/time-series/seed_1/training_log.json
[2026-06-21 18:48:20,601][finetune_logger][INFO] - Logged epoch 13 info to /public/home/202411094934/python_project/Spatio-Temporal-Library/time-series/2026-06-21/autoformer/finetune20/electricity/time-series/seed_1/training_log.json
2026-06-21 18:50:36 - finetune_logger - INFO - Test metrics: {'MAE': 283.5132007450311, 'RMSE': 2552.415847696027}
[2026-06-21 18:50:36,099][finetune_logger][INFO] - Test metrics: {'MAE': 283.5132007450311, 'RMSE': 2552.415847696027}
2026-06-21 18:50:36 - finetune_logger - INFO - Test time: 135.50s
[2026-06-21 18:50:36,099][finetune_logger][INFO] - Test time: 135.50s
2026-06-21 18:50:36 - finetune_logger - INFO - Test memory reserved: 70.00 MB
[2026-06-21 18:50:36,099][finetune_logger][INFO] - Test memory reserved: 70.00 MB
2026-06-21 18:50:36 - finetune_logger - INFO - Test memory allocated: 23.87 MB
[2026-06-21 18:50:36,099][finetune_logger][INFO] - Test memory allocated: 23.87 MB
2026-06-21 18:50:36 - finetune_logger - INFO - Epoch 14/20
[2026-06-21 18:50:36,099][finetune_logger][INFO] - Epoch 14/20
2026-06-21 19:13:13 - finetune_logger - INFO - Train loss: 158.1003272124912
[2026-06-21 19:13:13,326][finetune_logger][INFO] - Train loss: 158.1003272124912
2026-06-21 19:13:13 - finetune_logger - INFO - Train time: 1357.2265937328339s
[2026-06-21 19:13:13,327][finetune_logger][INFO] - Train time: 1357.2265937328339s
2026-06-21 19:13:13 - finetune_logger - INFO - Train memory reserved: 70.00 MB
[2026-06-21 19:13:13,327][finetune_logger][INFO] - Train memory reserved: 70.00 MB
2026-06-21 19:13:13 - finetune_logger - INFO - Train memory allocated: 23.87 MB
[2026-06-21 19:13:13,327][finetune_logger][INFO] - Train memory allocated: 23.87 MB
2026-06-21 19:13:13 - finetune_logger - INFO - Current learning rate: 0.00025
[2026-06-21 19:13:13,327][finetune_logger][INFO] - Current learning rate: 0.00025
2026-06-21 19:14:17 - finetune_logger - INFO - Validation metrics: {'MAE': 219.59552412494818, 'RMSE': 1807.9550534282464}
[2026-06-21 19:14:17,844][finetune_logger][INFO] - Validation metrics: {'MAE': 219.59552412494818, 'RMSE': 1807.9550534282464}
2026-06-21 19:14:17 - finetune_logger - INFO - Val time: 64.52s
[2026-06-21 19:14:17,844][finetune_logger][INFO] - Val time: 64.52s
2026-06-21 19:14:17 - finetune_logger - INFO - Val memory reserved: 70.00 MB
[2026-06-21 19:14:17,845][finetune_logger][INFO] - Val memory reserved: 70.00 MB
2026-06-21 19:14:17 - finetune_logger - INFO - Val memory allocated: 23.87 MB
[2026-06-21 19:14:17,845][finetune_logger][INFO] - Val memory allocated: 23.87 MB
2026-06-21 19:14:17 - finetune_logger - INFO - Logged epoch 14 info to /public/home/202411094934/python_project/Spatio-Temporal-Library/time-series/2026-06-21/autoformer/finetune20/electricity/time-series/seed_1/training_log.json
[2026-06-21 19:14:17,848][finetune_logger][INFO] - Logged epoch 14 info to /public/home/202411094934/python_project/Spatio-Temporal-Library/time-series/2026-06-21/autoformer/finetune20/electricity/time-series/seed_1/training_log.json
2026-06-21 19:16:33 - finetune_logger - INFO - Test metrics: {'MAE': 288.69924613170775, 'RMSE': 2627.139916043785}
[2026-06-21 19:16:33,179][finetune_logger][INFO] - Test metrics: {'MAE': 288.69924613170775, 'RMSE': 2627.139916043785}
2026-06-21 19:16:33 - finetune_logger - INFO - Test time: 135.33s
[2026-06-21 19:16:33,179][finetune_logger][INFO] - Test time: 135.33s
2026-06-21 19:16:33 - finetune_logger - INFO - Test memory reserved: 70.00 MB
[2026-06-21 19:16:33,179][finetune_logger][INFO] - Test memory reserved: 70.00 MB
2026-06-21 19:16:33 - finetune_logger - INFO - Test memory allocated: 23.87 MB
[2026-06-21 19:16:33,179][finetune_logger][INFO] - Test memory allocated: 23.87 MB
2026-06-21 19:16:33 - finetune_logger - INFO - Epoch 15/20
[2026-06-21 19:16:33,180][finetune_logger][INFO] - Epoch 15/20
2026-06-21 19:39:05 - finetune_logger - INFO - Train loss: 157.29498005580302
[2026-06-21 19:39:05,861][finetune_logger][INFO] - Train loss: 157.29498005580302
2026-06-21 19:39:05 - finetune_logger - INFO - Train time: 1352.6810348033905s
[2026-06-21 19:39:05,862][finetune_logger][INFO] - Train time: 1352.6810348033905s
2026-06-21 19:39:05 - finetune_logger - INFO - Train memory reserved: 70.00 MB
[2026-06-21 19:39:05,862][finetune_logger][INFO] - Train memory reserved: 70.00 MB
2026-06-21 19:39:05 - finetune_logger - INFO - Train memory allocated: 23.87 MB
[2026-06-21 19:39:05,862][finetune_logger][INFO] - Train memory allocated: 23.87 MB
2026-06-21 19:39:05 - finetune_logger - INFO - Current learning rate: 0.00025
[2026-06-21 19:39:05,862][finetune_logger][INFO] - Current learning rate: 0.00025
2026-06-21 19:40:10 - finetune_logger - INFO - Validation metrics: {'MAE': 221.2029209241365, 'RMSE': 1821.4294320004153}
[2026-06-21 19:40:10,146][finetune_logger][INFO] - Validation metrics: {'MAE': 221.2029209241365, 'RMSE': 1821.4294320004153}
2026-06-21 19:40:10 - finetune_logger - INFO - Val time: 64.28s
[2026-06-21 19:40:10,146][finetune_logger][INFO] - Val time: 64.28s
2026-06-21 19:40:10 - finetune_logger - INFO - Val memory reserved: 70.00 MB
[2026-06-21 19:40:10,146][finetune_logger][INFO] - Val memory reserved: 70.00 MB
2026-06-21 19:40:10 - finetune_logger - INFO - Val memory allocated: 23.87 MB
[2026-06-21 19:40:10,146][finetune_logger][INFO] - Val memory allocated: 23.87 MB
2026-06-21 19:40:10 - finetune_logger - INFO - Logged epoch 15 info to /public/home/202411094934/python_project/Spatio-Temporal-Library/time-series/2026-06-21/autoformer/finetune20/electricity/time-series/seed_1/training_log.json
[2026-06-21 19:40:10,149][finetune_logger][INFO] - Logged epoch 15 info to /public/home/202411094934/python_project/Spatio-Temporal-Library/time-series/2026-06-21/autoformer/finetune20/electricity/time-series/seed_1/training_log.json
2026-06-21 19:42:25 - finetune_logger - INFO - Test metrics: {'MAE': 287.1588131047671, 'RMSE': 2585.2853100629736}
[2026-06-21 19:42:25,595][finetune_logger][INFO] - Test metrics: {'MAE': 287.1588131047671, 'RMSE': 2585.2853100629736}
2026-06-21 19:42:25 - finetune_logger - INFO - Test time: 135.44s
[2026-06-21 19:42:25,595][finetune_logger][INFO] - Test time: 135.44s
2026-06-21 19:42:25 - finetune_logger - INFO - Test memory reserved: 70.00 MB
[2026-06-21 19:42:25,595][finetune_logger][INFO] - Test memory reserved: 70.00 MB
2026-06-21 19:42:25 - finetune_logger - INFO - Test memory allocated: 23.87 MB
[2026-06-21 19:42:25,595][finetune_logger][INFO] - Test memory allocated: 23.87 MB
2026-06-21 19:42:25 - finetune_logger - INFO - Epoch 16/20
[2026-06-21 19:42:25,595][finetune_logger][INFO] - Epoch 16/20
2026-06-21 20:04:58 - finetune_logger - INFO - Train loss: 156.52183978620533
[2026-06-21 20:04:58,932][finetune_logger][INFO] - Train loss: 156.52183978620533
2026-06-21 20:04:58 - finetune_logger - INFO - Train time: 1353.3360505104065s
[2026-06-21 20:04:58,932][finetune_logger][INFO] - Train time: 1353.3360505104065s
2026-06-21 20:04:58 - finetune_logger - INFO - Train memory reserved: 70.00 MB
[2026-06-21 20:04:58,933][finetune_logger][INFO] - Train memory reserved: 70.00 MB
2026-06-21 20:04:58 - finetune_logger - INFO - Train memory allocated: 23.87 MB
[2026-06-21 20:04:58,933][finetune_logger][INFO] - Train memory allocated: 23.87 MB
2026-06-21 20:04:58 - finetune_logger - INFO - Current learning rate: 0.00025
[2026-06-21 20:04:58,933][finetune_logger][INFO] - Current learning rate: 0.00025
2026-06-21 20:06:03 - finetune_logger - INFO - Validation metrics: {'MAE': 218.35535204435655, 'RMSE': 1793.5249984837603}
[2026-06-21 20:06:03,448][finetune_logger][INFO] - Validation metrics: {'MAE': 218.35535204435655, 'RMSE': 1793.5249984837603}
2026-06-21 20:06:03 - finetune_logger - INFO - Val time: 64.51s
[2026-06-21 20:06:03,448][finetune_logger][INFO] - Val time: 64.51s
2026-06-21 20:06:03 - finetune_logger - INFO - Val memory reserved: 70.00 MB
[2026-06-21 20:06:03,448][finetune_logger][INFO] - Val memory reserved: 70.00 MB
2026-06-21 20:06:03 - finetune_logger - INFO - Val memory allocated: 23.87 MB
[2026-06-21 20:06:03,448][finetune_logger][INFO] - Val memory allocated: 23.87 MB
2026-06-21 20:06:03 - finetune_logger - INFO - Logged epoch 16 info to /public/home/202411094934/python_project/Spatio-Temporal-Library/time-series/2026-06-21/autoformer/finetune20/electricity/time-series/seed_1/training_log.json
[2026-06-21 20:06:03,452][finetune_logger][INFO] - Logged epoch 16 info to /public/home/202411094934/python_project/Spatio-Temporal-Library/time-series/2026-06-21/autoformer/finetune20/electricity/time-series/seed_1/training_log.json
2026-06-21 20:08:19 - finetune_logger - INFO - Test metrics: {'MAE': 283.32099565003347, 'RMSE': 2563.199722695347}
[2026-06-21 20:08:19,641][finetune_logger][INFO] - Test metrics: {'MAE': 283.32099565003347, 'RMSE': 2563.199722695347}
2026-06-21 20:08:19 - finetune_logger - INFO - Test time: 136.19s
[2026-06-21 20:08:19,641][finetune_logger][INFO] - Test time: 136.19s
2026-06-21 20:08:19 - finetune_logger - INFO - Test memory reserved: 70.00 MB
[2026-06-21 20:08:19,641][finetune_logger][INFO] - Test memory reserved: 70.00 MB
2026-06-21 20:08:19 - finetune_logger - INFO - Test memory allocated: 23.87 MB
[2026-06-21 20:08:19,641][finetune_logger][INFO] - Test memory allocated: 23.87 MB
2026-06-21 20:08:19 - finetune_logger - INFO - Epoch 17/20
[2026-06-21 20:08:19,641][finetune_logger][INFO] - Epoch 17/20
2026-06-21 20:30:53 - finetune_logger - INFO - Train loss: 155.96271764443625
[2026-06-21 20:30:53,841][finetune_logger][INFO] - Train loss: 155.96271764443625
2026-06-21 20:30:53 - finetune_logger - INFO - Train time: 1354.1986627578735s
[2026-06-21 20:30:53,841][finetune_logger][INFO] - Train time: 1354.1986627578735s
2026-06-21 20:30:53 - finetune_logger - INFO - Train memory reserved: 70.00 MB
[2026-06-21 20:30:53,841][finetune_logger][INFO] - Train memory reserved: 70.00 MB
2026-06-21 20:30:53 - finetune_logger - INFO - Train memory allocated: 23.87 MB
[2026-06-21 20:30:53,841][finetune_logger][INFO] - Train memory allocated: 23.87 MB
2026-06-21 20:30:53 - finetune_logger - INFO - Current learning rate: 0.00025
[2026-06-21 20:30:53,841][finetune_logger][INFO] - Current learning rate: 0.00025
2026-06-21 20:31:58 - finetune_logger - INFO - Validation metrics: {'MAE': 219.33271109169368, 'RMSE': 1791.2519321289103}
[2026-06-21 20:31:58,203][finetune_logger][INFO] - Validation metrics: {'MAE': 219.33271109169368, 'RMSE': 1791.2519321289103}
2026-06-21 20:31:58 - finetune_logger - INFO - Val time: 64.36s
[2026-06-21 20:31:58,203][finetune_logger][INFO] - Val time: 64.36s
2026-06-21 20:31:58 - finetune_logger - INFO - Val memory reserved: 70.00 MB
[2026-06-21 20:31:58,203][finetune_logger][INFO] - Val memory reserved: 70.00 MB
2026-06-21 20:31:58 - finetune_logger - INFO - Val memory allocated: 23.87 MB
[2026-06-21 20:31:58,203][finetune_logger][INFO] - Val memory allocated: 23.87 MB
2026-06-21 20:31:58 - finetune_logger - INFO - Logged epoch 17 info to /public/home/202411094934/python_project/Spatio-Temporal-Library/time-series/2026-06-21/autoformer/finetune20/electricity/time-series/seed_1/training_log.json
[2026-06-21 20:31:58,207][finetune_logger][INFO] - Logged epoch 17 info to /public/home/202411094934/python_project/Spatio-Temporal-Library/time-series/2026-06-21/autoformer/finetune20/electricity/time-series/seed_1/training_log.json
2026-06-21 20:34:13 - finetune_logger - INFO - Test metrics: {'MAE': 286.401483763185, 'RMSE': 2588.7580950146116}
[2026-06-21 20:34:13,917][finetune_logger][INFO] - Test metrics: {'MAE': 286.401483763185, 'RMSE': 2588.7580950146116}
2026-06-21 20:34:13 - finetune_logger - INFO - Test time: 135.71s
[2026-06-21 20:34:13,917][finetune_logger][INFO] - Test time: 135.71s
2026-06-21 20:34:13 - finetune_logger - INFO - Test memory reserved: 70.00 MB
[2026-06-21 20:34:13,917][finetune_logger][INFO] - Test memory reserved: 70.00 MB
2026-06-21 20:34:13 - finetune_logger - INFO - Test memory allocated: 23.87 MB
[2026-06-21 20:34:13,917][finetune_logger][INFO] - Test memory allocated: 23.87 MB
2026-06-21 20:34:13 - finetune_logger - INFO - Epoch 18/20
[2026-06-21 20:34:13,918][finetune_logger][INFO] - Epoch 18/20
2026-06-21 20:56:47 - finetune_logger - INFO - Train loss: 155.28047636502188
[2026-06-21 20:56:47,289][finetune_logger][INFO] - Train loss: 155.28047636502188
2026-06-21 20:56:47 - finetune_logger - INFO - Train time: 1353.3713006973267s
[2026-06-21 20:56:47,290][finetune_logger][INFO] - Train time: 1353.3713006973267s
2026-06-21 20:56:47 - finetune_logger - INFO - Train memory reserved: 70.00 MB
[2026-06-21 20:56:47,290][finetune_logger][INFO] - Train memory reserved: 70.00 MB
2026-06-21 20:56:47 - finetune_logger - INFO - Train memory allocated: 23.87 MB
[2026-06-21 20:56:47,290][finetune_logger][INFO] - Train memory allocated: 23.87 MB
2026-06-21 20:56:47 - finetune_logger - INFO - Current learning rate: 0.00025
[2026-06-21 20:56:47,290][finetune_logger][INFO] - Current learning rate: 0.00025
2026-06-21 20:57:51 - finetune_logger - INFO - Validation metrics: {'MAE': 220.69525478001677, 'RMSE': 1826.5580018760274}
[2026-06-21 20:57:51,922][finetune_logger][INFO] - Validation metrics: {'MAE': 220.69525478001677, 'RMSE': 1826.5580018760274}
2026-06-21 20:57:51 - finetune_logger - INFO - Val time: 64.63s
[2026-06-21 20:57:51,923][finetune_logger][INFO] - Val time: 64.63s
2026-06-21 20:57:51 - finetune_logger - INFO - Val memory reserved: 70.00 MB
[2026-06-21 20:57:51,923][finetune_logger][INFO] - Val memory reserved: 70.00 MB
2026-06-21 20:57:51 - finetune_logger - INFO - Val memory allocated: 23.87 MB
[2026-06-21 20:57:51,923][finetune_logger][INFO] - Val memory allocated: 23.87 MB
2026-06-21 20:57:51 - finetune_logger - INFO - Logged epoch 18 info to /public/home/202411094934/python_project/Spatio-Temporal-Library/time-series/2026-06-21/autoformer/finetune20/electricity/time-series/seed_1/training_log.json
[2026-06-21 20:57:51,926][finetune_logger][INFO] - Logged epoch 18 info to /public/home/202411094934/python_project/Spatio-Temporal-Library/time-series/2026-06-21/autoformer/finetune20/electricity/time-series/seed_1/training_log.json
2026-06-21 21:00:07 - finetune_logger - INFO - Test metrics: {'MAE': 290.07155254859856, 'RMSE': 2623.8670087341557}
[2026-06-21 21:00:07,186][finetune_logger][INFO] - Test metrics: {'MAE': 290.07155254859856, 'RMSE': 2623.8670087341557}
2026-06-21 21:00:07 - finetune_logger - INFO - Test time: 135.26s
[2026-06-21 21:00:07,187][finetune_logger][INFO] - Test time: 135.26s
2026-06-21 21:00:07 - finetune_logger - INFO - Test memory reserved: 70.00 MB
[2026-06-21 21:00:07,187][finetune_logger][INFO] - Test memory reserved: 70.00 MB
2026-06-21 21:00:07 - finetune_logger - INFO - Test memory allocated: 23.87 MB
[2026-06-21 21:00:07,187][finetune_logger][INFO] - Test memory allocated: 23.87 MB
2026-06-21 21:00:07 - finetune_logger - INFO - Epoch 19/20
[2026-06-21 21:00:07,187][finetune_logger][INFO] - Epoch 19/20
2026-06-21 21:22:40 - finetune_logger - INFO - Train loss: 154.72437387054356
[2026-06-21 21:22:40,963][finetune_logger][INFO] - Train loss: 154.72437387054356
2026-06-21 21:22:40 - finetune_logger - INFO - Train time: 1353.775808095932s
[2026-06-21 21:22:40,964][finetune_logger][INFO] - Train time: 1353.775808095932s
2026-06-21 21:22:40 - finetune_logger - INFO - Train memory reserved: 70.00 MB
[2026-06-21 21:22:40,964][finetune_logger][INFO] - Train memory reserved: 70.00 MB
2026-06-21 21:22:40 - finetune_logger - INFO - Train memory allocated: 23.87 MB
[2026-06-21 21:22:40,964][finetune_logger][INFO] - Train memory allocated: 23.87 MB
2026-06-21 21:22:40 - finetune_logger - INFO - Current learning rate: 0.00025
[2026-06-21 21:22:40,964][finetune_logger][INFO] - Current learning rate: 0.00025
2026-06-21 21:23:45 - finetune_logger - INFO - Validation metrics: {'MAE': 222.64893805252908, 'RMSE': 1859.1427589432567}
[2026-06-21 21:23:45,540][finetune_logger][INFO] - Validation metrics: {'MAE': 222.64893805252908, 'RMSE': 1859.1427589432567}
2026-06-21 21:23:45 - finetune_logger - INFO - Val time: 64.58s
[2026-06-21 21:23:45,541][finetune_logger][INFO] - Val time: 64.58s
2026-06-21 21:23:45 - finetune_logger - INFO - Val memory reserved: 70.00 MB
[2026-06-21 21:23:45,541][finetune_logger][INFO] - Val memory reserved: 70.00 MB
2026-06-21 21:23:45 - finetune_logger - INFO - Val memory allocated: 23.87 MB
[2026-06-21 21:23:45,541][finetune_logger][INFO] - Val memory allocated: 23.87 MB
2026-06-21 21:23:45 - finetune_logger - INFO - Logged epoch 19 info to /public/home/202411094934/python_project/Spatio-Temporal-Library/time-series/2026-06-21/autoformer/finetune20/electricity/time-series/seed_1/training_log.json
[2026-06-21 21:23:45,544][finetune_logger][INFO] - Logged epoch 19 info to /public/home/202411094934/python_project/Spatio-Temporal-Library/time-series/2026-06-21/autoformer/finetune20/electricity/time-series/seed_1/training_log.json
2026-06-21 21:26:01 - finetune_logger - INFO - Test metrics: {'MAE': 283.70782455160764, 'RMSE': 2550.102672749846}
[2026-06-21 21:26:01,334][finetune_logger][INFO] - Test metrics: {'MAE': 283.70782455160764, 'RMSE': 2550.102672749846}
2026-06-21 21:26:01 - finetune_logger - INFO - Test time: 135.79s
[2026-06-21 21:26:01,334][finetune_logger][INFO] - Test time: 135.79s
2026-06-21 21:26:01 - finetune_logger - INFO - Test memory reserved: 70.00 MB
[2026-06-21 21:26:01,334][finetune_logger][INFO] - Test memory reserved: 70.00 MB
2026-06-21 21:26:01 - finetune_logger - INFO - Test memory allocated: 23.87 MB
[2026-06-21 21:26:01,334][finetune_logger][INFO] - Test memory allocated: 23.87 MB
2026-06-21 21:26:01 - finetune_logger - INFO - Epoch 20/20
[2026-06-21 21:26:01,334][finetune_logger][INFO] - Epoch 20/20
2026-06-21 21:48:34 - finetune_logger - INFO - Train loss: 154.21807707160087
[2026-06-21 21:48:34,963][finetune_logger][INFO] - Train loss: 154.21807707160087
2026-06-21 21:48:34 - finetune_logger - INFO - Train time: 1353.6282517910004s
[2026-06-21 21:48:34,963][finetune_logger][INFO] - Train time: 1353.6282517910004s
2026-06-21 21:48:34 - finetune_logger - INFO - Train memory reserved: 70.00 MB
[2026-06-21 21:48:34,964][finetune_logger][INFO] - Train memory reserved: 70.00 MB
2026-06-21 21:48:34 - finetune_logger - INFO - Train memory allocated: 23.87 MB
[2026-06-21 21:48:34,964][finetune_logger][INFO] - Train memory allocated: 23.87 MB
2026-06-21 21:48:34 - finetune_logger - INFO - Current learning rate: 0.00025
[2026-06-21 21:48:34,964][finetune_logger][INFO] - Current learning rate: 0.00025
2026-06-21 21:49:39 - finetune_logger - INFO - Validation metrics: {'MAE': 223.41506052117572, 'RMSE': 1852.8652267166956}
[2026-06-21 21:49:39,393][finetune_logger][INFO] - Validation metrics: {'MAE': 223.41506052117572, 'RMSE': 1852.8652267166956}
2026-06-21 21:49:39 - finetune_logger - INFO - Val time: 64.43s
[2026-06-21 21:49:39,393][finetune_logger][INFO] - Val time: 64.43s
2026-06-21 21:49:39 - finetune_logger - INFO - Val memory reserved: 70.00 MB
[2026-06-21 21:49:39,393][finetune_logger][INFO] - Val memory reserved: 70.00 MB
2026-06-21 21:49:39 - finetune_logger - INFO - Val memory allocated: 23.87 MB
[2026-06-21 21:49:39,393][finetune_logger][INFO] - Val memory allocated: 23.87 MB
2026-06-21 21:49:39 - finetune_logger - INFO - Logged epoch 20 info to /public/home/202411094934/python_project/Spatio-Temporal-Library/time-series/2026-06-21/autoformer/finetune20/electricity/time-series/seed_1/training_log.json
[2026-06-21 21:49:39,397][finetune_logger][INFO] - Logged epoch 20 info to /public/home/202411094934/python_project/Spatio-Temporal-Library/time-series/2026-06-21/autoformer/finetune20/electricity/time-series/seed_1/training_log.json
2026-06-21 21:51:54 - finetune_logger - INFO - Test metrics: {'MAE': 286.08269786434505, 'RMSE': 2591.2472315735463}
[2026-06-21 21:51:54,617][finetune_logger][INFO] - Test metrics: {'MAE': 286.08269786434505, 'RMSE': 2591.2472315735463}
2026-06-21 21:51:54 - finetune_logger - INFO - Test time: 135.19s
[2026-06-21 21:51:54,617][finetune_logger][INFO] - Test time: 135.19s
2026-06-21 21:51:54 - finetune_logger - INFO - Test memory reserved: 70.00 MB
[2026-06-21 21:51:54,617][finetune_logger][INFO] - Test memory reserved: 70.00 MB
2026-06-21 21:51:54 - finetune_logger - INFO - Test memory allocated: 23.87 MB
[2026-06-21 21:51:54,617][finetune_logger][INFO] - Test memory allocated: 23.87 MB
2026-06-21 21:51:54 - finetune_logger - INFO - Training completed. Best epoch: 9, Best val loss: 209.283975
[2026-06-21 21:51:54,618][finetune_logger][INFO] - Training completed. Best epoch: 9, Best val loss: 209.283975
2026-06-21 21:51:54 - finetune_logger - INFO - Loaded checkpoint from epoch 9
[2026-06-21 21:51:54,661][finetune_logger][INFO] - Loaded checkpoint from epoch 9
2026-06-21 21:51:54 - finetune_logger - INFO - Evaluating best model on test sets...
[2026-06-21 21:51:54,661][finetune_logger][INFO] - Evaluating best model on test sets...
2026-06-21 21:54:09 - finetune_logger - INFO - Test metrics: {'MAE': 284.925958973599, 'RMSE': 2611.6010305542777}
[2026-06-21 21:54:09,066][finetune_logger][INFO] - Test metrics: {'MAE': 284.925958973599, 'RMSE': 2611.6010305542777}
2026-06-21 21:54:09 - finetune_logger - INFO - Test time: 134.40s
[2026-06-21 21:54:09,066][finetune_logger][INFO] - Test time: 134.40s
2026-06-21 21:54:09 - finetune_logger - INFO - Test memory reserved: 70.00 MB
[2026-06-21 21:54:09,066][finetune_logger][INFO] - Test memory reserved: 70.00 MB
2026-06-21 21:54:09 - finetune_logger - INFO - Test memory allocated: 23.91 MB
[2026-06-21 21:54:09,067][finetune_logger][INFO] - Test memory allocated: 23.91 MB
2026-06-21 21:54:09 - finetune_logger - INFO - Logged epoch test info to /public/home/202411094934/python_project/Spatio-Temporal-Library/time-series/2026-06-21/autoformer/finetune20/electricity/time-series/seed_1/training_log.json
[2026-06-21 21:54:09,070][finetune_logger][INFO] - Logged epoch test info to /public/home/202411094934/python_project/Spatio-Temporal-Library/time-series/2026-06-21/autoformer/finetune20/electricity/time-series/seed_1/training_log.json
