2026-06-18 01:36:19 - finetune_logger - INFO - No pretrained checkpoint is provided. Finetuning from scratch.
[2026-06-18 01:36:19,327][finetune_logger][INFO] - No pretrained checkpoint is provided. Finetuning from scratch.
2026-06-18 01:36:19 - finetune_logger - INFO - Model parameters: 26,414,914
[2026-06-18 01:36:19,366][finetune_logger][INFO] - Model parameters: 26,414,914
2026-06-18 01:36:19 - finetune_logger - INFO - Created new log file at /public/home/202411094934/python_project/Spatio-Temporal-Library/time-series/2026-06-18/patchtst/finetune20/electricity/time-series/seed_2/training_log.json
[2026-06-18 01:36:19,370][finetune_logger][INFO] - Created new log file at /public/home/202411094934/python_project/Spatio-Temporal-Library/time-series/2026-06-18/patchtst/finetune20/electricity/time-series/seed_2/training_log.json
2026-06-18 01:36:19 - finetune_logger - INFO - Starting training...
[2026-06-18 01:36:19,370][finetune_logger][INFO] - Starting training...
2026-06-18 01:36:19 - finetune_logger - INFO - Epoch 1/20
[2026-06-18 01:36:19,370][finetune_logger][INFO] - Epoch 1/20
2026-06-18 01:43:21 - finetune_logger - INFO - No pretrained checkpoint is provided. Finetuning from scratch.
[2026-06-18 01:43:21,625][finetune_logger][INFO] - No pretrained checkpoint is provided. Finetuning from scratch.
2026-06-18 01:43:21 - finetune_logger - INFO - Model parameters: 26,414,914
[2026-06-18 01:43:21,731][finetune_logger][INFO] - Model parameters: 26,414,914
2026-06-18 01:43:21 - finetune_logger - INFO - Log file already exists at /public/home/202411094934/python_project/Spatio-Temporal-Library/time-series/2026-06-18/patchtst/finetune20/electricity/time-series/seed_2/training_log.json, appending to it.
[2026-06-18 01:43:21,735][finetune_logger][INFO] - Log file already exists at /public/home/202411094934/python_project/Spatio-Temporal-Library/time-series/2026-06-18/patchtst/finetune20/electricity/time-series/seed_2/training_log.json, appending to it.
2026-06-18 01:43:21 - finetune_logger - INFO - Starting training...
[2026-06-18 01:43:21,735][finetune_logger][INFO] - Starting training...
2026-06-18 01:43:21 - finetune_logger - INFO - Epoch 1/20
[2026-06-18 01:43:21,735][finetune_logger][INFO] - Epoch 1/20
2026-06-18 09:03:30 - finetune_logger - INFO - No pretrained checkpoint is provided. Finetuning from scratch.
[2026-06-18 09:03:30,648][finetune_logger][INFO] - No pretrained checkpoint is provided. Finetuning from scratch.
2026-06-18 09:03:30 - finetune_logger - INFO - Model parameters: 26,414,914
[2026-06-18 09:03:30,702][finetune_logger][INFO] - Model parameters: 26,414,914
2026-06-18 09:03:30 - finetune_logger - INFO - Log file already exists at /public/home/202411094934/python_project/Spatio-Temporal-Library/time-series/2026-06-18/patchtst/finetune20/electricity/time-series/seed_2/training_log.json, appending to it.
[2026-06-18 09:03:30,705][finetune_logger][INFO] - Log file already exists at /public/home/202411094934/python_project/Spatio-Temporal-Library/time-series/2026-06-18/patchtst/finetune20/electricity/time-series/seed_2/training_log.json, appending to it.
2026-06-18 09:03:30 - finetune_logger - INFO - Starting training...
[2026-06-18 09:03:30,705][finetune_logger][INFO] - Starting training...
2026-06-18 09:03:30 - finetune_logger - INFO - Epoch 1/20
[2026-06-18 09:03:30,705][finetune_logger][INFO] - Epoch 1/20
2026-06-18 09:07:51 - finetune_logger - INFO - No pretrained checkpoint is provided. Finetuning from scratch.
[2026-06-18 09:07:51,158][finetune_logger][INFO] - No pretrained checkpoint is provided. Finetuning from scratch.
2026-06-18 09:07:51 - finetune_logger - INFO - Model parameters: 26,414,914
[2026-06-18 09:07:51,208][finetune_logger][INFO] - Model parameters: 26,414,914
2026-06-18 09:07:51 - finetune_logger - INFO - Log file already exists at /public/home/202411094934/python_project/Spatio-Temporal-Library/time-series/2026-06-18/patchtst/finetune20/electricity/time-series/seed_2/training_log.json, appending to it.
[2026-06-18 09:07:51,211][finetune_logger][INFO] - Log file already exists at /public/home/202411094934/python_project/Spatio-Temporal-Library/time-series/2026-06-18/patchtst/finetune20/electricity/time-series/seed_2/training_log.json, appending to it.
2026-06-18 09:07:51 - finetune_logger - INFO - Starting training...
[2026-06-18 09:07:51,211][finetune_logger][INFO] - Starting training...
2026-06-18 09:07:51 - finetune_logger - INFO - Epoch 1/20
[2026-06-18 09:07:51,211][finetune_logger][INFO] - Epoch 1/20
2026-06-18 09:09:18 - finetune_logger - INFO - No pretrained checkpoint is provided. Finetuning from scratch.
[2026-06-18 09:09:18,191][finetune_logger][INFO] - No pretrained checkpoint is provided. Finetuning from scratch.
2026-06-18 09:09:18 - finetune_logger - INFO - Model parameters: 26,414,914
[2026-06-18 09:09:18,240][finetune_logger][INFO] - Model parameters: 26,414,914
2026-06-18 09:09:18 - finetune_logger - INFO - Log file already exists at /public/home/202411094934/python_project/Spatio-Temporal-Library/time-series/2026-06-18/patchtst/finetune20/electricity/time-series/seed_2/training_log.json, appending to it.
[2026-06-18 09:09:18,242][finetune_logger][INFO] - Log file already exists at /public/home/202411094934/python_project/Spatio-Temporal-Library/time-series/2026-06-18/patchtst/finetune20/electricity/time-series/seed_2/training_log.json, appending to it.
2026-06-18 09:09:18 - finetune_logger - INFO - Starting training...
[2026-06-18 09:09:18,242][finetune_logger][INFO] - Starting training...
2026-06-18 09:09:18 - finetune_logger - INFO - Epoch 1/20
[2026-06-18 09:09:18,243][finetune_logger][INFO] - Epoch 1/20
2026-06-18 09:10:51 - finetune_logger - INFO - No pretrained checkpoint is provided. Finetuning from scratch.
[2026-06-18 09:10:51,898][finetune_logger][INFO] - No pretrained checkpoint is provided. Finetuning from scratch.
2026-06-18 09:10:51 - finetune_logger - INFO - Model parameters: 26,414,914
[2026-06-18 09:10:51,940][finetune_logger][INFO] - Model parameters: 26,414,914
2026-06-18 09:10:51 - finetune_logger - INFO - Log file already exists at /public/home/202411094934/python_project/Spatio-Temporal-Library/time-series/2026-06-18/patchtst/finetune20/electricity/time-series/seed_2/training_log.json, appending to it.
[2026-06-18 09:10:51,942][finetune_logger][INFO] - Log file already exists at /public/home/202411094934/python_project/Spatio-Temporal-Library/time-series/2026-06-18/patchtst/finetune20/electricity/time-series/seed_2/training_log.json, appending to it.
2026-06-18 09:10:51 - finetune_logger - INFO - Starting training...
[2026-06-18 09:10:51,943][finetune_logger][INFO] - Starting training...
2026-06-18 09:10:51 - finetune_logger - INFO - Epoch 1/20
[2026-06-18 09:10:51,943][finetune_logger][INFO] - Epoch 1/20
2026-06-18 09:41:12 - finetune_logger - INFO - No pretrained checkpoint is provided. Finetuning from scratch.
[2026-06-18 09:41:12,075][finetune_logger][INFO] - No pretrained checkpoint is provided. Finetuning from scratch.
2026-06-18 09:41:12 - finetune_logger - INFO - Model parameters: 26,414,914
[2026-06-18 09:41:12,118][finetune_logger][INFO] - Model parameters: 26,414,914
2026-06-18 09:41:12 - finetune_logger - INFO - Log file already exists at /public/home/202411094934/python_project/Spatio-Temporal-Library/time-series/2026-06-18/patchtst/finetune20/electricity/time-series/seed_2/training_log.json, appending to it.
[2026-06-18 09:41:12,120][finetune_logger][INFO] - Log file already exists at /public/home/202411094934/python_project/Spatio-Temporal-Library/time-series/2026-06-18/patchtst/finetune20/electricity/time-series/seed_2/training_log.json, appending to it.
2026-06-18 09:41:12 - finetune_logger - INFO - Starting training...
[2026-06-18 09:41:12,120][finetune_logger][INFO] - Starting training...
2026-06-18 09:41:12 - finetune_logger - INFO - Epoch 1/20
[2026-06-18 09:41:12,120][finetune_logger][INFO] - Epoch 1/20
2026-06-18 10:18:46 - finetune_logger - INFO - Train loss: 243.09632340523578
[2026-06-18 10:18:46,568][finetune_logger][INFO] - Train loss: 243.09632340523578
2026-06-18 10:18:46 - finetune_logger - INFO - Train time: 2254.446818113327s
[2026-06-18 10:18:46,568][finetune_logger][INFO] - Train time: 2254.446818113327s
2026-06-18 10:18:46 - finetune_logger - INFO - Train memory reserved: 580.00 MB
[2026-06-18 10:18:46,569][finetune_logger][INFO] - Train memory reserved: 580.00 MB
2026-06-18 10:18:46 - finetune_logger - INFO - Train memory allocated: 318.57 MB
[2026-06-18 10:18:46,569][finetune_logger][INFO] - Train memory allocated: 318.57 MB
2026-06-18 10:18:46 - finetune_logger - INFO - Current learning rate: 0.0005
[2026-06-18 10:18:46,569][finetune_logger][INFO] - Current learning rate: 0.0005
2026-06-18 10:20:00 - finetune_logger - INFO - Validation metrics: {'MAE': 194.1006035927217, 'RMSE': 1399.2471264905419}
[2026-06-18 10:20:00,267][finetune_logger][INFO] - Validation metrics: {'MAE': 194.1006035927217, 'RMSE': 1399.2471264905419}
2026-06-18 10:20:00 - finetune_logger - INFO - Val time: 73.70s
[2026-06-18 10:20:00,267][finetune_logger][INFO] - Val time: 73.70s
2026-06-18 10:20:00 - finetune_logger - INFO - Val memory reserved: 580.00 MB
[2026-06-18 10:20:00,267][finetune_logger][INFO] - Val memory reserved: 580.00 MB
2026-06-18 10:20:00 - finetune_logger - INFO - Val memory allocated: 318.57 MB
[2026-06-18 10:20:00,267][finetune_logger][INFO] - Val memory allocated: 318.57 MB
2026-06-18 10:20:00 - finetune_logger - INFO - Logged epoch 1 info to /public/home/202411094934/python_project/Spatio-Temporal-Library/time-series/2026-06-18/patchtst/finetune20/electricity/time-series/seed_2/training_log.json
[2026-06-18 10:20:00,272][finetune_logger][INFO] - Logged epoch 1 info to /public/home/202411094934/python_project/Spatio-Temporal-Library/time-series/2026-06-18/patchtst/finetune20/electricity/time-series/seed_2/training_log.json
2026-06-18 10:20:00 - finetune_logger - INFO - New best model! Val loss: 194.100604
[2026-06-18 10:20:00,272][finetune_logger][INFO] - New best model! Val loss: 194.100604
2026-06-18 10:22:37 - finetune_logger - INFO - Test metrics: {'MAE': 258.4796732663876, 'RMSE': 2326.623345736372}
[2026-06-18 10:22:37,055][finetune_logger][INFO] - Test metrics: {'MAE': 258.4796732663876, 'RMSE': 2326.623345736372}
2026-06-18 10:22:37 - finetune_logger - INFO - Test time: 155.72s
[2026-06-18 10:22:37,056][finetune_logger][INFO] - Test time: 155.72s
2026-06-18 10:22:37 - finetune_logger - INFO - Test memory reserved: 580.00 MB
[2026-06-18 10:22:37,056][finetune_logger][INFO] - Test memory reserved: 580.00 MB
2026-06-18 10:22:37 - finetune_logger - INFO - Test memory allocated: 318.57 MB
[2026-06-18 10:22:37,056][finetune_logger][INFO] - Test memory allocated: 318.57 MB
2026-06-18 10:22:37 - finetune_logger - INFO - Epoch 2/20
[2026-06-18 10:22:37,056][finetune_logger][INFO] - Epoch 2/20
2026-06-18 11:00:28 - finetune_logger - INFO - Train loss: 219.3634446195515
[2026-06-18 11:00:28,347][finetune_logger][INFO] - Train loss: 219.3634446195515
2026-06-18 11:00:28 - finetune_logger - INFO - Train time: 2271.2899954319s
[2026-06-18 11:00:28,347][finetune_logger][INFO] - Train time: 2271.2899954319s
2026-06-18 11:00:28 - finetune_logger - INFO - Train memory reserved: 580.00 MB
[2026-06-18 11:00:28,347][finetune_logger][INFO] - Train memory reserved: 580.00 MB
2026-06-18 11:00:28 - finetune_logger - INFO - Train memory allocated: 318.57 MB
[2026-06-18 11:00:28,347][finetune_logger][INFO] - Train memory allocated: 318.57 MB
2026-06-18 11:00:28 - finetune_logger - INFO - Current learning rate: 0.0005
[2026-06-18 11:00:28,347][finetune_logger][INFO] - Current learning rate: 0.0005
2026-06-18 11:01:42 - finetune_logger - INFO - Validation metrics: {'MAE': 187.68399218107484, 'RMSE': 1371.932814221831}
[2026-06-18 11:01:42,415][finetune_logger][INFO] - Validation metrics: {'MAE': 187.68399218107484, 'RMSE': 1371.932814221831}
2026-06-18 11:01:42 - finetune_logger - INFO - Val time: 74.07s
[2026-06-18 11:01:42,415][finetune_logger][INFO] - Val time: 74.07s
2026-06-18 11:01:42 - finetune_logger - INFO - Val memory reserved: 580.00 MB
[2026-06-18 11:01:42,415][finetune_logger][INFO] - Val memory reserved: 580.00 MB
2026-06-18 11:01:42 - finetune_logger - INFO - Val memory allocated: 318.57 MB
[2026-06-18 11:01:42,415][finetune_logger][INFO] - Val memory allocated: 318.57 MB
2026-06-18 11:01:42 - finetune_logger - INFO - Logged epoch 2 info to /public/home/202411094934/python_project/Spatio-Temporal-Library/time-series/2026-06-18/patchtst/finetune20/electricity/time-series/seed_2/training_log.json
[2026-06-18 11:01:42,418][finetune_logger][INFO] - Logged epoch 2 info to /public/home/202411094934/python_project/Spatio-Temporal-Library/time-series/2026-06-18/patchtst/finetune20/electricity/time-series/seed_2/training_log.json
2026-06-18 11:01:42 - finetune_logger - INFO - New best model! Val loss: 187.683992
[2026-06-18 11:01:42,418][finetune_logger][INFO] - New best model! Val loss: 187.683992
2026-06-18 11:04:19 - finetune_logger - INFO - Test metrics: {'MAE': 250.57014904780164, 'RMSE': 2281.500375158361}
[2026-06-18 11:04:19,017][finetune_logger][INFO] - Test metrics: {'MAE': 250.57014904780164, 'RMSE': 2281.500375158361}
2026-06-18 11:04:19 - finetune_logger - INFO - Test time: 155.43s
[2026-06-18 11:04:19,017][finetune_logger][INFO] - Test time: 155.43s
2026-06-18 11:04:19 - finetune_logger - INFO - Test memory reserved: 580.00 MB
[2026-06-18 11:04:19,017][finetune_logger][INFO] - Test memory reserved: 580.00 MB
2026-06-18 11:04:19 - finetune_logger - INFO - Test memory allocated: 318.57 MB
[2026-06-18 11:04:19,017][finetune_logger][INFO] - Test memory allocated: 318.57 MB
2026-06-18 11:04:19 - finetune_logger - INFO - Epoch 3/20
[2026-06-18 11:04:19,017][finetune_logger][INFO] - Epoch 3/20
2026-06-18 11:42:11 - finetune_logger - INFO - Train loss: 214.64085076864492
[2026-06-18 11:42:11,490][finetune_logger][INFO] - Train loss: 214.64085076864492
2026-06-18 11:42:11 - finetune_logger - INFO - Train time: 2272.4716124534607s
[2026-06-18 11:42:11,490][finetune_logger][INFO] - Train time: 2272.4716124534607s
2026-06-18 11:42:11 - finetune_logger - INFO - Train memory reserved: 580.00 MB
[2026-06-18 11:42:11,490][finetune_logger][INFO] - Train memory reserved: 580.00 MB
2026-06-18 11:42:11 - finetune_logger - INFO - Train memory allocated: 318.57 MB
[2026-06-18 11:42:11,490][finetune_logger][INFO] - Train memory allocated: 318.57 MB
2026-06-18 11:42:11 - finetune_logger - INFO - Current learning rate: 0.0005
[2026-06-18 11:42:11,490][finetune_logger][INFO] - Current learning rate: 0.0005
2026-06-18 11:43:25 - finetune_logger - INFO - Validation metrics: {'MAE': 187.13346984220814, 'RMSE': 1371.9515438553647}
[2026-06-18 11:43:25,601][finetune_logger][INFO] - Validation metrics: {'MAE': 187.13346984220814, 'RMSE': 1371.9515438553647}
2026-06-18 11:43:25 - finetune_logger - INFO - Val time: 74.11s
[2026-06-18 11:43:25,601][finetune_logger][INFO] - Val time: 74.11s
2026-06-18 11:43:25 - finetune_logger - INFO - Val memory reserved: 580.00 MB
[2026-06-18 11:43:25,601][finetune_logger][INFO] - Val memory reserved: 580.00 MB
2026-06-18 11:43:25 - finetune_logger - INFO - Val memory allocated: 318.57 MB
[2026-06-18 11:43:25,601][finetune_logger][INFO] - Val memory allocated: 318.57 MB
2026-06-18 11:43:25 - finetune_logger - INFO - Logged epoch 3 info to /public/home/202411094934/python_project/Spatio-Temporal-Library/time-series/2026-06-18/patchtst/finetune20/electricity/time-series/seed_2/training_log.json
[2026-06-18 11:43:25,604][finetune_logger][INFO] - Logged epoch 3 info to /public/home/202411094934/python_project/Spatio-Temporal-Library/time-series/2026-06-18/patchtst/finetune20/electricity/time-series/seed_2/training_log.json
2026-06-18 11:43:25 - finetune_logger - INFO - New best model! Val loss: 187.133470
[2026-06-18 11:43:25,605][finetune_logger][INFO] - New best model! Val loss: 187.133470
2026-06-18 11:46:02 - finetune_logger - INFO - Test metrics: {'MAE': 250.53766888831134, 'RMSE': 2272.637111266882}
[2026-06-18 11:46:02,044][finetune_logger][INFO] - Test metrics: {'MAE': 250.53766888831134, 'RMSE': 2272.637111266882}
2026-06-18 11:46:02 - finetune_logger - INFO - Test time: 155.37s
[2026-06-18 11:46:02,044][finetune_logger][INFO] - Test time: 155.37s
2026-06-18 11:46:02 - finetune_logger - INFO - Test memory reserved: 580.00 MB
[2026-06-18 11:46:02,044][finetune_logger][INFO] - Test memory reserved: 580.00 MB
2026-06-18 11:46:02 - finetune_logger - INFO - Test memory allocated: 318.57 MB
[2026-06-18 11:46:02,045][finetune_logger][INFO] - Test memory allocated: 318.57 MB
2026-06-18 11:46:02 - finetune_logger - INFO - Epoch 4/20
[2026-06-18 11:46:02,045][finetune_logger][INFO] - Epoch 4/20
2026-06-18 12:23:54 - finetune_logger - INFO - Train loss: 211.46348797293376
[2026-06-18 12:23:54,123][finetune_logger][INFO] - Train loss: 211.46348797293376
2026-06-18 12:23:54 - finetune_logger - INFO - Train time: 2272.077406644821s
[2026-06-18 12:23:54,123][finetune_logger][INFO] - Train time: 2272.077406644821s
2026-06-18 12:23:54 - finetune_logger - INFO - Train memory reserved: 580.00 MB
[2026-06-18 12:23:54,123][finetune_logger][INFO] - Train memory reserved: 580.00 MB
2026-06-18 12:23:54 - finetune_logger - INFO - Train memory allocated: 318.57 MB
[2026-06-18 12:23:54,123][finetune_logger][INFO] - Train memory allocated: 318.57 MB
2026-06-18 12:23:54 - finetune_logger - INFO - Current learning rate: 0.0005
[2026-06-18 12:23:54,124][finetune_logger][INFO] - Current learning rate: 0.0005
2026-06-18 12:25:08 - finetune_logger - INFO - Validation metrics: {'MAE': 191.124657984683, 'RMSE': 1389.3236737381792}
[2026-06-18 12:25:08,204][finetune_logger][INFO] - Validation metrics: {'MAE': 191.124657984683, 'RMSE': 1389.3236737381792}
2026-06-18 12:25:08 - finetune_logger - INFO - Val time: 74.08s
[2026-06-18 12:25:08,204][finetune_logger][INFO] - Val time: 74.08s
2026-06-18 12:25:08 - finetune_logger - INFO - Val memory reserved: 580.00 MB
[2026-06-18 12:25:08,205][finetune_logger][INFO] - Val memory reserved: 580.00 MB
2026-06-18 12:25:08 - finetune_logger - INFO - Val memory allocated: 318.57 MB
[2026-06-18 12:25:08,205][finetune_logger][INFO] - Val memory allocated: 318.57 MB
2026-06-18 12:25:08 - finetune_logger - INFO - Logged epoch 4 info to /public/home/202411094934/python_project/Spatio-Temporal-Library/time-series/2026-06-18/patchtst/finetune20/electricity/time-series/seed_2/training_log.json
[2026-06-18 12:25:08,209][finetune_logger][INFO] - Logged epoch 4 info to /public/home/202411094934/python_project/Spatio-Temporal-Library/time-series/2026-06-18/patchtst/finetune20/electricity/time-series/seed_2/training_log.json
2026-06-18 12:27:44 - finetune_logger - INFO - Test metrics: {'MAE': 257.7554918566893, 'RMSE': 2319.743220758023}
[2026-06-18 12:27:44,533][finetune_logger][INFO] - Test metrics: {'MAE': 257.7554918566893, 'RMSE': 2319.743220758023}
2026-06-18 12:27:44 - finetune_logger - INFO - Test time: 156.32s
[2026-06-18 12:27:44,533][finetune_logger][INFO] - Test time: 156.32s
2026-06-18 12:27:44 - finetune_logger - INFO - Test memory reserved: 580.00 MB
[2026-06-18 12:27:44,533][finetune_logger][INFO] - Test memory reserved: 580.00 MB
2026-06-18 12:27:44 - finetune_logger - INFO - Test memory allocated: 318.57 MB
[2026-06-18 12:27:44,534][finetune_logger][INFO] - Test memory allocated: 318.57 MB
2026-06-18 12:27:44 - finetune_logger - INFO - Epoch 5/20
[2026-06-18 12:27:44,534][finetune_logger][INFO] - Epoch 5/20
2026-06-18 13:05:37 - finetune_logger - INFO - Train loss: 209.25095977967882
[2026-06-18 13:05:37,200][finetune_logger][INFO] - Train loss: 209.25095977967882
2026-06-18 13:05:37 - finetune_logger - INFO - Train time: 2272.6659762859344s
[2026-06-18 13:05:37,201][finetune_logger][INFO] - Train time: 2272.6659762859344s
2026-06-18 13:05:37 - finetune_logger - INFO - Train memory reserved: 580.00 MB
[2026-06-18 13:05:37,201][finetune_logger][INFO] - Train memory reserved: 580.00 MB
2026-06-18 13:05:37 - finetune_logger - INFO - Train memory allocated: 318.57 MB
[2026-06-18 13:05:37,201][finetune_logger][INFO] - Train memory allocated: 318.57 MB
2026-06-18 13:05:37 - finetune_logger - INFO - Current learning rate: 0.0005
[2026-06-18 13:05:37,201][finetune_logger][INFO] - Current learning rate: 0.0005
2026-06-18 13:06:51 - finetune_logger - INFO - Validation metrics: {'MAE': 188.2906930863228, 'RMSE': 1373.1587927888525}
[2026-06-18 13:06:51,138][finetune_logger][INFO] - Validation metrics: {'MAE': 188.2906930863228, 'RMSE': 1373.1587927888525}
2026-06-18 13:06:51 - finetune_logger - INFO - Val time: 73.94s
[2026-06-18 13:06:51,138][finetune_logger][INFO] - Val time: 73.94s
2026-06-18 13:06:51 - finetune_logger - INFO - Val memory reserved: 580.00 MB
[2026-06-18 13:06:51,138][finetune_logger][INFO] - Val memory reserved: 580.00 MB
2026-06-18 13:06:51 - finetune_logger - INFO - Val memory allocated: 318.57 MB
[2026-06-18 13:06:51,138][finetune_logger][INFO] - Val memory allocated: 318.57 MB
2026-06-18 13:06:51 - finetune_logger - INFO - Logged epoch 5 info to /public/home/202411094934/python_project/Spatio-Temporal-Library/time-series/2026-06-18/patchtst/finetune20/electricity/time-series/seed_2/training_log.json
[2026-06-18 13:06:51,141][finetune_logger][INFO] - Logged epoch 5 info to /public/home/202411094934/python_project/Spatio-Temporal-Library/time-series/2026-06-18/patchtst/finetune20/electricity/time-series/seed_2/training_log.json
2026-06-18 13:09:26 - finetune_logger - INFO - Test metrics: {'MAE': 256.56546094866513, 'RMSE': 2320.857245742191}
[2026-06-18 13:09:26,566][finetune_logger][INFO] - Test metrics: {'MAE': 256.56546094866513, 'RMSE': 2320.857245742191}
2026-06-18 13:09:26 - finetune_logger - INFO - Test time: 155.42s
[2026-06-18 13:09:26,567][finetune_logger][INFO] - Test time: 155.42s
2026-06-18 13:09:26 - finetune_logger - INFO - Test memory reserved: 580.00 MB
[2026-06-18 13:09:26,567][finetune_logger][INFO] - Test memory reserved: 580.00 MB
2026-06-18 13:09:26 - finetune_logger - INFO - Test memory allocated: 318.57 MB
[2026-06-18 13:09:26,567][finetune_logger][INFO] - Test memory allocated: 318.57 MB
2026-06-18 13:09:26 - finetune_logger - INFO - Epoch 6/20
[2026-06-18 13:09:26,567][finetune_logger][INFO] - Epoch 6/20
2026-06-18 13:47:18 - finetune_logger - INFO - Train loss: 207.38265366093768
[2026-06-18 13:47:18,538][finetune_logger][INFO] - Train loss: 207.38265366093768
2026-06-18 13:47:18 - finetune_logger - INFO - Train time: 2271.96986246109s
[2026-06-18 13:47:18,539][finetune_logger][INFO] - Train time: 2271.96986246109s
2026-06-18 13:47:18 - finetune_logger - INFO - Train memory reserved: 580.00 MB
[2026-06-18 13:47:18,540][finetune_logger][INFO] - Train memory reserved: 580.00 MB
2026-06-18 13:47:18 - finetune_logger - INFO - Train memory allocated: 318.57 MB
[2026-06-18 13:47:18,540][finetune_logger][INFO] - Train memory allocated: 318.57 MB
2026-06-18 13:47:18 - finetune_logger - INFO - Current learning rate: 0.0005
[2026-06-18 13:47:18,540][finetune_logger][INFO] - Current learning rate: 0.0005
2026-06-18 13:48:32 - finetune_logger - INFO - Validation metrics: {'MAE': 186.5397339798774, 'RMSE': 1363.4769000308418}
[2026-06-18 13:48:32,486][finetune_logger][INFO] - Validation metrics: {'MAE': 186.5397339798774, 'RMSE': 1363.4769000308418}
2026-06-18 13:48:32 - finetune_logger - INFO - Val time: 73.95s
[2026-06-18 13:48:32,486][finetune_logger][INFO] - Val time: 73.95s
2026-06-18 13:48:32 - finetune_logger - INFO - Val memory reserved: 580.00 MB
[2026-06-18 13:48:32,486][finetune_logger][INFO] - Val memory reserved: 580.00 MB
2026-06-18 13:48:32 - finetune_logger - INFO - Val memory allocated: 318.57 MB
[2026-06-18 13:48:32,487][finetune_logger][INFO] - Val memory allocated: 318.57 MB
2026-06-18 13:48:32 - finetune_logger - INFO - Logged epoch 6 info to /public/home/202411094934/python_project/Spatio-Temporal-Library/time-series/2026-06-18/patchtst/finetune20/electricity/time-series/seed_2/training_log.json
[2026-06-18 13:48:32,489][finetune_logger][INFO] - Logged epoch 6 info to /public/home/202411094934/python_project/Spatio-Temporal-Library/time-series/2026-06-18/patchtst/finetune20/electricity/time-series/seed_2/training_log.json
2026-06-18 13:48:32 - finetune_logger - INFO - New best model! Val loss: 186.539734
[2026-06-18 13:48:32,490][finetune_logger][INFO] - New best model! Val loss: 186.539734
2026-06-18 13:51:09 - finetune_logger - INFO - Test metrics: {'MAE': 252.4167806336989, 'RMSE': 2301.251741799743}
[2026-06-18 13:51:09,046][finetune_logger][INFO] - Test metrics: {'MAE': 252.4167806336989, 'RMSE': 2301.251741799743}
2026-06-18 13:51:09 - finetune_logger - INFO - Test time: 155.40s
[2026-06-18 13:51:09,046][finetune_logger][INFO] - Test time: 155.40s
2026-06-18 13:51:09 - finetune_logger - INFO - Test memory reserved: 580.00 MB
[2026-06-18 13:51:09,046][finetune_logger][INFO] - Test memory reserved: 580.00 MB
2026-06-18 13:51:09 - finetune_logger - INFO - Test memory allocated: 318.57 MB
[2026-06-18 13:51:09,046][finetune_logger][INFO] - Test memory allocated: 318.57 MB
2026-06-18 13:51:09 - finetune_logger - INFO - Epoch 7/20
[2026-06-18 13:51:09,046][finetune_logger][INFO] - Epoch 7/20
2026-06-18 14:29:02 - finetune_logger - INFO - Train loss: 205.9297003519382
[2026-06-18 14:29:02,607][finetune_logger][INFO] - Train loss: 205.9297003519382
2026-06-18 14:29:02 - finetune_logger - INFO - Train time: 2273.5596809387207s
[2026-06-18 14:29:02,607][finetune_logger][INFO] - Train time: 2273.5596809387207s
2026-06-18 14:29:02 - finetune_logger - INFO - Train memory reserved: 580.00 MB
[2026-06-18 14:29:02,607][finetune_logger][INFO] - Train memory reserved: 580.00 MB
2026-06-18 14:29:02 - finetune_logger - INFO - Train memory allocated: 318.57 MB
[2026-06-18 14:29:02,607][finetune_logger][INFO] - Train memory allocated: 318.57 MB
2026-06-18 14:29:02 - finetune_logger - INFO - Current learning rate: 0.0005
[2026-06-18 14:29:02,607][finetune_logger][INFO] - Current learning rate: 0.0005
2026-06-18 14:30:16 - finetune_logger - INFO - Validation metrics: {'MAE': 190.79321653988558, 'RMSE': 1401.3714479338012}
[2026-06-18 14:30:16,796][finetune_logger][INFO] - Validation metrics: {'MAE': 190.79321653988558, 'RMSE': 1401.3714479338012}
2026-06-18 14:30:16 - finetune_logger - INFO - Val time: 74.19s
[2026-06-18 14:30:16,796][finetune_logger][INFO] - Val time: 74.19s
2026-06-18 14:30:16 - finetune_logger - INFO - Val memory reserved: 580.00 MB
[2026-06-18 14:30:16,796][finetune_logger][INFO] - Val memory reserved: 580.00 MB
2026-06-18 14:30:16 - finetune_logger - INFO - Val memory allocated: 318.57 MB
[2026-06-18 14:30:16,797][finetune_logger][INFO] - Val memory allocated: 318.57 MB
2026-06-18 14:30:16 - finetune_logger - INFO - Logged epoch 7 info to /public/home/202411094934/python_project/Spatio-Temporal-Library/time-series/2026-06-18/patchtst/finetune20/electricity/time-series/seed_2/training_log.json
[2026-06-18 14:30:16,801][finetune_logger][INFO] - Logged epoch 7 info to /public/home/202411094934/python_project/Spatio-Temporal-Library/time-series/2026-06-18/patchtst/finetune20/electricity/time-series/seed_2/training_log.json
2026-06-18 14:32:52 - finetune_logger - INFO - Test metrics: {'MAE': 256.1520034518804, 'RMSE': 2318.231781938387}
[2026-06-18 14:32:52,696][finetune_logger][INFO] - Test metrics: {'MAE': 256.1520034518804, 'RMSE': 2318.231781938387}
2026-06-18 14:32:52 - finetune_logger - INFO - Test time: 155.89s
[2026-06-18 14:32:52,696][finetune_logger][INFO] - Test time: 155.89s
2026-06-18 14:32:52 - finetune_logger - INFO - Test memory reserved: 580.00 MB
[2026-06-18 14:32:52,697][finetune_logger][INFO] - Test memory reserved: 580.00 MB
2026-06-18 14:32:52 - finetune_logger - INFO - Test memory allocated: 318.57 MB
[2026-06-18 14:32:52,697][finetune_logger][INFO] - Test memory allocated: 318.57 MB
2026-06-18 14:32:52 - finetune_logger - INFO - Epoch 8/20
[2026-06-18 14:32:52,697][finetune_logger][INFO] - Epoch 8/20
2026-06-18 15:10:42 - finetune_logger - INFO - Train loss: 204.85124803171087
[2026-06-18 15:10:42,928][finetune_logger][INFO] - Train loss: 204.85124803171087
2026-06-18 15:10:42 - finetune_logger - INFO - Train time: 2270.2305212020874s
[2026-06-18 15:10:42,928][finetune_logger][INFO] - Train time: 2270.2305212020874s
2026-06-18 15:10:42 - finetune_logger - INFO - Train memory reserved: 580.00 MB
[2026-06-18 15:10:42,929][finetune_logger][INFO] - Train memory reserved: 580.00 MB
2026-06-18 15:10:42 - finetune_logger - INFO - Train memory allocated: 318.57 MB
[2026-06-18 15:10:42,929][finetune_logger][INFO] - Train memory allocated: 318.57 MB
2026-06-18 15:10:42 - finetune_logger - INFO - Current learning rate: 0.0005
[2026-06-18 15:10:42,929][finetune_logger][INFO] - Current learning rate: 0.0005
2026-06-18 15:11:56 - finetune_logger - INFO - Validation metrics: {'MAE': 184.78314343261673, 'RMSE': 1370.640793842519}
[2026-06-18 15:11:56,816][finetune_logger][INFO] - Validation metrics: {'MAE': 184.78314343261673, 'RMSE': 1370.640793842519}
2026-06-18 15:11:56 - finetune_logger - INFO - Val time: 73.89s
[2026-06-18 15:11:56,817][finetune_logger][INFO] - Val time: 73.89s
2026-06-18 15:11:56 - finetune_logger - INFO - Val memory reserved: 580.00 MB
[2026-06-18 15:11:56,817][finetune_logger][INFO] - Val memory reserved: 580.00 MB
2026-06-18 15:11:56 - finetune_logger - INFO - Val memory allocated: 318.57 MB
[2026-06-18 15:11:56,817][finetune_logger][INFO] - Val memory allocated: 318.57 MB
2026-06-18 15:11:56 - finetune_logger - INFO - Logged epoch 8 info to /public/home/202411094934/python_project/Spatio-Temporal-Library/time-series/2026-06-18/patchtst/finetune20/electricity/time-series/seed_2/training_log.json
[2026-06-18 15:11:56,820][finetune_logger][INFO] - Logged epoch 8 info to /public/home/202411094934/python_project/Spatio-Temporal-Library/time-series/2026-06-18/patchtst/finetune20/electricity/time-series/seed_2/training_log.json
2026-06-18 15:11:56 - finetune_logger - INFO - New best model! Val loss: 184.783143
[2026-06-18 15:11:56,820][finetune_logger][INFO] - New best model! Val loss: 184.783143
2026-06-18 15:14:33 - finetune_logger - INFO - Test metrics: {'MAE': 247.89003535309337, 'RMSE': 2268.4852606131603}
[2026-06-18 15:14:33,610][finetune_logger][INFO] - Test metrics: {'MAE': 247.89003535309337, 'RMSE': 2268.4852606131603}
2026-06-18 15:14:33 - finetune_logger - INFO - Test time: 155.72s
[2026-06-18 15:14:33,611][finetune_logger][INFO] - Test time: 155.72s
2026-06-18 15:14:33 - finetune_logger - INFO - Test memory reserved: 580.00 MB
[2026-06-18 15:14:33,611][finetune_logger][INFO] - Test memory reserved: 580.00 MB
2026-06-18 15:14:33 - finetune_logger - INFO - Test memory allocated: 318.57 MB
[2026-06-18 15:14:33,611][finetune_logger][INFO] - Test memory allocated: 318.57 MB
2026-06-18 15:14:33 - finetune_logger - INFO - Epoch 9/20
[2026-06-18 15:14:33,611][finetune_logger][INFO] - Epoch 9/20
2026-06-18 15:52:24 - finetune_logger - INFO - Train loss: 203.68869531606907
[2026-06-18 15:52:24,337][finetune_logger][INFO] - Train loss: 203.68869531606907
2026-06-18 15:52:24 - finetune_logger - INFO - Train time: 2270.725381374359s
[2026-06-18 15:52:24,337][finetune_logger][INFO] - Train time: 2270.725381374359s
2026-06-18 15:52:24 - finetune_logger - INFO - Train memory reserved: 580.00 MB
[2026-06-18 15:52:24,337][finetune_logger][INFO] - Train memory reserved: 580.00 MB
2026-06-18 15:52:24 - finetune_logger - INFO - Train memory allocated: 318.57 MB
[2026-06-18 15:52:24,337][finetune_logger][INFO] - Train memory allocated: 318.57 MB
2026-06-18 15:52:24 - finetune_logger - INFO - Current learning rate: 0.0005
[2026-06-18 15:52:24,338][finetune_logger][INFO] - Current learning rate: 0.0005
2026-06-18 15:53:38 - finetune_logger - INFO - Validation metrics: {'MAE': 191.13602504368814, 'RMSE': 1381.0092613075642}
[2026-06-18 15:53:38,429][finetune_logger][INFO] - Validation metrics: {'MAE': 191.13602504368814, 'RMSE': 1381.0092613075642}
2026-06-18 15:53:38 - finetune_logger - INFO - Val time: 74.09s
[2026-06-18 15:53:38,429][finetune_logger][INFO] - Val time: 74.09s
2026-06-18 15:53:38 - finetune_logger - INFO - Val memory reserved: 580.00 MB
[2026-06-18 15:53:38,429][finetune_logger][INFO] - Val memory reserved: 580.00 MB
2026-06-18 15:53:38 - finetune_logger - INFO - Val memory allocated: 318.57 MB
[2026-06-18 15:53:38,429][finetune_logger][INFO] - Val memory allocated: 318.57 MB
2026-06-18 15:53:38 - finetune_logger - INFO - Logged epoch 9 info to /public/home/202411094934/python_project/Spatio-Temporal-Library/time-series/2026-06-18/patchtst/finetune20/electricity/time-series/seed_2/training_log.json
[2026-06-18 15:53:38,432][finetune_logger][INFO] - Logged epoch 9 info to /public/home/202411094934/python_project/Spatio-Temporal-Library/time-series/2026-06-18/patchtst/finetune20/electricity/time-series/seed_2/training_log.json
2026-06-18 15:56:14 - finetune_logger - INFO - Test metrics: {'MAE': 259.4205313610758, 'RMSE': 2333.587164005544}
[2026-06-18 15:56:14,078][finetune_logger][INFO] - Test metrics: {'MAE': 259.4205313610758, 'RMSE': 2333.587164005544}
2026-06-18 15:56:14 - finetune_logger - INFO - Test time: 155.64s
[2026-06-18 15:56:14,078][finetune_logger][INFO] - Test time: 155.64s
2026-06-18 15:56:14 - finetune_logger - INFO - Test memory reserved: 580.00 MB
[2026-06-18 15:56:14,078][finetune_logger][INFO] - Test memory reserved: 580.00 MB
2026-06-18 15:56:14 - finetune_logger - INFO - Test memory allocated: 318.57 MB
[2026-06-18 15:56:14,078][finetune_logger][INFO] - Test memory allocated: 318.57 MB
2026-06-18 15:56:14 - finetune_logger - INFO - Epoch 10/20
[2026-06-18 15:56:14,078][finetune_logger][INFO] - Epoch 10/20
2026-06-18 16:34:05 - finetune_logger - INFO - Train loss: 202.6285797596463
[2026-06-18 16:34:05,803][finetune_logger][INFO] - Train loss: 202.6285797596463
2026-06-18 16:34:05 - finetune_logger - INFO - Train time: 2271.7242510318756s
[2026-06-18 16:34:05,804][finetune_logger][INFO] - Train time: 2271.7242510318756s
2026-06-18 16:34:05 - finetune_logger - INFO - Train memory reserved: 580.00 MB
[2026-06-18 16:34:05,804][finetune_logger][INFO] - Train memory reserved: 580.00 MB
2026-06-18 16:34:05 - finetune_logger - INFO - Train memory allocated: 318.57 MB
[2026-06-18 16:34:05,804][finetune_logger][INFO] - Train memory allocated: 318.57 MB
2026-06-18 16:34:05 - finetune_logger - INFO - Current learning rate: 0.0005
[2026-06-18 16:34:05,804][finetune_logger][INFO] - Current learning rate: 0.0005
2026-06-18 16:35:19 - finetune_logger - INFO - Validation metrics: {'MAE': 190.16550871517788, 'RMSE': 1383.4412247121677}
[2026-06-18 16:35:19,741][finetune_logger][INFO] - Validation metrics: {'MAE': 190.16550871517788, 'RMSE': 1383.4412247121677}
2026-06-18 16:35:19 - finetune_logger - INFO - Val time: 73.94s
[2026-06-18 16:35:19,741][finetune_logger][INFO] - Val time: 73.94s
2026-06-18 16:35:19 - finetune_logger - INFO - Val memory reserved: 580.00 MB
[2026-06-18 16:35:19,741][finetune_logger][INFO] - Val memory reserved: 580.00 MB
2026-06-18 16:35:19 - finetune_logger - INFO - Val memory allocated: 318.57 MB
[2026-06-18 16:35:19,741][finetune_logger][INFO] - Val memory allocated: 318.57 MB
2026-06-18 16:35:19 - finetune_logger - INFO - Logged epoch 10 info to /public/home/202411094934/python_project/Spatio-Temporal-Library/time-series/2026-06-18/patchtst/finetune20/electricity/time-series/seed_2/training_log.json
[2026-06-18 16:35:19,745][finetune_logger][INFO] - Logged epoch 10 info to /public/home/202411094934/python_project/Spatio-Temporal-Library/time-series/2026-06-18/patchtst/finetune20/electricity/time-series/seed_2/training_log.json
2026-06-18 16:37:55 - finetune_logger - INFO - Test metrics: {'MAE': 260.091985167299, 'RMSE': 2369.223494517324}
[2026-06-18 16:37:55,822][finetune_logger][INFO] - Test metrics: {'MAE': 260.091985167299, 'RMSE': 2369.223494517324}
2026-06-18 16:37:55 - finetune_logger - INFO - Test time: 155.53s
[2026-06-18 16:37:55,823][finetune_logger][INFO] - Test time: 155.53s
2026-06-18 16:37:55 - finetune_logger - INFO - Test memory reserved: 580.00 MB
[2026-06-18 16:37:55,823][finetune_logger][INFO] - Test memory reserved: 580.00 MB
2026-06-18 16:37:55 - finetune_logger - INFO - Test memory allocated: 318.57 MB
[2026-06-18 16:37:55,823][finetune_logger][INFO] - Test memory allocated: 318.57 MB
2026-06-18 16:37:55 - finetune_logger - INFO - Epoch 11/20
[2026-06-18 16:37:55,823][finetune_logger][INFO] - Epoch 11/20
2026-06-18 17:15:46 - finetune_logger - INFO - Train loss: 198.16054277461478
[2026-06-18 17:15:46,568][finetune_logger][INFO] - Train loss: 198.16054277461478
2026-06-18 17:15:46 - finetune_logger - INFO - Train time: 2270.744087457657s
[2026-06-18 17:15:46,568][finetune_logger][INFO] - Train time: 2270.744087457657s
2026-06-18 17:15:46 - finetune_logger - INFO - Train memory reserved: 580.00 MB
[2026-06-18 17:15:46,568][finetune_logger][INFO] - Train memory reserved: 580.00 MB
2026-06-18 17:15:46 - finetune_logger - INFO - Train memory allocated: 318.57 MB
[2026-06-18 17:15:46,569][finetune_logger][INFO] - Train memory allocated: 318.57 MB
2026-06-18 17:15:46 - finetune_logger - INFO - Current learning rate: 0.00025
[2026-06-18 17:15:46,569][finetune_logger][INFO] - Current learning rate: 0.00025
2026-06-18 17:17:00 - finetune_logger - INFO - Validation metrics: {'MAE': 189.15032352808856, 'RMSE': 1386.5222965923078}
[2026-06-18 17:17:00,370][finetune_logger][INFO] - Validation metrics: {'MAE': 189.15032352808856, 'RMSE': 1386.5222965923078}
2026-06-18 17:17:00 - finetune_logger - INFO - Val time: 73.80s
[2026-06-18 17:17:00,371][finetune_logger][INFO] - Val time: 73.80s
2026-06-18 17:17:00 - finetune_logger - INFO - Val memory reserved: 580.00 MB
[2026-06-18 17:17:00,371][finetune_logger][INFO] - Val memory reserved: 580.00 MB
2026-06-18 17:17:00 - finetune_logger - INFO - Val memory allocated: 318.57 MB
[2026-06-18 17:17:00,371][finetune_logger][INFO] - Val memory allocated: 318.57 MB
2026-06-18 17:17:00 - finetune_logger - INFO - Logged epoch 11 info to /public/home/202411094934/python_project/Spatio-Temporal-Library/time-series/2026-06-18/patchtst/finetune20/electricity/time-series/seed_2/training_log.json
[2026-06-18 17:17:00,374][finetune_logger][INFO] - Logged epoch 11 info to /public/home/202411094934/python_project/Spatio-Temporal-Library/time-series/2026-06-18/patchtst/finetune20/electricity/time-series/seed_2/training_log.json
2026-06-18 17:19:36 - finetune_logger - INFO - Test metrics: {'MAE': 253.589451929467, 'RMSE': 2300.894121533053}
[2026-06-18 17:19:36,193][finetune_logger][INFO] - Test metrics: {'MAE': 253.589451929467, 'RMSE': 2300.894121533053}
2026-06-18 17:19:36 - finetune_logger - INFO - Test time: 155.82s
[2026-06-18 17:19:36,193][finetune_logger][INFO] - Test time: 155.82s
2026-06-18 17:19:36 - finetune_logger - INFO - Test memory reserved: 580.00 MB
[2026-06-18 17:19:36,193][finetune_logger][INFO] - Test memory reserved: 580.00 MB
2026-06-18 17:19:36 - finetune_logger - INFO - Test memory allocated: 318.57 MB
[2026-06-18 17:19:36,193][finetune_logger][INFO] - Test memory allocated: 318.57 MB
2026-06-18 17:19:36 - finetune_logger - INFO - Epoch 12/20
[2026-06-18 17:19:36,193][finetune_logger][INFO] - Epoch 12/20
2026-06-18 17:57:27 - finetune_logger - INFO - Train loss: 197.22152248591817
[2026-06-18 17:57:27,639][finetune_logger][INFO] - Train loss: 197.22152248591817
2026-06-18 17:57:27 - finetune_logger - INFO - Train time: 2271.444591283798s
[2026-06-18 17:57:27,639][finetune_logger][INFO] - Train time: 2271.444591283798s
2026-06-18 17:57:27 - finetune_logger - INFO - Train memory reserved: 580.00 MB
[2026-06-18 17:57:27,639][finetune_logger][INFO] - Train memory reserved: 580.00 MB
2026-06-18 17:57:27 - finetune_logger - INFO - Train memory allocated: 318.57 MB
[2026-06-18 17:57:27,639][finetune_logger][INFO] - Train memory allocated: 318.57 MB
2026-06-18 17:57:27 - finetune_logger - INFO - Current learning rate: 0.00025
[2026-06-18 17:57:27,639][finetune_logger][INFO] - Current learning rate: 0.00025
2026-06-18 17:58:41 - finetune_logger - INFO - Validation metrics: {'MAE': 190.56279072008653, 'RMSE': 1384.6991444541504}
[2026-06-18 17:58:41,552][finetune_logger][INFO] - Validation metrics: {'MAE': 190.56279072008653, 'RMSE': 1384.6991444541504}
2026-06-18 17:58:41 - finetune_logger - INFO - Val time: 73.91s
[2026-06-18 17:58:41,552][finetune_logger][INFO] - Val time: 73.91s
2026-06-18 17:58:41 - finetune_logger - INFO - Val memory reserved: 580.00 MB
[2026-06-18 17:58:41,552][finetune_logger][INFO] - Val memory reserved: 580.00 MB
2026-06-18 17:58:41 - finetune_logger - INFO - Val memory allocated: 318.57 MB
[2026-06-18 17:58:41,552][finetune_logger][INFO] - Val memory allocated: 318.57 MB
2026-06-18 17:58:41 - finetune_logger - INFO - Logged epoch 12 info to /public/home/202411094934/python_project/Spatio-Temporal-Library/time-series/2026-06-18/patchtst/finetune20/electricity/time-series/seed_2/training_log.json
[2026-06-18 17:58:41,555][finetune_logger][INFO] - Logged epoch 12 info to /public/home/202411094934/python_project/Spatio-Temporal-Library/time-series/2026-06-18/patchtst/finetune20/electricity/time-series/seed_2/training_log.json
2026-06-18 18:01:16 - finetune_logger - INFO - Test metrics: {'MAE': 256.80528294018586, 'RMSE': 2327.706796532208}
[2026-06-18 18:01:16,811][finetune_logger][INFO] - Test metrics: {'MAE': 256.80528294018586, 'RMSE': 2327.706796532208}
2026-06-18 18:01:16 - finetune_logger - INFO - Test time: 155.26s
[2026-06-18 18:01:16,811][finetune_logger][INFO] - Test time: 155.26s
2026-06-18 18:01:16 - finetune_logger - INFO - Test memory reserved: 580.00 MB
[2026-06-18 18:01:16,811][finetune_logger][INFO] - Test memory reserved: 580.00 MB
2026-06-18 18:01:16 - finetune_logger - INFO - Test memory allocated: 318.57 MB
[2026-06-18 18:01:16,812][finetune_logger][INFO] - Test memory allocated: 318.57 MB
2026-06-18 18:01:16 - finetune_logger - INFO - Epoch 13/20
[2026-06-18 18:01:16,812][finetune_logger][INFO] - Epoch 13/20
2026-06-18 18:39:06 - finetune_logger - INFO - Train loss: 196.75700670366138
[2026-06-18 18:39:06,807][finetune_logger][INFO] - Train loss: 196.75700670366138
2026-06-18 18:39:06 - finetune_logger - INFO - Train time: 2269.9943358898163s
[2026-06-18 18:39:06,807][finetune_logger][INFO] - Train time: 2269.9943358898163s
2026-06-18 18:39:06 - finetune_logger - INFO - Train memory reserved: 580.00 MB
[2026-06-18 18:39:06,807][finetune_logger][INFO] - Train memory reserved: 580.00 MB
2026-06-18 18:39:06 - finetune_logger - INFO - Train memory allocated: 318.57 MB
[2026-06-18 18:39:06,807][finetune_logger][INFO] - Train memory allocated: 318.57 MB
2026-06-18 18:39:06 - finetune_logger - INFO - Current learning rate: 0.00025
[2026-06-18 18:39:06,807][finetune_logger][INFO] - Current learning rate: 0.00025
2026-06-18 18:40:20 - finetune_logger - INFO - Validation metrics: {'MAE': 191.14472249241845, 'RMSE': 1399.7551580489285}
[2026-06-18 18:40:20,726][finetune_logger][INFO] - Validation metrics: {'MAE': 191.14472249241845, 'RMSE': 1399.7551580489285}
2026-06-18 18:40:20 - finetune_logger - INFO - Val time: 73.92s
[2026-06-18 18:40:20,726][finetune_logger][INFO] - Val time: 73.92s
2026-06-18 18:40:20 - finetune_logger - INFO - Val memory reserved: 580.00 MB
[2026-06-18 18:40:20,726][finetune_logger][INFO] - Val memory reserved: 580.00 MB
2026-06-18 18:40:20 - finetune_logger - INFO - Val memory allocated: 318.57 MB
[2026-06-18 18:40:20,726][finetune_logger][INFO] - Val memory allocated: 318.57 MB
2026-06-18 18:40:20 - finetune_logger - INFO - Logged epoch 13 info to /public/home/202411094934/python_project/Spatio-Temporal-Library/time-series/2026-06-18/patchtst/finetune20/electricity/time-series/seed_2/training_log.json
[2026-06-18 18:40:20,730][finetune_logger][INFO] - Logged epoch 13 info to /public/home/202411094934/python_project/Spatio-Temporal-Library/time-series/2026-06-18/patchtst/finetune20/electricity/time-series/seed_2/training_log.json
2026-06-18 18:42:56 - finetune_logger - INFO - Test metrics: {'MAE': 257.1213713703638, 'RMSE': 2330.771035247908}
[2026-06-18 18:42:56,534][finetune_logger][INFO] - Test metrics: {'MAE': 257.1213713703638, 'RMSE': 2330.771035247908}
2026-06-18 18:42:56 - finetune_logger - INFO - Test time: 155.80s
[2026-06-18 18:42:56,534][finetune_logger][INFO] - Test time: 155.80s
2026-06-18 18:42:56 - finetune_logger - INFO - Test memory reserved: 580.00 MB
[2026-06-18 18:42:56,534][finetune_logger][INFO] - Test memory reserved: 580.00 MB
2026-06-18 18:42:56 - finetune_logger - INFO - Test memory allocated: 318.57 MB
[2026-06-18 18:42:56,534][finetune_logger][INFO] - Test memory allocated: 318.57 MB
2026-06-18 18:42:56 - finetune_logger - INFO - Epoch 14/20
[2026-06-18 18:42:56,534][finetune_logger][INFO] - Epoch 14/20
2026-06-18 19:20:41 - finetune_logger - INFO - Train loss: 196.12367882980433
[2026-06-18 19:20:41,600][finetune_logger][INFO] - Train loss: 196.12367882980433
2026-06-18 19:20:41 - finetune_logger - INFO - Train time: 2265.0652191638947s
[2026-06-18 19:20:41,601][finetune_logger][INFO] - Train time: 2265.0652191638947s
2026-06-18 19:20:41 - finetune_logger - INFO - Train memory reserved: 580.00 MB
[2026-06-18 19:20:41,601][finetune_logger][INFO] - Train memory reserved: 580.00 MB
2026-06-18 19:20:41 - finetune_logger - INFO - Train memory allocated: 318.57 MB
[2026-06-18 19:20:41,601][finetune_logger][INFO] - Train memory allocated: 318.57 MB
2026-06-18 19:20:41 - finetune_logger - INFO - Current learning rate: 0.00025
[2026-06-18 19:20:41,601][finetune_logger][INFO] - Current learning rate: 0.00025
2026-06-18 19:21:55 - finetune_logger - INFO - Validation metrics: {'MAE': 191.95110600200442, 'RMSE': 1397.0104770764806}
[2026-06-18 19:21:55,453][finetune_logger][INFO] - Validation metrics: {'MAE': 191.95110600200442, 'RMSE': 1397.0104770764806}
2026-06-18 19:21:55 - finetune_logger - INFO - Val time: 73.85s
[2026-06-18 19:21:55,453][finetune_logger][INFO] - Val time: 73.85s
2026-06-18 19:21:55 - finetune_logger - INFO - Val memory reserved: 580.00 MB
[2026-06-18 19:21:55,453][finetune_logger][INFO] - Val memory reserved: 580.00 MB
2026-06-18 19:21:55 - finetune_logger - INFO - Val memory allocated: 318.57 MB
[2026-06-18 19:21:55,453][finetune_logger][INFO] - Val memory allocated: 318.57 MB
2026-06-18 19:21:55 - finetune_logger - INFO - Logged epoch 14 info to /public/home/202411094934/python_project/Spatio-Temporal-Library/time-series/2026-06-18/patchtst/finetune20/electricity/time-series/seed_2/training_log.json
[2026-06-18 19:21:55,456][finetune_logger][INFO] - Logged epoch 14 info to /public/home/202411094934/python_project/Spatio-Temporal-Library/time-series/2026-06-18/patchtst/finetune20/electricity/time-series/seed_2/training_log.json
2026-06-18 19:24:31 - finetune_logger - INFO - Test metrics: {'MAE': 259.5222446113269, 'RMSE': 2341.244024162073}
[2026-06-18 19:24:31,271][finetune_logger][INFO] - Test metrics: {'MAE': 259.5222446113269, 'RMSE': 2341.244024162073}
2026-06-18 19:24:31 - finetune_logger - INFO - Test time: 155.81s
[2026-06-18 19:24:31,271][finetune_logger][INFO] - Test time: 155.81s
2026-06-18 19:24:31 - finetune_logger - INFO - Test memory reserved: 580.00 MB
[2026-06-18 19:24:31,272][finetune_logger][INFO] - Test memory reserved: 580.00 MB
2026-06-18 19:24:31 - finetune_logger - INFO - Test memory allocated: 318.57 MB
[2026-06-18 19:24:31,272][finetune_logger][INFO] - Test memory allocated: 318.57 MB
2026-06-18 19:24:31 - finetune_logger - INFO - Epoch 15/20
[2026-06-18 19:24:31,272][finetune_logger][INFO] - Epoch 15/20
2026-06-18 20:02:19 - finetune_logger - INFO - Train loss: 195.81083061477509
[2026-06-18 20:02:19,245][finetune_logger][INFO] - Train loss: 195.81083061477509
2026-06-18 20:02:19 - finetune_logger - INFO - Train time: 2267.972811460495s
[2026-06-18 20:02:19,246][finetune_logger][INFO] - Train time: 2267.972811460495s
2026-06-18 20:02:19 - finetune_logger - INFO - Train memory reserved: 580.00 MB
[2026-06-18 20:02:19,246][finetune_logger][INFO] - Train memory reserved: 580.00 MB
2026-06-18 20:02:19 - finetune_logger - INFO - Train memory allocated: 318.57 MB
[2026-06-18 20:02:19,246][finetune_logger][INFO] - Train memory allocated: 318.57 MB
2026-06-18 20:02:19 - finetune_logger - INFO - Current learning rate: 0.00025
[2026-06-18 20:02:19,246][finetune_logger][INFO] - Current learning rate: 0.00025
2026-06-18 20:03:33 - finetune_logger - INFO - Validation metrics: {'MAE': 203.58143031712575, 'RMSE': 1489.8755117444477}
[2026-06-18 20:03:33,099][finetune_logger][INFO] - Validation metrics: {'MAE': 203.58143031712575, 'RMSE': 1489.8755117444477}
2026-06-18 20:03:33 - finetune_logger - INFO - Val time: 73.85s
[2026-06-18 20:03:33,099][finetune_logger][INFO] - Val time: 73.85s
2026-06-18 20:03:33 - finetune_logger - INFO - Val memory reserved: 580.00 MB
[2026-06-18 20:03:33,099][finetune_logger][INFO] - Val memory reserved: 580.00 MB
2026-06-18 20:03:33 - finetune_logger - INFO - Val memory allocated: 318.57 MB
[2026-06-18 20:03:33,099][finetune_logger][INFO] - Val memory allocated: 318.57 MB
2026-06-18 20:03:33 - finetune_logger - INFO - Logged epoch 15 info to /public/home/202411094934/python_project/Spatio-Temporal-Library/time-series/2026-06-18/patchtst/finetune20/electricity/time-series/seed_2/training_log.json
[2026-06-18 20:03:33,103][finetune_logger][INFO] - Logged epoch 15 info to /public/home/202411094934/python_project/Spatio-Temporal-Library/time-series/2026-06-18/patchtst/finetune20/electricity/time-series/seed_2/training_log.json
2026-06-18 20:06:08 - finetune_logger - INFO - Test metrics: {'MAE': 274.0152801794019, 'RMSE': 2496.101726954818}
[2026-06-18 20:06:08,138][finetune_logger][INFO] - Test metrics: {'MAE': 274.0152801794019, 'RMSE': 2496.101726954818}
2026-06-18 20:06:08 - finetune_logger - INFO - Test time: 155.03s
[2026-06-18 20:06:08,138][finetune_logger][INFO] - Test time: 155.03s
2026-06-18 20:06:08 - finetune_logger - INFO - Test memory reserved: 580.00 MB
[2026-06-18 20:06:08,138][finetune_logger][INFO] - Test memory reserved: 580.00 MB
2026-06-18 20:06:08 - finetune_logger - INFO - Test memory allocated: 318.57 MB
[2026-06-18 20:06:08,138][finetune_logger][INFO] - Test memory allocated: 318.57 MB
2026-06-18 20:06:08 - finetune_logger - INFO - Epoch 16/20
[2026-06-18 20:06:08,138][finetune_logger][INFO] - Epoch 16/20
2026-06-18 20:43:53 - finetune_logger - INFO - Train loss: 195.34912055422527
[2026-06-18 20:43:53,925][finetune_logger][INFO] - Train loss: 195.34912055422527
2026-06-18 20:43:53 - finetune_logger - INFO - Train time: 2265.785633087158s
[2026-06-18 20:43:53,925][finetune_logger][INFO] - Train time: 2265.785633087158s
2026-06-18 20:43:53 - finetune_logger - INFO - Train memory reserved: 580.00 MB
[2026-06-18 20:43:53,925][finetune_logger][INFO] - Train memory reserved: 580.00 MB
2026-06-18 20:43:53 - finetune_logger - INFO - Train memory allocated: 318.57 MB
[2026-06-18 20:43:53,925][finetune_logger][INFO] - Train memory allocated: 318.57 MB
2026-06-18 20:43:53 - finetune_logger - INFO - Current learning rate: 0.00025
[2026-06-18 20:43:53,925][finetune_logger][INFO] - Current learning rate: 0.00025
2026-06-18 20:45:07 - finetune_logger - INFO - Validation metrics: {'MAE': 191.89244487561632, 'RMSE': 1400.4203837376633}
[2026-06-18 20:45:07,886][finetune_logger][INFO] - Validation metrics: {'MAE': 191.89244487561632, 'RMSE': 1400.4203837376633}
2026-06-18 20:45:07 - finetune_logger - INFO - Val time: 73.96s
[2026-06-18 20:45:07,887][finetune_logger][INFO] - Val time: 73.96s
2026-06-18 20:45:07 - finetune_logger - INFO - Val memory reserved: 580.00 MB
[2026-06-18 20:45:07,887][finetune_logger][INFO] - Val memory reserved: 580.00 MB
2026-06-18 20:45:07 - finetune_logger - INFO - Val memory allocated: 318.57 MB
[2026-06-18 20:45:07,887][finetune_logger][INFO] - Val memory allocated: 318.57 MB
2026-06-18 20:45:07 - finetune_logger - INFO - Logged epoch 16 info to /public/home/202411094934/python_project/Spatio-Temporal-Library/time-series/2026-06-18/patchtst/finetune20/electricity/time-series/seed_2/training_log.json
[2026-06-18 20:45:07,890][finetune_logger][INFO] - Logged epoch 16 info to /public/home/202411094934/python_project/Spatio-Temporal-Library/time-series/2026-06-18/patchtst/finetune20/electricity/time-series/seed_2/training_log.json
2026-06-18 20:47:43 - finetune_logger - INFO - Test metrics: {'MAE': 257.3678004236438, 'RMSE': 2315.427416411949}
[2026-06-18 20:47:43,579][finetune_logger][INFO] - Test metrics: {'MAE': 257.3678004236438, 'RMSE': 2315.427416411949}
2026-06-18 20:47:43 - finetune_logger - INFO - Test time: 155.69s
[2026-06-18 20:47:43,580][finetune_logger][INFO] - Test time: 155.69s
2026-06-18 20:47:43 - finetune_logger - INFO - Test memory reserved: 580.00 MB
[2026-06-18 20:47:43,580][finetune_logger][INFO] - Test memory reserved: 580.00 MB
2026-06-18 20:47:43 - finetune_logger - INFO - Test memory allocated: 318.57 MB
[2026-06-18 20:47:43,580][finetune_logger][INFO] - Test memory allocated: 318.57 MB
2026-06-18 20:47:43 - finetune_logger - INFO - Epoch 17/20
[2026-06-18 20:47:43,580][finetune_logger][INFO] - Epoch 17/20
2026-06-18 21:25:27 - finetune_logger - INFO - Train loss: 194.9042950887688
[2026-06-18 21:25:27,867][finetune_logger][INFO] - Train loss: 194.9042950887688
2026-06-18 21:25:27 - finetune_logger - INFO - Train time: 2264.2859556674957s
[2026-06-18 21:25:27,867][finetune_logger][INFO] - Train time: 2264.2859556674957s
2026-06-18 21:25:27 - finetune_logger - INFO - Train memory reserved: 580.00 MB
[2026-06-18 21:25:27,867][finetune_logger][INFO] - Train memory reserved: 580.00 MB
2026-06-18 21:25:27 - finetune_logger - INFO - Train memory allocated: 318.57 MB
[2026-06-18 21:25:27,867][finetune_logger][INFO] - Train memory allocated: 318.57 MB
2026-06-18 21:25:27 - finetune_logger - INFO - Current learning rate: 0.00025
[2026-06-18 21:25:27,867][finetune_logger][INFO] - Current learning rate: 0.00025
2026-06-18 21:26:41 - finetune_logger - INFO - Validation metrics: {'MAE': 195.26281386204727, 'RMSE': 1418.2017798622528}
[2026-06-18 21:26:41,784][finetune_logger][INFO] - Validation metrics: {'MAE': 195.26281386204727, 'RMSE': 1418.2017798622528}
2026-06-18 21:26:41 - finetune_logger - INFO - Val time: 73.92s
[2026-06-18 21:26:41,784][finetune_logger][INFO] - Val time: 73.92s
2026-06-18 21:26:41 - finetune_logger - INFO - Val memory reserved: 580.00 MB
[2026-06-18 21:26:41,784][finetune_logger][INFO] - Val memory reserved: 580.00 MB
2026-06-18 21:26:41 - finetune_logger - INFO - Val memory allocated: 318.57 MB
[2026-06-18 21:26:41,784][finetune_logger][INFO] - Val memory allocated: 318.57 MB
2026-06-18 21:26:41 - finetune_logger - INFO - Logged epoch 17 info to /public/home/202411094934/python_project/Spatio-Temporal-Library/time-series/2026-06-18/patchtst/finetune20/electricity/time-series/seed_2/training_log.json
[2026-06-18 21:26:41,788][finetune_logger][INFO] - Logged epoch 17 info to /public/home/202411094934/python_project/Spatio-Temporal-Library/time-series/2026-06-18/patchtst/finetune20/electricity/time-series/seed_2/training_log.json
2026-06-18 21:29:17 - finetune_logger - INFO - Test metrics: {'MAE': 262.7294427175731, 'RMSE': 2353.7376036707637}
[2026-06-18 21:29:17,176][finetune_logger][INFO] - Test metrics: {'MAE': 262.7294427175731, 'RMSE': 2353.7376036707637}
2026-06-18 21:29:17 - finetune_logger - INFO - Test time: 155.39s
[2026-06-18 21:29:17,176][finetune_logger][INFO] - Test time: 155.39s
2026-06-18 21:29:17 - finetune_logger - INFO - Test memory reserved: 580.00 MB
[2026-06-18 21:29:17,177][finetune_logger][INFO] - Test memory reserved: 580.00 MB
2026-06-18 21:29:17 - finetune_logger - INFO - Test memory allocated: 318.57 MB
[2026-06-18 21:29:17,177][finetune_logger][INFO] - Test memory allocated: 318.57 MB
2026-06-18 21:29:17 - finetune_logger - INFO - Epoch 18/20
[2026-06-18 21:29:17,177][finetune_logger][INFO] - Epoch 18/20
2026-06-18 22:07:01 - finetune_logger - INFO - Train loss: 194.50510238502017
[2026-06-18 22:07:01,542][finetune_logger][INFO] - Train loss: 194.50510238502017
2026-06-18 22:07:01 - finetune_logger - INFO - Train time: 2264.3650484085083s
[2026-06-18 22:07:01,543][finetune_logger][INFO] - Train time: 2264.3650484085083s
2026-06-18 22:07:01 - finetune_logger - INFO - Train memory reserved: 580.00 MB
[2026-06-18 22:07:01,543][finetune_logger][INFO] - Train memory reserved: 580.00 MB
2026-06-18 22:07:01 - finetune_logger - INFO - Train memory allocated: 318.57 MB
[2026-06-18 22:07:01,543][finetune_logger][INFO] - Train memory allocated: 318.57 MB
2026-06-18 22:07:01 - finetune_logger - INFO - Current learning rate: 0.00025
[2026-06-18 22:07:01,543][finetune_logger][INFO] - Current learning rate: 0.00025
2026-06-18 22:08:15 - finetune_logger - INFO - Validation metrics: {'MAE': 195.6869375995837, 'RMSE': 1415.041372635688}
[2026-06-18 22:08:15,430][finetune_logger][INFO] - Validation metrics: {'MAE': 195.6869375995837, 'RMSE': 1415.041372635688}
2026-06-18 22:08:15 - finetune_logger - INFO - Val time: 73.89s
[2026-06-18 22:08:15,430][finetune_logger][INFO] - Val time: 73.89s
2026-06-18 22:08:15 - finetune_logger - INFO - Val memory reserved: 580.00 MB
[2026-06-18 22:08:15,430][finetune_logger][INFO] - Val memory reserved: 580.00 MB
2026-06-18 22:08:15 - finetune_logger - INFO - Val memory allocated: 318.57 MB
[2026-06-18 22:08:15,430][finetune_logger][INFO] - Val memory allocated: 318.57 MB
2026-06-18 22:08:15 - finetune_logger - INFO - Logged epoch 18 info to /public/home/202411094934/python_project/Spatio-Temporal-Library/time-series/2026-06-18/patchtst/finetune20/electricity/time-series/seed_2/training_log.json
[2026-06-18 22:08:15,434][finetune_logger][INFO] - Logged epoch 18 info to /public/home/202411094934/python_project/Spatio-Temporal-Library/time-series/2026-06-18/patchtst/finetune20/electricity/time-series/seed_2/training_log.json
2026-06-18 22:10:50 - finetune_logger - INFO - Test metrics: {'MAE': 263.8809619169869, 'RMSE': 2356.516913662166}
[2026-06-18 22:10:50,686][finetune_logger][INFO] - Test metrics: {'MAE': 263.8809619169869, 'RMSE': 2356.516913662166}
2026-06-18 22:10:50 - finetune_logger - INFO - Test time: 155.25s
[2026-06-18 22:10:50,687][finetune_logger][INFO] - Test time: 155.25s
2026-06-18 22:10:50 - finetune_logger - INFO - Test memory reserved: 580.00 MB
[2026-06-18 22:10:50,687][finetune_logger][INFO] - Test memory reserved: 580.00 MB
2026-06-18 22:10:50 - finetune_logger - INFO - Test memory allocated: 318.57 MB
[2026-06-18 22:10:50,687][finetune_logger][INFO] - Test memory allocated: 318.57 MB
2026-06-18 22:10:50 - finetune_logger - INFO - Epoch 19/20
[2026-06-18 22:10:50,687][finetune_logger][INFO] - Epoch 19/20
2026-06-18 22:48:35 - finetune_logger - INFO - Train loss: 194.03911594399827
[2026-06-18 22:48:35,985][finetune_logger][INFO] - Train loss: 194.03911594399827
2026-06-18 22:48:35 - finetune_logger - INFO - Train time: 2265.2976343631744s
[2026-06-18 22:48:35,985][finetune_logger][INFO] - Train time: 2265.2976343631744s
2026-06-18 22:48:35 - finetune_logger - INFO - Train memory reserved: 580.00 MB
[2026-06-18 22:48:35,986][finetune_logger][INFO] - Train memory reserved: 580.00 MB
2026-06-18 22:48:35 - finetune_logger - INFO - Train memory allocated: 318.57 MB
[2026-06-18 22:48:35,986][finetune_logger][INFO] - Train memory allocated: 318.57 MB
2026-06-18 22:48:35 - finetune_logger - INFO - Current learning rate: 0.00025
[2026-06-18 22:48:35,986][finetune_logger][INFO] - Current learning rate: 0.00025
2026-06-18 22:49:49 - finetune_logger - INFO - Validation metrics: {'MAE': 194.4523428248355, 'RMSE': 1406.5739641755774}
[2026-06-18 22:49:49,892][finetune_logger][INFO] - Validation metrics: {'MAE': 194.4523428248355, 'RMSE': 1406.5739641755774}
2026-06-18 22:49:49 - finetune_logger - INFO - Val time: 73.91s
[2026-06-18 22:49:49,892][finetune_logger][INFO] - Val time: 73.91s
2026-06-18 22:49:49 - finetune_logger - INFO - Val memory reserved: 580.00 MB
[2026-06-18 22:49:49,892][finetune_logger][INFO] - Val memory reserved: 580.00 MB
2026-06-18 22:49:49 - finetune_logger - INFO - Val memory allocated: 318.57 MB
[2026-06-18 22:49:49,892][finetune_logger][INFO] - Val memory allocated: 318.57 MB
2026-06-18 22:49:49 - finetune_logger - INFO - Logged epoch 19 info to /public/home/202411094934/python_project/Spatio-Temporal-Library/time-series/2026-06-18/patchtst/finetune20/electricity/time-series/seed_2/training_log.json
[2026-06-18 22:49:49,896][finetune_logger][INFO] - Logged epoch 19 info to /public/home/202411094934/python_project/Spatio-Temporal-Library/time-series/2026-06-18/patchtst/finetune20/electricity/time-series/seed_2/training_log.json
2026-06-18 22:52:25 - finetune_logger - INFO - Test metrics: {'MAE': 262.91150929957746, 'RMSE': 2353.9402283092663}
[2026-06-18 22:52:25,219][finetune_logger][INFO] - Test metrics: {'MAE': 262.91150929957746, 'RMSE': 2353.9402283092663}
2026-06-18 22:52:25 - finetune_logger - INFO - Test time: 155.32s
[2026-06-18 22:52:25,219][finetune_logger][INFO] - Test time: 155.32s
2026-06-18 22:52:25 - finetune_logger - INFO - Test memory reserved: 580.00 MB
[2026-06-18 22:52:25,219][finetune_logger][INFO] - Test memory reserved: 580.00 MB
2026-06-18 22:52:25 - finetune_logger - INFO - Test memory allocated: 318.57 MB
[2026-06-18 22:52:25,219][finetune_logger][INFO] - Test memory allocated: 318.57 MB
2026-06-18 22:52:25 - finetune_logger - INFO - Epoch 20/20
[2026-06-18 22:52:25,220][finetune_logger][INFO] - Epoch 20/20
2026-06-18 23:30:10 - finetune_logger - INFO - Train loss: 193.6856727892117
[2026-06-18 23:30:10,802][finetune_logger][INFO] - Train loss: 193.6856727892117
2026-06-18 23:30:10 - finetune_logger - INFO - Train time: 2265.58153963089s
[2026-06-18 23:30:10,802][finetune_logger][INFO] - Train time: 2265.58153963089s
2026-06-18 23:30:10 - finetune_logger - INFO - Train memory reserved: 580.00 MB
[2026-06-18 23:30:10,802][finetune_logger][INFO] - Train memory reserved: 580.00 MB
2026-06-18 23:30:10 - finetune_logger - INFO - Train memory allocated: 318.57 MB
[2026-06-18 23:30:10,802][finetune_logger][INFO] - Train memory allocated: 318.57 MB
2026-06-18 23:30:10 - finetune_logger - INFO - Current learning rate: 0.00025
[2026-06-18 23:30:10,802][finetune_logger][INFO] - Current learning rate: 0.00025
2026-06-18 23:31:24 - finetune_logger - INFO - Validation metrics: {'MAE': 195.78959373714966, 'RMSE': 1422.697325195311}
[2026-06-18 23:31:24,720][finetune_logger][INFO] - Validation metrics: {'MAE': 195.78959373714966, 'RMSE': 1422.697325195311}
2026-06-18 23:31:24 - finetune_logger - INFO - Val time: 73.92s
[2026-06-18 23:31:24,720][finetune_logger][INFO] - Val time: 73.92s
2026-06-18 23:31:24 - finetune_logger - INFO - Val memory reserved: 580.00 MB
[2026-06-18 23:31:24,721][finetune_logger][INFO] - Val memory reserved: 580.00 MB
2026-06-18 23:31:24 - finetune_logger - INFO - Val memory allocated: 318.57 MB
[2026-06-18 23:31:24,721][finetune_logger][INFO] - Val memory allocated: 318.57 MB
2026-06-18 23:31:24 - finetune_logger - INFO - Logged epoch 20 info to /public/home/202411094934/python_project/Spatio-Temporal-Library/time-series/2026-06-18/patchtst/finetune20/electricity/time-series/seed_2/training_log.json
[2026-06-18 23:31:24,725][finetune_logger][INFO] - Logged epoch 20 info to /public/home/202411094934/python_project/Spatio-Temporal-Library/time-series/2026-06-18/patchtst/finetune20/electricity/time-series/seed_2/training_log.json
2026-06-18 23:34:00 - finetune_logger - INFO - Test metrics: {'MAE': 264.9095225455106, 'RMSE': 2396.253664303569}
[2026-06-18 23:34:00,884][finetune_logger][INFO] - Test metrics: {'MAE': 264.9095225455106, 'RMSE': 2396.253664303569}
2026-06-18 23:34:00 - finetune_logger - INFO - Test time: 155.54s
[2026-06-18 23:34:00,885][finetune_logger][INFO] - Test time: 155.54s
2026-06-18 23:34:00 - finetune_logger - INFO - Test memory reserved: 580.00 MB
[2026-06-18 23:34:00,885][finetune_logger][INFO] - Test memory reserved: 580.00 MB
2026-06-18 23:34:00 - finetune_logger - INFO - Test memory allocated: 318.57 MB
[2026-06-18 23:34:00,885][finetune_logger][INFO] - Test memory allocated: 318.57 MB
2026-06-18 23:34:00 - finetune_logger - INFO - Training completed. Best epoch: 8, Best val loss: 184.783143
[2026-06-18 23:34:00,885][finetune_logger][INFO] - Training completed. Best epoch: 8, Best val loss: 184.783143
2026-06-18 23:34:01 - finetune_logger - INFO - Loaded checkpoint from epoch 8
[2026-06-18 23:34:01,695][finetune_logger][INFO] - Loaded checkpoint from epoch 8
2026-06-18 23:34:01 - finetune_logger - INFO - Evaluating best model on test sets...
[2026-06-18 23:34:01,697][finetune_logger][INFO] - Evaluating best model on test sets...
2026-06-18 23:36:36 - finetune_logger - INFO - Test metrics: {'MAE': 247.89003535309337, 'RMSE': 2268.4852606131603}
[2026-06-18 23:36:36,798][finetune_logger][INFO] - Test metrics: {'MAE': 247.89003535309337, 'RMSE': 2268.4852606131603}
2026-06-18 23:36:36 - finetune_logger - INFO - Test time: 155.10s
[2026-06-18 23:36:36,798][finetune_logger][INFO] - Test time: 155.10s
2026-06-18 23:36:36 - finetune_logger - INFO - Test memory reserved: 684.00 MB
[2026-06-18 23:36:36,798][finetune_logger][INFO] - Test memory reserved: 684.00 MB
2026-06-18 23:36:36 - finetune_logger - INFO - Test memory allocated: 318.91 MB
[2026-06-18 23:36:36,798][finetune_logger][INFO] - Test memory allocated: 318.91 MB
2026-06-18 23:36:36 - finetune_logger - INFO - Logged epoch test info to /public/home/202411094934/python_project/Spatio-Temporal-Library/time-series/2026-06-18/patchtst/finetune20/electricity/time-series/seed_2/training_log.json
[2026-06-18 23:36:36,801][finetune_logger][INFO] - Logged epoch test info to /public/home/202411094934/python_project/Spatio-Temporal-Library/time-series/2026-06-18/patchtst/finetune20/electricity/time-series/seed_2/training_log.json
