2026-07-03 09:33:09 - pretrain_logger - INFO - Model parameters: 396,757
[2026-07-03 09:33:09,033][pretrain_logger][INFO] - Model parameters: 396,757
2026-07-03 09:33:09 - pretrain_logger - INFO - Created new log file at /public/home/202411094934/python_project/Spatio-Temporal-Library/time-series/2026-07-03/fedformer/pretrain10/weather/time-series/seed_1/training_log.json
[2026-07-03 09:33:09,037][pretrain_logger][INFO] - Created new log file at /public/home/202411094934/python_project/Spatio-Temporal-Library/time-series/2026-07-03/fedformer/pretrain10/weather/time-series/seed_1/training_log.json
2026-07-03 09:33:09 - pretrain_logger - INFO - Starting JEPA pretraining...
[2026-07-03 09:33:09,037][pretrain_logger][INFO] - Starting JEPA pretraining...
2026-07-03 11:41:01 - pretrain_logger - INFO - [JEPA Pretrain] Epoch 1/10, loss=0.268619, time=7672.77s
[2026-07-03 11:41:01,811][pretrain_logger][INFO] - [JEPA Pretrain] Epoch 1/10, loss=0.268619, time=7672.77s
2026-07-03 11:41:01 - pretrain_logger - INFO - Pretrain loss: 0.26861927876597513
[2026-07-03 11:41:01,812][pretrain_logger][INFO] - Pretrain loss: 0.26861927876597513
2026-07-03 11:41:01 - pretrain_logger - INFO - Pretrain time: 7672.773834228516s
[2026-07-03 11:41:01,812][pretrain_logger][INFO] - Pretrain time: 7672.773834228516s
2026-07-03 11:41:01 - pretrain_logger - INFO - Pretrain memory reserved: 96.00 MB
[2026-07-03 11:41:01,812][pretrain_logger][INFO] - Pretrain memory reserved: 96.00 MB
2026-07-03 11:41:01 - pretrain_logger - INFO - Pretrain memory allocated: 21.26 MB
[2026-07-03 11:41:01,813][pretrain_logger][INFO] - Pretrain memory allocated: 21.26 MB
2026-07-03 11:41:01 - pretrain_logger - INFO - Current learning rate: 0.0005
[2026-07-03 11:41:01,813][pretrain_logger][INFO] - Current learning rate: 0.0005
2026-07-03 11:41:01 - pretrain_logger - INFO - Logged epoch Pretrain 1 info to /public/home/202411094934/python_project/Spatio-Temporal-Library/time-series/2026-07-03/fedformer/pretrain10/weather/time-series/seed_1/training_log.json
[2026-07-03 11:41:01,816][pretrain_logger][INFO] - Logged epoch Pretrain 1 info to /public/home/202411094934/python_project/Spatio-Temporal-Library/time-series/2026-07-03/fedformer/pretrain10/weather/time-series/seed_1/training_log.json
2026-07-03 13:50:36 - pretrain_logger - INFO - [JEPA Pretrain] Epoch 2/10, loss=0.184659, time=7774.71s
[2026-07-03 13:50:36,531][pretrain_logger][INFO] - [JEPA Pretrain] Epoch 2/10, loss=0.184659, time=7774.71s
2026-07-03 13:50:36 - pretrain_logger - INFO - Pretrain loss: 0.18465941812909037
[2026-07-03 13:50:36,556][pretrain_logger][INFO] - Pretrain loss: 0.18465941812909037
2026-07-03 13:50:36 - pretrain_logger - INFO - Pretrain time: 7774.714764595032s
[2026-07-03 13:50:36,557][pretrain_logger][INFO] - Pretrain time: 7774.714764595032s
2026-07-03 13:50:36 - pretrain_logger - INFO - Pretrain memory reserved: 96.00 MB
[2026-07-03 13:50:36,557][pretrain_logger][INFO] - Pretrain memory reserved: 96.00 MB
2026-07-03 13:50:36 - pretrain_logger - INFO - Pretrain memory allocated: 21.26 MB
[2026-07-03 13:50:36,557][pretrain_logger][INFO] - Pretrain memory allocated: 21.26 MB
2026-07-03 13:50:36 - pretrain_logger - INFO - Current learning rate: 0.0005
[2026-07-03 13:50:36,557][pretrain_logger][INFO] - Current learning rate: 0.0005
2026-07-03 13:50:36 - pretrain_logger - INFO - Logged epoch Pretrain 2 info to /public/home/202411094934/python_project/Spatio-Temporal-Library/time-series/2026-07-03/fedformer/pretrain10/weather/time-series/seed_1/training_log.json
[2026-07-03 13:50:36,560][pretrain_logger][INFO] - Logged epoch Pretrain 2 info to /public/home/202411094934/python_project/Spatio-Temporal-Library/time-series/2026-07-03/fedformer/pretrain10/weather/time-series/seed_1/training_log.json
2026-07-03 16:00:24 - pretrain_logger - INFO - [JEPA Pretrain] Epoch 3/10, loss=0.187901, time=7788.05s
[2026-07-03 16:00:24,606][pretrain_logger][INFO] - [JEPA Pretrain] Epoch 3/10, loss=0.187901, time=7788.05s
2026-07-03 16:00:24 - pretrain_logger - INFO - Pretrain loss: 0.18790102794035743
[2026-07-03 16:00:24,607][pretrain_logger][INFO] - Pretrain loss: 0.18790102794035743
2026-07-03 16:00:24 - pretrain_logger - INFO - Pretrain time: 7788.045658588409s
[2026-07-03 16:00:24,607][pretrain_logger][INFO] - Pretrain time: 7788.045658588409s
2026-07-03 16:00:24 - pretrain_logger - INFO - Pretrain memory reserved: 96.00 MB
[2026-07-03 16:00:24,607][pretrain_logger][INFO] - Pretrain memory reserved: 96.00 MB
2026-07-03 16:00:24 - pretrain_logger - INFO - Pretrain memory allocated: 21.26 MB
[2026-07-03 16:00:24,608][pretrain_logger][INFO] - Pretrain memory allocated: 21.26 MB
2026-07-03 16:00:24 - pretrain_logger - INFO - Current learning rate: 0.0005
[2026-07-03 16:00:24,608][pretrain_logger][INFO] - Current learning rate: 0.0005
2026-07-03 16:00:24 - pretrain_logger - INFO - Logged epoch Pretrain 3 info to /public/home/202411094934/python_project/Spatio-Temporal-Library/time-series/2026-07-03/fedformer/pretrain10/weather/time-series/seed_1/training_log.json
[2026-07-03 16:00:24,612][pretrain_logger][INFO] - Logged epoch Pretrain 3 info to /public/home/202411094934/python_project/Spatio-Temporal-Library/time-series/2026-07-03/fedformer/pretrain10/weather/time-series/seed_1/training_log.json
2026-07-03 18:08:07 - pretrain_logger - INFO - [JEPA Pretrain] Epoch 4/10, loss=0.189644, time=7663.17s
[2026-07-03 18:08:07,778][pretrain_logger][INFO] - [JEPA Pretrain] Epoch 4/10, loss=0.189644, time=7663.17s
2026-07-03 18:08:07 - pretrain_logger - INFO - Pretrain loss: 0.18964372765330542
[2026-07-03 18:08:07,801][pretrain_logger][INFO] - Pretrain loss: 0.18964372765330542
2026-07-03 18:08:07 - pretrain_logger - INFO - Pretrain time: 7663.166414737701s
[2026-07-03 18:08:07,801][pretrain_logger][INFO] - Pretrain time: 7663.166414737701s
2026-07-03 18:08:07 - pretrain_logger - INFO - Pretrain memory reserved: 96.00 MB
[2026-07-03 18:08:07,801][pretrain_logger][INFO] - Pretrain memory reserved: 96.00 MB
2026-07-03 18:08:07 - pretrain_logger - INFO - Pretrain memory allocated: 21.26 MB
[2026-07-03 18:08:07,801][pretrain_logger][INFO] - Pretrain memory allocated: 21.26 MB
2026-07-03 18:08:07 - pretrain_logger - INFO - Current learning rate: 0.0005
[2026-07-03 18:08:07,801][pretrain_logger][INFO] - Current learning rate: 0.0005
2026-07-03 18:08:07 - pretrain_logger - INFO - Logged epoch Pretrain 4 info to /public/home/202411094934/python_project/Spatio-Temporal-Library/time-series/2026-07-03/fedformer/pretrain10/weather/time-series/seed_1/training_log.json
[2026-07-03 18:08:07,804][pretrain_logger][INFO] - Logged epoch Pretrain 4 info to /public/home/202411094934/python_project/Spatio-Temporal-Library/time-series/2026-07-03/fedformer/pretrain10/weather/time-series/seed_1/training_log.json
2026-07-03 20:17:44 - pretrain_logger - INFO - [JEPA Pretrain] Epoch 5/10, loss=0.193342, time=7776.20s
[2026-07-03 20:17:44,007][pretrain_logger][INFO] - [JEPA Pretrain] Epoch 5/10, loss=0.193342, time=7776.20s
2026-07-03 20:17:44 - pretrain_logger - INFO - Pretrain loss: 0.1933418655319314
[2026-07-03 20:17:44,010][pretrain_logger][INFO] - Pretrain loss: 0.1933418655319314
2026-07-03 20:17:44 - pretrain_logger - INFO - Pretrain time: 7776.203328609467s
[2026-07-03 20:17:44,010][pretrain_logger][INFO] - Pretrain time: 7776.203328609467s
2026-07-03 20:17:44 - pretrain_logger - INFO - Pretrain memory reserved: 96.00 MB
[2026-07-03 20:17:44,010][pretrain_logger][INFO] - Pretrain memory reserved: 96.00 MB
2026-07-03 20:17:44 - pretrain_logger - INFO - Pretrain memory allocated: 21.26 MB
[2026-07-03 20:17:44,010][pretrain_logger][INFO] - Pretrain memory allocated: 21.26 MB
2026-07-03 20:17:44 - pretrain_logger - INFO - Current learning rate: 0.0005
[2026-07-03 20:17:44,010][pretrain_logger][INFO] - Current learning rate: 0.0005
2026-07-03 20:17:44 - pretrain_logger - INFO - Logged epoch Pretrain 5 info to /public/home/202411094934/python_project/Spatio-Temporal-Library/time-series/2026-07-03/fedformer/pretrain10/weather/time-series/seed_1/training_log.json
[2026-07-03 20:17:44,013][pretrain_logger][INFO] - Logged epoch Pretrain 5 info to /public/home/202411094934/python_project/Spatio-Temporal-Library/time-series/2026-07-03/fedformer/pretrain10/weather/time-series/seed_1/training_log.json
2026-07-03 22:27:01 - pretrain_logger - INFO - [JEPA Pretrain] Epoch 6/10, loss=0.209923, time=7757.62s
[2026-07-03 22:27:01,632][pretrain_logger][INFO] - [JEPA Pretrain] Epoch 6/10, loss=0.209923, time=7757.62s
2026-07-03 22:27:01 - pretrain_logger - INFO - Pretrain loss: 0.20992266183398
[2026-07-03 22:27:01,654][pretrain_logger][INFO] - Pretrain loss: 0.20992266183398
2026-07-03 22:27:01 - pretrain_logger - INFO - Pretrain time: 7757.618563175201s
[2026-07-03 22:27:01,654][pretrain_logger][INFO] - Pretrain time: 7757.618563175201s
2026-07-03 22:27:01 - pretrain_logger - INFO - Pretrain memory reserved: 96.00 MB
[2026-07-03 22:27:01,654][pretrain_logger][INFO] - Pretrain memory reserved: 96.00 MB
2026-07-03 22:27:01 - pretrain_logger - INFO - Pretrain memory allocated: 21.26 MB
[2026-07-03 22:27:01,654][pretrain_logger][INFO] - Pretrain memory allocated: 21.26 MB
2026-07-03 22:27:01 - pretrain_logger - INFO - Current learning rate: 0.0005
[2026-07-03 22:27:01,654][pretrain_logger][INFO] - Current learning rate: 0.0005
2026-07-03 22:27:01 - pretrain_logger - INFO - Logged epoch Pretrain 6 info to /public/home/202411094934/python_project/Spatio-Temporal-Library/time-series/2026-07-03/fedformer/pretrain10/weather/time-series/seed_1/training_log.json
[2026-07-03 22:27:01,657][pretrain_logger][INFO] - Logged epoch Pretrain 6 info to /public/home/202411094934/python_project/Spatio-Temporal-Library/time-series/2026-07-03/fedformer/pretrain10/weather/time-series/seed_1/training_log.json
2026-07-04 00:36:27 - pretrain_logger - INFO - [JEPA Pretrain] Epoch 7/10, loss=0.245894, time=7766.21s
[2026-07-04 00:36:27,872][pretrain_logger][INFO] - [JEPA Pretrain] Epoch 7/10, loss=0.245894, time=7766.21s
2026-07-04 00:36:27 - pretrain_logger - INFO - Pretrain loss: 0.24589375873771563
[2026-07-04 00:36:27,872][pretrain_logger][INFO] - Pretrain loss: 0.24589375873771563
2026-07-04 00:36:27 - pretrain_logger - INFO - Pretrain time: 7766.214613437653s
[2026-07-04 00:36:27,873][pretrain_logger][INFO] - Pretrain time: 7766.214613437653s
2026-07-04 00:36:27 - pretrain_logger - INFO - Pretrain memory reserved: 96.00 MB
[2026-07-04 00:36:27,873][pretrain_logger][INFO] - Pretrain memory reserved: 96.00 MB
2026-07-04 00:36:27 - pretrain_logger - INFO - Pretrain memory allocated: 21.26 MB
[2026-07-04 00:36:27,873][pretrain_logger][INFO] - Pretrain memory allocated: 21.26 MB
2026-07-04 00:36:27 - pretrain_logger - INFO - Current learning rate: 0.0005
[2026-07-04 00:36:27,873][pretrain_logger][INFO] - Current learning rate: 0.0005
2026-07-04 00:36:27 - pretrain_logger - INFO - Logged epoch Pretrain 7 info to /public/home/202411094934/python_project/Spatio-Temporal-Library/time-series/2026-07-03/fedformer/pretrain10/weather/time-series/seed_1/training_log.json
[2026-07-04 00:36:27,877][pretrain_logger][INFO] - Logged epoch Pretrain 7 info to /public/home/202411094934/python_project/Spatio-Temporal-Library/time-series/2026-07-03/fedformer/pretrain10/weather/time-series/seed_1/training_log.json
2026-07-04 02:44:14 - pretrain_logger - INFO - [JEPA Pretrain] Epoch 8/10, loss=0.302622, time=7666.78s
[2026-07-04 02:44:14,662][pretrain_logger][INFO] - [JEPA Pretrain] Epoch 8/10, loss=0.302622, time=7666.78s
2026-07-04 02:44:14 - pretrain_logger - INFO - Pretrain loss: 0.30262181179796577
[2026-07-04 02:44:14,684][pretrain_logger][INFO] - Pretrain loss: 0.30262181179796577
2026-07-04 02:44:14 - pretrain_logger - INFO - Pretrain time: 7666.784870624542s
[2026-07-04 02:44:14,684][pretrain_logger][INFO] - Pretrain time: 7666.784870624542s
2026-07-04 02:44:14 - pretrain_logger - INFO - Pretrain memory reserved: 96.00 MB
[2026-07-04 02:44:14,684][pretrain_logger][INFO] - Pretrain memory reserved: 96.00 MB
2026-07-04 02:44:14 - pretrain_logger - INFO - Pretrain memory allocated: 21.26 MB
[2026-07-04 02:44:14,684][pretrain_logger][INFO] - Pretrain memory allocated: 21.26 MB
2026-07-04 02:44:14 - pretrain_logger - INFO - Current learning rate: 0.0005
[2026-07-04 02:44:14,684][pretrain_logger][INFO] - Current learning rate: 0.0005
2026-07-04 02:44:14 - pretrain_logger - INFO - Logged epoch Pretrain 8 info to /public/home/202411094934/python_project/Spatio-Temporal-Library/time-series/2026-07-03/fedformer/pretrain10/weather/time-series/seed_1/training_log.json
[2026-07-04 02:44:14,687][pretrain_logger][INFO] - Logged epoch Pretrain 8 info to /public/home/202411094934/python_project/Spatio-Temporal-Library/time-series/2026-07-03/fedformer/pretrain10/weather/time-series/seed_1/training_log.json
2026-07-04 04:53:43 - pretrain_logger - INFO - [JEPA Pretrain] Epoch 9/10, loss=0.370195, time=7768.50s
[2026-07-04 04:53:43,187][pretrain_logger][INFO] - [JEPA Pretrain] Epoch 9/10, loss=0.370195, time=7768.50s
2026-07-04 04:53:43 - pretrain_logger - INFO - Pretrain loss: 0.3701946478110015
[2026-07-04 04:53:43,188][pretrain_logger][INFO] - Pretrain loss: 0.3701946478110015
2026-07-04 04:53:43 - pretrain_logger - INFO - Pretrain time: 7768.500128746033s
[2026-07-04 04:53:43,188][pretrain_logger][INFO] - Pretrain time: 7768.500128746033s
2026-07-04 04:53:43 - pretrain_logger - INFO - Pretrain memory reserved: 96.00 MB
[2026-07-04 04:53:43,188][pretrain_logger][INFO] - Pretrain memory reserved: 96.00 MB
2026-07-04 04:53:43 - pretrain_logger - INFO - Pretrain memory allocated: 21.26 MB
[2026-07-04 04:53:43,188][pretrain_logger][INFO] - Pretrain memory allocated: 21.26 MB
2026-07-04 04:53:43 - pretrain_logger - INFO - Current learning rate: 0.0005
[2026-07-04 04:53:43,188][pretrain_logger][INFO] - Current learning rate: 0.0005
2026-07-04 04:53:43 - pretrain_logger - INFO - Logged epoch Pretrain 9 info to /public/home/202411094934/python_project/Spatio-Temporal-Library/time-series/2026-07-03/fedformer/pretrain10/weather/time-series/seed_1/training_log.json
[2026-07-04 04:53:43,193][pretrain_logger][INFO] - Logged epoch Pretrain 9 info to /public/home/202411094934/python_project/Spatio-Temporal-Library/time-series/2026-07-03/fedformer/pretrain10/weather/time-series/seed_1/training_log.json
2026-07-04 07:02:07 - pretrain_logger - INFO - [JEPA Pretrain] Epoch 10/10, loss=0.445126, time=7704.02s
[2026-07-04 07:02:07,215][pretrain_logger][INFO] - [JEPA Pretrain] Epoch 10/10, loss=0.445126, time=7704.02s
2026-07-04 07:02:07 - pretrain_logger - INFO - Pretrain loss: 0.44512602941282164
[2026-07-04 07:02:07,238][pretrain_logger][INFO] - Pretrain loss: 0.44512602941282164
2026-07-04 07:02:07 - pretrain_logger - INFO - Pretrain time: 7704.022110462189s
[2026-07-04 07:02:07,238][pretrain_logger][INFO] - Pretrain time: 7704.022110462189s
2026-07-04 07:02:07 - pretrain_logger - INFO - Pretrain memory reserved: 96.00 MB
[2026-07-04 07:02:07,238][pretrain_logger][INFO] - Pretrain memory reserved: 96.00 MB
2026-07-04 07:02:07 - pretrain_logger - INFO - Pretrain memory allocated: 21.26 MB
[2026-07-04 07:02:07,238][pretrain_logger][INFO] - Pretrain memory allocated: 21.26 MB
2026-07-04 07:02:07 - pretrain_logger - INFO - Current learning rate: 0.0005
[2026-07-04 07:02:07,238][pretrain_logger][INFO] - Current learning rate: 0.0005
2026-07-04 07:02:07 - pretrain_logger - INFO - Logged epoch Pretrain 10 info to /public/home/202411094934/python_project/Spatio-Temporal-Library/time-series/2026-07-03/fedformer/pretrain10/weather/time-series/seed_1/training_log.json
[2026-07-04 07:02:07,242][pretrain_logger][INFO] - Logged epoch Pretrain 10 info to /public/home/202411094934/python_project/Spatio-Temporal-Library/time-series/2026-07-03/fedformer/pretrain10/weather/time-series/seed_1/training_log.json
2026-07-04 07:02:07 - pretrain_logger - INFO - JEPA pretraining completed.
[2026-07-04 07:02:07,243][pretrain_logger][INFO] - JEPA pretraining completed.
