2026-06-19 00:41:33 - finetune_logger - INFO - No pretrained checkpoint is provided. Finetuning from scratch.
[2026-06-19 00:41:33,544][finetune_logger][INFO] - No pretrained checkpoint is provided. Finetuning from scratch.
2026-06-19 00:41:33 - finetune_logger - INFO - Model parameters: 651,842
[2026-06-19 00:41:33,566][finetune_logger][INFO] - Model parameters: 651,842
2026-06-19 00:41:33 - finetune_logger - INFO - Created new log file at /public/home/202411094934/python_project/Spatio-Temporal-Library/time-series/2026-06-19/patchtst/finetune20/etth1/time-series/seed_0/training_log.json
[2026-06-19 00:41:33,569][finetune_logger][INFO] - Created new log file at /public/home/202411094934/python_project/Spatio-Temporal-Library/time-series/2026-06-19/patchtst/finetune20/etth1/time-series/seed_0/training_log.json
2026-06-19 00:41:33 - finetune_logger - INFO - Starting training...
[2026-06-19 00:41:33,569][finetune_logger][INFO] - Starting training...
2026-06-19 00:41:33 - finetune_logger - INFO - Epoch 1/20
[2026-06-19 00:41:33,569][finetune_logger][INFO] - Epoch 1/20
2026-06-19 00:41:39 - finetune_logger - INFO - No pretrained checkpoint is provided. Finetuning from scratch.
[2026-06-19 00:41:39,914][finetune_logger][INFO] - No pretrained checkpoint is provided. Finetuning from scratch.
2026-06-19 00:41:39 - finetune_logger - INFO - Model parameters: 651,842
[2026-06-19 00:41:39,923][finetune_logger][INFO] - Model parameters: 651,842
2026-06-19 00:41:39 - finetune_logger - INFO - Log file already exists at /public/home/202411094934/python_project/Spatio-Temporal-Library/time-series/2026-06-19/patchtst/finetune20/etth1/time-series/seed_0/training_log.json, appending to it.
[2026-06-19 00:41:39,925][finetune_logger][INFO] - Log file already exists at /public/home/202411094934/python_project/Spatio-Temporal-Library/time-series/2026-06-19/patchtst/finetune20/etth1/time-series/seed_0/training_log.json, appending to it.
2026-06-19 00:41:39 - finetune_logger - INFO - Starting training...
[2026-06-19 00:41:39,925][finetune_logger][INFO] - Starting training...
2026-06-19 00:41:39 - finetune_logger - INFO - Epoch 1/20
[2026-06-19 00:41:39,925][finetune_logger][INFO] - Epoch 1/20
2026-06-19 00:42:26 - finetune_logger - INFO - No pretrained checkpoint is provided. Finetuning from scratch.
[2026-06-19 00:42:26,461][finetune_logger][INFO] - No pretrained checkpoint is provided. Finetuning from scratch.
2026-06-19 00:42:26 - finetune_logger - INFO - Model parameters: 651,842
[2026-06-19 00:42:26,464][finetune_logger][INFO] - Model parameters: 651,842
2026-06-19 00:42:26 - finetune_logger - INFO - Log file already exists at /public/home/202411094934/python_project/Spatio-Temporal-Library/time-series/2026-06-19/patchtst/finetune20/etth1/time-series/seed_0/training_log.json, appending to it.
[2026-06-19 00:42:26,465][finetune_logger][INFO] - Log file already exists at /public/home/202411094934/python_project/Spatio-Temporal-Library/time-series/2026-06-19/patchtst/finetune20/etth1/time-series/seed_0/training_log.json, appending to it.
2026-06-19 00:42:26 - finetune_logger - INFO - Starting training...
[2026-06-19 00:42:26,465][finetune_logger][INFO] - Starting training...
2026-06-19 00:42:26 - finetune_logger - INFO - Epoch 1/20
[2026-06-19 00:42:26,465][finetune_logger][INFO] - Epoch 1/20
2026-06-19 00:43:35 - finetune_logger - INFO - No pretrained checkpoint is provided. Finetuning from scratch.
[2026-06-19 00:43:35,102][finetune_logger][INFO] - No pretrained checkpoint is provided. Finetuning from scratch.
2026-06-19 00:43:35 - finetune_logger - INFO - Model parameters: 651,842
[2026-06-19 00:43:35,104][finetune_logger][INFO] - Model parameters: 651,842
2026-06-19 00:43:35 - finetune_logger - INFO - Log file already exists at /public/home/202411094934/python_project/Spatio-Temporal-Library/time-series/2026-06-19/patchtst/finetune20/etth1/time-series/seed_0/training_log.json, appending to it.
[2026-06-19 00:43:35,106][finetune_logger][INFO] - Log file already exists at /public/home/202411094934/python_project/Spatio-Temporal-Library/time-series/2026-06-19/patchtst/finetune20/etth1/time-series/seed_0/training_log.json, appending to it.
2026-06-19 00:43:35 - finetune_logger - INFO - Starting training...
[2026-06-19 00:43:35,106][finetune_logger][INFO] - Starting training...
2026-06-19 00:43:35 - finetune_logger - INFO - Epoch 1/20
[2026-06-19 00:43:35,106][finetune_logger][INFO] - Epoch 1/20
2026-06-19 00:43:53 - finetune_logger - INFO - No pretrained checkpoint is provided. Finetuning from scratch.
[2026-06-19 00:43:53,135][finetune_logger][INFO] - No pretrained checkpoint is provided. Finetuning from scratch.
2026-06-19 00:43:53 - finetune_logger - INFO - Model parameters: 651,842
[2026-06-19 00:43:53,138][finetune_logger][INFO] - Model parameters: 651,842
2026-06-19 00:43:53 - finetune_logger - INFO - Log file already exists at /public/home/202411094934/python_project/Spatio-Temporal-Library/time-series/2026-06-19/patchtst/finetune20/etth1/time-series/seed_0/training_log.json, appending to it.
[2026-06-19 00:43:53,138][finetune_logger][INFO] - Log file already exists at /public/home/202411094934/python_project/Spatio-Temporal-Library/time-series/2026-06-19/patchtst/finetune20/etth1/time-series/seed_0/training_log.json, appending to it.
2026-06-19 00:43:53 - finetune_logger - INFO - Starting training...
[2026-06-19 00:43:53,139][finetune_logger][INFO] - Starting training...
2026-06-19 00:43:53 - finetune_logger - INFO - Epoch 1/20
[2026-06-19 00:43:53,139][finetune_logger][INFO] - Epoch 1/20
2026-06-19 00:45:43 - finetune_logger - INFO - Train loss: 1.45316955977134
[2026-06-19 00:45:43,985][finetune_logger][INFO] - Train loss: 1.45316955977134
2026-06-19 00:45:43 - finetune_logger - INFO - Train time: 110.84571862220764s
[2026-06-19 00:45:43,985][finetune_logger][INFO] - Train time: 110.84571862220764s
2026-06-19 00:45:43 - finetune_logger - INFO - Train memory reserved: 34.00 MB
[2026-06-19 00:45:43,985][finetune_logger][INFO] - Train memory reserved: 34.00 MB
2026-06-19 00:45:43 - finetune_logger - INFO - Train memory allocated: 23.73 MB
[2026-06-19 00:45:43,986][finetune_logger][INFO] - Train memory allocated: 23.73 MB
2026-06-19 00:45:43 - finetune_logger - INFO - Current learning rate: 0.0005
[2026-06-19 00:45:43,986][finetune_logger][INFO] - Current learning rate: 0.0005
2026-06-19 00:51:18 - finetune_logger - INFO - No pretrained checkpoint is provided. Finetuning from scratch.
[2026-06-19 00:51:18,074][finetune_logger][INFO] - No pretrained checkpoint is provided. Finetuning from scratch.
2026-06-19 00:51:18 - finetune_logger - INFO - Model parameters: 651,842
[2026-06-19 00:51:18,077][finetune_logger][INFO] - Model parameters: 651,842
2026-06-19 00:51:18 - finetune_logger - INFO - Log file already exists at /public/home/202411094934/python_project/Spatio-Temporal-Library/time-series/2026-06-19/patchtst/finetune20/etth1/time-series/seed_0/training_log.json, appending to it.
[2026-06-19 00:51:18,077][finetune_logger][INFO] - Log file already exists at /public/home/202411094934/python_project/Spatio-Temporal-Library/time-series/2026-06-19/patchtst/finetune20/etth1/time-series/seed_0/training_log.json, appending to it.
2026-06-19 00:51:18 - finetune_logger - INFO - Starting training...
[2026-06-19 00:51:18,078][finetune_logger][INFO] - Starting training...
2026-06-19 00:51:18 - finetune_logger - INFO - Epoch 1/20
[2026-06-19 00:51:18,078][finetune_logger][INFO] - Epoch 1/20
2026-06-19 00:53:09 - finetune_logger - INFO - Train loss: 1.45316955977134
[2026-06-19 00:53:09,073][finetune_logger][INFO] - Train loss: 1.45316955977134
2026-06-19 00:53:09 - finetune_logger - INFO - Train time: 110.99462389945984s
[2026-06-19 00:53:09,073][finetune_logger][INFO] - Train time: 110.99462389945984s
2026-06-19 00:53:09 - finetune_logger - INFO - Train memory reserved: 34.00 MB
[2026-06-19 00:53:09,073][finetune_logger][INFO] - Train memory reserved: 34.00 MB
2026-06-19 00:53:09 - finetune_logger - INFO - Train memory allocated: 23.73 MB
[2026-06-19 00:53:09,073][finetune_logger][INFO] - Train memory allocated: 23.73 MB
2026-06-19 00:53:09 - finetune_logger - INFO - Current learning rate: 0.0005
[2026-06-19 00:53:09,074][finetune_logger][INFO] - Current learning rate: 0.0005
2026-06-19 00:53:24 - finetune_logger - INFO - Validation metrics: {'MAE': 1.964842530273261, 'RMSE': 3.097949935004814}
[2026-06-19 00:53:24,941][finetune_logger][INFO] - Validation metrics: {'MAE': 1.964842530273261, 'RMSE': 3.097949935004814}
2026-06-19 00:53:24 - finetune_logger - INFO - Val time: 15.87s
[2026-06-19 00:53:24,941][finetune_logger][INFO] - Val time: 15.87s
2026-06-19 00:53:24 - finetune_logger - INFO - Val memory reserved: 34.00 MB
[2026-06-19 00:53:24,941][finetune_logger][INFO] - Val memory reserved: 34.00 MB
2026-06-19 00:53:24 - finetune_logger - INFO - Val memory allocated: 23.73 MB
[2026-06-19 00:53:24,941][finetune_logger][INFO] - Val memory allocated: 23.73 MB
2026-06-19 00:53:24 - finetune_logger - INFO - Logged epoch 1 info to /public/home/202411094934/python_project/Spatio-Temporal-Library/time-series/2026-06-19/patchtst/finetune20/etth1/time-series/seed_0/training_log.json
[2026-06-19 00:53:24,947][finetune_logger][INFO] - Logged epoch 1 info to /public/home/202411094934/python_project/Spatio-Temporal-Library/time-series/2026-06-19/patchtst/finetune20/etth1/time-series/seed_0/training_log.json
2026-06-19 00:53:24 - finetune_logger - INFO - New best model! Val loss: 1.964843
[2026-06-19 00:53:24,947][finetune_logger][INFO] - New best model! Val loss: 1.964843
2026-06-19 00:53:40 - finetune_logger - INFO - Test metrics: {'MAE': 1.7530467353094177, 'RMSE': 3.339522564933413}
[2026-06-19 00:53:40,802][finetune_logger][INFO] - Test metrics: {'MAE': 1.7530467353094177, 'RMSE': 3.339522564933413}
2026-06-19 00:53:40 - finetune_logger - INFO - Test time: 15.80s
[2026-06-19 00:53:40,802][finetune_logger][INFO] - Test time: 15.80s
2026-06-19 00:53:40 - finetune_logger - INFO - Test memory reserved: 34.00 MB
[2026-06-19 00:53:40,802][finetune_logger][INFO] - Test memory reserved: 34.00 MB
2026-06-19 00:53:40 - finetune_logger - INFO - Test memory allocated: 23.73 MB
[2026-06-19 00:53:40,802][finetune_logger][INFO] - Test memory allocated: 23.73 MB
2026-06-19 00:53:40 - finetune_logger - INFO - Epoch 2/20
[2026-06-19 00:53:40,803][finetune_logger][INFO] - Epoch 2/20
2026-06-19 00:55:30 - finetune_logger - INFO - Train loss: 1.3745440697485198
[2026-06-19 00:55:30,588][finetune_logger][INFO] - Train loss: 1.3745440697485198
2026-06-19 00:55:30 - finetune_logger - INFO - Train time: 109.7852873802185s
[2026-06-19 00:55:30,589][finetune_logger][INFO] - Train time: 109.7852873802185s
2026-06-19 00:55:30 - finetune_logger - INFO - Train memory reserved: 34.00 MB
[2026-06-19 00:55:30,589][finetune_logger][INFO] - Train memory reserved: 34.00 MB
2026-06-19 00:55:30 - finetune_logger - INFO - Train memory allocated: 23.73 MB
[2026-06-19 00:55:30,589][finetune_logger][INFO] - Train memory allocated: 23.73 MB
2026-06-19 00:55:30 - finetune_logger - INFO - Current learning rate: 0.0005
[2026-06-19 00:55:30,589][finetune_logger][INFO] - Current learning rate: 0.0005
2026-06-19 00:55:46 - finetune_logger - INFO - Validation metrics: {'MAE': 1.9586195148286316, 'RMSE': 3.060148632049558}
[2026-06-19 00:55:46,376][finetune_logger][INFO] - Validation metrics: {'MAE': 1.9586195148286316, 'RMSE': 3.060148632049558}
2026-06-19 00:55:46 - finetune_logger - INFO - Val time: 15.79s
[2026-06-19 00:55:46,376][finetune_logger][INFO] - Val time: 15.79s
2026-06-19 00:55:46 - finetune_logger - INFO - Val memory reserved: 34.00 MB
[2026-06-19 00:55:46,376][finetune_logger][INFO] - Val memory reserved: 34.00 MB
2026-06-19 00:55:46 - finetune_logger - INFO - Val memory allocated: 23.73 MB
[2026-06-19 00:55:46,376][finetune_logger][INFO] - Val memory allocated: 23.73 MB
2026-06-19 00:55:46 - finetune_logger - INFO - Logged epoch 2 info to /public/home/202411094934/python_project/Spatio-Temporal-Library/time-series/2026-06-19/patchtst/finetune20/etth1/time-series/seed_0/training_log.json
[2026-06-19 00:55:46,379][finetune_logger][INFO] - Logged epoch 2 info to /public/home/202411094934/python_project/Spatio-Temporal-Library/time-series/2026-06-19/patchtst/finetune20/etth1/time-series/seed_0/training_log.json
2026-06-19 00:55:46 - finetune_logger - INFO - New best model! Val loss: 1.958620
[2026-06-19 00:55:46,379][finetune_logger][INFO] - New best model! Val loss: 1.958620
2026-06-19 00:56:02 - finetune_logger - INFO - Test metrics: {'MAE': 1.7317445049285842, 'RMSE': 3.169264048167642}
[2026-06-19 00:56:02,290][finetune_logger][INFO] - Test metrics: {'MAE': 1.7317445049285842, 'RMSE': 3.169264048167642}
2026-06-19 00:56:02 - finetune_logger - INFO - Test time: 15.86s
[2026-06-19 00:56:02,290][finetune_logger][INFO] - Test time: 15.86s
2026-06-19 00:56:02 - finetune_logger - INFO - Test memory reserved: 34.00 MB
[2026-06-19 00:56:02,291][finetune_logger][INFO] - Test memory reserved: 34.00 MB
2026-06-19 00:56:02 - finetune_logger - INFO - Test memory allocated: 23.73 MB
[2026-06-19 00:56:02,291][finetune_logger][INFO] - Test memory allocated: 23.73 MB
2026-06-19 00:56:02 - finetune_logger - INFO - Epoch 3/20
[2026-06-19 00:56:02,291][finetune_logger][INFO] - Epoch 3/20
2026-06-19 00:57:52 - finetune_logger - INFO - Train loss: 1.3294891229113734
[2026-06-19 00:57:52,355][finetune_logger][INFO] - Train loss: 1.3294891229113734
2026-06-19 00:57:52 - finetune_logger - INFO - Train time: 110.06331849098206s
[2026-06-19 00:57:52,355][finetune_logger][INFO] - Train time: 110.06331849098206s
2026-06-19 00:57:52 - finetune_logger - INFO - Train memory reserved: 34.00 MB
[2026-06-19 00:57:52,355][finetune_logger][INFO] - Train memory reserved: 34.00 MB
2026-06-19 00:57:52 - finetune_logger - INFO - Train memory allocated: 23.73 MB
[2026-06-19 00:57:52,355][finetune_logger][INFO] - Train memory allocated: 23.73 MB
2026-06-19 00:57:52 - finetune_logger - INFO - Current learning rate: 0.0005
[2026-06-19 00:57:52,355][finetune_logger][INFO] - Current learning rate: 0.0005
2026-06-19 00:58:08 - finetune_logger - INFO - Validation metrics: {'MAE': 2.0541017206737036, 'RMSE': 3.2401253554480323}
[2026-06-19 00:58:08,145][finetune_logger][INFO] - Validation metrics: {'MAE': 2.0541017206737036, 'RMSE': 3.2401253554480323}
2026-06-19 00:58:08 - finetune_logger - INFO - Val time: 15.79s
[2026-06-19 00:58:08,145][finetune_logger][INFO] - Val time: 15.79s
2026-06-19 00:58:08 - finetune_logger - INFO - Val memory reserved: 34.00 MB
[2026-06-19 00:58:08,146][finetune_logger][INFO] - Val memory reserved: 34.00 MB
2026-06-19 00:58:08 - finetune_logger - INFO - Val memory allocated: 23.73 MB
[2026-06-19 00:58:08,146][finetune_logger][INFO] - Val memory allocated: 23.73 MB
2026-06-19 00:58:08 - finetune_logger - INFO - Logged epoch 3 info to /public/home/202411094934/python_project/Spatio-Temporal-Library/time-series/2026-06-19/patchtst/finetune20/etth1/time-series/seed_0/training_log.json
[2026-06-19 00:58:08,149][finetune_logger][INFO] - Logged epoch 3 info to /public/home/202411094934/python_project/Spatio-Temporal-Library/time-series/2026-06-19/patchtst/finetune20/etth1/time-series/seed_0/training_log.json
2026-06-19 00:58:23 - finetune_logger - INFO - Test metrics: {'MAE': 1.9386221219017423, 'RMSE': 3.5599101356324674}
[2026-06-19 00:58:23,995][finetune_logger][INFO] - Test metrics: {'MAE': 1.9386221219017423, 'RMSE': 3.5599101356324674}
2026-06-19 00:58:23 - finetune_logger - INFO - Test time: 15.85s
[2026-06-19 00:58:23,996][finetune_logger][INFO] - Test time: 15.85s
2026-06-19 00:58:23 - finetune_logger - INFO - Test memory reserved: 34.00 MB
[2026-06-19 00:58:23,996][finetune_logger][INFO] - Test memory reserved: 34.00 MB
2026-06-19 00:58:23 - finetune_logger - INFO - Test memory allocated: 23.73 MB
[2026-06-19 00:58:23,996][finetune_logger][INFO] - Test memory allocated: 23.73 MB
2026-06-19 00:58:23 - finetune_logger - INFO - Epoch 4/20
[2026-06-19 00:58:23,996][finetune_logger][INFO] - Epoch 4/20
2026-06-19 01:00:14 - finetune_logger - INFO - Train loss: 1.2844613532971647
[2026-06-19 01:00:14,128][finetune_logger][INFO] - Train loss: 1.2844613532971647
2026-06-19 01:00:14 - finetune_logger - INFO - Train time: 110.13140439987183s
[2026-06-19 01:00:14,128][finetune_logger][INFO] - Train time: 110.13140439987183s
2026-06-19 01:00:14 - finetune_logger - INFO - Train memory reserved: 34.00 MB
[2026-06-19 01:00:14,128][finetune_logger][INFO] - Train memory reserved: 34.00 MB
2026-06-19 01:00:14 - finetune_logger - INFO - Train memory allocated: 23.73 MB
[2026-06-19 01:00:14,128][finetune_logger][INFO] - Train memory allocated: 23.73 MB
2026-06-19 01:00:14 - finetune_logger - INFO - Current learning rate: 0.0005
[2026-06-19 01:00:14,128][finetune_logger][INFO] - Current learning rate: 0.0005
2026-06-19 01:00:29 - finetune_logger - INFO - Validation metrics: {'MAE': 2.0523747454597916, 'RMSE': 3.193890289306639}
[2026-06-19 01:00:29,976][finetune_logger][INFO] - Validation metrics: {'MAE': 2.0523747454597916, 'RMSE': 3.193890289306639}
2026-06-19 01:00:29 - finetune_logger - INFO - Val time: 15.85s
[2026-06-19 01:00:29,977][finetune_logger][INFO] - Val time: 15.85s
2026-06-19 01:00:29 - finetune_logger - INFO - Val memory reserved: 34.00 MB
[2026-06-19 01:00:29,977][finetune_logger][INFO] - Val memory reserved: 34.00 MB
2026-06-19 01:00:29 - finetune_logger - INFO - Val memory allocated: 23.73 MB
[2026-06-19 01:00:29,977][finetune_logger][INFO] - Val memory allocated: 23.73 MB
2026-06-19 01:00:29 - finetune_logger - INFO - Logged epoch 4 info to /public/home/202411094934/python_project/Spatio-Temporal-Library/time-series/2026-06-19/patchtst/finetune20/etth1/time-series/seed_0/training_log.json
[2026-06-19 01:00:29,980][finetune_logger][INFO] - Logged epoch 4 info to /public/home/202411094934/python_project/Spatio-Temporal-Library/time-series/2026-06-19/patchtst/finetune20/etth1/time-series/seed_0/training_log.json
2026-06-19 01:00:45 - finetune_logger - INFO - Test metrics: {'MAE': 1.963591083753676, 'RMSE': 3.5296766029539555}
[2026-06-19 01:00:45,785][finetune_logger][INFO] - Test metrics: {'MAE': 1.963591083753676, 'RMSE': 3.5296766029539555}
2026-06-19 01:00:45 - finetune_logger - INFO - Test time: 15.80s
[2026-06-19 01:00:45,785][finetune_logger][INFO] - Test time: 15.80s
2026-06-19 01:00:45 - finetune_logger - INFO - Test memory reserved: 34.00 MB
[2026-06-19 01:00:45,785][finetune_logger][INFO] - Test memory reserved: 34.00 MB
2026-06-19 01:00:45 - finetune_logger - INFO - Test memory allocated: 23.73 MB
[2026-06-19 01:00:45,785][finetune_logger][INFO] - Test memory allocated: 23.73 MB
2026-06-19 01:00:45 - finetune_logger - INFO - Epoch 5/20
[2026-06-19 01:00:45,786][finetune_logger][INFO] - Epoch 5/20
2026-06-19 01:02:35 - finetune_logger - INFO - Train loss: 1.245939948065479
[2026-06-19 01:02:35,921][finetune_logger][INFO] - Train loss: 1.245939948065479
2026-06-19 01:02:35 - finetune_logger - INFO - Train time: 110.13486242294312s
[2026-06-19 01:02:35,921][finetune_logger][INFO] - Train time: 110.13486242294312s
2026-06-19 01:02:35 - finetune_logger - INFO - Train memory reserved: 34.00 MB
[2026-06-19 01:02:35,921][finetune_logger][INFO] - Train memory reserved: 34.00 MB
2026-06-19 01:02:35 - finetune_logger - INFO - Train memory allocated: 23.73 MB
[2026-06-19 01:02:35,921][finetune_logger][INFO] - Train memory allocated: 23.73 MB
2026-06-19 01:02:35 - finetune_logger - INFO - Current learning rate: 0.0005
[2026-06-19 01:02:35,922][finetune_logger][INFO] - Current learning rate: 0.0005
2026-06-19 01:02:51 - finetune_logger - INFO - Validation metrics: {'MAE': 2.108487389064966, 'RMSE': 3.331560925892422}
[2026-06-19 01:02:51,751][finetune_logger][INFO] - Validation metrics: {'MAE': 2.108487389064966, 'RMSE': 3.331560925892422}
2026-06-19 01:02:51 - finetune_logger - INFO - Val time: 15.83s
[2026-06-19 01:02:51,752][finetune_logger][INFO] - Val time: 15.83s
2026-06-19 01:02:51 - finetune_logger - INFO - Val memory reserved: 34.00 MB
[2026-06-19 01:02:51,752][finetune_logger][INFO] - Val memory reserved: 34.00 MB
2026-06-19 01:02:51 - finetune_logger - INFO - Val memory allocated: 23.73 MB
[2026-06-19 01:02:51,752][finetune_logger][INFO] - Val memory allocated: 23.73 MB
2026-06-19 01:02:51 - finetune_logger - INFO - Logged epoch 5 info to /public/home/202411094934/python_project/Spatio-Temporal-Library/time-series/2026-06-19/patchtst/finetune20/etth1/time-series/seed_0/training_log.json
[2026-06-19 01:02:51,755][finetune_logger][INFO] - Logged epoch 5 info to /public/home/202411094934/python_project/Spatio-Temporal-Library/time-series/2026-06-19/patchtst/finetune20/etth1/time-series/seed_0/training_log.json
2026-06-19 01:03:07 - finetune_logger - INFO - Test metrics: {'MAE': 1.9811257793335697, 'RMSE': 3.6877674593698404}
[2026-06-19 01:03:07,519][finetune_logger][INFO] - Test metrics: {'MAE': 1.9811257793335697, 'RMSE': 3.6877674593698404}
2026-06-19 01:03:07 - finetune_logger - INFO - Test time: 15.76s
[2026-06-19 01:03:07,519][finetune_logger][INFO] - Test time: 15.76s
2026-06-19 01:03:07 - finetune_logger - INFO - Test memory reserved: 34.00 MB
[2026-06-19 01:03:07,519][finetune_logger][INFO] - Test memory reserved: 34.00 MB
2026-06-19 01:03:07 - finetune_logger - INFO - Test memory allocated: 23.73 MB
[2026-06-19 01:03:07,519][finetune_logger][INFO] - Test memory allocated: 23.73 MB
2026-06-19 01:03:07 - finetune_logger - INFO - Epoch 6/20
[2026-06-19 01:03:07,519][finetune_logger][INFO] - Epoch 6/20
2026-06-19 01:04:57 - finetune_logger - INFO - Train loss: 1.2111137015448383
[2026-06-19 01:04:57,486][finetune_logger][INFO] - Train loss: 1.2111137015448383
2026-06-19 01:04:57 - finetune_logger - INFO - Train time: 109.96649622917175s
[2026-06-19 01:04:57,487][finetune_logger][INFO] - Train time: 109.96649622917175s
2026-06-19 01:04:57 - finetune_logger - INFO - Train memory reserved: 34.00 MB
[2026-06-19 01:04:57,487][finetune_logger][INFO] - Train memory reserved: 34.00 MB
2026-06-19 01:04:57 - finetune_logger - INFO - Train memory allocated: 23.73 MB
[2026-06-19 01:04:57,487][finetune_logger][INFO] - Train memory allocated: 23.73 MB
2026-06-19 01:04:57 - finetune_logger - INFO - Current learning rate: 0.0005
[2026-06-19 01:04:57,487][finetune_logger][INFO] - Current learning rate: 0.0005
2026-06-19 01:05:13 - finetune_logger - INFO - Validation metrics: {'MAE': 2.054713285627821, 'RMSE': 3.2111896289189668}
[2026-06-19 01:05:13,338][finetune_logger][INFO] - Validation metrics: {'MAE': 2.054713285627821, 'RMSE': 3.2111896289189668}
2026-06-19 01:05:13 - finetune_logger - INFO - Val time: 15.85s
[2026-06-19 01:05:13,339][finetune_logger][INFO] - Val time: 15.85s
2026-06-19 01:05:13 - finetune_logger - INFO - Val memory reserved: 34.00 MB
[2026-06-19 01:05:13,339][finetune_logger][INFO] - Val memory reserved: 34.00 MB
2026-06-19 01:05:13 - finetune_logger - INFO - Val memory allocated: 23.73 MB
[2026-06-19 01:05:13,339][finetune_logger][INFO] - Val memory allocated: 23.73 MB
2026-06-19 01:05:13 - finetune_logger - INFO - Logged epoch 6 info to /public/home/202411094934/python_project/Spatio-Temporal-Library/time-series/2026-06-19/patchtst/finetune20/etth1/time-series/seed_0/training_log.json
[2026-06-19 01:05:13,342][finetune_logger][INFO] - Logged epoch 6 info to /public/home/202411094934/python_project/Spatio-Temporal-Library/time-series/2026-06-19/patchtst/finetune20/etth1/time-series/seed_0/training_log.json
2026-06-19 01:05:29 - finetune_logger - INFO - Test metrics: {'MAE': 1.8440204819270563, 'RMSE': 3.3848329154423302}
[2026-06-19 01:05:29,162][finetune_logger][INFO] - Test metrics: {'MAE': 1.8440204819270563, 'RMSE': 3.3848329154423302}
2026-06-19 01:05:29 - finetune_logger - INFO - Test time: 15.82s
[2026-06-19 01:05:29,162][finetune_logger][INFO] - Test time: 15.82s
2026-06-19 01:05:29 - finetune_logger - INFO - Test memory reserved: 34.00 MB
[2026-06-19 01:05:29,162][finetune_logger][INFO] - Test memory reserved: 34.00 MB
2026-06-19 01:05:29 - finetune_logger - INFO - Test memory allocated: 23.73 MB
[2026-06-19 01:05:29,163][finetune_logger][INFO] - Test memory allocated: 23.73 MB
2026-06-19 01:05:29 - finetune_logger - INFO - Epoch 7/20
[2026-06-19 01:05:29,163][finetune_logger][INFO] - Epoch 7/20
2026-06-19 01:07:18 - finetune_logger - INFO - Train loss: 1.1842372399963033
[2026-06-19 01:07:18,974][finetune_logger][INFO] - Train loss: 1.1842372399963033
2026-06-19 01:07:18 - finetune_logger - INFO - Train time: 109.8113706111908s
[2026-06-19 01:07:18,975][finetune_logger][INFO] - Train time: 109.8113706111908s
2026-06-19 01:07:18 - finetune_logger - INFO - Train memory reserved: 34.00 MB
[2026-06-19 01:07:18,975][finetune_logger][INFO] - Train memory reserved: 34.00 MB
2026-06-19 01:07:18 - finetune_logger - INFO - Train memory allocated: 23.73 MB
[2026-06-19 01:07:18,975][finetune_logger][INFO] - Train memory allocated: 23.73 MB
2026-06-19 01:07:18 - finetune_logger - INFO - Current learning rate: 0.0005
[2026-06-19 01:07:18,975][finetune_logger][INFO] - Current learning rate: 0.0005
2026-06-19 01:07:34 - finetune_logger - INFO - Validation metrics: {'MAE': 2.06679922673816, 'RMSE': 3.2585816535495513}
[2026-06-19 01:07:34,779][finetune_logger][INFO] - Validation metrics: {'MAE': 2.06679922673816, 'RMSE': 3.2585816535495513}
2026-06-19 01:07:34 - finetune_logger - INFO - Val time: 15.80s
[2026-06-19 01:07:34,779][finetune_logger][INFO] - Val time: 15.80s
2026-06-19 01:07:34 - finetune_logger - INFO - Val memory reserved: 34.00 MB
[2026-06-19 01:07:34,779][finetune_logger][INFO] - Val memory reserved: 34.00 MB
2026-06-19 01:07:34 - finetune_logger - INFO - Val memory allocated: 23.73 MB
[2026-06-19 01:07:34,779][finetune_logger][INFO] - Val memory allocated: 23.73 MB
2026-06-19 01:07:34 - finetune_logger - INFO - Logged epoch 7 info to /public/home/202411094934/python_project/Spatio-Temporal-Library/time-series/2026-06-19/patchtst/finetune20/etth1/time-series/seed_0/training_log.json
[2026-06-19 01:07:34,782][finetune_logger][INFO] - Logged epoch 7 info to /public/home/202411094934/python_project/Spatio-Temporal-Library/time-series/2026-06-19/patchtst/finetune20/etth1/time-series/seed_0/training_log.json
2026-06-19 01:07:50 - finetune_logger - INFO - Test metrics: {'MAE': 1.89926701713743, 'RMSE': 3.5117814100356384}
[2026-06-19 01:07:50,587][finetune_logger][INFO] - Test metrics: {'MAE': 1.89926701713743, 'RMSE': 3.5117814100356384}
2026-06-19 01:07:50 - finetune_logger - INFO - Test time: 15.80s
[2026-06-19 01:07:50,587][finetune_logger][INFO] - Test time: 15.80s
2026-06-19 01:07:50 - finetune_logger - INFO - Test memory reserved: 34.00 MB
[2026-06-19 01:07:50,587][finetune_logger][INFO] - Test memory reserved: 34.00 MB
2026-06-19 01:07:50 - finetune_logger - INFO - Test memory allocated: 23.73 MB
[2026-06-19 01:07:50,588][finetune_logger][INFO] - Test memory allocated: 23.73 MB
2026-06-19 01:07:50 - finetune_logger - INFO - Epoch 8/20
[2026-06-19 01:07:50,588][finetune_logger][INFO] - Epoch 8/20
2026-06-19 01:09:40 - finetune_logger - INFO - Train loss: 1.1622144846242435
[2026-06-19 01:09:40,739][finetune_logger][INFO] - Train loss: 1.1622144846242435
2026-06-19 01:09:40 - finetune_logger - INFO - Train time: 110.15054321289062s
[2026-06-19 01:09:40,739][finetune_logger][INFO] - Train time: 110.15054321289062s
2026-06-19 01:09:40 - finetune_logger - INFO - Train memory reserved: 34.00 MB
[2026-06-19 01:09:40,739][finetune_logger][INFO] - Train memory reserved: 34.00 MB
2026-06-19 01:09:40 - finetune_logger - INFO - Train memory allocated: 23.73 MB
[2026-06-19 01:09:40,739][finetune_logger][INFO] - Train memory allocated: 23.73 MB
2026-06-19 01:09:40 - finetune_logger - INFO - Current learning rate: 0.0005
[2026-06-19 01:09:40,739][finetune_logger][INFO] - Current learning rate: 0.0005
2026-06-19 01:09:56 - finetune_logger - INFO - Validation metrics: {'MAE': 2.0371400861058877, 'RMSE': 3.175385445413129}
[2026-06-19 01:09:56,590][finetune_logger][INFO] - Validation metrics: {'MAE': 2.0371400861058877, 'RMSE': 3.175385445413129}
2026-06-19 01:09:56 - finetune_logger - INFO - Val time: 15.85s
[2026-06-19 01:09:56,590][finetune_logger][INFO] - Val time: 15.85s
2026-06-19 01:09:56 - finetune_logger - INFO - Val memory reserved: 34.00 MB
[2026-06-19 01:09:56,590][finetune_logger][INFO] - Val memory reserved: 34.00 MB
2026-06-19 01:09:56 - finetune_logger - INFO - Val memory allocated: 23.73 MB
[2026-06-19 01:09:56,590][finetune_logger][INFO] - Val memory allocated: 23.73 MB
2026-06-19 01:09:56 - finetune_logger - INFO - Logged epoch 8 info to /public/home/202411094934/python_project/Spatio-Temporal-Library/time-series/2026-06-19/patchtst/finetune20/etth1/time-series/seed_0/training_log.json
[2026-06-19 01:09:56,593][finetune_logger][INFO] - Logged epoch 8 info to /public/home/202411094934/python_project/Spatio-Temporal-Library/time-series/2026-06-19/patchtst/finetune20/etth1/time-series/seed_0/training_log.json
2026-06-19 01:10:12 - finetune_logger - INFO - Test metrics: {'MAE': 1.7565321993146659, 'RMSE': 3.1596923715046397}
[2026-06-19 01:10:12,394][finetune_logger][INFO] - Test metrics: {'MAE': 1.7565321993146659, 'RMSE': 3.1596923715046397}
2026-06-19 01:10:12 - finetune_logger - INFO - Test time: 15.80s
[2026-06-19 01:10:12,395][finetune_logger][INFO] - Test time: 15.80s
2026-06-19 01:10:12 - finetune_logger - INFO - Test memory reserved: 34.00 MB
[2026-06-19 01:10:12,395][finetune_logger][INFO] - Test memory reserved: 34.00 MB
2026-06-19 01:10:12 - finetune_logger - INFO - Test memory allocated: 23.73 MB
[2026-06-19 01:10:12,395][finetune_logger][INFO] - Test memory allocated: 23.73 MB
2026-06-19 01:10:12 - finetune_logger - INFO - Epoch 9/20
[2026-06-19 01:10:12,395][finetune_logger][INFO] - Epoch 9/20
2026-06-19 01:12:02 - finetune_logger - INFO - Train loss: 1.1419388173162597
[2026-06-19 01:12:02,300][finetune_logger][INFO] - Train loss: 1.1419388173162597
2026-06-19 01:12:02 - finetune_logger - INFO - Train time: 109.90459299087524s
[2026-06-19 01:12:02,300][finetune_logger][INFO] - Train time: 109.90459299087524s
2026-06-19 01:12:02 - finetune_logger - INFO - Train memory reserved: 34.00 MB
[2026-06-19 01:12:02,300][finetune_logger][INFO] - Train memory reserved: 34.00 MB
2026-06-19 01:12:02 - finetune_logger - INFO - Train memory allocated: 23.73 MB
[2026-06-19 01:12:02,300][finetune_logger][INFO] - Train memory allocated: 23.73 MB
2026-06-19 01:12:02 - finetune_logger - INFO - Current learning rate: 0.0005
[2026-06-19 01:12:02,301][finetune_logger][INFO] - Current learning rate: 0.0005
2026-06-19 01:12:18 - finetune_logger - INFO - Validation metrics: {'MAE': 2.1619477636927678, 'RMSE': 3.411790923527311}
[2026-06-19 01:12:18,140][finetune_logger][INFO] - Validation metrics: {'MAE': 2.1619477636927678, 'RMSE': 3.411790923527311}
2026-06-19 01:12:18 - finetune_logger - INFO - Val time: 15.84s
[2026-06-19 01:12:18,140][finetune_logger][INFO] - Val time: 15.84s
2026-06-19 01:12:18 - finetune_logger - INFO - Val memory reserved: 34.00 MB
[2026-06-19 01:12:18,140][finetune_logger][INFO] - Val memory reserved: 34.00 MB
2026-06-19 01:12:18 - finetune_logger - INFO - Val memory allocated: 23.73 MB
[2026-06-19 01:12:18,140][finetune_logger][INFO] - Val memory allocated: 23.73 MB
2026-06-19 01:12:18 - finetune_logger - INFO - Logged epoch 9 info to /public/home/202411094934/python_project/Spatio-Temporal-Library/time-series/2026-06-19/patchtst/finetune20/etth1/time-series/seed_0/training_log.json
[2026-06-19 01:12:18,144][finetune_logger][INFO] - Logged epoch 9 info to /public/home/202411094934/python_project/Spatio-Temporal-Library/time-series/2026-06-19/patchtst/finetune20/etth1/time-series/seed_0/training_log.json
2026-06-19 01:12:33 - finetune_logger - INFO - Test metrics: {'MAE': 1.9378778451283774, 'RMSE': 3.610097124008912}
[2026-06-19 01:12:33,979][finetune_logger][INFO] - Test metrics: {'MAE': 1.9378778451283774, 'RMSE': 3.610097124008912}
2026-06-19 01:12:33 - finetune_logger - INFO - Test time: 15.84s
[2026-06-19 01:12:33,980][finetune_logger][INFO] - Test time: 15.84s
2026-06-19 01:12:33 - finetune_logger - INFO - Test memory reserved: 34.00 MB
[2026-06-19 01:12:33,980][finetune_logger][INFO] - Test memory reserved: 34.00 MB
2026-06-19 01:12:33 - finetune_logger - INFO - Test memory allocated: 23.73 MB
[2026-06-19 01:12:33,980][finetune_logger][INFO] - Test memory allocated: 23.73 MB
2026-06-19 01:12:33 - finetune_logger - INFO - Epoch 10/20
[2026-06-19 01:12:33,980][finetune_logger][INFO] - Epoch 10/20
2026-06-19 01:14:24 - finetune_logger - INFO - Train loss: 1.1241111275050784
[2026-06-19 01:14:24,192][finetune_logger][INFO] - Train loss: 1.1241111275050784
2026-06-19 01:14:24 - finetune_logger - INFO - Train time: 110.21168518066406s
[2026-06-19 01:14:24,193][finetune_logger][INFO] - Train time: 110.21168518066406s
2026-06-19 01:14:24 - finetune_logger - INFO - Train memory reserved: 34.00 MB
[2026-06-19 01:14:24,193][finetune_logger][INFO] - Train memory reserved: 34.00 MB
2026-06-19 01:14:24 - finetune_logger - INFO - Train memory allocated: 23.73 MB
[2026-06-19 01:14:24,193][finetune_logger][INFO] - Train memory allocated: 23.73 MB
2026-06-19 01:14:24 - finetune_logger - INFO - Current learning rate: 0.0005
[2026-06-19 01:14:24,193][finetune_logger][INFO] - Current learning rate: 0.0005
2026-06-19 01:14:40 - finetune_logger - INFO - Validation metrics: {'MAE': 2.138348903474354, 'RMSE': 3.369275268463863}
[2026-06-19 01:14:40,026][finetune_logger][INFO] - Validation metrics: {'MAE': 2.138348903474354, 'RMSE': 3.369275268463863}
2026-06-19 01:14:40 - finetune_logger - INFO - Val time: 15.83s
[2026-06-19 01:14:40,027][finetune_logger][INFO] - Val time: 15.83s
2026-06-19 01:14:40 - finetune_logger - INFO - Val memory reserved: 34.00 MB
[2026-06-19 01:14:40,027][finetune_logger][INFO] - Val memory reserved: 34.00 MB
2026-06-19 01:14:40 - finetune_logger - INFO - Val memory allocated: 23.73 MB
[2026-06-19 01:14:40,027][finetune_logger][INFO] - Val memory allocated: 23.73 MB
2026-06-19 01:14:40 - finetune_logger - INFO - Logged epoch 10 info to /public/home/202411094934/python_project/Spatio-Temporal-Library/time-series/2026-06-19/patchtst/finetune20/etth1/time-series/seed_0/training_log.json
[2026-06-19 01:14:40,030][finetune_logger][INFO] - Logged epoch 10 info to /public/home/202411094934/python_project/Spatio-Temporal-Library/time-series/2026-06-19/patchtst/finetune20/etth1/time-series/seed_0/training_log.json
2026-06-19 01:14:55 - finetune_logger - INFO - Test metrics: {'MAE': 1.9229534824008019, 'RMSE': 3.5527115252812735}
[2026-06-19 01:14:55,890][finetune_logger][INFO] - Test metrics: {'MAE': 1.9229534824008019, 'RMSE': 3.5527115252812735}
2026-06-19 01:14:55 - finetune_logger - INFO - Test time: 15.84s
[2026-06-19 01:14:55,891][finetune_logger][INFO] - Test time: 15.84s
2026-06-19 01:14:55 - finetune_logger - INFO - Test memory reserved: 34.00 MB
[2026-06-19 01:14:55,891][finetune_logger][INFO] - Test memory reserved: 34.00 MB
2026-06-19 01:14:55 - finetune_logger - INFO - Test memory allocated: 23.73 MB
[2026-06-19 01:14:55,891][finetune_logger][INFO] - Test memory allocated: 23.73 MB
2026-06-19 01:14:55 - finetune_logger - INFO - Epoch 11/20
[2026-06-19 01:14:55,891][finetune_logger][INFO] - Epoch 11/20
2026-06-19 01:16:45 - finetune_logger - INFO - Train loss: 1.0837488742832864
[2026-06-19 01:16:45,900][finetune_logger][INFO] - Train loss: 1.0837488742832864
2026-06-19 01:16:45 - finetune_logger - INFO - Train time: 110.00879907608032s
[2026-06-19 01:16:45,901][finetune_logger][INFO] - Train time: 110.00879907608032s
2026-06-19 01:16:45 - finetune_logger - INFO - Train memory reserved: 34.00 MB
[2026-06-19 01:16:45,901][finetune_logger][INFO] - Train memory reserved: 34.00 MB
2026-06-19 01:16:45 - finetune_logger - INFO - Train memory allocated: 23.73 MB
[2026-06-19 01:16:45,901][finetune_logger][INFO] - Train memory allocated: 23.73 MB
2026-06-19 01:16:45 - finetune_logger - INFO - Current learning rate: 0.00025
[2026-06-19 01:16:45,901][finetune_logger][INFO] - Current learning rate: 0.00025
2026-06-19 01:17:01 - finetune_logger - INFO - Validation metrics: {'MAE': 2.1745341130211164, 'RMSE': 3.448655055136905}
[2026-06-19 01:17:01,700][finetune_logger][INFO] - Validation metrics: {'MAE': 2.1745341130211164, 'RMSE': 3.448655055136905}
2026-06-19 01:17:01 - finetune_logger - INFO - Val time: 15.80s
[2026-06-19 01:17:01,701][finetune_logger][INFO] - Val time: 15.80s
2026-06-19 01:17:01 - finetune_logger - INFO - Val memory reserved: 34.00 MB
[2026-06-19 01:17:01,701][finetune_logger][INFO] - Val memory reserved: 34.00 MB
2026-06-19 01:17:01 - finetune_logger - INFO - Val memory allocated: 23.73 MB
[2026-06-19 01:17:01,701][finetune_logger][INFO] - Val memory allocated: 23.73 MB
2026-06-19 01:17:01 - finetune_logger - INFO - Logged epoch 11 info to /public/home/202411094934/python_project/Spatio-Temporal-Library/time-series/2026-06-19/patchtst/finetune20/etth1/time-series/seed_0/training_log.json
[2026-06-19 01:17:01,704][finetune_logger][INFO] - Logged epoch 11 info to /public/home/202411094934/python_project/Spatio-Temporal-Library/time-series/2026-06-19/patchtst/finetune20/etth1/time-series/seed_0/training_log.json
2026-06-19 01:17:17 - finetune_logger - INFO - Test metrics: {'MAE': 1.977082832972207, 'RMSE': 3.6527185205277894}
[2026-06-19 01:17:17,481][finetune_logger][INFO] - Test metrics: {'MAE': 1.977082832972207, 'RMSE': 3.6527185205277894}
2026-06-19 01:17:17 - finetune_logger - INFO - Test time: 15.78s
[2026-06-19 01:17:17,482][finetune_logger][INFO] - Test time: 15.78s
2026-06-19 01:17:17 - finetune_logger - INFO - Test memory reserved: 34.00 MB
[2026-06-19 01:17:17,482][finetune_logger][INFO] - Test memory reserved: 34.00 MB
2026-06-19 01:17:17 - finetune_logger - INFO - Test memory allocated: 23.73 MB
[2026-06-19 01:17:17,482][finetune_logger][INFO] - Test memory allocated: 23.73 MB
2026-06-19 01:17:17 - finetune_logger - INFO - Epoch 12/20
[2026-06-19 01:17:17,482][finetune_logger][INFO] - Epoch 12/20
2026-06-19 01:19:07 - finetune_logger - INFO - Train loss: 1.0721443109023225
[2026-06-19 01:19:07,331][finetune_logger][INFO] - Train loss: 1.0721443109023225
2026-06-19 01:19:07 - finetune_logger - INFO - Train time: 109.84914636611938s
[2026-06-19 01:19:07,332][finetune_logger][INFO] - Train time: 109.84914636611938s
2026-06-19 01:19:07 - finetune_logger - INFO - Train memory reserved: 34.00 MB
[2026-06-19 01:19:07,332][finetune_logger][INFO] - Train memory reserved: 34.00 MB
2026-06-19 01:19:07 - finetune_logger - INFO - Train memory allocated: 23.73 MB
[2026-06-19 01:19:07,332][finetune_logger][INFO] - Train memory allocated: 23.73 MB
2026-06-19 01:19:07 - finetune_logger - INFO - Current learning rate: 0.00025
[2026-06-19 01:19:07,332][finetune_logger][INFO] - Current learning rate: 0.00025
2026-06-19 01:19:23 - finetune_logger - INFO - Validation metrics: {'MAE': 2.0845001240230694, 'RMSE': 3.2699055357887543}
[2026-06-19 01:19:23,104][finetune_logger][INFO] - Validation metrics: {'MAE': 2.0845001240230694, 'RMSE': 3.2699055357887543}
2026-06-19 01:19:23 - finetune_logger - INFO - Val time: 15.77s
[2026-06-19 01:19:23,105][finetune_logger][INFO] - Val time: 15.77s
2026-06-19 01:19:23 - finetune_logger - INFO - Val memory reserved: 34.00 MB
[2026-06-19 01:19:23,105][finetune_logger][INFO] - Val memory reserved: 34.00 MB
2026-06-19 01:19:23 - finetune_logger - INFO - Val memory allocated: 23.73 MB
[2026-06-19 01:19:23,105][finetune_logger][INFO] - Val memory allocated: 23.73 MB
2026-06-19 01:19:23 - finetune_logger - INFO - Logged epoch 12 info to /public/home/202411094934/python_project/Spatio-Temporal-Library/time-series/2026-06-19/patchtst/finetune20/etth1/time-series/seed_0/training_log.json
[2026-06-19 01:19:23,108][finetune_logger][INFO] - Logged epoch 12 info to /public/home/202411094934/python_project/Spatio-Temporal-Library/time-series/2026-06-19/patchtst/finetune20/etth1/time-series/seed_0/training_log.json
2026-06-19 01:19:38 - finetune_logger - INFO - Test metrics: {'MAE': 1.8422887540998913, 'RMSE': 3.269721228417896}
[2026-06-19 01:19:38,890][finetune_logger][INFO] - Test metrics: {'MAE': 1.8422887540998913, 'RMSE': 3.269721228417896}
2026-06-19 01:19:38 - finetune_logger - INFO - Test time: 15.78s
[2026-06-19 01:19:38,890][finetune_logger][INFO] - Test time: 15.78s
2026-06-19 01:19:38 - finetune_logger - INFO - Test memory reserved: 34.00 MB
[2026-06-19 01:19:38,890][finetune_logger][INFO] - Test memory reserved: 34.00 MB
2026-06-19 01:19:38 - finetune_logger - INFO - Test memory allocated: 23.73 MB
[2026-06-19 01:19:38,891][finetune_logger][INFO] - Test memory allocated: 23.73 MB
2026-06-19 01:19:38 - finetune_logger - INFO - Epoch 13/20
[2026-06-19 01:19:38,891][finetune_logger][INFO] - Epoch 13/20
2026-06-19 01:21:29 - finetune_logger - INFO - Train loss: 1.0642352402743365
[2026-06-19 01:21:29,010][finetune_logger][INFO] - Train loss: 1.0642352402743365
2026-06-19 01:21:29 - finetune_logger - INFO - Train time: 110.1185929775238s
[2026-06-19 01:21:29,010][finetune_logger][INFO] - Train time: 110.1185929775238s
2026-06-19 01:21:29 - finetune_logger - INFO - Train memory reserved: 34.00 MB
[2026-06-19 01:21:29,010][finetune_logger][INFO] - Train memory reserved: 34.00 MB
2026-06-19 01:21:29 - finetune_logger - INFO - Train memory allocated: 23.73 MB
[2026-06-19 01:21:29,010][finetune_logger][INFO] - Train memory allocated: 23.73 MB
2026-06-19 01:21:29 - finetune_logger - INFO - Current learning rate: 0.00025
[2026-06-19 01:21:29,010][finetune_logger][INFO] - Current learning rate: 0.00025
2026-06-19 01:21:44 - finetune_logger - INFO - Validation metrics: {'MAE': 2.1732543534551345, 'RMSE': 3.4386567519959907}
[2026-06-19 01:21:44,853][finetune_logger][INFO] - Validation metrics: {'MAE': 2.1732543534551345, 'RMSE': 3.4386567519959907}
2026-06-19 01:21:44 - finetune_logger - INFO - Val time: 15.84s
[2026-06-19 01:21:44,853][finetune_logger][INFO] - Val time: 15.84s
2026-06-19 01:21:44 - finetune_logger - INFO - Val memory reserved: 34.00 MB
[2026-06-19 01:21:44,853][finetune_logger][INFO] - Val memory reserved: 34.00 MB
2026-06-19 01:21:44 - finetune_logger - INFO - Val memory allocated: 23.73 MB
[2026-06-19 01:21:44,854][finetune_logger][INFO] - Val memory allocated: 23.73 MB
2026-06-19 01:21:44 - finetune_logger - INFO - Logged epoch 13 info to /public/home/202411094934/python_project/Spatio-Temporal-Library/time-series/2026-06-19/patchtst/finetune20/etth1/time-series/seed_0/training_log.json
[2026-06-19 01:21:44,857][finetune_logger][INFO] - Logged epoch 13 info to /public/home/202411094934/python_project/Spatio-Temporal-Library/time-series/2026-06-19/patchtst/finetune20/etth1/time-series/seed_0/training_log.json
2026-06-19 01:22:00 - finetune_logger - INFO - Test metrics: {'MAE': 1.9660815939222038, 'RMSE': 3.635934185255145}
[2026-06-19 01:22:00,664][finetune_logger][INFO] - Test metrics: {'MAE': 1.9660815939222038, 'RMSE': 3.635934185255145}
2026-06-19 01:22:00 - finetune_logger - INFO - Test time: 15.81s
[2026-06-19 01:22:00,665][finetune_logger][INFO] - Test time: 15.81s
2026-06-19 01:22:00 - finetune_logger - INFO - Test memory reserved: 34.00 MB
[2026-06-19 01:22:00,665][finetune_logger][INFO] - Test memory reserved: 34.00 MB
2026-06-19 01:22:00 - finetune_logger - INFO - Test memory allocated: 23.73 MB
[2026-06-19 01:22:00,665][finetune_logger][INFO] - Test memory allocated: 23.73 MB
2026-06-19 01:22:00 - finetune_logger - INFO - Epoch 14/20
[2026-06-19 01:22:00,665][finetune_logger][INFO] - Epoch 14/20
2026-06-19 01:23:50 - finetune_logger - INFO - Train loss: 1.0558434689194276
[2026-06-19 01:23:50,377][finetune_logger][INFO] - Train loss: 1.0558434689194276
2026-06-19 01:23:50 - finetune_logger - INFO - Train time: 109.71112775802612s
[2026-06-19 01:23:50,377][finetune_logger][INFO] - Train time: 109.71112775802612s
2026-06-19 01:23:50 - finetune_logger - INFO - Train memory reserved: 34.00 MB
[2026-06-19 01:23:50,377][finetune_logger][INFO] - Train memory reserved: 34.00 MB
2026-06-19 01:23:50 - finetune_logger - INFO - Train memory allocated: 23.73 MB
[2026-06-19 01:23:50,377][finetune_logger][INFO] - Train memory allocated: 23.73 MB
2026-06-19 01:23:50 - finetune_logger - INFO - Current learning rate: 0.00025
[2026-06-19 01:23:50,377][finetune_logger][INFO] - Current learning rate: 0.00025
2026-06-19 01:24:06 - finetune_logger - INFO - Validation metrics: {'MAE': 2.152177480584091, 'RMSE': 3.3926645911988738}
[2026-06-19 01:24:06,213][finetune_logger][INFO] - Validation metrics: {'MAE': 2.152177480584091, 'RMSE': 3.3926645911988738}
2026-06-19 01:24:06 - finetune_logger - INFO - Val time: 15.84s
[2026-06-19 01:24:06,213][finetune_logger][INFO] - Val time: 15.84s
2026-06-19 01:24:06 - finetune_logger - INFO - Val memory reserved: 34.00 MB
[2026-06-19 01:24:06,213][finetune_logger][INFO] - Val memory reserved: 34.00 MB
2026-06-19 01:24:06 - finetune_logger - INFO - Val memory allocated: 23.73 MB
[2026-06-19 01:24:06,214][finetune_logger][INFO] - Val memory allocated: 23.73 MB
2026-06-19 01:24:06 - finetune_logger - INFO - Logged epoch 14 info to /public/home/202411094934/python_project/Spatio-Temporal-Library/time-series/2026-06-19/patchtst/finetune20/etth1/time-series/seed_0/training_log.json
[2026-06-19 01:24:06,217][finetune_logger][INFO] - Logged epoch 14 info to /public/home/202411094934/python_project/Spatio-Temporal-Library/time-series/2026-06-19/patchtst/finetune20/etth1/time-series/seed_0/training_log.json
2026-06-19 01:24:22 - finetune_logger - INFO - Test metrics: {'MAE': 1.9454903558095307, 'RMSE': 3.540609066009527}
[2026-06-19 01:24:22,001][finetune_logger][INFO] - Test metrics: {'MAE': 1.9454903558095307, 'RMSE': 3.540609066009527}
2026-06-19 01:24:22 - finetune_logger - INFO - Test time: 15.78s
[2026-06-19 01:24:22,001][finetune_logger][INFO] - Test time: 15.78s
2026-06-19 01:24:22 - finetune_logger - INFO - Test memory reserved: 34.00 MB
[2026-06-19 01:24:22,002][finetune_logger][INFO] - Test memory reserved: 34.00 MB
2026-06-19 01:24:22 - finetune_logger - INFO - Test memory allocated: 23.73 MB
[2026-06-19 01:24:22,002][finetune_logger][INFO] - Test memory allocated: 23.73 MB
2026-06-19 01:24:22 - finetune_logger - INFO - Epoch 15/20
[2026-06-19 01:24:22,002][finetune_logger][INFO] - Epoch 15/20
2026-06-19 01:26:12 - finetune_logger - INFO - Train loss: 1.04838369913448
[2026-06-19 01:26:12,018][finetune_logger][INFO] - Train loss: 1.04838369913448
2026-06-19 01:26:12 - finetune_logger - INFO - Train time: 110.01618790626526s
[2026-06-19 01:26:12,019][finetune_logger][INFO] - Train time: 110.01618790626526s
2026-06-19 01:26:12 - finetune_logger - INFO - Train memory reserved: 34.00 MB
[2026-06-19 01:26:12,019][finetune_logger][INFO] - Train memory reserved: 34.00 MB
2026-06-19 01:26:12 - finetune_logger - INFO - Train memory allocated: 23.73 MB
[2026-06-19 01:26:12,019][finetune_logger][INFO] - Train memory allocated: 23.73 MB
2026-06-19 01:26:12 - finetune_logger - INFO - Current learning rate: 0.00025
[2026-06-19 01:26:12,019][finetune_logger][INFO] - Current learning rate: 0.00025
2026-06-19 01:26:27 - finetune_logger - INFO - Validation metrics: {'MAE': 2.102573238350098, 'RMSE': 3.2838032920928124}
[2026-06-19 01:26:27,858][finetune_logger][INFO] - Validation metrics: {'MAE': 2.102573238350098, 'RMSE': 3.2838032920928124}
2026-06-19 01:26:27 - finetune_logger - INFO - Val time: 15.84s
[2026-06-19 01:26:27,858][finetune_logger][INFO] - Val time: 15.84s
2026-06-19 01:26:27 - finetune_logger - INFO - Val memory reserved: 34.00 MB
[2026-06-19 01:26:27,858][finetune_logger][INFO] - Val memory reserved: 34.00 MB
2026-06-19 01:26:27 - finetune_logger - INFO - Val memory allocated: 23.73 MB
[2026-06-19 01:26:27,858][finetune_logger][INFO] - Val memory allocated: 23.73 MB
2026-06-19 01:26:27 - finetune_logger - INFO - Logged epoch 15 info to /public/home/202411094934/python_project/Spatio-Temporal-Library/time-series/2026-06-19/patchtst/finetune20/etth1/time-series/seed_0/training_log.json
[2026-06-19 01:26:27,862][finetune_logger][INFO] - Logged epoch 15 info to /public/home/202411094934/python_project/Spatio-Temporal-Library/time-series/2026-06-19/patchtst/finetune20/etth1/time-series/seed_0/training_log.json
2026-06-19 01:26:43 - finetune_logger - INFO - Test metrics: {'MAE': 1.7821551222574112, 'RMSE': 3.277691644577746}
[2026-06-19 01:26:43,698][finetune_logger][INFO] - Test metrics: {'MAE': 1.7821551222574112, 'RMSE': 3.277691644577746}
2026-06-19 01:26:43 - finetune_logger - INFO - Test time: 15.84s
[2026-06-19 01:26:43,698][finetune_logger][INFO] - Test time: 15.84s
2026-06-19 01:26:43 - finetune_logger - INFO - Test memory reserved: 34.00 MB
[2026-06-19 01:26:43,698][finetune_logger][INFO] - Test memory reserved: 34.00 MB
2026-06-19 01:26:43 - finetune_logger - INFO - Test memory allocated: 23.73 MB
[2026-06-19 01:26:43,698][finetune_logger][INFO] - Test memory allocated: 23.73 MB
2026-06-19 01:26:43 - finetune_logger - INFO - Epoch 16/20
[2026-06-19 01:26:43,698][finetune_logger][INFO] - Epoch 16/20
2026-06-19 01:28:33 - finetune_logger - INFO - Train loss: 1.0408027592768734
[2026-06-19 01:28:33,549][finetune_logger][INFO] - Train loss: 1.0408027592768734
2026-06-19 01:28:33 - finetune_logger - INFO - Train time: 109.85010576248169s
[2026-06-19 01:28:33,549][finetune_logger][INFO] - Train time: 109.85010576248169s
2026-06-19 01:28:33 - finetune_logger - INFO - Train memory reserved: 34.00 MB
[2026-06-19 01:28:33,549][finetune_logger][INFO] - Train memory reserved: 34.00 MB
2026-06-19 01:28:33 - finetune_logger - INFO - Train memory allocated: 23.73 MB
[2026-06-19 01:28:33,550][finetune_logger][INFO] - Train memory allocated: 23.73 MB
2026-06-19 01:28:33 - finetune_logger - INFO - Current learning rate: 0.00025
[2026-06-19 01:28:33,550][finetune_logger][INFO] - Current learning rate: 0.00025
2026-06-19 01:28:49 - finetune_logger - INFO - Validation metrics: {'MAE': 2.1688125917343872, 'RMSE': 3.432105127470817}
[2026-06-19 01:28:49,436][finetune_logger][INFO] - Validation metrics: {'MAE': 2.1688125917343872, 'RMSE': 3.432105127470817}
2026-06-19 01:28:49 - finetune_logger - INFO - Val time: 15.89s
[2026-06-19 01:28:49,436][finetune_logger][INFO] - Val time: 15.89s
2026-06-19 01:28:49 - finetune_logger - INFO - Val memory reserved: 34.00 MB
[2026-06-19 01:28:49,437][finetune_logger][INFO] - Val memory reserved: 34.00 MB
2026-06-19 01:28:49 - finetune_logger - INFO - Val memory allocated: 23.73 MB
[2026-06-19 01:28:49,437][finetune_logger][INFO] - Val memory allocated: 23.73 MB
2026-06-19 01:28:49 - finetune_logger - INFO - Logged epoch 16 info to /public/home/202411094934/python_project/Spatio-Temporal-Library/time-series/2026-06-19/patchtst/finetune20/etth1/time-series/seed_0/training_log.json
[2026-06-19 01:28:49,440][finetune_logger][INFO] - Logged epoch 16 info to /public/home/202411094934/python_project/Spatio-Temporal-Library/time-series/2026-06-19/patchtst/finetune20/etth1/time-series/seed_0/training_log.json
2026-06-19 01:29:05 - finetune_logger - INFO - Test metrics: {'MAE': 1.9882283730279835, 'RMSE': 3.6418199614570184}
[2026-06-19 01:29:05,211][finetune_logger][INFO] - Test metrics: {'MAE': 1.9882283730279835, 'RMSE': 3.6418199614570184}
2026-06-19 01:29:05 - finetune_logger - INFO - Test time: 15.77s
[2026-06-19 01:29:05,211][finetune_logger][INFO] - Test time: 15.77s
2026-06-19 01:29:05 - finetune_logger - INFO - Test memory reserved: 34.00 MB
[2026-06-19 01:29:05,212][finetune_logger][INFO] - Test memory reserved: 34.00 MB
2026-06-19 01:29:05 - finetune_logger - INFO - Test memory allocated: 23.73 MB
[2026-06-19 01:29:05,212][finetune_logger][INFO] - Test memory allocated: 23.73 MB
2026-06-19 01:29:05 - finetune_logger - INFO - Epoch 17/20
[2026-06-19 01:29:05,212][finetune_logger][INFO] - Epoch 17/20
2026-06-19 01:30:55 - finetune_logger - INFO - Train loss: 1.0324987663494796
[2026-06-19 01:30:55,067][finetune_logger][INFO] - Train loss: 1.0324987663494796
2026-06-19 01:30:55 - finetune_logger - INFO - Train time: 109.8550910949707s
[2026-06-19 01:30:55,068][finetune_logger][INFO] - Train time: 109.8550910949707s
2026-06-19 01:30:55 - finetune_logger - INFO - Train memory reserved: 34.00 MB
[2026-06-19 01:30:55,068][finetune_logger][INFO] - Train memory reserved: 34.00 MB
2026-06-19 01:30:55 - finetune_logger - INFO - Train memory allocated: 23.73 MB
[2026-06-19 01:30:55,068][finetune_logger][INFO] - Train memory allocated: 23.73 MB
2026-06-19 01:30:55 - finetune_logger - INFO - Current learning rate: 0.00025
[2026-06-19 01:30:55,068][finetune_logger][INFO] - Current learning rate: 0.00025
2026-06-19 01:31:10 - finetune_logger - INFO - Validation metrics: {'MAE': 2.165396796567104, 'RMSE': 3.41577102497645}
[2026-06-19 01:31:10,886][finetune_logger][INFO] - Validation metrics: {'MAE': 2.165396796567104, 'RMSE': 3.41577102497645}
2026-06-19 01:31:10 - finetune_logger - INFO - Val time: 15.82s
[2026-06-19 01:31:10,886][finetune_logger][INFO] - Val time: 15.82s
2026-06-19 01:31:10 - finetune_logger - INFO - Val memory reserved: 34.00 MB
[2026-06-19 01:31:10,886][finetune_logger][INFO] - Val memory reserved: 34.00 MB
2026-06-19 01:31:10 - finetune_logger - INFO - Val memory allocated: 23.73 MB
[2026-06-19 01:31:10,886][finetune_logger][INFO] - Val memory allocated: 23.73 MB
2026-06-19 01:31:10 - finetune_logger - INFO - Logged epoch 17 info to /public/home/202411094934/python_project/Spatio-Temporal-Library/time-series/2026-06-19/patchtst/finetune20/etth1/time-series/seed_0/training_log.json
[2026-06-19 01:31:10,890][finetune_logger][INFO] - Logged epoch 17 info to /public/home/202411094934/python_project/Spatio-Temporal-Library/time-series/2026-06-19/patchtst/finetune20/etth1/time-series/seed_0/training_log.json
2026-06-19 01:31:26 - finetune_logger - INFO - Test metrics: {'MAE': 1.8662987945647491, 'RMSE': 3.427714063417342}
[2026-06-19 01:31:26,722][finetune_logger][INFO] - Test metrics: {'MAE': 1.8662987945647491, 'RMSE': 3.427714063417342}
2026-06-19 01:31:26 - finetune_logger - INFO - Test time: 15.83s
[2026-06-19 01:31:26,722][finetune_logger][INFO] - Test time: 15.83s
2026-06-19 01:31:26 - finetune_logger - INFO - Test memory reserved: 34.00 MB
[2026-06-19 01:31:26,722][finetune_logger][INFO] - Test memory reserved: 34.00 MB
2026-06-19 01:31:26 - finetune_logger - INFO - Test memory allocated: 23.73 MB
[2026-06-19 01:31:26,723][finetune_logger][INFO] - Test memory allocated: 23.73 MB
2026-06-19 01:31:26 - finetune_logger - INFO - Epoch 18/20
[2026-06-19 01:31:26,723][finetune_logger][INFO] - Epoch 18/20
2026-06-19 01:33:16 - finetune_logger - INFO - Train loss: 1.0274862461525114
[2026-06-19 01:33:16,780][finetune_logger][INFO] - Train loss: 1.0274862461525114
2026-06-19 01:33:16 - finetune_logger - INFO - Train time: 110.05723524093628s
[2026-06-19 01:33:16,781][finetune_logger][INFO] - Train time: 110.05723524093628s
2026-06-19 01:33:16 - finetune_logger - INFO - Train memory reserved: 34.00 MB
[2026-06-19 01:33:16,781][finetune_logger][INFO] - Train memory reserved: 34.00 MB
2026-06-19 01:33:16 - finetune_logger - INFO - Train memory allocated: 23.73 MB
[2026-06-19 01:33:16,781][finetune_logger][INFO] - Train memory allocated: 23.73 MB
2026-06-19 01:33:16 - finetune_logger - INFO - Current learning rate: 0.00025
[2026-06-19 01:33:16,781][finetune_logger][INFO] - Current learning rate: 0.00025
2026-06-19 01:33:32 - finetune_logger - INFO - Validation metrics: {'MAE': 2.1410471116701624, 'RMSE': 3.3566532195863332}
[2026-06-19 01:33:32,650][finetune_logger][INFO] - Validation metrics: {'MAE': 2.1410471116701624, 'RMSE': 3.3566532195863332}
2026-06-19 01:33:32 - finetune_logger - INFO - Val time: 15.87s
[2026-06-19 01:33:32,650][finetune_logger][INFO] - Val time: 15.87s
2026-06-19 01:33:32 - finetune_logger - INFO - Val memory reserved: 34.00 MB
[2026-06-19 01:33:32,650][finetune_logger][INFO] - Val memory reserved: 34.00 MB
2026-06-19 01:33:32 - finetune_logger - INFO - Val memory allocated: 23.73 MB
[2026-06-19 01:33:32,650][finetune_logger][INFO] - Val memory allocated: 23.73 MB
2026-06-19 01:33:32 - finetune_logger - INFO - Logged epoch 18 info to /public/home/202411094934/python_project/Spatio-Temporal-Library/time-series/2026-06-19/patchtst/finetune20/etth1/time-series/seed_0/training_log.json
[2026-06-19 01:33:32,654][finetune_logger][INFO] - Logged epoch 18 info to /public/home/202411094934/python_project/Spatio-Temporal-Library/time-series/2026-06-19/patchtst/finetune20/etth1/time-series/seed_0/training_log.json
2026-06-19 01:33:48 - finetune_logger - INFO - Test metrics: {'MAE': 1.8882266025543164, 'RMSE': 3.4310161869412332}
[2026-06-19 01:33:48,420][finetune_logger][INFO] - Test metrics: {'MAE': 1.8882266025543164, 'RMSE': 3.4310161869412332}
2026-06-19 01:33:48 - finetune_logger - INFO - Test time: 15.77s
[2026-06-19 01:33:48,421][finetune_logger][INFO] - Test time: 15.77s
2026-06-19 01:33:48 - finetune_logger - INFO - Test memory reserved: 34.00 MB
[2026-06-19 01:33:48,421][finetune_logger][INFO] - Test memory reserved: 34.00 MB
2026-06-19 01:33:48 - finetune_logger - INFO - Test memory allocated: 23.73 MB
[2026-06-19 01:33:48,421][finetune_logger][INFO] - Test memory allocated: 23.73 MB
2026-06-19 01:33:48 - finetune_logger - INFO - Epoch 19/20
[2026-06-19 01:33:48,421][finetune_logger][INFO] - Epoch 19/20
2026-06-19 01:35:38 - finetune_logger - INFO - Train loss: 1.02110163310346
[2026-06-19 01:35:38,479][finetune_logger][INFO] - Train loss: 1.02110163310346
2026-06-19 01:35:38 - finetune_logger - INFO - Train time: 110.05783486366272s
[2026-06-19 01:35:38,480][finetune_logger][INFO] - Train time: 110.05783486366272s
2026-06-19 01:35:38 - finetune_logger - INFO - Train memory reserved: 34.00 MB
[2026-06-19 01:35:38,480][finetune_logger][INFO] - Train memory reserved: 34.00 MB
2026-06-19 01:35:38 - finetune_logger - INFO - Train memory allocated: 23.73 MB
[2026-06-19 01:35:38,480][finetune_logger][INFO] - Train memory allocated: 23.73 MB
2026-06-19 01:35:38 - finetune_logger - INFO - Current learning rate: 0.00025
[2026-06-19 01:35:38,480][finetune_logger][INFO] - Current learning rate: 0.00025
2026-06-19 01:35:54 - finetune_logger - INFO - Validation metrics: {'MAE': 2.1719787057467745, 'RMSE': 3.402766764913282}
[2026-06-19 01:35:54,297][finetune_logger][INFO] - Validation metrics: {'MAE': 2.1719787057467745, 'RMSE': 3.402766764913282}
2026-06-19 01:35:54 - finetune_logger - INFO - Val time: 15.82s
[2026-06-19 01:35:54,297][finetune_logger][INFO] - Val time: 15.82s
2026-06-19 01:35:54 - finetune_logger - INFO - Val memory reserved: 34.00 MB
[2026-06-19 01:35:54,297][finetune_logger][INFO] - Val memory reserved: 34.00 MB
2026-06-19 01:35:54 - finetune_logger - INFO - Val memory allocated: 23.73 MB
[2026-06-19 01:35:54,297][finetune_logger][INFO] - Val memory allocated: 23.73 MB
2026-06-19 01:35:54 - finetune_logger - INFO - Logged epoch 19 info to /public/home/202411094934/python_project/Spatio-Temporal-Library/time-series/2026-06-19/patchtst/finetune20/etth1/time-series/seed_0/training_log.json
[2026-06-19 01:35:54,301][finetune_logger][INFO] - Logged epoch 19 info to /public/home/202411094934/python_project/Spatio-Temporal-Library/time-series/2026-06-19/patchtst/finetune20/etth1/time-series/seed_0/training_log.json
2026-06-19 01:36:10 - finetune_logger - INFO - Test metrics: {'MAE': 1.8842346802666115, 'RMSE': 3.463987128757299}
[2026-06-19 01:36:10,097][finetune_logger][INFO] - Test metrics: {'MAE': 1.8842346802666115, 'RMSE': 3.463987128757299}
2026-06-19 01:36:10 - finetune_logger - INFO - Test time: 15.80s
[2026-06-19 01:36:10,097][finetune_logger][INFO] - Test time: 15.80s
2026-06-19 01:36:10 - finetune_logger - INFO - Test memory reserved: 34.00 MB
[2026-06-19 01:36:10,097][finetune_logger][INFO] - Test memory reserved: 34.00 MB
2026-06-19 01:36:10 - finetune_logger - INFO - Test memory allocated: 23.73 MB
[2026-06-19 01:36:10,098][finetune_logger][INFO] - Test memory allocated: 23.73 MB
2026-06-19 01:36:10 - finetune_logger - INFO - Epoch 20/20
[2026-06-19 01:36:10,098][finetune_logger][INFO] - Epoch 20/20
2026-06-19 01:38:00 - finetune_logger - INFO - Train loss: 1.0152899199820162
[2026-06-19 01:38:00,024][finetune_logger][INFO] - Train loss: 1.0152899199820162
2026-06-19 01:38:00 - finetune_logger - INFO - Train time: 109.92572450637817s
[2026-06-19 01:38:00,024][finetune_logger][INFO] - Train time: 109.92572450637817s
2026-06-19 01:38:00 - finetune_logger - INFO - Train memory reserved: 34.00 MB
[2026-06-19 01:38:00,024][finetune_logger][INFO] - Train memory reserved: 34.00 MB
2026-06-19 01:38:00 - finetune_logger - INFO - Train memory allocated: 23.73 MB
[2026-06-19 01:38:00,024][finetune_logger][INFO] - Train memory allocated: 23.73 MB
2026-06-19 01:38:00 - finetune_logger - INFO - Current learning rate: 0.00025
[2026-06-19 01:38:00,024][finetune_logger][INFO] - Current learning rate: 0.00025
2026-06-19 01:38:15 - finetune_logger - INFO - Validation metrics: {'MAE': 2.16342381014143, 'RMSE': 3.416932168461027}
[2026-06-19 01:38:15,829][finetune_logger][INFO] - Validation metrics: {'MAE': 2.16342381014143, 'RMSE': 3.416932168461027}
2026-06-19 01:38:15 - finetune_logger - INFO - Val time: 15.80s
[2026-06-19 01:38:15,830][finetune_logger][INFO] - Val time: 15.80s
2026-06-19 01:38:15 - finetune_logger - INFO - Val memory reserved: 34.00 MB
[2026-06-19 01:38:15,830][finetune_logger][INFO] - Val memory reserved: 34.00 MB
2026-06-19 01:38:15 - finetune_logger - INFO - Val memory allocated: 23.73 MB
[2026-06-19 01:38:15,830][finetune_logger][INFO] - Val memory allocated: 23.73 MB
2026-06-19 01:38:15 - finetune_logger - INFO - Logged epoch 20 info to /public/home/202411094934/python_project/Spatio-Temporal-Library/time-series/2026-06-19/patchtst/finetune20/etth1/time-series/seed_0/training_log.json
[2026-06-19 01:38:15,833][finetune_logger][INFO] - Logged epoch 20 info to /public/home/202411094934/python_project/Spatio-Temporal-Library/time-series/2026-06-19/patchtst/finetune20/etth1/time-series/seed_0/training_log.json
2026-06-19 01:38:31 - finetune_logger - INFO - Test metrics: {'MAE': 1.9167215822764763, 'RMSE': 3.526620461100611}
[2026-06-19 01:38:31,669][finetune_logger][INFO] - Test metrics: {'MAE': 1.9167215822764763, 'RMSE': 3.526620461100611}
2026-06-19 01:38:31 - finetune_logger - INFO - Test time: 15.81s
[2026-06-19 01:38:31,670][finetune_logger][INFO] - Test time: 15.81s
2026-06-19 01:38:31 - finetune_logger - INFO - Test memory reserved: 34.00 MB
[2026-06-19 01:38:31,670][finetune_logger][INFO] - Test memory reserved: 34.00 MB
2026-06-19 01:38:31 - finetune_logger - INFO - Test memory allocated: 23.73 MB
[2026-06-19 01:38:31,670][finetune_logger][INFO] - Test memory allocated: 23.73 MB
2026-06-19 01:38:31 - finetune_logger - INFO - Training completed. Best epoch: 2, Best val loss: 1.958620
[2026-06-19 01:38:31,670][finetune_logger][INFO] - Training completed. Best epoch: 2, Best val loss: 1.958620
2026-06-19 01:38:31 - finetune_logger - INFO - Loaded checkpoint from epoch 2
[2026-06-19 01:38:31,711][finetune_logger][INFO] - Loaded checkpoint from epoch 2
2026-06-19 01:38:31 - finetune_logger - INFO - Evaluating best model on test sets...
[2026-06-19 01:38:31,711][finetune_logger][INFO] - Evaluating best model on test sets...
2026-06-19 01:38:47 - finetune_logger - INFO - Test metrics: {'MAE': 1.7317445049285842, 'RMSE': 3.169264048167642}
[2026-06-19 01:38:47,485][finetune_logger][INFO] - Test metrics: {'MAE': 1.7317445049285842, 'RMSE': 3.169264048167642}
2026-06-19 01:38:47 - finetune_logger - INFO - Test time: 15.77s
[2026-06-19 01:38:47,486][finetune_logger][INFO] - Test time: 15.77s
2026-06-19 01:38:47 - finetune_logger - INFO - Test memory reserved: 36.00 MB
[2026-06-19 01:38:47,486][finetune_logger][INFO] - Test memory reserved: 36.00 MB
2026-06-19 01:38:47 - finetune_logger - INFO - Test memory allocated: 23.76 MB
[2026-06-19 01:38:47,486][finetune_logger][INFO] - Test memory allocated: 23.76 MB
2026-06-19 01:38:47 - finetune_logger - INFO - Logged epoch test info to /public/home/202411094934/python_project/Spatio-Temporal-Library/time-series/2026-06-19/patchtst/finetune20/etth1/time-series/seed_0/training_log.json
[2026-06-19 01:38:47,489][finetune_logger][INFO] - Logged epoch test info to /public/home/202411094934/python_project/Spatio-Temporal-Library/time-series/2026-06-19/patchtst/finetune20/etth1/time-series/seed_0/training_log.json
