2026-06-21 13:11:17 - pretrain_logger - INFO - Model parameters: 450,049
[2026-06-21 13:11:17,445][pretrain_logger][INFO] - Model parameters: 450,049
2026-06-21 13:11:17 - pretrain_logger - INFO - Created new log file at /public/home/202411094934/python_project/Spatio-Temporal-Library/time-series/2026-06-21/autoformer/pretrain10/electricity/time-series/seed_0/training_log.json
[2026-06-21 13:11:17,457][pretrain_logger][INFO] - Created new log file at /public/home/202411094934/python_project/Spatio-Temporal-Library/time-series/2026-06-21/autoformer/pretrain10/electricity/time-series/seed_0/training_log.json
2026-06-21 13:11:17 - pretrain_logger - INFO - Starting JEPA pretraining...
[2026-06-21 13:11:17,457][pretrain_logger][INFO] - Starting JEPA pretraining...
2026-06-21 13:12:13 - pretrain_logger - INFO - Model parameters: 450,049
[2026-06-21 13:12:13,628][pretrain_logger][INFO] - Model parameters: 450,049
2026-06-21 13:12:13 - pretrain_logger - INFO - Log file already exists at /public/home/202411094934/python_project/Spatio-Temporal-Library/time-series/2026-06-21/autoformer/pretrain10/electricity/time-series/seed_0/training_log.json, appending to it.
[2026-06-21 13:12:13,640][pretrain_logger][INFO] - Log file already exists at /public/home/202411094934/python_project/Spatio-Temporal-Library/time-series/2026-06-21/autoformer/pretrain10/electricity/time-series/seed_0/training_log.json, appending to it.
2026-06-21 13:12:13 - pretrain_logger - INFO - Starting JEPA pretraining...
[2026-06-21 13:12:13,640][pretrain_logger][INFO] - Starting JEPA pretraining...
2026-06-21 13:13:20 - pretrain_logger - INFO - Model parameters: 450,049
[2026-06-21 13:13:20,540][pretrain_logger][INFO] - Model parameters: 450,049
2026-06-21 13:13:20 - pretrain_logger - INFO - Log file already exists at /public/home/202411094934/python_project/Spatio-Temporal-Library/time-series/2026-06-21/autoformer/pretrain10/electricity/time-series/seed_0/training_log.json, appending to it.
[2026-06-21 13:13:20,543][pretrain_logger][INFO] - Log file already exists at /public/home/202411094934/python_project/Spatio-Temporal-Library/time-series/2026-06-21/autoformer/pretrain10/electricity/time-series/seed_0/training_log.json, appending to it.
2026-06-21 13:13:20 - pretrain_logger - INFO - Starting JEPA pretraining...
[2026-06-21 13:13:20,543][pretrain_logger][INFO] - Starting JEPA pretraining...
2026-06-21 13:24:01 - pretrain_logger - INFO - [JEPA Pretrain] Epoch 1/10, loss=0.880917, time=640.60s
[2026-06-21 13:24:01,143][pretrain_logger][INFO] - [JEPA Pretrain] Epoch 1/10, loss=0.880917, time=640.60s
2026-06-21 13:24:01 - pretrain_logger - INFO - Pretrain loss: 0.8809169316883331
[2026-06-21 13:24:01,144][pretrain_logger][INFO] - Pretrain loss: 0.8809169316883331
2026-06-21 13:24:01 - pretrain_logger - INFO - Pretrain time: 640.6001195907593s
[2026-06-21 13:24:01,144][pretrain_logger][INFO] - Pretrain time: 640.6001195907593s
2026-06-21 13:24:01 - pretrain_logger - INFO - Pretrain memory reserved: 54.00 MB
[2026-06-21 13:24:01,144][pretrain_logger][INFO] - Pretrain memory reserved: 54.00 MB
2026-06-21 13:24:01 - pretrain_logger - INFO - Pretrain memory allocated: 21.53 MB
[2026-06-21 13:24:01,144][pretrain_logger][INFO] - Pretrain memory allocated: 21.53 MB
2026-06-21 13:24:01 - pretrain_logger - INFO - Current learning rate: 0.0005
[2026-06-21 13:24:01,144][pretrain_logger][INFO] - Current learning rate: 0.0005
2026-06-21 13:24:01 - pretrain_logger - INFO - Logged epoch Pretrain 1 info to /public/home/202411094934/python_project/Spatio-Temporal-Library/time-series/2026-06-21/autoformer/pretrain10/electricity/time-series/seed_0/training_log.json
[2026-06-21 13:24:01,149][pretrain_logger][INFO] - Logged epoch Pretrain 1 info to /public/home/202411094934/python_project/Spatio-Temporal-Library/time-series/2026-06-21/autoformer/pretrain10/electricity/time-series/seed_0/training_log.json
2026-06-21 13:34:44 - pretrain_logger - INFO - [JEPA Pretrain] Epoch 2/10, loss=0.505509, time=643.49s
[2026-06-21 13:34:44,639][pretrain_logger][INFO] - [JEPA Pretrain] Epoch 2/10, loss=0.505509, time=643.49s
2026-06-21 13:34:44 - pretrain_logger - INFO - Pretrain loss: 0.5055086256409661
[2026-06-21 13:34:44,686][pretrain_logger][INFO] - Pretrain loss: 0.5055086256409661
2026-06-21 13:34:44 - pretrain_logger - INFO - Pretrain time: 643.4897882938385s
[2026-06-21 13:34:44,686][pretrain_logger][INFO] - Pretrain time: 643.4897882938385s
2026-06-21 13:34:44 - pretrain_logger - INFO - Pretrain memory reserved: 54.00 MB
[2026-06-21 13:34:44,687][pretrain_logger][INFO] - Pretrain memory reserved: 54.00 MB
2026-06-21 13:34:44 - pretrain_logger - INFO - Pretrain memory allocated: 21.53 MB
[2026-06-21 13:34:44,687][pretrain_logger][INFO] - Pretrain memory allocated: 21.53 MB
2026-06-21 13:34:44 - pretrain_logger - INFO - Current learning rate: 0.0005
[2026-06-21 13:34:44,687][pretrain_logger][INFO] - Current learning rate: 0.0005
2026-06-21 13:34:44 - pretrain_logger - INFO - Logged epoch Pretrain 2 info to /public/home/202411094934/python_project/Spatio-Temporal-Library/time-series/2026-06-21/autoformer/pretrain10/electricity/time-series/seed_0/training_log.json
[2026-06-21 13:34:44,690][pretrain_logger][INFO] - Logged epoch Pretrain 2 info to /public/home/202411094934/python_project/Spatio-Temporal-Library/time-series/2026-06-21/autoformer/pretrain10/electricity/time-series/seed_0/training_log.json
2026-06-21 13:45:28 - pretrain_logger - INFO - [JEPA Pretrain] Epoch 3/10, loss=0.394494, time=643.43s
[2026-06-21 13:45:28,117][pretrain_logger][INFO] - [JEPA Pretrain] Epoch 3/10, loss=0.394494, time=643.43s
2026-06-21 13:45:28 - pretrain_logger - INFO - Pretrain loss: 0.39449351047073405
[2026-06-21 13:45:28,117][pretrain_logger][INFO] - Pretrain loss: 0.39449351047073405
2026-06-21 13:45:28 - pretrain_logger - INFO - Pretrain time: 643.4266238212585s
[2026-06-21 13:45:28,117][pretrain_logger][INFO] - Pretrain time: 643.4266238212585s
2026-06-21 13:45:28 - pretrain_logger - INFO - Pretrain memory reserved: 54.00 MB
[2026-06-21 13:45:28,117][pretrain_logger][INFO] - Pretrain memory reserved: 54.00 MB
2026-06-21 13:45:28 - pretrain_logger - INFO - Pretrain memory allocated: 21.53 MB
[2026-06-21 13:45:28,118][pretrain_logger][INFO] - Pretrain memory allocated: 21.53 MB
2026-06-21 13:45:28 - pretrain_logger - INFO - Current learning rate: 0.0005
[2026-06-21 13:45:28,118][pretrain_logger][INFO] - Current learning rate: 0.0005
2026-06-21 13:45:28 - pretrain_logger - INFO - Logged epoch Pretrain 3 info to /public/home/202411094934/python_project/Spatio-Temporal-Library/time-series/2026-06-21/autoformer/pretrain10/electricity/time-series/seed_0/training_log.json
[2026-06-21 13:45:28,120][pretrain_logger][INFO] - Logged epoch Pretrain 3 info to /public/home/202411094934/python_project/Spatio-Temporal-Library/time-series/2026-06-21/autoformer/pretrain10/electricity/time-series/seed_0/training_log.json
2026-06-21 13:56:08 - pretrain_logger - INFO - [JEPA Pretrain] Epoch 4/10, loss=0.356223, time=640.43s
[2026-06-21 13:56:08,546][pretrain_logger][INFO] - [JEPA Pretrain] Epoch 4/10, loss=0.356223, time=640.43s
2026-06-21 13:56:08 - pretrain_logger - INFO - Pretrain loss: 0.3562225067071229
[2026-06-21 13:56:08,566][pretrain_logger][INFO] - Pretrain loss: 0.3562225067071229
2026-06-21 13:56:08 - pretrain_logger - INFO - Pretrain time: 640.4256653785706s
[2026-06-21 13:56:08,566][pretrain_logger][INFO] - Pretrain time: 640.4256653785706s
2026-06-21 13:56:08 - pretrain_logger - INFO - Pretrain memory reserved: 54.00 MB
[2026-06-21 13:56:08,566][pretrain_logger][INFO] - Pretrain memory reserved: 54.00 MB
2026-06-21 13:56:08 - pretrain_logger - INFO - Pretrain memory allocated: 21.53 MB
[2026-06-21 13:56:08,566][pretrain_logger][INFO] - Pretrain memory allocated: 21.53 MB
2026-06-21 13:56:08 - pretrain_logger - INFO - Current learning rate: 0.0005
[2026-06-21 13:56:08,566][pretrain_logger][INFO] - Current learning rate: 0.0005
2026-06-21 13:56:08 - pretrain_logger - INFO - Logged epoch Pretrain 4 info to /public/home/202411094934/python_project/Spatio-Temporal-Library/time-series/2026-06-21/autoformer/pretrain10/electricity/time-series/seed_0/training_log.json
[2026-06-21 13:56:08,569][pretrain_logger][INFO] - Logged epoch Pretrain 4 info to /public/home/202411094934/python_project/Spatio-Temporal-Library/time-series/2026-06-21/autoformer/pretrain10/electricity/time-series/seed_0/training_log.json
2026-06-21 14:06:51 - pretrain_logger - INFO - [JEPA Pretrain] Epoch 5/10, loss=0.340426, time=643.10s
[2026-06-21 14:06:51,668][pretrain_logger][INFO] - [JEPA Pretrain] Epoch 5/10, loss=0.340426, time=643.10s
2026-06-21 14:06:51 - pretrain_logger - INFO - Pretrain loss: 0.34042554466269875
[2026-06-21 14:06:51,668][pretrain_logger][INFO] - Pretrain loss: 0.34042554466269875
2026-06-21 14:06:51 - pretrain_logger - INFO - Pretrain time: 643.0986058712006s
[2026-06-21 14:06:51,669][pretrain_logger][INFO] - Pretrain time: 643.0986058712006s
2026-06-21 14:06:51 - pretrain_logger - INFO - Pretrain memory reserved: 54.00 MB
[2026-06-21 14:06:51,669][pretrain_logger][INFO] - Pretrain memory reserved: 54.00 MB
2026-06-21 14:06:51 - pretrain_logger - INFO - Pretrain memory allocated: 21.53 MB
[2026-06-21 14:06:51,669][pretrain_logger][INFO] - Pretrain memory allocated: 21.53 MB
2026-06-21 14:06:51 - pretrain_logger - INFO - Current learning rate: 0.0005
[2026-06-21 14:06:51,669][pretrain_logger][INFO] - Current learning rate: 0.0005
2026-06-21 14:06:51 - pretrain_logger - INFO - Logged epoch Pretrain 5 info to /public/home/202411094934/python_project/Spatio-Temporal-Library/time-series/2026-06-21/autoformer/pretrain10/electricity/time-series/seed_0/training_log.json
[2026-06-21 14:06:51,672][pretrain_logger][INFO] - Logged epoch Pretrain 5 info to /public/home/202411094934/python_project/Spatio-Temporal-Library/time-series/2026-06-21/autoformer/pretrain10/electricity/time-series/seed_0/training_log.json
2026-06-21 14:17:34 - pretrain_logger - INFO - [JEPA Pretrain] Epoch 6/10, loss=0.320477, time=643.22s
[2026-06-21 14:17:34,893][pretrain_logger][INFO] - [JEPA Pretrain] Epoch 6/10, loss=0.320477, time=643.22s
2026-06-21 14:17:34 - pretrain_logger - INFO - Pretrain loss: 0.32047710298076504
[2026-06-21 14:17:34,914][pretrain_logger][INFO] - Pretrain loss: 0.32047710298076504
2026-06-21 14:17:34 - pretrain_logger - INFO - Pretrain time: 643.2208969593048s
[2026-06-21 14:17:34,914][pretrain_logger][INFO] - Pretrain time: 643.2208969593048s
2026-06-21 14:17:34 - pretrain_logger - INFO - Pretrain memory reserved: 54.00 MB
[2026-06-21 14:17:34,914][pretrain_logger][INFO] - Pretrain memory reserved: 54.00 MB
2026-06-21 14:17:34 - pretrain_logger - INFO - Pretrain memory allocated: 21.53 MB
[2026-06-21 14:17:34,914][pretrain_logger][INFO] - Pretrain memory allocated: 21.53 MB
2026-06-21 14:17:34 - pretrain_logger - INFO - Current learning rate: 0.0005
[2026-06-21 14:17:34,915][pretrain_logger][INFO] - Current learning rate: 0.0005
2026-06-21 14:17:34 - pretrain_logger - INFO - Logged epoch Pretrain 6 info to /public/home/202411094934/python_project/Spatio-Temporal-Library/time-series/2026-06-21/autoformer/pretrain10/electricity/time-series/seed_0/training_log.json
[2026-06-21 14:17:34,917][pretrain_logger][INFO] - Logged epoch Pretrain 6 info to /public/home/202411094934/python_project/Spatio-Temporal-Library/time-series/2026-06-21/autoformer/pretrain10/electricity/time-series/seed_0/training_log.json
2026-06-21 14:28:18 - pretrain_logger - INFO - [JEPA Pretrain] Epoch 7/10, loss=0.314038, time=643.30s
[2026-06-21 14:28:18,215][pretrain_logger][INFO] - [JEPA Pretrain] Epoch 7/10, loss=0.314038, time=643.30s
2026-06-21 14:28:18 - pretrain_logger - INFO - Pretrain loss: 0.3140379943439006
[2026-06-21 14:28:18,216][pretrain_logger][INFO] - Pretrain loss: 0.3140379943439006
2026-06-21 14:28:18 - pretrain_logger - INFO - Pretrain time: 643.2976846694946s
[2026-06-21 14:28:18,216][pretrain_logger][INFO] - Pretrain time: 643.2976846694946s
2026-06-21 14:28:18 - pretrain_logger - INFO - Pretrain memory reserved: 54.00 MB
[2026-06-21 14:28:18,216][pretrain_logger][INFO] - Pretrain memory reserved: 54.00 MB
2026-06-21 14:28:18 - pretrain_logger - INFO - Pretrain memory allocated: 21.53 MB
[2026-06-21 14:28:18,216][pretrain_logger][INFO] - Pretrain memory allocated: 21.53 MB
2026-06-21 14:28:18 - pretrain_logger - INFO - Current learning rate: 0.0005
[2026-06-21 14:28:18,216][pretrain_logger][INFO] - Current learning rate: 0.0005
2026-06-21 14:28:18 - pretrain_logger - INFO - Logged epoch Pretrain 7 info to /public/home/202411094934/python_project/Spatio-Temporal-Library/time-series/2026-06-21/autoformer/pretrain10/electricity/time-series/seed_0/training_log.json
[2026-06-21 14:28:18,219][pretrain_logger][INFO] - Logged epoch Pretrain 7 info to /public/home/202411094934/python_project/Spatio-Temporal-Library/time-series/2026-06-21/autoformer/pretrain10/electricity/time-series/seed_0/training_log.json
2026-06-21 14:39:01 - pretrain_logger - INFO - [JEPA Pretrain] Epoch 8/10, loss=0.312517, time=643.27s
[2026-06-21 14:39:01,487][pretrain_logger][INFO] - [JEPA Pretrain] Epoch 8/10, loss=0.312517, time=643.27s
2026-06-21 14:39:01 - pretrain_logger - INFO - Pretrain loss: 0.3125169972532166
[2026-06-21 14:39:01,508][pretrain_logger][INFO] - Pretrain loss: 0.3125169972532166
2026-06-21 14:39:01 - pretrain_logger - INFO - Pretrain time: 643.2676422595978s
[2026-06-21 14:39:01,508][pretrain_logger][INFO] - Pretrain time: 643.2676422595978s
2026-06-21 14:39:01 - pretrain_logger - INFO - Pretrain memory reserved: 54.00 MB
[2026-06-21 14:39:01,508][pretrain_logger][INFO] - Pretrain memory reserved: 54.00 MB
2026-06-21 14:39:01 - pretrain_logger - INFO - Pretrain memory allocated: 21.53 MB
[2026-06-21 14:39:01,508][pretrain_logger][INFO] - Pretrain memory allocated: 21.53 MB
2026-06-21 14:39:01 - pretrain_logger - INFO - Current learning rate: 0.0005
[2026-06-21 14:39:01,508][pretrain_logger][INFO] - Current learning rate: 0.0005
2026-06-21 14:39:01 - pretrain_logger - INFO - Logged epoch Pretrain 8 info to /public/home/202411094934/python_project/Spatio-Temporal-Library/time-series/2026-06-21/autoformer/pretrain10/electricity/time-series/seed_0/training_log.json
[2026-06-21 14:39:01,512][pretrain_logger][INFO] - Logged epoch Pretrain 8 info to /public/home/202411094934/python_project/Spatio-Temporal-Library/time-series/2026-06-21/autoformer/pretrain10/electricity/time-series/seed_0/training_log.json
2026-06-21 14:49:44 - pretrain_logger - INFO - [JEPA Pretrain] Epoch 9/10, loss=0.405721, time=643.08s
[2026-06-21 14:49:44,595][pretrain_logger][INFO] - [JEPA Pretrain] Epoch 9/10, loss=0.405721, time=643.08s
2026-06-21 14:49:44 - pretrain_logger - INFO - Pretrain loss: 0.40572061859485037
[2026-06-21 14:49:44,596][pretrain_logger][INFO] - Pretrain loss: 0.40572061859485037
2026-06-21 14:49:44 - pretrain_logger - INFO - Pretrain time: 643.0828547477722s
[2026-06-21 14:49:44,596][pretrain_logger][INFO] - Pretrain time: 643.0828547477722s
2026-06-21 14:49:44 - pretrain_logger - INFO - Pretrain memory reserved: 54.00 MB
[2026-06-21 14:49:44,596][pretrain_logger][INFO] - Pretrain memory reserved: 54.00 MB
2026-06-21 14:49:44 - pretrain_logger - INFO - Pretrain memory allocated: 21.53 MB
[2026-06-21 14:49:44,596][pretrain_logger][INFO] - Pretrain memory allocated: 21.53 MB
2026-06-21 14:49:44 - pretrain_logger - INFO - Current learning rate: 0.0005
[2026-06-21 14:49:44,596][pretrain_logger][INFO] - Current learning rate: 0.0005
2026-06-21 14:49:44 - pretrain_logger - INFO - Logged epoch Pretrain 9 info to /public/home/202411094934/python_project/Spatio-Temporal-Library/time-series/2026-06-21/autoformer/pretrain10/electricity/time-series/seed_0/training_log.json
[2026-06-21 14:49:44,599][pretrain_logger][INFO] - Logged epoch Pretrain 9 info to /public/home/202411094934/python_project/Spatio-Temporal-Library/time-series/2026-06-21/autoformer/pretrain10/electricity/time-series/seed_0/training_log.json
2026-06-21 15:00:27 - pretrain_logger - INFO - [JEPA Pretrain] Epoch 10/10, loss=0.399085, time=643.25s
[2026-06-21 15:00:27,845][pretrain_logger][INFO] - [JEPA Pretrain] Epoch 10/10, loss=0.399085, time=643.25s
2026-06-21 15:00:27 - pretrain_logger - INFO - Pretrain loss: 0.3990853844156016
[2026-06-21 15:00:27,866][pretrain_logger][INFO] - Pretrain loss: 0.3990853844156016
2026-06-21 15:00:27 - pretrain_logger - INFO - Pretrain time: 643.2453789710999s
[2026-06-21 15:00:27,866][pretrain_logger][INFO] - Pretrain time: 643.2453789710999s
2026-06-21 15:00:27 - pretrain_logger - INFO - Pretrain memory reserved: 54.00 MB
[2026-06-21 15:00:27,866][pretrain_logger][INFO] - Pretrain memory reserved: 54.00 MB
2026-06-21 15:00:27 - pretrain_logger - INFO - Pretrain memory allocated: 21.53 MB
[2026-06-21 15:00:27,866][pretrain_logger][INFO] - Pretrain memory allocated: 21.53 MB
2026-06-21 15:00:27 - pretrain_logger - INFO - Current learning rate: 0.0005
[2026-06-21 15:00:27,866][pretrain_logger][INFO] - Current learning rate: 0.0005
2026-06-21 15:00:27 - pretrain_logger - INFO - Logged epoch Pretrain 10 info to /public/home/202411094934/python_project/Spatio-Temporal-Library/time-series/2026-06-21/autoformer/pretrain10/electricity/time-series/seed_0/training_log.json
[2026-06-21 15:00:27,869][pretrain_logger][INFO] - Logged epoch Pretrain 10 info to /public/home/202411094934/python_project/Spatio-Temporal-Library/time-series/2026-06-21/autoformer/pretrain10/electricity/time-series/seed_0/training_log.json
2026-06-21 15:00:27 - pretrain_logger - INFO - JEPA pretraining completed.
[2026-06-21 15:00:27,869][pretrain_logger][INFO] - JEPA pretraining completed.
