2026-06-13 21:32:05 - pretrain_logger - INFO - Model parameters: 1,467,744
[2026-06-13 21:32:05,451][pretrain_logger][INFO] - Model parameters: 1,467,744
2026-06-13 21:32:05 - pretrain_logger - INFO - Created new log file at /public/home/202411094934/python_project/Spatio-Temporal-Library/time-series/2026-06-13/crossformer/pretrain10/electricity/time-series/seed_0/training_log.json
[2026-06-13 21:32:05,649][pretrain_logger][INFO] - Created new log file at /public/home/202411094934/python_project/Spatio-Temporal-Library/time-series/2026-06-13/crossformer/pretrain10/electricity/time-series/seed_0/training_log.json
2026-06-13 21:32:05 - pretrain_logger - INFO - Starting JEPA pretraining...
[2026-06-13 21:32:05,649][pretrain_logger][INFO] - Starting JEPA pretraining...
2026-06-13 21:46:03 - pretrain_logger - INFO - [JEPA Pretrain] Epoch 1/10, loss=28.105274, time=837.72s
[2026-06-13 21:46:03,364][pretrain_logger][INFO] - [JEPA Pretrain] Epoch 1/10, loss=28.105274, time=837.72s
2026-06-13 21:46:03 - pretrain_logger - INFO - Pretrain loss: 28.105274297030515
[2026-06-13 21:46:03,365][pretrain_logger][INFO] - Pretrain loss: 28.105274297030515
2026-06-13 21:46:03 - pretrain_logger - INFO - Pretrain time: 837.7151336669922s
[2026-06-13 21:46:03,365][pretrain_logger][INFO] - Pretrain time: 837.7151336669922s
2026-06-13 21:46:03 - pretrain_logger - INFO - Pretrain memory reserved: 1434.00 MB
[2026-06-13 21:46:03,365][pretrain_logger][INFO] - Pretrain memory reserved: 1434.00 MB
2026-06-13 21:46:03 - pretrain_logger - INFO - Pretrain memory allocated: 27.79 MB
[2026-06-13 21:46:03,365][pretrain_logger][INFO] - Pretrain memory allocated: 27.79 MB
2026-06-13 21:46:03 - pretrain_logger - INFO - Current learning rate: 0.0005
[2026-06-13 21:46:03,366][pretrain_logger][INFO] - Current learning rate: 0.0005
2026-06-13 21:46:03 - pretrain_logger - INFO - Logged epoch Pretrain 1 info to /public/home/202411094934/python_project/Spatio-Temporal-Library/time-series/2026-06-13/crossformer/pretrain10/electricity/time-series/seed_0/training_log.json
[2026-06-13 21:46:03,369][pretrain_logger][INFO] - Logged epoch Pretrain 1 info to /public/home/202411094934/python_project/Spatio-Temporal-Library/time-series/2026-06-13/crossformer/pretrain10/electricity/time-series/seed_0/training_log.json
2026-06-13 21:59:59 - pretrain_logger - INFO - [JEPA Pretrain] Epoch 2/10, loss=34.624960, time=836.08s
[2026-06-13 21:59:59,447][pretrain_logger][INFO] - [JEPA Pretrain] Epoch 2/10, loss=34.624960, time=836.08s
2026-06-13 21:59:59 - pretrain_logger - INFO - Pretrain loss: 34.62496004904533
[2026-06-13 21:59:59,515][pretrain_logger][INFO] - Pretrain loss: 34.62496004904533
2026-06-13 21:59:59 - pretrain_logger - INFO - Pretrain time: 836.0781056880951s
[2026-06-13 21:59:59,515][pretrain_logger][INFO] - Pretrain time: 836.0781056880951s
2026-06-13 21:59:59 - pretrain_logger - INFO - Pretrain memory reserved: 1434.00 MB
[2026-06-13 21:59:59,515][pretrain_logger][INFO] - Pretrain memory reserved: 1434.00 MB
2026-06-13 21:59:59 - pretrain_logger - INFO - Pretrain memory allocated: 27.79 MB
[2026-06-13 21:59:59,515][pretrain_logger][INFO] - Pretrain memory allocated: 27.79 MB
2026-06-13 21:59:59 - pretrain_logger - INFO - Current learning rate: 0.0005
[2026-06-13 21:59:59,515][pretrain_logger][INFO] - Current learning rate: 0.0005
2026-06-13 21:59:59 - pretrain_logger - INFO - Logged epoch Pretrain 2 info to /public/home/202411094934/python_project/Spatio-Temporal-Library/time-series/2026-06-13/crossformer/pretrain10/electricity/time-series/seed_0/training_log.json
[2026-06-13 21:59:59,518][pretrain_logger][INFO] - Logged epoch Pretrain 2 info to /public/home/202411094934/python_project/Spatio-Temporal-Library/time-series/2026-06-13/crossformer/pretrain10/electricity/time-series/seed_0/training_log.json
2026-06-13 22:13:59 - pretrain_logger - INFO - [JEPA Pretrain] Epoch 3/10, loss=39.931245, time=839.88s
[2026-06-13 22:13:59,396][pretrain_logger][INFO] - [JEPA Pretrain] Epoch 3/10, loss=39.931245, time=839.88s
2026-06-13 22:13:59 - pretrain_logger - INFO - Pretrain loss: 39.931244853257276
[2026-06-13 22:13:59,397][pretrain_logger][INFO] - Pretrain loss: 39.931244853257276
2026-06-13 22:13:59 - pretrain_logger - INFO - Pretrain time: 839.8778412342072s
[2026-06-13 22:13:59,397][pretrain_logger][INFO] - Pretrain time: 839.8778412342072s
2026-06-13 22:13:59 - pretrain_logger - INFO - Pretrain memory reserved: 1434.00 MB
[2026-06-13 22:13:59,397][pretrain_logger][INFO] - Pretrain memory reserved: 1434.00 MB
2026-06-13 22:13:59 - pretrain_logger - INFO - Pretrain memory allocated: 27.79 MB
[2026-06-13 22:13:59,397][pretrain_logger][INFO] - Pretrain memory allocated: 27.79 MB
2026-06-13 22:13:59 - pretrain_logger - INFO - Current learning rate: 0.0005
[2026-06-13 22:13:59,397][pretrain_logger][INFO] - Current learning rate: 0.0005
2026-06-13 22:13:59 - pretrain_logger - INFO - Logged epoch Pretrain 3 info to /public/home/202411094934/python_project/Spatio-Temporal-Library/time-series/2026-06-13/crossformer/pretrain10/electricity/time-series/seed_0/training_log.json
[2026-06-13 22:13:59,400][pretrain_logger][INFO] - Logged epoch Pretrain 3 info to /public/home/202411094934/python_project/Spatio-Temporal-Library/time-series/2026-06-13/crossformer/pretrain10/electricity/time-series/seed_0/training_log.json
2026-06-13 22:28:00 - pretrain_logger - INFO - [JEPA Pretrain] Epoch 4/10, loss=43.276294, time=841.39s
[2026-06-13 22:28:00,788][pretrain_logger][INFO] - [JEPA Pretrain] Epoch 4/10, loss=43.276294, time=841.39s
2026-06-13 22:28:00 - pretrain_logger - INFO - Pretrain loss: 43.276293635506235
[2026-06-13 22:28:00,855][pretrain_logger][INFO] - Pretrain loss: 43.276293635506235
2026-06-13 22:28:00 - pretrain_logger - INFO - Pretrain time: 841.3880543708801s
[2026-06-13 22:28:00,855][pretrain_logger][INFO] - Pretrain time: 841.3880543708801s
2026-06-13 22:28:00 - pretrain_logger - INFO - Pretrain memory reserved: 1434.00 MB
[2026-06-13 22:28:00,855][pretrain_logger][INFO] - Pretrain memory reserved: 1434.00 MB
2026-06-13 22:28:00 - pretrain_logger - INFO - Pretrain memory allocated: 27.79 MB
[2026-06-13 22:28:00,855][pretrain_logger][INFO] - Pretrain memory allocated: 27.79 MB
2026-06-13 22:28:00 - pretrain_logger - INFO - Current learning rate: 0.0005
[2026-06-13 22:28:00,855][pretrain_logger][INFO] - Current learning rate: 0.0005
2026-06-13 22:28:00 - pretrain_logger - INFO - Logged epoch Pretrain 4 info to /public/home/202411094934/python_project/Spatio-Temporal-Library/time-series/2026-06-13/crossformer/pretrain10/electricity/time-series/seed_0/training_log.json
[2026-06-13 22:28:00,858][pretrain_logger][INFO] - Logged epoch Pretrain 4 info to /public/home/202411094934/python_project/Spatio-Temporal-Library/time-series/2026-06-13/crossformer/pretrain10/electricity/time-series/seed_0/training_log.json
2026-06-13 22:42:02 - pretrain_logger - INFO - [JEPA Pretrain] Epoch 5/10, loss=45.645747, time=841.57s
[2026-06-13 22:42:02,428][pretrain_logger][INFO] - [JEPA Pretrain] Epoch 5/10, loss=45.645747, time=841.57s
2026-06-13 22:42:02 - pretrain_logger - INFO - Pretrain loss: 45.64574726275083
[2026-06-13 22:42:02,496][pretrain_logger][INFO] - Pretrain loss: 45.64574726275083
2026-06-13 22:42:02 - pretrain_logger - INFO - Pretrain time: 841.5700447559357s
[2026-06-13 22:42:02,496][pretrain_logger][INFO] - Pretrain time: 841.5700447559357s
2026-06-13 22:42:02 - pretrain_logger - INFO - Pretrain memory reserved: 1434.00 MB
[2026-06-13 22:42:02,496][pretrain_logger][INFO] - Pretrain memory reserved: 1434.00 MB
2026-06-13 22:42:02 - pretrain_logger - INFO - Pretrain memory allocated: 27.79 MB
[2026-06-13 22:42:02,496][pretrain_logger][INFO] - Pretrain memory allocated: 27.79 MB
2026-06-13 22:42:02 - pretrain_logger - INFO - Current learning rate: 0.0005
[2026-06-13 22:42:02,497][pretrain_logger][INFO] - Current learning rate: 0.0005
2026-06-13 22:42:02 - pretrain_logger - INFO - Logged epoch Pretrain 5 info to /public/home/202411094934/python_project/Spatio-Temporal-Library/time-series/2026-06-13/crossformer/pretrain10/electricity/time-series/seed_0/training_log.json
[2026-06-13 22:42:02,537][pretrain_logger][INFO] - Logged epoch Pretrain 5 info to /public/home/202411094934/python_project/Spatio-Temporal-Library/time-series/2026-06-13/crossformer/pretrain10/electricity/time-series/seed_0/training_log.json
2026-06-13 22:56:03 - pretrain_logger - INFO - [JEPA Pretrain] Epoch 6/10, loss=46.838899, time=840.92s
[2026-06-13 22:56:03,454][pretrain_logger][INFO] - [JEPA Pretrain] Epoch 6/10, loss=46.838899, time=840.92s
2026-06-13 22:56:03 - pretrain_logger - INFO - Pretrain loss: 46.83889899831864
[2026-06-13 22:56:03,521][pretrain_logger][INFO] - Pretrain loss: 46.83889899831864
2026-06-13 22:56:03 - pretrain_logger - INFO - Pretrain time: 840.9165732860565s
[2026-06-13 22:56:03,522][pretrain_logger][INFO] - Pretrain time: 840.9165732860565s
2026-06-13 22:56:03 - pretrain_logger - INFO - Pretrain memory reserved: 1434.00 MB
[2026-06-13 22:56:03,522][pretrain_logger][INFO] - Pretrain memory reserved: 1434.00 MB
2026-06-13 22:56:03 - pretrain_logger - INFO - Pretrain memory allocated: 27.79 MB
[2026-06-13 22:56:03,522][pretrain_logger][INFO] - Pretrain memory allocated: 27.79 MB
2026-06-13 22:56:03 - pretrain_logger - INFO - Current learning rate: 0.0005
[2026-06-13 22:56:03,522][pretrain_logger][INFO] - Current learning rate: 0.0005
2026-06-13 22:56:03 - pretrain_logger - INFO - Logged epoch Pretrain 6 info to /public/home/202411094934/python_project/Spatio-Temporal-Library/time-series/2026-06-13/crossformer/pretrain10/electricity/time-series/seed_0/training_log.json
[2026-06-13 22:56:03,524][pretrain_logger][INFO] - Logged epoch Pretrain 6 info to /public/home/202411094934/python_project/Spatio-Temporal-Library/time-series/2026-06-13/crossformer/pretrain10/electricity/time-series/seed_0/training_log.json
2026-06-13 23:10:06 - pretrain_logger - INFO - [JEPA Pretrain] Epoch 7/10, loss=47.103189, time=843.25s
[2026-06-13 23:10:06,775][pretrain_logger][INFO] - [JEPA Pretrain] Epoch 7/10, loss=47.103189, time=843.25s
2026-06-13 23:10:06 - pretrain_logger - INFO - Pretrain loss: 47.103189049348494
[2026-06-13 23:10:06,776][pretrain_logger][INFO] - Pretrain loss: 47.103189049348494
2026-06-13 23:10:06 - pretrain_logger - INFO - Pretrain time: 843.2509872913361s
[2026-06-13 23:10:06,776][pretrain_logger][INFO] - Pretrain time: 843.2509872913361s
2026-06-13 23:10:06 - pretrain_logger - INFO - Pretrain memory reserved: 1434.00 MB
[2026-06-13 23:10:06,776][pretrain_logger][INFO] - Pretrain memory reserved: 1434.00 MB
2026-06-13 23:10:06 - pretrain_logger - INFO - Pretrain memory allocated: 27.79 MB
[2026-06-13 23:10:06,776][pretrain_logger][INFO] - Pretrain memory allocated: 27.79 MB
2026-06-13 23:10:06 - pretrain_logger - INFO - Current learning rate: 0.0005
[2026-06-13 23:10:06,777][pretrain_logger][INFO] - Current learning rate: 0.0005
2026-06-13 23:10:06 - pretrain_logger - INFO - Logged epoch Pretrain 7 info to /public/home/202411094934/python_project/Spatio-Temporal-Library/time-series/2026-06-13/crossformer/pretrain10/electricity/time-series/seed_0/training_log.json
[2026-06-13 23:10:06,779][pretrain_logger][INFO] - Logged epoch Pretrain 7 info to /public/home/202411094934/python_project/Spatio-Temporal-Library/time-series/2026-06-13/crossformer/pretrain10/electricity/time-series/seed_0/training_log.json
2026-06-13 23:24:09 - pretrain_logger - INFO - [JEPA Pretrain] Epoch 8/10, loss=47.066261, time=843.00s
[2026-06-13 23:24:09,779][pretrain_logger][INFO] - [JEPA Pretrain] Epoch 8/10, loss=47.066261, time=843.00s
2026-06-13 23:24:09 - pretrain_logger - INFO - Pretrain loss: 47.066260596298925
[2026-06-13 23:24:09,846][pretrain_logger][INFO] - Pretrain loss: 47.066260596298925
2026-06-13 23:24:09 - pretrain_logger - INFO - Pretrain time: 842.9993486404419s
[2026-06-13 23:24:09,846][pretrain_logger][INFO] - Pretrain time: 842.9993486404419s
2026-06-13 23:24:09 - pretrain_logger - INFO - Pretrain memory reserved: 1434.00 MB
[2026-06-13 23:24:09,846][pretrain_logger][INFO] - Pretrain memory reserved: 1434.00 MB
2026-06-13 23:24:09 - pretrain_logger - INFO - Pretrain memory allocated: 27.79 MB
[2026-06-13 23:24:09,846][pretrain_logger][INFO] - Pretrain memory allocated: 27.79 MB
2026-06-13 23:24:09 - pretrain_logger - INFO - Current learning rate: 0.0005
[2026-06-13 23:24:09,846][pretrain_logger][INFO] - Current learning rate: 0.0005
2026-06-13 23:24:09 - pretrain_logger - INFO - Logged epoch Pretrain 8 info to /public/home/202411094934/python_project/Spatio-Temporal-Library/time-series/2026-06-13/crossformer/pretrain10/electricity/time-series/seed_0/training_log.json
[2026-06-13 23:24:09,849][pretrain_logger][INFO] - Logged epoch Pretrain 8 info to /public/home/202411094934/python_project/Spatio-Temporal-Library/time-series/2026-06-13/crossformer/pretrain10/electricity/time-series/seed_0/training_log.json
2026-06-13 23:38:11 - pretrain_logger - INFO - [JEPA Pretrain] Epoch 9/10, loss=46.594126, time=842.14s
[2026-06-13 23:38:11,987][pretrain_logger][INFO] - [JEPA Pretrain] Epoch 9/10, loss=46.594126, time=842.14s
2026-06-13 23:38:11 - pretrain_logger - INFO - Pretrain loss: 46.5941260376117
[2026-06-13 23:38:11,988][pretrain_logger][INFO] - Pretrain loss: 46.5941260376117
2026-06-13 23:38:11 - pretrain_logger - INFO - Pretrain time: 842.1380398273468s
[2026-06-13 23:38:11,988][pretrain_logger][INFO] - Pretrain time: 842.1380398273468s
2026-06-13 23:38:11 - pretrain_logger - INFO - Pretrain memory reserved: 1434.00 MB
[2026-06-13 23:38:11,988][pretrain_logger][INFO] - Pretrain memory reserved: 1434.00 MB
2026-06-13 23:38:11 - pretrain_logger - INFO - Pretrain memory allocated: 27.79 MB
[2026-06-13 23:38:11,988][pretrain_logger][INFO] - Pretrain memory allocated: 27.79 MB
2026-06-13 23:38:11 - pretrain_logger - INFO - Current learning rate: 0.0005
[2026-06-13 23:38:11,988][pretrain_logger][INFO] - Current learning rate: 0.0005
2026-06-13 23:38:11 - pretrain_logger - INFO - Logged epoch Pretrain 9 info to /public/home/202411094934/python_project/Spatio-Temporal-Library/time-series/2026-06-13/crossformer/pretrain10/electricity/time-series/seed_0/training_log.json
[2026-06-13 23:38:11,991][pretrain_logger][INFO] - Logged epoch Pretrain 9 info to /public/home/202411094934/python_project/Spatio-Temporal-Library/time-series/2026-06-13/crossformer/pretrain10/electricity/time-series/seed_0/training_log.json
2026-06-13 23:52:14 - pretrain_logger - INFO - [JEPA Pretrain] Epoch 10/10, loss=45.978594, time=842.55s
[2026-06-13 23:52:14,538][pretrain_logger][INFO] - [JEPA Pretrain] Epoch 10/10, loss=45.978594, time=842.55s
2026-06-13 23:52:14 - pretrain_logger - INFO - Pretrain loss: 45.978593937644106
[2026-06-13 23:52:14,605][pretrain_logger][INFO] - Pretrain loss: 45.978593937644106
2026-06-13 23:52:14 - pretrain_logger - INFO - Pretrain time: 842.5471312999725s
[2026-06-13 23:52:14,606][pretrain_logger][INFO] - Pretrain time: 842.5471312999725s
2026-06-13 23:52:14 - pretrain_logger - INFO - Pretrain memory reserved: 1434.00 MB
[2026-06-13 23:52:14,606][pretrain_logger][INFO] - Pretrain memory reserved: 1434.00 MB
2026-06-13 23:52:14 - pretrain_logger - INFO - Pretrain memory allocated: 27.79 MB
[2026-06-13 23:52:14,606][pretrain_logger][INFO] - Pretrain memory allocated: 27.79 MB
2026-06-13 23:52:14 - pretrain_logger - INFO - Current learning rate: 0.0005
[2026-06-13 23:52:14,606][pretrain_logger][INFO] - Current learning rate: 0.0005
2026-06-13 23:52:14 - pretrain_logger - INFO - Logged epoch Pretrain 10 info to /public/home/202411094934/python_project/Spatio-Temporal-Library/time-series/2026-06-13/crossformer/pretrain10/electricity/time-series/seed_0/training_log.json
[2026-06-13 23:52:14,608][pretrain_logger][INFO] - Logged epoch Pretrain 10 info to /public/home/202411094934/python_project/Spatio-Temporal-Library/time-series/2026-06-13/crossformer/pretrain10/electricity/time-series/seed_0/training_log.json
2026-06-13 23:52:14 - pretrain_logger - INFO - JEPA pretraining completed.
[2026-06-13 23:52:14,609][pretrain_logger][INFO] - JEPA pretraining completed.
