2026-06-22 09:04:00 - finetune_logger - INFO - No pretrained checkpoint is provided. Finetuning from scratch.
[2026-06-22 09:04:00,985][finetune_logger][INFO] - No pretrained checkpoint is provided. Finetuning from scratch.
2026-06-22 09:04:00 - finetune_logger - INFO - Model parameters: 188,487
[2026-06-22 09:04:00,989][finetune_logger][INFO] - Model parameters: 188,487
2026-06-22 09:04:00 - finetune_logger - INFO - Created new log file at /public/home/202411094934/python_project/Spatio-Temporal-Library/time-series/2026-06-22/autoformer/finetune20/etth1/time-series/seed_2/training_log.json
[2026-06-22 09:04:00,991][finetune_logger][INFO] - Created new log file at /public/home/202411094934/python_project/Spatio-Temporal-Library/time-series/2026-06-22/autoformer/finetune20/etth1/time-series/seed_2/training_log.json
2026-06-22 09:04:00 - finetune_logger - INFO - Starting training...
[2026-06-22 09:04:00,991][finetune_logger][INFO] - Starting training...
2026-06-22 09:04:00 - finetune_logger - INFO - Epoch 1/20
[2026-06-22 09:04:00,991][finetune_logger][INFO] - Epoch 1/20
2026-06-22 09:14:06 - finetune_logger - INFO - Train loss: 1.492924871058006
[2026-06-22 09:14:06,909][finetune_logger][INFO] - Train loss: 1.492924871058006
2026-06-22 09:14:06 - finetune_logger - INFO - Train time: 605.9178438186646s
[2026-06-22 09:14:06,910][finetune_logger][INFO] - Train time: 605.9178438186646s
2026-06-22 09:14:06 - finetune_logger - INFO - Train memory reserved: 40.00 MB
[2026-06-22 09:14:06,910][finetune_logger][INFO] - Train memory reserved: 40.00 MB
2026-06-22 09:14:06 - finetune_logger - INFO - Train memory allocated: 20.88 MB
[2026-06-22 09:14:06,910][finetune_logger][INFO] - Train memory allocated: 20.88 MB
2026-06-22 09:14:06 - finetune_logger - INFO - Current learning rate: 0.0005
[2026-06-22 09:14:06,910][finetune_logger][INFO] - Current learning rate: 0.0005
2026-06-22 09:15:15 - finetune_logger - INFO - Validation metrics: {'MAE': 2.0348278682118397, 'RMSE': 3.1207826782862305}
[2026-06-22 09:15:15,526][finetune_logger][INFO] - Validation metrics: {'MAE': 2.0348278682118397, 'RMSE': 3.1207826782862305}
2026-06-22 09:15:15 - finetune_logger - INFO - Val time: 68.62s
[2026-06-22 09:15:15,526][finetune_logger][INFO] - Val time: 68.62s
2026-06-22 09:15:15 - finetune_logger - INFO - Val memory reserved: 40.00 MB
[2026-06-22 09:15:15,527][finetune_logger][INFO] - Val memory reserved: 40.00 MB
2026-06-22 09:15:15 - finetune_logger - INFO - Val memory allocated: 20.88 MB
[2026-06-22 09:15:15,527][finetune_logger][INFO] - Val memory allocated: 20.88 MB
2026-06-22 09:15:15 - finetune_logger - INFO - Logged epoch 1 info to /public/home/202411094934/python_project/Spatio-Temporal-Library/time-series/2026-06-22/autoformer/finetune20/etth1/time-series/seed_2/training_log.json
[2026-06-22 09:15:15,530][finetune_logger][INFO] - Logged epoch 1 info to /public/home/202411094934/python_project/Spatio-Temporal-Library/time-series/2026-06-22/autoformer/finetune20/etth1/time-series/seed_2/training_log.json
2026-06-22 09:15:15 - finetune_logger - INFO - New best model! Val loss: 2.034828
[2026-06-22 09:15:15,530][finetune_logger][INFO] - New best model! Val loss: 2.034828
2026-06-22 09:16:23 - finetune_logger - INFO - Test metrics: {'MAE': 1.7554582247961086, 'RMSE': 3.1120305501392855}
[2026-06-22 09:16:23,964][finetune_logger][INFO] - Test metrics: {'MAE': 1.7554582247961086, 'RMSE': 3.1120305501392855}
2026-06-22 09:16:23 - finetune_logger - INFO - Test time: 68.38s
[2026-06-22 09:16:23,964][finetune_logger][INFO] - Test time: 68.38s
2026-06-22 09:16:23 - finetune_logger - INFO - Test memory reserved: 40.00 MB
[2026-06-22 09:16:23,964][finetune_logger][INFO] - Test memory reserved: 40.00 MB
2026-06-22 09:16:23 - finetune_logger - INFO - Test memory allocated: 20.88 MB
[2026-06-22 09:16:23,964][finetune_logger][INFO] - Test memory allocated: 20.88 MB
2026-06-22 09:16:23 - finetune_logger - INFO - Epoch 2/20
[2026-06-22 09:16:23,965][finetune_logger][INFO] - Epoch 2/20
2026-06-22 09:26:32 - finetune_logger - INFO - Train loss: 1.2969953981978475
[2026-06-22 09:26:32,051][finetune_logger][INFO] - Train loss: 1.2969953981978475
2026-06-22 09:26:32 - finetune_logger - INFO - Train time: 608.0860681533813s
[2026-06-22 09:26:32,052][finetune_logger][INFO] - Train time: 608.0860681533813s
2026-06-22 09:26:32 - finetune_logger - INFO - Train memory reserved: 40.00 MB
[2026-06-22 09:26:32,052][finetune_logger][INFO] - Train memory reserved: 40.00 MB
2026-06-22 09:26:32 - finetune_logger - INFO - Train memory allocated: 20.88 MB
[2026-06-22 09:26:32,052][finetune_logger][INFO] - Train memory allocated: 20.88 MB
2026-06-22 09:26:32 - finetune_logger - INFO - Current learning rate: 0.0005
[2026-06-22 09:26:32,052][finetune_logger][INFO] - Current learning rate: 0.0005
2026-06-22 09:27:40 - finetune_logger - INFO - Validation metrics: {'MAE': 2.007736401262731, 'RMSE': 3.0970882525671035}
[2026-06-22 09:27:40,716][finetune_logger][INFO] - Validation metrics: {'MAE': 2.007736401262731, 'RMSE': 3.0970882525671035}
2026-06-22 09:27:40 - finetune_logger - INFO - Val time: 68.66s
[2026-06-22 09:27:40,716][finetune_logger][INFO] - Val time: 68.66s
2026-06-22 09:27:40 - finetune_logger - INFO - Val memory reserved: 40.00 MB
[2026-06-22 09:27:40,716][finetune_logger][INFO] - Val memory reserved: 40.00 MB
2026-06-22 09:27:40 - finetune_logger - INFO - Val memory allocated: 20.88 MB
[2026-06-22 09:27:40,716][finetune_logger][INFO] - Val memory allocated: 20.88 MB
2026-06-22 09:27:40 - finetune_logger - INFO - Logged epoch 2 info to /public/home/202411094934/python_project/Spatio-Temporal-Library/time-series/2026-06-22/autoformer/finetune20/etth1/time-series/seed_2/training_log.json
[2026-06-22 09:27:40,719][finetune_logger][INFO] - Logged epoch 2 info to /public/home/202411094934/python_project/Spatio-Temporal-Library/time-series/2026-06-22/autoformer/finetune20/etth1/time-series/seed_2/training_log.json
2026-06-22 09:27:40 - finetune_logger - INFO - New best model! Val loss: 2.007736
[2026-06-22 09:27:40,719][finetune_logger][INFO] - New best model! Val loss: 2.007736
2026-06-22 09:28:49 - finetune_logger - INFO - Test metrics: {'MAE': 1.7501724714551685, 'RMSE': 3.169842896325252}
[2026-06-22 09:28:49,786][finetune_logger][INFO] - Test metrics: {'MAE': 1.7501724714551685, 'RMSE': 3.169842896325252}
2026-06-22 09:28:49 - finetune_logger - INFO - Test time: 69.01s
[2026-06-22 09:28:49,786][finetune_logger][INFO] - Test time: 69.01s
2026-06-22 09:28:49 - finetune_logger - INFO - Test memory reserved: 40.00 MB
[2026-06-22 09:28:49,786][finetune_logger][INFO] - Test memory reserved: 40.00 MB
2026-06-22 09:28:49 - finetune_logger - INFO - Test memory allocated: 20.88 MB
[2026-06-22 09:28:49,787][finetune_logger][INFO] - Test memory allocated: 20.88 MB
2026-06-22 09:28:49 - finetune_logger - INFO - Epoch 3/20
[2026-06-22 09:28:49,787][finetune_logger][INFO] - Epoch 3/20
2026-06-22 09:38:56 - finetune_logger - INFO - Train loss: 1.1861171792288443
[2026-06-22 09:38:56,864][finetune_logger][INFO] - Train loss: 1.1861171792288443
2026-06-22 09:38:56 - finetune_logger - INFO - Train time: 607.0770332813263s
[2026-06-22 09:38:56,865][finetune_logger][INFO] - Train time: 607.0770332813263s
2026-06-22 09:38:56 - finetune_logger - INFO - Train memory reserved: 40.00 MB
[2026-06-22 09:38:56,865][finetune_logger][INFO] - Train memory reserved: 40.00 MB
2026-06-22 09:38:56 - finetune_logger - INFO - Train memory allocated: 20.88 MB
[2026-06-22 09:38:56,865][finetune_logger][INFO] - Train memory allocated: 20.88 MB
2026-06-22 09:38:56 - finetune_logger - INFO - Current learning rate: 0.0005
[2026-06-22 09:38:56,865][finetune_logger][INFO] - Current learning rate: 0.0005
2026-06-22 09:40:05 - finetune_logger - INFO - Validation metrics: {'MAE': 2.0555221660704865, 'RMSE': 3.1965396067301355}
[2026-06-22 09:40:05,248][finetune_logger][INFO] - Validation metrics: {'MAE': 2.0555221660704865, 'RMSE': 3.1965396067301355}
2026-06-22 09:40:05 - finetune_logger - INFO - Val time: 68.38s
[2026-06-22 09:40:05,248][finetune_logger][INFO] - Val time: 68.38s
2026-06-22 09:40:05 - finetune_logger - INFO - Val memory reserved: 40.00 MB
[2026-06-22 09:40:05,249][finetune_logger][INFO] - Val memory reserved: 40.00 MB
2026-06-22 09:40:05 - finetune_logger - INFO - Val memory allocated: 20.88 MB
[2026-06-22 09:40:05,249][finetune_logger][INFO] - Val memory allocated: 20.88 MB
2026-06-22 09:40:05 - finetune_logger - INFO - Logged epoch 3 info to /public/home/202411094934/python_project/Spatio-Temporal-Library/time-series/2026-06-22/autoformer/finetune20/etth1/time-series/seed_2/training_log.json
[2026-06-22 09:40:05,252][finetune_logger][INFO] - Logged epoch 3 info to /public/home/202411094934/python_project/Spatio-Temporal-Library/time-series/2026-06-22/autoformer/finetune20/etth1/time-series/seed_2/training_log.json
2026-06-22 09:41:13 - finetune_logger - INFO - Test metrics: {'MAE': 1.7412388502302607, 'RMSE': 3.14704015223186}
[2026-06-22 09:41:13,974][finetune_logger][INFO] - Test metrics: {'MAE': 1.7412388502302607, 'RMSE': 3.14704015223186}
2026-06-22 09:41:13 - finetune_logger - INFO - Test time: 68.72s
[2026-06-22 09:41:13,975][finetune_logger][INFO] - Test time: 68.72s
2026-06-22 09:41:13 - finetune_logger - INFO - Test memory reserved: 40.00 MB
[2026-06-22 09:41:13,975][finetune_logger][INFO] - Test memory reserved: 40.00 MB
2026-06-22 09:41:13 - finetune_logger - INFO - Test memory allocated: 20.88 MB
[2026-06-22 09:41:13,975][finetune_logger][INFO] - Test memory allocated: 20.88 MB
2026-06-22 09:41:13 - finetune_logger - INFO - Epoch 4/20
[2026-06-22 09:41:13,975][finetune_logger][INFO] - Epoch 4/20
2026-06-22 09:51:22 - finetune_logger - INFO - Train loss: 1.1125106118801464
[2026-06-22 09:51:22,120][finetune_logger][INFO] - Train loss: 1.1125106118801464
2026-06-22 09:51:22 - finetune_logger - INFO - Train time: 608.1443843841553s
[2026-06-22 09:51:22,120][finetune_logger][INFO] - Train time: 608.1443843841553s
2026-06-22 09:51:22 - finetune_logger - INFO - Train memory reserved: 40.00 MB
[2026-06-22 09:51:22,120][finetune_logger][INFO] - Train memory reserved: 40.00 MB
2026-06-22 09:51:22 - finetune_logger - INFO - Train memory allocated: 20.88 MB
[2026-06-22 09:51:22,121][finetune_logger][INFO] - Train memory allocated: 20.88 MB
2026-06-22 09:51:22 - finetune_logger - INFO - Current learning rate: 0.0005
[2026-06-22 09:51:22,121][finetune_logger][INFO] - Current learning rate: 0.0005
2026-06-22 09:52:30 - finetune_logger - INFO - Validation metrics: {'MAE': 2.0650263053576157, 'RMSE': 3.2117105635234218}
[2026-06-22 09:52:30,784][finetune_logger][INFO] - Validation metrics: {'MAE': 2.0650263053576157, 'RMSE': 3.2117105635234218}
2026-06-22 09:52:30 - finetune_logger - INFO - Val time: 68.66s
[2026-06-22 09:52:30,785][finetune_logger][INFO] - Val time: 68.66s
2026-06-22 09:52:30 - finetune_logger - INFO - Val memory reserved: 40.00 MB
[2026-06-22 09:52:30,785][finetune_logger][INFO] - Val memory reserved: 40.00 MB
2026-06-22 09:52:30 - finetune_logger - INFO - Val memory allocated: 20.88 MB
[2026-06-22 09:52:30,785][finetune_logger][INFO] - Val memory allocated: 20.88 MB
2026-06-22 09:52:30 - finetune_logger - INFO - Logged epoch 4 info to /public/home/202411094934/python_project/Spatio-Temporal-Library/time-series/2026-06-22/autoformer/finetune20/etth1/time-series/seed_2/training_log.json
[2026-06-22 09:52:30,787][finetune_logger][INFO] - Logged epoch 4 info to /public/home/202411094934/python_project/Spatio-Temporal-Library/time-series/2026-06-22/autoformer/finetune20/etth1/time-series/seed_2/training_log.json
2026-06-22 09:53:39 - finetune_logger - INFO - Test metrics: {'MAE': 1.7961223234903232, 'RMSE': 3.259021113713578}
[2026-06-22 09:53:39,337][finetune_logger][INFO] - Test metrics: {'MAE': 1.7961223234903232, 'RMSE': 3.259021113713578}
2026-06-22 09:53:39 - finetune_logger - INFO - Test time: 68.55s
[2026-06-22 09:53:39,337][finetune_logger][INFO] - Test time: 68.55s
2026-06-22 09:53:39 - finetune_logger - INFO - Test memory reserved: 40.00 MB
[2026-06-22 09:53:39,338][finetune_logger][INFO] - Test memory reserved: 40.00 MB
2026-06-22 09:53:39 - finetune_logger - INFO - Test memory allocated: 20.88 MB
[2026-06-22 09:53:39,338][finetune_logger][INFO] - Test memory allocated: 20.88 MB
2026-06-22 09:53:39 - finetune_logger - INFO - Epoch 5/20
[2026-06-22 09:53:39,338][finetune_logger][INFO] - Epoch 5/20
2026-06-22 10:03:48 - finetune_logger - INFO - Train loss: 1.061779294606815
[2026-06-22 10:03:48,161][finetune_logger][INFO] - Train loss: 1.061779294606815
2026-06-22 10:03:48 - finetune_logger - INFO - Train time: 608.8222799301147s
[2026-06-22 10:03:48,161][finetune_logger][INFO] - Train time: 608.8222799301147s
2026-06-22 10:03:48 - finetune_logger - INFO - Train memory reserved: 40.00 MB
[2026-06-22 10:03:48,161][finetune_logger][INFO] - Train memory reserved: 40.00 MB
2026-06-22 10:03:48 - finetune_logger - INFO - Train memory allocated: 20.88 MB
[2026-06-22 10:03:48,161][finetune_logger][INFO] - Train memory allocated: 20.88 MB
2026-06-22 10:03:48 - finetune_logger - INFO - Current learning rate: 0.0005
[2026-06-22 10:03:48,161][finetune_logger][INFO] - Current learning rate: 0.0005
2026-06-22 10:04:56 - finetune_logger - INFO - Validation metrics: {'MAE': 2.1078327348572854, 'RMSE': 3.284352100826441}
[2026-06-22 10:04:56,897][finetune_logger][INFO] - Validation metrics: {'MAE': 2.1078327348572854, 'RMSE': 3.284352100826441}
2026-06-22 10:04:56 - finetune_logger - INFO - Val time: 68.73s
[2026-06-22 10:04:56,897][finetune_logger][INFO] - Val time: 68.73s
2026-06-22 10:04:56 - finetune_logger - INFO - Val memory reserved: 40.00 MB
[2026-06-22 10:04:56,897][finetune_logger][INFO] - Val memory reserved: 40.00 MB
2026-06-22 10:04:56 - finetune_logger - INFO - Val memory allocated: 20.88 MB
[2026-06-22 10:04:56,897][finetune_logger][INFO] - Val memory allocated: 20.88 MB
2026-06-22 10:04:56 - finetune_logger - INFO - Logged epoch 5 info to /public/home/202411094934/python_project/Spatio-Temporal-Library/time-series/2026-06-22/autoformer/finetune20/etth1/time-series/seed_2/training_log.json
[2026-06-22 10:04:56,900][finetune_logger][INFO] - Logged epoch 5 info to /public/home/202411094934/python_project/Spatio-Temporal-Library/time-series/2026-06-22/autoformer/finetune20/etth1/time-series/seed_2/training_log.json
2026-06-22 10:06:05 - finetune_logger - INFO - Test metrics: {'MAE': 1.7787283613568259, 'RMSE': 3.2389548166365922}
[2026-06-22 10:06:05,635][finetune_logger][INFO] - Test metrics: {'MAE': 1.7787283613568259, 'RMSE': 3.2389548166365922}
2026-06-22 10:06:05 - finetune_logger - INFO - Test time: 68.73s
[2026-06-22 10:06:05,635][finetune_logger][INFO] - Test time: 68.73s
2026-06-22 10:06:05 - finetune_logger - INFO - Test memory reserved: 40.00 MB
[2026-06-22 10:06:05,635][finetune_logger][INFO] - Test memory reserved: 40.00 MB
2026-06-22 10:06:05 - finetune_logger - INFO - Test memory allocated: 20.88 MB
[2026-06-22 10:06:05,636][finetune_logger][INFO] - Test memory allocated: 20.88 MB
2026-06-22 10:06:05 - finetune_logger - INFO - Epoch 6/20
[2026-06-22 10:06:05,636][finetune_logger][INFO] - Epoch 6/20
2026-06-22 10:16:13 - finetune_logger - INFO - Train loss: 1.0276273236647135
[2026-06-22 10:16:13,677][finetune_logger][INFO] - Train loss: 1.0276273236647135
2026-06-22 10:16:13 - finetune_logger - INFO - Train time: 608.0407161712646s
[2026-06-22 10:16:13,677][finetune_logger][INFO] - Train time: 608.0407161712646s
2026-06-22 10:16:13 - finetune_logger - INFO - Train memory reserved: 40.00 MB
[2026-06-22 10:16:13,677][finetune_logger][INFO] - Train memory reserved: 40.00 MB
2026-06-22 10:16:13 - finetune_logger - INFO - Train memory allocated: 20.88 MB
[2026-06-22 10:16:13,678][finetune_logger][INFO] - Train memory allocated: 20.88 MB
2026-06-22 10:16:13 - finetune_logger - INFO - Current learning rate: 0.0005
[2026-06-22 10:16:13,678][finetune_logger][INFO] - Current learning rate: 0.0005
2026-06-22 10:17:22 - finetune_logger - INFO - Validation metrics: {'MAE': 2.1381169292359083, 'RMSE': 3.323049059958688}
[2026-06-22 10:17:22,035][finetune_logger][INFO] - Validation metrics: {'MAE': 2.1381169292359083, 'RMSE': 3.323049059958688}
2026-06-22 10:17:22 - finetune_logger - INFO - Val time: 68.36s
[2026-06-22 10:17:22,035][finetune_logger][INFO] - Val time: 68.36s
2026-06-22 10:17:22 - finetune_logger - INFO - Val memory reserved: 40.00 MB
[2026-06-22 10:17:22,035][finetune_logger][INFO] - Val memory reserved: 40.00 MB
2026-06-22 10:17:22 - finetune_logger - INFO - Val memory allocated: 20.88 MB
[2026-06-22 10:17:22,035][finetune_logger][INFO] - Val memory allocated: 20.88 MB
2026-06-22 10:17:22 - finetune_logger - INFO - Logged epoch 6 info to /public/home/202411094934/python_project/Spatio-Temporal-Library/time-series/2026-06-22/autoformer/finetune20/etth1/time-series/seed_2/training_log.json
[2026-06-22 10:17:22,038][finetune_logger][INFO] - Logged epoch 6 info to /public/home/202411094934/python_project/Spatio-Temporal-Library/time-series/2026-06-22/autoformer/finetune20/etth1/time-series/seed_2/training_log.json
2026-06-22 10:18:30 - finetune_logger - INFO - Test metrics: {'MAE': 1.880261191368103, 'RMSE': 3.386961702664692}
[2026-06-22 10:18:30,691][finetune_logger][INFO] - Test metrics: {'MAE': 1.880261191368103, 'RMSE': 3.386961702664692}
2026-06-22 10:18:30 - finetune_logger - INFO - Test time: 68.65s
[2026-06-22 10:18:30,691][finetune_logger][INFO] - Test time: 68.65s
2026-06-22 10:18:30 - finetune_logger - INFO - Test memory reserved: 40.00 MB
[2026-06-22 10:18:30,692][finetune_logger][INFO] - Test memory reserved: 40.00 MB
2026-06-22 10:18:30 - finetune_logger - INFO - Test memory allocated: 20.88 MB
[2026-06-22 10:18:30,692][finetune_logger][INFO] - Test memory allocated: 20.88 MB
2026-06-22 10:18:30 - finetune_logger - INFO - Epoch 7/20
[2026-06-22 10:18:30,692][finetune_logger][INFO] - Epoch 7/20
2026-06-22 10:28:38 - finetune_logger - INFO - Train loss: 0.9994867511640048
[2026-06-22 10:28:38,688][finetune_logger][INFO] - Train loss: 0.9994867511640048
2026-06-22 10:28:38 - finetune_logger - INFO - Train time: 607.9960052967072s
[2026-06-22 10:28:38,689][finetune_logger][INFO] - Train time: 607.9960052967072s
2026-06-22 10:28:38 - finetune_logger - INFO - Train memory reserved: 40.00 MB
[2026-06-22 10:28:38,689][finetune_logger][INFO] - Train memory reserved: 40.00 MB
2026-06-22 10:28:38 - finetune_logger - INFO - Train memory allocated: 20.88 MB
[2026-06-22 10:28:38,689][finetune_logger][INFO] - Train memory allocated: 20.88 MB
2026-06-22 10:28:38 - finetune_logger - INFO - Current learning rate: 0.0005
[2026-06-22 10:28:38,689][finetune_logger][INFO] - Current learning rate: 0.0005
2026-06-22 10:29:47 - finetune_logger - INFO - Validation metrics: {'MAE': 2.1096451604933826, 'RMSE': 3.2775997360774523}
[2026-06-22 10:29:47,141][finetune_logger][INFO] - Validation metrics: {'MAE': 2.1096451604933826, 'RMSE': 3.2775997360774523}
2026-06-22 10:29:47 - finetune_logger - INFO - Val time: 68.45s
[2026-06-22 10:29:47,141][finetune_logger][INFO] - Val time: 68.45s
2026-06-22 10:29:47 - finetune_logger - INFO - Val memory reserved: 40.00 MB
[2026-06-22 10:29:47,141][finetune_logger][INFO] - Val memory reserved: 40.00 MB
2026-06-22 10:29:47 - finetune_logger - INFO - Val memory allocated: 20.88 MB
[2026-06-22 10:29:47,142][finetune_logger][INFO] - Val memory allocated: 20.88 MB
2026-06-22 10:29:47 - finetune_logger - INFO - Logged epoch 7 info to /public/home/202411094934/python_project/Spatio-Temporal-Library/time-series/2026-06-22/autoformer/finetune20/etth1/time-series/seed_2/training_log.json
[2026-06-22 10:29:47,144][finetune_logger][INFO] - Logged epoch 7 info to /public/home/202411094934/python_project/Spatio-Temporal-Library/time-series/2026-06-22/autoformer/finetune20/etth1/time-series/seed_2/training_log.json
2026-06-22 10:30:55 - finetune_logger - INFO - Test metrics: {'MAE': 1.9224311412175472, 'RMSE': 3.4468813149588384}
[2026-06-22 10:30:55,532][finetune_logger][INFO] - Test metrics: {'MAE': 1.9224311412175472, 'RMSE': 3.4468813149588384}
2026-06-22 10:30:55 - finetune_logger - INFO - Test time: 68.39s
[2026-06-22 10:30:55,532][finetune_logger][INFO] - Test time: 68.39s
2026-06-22 10:30:55 - finetune_logger - INFO - Test memory reserved: 40.00 MB
[2026-06-22 10:30:55,532][finetune_logger][INFO] - Test memory reserved: 40.00 MB
2026-06-22 10:30:55 - finetune_logger - INFO - Test memory allocated: 20.88 MB
[2026-06-22 10:30:55,532][finetune_logger][INFO] - Test memory allocated: 20.88 MB
2026-06-22 10:30:55 - finetune_logger - INFO - Epoch 8/20
[2026-06-22 10:30:55,532][finetune_logger][INFO] - Epoch 8/20
2026-06-22 10:41:03 - finetune_logger - INFO - Train loss: 0.9733846709780818
[2026-06-22 10:41:03,744][finetune_logger][INFO] - Train loss: 0.9733846709780818
2026-06-22 10:41:03 - finetune_logger - INFO - Train time: 608.211578130722s
[2026-06-22 10:41:03,745][finetune_logger][INFO] - Train time: 608.211578130722s
2026-06-22 10:41:03 - finetune_logger - INFO - Train memory reserved: 40.00 MB
[2026-06-22 10:41:03,745][finetune_logger][INFO] - Train memory reserved: 40.00 MB
2026-06-22 10:41:03 - finetune_logger - INFO - Train memory allocated: 20.88 MB
[2026-06-22 10:41:03,745][finetune_logger][INFO] - Train memory allocated: 20.88 MB
2026-06-22 10:41:03 - finetune_logger - INFO - Current learning rate: 0.0005
[2026-06-22 10:41:03,745][finetune_logger][INFO] - Current learning rate: 0.0005
2026-06-22 10:42:12 - finetune_logger - INFO - Validation metrics: {'MAE': 2.1308126547223103, 'RMSE': 3.2955503699438835}
[2026-06-22 10:42:12,325][finetune_logger][INFO] - Validation metrics: {'MAE': 2.1308126547223103, 'RMSE': 3.2955503699438835}
2026-06-22 10:42:12 - finetune_logger - INFO - Val time: 68.58s
[2026-06-22 10:42:12,325][finetune_logger][INFO] - Val time: 68.58s
2026-06-22 10:42:12 - finetune_logger - INFO - Val memory reserved: 40.00 MB
[2026-06-22 10:42:12,325][finetune_logger][INFO] - Val memory reserved: 40.00 MB
2026-06-22 10:42:12 - finetune_logger - INFO - Val memory allocated: 20.88 MB
[2026-06-22 10:42:12,325][finetune_logger][INFO] - Val memory allocated: 20.88 MB
2026-06-22 10:42:12 - finetune_logger - INFO - Logged epoch 8 info to /public/home/202411094934/python_project/Spatio-Temporal-Library/time-series/2026-06-22/autoformer/finetune20/etth1/time-series/seed_2/training_log.json
[2026-06-22 10:42:12,328][finetune_logger][INFO] - Logged epoch 8 info to /public/home/202411094934/python_project/Spatio-Temporal-Library/time-series/2026-06-22/autoformer/finetune20/etth1/time-series/seed_2/training_log.json
2026-06-22 10:43:21 - finetune_logger - INFO - Test metrics: {'MAE': 1.9472271740777118, 'RMSE': 3.4513040350505273}
[2026-06-22 10:43:21,140][finetune_logger][INFO] - Test metrics: {'MAE': 1.9472271740777118, 'RMSE': 3.4513040350505273}
2026-06-22 10:43:21 - finetune_logger - INFO - Test time: 68.81s
[2026-06-22 10:43:21,140][finetune_logger][INFO] - Test time: 68.81s
2026-06-22 10:43:21 - finetune_logger - INFO - Test memory reserved: 40.00 MB
[2026-06-22 10:43:21,140][finetune_logger][INFO] - Test memory reserved: 40.00 MB
2026-06-22 10:43:21 - finetune_logger - INFO - Test memory allocated: 20.88 MB
[2026-06-22 10:43:21,141][finetune_logger][INFO] - Test memory allocated: 20.88 MB
2026-06-22 10:43:21 - finetune_logger - INFO - Epoch 9/20
[2026-06-22 10:43:21,141][finetune_logger][INFO] - Epoch 9/20
2026-06-22 10:53:28 - finetune_logger - INFO - Train loss: 0.9548006922202106
[2026-06-22 10:53:28,913][finetune_logger][INFO] - Train loss: 0.9548006922202106
2026-06-22 10:53:28 - finetune_logger - INFO - Train time: 607.7717633247375s
[2026-06-22 10:53:28,913][finetune_logger][INFO] - Train time: 607.7717633247375s
2026-06-22 10:53:28 - finetune_logger - INFO - Train memory reserved: 40.00 MB
[2026-06-22 10:53:28,913][finetune_logger][INFO] - Train memory reserved: 40.00 MB
2026-06-22 10:53:28 - finetune_logger - INFO - Train memory allocated: 20.88 MB
[2026-06-22 10:53:28,914][finetune_logger][INFO] - Train memory allocated: 20.88 MB
2026-06-22 10:53:28 - finetune_logger - INFO - Current learning rate: 0.0005
[2026-06-22 10:53:28,914][finetune_logger][INFO] - Current learning rate: 0.0005
2026-06-22 10:54:37 - finetune_logger - INFO - Validation metrics: {'MAE': 2.0917955397651333, 'RMSE': 3.257873854500907}
[2026-06-22 10:54:37,447][finetune_logger][INFO] - Validation metrics: {'MAE': 2.0917955397651333, 'RMSE': 3.257873854500907}
2026-06-22 10:54:37 - finetune_logger - INFO - Val time: 68.53s
[2026-06-22 10:54:37,447][finetune_logger][INFO] - Val time: 68.53s
2026-06-22 10:54:37 - finetune_logger - INFO - Val memory reserved: 40.00 MB
[2026-06-22 10:54:37,447][finetune_logger][INFO] - Val memory reserved: 40.00 MB
2026-06-22 10:54:37 - finetune_logger - INFO - Val memory allocated: 20.88 MB
[2026-06-22 10:54:37,447][finetune_logger][INFO] - Val memory allocated: 20.88 MB
2026-06-22 10:54:37 - finetune_logger - INFO - Logged epoch 9 info to /public/home/202411094934/python_project/Spatio-Temporal-Library/time-series/2026-06-22/autoformer/finetune20/etth1/time-series/seed_2/training_log.json
[2026-06-22 10:54:37,450][finetune_logger][INFO] - Logged epoch 9 info to /public/home/202411094934/python_project/Spatio-Temporal-Library/time-series/2026-06-22/autoformer/finetune20/etth1/time-series/seed_2/training_log.json
2026-06-22 10:55:46 - finetune_logger - INFO - Test metrics: {'MAE': 1.8893990697406564, 'RMSE': 3.413416893731985}
[2026-06-22 10:55:46,418][finetune_logger][INFO] - Test metrics: {'MAE': 1.8893990697406564, 'RMSE': 3.413416893731985}
2026-06-22 10:55:46 - finetune_logger - INFO - Test time: 68.97s
[2026-06-22 10:55:46,418][finetune_logger][INFO] - Test time: 68.97s
2026-06-22 10:55:46 - finetune_logger - INFO - Test memory reserved: 40.00 MB
[2026-06-22 10:55:46,418][finetune_logger][INFO] - Test memory reserved: 40.00 MB
2026-06-22 10:55:46 - finetune_logger - INFO - Test memory allocated: 20.88 MB
[2026-06-22 10:55:46,418][finetune_logger][INFO] - Test memory allocated: 20.88 MB
2026-06-22 10:55:46 - finetune_logger - INFO - Epoch 10/20
[2026-06-22 10:55:46,419][finetune_logger][INFO] - Epoch 10/20
2026-06-22 11:05:54 - finetune_logger - INFO - Train loss: 0.9389859941009996
[2026-06-22 11:05:54,232][finetune_logger][INFO] - Train loss: 0.9389859941009996
2026-06-22 11:05:54 - finetune_logger - INFO - Train time: 607.812429189682s
[2026-06-22 11:05:54,232][finetune_logger][INFO] - Train time: 607.812429189682s
2026-06-22 11:05:54 - finetune_logger - INFO - Train memory reserved: 40.00 MB
[2026-06-22 11:05:54,232][finetune_logger][INFO] - Train memory reserved: 40.00 MB
2026-06-22 11:05:54 - finetune_logger - INFO - Train memory allocated: 20.88 MB
[2026-06-22 11:05:54,232][finetune_logger][INFO] - Train memory allocated: 20.88 MB
2026-06-22 11:05:54 - finetune_logger - INFO - Current learning rate: 0.0005
[2026-06-22 11:05:54,232][finetune_logger][INFO] - Current learning rate: 0.0005
2026-06-22 11:07:02 - finetune_logger - INFO - Validation metrics: {'MAE': 2.063658507801234, 'RMSE': 3.2131359749748576}
[2026-06-22 11:07:02,830][finetune_logger][INFO] - Validation metrics: {'MAE': 2.063658507801234, 'RMSE': 3.2131359749748576}
2026-06-22 11:07:02 - finetune_logger - INFO - Val time: 68.60s
[2026-06-22 11:07:02,830][finetune_logger][INFO] - Val time: 68.60s
2026-06-22 11:07:02 - finetune_logger - INFO - Val memory reserved: 40.00 MB
[2026-06-22 11:07:02,831][finetune_logger][INFO] - Val memory reserved: 40.00 MB
2026-06-22 11:07:02 - finetune_logger - INFO - Val memory allocated: 20.88 MB
[2026-06-22 11:07:02,831][finetune_logger][INFO] - Val memory allocated: 20.88 MB
2026-06-22 11:07:02 - finetune_logger - INFO - Logged epoch 10 info to /public/home/202411094934/python_project/Spatio-Temporal-Library/time-series/2026-06-22/autoformer/finetune20/etth1/time-series/seed_2/training_log.json
[2026-06-22 11:07:02,834][finetune_logger][INFO] - Logged epoch 10 info to /public/home/202411094934/python_project/Spatio-Temporal-Library/time-series/2026-06-22/autoformer/finetune20/etth1/time-series/seed_2/training_log.json
2026-06-22 11:08:11 - finetune_logger - INFO - Test metrics: {'MAE': 1.8290025092079527, 'RMSE': 3.3214000375838504}
[2026-06-22 11:08:11,563][finetune_logger][INFO] - Test metrics: {'MAE': 1.8290025092079527, 'RMSE': 3.3214000375838504}
2026-06-22 11:08:11 - finetune_logger - INFO - Test time: 68.70s
[2026-06-22 11:08:11,563][finetune_logger][INFO] - Test time: 68.70s
2026-06-22 11:08:11 - finetune_logger - INFO - Test memory reserved: 40.00 MB
[2026-06-22 11:08:11,563][finetune_logger][INFO] - Test memory reserved: 40.00 MB
2026-06-22 11:08:11 - finetune_logger - INFO - Test memory allocated: 20.88 MB
[2026-06-22 11:08:11,563][finetune_logger][INFO] - Test memory allocated: 20.88 MB
2026-06-22 11:08:11 - finetune_logger - INFO - Epoch 11/20
[2026-06-22 11:08:11,563][finetune_logger][INFO] - Epoch 11/20
2026-06-22 11:18:20 - finetune_logger - INFO - Train loss: 0.897712404022771
[2026-06-22 11:18:20,216][finetune_logger][INFO] - Train loss: 0.897712404022771
2026-06-22 11:18:20 - finetune_logger - INFO - Train time: 608.6524531841278s
[2026-06-22 11:18:20,217][finetune_logger][INFO] - Train time: 608.6524531841278s
2026-06-22 11:18:20 - finetune_logger - INFO - Train memory reserved: 40.00 MB
[2026-06-22 11:18:20,217][finetune_logger][INFO] - Train memory reserved: 40.00 MB
2026-06-22 11:18:20 - finetune_logger - INFO - Train memory allocated: 20.88 MB
[2026-06-22 11:18:20,217][finetune_logger][INFO] - Train memory allocated: 20.88 MB
2026-06-22 11:18:20 - finetune_logger - INFO - Current learning rate: 0.00025
[2026-06-22 11:18:20,217][finetune_logger][INFO] - Current learning rate: 0.00025
2026-06-22 11:19:28 - finetune_logger - INFO - Validation metrics: {'MAE': 2.084324365615851, 'RMSE': 3.240349863597328}
[2026-06-22 11:19:28,878][finetune_logger][INFO] - Validation metrics: {'MAE': 2.084324365615851, 'RMSE': 3.240349863597328}
2026-06-22 11:19:28 - finetune_logger - INFO - Val time: 68.66s
[2026-06-22 11:19:28,878][finetune_logger][INFO] - Val time: 68.66s
2026-06-22 11:19:28 - finetune_logger - INFO - Val memory reserved: 40.00 MB
[2026-06-22 11:19:28,878][finetune_logger][INFO] - Val memory reserved: 40.00 MB
2026-06-22 11:19:28 - finetune_logger - INFO - Val memory allocated: 20.88 MB
[2026-06-22 11:19:28,879][finetune_logger][INFO] - Val memory allocated: 20.88 MB
2026-06-22 11:19:28 - finetune_logger - INFO - Logged epoch 11 info to /public/home/202411094934/python_project/Spatio-Temporal-Library/time-series/2026-06-22/autoformer/finetune20/etth1/time-series/seed_2/training_log.json
[2026-06-22 11:19:28,882][finetune_logger][INFO] - Logged epoch 11 info to /public/home/202411094934/python_project/Spatio-Temporal-Library/time-series/2026-06-22/autoformer/finetune20/etth1/time-series/seed_2/training_log.json
2026-06-22 11:20:37 - finetune_logger - INFO - Test metrics: {'MAE': 1.8789308883576146, 'RMSE': 3.350938044593443}
[2026-06-22 11:20:37,376][finetune_logger][INFO] - Test metrics: {'MAE': 1.8789308883576146, 'RMSE': 3.350938044593443}
2026-06-22 11:20:37 - finetune_logger - INFO - Test time: 68.49s
[2026-06-22 11:20:37,377][finetune_logger][INFO] - Test time: 68.49s
2026-06-22 11:20:37 - finetune_logger - INFO - Test memory reserved: 40.00 MB
[2026-06-22 11:20:37,377][finetune_logger][INFO] - Test memory reserved: 40.00 MB
2026-06-22 11:20:37 - finetune_logger - INFO - Test memory allocated: 20.88 MB
[2026-06-22 11:20:37,377][finetune_logger][INFO] - Test memory allocated: 20.88 MB
2026-06-22 11:20:37 - finetune_logger - INFO - Epoch 12/20
[2026-06-22 11:20:37,377][finetune_logger][INFO] - Epoch 12/20
2026-06-22 11:30:45 - finetune_logger - INFO - Train loss: 0.8889542874155364
[2026-06-22 11:30:45,642][finetune_logger][INFO] - Train loss: 0.8889542874155364
2026-06-22 11:30:45 - finetune_logger - INFO - Train time: 608.2643527984619s
[2026-06-22 11:30:45,642][finetune_logger][INFO] - Train time: 608.2643527984619s
2026-06-22 11:30:45 - finetune_logger - INFO - Train memory reserved: 40.00 MB
[2026-06-22 11:30:45,642][finetune_logger][INFO] - Train memory reserved: 40.00 MB
2026-06-22 11:30:45 - finetune_logger - INFO - Train memory allocated: 20.88 MB
[2026-06-22 11:30:45,643][finetune_logger][INFO] - Train memory allocated: 20.88 MB
2026-06-22 11:30:45 - finetune_logger - INFO - Current learning rate: 0.00025
[2026-06-22 11:30:45,643][finetune_logger][INFO] - Current learning rate: 0.00025
2026-06-22 11:31:53 - finetune_logger - INFO - Validation metrics: {'MAE': 2.077044966833925, 'RMSE': 3.2346595140184617}
[2026-06-22 11:31:53,945][finetune_logger][INFO] - Validation metrics: {'MAE': 2.077044966833925, 'RMSE': 3.2346595140184617}
2026-06-22 11:31:53 - finetune_logger - INFO - Val time: 68.30s
[2026-06-22 11:31:53,945][finetune_logger][INFO] - Val time: 68.30s
2026-06-22 11:31:53 - finetune_logger - INFO - Val memory reserved: 40.00 MB
[2026-06-22 11:31:53,946][finetune_logger][INFO] - Val memory reserved: 40.00 MB
2026-06-22 11:31:53 - finetune_logger - INFO - Val memory allocated: 20.88 MB
[2026-06-22 11:31:53,946][finetune_logger][INFO] - Val memory allocated: 20.88 MB
2026-06-22 11:31:53 - finetune_logger - INFO - Logged epoch 12 info to /public/home/202411094934/python_project/Spatio-Temporal-Library/time-series/2026-06-22/autoformer/finetune20/etth1/time-series/seed_2/training_log.json
[2026-06-22 11:31:53,949][finetune_logger][INFO] - Logged epoch 12 info to /public/home/202411094934/python_project/Spatio-Temporal-Library/time-series/2026-06-22/autoformer/finetune20/etth1/time-series/seed_2/training_log.json
2026-06-22 11:33:02 - finetune_logger - INFO - Test metrics: {'MAE': 1.8519624628339506, 'RMSE': 3.3205483192716274}
[2026-06-22 11:33:02,386][finetune_logger][INFO] - Test metrics: {'MAE': 1.8519624628339506, 'RMSE': 3.3205483192716274}
2026-06-22 11:33:02 - finetune_logger - INFO - Test time: 68.44s
[2026-06-22 11:33:02,387][finetune_logger][INFO] - Test time: 68.44s
2026-06-22 11:33:02 - finetune_logger - INFO - Test memory reserved: 40.00 MB
[2026-06-22 11:33:02,387][finetune_logger][INFO] - Test memory reserved: 40.00 MB
2026-06-22 11:33:02 - finetune_logger - INFO - Test memory allocated: 20.88 MB
[2026-06-22 11:33:02,387][finetune_logger][INFO] - Test memory allocated: 20.88 MB
2026-06-22 11:33:02 - finetune_logger - INFO - Epoch 13/20
[2026-06-22 11:33:02,387][finetune_logger][INFO] - Epoch 13/20
2026-06-22 11:43:09 - finetune_logger - INFO - Train loss: 0.8808515701040903
[2026-06-22 11:43:09,745][finetune_logger][INFO] - Train loss: 0.8808515701040903
2026-06-22 11:43:09 - finetune_logger - INFO - Train time: 607.3573889732361s
[2026-06-22 11:43:09,745][finetune_logger][INFO] - Train time: 607.3573889732361s
2026-06-22 11:43:09 - finetune_logger - INFO - Train memory reserved: 40.00 MB
[2026-06-22 11:43:09,745][finetune_logger][INFO] - Train memory reserved: 40.00 MB
2026-06-22 11:43:09 - finetune_logger - INFO - Train memory allocated: 20.88 MB
[2026-06-22 11:43:09,745][finetune_logger][INFO] - Train memory allocated: 20.88 MB
2026-06-22 11:43:09 - finetune_logger - INFO - Current learning rate: 0.00025
[2026-06-22 11:43:09,746][finetune_logger][INFO] - Current learning rate: 0.00025
2026-06-22 11:44:18 - finetune_logger - INFO - Validation metrics: {'MAE': 2.0783927159990596, 'RMSE': 3.2251822912125347}
[2026-06-22 11:44:18,361][finetune_logger][INFO] - Validation metrics: {'MAE': 2.0783927159990596, 'RMSE': 3.2251822912125347}
2026-06-22 11:44:18 - finetune_logger - INFO - Val time: 68.62s
[2026-06-22 11:44:18,362][finetune_logger][INFO] - Val time: 68.62s
2026-06-22 11:44:18 - finetune_logger - INFO - Val memory reserved: 40.00 MB
[2026-06-22 11:44:18,362][finetune_logger][INFO] - Val memory reserved: 40.00 MB
2026-06-22 11:44:18 - finetune_logger - INFO - Val memory allocated: 20.88 MB
[2026-06-22 11:44:18,362][finetune_logger][INFO] - Val memory allocated: 20.88 MB
2026-06-22 11:44:18 - finetune_logger - INFO - Logged epoch 13 info to /public/home/202411094934/python_project/Spatio-Temporal-Library/time-series/2026-06-22/autoformer/finetune20/etth1/time-series/seed_2/training_log.json
[2026-06-22 11:44:18,365][finetune_logger][INFO] - Logged epoch 13 info to /public/home/202411094934/python_project/Spatio-Temporal-Library/time-series/2026-06-22/autoformer/finetune20/etth1/time-series/seed_2/training_log.json
2026-06-22 11:45:26 - finetune_logger - INFO - Test metrics: {'MAE': 1.9135425648008066, 'RMSE': 3.4189971965154062}
[2026-06-22 11:45:26,741][finetune_logger][INFO] - Test metrics: {'MAE': 1.9135425648008066, 'RMSE': 3.4189971965154062}
2026-06-22 11:45:26 - finetune_logger - INFO - Test time: 68.38s
[2026-06-22 11:45:26,741][finetune_logger][INFO] - Test time: 68.38s
2026-06-22 11:45:26 - finetune_logger - INFO - Test memory reserved: 40.00 MB
[2026-06-22 11:45:26,741][finetune_logger][INFO] - Test memory reserved: 40.00 MB
2026-06-22 11:45:26 - finetune_logger - INFO - Test memory allocated: 20.88 MB
[2026-06-22 11:45:26,742][finetune_logger][INFO] - Test memory allocated: 20.88 MB
2026-06-22 11:45:26 - finetune_logger - INFO - Epoch 14/20
[2026-06-22 11:45:26,742][finetune_logger][INFO] - Epoch 14/20
2026-06-22 11:55:35 - finetune_logger - INFO - Train loss: 0.8736728871728762
[2026-06-22 11:55:35,764][finetune_logger][INFO] - Train loss: 0.8736728871728762
2026-06-22 11:55:35 - finetune_logger - INFO - Train time: 609.022266626358s
[2026-06-22 11:55:35,765][finetune_logger][INFO] - Train time: 609.022266626358s
2026-06-22 11:55:35 - finetune_logger - INFO - Train memory reserved: 40.00 MB
[2026-06-22 11:55:35,765][finetune_logger][INFO] - Train memory reserved: 40.00 MB
2026-06-22 11:55:35 - finetune_logger - INFO - Train memory allocated: 20.88 MB
[2026-06-22 11:55:35,765][finetune_logger][INFO] - Train memory allocated: 20.88 MB
2026-06-22 11:55:35 - finetune_logger - INFO - Current learning rate: 0.00025
[2026-06-22 11:55:35,765][finetune_logger][INFO] - Current learning rate: 0.00025
2026-06-22 11:56:44 - finetune_logger - INFO - Validation metrics: {'MAE': 2.0661066768282934, 'RMSE': 3.1950616001401633}
[2026-06-22 11:56:44,095][finetune_logger][INFO] - Validation metrics: {'MAE': 2.0661066768282934, 'RMSE': 3.1950616001401633}
2026-06-22 11:56:44 - finetune_logger - INFO - Val time: 68.33s
[2026-06-22 11:56:44,095][finetune_logger][INFO] - Val time: 68.33s
2026-06-22 11:56:44 - finetune_logger - INFO - Val memory reserved: 40.00 MB
[2026-06-22 11:56:44,095][finetune_logger][INFO] - Val memory reserved: 40.00 MB
2026-06-22 11:56:44 - finetune_logger - INFO - Val memory allocated: 20.88 MB
[2026-06-22 11:56:44,095][finetune_logger][INFO] - Val memory allocated: 20.88 MB
2026-06-22 11:56:44 - finetune_logger - INFO - Logged epoch 14 info to /public/home/202411094934/python_project/Spatio-Temporal-Library/time-series/2026-06-22/autoformer/finetune20/etth1/time-series/seed_2/training_log.json
[2026-06-22 11:56:44,098][finetune_logger][INFO] - Logged epoch 14 info to /public/home/202411094934/python_project/Spatio-Temporal-Library/time-series/2026-06-22/autoformer/finetune20/etth1/time-series/seed_2/training_log.json
2026-06-22 11:57:52 - finetune_logger - INFO - Test metrics: {'MAE': 1.9434273155757291, 'RMSE': 3.4766408885319935}
[2026-06-22 11:57:52,505][finetune_logger][INFO] - Test metrics: {'MAE': 1.9434273155757291, 'RMSE': 3.4766408885319935}
2026-06-22 11:57:52 - finetune_logger - INFO - Test time: 68.41s
[2026-06-22 11:57:52,506][finetune_logger][INFO] - Test time: 68.41s
2026-06-22 11:57:52 - finetune_logger - INFO - Test memory reserved: 40.00 MB
[2026-06-22 11:57:52,506][finetune_logger][INFO] - Test memory reserved: 40.00 MB
2026-06-22 11:57:52 - finetune_logger - INFO - Test memory allocated: 20.88 MB
[2026-06-22 11:57:52,506][finetune_logger][INFO] - Test memory allocated: 20.88 MB
2026-06-22 11:57:52 - finetune_logger - INFO - Epoch 15/20
[2026-06-22 11:57:52,506][finetune_logger][INFO] - Epoch 15/20
2026-06-22 12:08:01 - finetune_logger - INFO - Train loss: 0.867476501554408
[2026-06-22 12:08:01,026][finetune_logger][INFO] - Train loss: 0.867476501554408
2026-06-22 12:08:01 - finetune_logger - INFO - Train time: 608.5191824436188s
[2026-06-22 12:08:01,026][finetune_logger][INFO] - Train time: 608.5191824436188s
2026-06-22 12:08:01 - finetune_logger - INFO - Train memory reserved: 40.00 MB
[2026-06-22 12:08:01,026][finetune_logger][INFO] - Train memory reserved: 40.00 MB
2026-06-22 12:08:01 - finetune_logger - INFO - Train memory allocated: 20.88 MB
[2026-06-22 12:08:01,026][finetune_logger][INFO] - Train memory allocated: 20.88 MB
2026-06-22 12:08:01 - finetune_logger - INFO - Current learning rate: 0.00025
[2026-06-22 12:08:01,026][finetune_logger][INFO] - Current learning rate: 0.00025
2026-06-22 12:09:09 - finetune_logger - INFO - Validation metrics: {'MAE': 2.089931840533303, 'RMSE': 3.247409914697914}
[2026-06-22 12:09:09,512][finetune_logger][INFO] - Validation metrics: {'MAE': 2.089931840533303, 'RMSE': 3.247409914697914}
2026-06-22 12:09:09 - finetune_logger - INFO - Val time: 68.48s
[2026-06-22 12:09:09,512][finetune_logger][INFO] - Val time: 68.48s
2026-06-22 12:09:09 - finetune_logger - INFO - Val memory reserved: 40.00 MB
[2026-06-22 12:09:09,512][finetune_logger][INFO] - Val memory reserved: 40.00 MB
2026-06-22 12:09:09 - finetune_logger - INFO - Val memory allocated: 20.88 MB
[2026-06-22 12:09:09,512][finetune_logger][INFO] - Val memory allocated: 20.88 MB
2026-06-22 12:09:09 - finetune_logger - INFO - Logged epoch 15 info to /public/home/202411094934/python_project/Spatio-Temporal-Library/time-series/2026-06-22/autoformer/finetune20/etth1/time-series/seed_2/training_log.json
[2026-06-22 12:09:09,515][finetune_logger][INFO] - Logged epoch 15 info to /public/home/202411094934/python_project/Spatio-Temporal-Library/time-series/2026-06-22/autoformer/finetune20/etth1/time-series/seed_2/training_log.json
2026-06-22 12:10:18 - finetune_logger - INFO - Test metrics: {'MAE': 1.954698459125699, 'RMSE': 3.477575135685147}
[2026-06-22 12:10:18,210][finetune_logger][INFO] - Test metrics: {'MAE': 1.954698459125699, 'RMSE': 3.477575135685147}
2026-06-22 12:10:18 - finetune_logger - INFO - Test time: 68.69s
[2026-06-22 12:10:18,210][finetune_logger][INFO] - Test time: 68.69s
2026-06-22 12:10:18 - finetune_logger - INFO - Test memory reserved: 40.00 MB
[2026-06-22 12:10:18,210][finetune_logger][INFO] - Test memory reserved: 40.00 MB
2026-06-22 12:10:18 - finetune_logger - INFO - Test memory allocated: 20.88 MB
[2026-06-22 12:10:18,210][finetune_logger][INFO] - Test memory allocated: 20.88 MB
2026-06-22 12:10:18 - finetune_logger - INFO - Epoch 16/20
[2026-06-22 12:10:18,210][finetune_logger][INFO] - Epoch 16/20
2026-06-22 12:20:26 - finetune_logger - INFO - Train loss: 0.8615927985614422
[2026-06-22 12:20:26,088][finetune_logger][INFO] - Train loss: 0.8615927985614422
2026-06-22 12:20:26 - finetune_logger - INFO - Train time: 607.8773818016052s
[2026-06-22 12:20:26,089][finetune_logger][INFO] - Train time: 607.8773818016052s
2026-06-22 12:20:26 - finetune_logger - INFO - Train memory reserved: 40.00 MB
[2026-06-22 12:20:26,089][finetune_logger][INFO] - Train memory reserved: 40.00 MB
2026-06-22 12:20:26 - finetune_logger - INFO - Train memory allocated: 20.88 MB
[2026-06-22 12:20:26,089][finetune_logger][INFO] - Train memory allocated: 20.88 MB
2026-06-22 12:20:26 - finetune_logger - INFO - Current learning rate: 0.00025
[2026-06-22 12:20:26,089][finetune_logger][INFO] - Current learning rate: 0.00025
2026-06-22 12:21:34 - finetune_logger - INFO - Validation metrics: {'MAE': 2.097512046087362, 'RMSE': 3.236701140539991}
[2026-06-22 12:21:34,706][finetune_logger][INFO] - Validation metrics: {'MAE': 2.097512046087362, 'RMSE': 3.236701140539991}
2026-06-22 12:21:34 - finetune_logger - INFO - Val time: 68.62s
[2026-06-22 12:21:34,706][finetune_logger][INFO] - Val time: 68.62s
2026-06-22 12:21:34 - finetune_logger - INFO - Val memory reserved: 40.00 MB
[2026-06-22 12:21:34,706][finetune_logger][INFO] - Val memory reserved: 40.00 MB
2026-06-22 12:21:34 - finetune_logger - INFO - Val memory allocated: 20.88 MB
[2026-06-22 12:21:34,706][finetune_logger][INFO] - Val memory allocated: 20.88 MB
2026-06-22 12:21:34 - finetune_logger - INFO - Logged epoch 16 info to /public/home/202411094934/python_project/Spatio-Temporal-Library/time-series/2026-06-22/autoformer/finetune20/etth1/time-series/seed_2/training_log.json
[2026-06-22 12:21:34,710][finetune_logger][INFO] - Logged epoch 16 info to /public/home/202411094934/python_project/Spatio-Temporal-Library/time-series/2026-06-22/autoformer/finetune20/etth1/time-series/seed_2/training_log.json
2026-06-22 12:22:43 - finetune_logger - INFO - Test metrics: {'MAE': 1.9534125047865383, 'RMSE': 3.492043978055304}
[2026-06-22 12:22:43,169][finetune_logger][INFO] - Test metrics: {'MAE': 1.9534125047865383, 'RMSE': 3.492043978055304}
2026-06-22 12:22:43 - finetune_logger - INFO - Test time: 68.46s
[2026-06-22 12:22:43,169][finetune_logger][INFO] - Test time: 68.46s
2026-06-22 12:22:43 - finetune_logger - INFO - Test memory reserved: 40.00 MB
[2026-06-22 12:22:43,170][finetune_logger][INFO] - Test memory reserved: 40.00 MB
2026-06-22 12:22:43 - finetune_logger - INFO - Test memory allocated: 20.88 MB
[2026-06-22 12:22:43,170][finetune_logger][INFO] - Test memory allocated: 20.88 MB
2026-06-22 12:22:43 - finetune_logger - INFO - Epoch 17/20
[2026-06-22 12:22:43,170][finetune_logger][INFO] - Epoch 17/20
2026-06-22 12:32:50 - finetune_logger - INFO - Train loss: 0.8568484838689867
[2026-06-22 12:32:50,238][finetune_logger][INFO] - Train loss: 0.8568484838689867
2026-06-22 12:32:50 - finetune_logger - INFO - Train time: 607.0674800872803s
[2026-06-22 12:32:50,238][finetune_logger][INFO] - Train time: 607.0674800872803s
2026-06-22 12:32:50 - finetune_logger - INFO - Train memory reserved: 40.00 MB
[2026-06-22 12:32:50,238][finetune_logger][INFO] - Train memory reserved: 40.00 MB
2026-06-22 12:32:50 - finetune_logger - INFO - Train memory allocated: 20.88 MB
[2026-06-22 12:32:50,238][finetune_logger][INFO] - Train memory allocated: 20.88 MB
2026-06-22 12:32:50 - finetune_logger - INFO - Current learning rate: 0.00025
[2026-06-22 12:32:50,238][finetune_logger][INFO] - Current learning rate: 0.00025
2026-06-22 12:33:58 - finetune_logger - INFO - Validation metrics: {'MAE': 2.08889424628303, 'RMSE': 3.2330582779021424}
[2026-06-22 12:33:58,777][finetune_logger][INFO] - Validation metrics: {'MAE': 2.08889424628303, 'RMSE': 3.2330582779021424}
2026-06-22 12:33:58 - finetune_logger - INFO - Val time: 68.54s
[2026-06-22 12:33:58,777][finetune_logger][INFO] - Val time: 68.54s
2026-06-22 12:33:58 - finetune_logger - INFO - Val memory reserved: 40.00 MB
[2026-06-22 12:33:58,777][finetune_logger][INFO] - Val memory reserved: 40.00 MB
2026-06-22 12:33:58 - finetune_logger - INFO - Val memory allocated: 20.88 MB
[2026-06-22 12:33:58,777][finetune_logger][INFO] - Val memory allocated: 20.88 MB
2026-06-22 12:33:58 - finetune_logger - INFO - Logged epoch 17 info to /public/home/202411094934/python_project/Spatio-Temporal-Library/time-series/2026-06-22/autoformer/finetune20/etth1/time-series/seed_2/training_log.json
[2026-06-22 12:33:58,781][finetune_logger][INFO] - Logged epoch 17 info to /public/home/202411094934/python_project/Spatio-Temporal-Library/time-series/2026-06-22/autoformer/finetune20/etth1/time-series/seed_2/training_log.json
2026-06-22 12:35:07 - finetune_logger - INFO - Test metrics: {'MAE': 1.9341154434113246, 'RMSE': 3.4562000367754915}
[2026-06-22 12:35:07,045][finetune_logger][INFO] - Test metrics: {'MAE': 1.9341154434113246, 'RMSE': 3.4562000367754915}
2026-06-22 12:35:07 - finetune_logger - INFO - Test time: 68.26s
[2026-06-22 12:35:07,045][finetune_logger][INFO] - Test time: 68.26s
2026-06-22 12:35:07 - finetune_logger - INFO - Test memory reserved: 40.00 MB
[2026-06-22 12:35:07,045][finetune_logger][INFO] - Test memory reserved: 40.00 MB
2026-06-22 12:35:07 - finetune_logger - INFO - Test memory allocated: 20.88 MB
[2026-06-22 12:35:07,045][finetune_logger][INFO] - Test memory allocated: 20.88 MB
2026-06-22 12:35:07 - finetune_logger - INFO - Epoch 18/20
[2026-06-22 12:35:07,046][finetune_logger][INFO] - Epoch 18/20
2026-06-22 12:45:14 - finetune_logger - INFO - Train loss: 0.8515086235641819
[2026-06-22 12:45:14,755][finetune_logger][INFO] - Train loss: 0.8515086235641819
2026-06-22 12:45:14 - finetune_logger - INFO - Train time: 607.7089281082153s
[2026-06-22 12:45:14,755][finetune_logger][INFO] - Train time: 607.7089281082153s
2026-06-22 12:45:14 - finetune_logger - INFO - Train memory reserved: 40.00 MB
[2026-06-22 12:45:14,756][finetune_logger][INFO] - Train memory reserved: 40.00 MB
2026-06-22 12:45:14 - finetune_logger - INFO - Train memory allocated: 20.88 MB
[2026-06-22 12:45:14,756][finetune_logger][INFO] - Train memory allocated: 20.88 MB
2026-06-22 12:45:14 - finetune_logger - INFO - Current learning rate: 0.00025
[2026-06-22 12:45:14,756][finetune_logger][INFO] - Current learning rate: 0.00025
2026-06-22 12:46:23 - finetune_logger - INFO - Validation metrics: {'MAE': 2.0941258763358794, 'RMSE': 3.2545960705166834}
[2026-06-22 12:46:23,644][finetune_logger][INFO] - Validation metrics: {'MAE': 2.0941258763358794, 'RMSE': 3.2545960705166834}
2026-06-22 12:46:23 - finetune_logger - INFO - Val time: 68.89s
[2026-06-22 12:46:23,644][finetune_logger][INFO] - Val time: 68.89s
2026-06-22 12:46:23 - finetune_logger - INFO - Val memory reserved: 40.00 MB
[2026-06-22 12:46:23,644][finetune_logger][INFO] - Val memory reserved: 40.00 MB
2026-06-22 12:46:23 - finetune_logger - INFO - Val memory allocated: 20.88 MB
[2026-06-22 12:46:23,644][finetune_logger][INFO] - Val memory allocated: 20.88 MB
2026-06-22 12:46:23 - finetune_logger - INFO - Logged epoch 18 info to /public/home/202411094934/python_project/Spatio-Temporal-Library/time-series/2026-06-22/autoformer/finetune20/etth1/time-series/seed_2/training_log.json
[2026-06-22 12:46:23,647][finetune_logger][INFO] - Logged epoch 18 info to /public/home/202411094934/python_project/Spatio-Temporal-Library/time-series/2026-06-22/autoformer/finetune20/etth1/time-series/seed_2/training_log.json
2026-06-22 12:47:32 - finetune_logger - INFO - Test metrics: {'MAE': 1.9101016903831836, 'RMSE': 3.4172760233652077}
[2026-06-22 12:47:32,513][finetune_logger][INFO] - Test metrics: {'MAE': 1.9101016903831836, 'RMSE': 3.4172760233652077}
2026-06-22 12:47:32 - finetune_logger - INFO - Test time: 68.87s
[2026-06-22 12:47:32,514][finetune_logger][INFO] - Test time: 68.87s
2026-06-22 12:47:32 - finetune_logger - INFO - Test memory reserved: 40.00 MB
[2026-06-22 12:47:32,514][finetune_logger][INFO] - Test memory reserved: 40.00 MB
2026-06-22 12:47:32 - finetune_logger - INFO - Test memory allocated: 20.88 MB
[2026-06-22 12:47:32,514][finetune_logger][INFO] - Test memory allocated: 20.88 MB
2026-06-22 12:47:32 - finetune_logger - INFO - Epoch 19/20
[2026-06-22 12:47:32,514][finetune_logger][INFO] - Epoch 19/20
2026-06-22 12:57:41 - finetune_logger - INFO - Train loss: 0.8462600651992908
[2026-06-22 12:57:41,499][finetune_logger][INFO] - Train loss: 0.8462600651992908
2026-06-22 12:57:41 - finetune_logger - INFO - Train time: 608.9841010570526s
[2026-06-22 12:57:41,499][finetune_logger][INFO] - Train time: 608.9841010570526s
2026-06-22 12:57:41 - finetune_logger - INFO - Train memory reserved: 40.00 MB
[2026-06-22 12:57:41,499][finetune_logger][INFO] - Train memory reserved: 40.00 MB
2026-06-22 12:57:41 - finetune_logger - INFO - Train memory allocated: 20.88 MB
[2026-06-22 12:57:41,499][finetune_logger][INFO] - Train memory allocated: 20.88 MB
2026-06-22 12:57:41 - finetune_logger - INFO - Current learning rate: 0.00025
[2026-06-22 12:57:41,499][finetune_logger][INFO] - Current learning rate: 0.00025
2026-06-22 12:58:50 - finetune_logger - INFO - Validation metrics: {'MAE': 2.099234050841559, 'RMSE': 3.262303607622775}
[2026-06-22 12:58:50,342][finetune_logger][INFO] - Validation metrics: {'MAE': 2.099234050841559, 'RMSE': 3.262303607622775}
2026-06-22 12:58:50 - finetune_logger - INFO - Val time: 68.84s
[2026-06-22 12:58:50,343][finetune_logger][INFO] - Val time: 68.84s
2026-06-22 12:58:50 - finetune_logger - INFO - Val memory reserved: 40.00 MB
[2026-06-22 12:58:50,343][finetune_logger][INFO] - Val memory reserved: 40.00 MB
2026-06-22 12:58:50 - finetune_logger - INFO - Val memory allocated: 20.88 MB
[2026-06-22 12:58:50,343][finetune_logger][INFO] - Val memory allocated: 20.88 MB
2026-06-22 12:58:50 - finetune_logger - INFO - Logged epoch 19 info to /public/home/202411094934/python_project/Spatio-Temporal-Library/time-series/2026-06-22/autoformer/finetune20/etth1/time-series/seed_2/training_log.json
[2026-06-22 12:58:50,346][finetune_logger][INFO] - Logged epoch 19 info to /public/home/202411094934/python_project/Spatio-Temporal-Library/time-series/2026-06-22/autoformer/finetune20/etth1/time-series/seed_2/training_log.json
2026-06-22 12:59:59 - finetune_logger - INFO - Test metrics: {'MAE': 1.9613141926810824, 'RMSE': 3.5337570329393664}
[2026-06-22 12:59:59,180][finetune_logger][INFO] - Test metrics: {'MAE': 1.9613141926810824, 'RMSE': 3.5337570329393664}
2026-06-22 12:59:59 - finetune_logger - INFO - Test time: 68.83s
[2026-06-22 12:59:59,180][finetune_logger][INFO] - Test time: 68.83s
2026-06-22 12:59:59 - finetune_logger - INFO - Test memory reserved: 40.00 MB
[2026-06-22 12:59:59,180][finetune_logger][INFO] - Test memory reserved: 40.00 MB
2026-06-22 12:59:59 - finetune_logger - INFO - Test memory allocated: 20.88 MB
[2026-06-22 12:59:59,180][finetune_logger][INFO] - Test memory allocated: 20.88 MB
2026-06-22 12:59:59 - finetune_logger - INFO - Epoch 20/20
[2026-06-22 12:59:59,180][finetune_logger][INFO] - Epoch 20/20
2026-06-22 13:10:07 - finetune_logger - INFO - Train loss: 0.8417967694887597
[2026-06-22 13:10:07,891][finetune_logger][INFO] - Train loss: 0.8417967694887597
2026-06-22 13:10:07 - finetune_logger - INFO - Train time: 608.709555387497s
[2026-06-22 13:10:07,891][finetune_logger][INFO] - Train time: 608.709555387497s
2026-06-22 13:10:07 - finetune_logger - INFO - Train memory reserved: 40.00 MB
[2026-06-22 13:10:07,891][finetune_logger][INFO] - Train memory reserved: 40.00 MB
2026-06-22 13:10:07 - finetune_logger - INFO - Train memory allocated: 20.88 MB
[2026-06-22 13:10:07,891][finetune_logger][INFO] - Train memory allocated: 20.88 MB
2026-06-22 13:10:07 - finetune_logger - INFO - Current learning rate: 0.00025
[2026-06-22 13:10:07,891][finetune_logger][INFO] - Current learning rate: 0.00025
2026-06-22 13:11:16 - finetune_logger - INFO - Validation metrics: {'MAE': 2.1196123643148526, 'RMSE': 3.3082257471084575}
[2026-06-22 13:11:16,444][finetune_logger][INFO] - Validation metrics: {'MAE': 2.1196123643148526, 'RMSE': 3.3082257471084575}
2026-06-22 13:11:16 - finetune_logger - INFO - Val time: 68.55s
[2026-06-22 13:11:16,444][finetune_logger][INFO] - Val time: 68.55s
2026-06-22 13:11:16 - finetune_logger - INFO - Val memory reserved: 40.00 MB
[2026-06-22 13:11:16,445][finetune_logger][INFO] - Val memory reserved: 40.00 MB
2026-06-22 13:11:16 - finetune_logger - INFO - Val memory allocated: 20.88 MB
[2026-06-22 13:11:16,445][finetune_logger][INFO] - Val memory allocated: 20.88 MB
2026-06-22 13:11:16 - finetune_logger - INFO - Logged epoch 20 info to /public/home/202411094934/python_project/Spatio-Temporal-Library/time-series/2026-06-22/autoformer/finetune20/etth1/time-series/seed_2/training_log.json
[2026-06-22 13:11:16,448][finetune_logger][INFO] - Logged epoch 20 info to /public/home/202411094934/python_project/Spatio-Temporal-Library/time-series/2026-06-22/autoformer/finetune20/etth1/time-series/seed_2/training_log.json
2026-06-22 13:12:25 - finetune_logger - INFO - Test metrics: {'MAE': 1.9331718293598663, 'RMSE': 3.464122267586841}
[2026-06-22 13:12:25,157][finetune_logger][INFO] - Test metrics: {'MAE': 1.9331718293598663, 'RMSE': 3.464122267586841}
2026-06-22 13:12:25 - finetune_logger - INFO - Test time: 68.68s
[2026-06-22 13:12:25,158][finetune_logger][INFO] - Test time: 68.68s
2026-06-22 13:12:25 - finetune_logger - INFO - Test memory reserved: 40.00 MB
[2026-06-22 13:12:25,158][finetune_logger][INFO] - Test memory reserved: 40.00 MB
2026-06-22 13:12:25 - finetune_logger - INFO - Test memory allocated: 20.88 MB
[2026-06-22 13:12:25,158][finetune_logger][INFO] - Test memory allocated: 20.88 MB
2026-06-22 13:12:25 - finetune_logger - INFO - Training completed. Best epoch: 2, Best val loss: 2.007736
[2026-06-22 13:12:25,158][finetune_logger][INFO] - Training completed. Best epoch: 2, Best val loss: 2.007736
2026-06-22 13:12:25 - finetune_logger - INFO - Loaded checkpoint from epoch 2
[2026-06-22 13:12:25,196][finetune_logger][INFO] - Loaded checkpoint from epoch 2
2026-06-22 13:12:25 - finetune_logger - INFO - Evaluating best model on test sets...
[2026-06-22 13:12:25,197][finetune_logger][INFO] - Evaluating best model on test sets...
2026-06-22 13:13:33 - finetune_logger - INFO - Test metrics: {'MAE': 1.7501724714551685, 'RMSE': 3.169842896325252}
[2026-06-22 13:13:33,671][finetune_logger][INFO] - Test metrics: {'MAE': 1.7501724714551685, 'RMSE': 3.169842896325252}
2026-06-22 13:13:33 - finetune_logger - INFO - Test time: 68.47s
[2026-06-22 13:13:33,671][finetune_logger][INFO] - Test time: 68.47s
2026-06-22 13:13:33 - finetune_logger - INFO - Test memory reserved: 60.00 MB
[2026-06-22 13:13:33,672][finetune_logger][INFO] - Test memory reserved: 60.00 MB
2026-06-22 13:13:33 - finetune_logger - INFO - Test memory allocated: 20.91 MB
[2026-06-22 13:13:33,672][finetune_logger][INFO] - Test memory allocated: 20.91 MB
2026-06-22 13:13:33 - finetune_logger - INFO - Logged epoch test info to /public/home/202411094934/python_project/Spatio-Temporal-Library/time-series/2026-06-22/autoformer/finetune20/etth1/time-series/seed_2/training_log.json
[2026-06-22 13:13:33,675][finetune_logger][INFO] - Logged epoch test info to /public/home/202411094934/python_project/Spatio-Temporal-Library/time-series/2026-06-22/autoformer/finetune20/etth1/time-series/seed_2/training_log.json
