2026-06-20 14:33:22 - finetune_logger - INFO - Loaded pretrained checkpoint from: /public/home/202411094934/python_project/Spatio-Temporal-Library/time-series/2026-06-20/patchtst/pretrain10/traffic/time-series/seed_1/jepa_pretrain_epoch_10.pth
Missing keys: []
Unexpected keys: []
[2026-06-20 14:33:22,178][finetune_logger][INFO] - Loaded pretrained checkpoint from: /public/home/202411094934/python_project/Spatio-Temporal-Library/time-series/2026-06-20/patchtst/pretrain10/traffic/time-series/seed_1/jepa_pretrain_epoch_10.pth
Missing keys: []
Unexpected keys: []
2026-06-20 14:33:22 - finetune_logger - INFO - Model parameters: 70,802,882
[2026-06-20 14:33:22,266][finetune_logger][INFO] - Model parameters: 70,802,882
2026-06-20 14:33:22 - finetune_logger - INFO - Created new log file at /public/home/202411094934/python_project/Spatio-Temporal-Library/time-series/2026-06-20/patchtst/pretrain10_finetune10/traffic/time-series/seed_1/training_log.json
[2026-06-20 14:33:22,272][finetune_logger][INFO] - Created new log file at /public/home/202411094934/python_project/Spatio-Temporal-Library/time-series/2026-06-20/patchtst/pretrain10_finetune10/traffic/time-series/seed_1/training_log.json
2026-06-20 14:33:22 - finetune_logger - INFO - Starting training...
[2026-06-20 14:33:22,272][finetune_logger][INFO] - Starting training...
2026-06-20 14:33:22 - finetune_logger - INFO - Epoch 1/10
[2026-06-20 14:33:22,273][finetune_logger][INFO] - Epoch 1/10
2026-06-20 15:40:55 - finetune_logger - INFO - Train loss: 0.02453413820757731
[2026-06-20 15:40:55,720][finetune_logger][INFO] - Train loss: 0.02453413820757731
2026-06-20 15:40:55 - finetune_logger - INFO - Train time: 4053.446307182312s
[2026-06-20 15:40:55,721][finetune_logger][INFO] - Train time: 4053.446307182312s
2026-06-20 15:40:55 - finetune_logger - INFO - Train memory reserved: 1562.00 MB
[2026-06-20 15:40:55,721][finetune_logger][INFO] - Train memory reserved: 1562.00 MB
2026-06-20 15:40:55 - finetune_logger - INFO - Train memory allocated: 826.56 MB
[2026-06-20 15:40:55,721][finetune_logger][INFO] - Train memory allocated: 826.56 MB
2026-06-20 15:40:55 - finetune_logger - INFO - Current learning rate: 0.0005
[2026-06-20 15:40:55,721][finetune_logger][INFO] - Current learning rate: 0.0005
2026-06-20 15:42:49 - finetune_logger - INFO - Validation metrics: {'MAE': 0.015553966391983231, 'RMSE': 0.03186211103027953}
[2026-06-20 15:42:49,387][finetune_logger][INFO] - Validation metrics: {'MAE': 0.015553966391983231, 'RMSE': 0.03186211103027953}
2026-06-20 15:42:49 - finetune_logger - INFO - Val time: 113.67s
[2026-06-20 15:42:49,388][finetune_logger][INFO] - Val time: 113.67s
2026-06-20 15:42:49 - finetune_logger - INFO - Val memory reserved: 1562.00 MB
[2026-06-20 15:42:49,388][finetune_logger][INFO] - Val memory reserved: 1562.00 MB
2026-06-20 15:42:49 - finetune_logger - INFO - Val memory allocated: 826.56 MB
[2026-06-20 15:42:49,388][finetune_logger][INFO] - Val memory allocated: 826.56 MB
2026-06-20 15:42:49 - finetune_logger - INFO - Logged epoch 1 info to /public/home/202411094934/python_project/Spatio-Temporal-Library/time-series/2026-06-20/patchtst/pretrain10_finetune10/traffic/time-series/seed_1/training_log.json
[2026-06-20 15:42:49,393][finetune_logger][INFO] - Logged epoch 1 info to /public/home/202411094934/python_project/Spatio-Temporal-Library/time-series/2026-06-20/patchtst/pretrain10_finetune10/traffic/time-series/seed_1/training_log.json
2026-06-20 15:42:49 - finetune_logger - INFO - New best model! Val loss: 0.015554
[2026-06-20 15:42:49,393][finetune_logger][INFO] - New best model! Val loss: 0.015554
2026-06-20 15:46:57 - finetune_logger - INFO - Test metrics: {'MAE': 0.01747058143184025, 'RMSE': 0.03550193477965617}
[2026-06-20 15:46:57,324][finetune_logger][INFO] - Test metrics: {'MAE': 0.01747058143184025, 'RMSE': 0.03550193477965617}
2026-06-20 15:46:57 - finetune_logger - INFO - Test time: 245.09s
[2026-06-20 15:46:57,324][finetune_logger][INFO] - Test time: 245.09s
2026-06-20 15:46:57 - finetune_logger - INFO - Test memory reserved: 1562.00 MB
[2026-06-20 15:46:57,324][finetune_logger][INFO] - Test memory reserved: 1562.00 MB
2026-06-20 15:46:57 - finetune_logger - INFO - Test memory allocated: 826.56 MB
[2026-06-20 15:46:57,324][finetune_logger][INFO] - Test memory allocated: 826.56 MB
2026-06-20 15:46:57 - finetune_logger - INFO - Epoch 2/10
[2026-06-20 15:46:57,324][finetune_logger][INFO] - Epoch 2/10
2026-06-20 16:54:27 - finetune_logger - INFO - Train loss: 0.014133427081060322
[2026-06-20 16:54:27,176][finetune_logger][INFO] - Train loss: 0.014133427081060322
2026-06-20 16:54:27 - finetune_logger - INFO - Train time: 4049.8500320911407s
[2026-06-20 16:54:27,176][finetune_logger][INFO] - Train time: 4049.8500320911407s
2026-06-20 16:54:27 - finetune_logger - INFO - Train memory reserved: 1562.00 MB
[2026-06-20 16:54:27,176][finetune_logger][INFO] - Train memory reserved: 1562.00 MB
2026-06-20 16:54:27 - finetune_logger - INFO - Train memory allocated: 826.56 MB
[2026-06-20 16:54:27,177][finetune_logger][INFO] - Train memory allocated: 826.56 MB
2026-06-20 16:54:27 - finetune_logger - INFO - Current learning rate: 0.0005
[2026-06-20 16:54:27,177][finetune_logger][INFO] - Current learning rate: 0.0005
2026-06-20 16:56:20 - finetune_logger - INFO - Validation metrics: {'MAE': 0.014253353812496301, 'RMSE': 0.02989889287810431}
[2026-06-20 16:56:20,579][finetune_logger][INFO] - Validation metrics: {'MAE': 0.014253353812496301, 'RMSE': 0.02989889287810431}
2026-06-20 16:56:20 - finetune_logger - INFO - Val time: 113.40s
[2026-06-20 16:56:20,580][finetune_logger][INFO] - Val time: 113.40s
2026-06-20 16:56:20 - finetune_logger - INFO - Val memory reserved: 1562.00 MB
[2026-06-20 16:56:20,580][finetune_logger][INFO] - Val memory reserved: 1562.00 MB
2026-06-20 16:56:20 - finetune_logger - INFO - Val memory allocated: 826.56 MB
[2026-06-20 16:56:20,580][finetune_logger][INFO] - Val memory allocated: 826.56 MB
2026-06-20 16:56:20 - finetune_logger - INFO - Logged epoch 2 info to /public/home/202411094934/python_project/Spatio-Temporal-Library/time-series/2026-06-20/patchtst/pretrain10_finetune10/traffic/time-series/seed_1/training_log.json
[2026-06-20 16:56:20,585][finetune_logger][INFO] - Logged epoch 2 info to /public/home/202411094934/python_project/Spatio-Temporal-Library/time-series/2026-06-20/patchtst/pretrain10_finetune10/traffic/time-series/seed_1/training_log.json
2026-06-20 16:56:20 - finetune_logger - INFO - New best model! Val loss: 0.014253
[2026-06-20 16:56:20,585][finetune_logger][INFO] - New best model! Val loss: 0.014253
2026-06-20 17:00:29 - finetune_logger - INFO - Test metrics: {'MAE': 0.0161669901828246, 'RMSE': 0.03344966305130828}
[2026-06-20 17:00:29,974][finetune_logger][INFO] - Test metrics: {'MAE': 0.0161669901828246, 'RMSE': 0.03344966305130828}
2026-06-20 17:00:29 - finetune_logger - INFO - Test time: 246.56s
[2026-06-20 17:00:29,975][finetune_logger][INFO] - Test time: 246.56s
2026-06-20 17:00:29 - finetune_logger - INFO - Test memory reserved: 1562.00 MB
[2026-06-20 17:00:29,975][finetune_logger][INFO] - Test memory reserved: 1562.00 MB
2026-06-20 17:00:29 - finetune_logger - INFO - Test memory allocated: 826.56 MB
[2026-06-20 17:00:29,975][finetune_logger][INFO] - Test memory allocated: 826.56 MB
2026-06-20 17:00:29 - finetune_logger - INFO - Epoch 3/10
[2026-06-20 17:00:29,976][finetune_logger][INFO] - Epoch 3/10
2026-06-20 18:08:09 - finetune_logger - INFO - Train loss: 0.013005239813590466
[2026-06-20 18:08:09,475][finetune_logger][INFO] - Train loss: 0.013005239813590466
2026-06-20 18:08:09 - finetune_logger - INFO - Train time: 4059.4978442192078s
[2026-06-20 18:08:09,475][finetune_logger][INFO] - Train time: 4059.4978442192078s
2026-06-20 18:08:09 - finetune_logger - INFO - Train memory reserved: 1562.00 MB
[2026-06-20 18:08:09,475][finetune_logger][INFO] - Train memory reserved: 1562.00 MB
2026-06-20 18:08:09 - finetune_logger - INFO - Train memory allocated: 826.56 MB
[2026-06-20 18:08:09,475][finetune_logger][INFO] - Train memory allocated: 826.56 MB
2026-06-20 18:08:09 - finetune_logger - INFO - Current learning rate: 0.0005
[2026-06-20 18:08:09,476][finetune_logger][INFO] - Current learning rate: 0.0005
2026-06-20 18:10:03 - finetune_logger - INFO - Validation metrics: {'MAE': 0.013776080590300575, 'RMSE': 0.02919036868942267}
[2026-06-20 18:10:03,313][finetune_logger][INFO] - Validation metrics: {'MAE': 0.013776080590300575, 'RMSE': 0.02919036868942267}
2026-06-20 18:10:03 - finetune_logger - INFO - Val time: 113.84s
[2026-06-20 18:10:03,314][finetune_logger][INFO] - Val time: 113.84s
2026-06-20 18:10:03 - finetune_logger - INFO - Val memory reserved: 1562.00 MB
[2026-06-20 18:10:03,314][finetune_logger][INFO] - Val memory reserved: 1562.00 MB
2026-06-20 18:10:03 - finetune_logger - INFO - Val memory allocated: 826.56 MB
[2026-06-20 18:10:03,314][finetune_logger][INFO] - Val memory allocated: 826.56 MB
2026-06-20 18:10:03 - finetune_logger - INFO - Logged epoch 3 info to /public/home/202411094934/python_project/Spatio-Temporal-Library/time-series/2026-06-20/patchtst/pretrain10_finetune10/traffic/time-series/seed_1/training_log.json
[2026-06-20 18:10:03,318][finetune_logger][INFO] - Logged epoch 3 info to /public/home/202411094934/python_project/Spatio-Temporal-Library/time-series/2026-06-20/patchtst/pretrain10_finetune10/traffic/time-series/seed_1/training_log.json
2026-06-20 18:10:03 - finetune_logger - INFO - New best model! Val loss: 0.013776
[2026-06-20 18:10:03,318][finetune_logger][INFO] - New best model! Val loss: 0.013776
2026-06-20 18:14:11 - finetune_logger - INFO - Test metrics: {'MAE': 0.015673246675853354, 'RMSE': 0.03267530014083232}
[2026-06-20 18:14:11,326][finetune_logger][INFO] - Test metrics: {'MAE': 0.015673246675853354, 'RMSE': 0.03267530014083232}
2026-06-20 18:14:11 - finetune_logger - INFO - Test time: 245.16s
[2026-06-20 18:14:11,328][finetune_logger][INFO] - Test time: 245.16s
2026-06-20 18:14:11 - finetune_logger - INFO - Test memory reserved: 1562.00 MB
[2026-06-20 18:14:11,328][finetune_logger][INFO] - Test memory reserved: 1562.00 MB
2026-06-20 18:14:11 - finetune_logger - INFO - Test memory allocated: 826.56 MB
[2026-06-20 18:14:11,328][finetune_logger][INFO] - Test memory allocated: 826.56 MB
2026-06-20 18:14:11 - finetune_logger - INFO - Epoch 4/10
[2026-06-20 18:14:11,328][finetune_logger][INFO] - Epoch 4/10
2026-06-20 19:21:49 - finetune_logger - INFO - Train loss: 0.012424372710334121
[2026-06-20 19:21:49,013][finetune_logger][INFO] - Train loss: 0.012424372710334121
2026-06-20 19:21:49 - finetune_logger - INFO - Train time: 4057.6827552318573s
[2026-06-20 19:21:49,013][finetune_logger][INFO] - Train time: 4057.6827552318573s
2026-06-20 19:21:49 - finetune_logger - INFO - Train memory reserved: 1562.00 MB
[2026-06-20 19:21:49,013][finetune_logger][INFO] - Train memory reserved: 1562.00 MB
2026-06-20 19:21:49 - finetune_logger - INFO - Train memory allocated: 826.56 MB
[2026-06-20 19:21:49,013][finetune_logger][INFO] - Train memory allocated: 826.56 MB
2026-06-20 19:21:49 - finetune_logger - INFO - Current learning rate: 0.0005
[2026-06-20 19:21:49,013][finetune_logger][INFO] - Current learning rate: 0.0005
2026-06-20 19:23:42 - finetune_logger - INFO - Validation metrics: {'MAE': 0.013595180968698667, 'RMSE': 0.028624941921079047}
[2026-06-20 19:23:42,358][finetune_logger][INFO] - Validation metrics: {'MAE': 0.013595180968698667, 'RMSE': 0.028624941921079047}
2026-06-20 19:23:42 - finetune_logger - INFO - Val time: 113.34s
[2026-06-20 19:23:42,358][finetune_logger][INFO] - Val time: 113.34s
2026-06-20 19:23:42 - finetune_logger - INFO - Val memory reserved: 1562.00 MB
[2026-06-20 19:23:42,358][finetune_logger][INFO] - Val memory reserved: 1562.00 MB
2026-06-20 19:23:42 - finetune_logger - INFO - Val memory allocated: 826.56 MB
[2026-06-20 19:23:42,358][finetune_logger][INFO] - Val memory allocated: 826.56 MB
2026-06-20 19:23:42 - finetune_logger - INFO - Logged epoch 4 info to /public/home/202411094934/python_project/Spatio-Temporal-Library/time-series/2026-06-20/patchtst/pretrain10_finetune10/traffic/time-series/seed_1/training_log.json
[2026-06-20 19:23:42,362][finetune_logger][INFO] - Logged epoch 4 info to /public/home/202411094934/python_project/Spatio-Temporal-Library/time-series/2026-06-20/patchtst/pretrain10_finetune10/traffic/time-series/seed_1/training_log.json
2026-06-20 19:23:42 - finetune_logger - INFO - New best model! Val loss: 0.013595
[2026-06-20 19:23:42,362][finetune_logger][INFO] - New best model! Val loss: 0.013595
2026-06-20 19:27:51 - finetune_logger - INFO - Test metrics: {'MAE': 0.015484780393907072, 'RMSE': 0.032064634944368085}
[2026-06-20 19:27:51,359][finetune_logger][INFO] - Test metrics: {'MAE': 0.015484780393907072, 'RMSE': 0.032064634944368085}
2026-06-20 19:27:51 - finetune_logger - INFO - Test time: 246.05s
[2026-06-20 19:27:51,360][finetune_logger][INFO] - Test time: 246.05s
2026-06-20 19:27:51 - finetune_logger - INFO - Test memory reserved: 1562.00 MB
[2026-06-20 19:27:51,360][finetune_logger][INFO] - Test memory reserved: 1562.00 MB
2026-06-20 19:27:51 - finetune_logger - INFO - Test memory allocated: 826.56 MB
[2026-06-20 19:27:51,361][finetune_logger][INFO] - Test memory allocated: 826.56 MB
2026-06-20 19:27:51 - finetune_logger - INFO - Epoch 5/10
[2026-06-20 19:27:51,361][finetune_logger][INFO] - Epoch 5/10
2026-06-20 20:35:12 - finetune_logger - INFO - Train loss: 0.011985647344957953
[2026-06-20 20:35:12,831][finetune_logger][INFO] - Train loss: 0.011985647344957953
2026-06-20 20:35:12 - finetune_logger - INFO - Train time: 4041.4692780971527s
[2026-06-20 20:35:12,832][finetune_logger][INFO] - Train time: 4041.4692780971527s
2026-06-20 20:35:12 - finetune_logger - INFO - Train memory reserved: 1562.00 MB
[2026-06-20 20:35:12,832][finetune_logger][INFO] - Train memory reserved: 1562.00 MB
2026-06-20 20:35:12 - finetune_logger - INFO - Train memory allocated: 826.56 MB
[2026-06-20 20:35:12,832][finetune_logger][INFO] - Train memory allocated: 826.56 MB
2026-06-20 20:35:12 - finetune_logger - INFO - Current learning rate: 0.0005
[2026-06-20 20:35:12,832][finetune_logger][INFO] - Current learning rate: 0.0005
2026-06-20 20:37:06 - finetune_logger - INFO - Validation metrics: {'MAE': 0.013250262055886497, 'RMSE': 0.0285739409063182}
[2026-06-20 20:37:06,389][finetune_logger][INFO] - Validation metrics: {'MAE': 0.013250262055886497, 'RMSE': 0.0285739409063182}
2026-06-20 20:37:06 - finetune_logger - INFO - Val time: 113.56s
[2026-06-20 20:37:06,389][finetune_logger][INFO] - Val time: 113.56s
2026-06-20 20:37:06 - finetune_logger - INFO - Val memory reserved: 1562.00 MB
[2026-06-20 20:37:06,389][finetune_logger][INFO] - Val memory reserved: 1562.00 MB
2026-06-20 20:37:06 - finetune_logger - INFO - Val memory allocated: 826.56 MB
[2026-06-20 20:37:06,389][finetune_logger][INFO] - Val memory allocated: 826.56 MB
2026-06-20 20:37:06 - finetune_logger - INFO - Logged epoch 5 info to /public/home/202411094934/python_project/Spatio-Temporal-Library/time-series/2026-06-20/patchtst/pretrain10_finetune10/traffic/time-series/seed_1/training_log.json
[2026-06-20 20:37:06,394][finetune_logger][INFO] - Logged epoch 5 info to /public/home/202411094934/python_project/Spatio-Temporal-Library/time-series/2026-06-20/patchtst/pretrain10_finetune10/traffic/time-series/seed_1/training_log.json
2026-06-20 20:37:06 - finetune_logger - INFO - New best model! Val loss: 0.013250
[2026-06-20 20:37:06,394][finetune_logger][INFO] - New best model! Val loss: 0.013250
2026-06-20 20:41:15 - finetune_logger - INFO - Test metrics: {'MAE': 0.01501108223712569, 'RMSE': 0.031889600047523954}
[2026-06-20 20:41:15,062][finetune_logger][INFO] - Test metrics: {'MAE': 0.01501108223712569, 'RMSE': 0.031889600047523954}
2026-06-20 20:41:15 - finetune_logger - INFO - Test time: 245.74s
[2026-06-20 20:41:15,063][finetune_logger][INFO] - Test time: 245.74s
2026-06-20 20:41:15 - finetune_logger - INFO - Test memory reserved: 1562.00 MB
[2026-06-20 20:41:15,063][finetune_logger][INFO] - Test memory reserved: 1562.00 MB
2026-06-20 20:41:15 - finetune_logger - INFO - Test memory allocated: 826.56 MB
[2026-06-20 20:41:15,063][finetune_logger][INFO] - Test memory allocated: 826.56 MB
2026-06-20 20:41:15 - finetune_logger - INFO - Epoch 6/10
[2026-06-20 20:41:15,063][finetune_logger][INFO] - Epoch 6/10
2026-06-20 21:48:52 - finetune_logger - INFO - Train loss: 0.011665243167205531
[2026-06-20 21:48:52,896][finetune_logger][INFO] - Train loss: 0.011665243167205531
2026-06-20 21:48:52 - finetune_logger - INFO - Train time: 4057.8312859535217s
[2026-06-20 21:48:52,896][finetune_logger][INFO] - Train time: 4057.8312859535217s
2026-06-20 21:48:52 - finetune_logger - INFO - Train memory reserved: 1562.00 MB
[2026-06-20 21:48:52,896][finetune_logger][INFO] - Train memory reserved: 1562.00 MB
2026-06-20 21:48:52 - finetune_logger - INFO - Train memory allocated: 826.56 MB
[2026-06-20 21:48:52,897][finetune_logger][INFO] - Train memory allocated: 826.56 MB
2026-06-20 21:48:52 - finetune_logger - INFO - Current learning rate: 0.0005
[2026-06-20 21:48:52,897][finetune_logger][INFO] - Current learning rate: 0.0005
2026-06-20 21:50:47 - finetune_logger - INFO - Validation metrics: {'MAE': 0.012996773738749521, 'RMSE': 0.0281092623041183}
[2026-06-20 21:50:47,063][finetune_logger][INFO] - Validation metrics: {'MAE': 0.012996773738749521, 'RMSE': 0.0281092623041183}
2026-06-20 21:50:47 - finetune_logger - INFO - Val time: 114.17s
[2026-06-20 21:50:47,063][finetune_logger][INFO] - Val time: 114.17s
2026-06-20 21:50:47 - finetune_logger - INFO - Val memory reserved: 1562.00 MB
[2026-06-20 21:50:47,063][finetune_logger][INFO] - Val memory reserved: 1562.00 MB
2026-06-20 21:50:47 - finetune_logger - INFO - Val memory allocated: 826.56 MB
[2026-06-20 21:50:47,063][finetune_logger][INFO] - Val memory allocated: 826.56 MB
2026-06-20 21:50:47 - finetune_logger - INFO - Logged epoch 6 info to /public/home/202411094934/python_project/Spatio-Temporal-Library/time-series/2026-06-20/patchtst/pretrain10_finetune10/traffic/time-series/seed_1/training_log.json
[2026-06-20 21:50:47,067][finetune_logger][INFO] - Logged epoch 6 info to /public/home/202411094934/python_project/Spatio-Temporal-Library/time-series/2026-06-20/patchtst/pretrain10_finetune10/traffic/time-series/seed_1/training_log.json
2026-06-20 21:50:47 - finetune_logger - INFO - New best model! Val loss: 0.012997
[2026-06-20 21:50:47,067][finetune_logger][INFO] - New best model! Val loss: 0.012997
2026-06-20 21:54:56 - finetune_logger - INFO - Test metrics: {'MAE': 0.014784254750291246, 'RMSE': 0.03140659468983817}
[2026-06-20 21:54:56,790][finetune_logger][INFO] - Test metrics: {'MAE': 0.014784254750291246, 'RMSE': 0.03140659468983817}
2026-06-20 21:54:56 - finetune_logger - INFO - Test time: 246.75s
[2026-06-20 21:54:56,790][finetune_logger][INFO] - Test time: 246.75s
2026-06-20 21:54:56 - finetune_logger - INFO - Test memory reserved: 1562.00 MB
[2026-06-20 21:54:56,791][finetune_logger][INFO] - Test memory reserved: 1562.00 MB
2026-06-20 21:54:56 - finetune_logger - INFO - Test memory allocated: 826.56 MB
[2026-06-20 21:54:56,791][finetune_logger][INFO] - Test memory allocated: 826.56 MB
2026-06-20 21:54:56 - finetune_logger - INFO - Epoch 7/10
[2026-06-20 21:54:56,791][finetune_logger][INFO] - Epoch 7/10
2026-06-20 23:02:36 - finetune_logger - INFO - Train loss: 0.011427319150751037
[2026-06-20 23:02:36,141][finetune_logger][INFO] - Train loss: 0.011427319150751037
2026-06-20 23:02:36 - finetune_logger - INFO - Train time: 4059.348701953888s
[2026-06-20 23:02:36,141][finetune_logger][INFO] - Train time: 4059.348701953888s
2026-06-20 23:02:36 - finetune_logger - INFO - Train memory reserved: 1562.00 MB
[2026-06-20 23:02:36,142][finetune_logger][INFO] - Train memory reserved: 1562.00 MB
2026-06-20 23:02:36 - finetune_logger - INFO - Train memory allocated: 826.56 MB
[2026-06-20 23:02:36,142][finetune_logger][INFO] - Train memory allocated: 826.56 MB
2026-06-20 23:02:36 - finetune_logger - INFO - Current learning rate: 0.0005
[2026-06-20 23:02:36,142][finetune_logger][INFO] - Current learning rate: 0.0005
2026-06-20 23:04:29 - finetune_logger - INFO - Validation metrics: {'MAE': 0.012968976903033301, 'RMSE': 0.028130473429865237}
[2026-06-20 23:04:29,655][finetune_logger][INFO] - Validation metrics: {'MAE': 0.012968976903033301, 'RMSE': 0.028130473429865237}
2026-06-20 23:04:29 - finetune_logger - INFO - Val time: 113.51s
[2026-06-20 23:04:29,655][finetune_logger][INFO] - Val time: 113.51s
2026-06-20 23:04:29 - finetune_logger - INFO - Val memory reserved: 1562.00 MB
[2026-06-20 23:04:29,655][finetune_logger][INFO] - Val memory reserved: 1562.00 MB
2026-06-20 23:04:29 - finetune_logger - INFO - Val memory allocated: 826.56 MB
[2026-06-20 23:04:29,655][finetune_logger][INFO] - Val memory allocated: 826.56 MB
2026-06-20 23:04:29 - finetune_logger - INFO - Logged epoch 7 info to /public/home/202411094934/python_project/Spatio-Temporal-Library/time-series/2026-06-20/patchtst/pretrain10_finetune10/traffic/time-series/seed_1/training_log.json
[2026-06-20 23:04:29,661][finetune_logger][INFO] - Logged epoch 7 info to /public/home/202411094934/python_project/Spatio-Temporal-Library/time-series/2026-06-20/patchtst/pretrain10_finetune10/traffic/time-series/seed_1/training_log.json
2026-06-20 23:04:29 - finetune_logger - INFO - New best model! Val loss: 0.012969
[2026-06-20 23:04:29,661][finetune_logger][INFO] - New best model! Val loss: 0.012969
2026-06-20 23:08:38 - finetune_logger - INFO - Test metrics: {'MAE': 0.014724454785569864, 'RMSE': 0.03140744517990788}
[2026-06-20 23:08:38,615][finetune_logger][INFO] - Test metrics: {'MAE': 0.014724454785569864, 'RMSE': 0.03140744517990788}
2026-06-20 23:08:38 - finetune_logger - INFO - Test time: 246.08s
[2026-06-20 23:08:38,616][finetune_logger][INFO] - Test time: 246.08s
2026-06-20 23:08:38 - finetune_logger - INFO - Test memory reserved: 1562.00 MB
[2026-06-20 23:08:38,616][finetune_logger][INFO] - Test memory reserved: 1562.00 MB
2026-06-20 23:08:38 - finetune_logger - INFO - Test memory allocated: 826.56 MB
[2026-06-20 23:08:38,616][finetune_logger][INFO] - Test memory allocated: 826.56 MB
2026-06-20 23:08:38 - finetune_logger - INFO - Epoch 8/10
[2026-06-20 23:08:38,616][finetune_logger][INFO] - Epoch 8/10
2026-06-21 00:16:12 - finetune_logger - INFO - Train loss: 0.011240793865584504
[2026-06-21 00:16:12,211][finetune_logger][INFO] - Train loss: 0.011240793865584504
2026-06-21 00:16:12 - finetune_logger - INFO - Train time: 4053.5940132141113s
[2026-06-21 00:16:12,212][finetune_logger][INFO] - Train time: 4053.5940132141113s
2026-06-21 00:16:12 - finetune_logger - INFO - Train memory reserved: 1562.00 MB
[2026-06-21 00:16:12,212][finetune_logger][INFO] - Train memory reserved: 1562.00 MB
2026-06-21 00:16:12 - finetune_logger - INFO - Train memory allocated: 826.56 MB
[2026-06-21 00:16:12,212][finetune_logger][INFO] - Train memory allocated: 826.56 MB
2026-06-21 00:16:12 - finetune_logger - INFO - Current learning rate: 0.0005
[2026-06-21 00:16:12,212][finetune_logger][INFO] - Current learning rate: 0.0005
2026-06-21 00:18:05 - finetune_logger - INFO - Validation metrics: {'MAE': 0.013065329407421935, 'RMSE': 0.02810196120359046}
[2026-06-21 00:18:05,220][finetune_logger][INFO] - Validation metrics: {'MAE': 0.013065329407421935, 'RMSE': 0.02810196120359046}
2026-06-21 00:18:05 - finetune_logger - INFO - Val time: 113.01s
[2026-06-21 00:18:05,220][finetune_logger][INFO] - Val time: 113.01s
2026-06-21 00:18:05 - finetune_logger - INFO - Val memory reserved: 1562.00 MB
[2026-06-21 00:18:05,221][finetune_logger][INFO] - Val memory reserved: 1562.00 MB
2026-06-21 00:18:05 - finetune_logger - INFO - Val memory allocated: 826.56 MB
[2026-06-21 00:18:05,221][finetune_logger][INFO] - Val memory allocated: 826.56 MB
2026-06-21 00:18:05 - finetune_logger - INFO - Logged epoch 8 info to /public/home/202411094934/python_project/Spatio-Temporal-Library/time-series/2026-06-20/patchtst/pretrain10_finetune10/traffic/time-series/seed_1/training_log.json
[2026-06-21 00:18:05,225][finetune_logger][INFO] - Logged epoch 8 info to /public/home/202411094934/python_project/Spatio-Temporal-Library/time-series/2026-06-20/patchtst/pretrain10_finetune10/traffic/time-series/seed_1/training_log.json
2026-06-21 00:22:12 - finetune_logger - INFO - Test metrics: {'MAE': 0.014848517274309503, 'RMSE': 0.03139713813483525}
[2026-06-21 00:22:12,023][finetune_logger][INFO] - Test metrics: {'MAE': 0.014848517274309503, 'RMSE': 0.03139713813483525}
2026-06-21 00:22:12 - finetune_logger - INFO - Test time: 246.80s
[2026-06-21 00:22:12,023][finetune_logger][INFO] - Test time: 246.80s
2026-06-21 00:22:12 - finetune_logger - INFO - Test memory reserved: 1562.00 MB
[2026-06-21 00:22:12,023][finetune_logger][INFO] - Test memory reserved: 1562.00 MB
2026-06-21 00:22:12 - finetune_logger - INFO - Test memory allocated: 826.56 MB
[2026-06-21 00:22:12,023][finetune_logger][INFO] - Test memory allocated: 826.56 MB
2026-06-21 00:22:12 - finetune_logger - INFO - Epoch 9/10
[2026-06-21 00:22:12,024][finetune_logger][INFO] - Epoch 9/10
2026-06-21 01:29:43 - finetune_logger - INFO - Train loss: 0.011101997197913563
[2026-06-21 01:29:43,897][finetune_logger][INFO] - Train loss: 0.011101997197913563
2026-06-21 01:29:43 - finetune_logger - INFO - Train time: 4051.871750354767s
[2026-06-21 01:29:43,898][finetune_logger][INFO] - Train time: 4051.871750354767s
2026-06-21 01:29:43 - finetune_logger - INFO - Train memory reserved: 1562.00 MB
[2026-06-21 01:29:43,898][finetune_logger][INFO] - Train memory reserved: 1562.00 MB
2026-06-21 01:29:43 - finetune_logger - INFO - Train memory allocated: 826.56 MB
[2026-06-21 01:29:43,899][finetune_logger][INFO] - Train memory allocated: 826.56 MB
2026-06-21 01:29:43 - finetune_logger - INFO - Current learning rate: 0.0005
[2026-06-21 01:29:43,899][finetune_logger][INFO] - Current learning rate: 0.0005
2026-06-21 01:31:37 - finetune_logger - INFO - Validation metrics: {'MAE': 0.01287632242399327, 'RMSE': 0.02781433031569324}
[2026-06-21 01:31:37,870][finetune_logger][INFO] - Validation metrics: {'MAE': 0.01287632242399327, 'RMSE': 0.02781433031569324}
2026-06-21 01:31:37 - finetune_logger - INFO - Val time: 113.97s
[2026-06-21 01:31:37,870][finetune_logger][INFO] - Val time: 113.97s
2026-06-21 01:31:37 - finetune_logger - INFO - Val memory reserved: 1562.00 MB
[2026-06-21 01:31:37,870][finetune_logger][INFO] - Val memory reserved: 1562.00 MB
2026-06-21 01:31:37 - finetune_logger - INFO - Val memory allocated: 826.56 MB
[2026-06-21 01:31:37,870][finetune_logger][INFO] - Val memory allocated: 826.56 MB
2026-06-21 01:31:37 - finetune_logger - INFO - Logged epoch 9 info to /public/home/202411094934/python_project/Spatio-Temporal-Library/time-series/2026-06-20/patchtst/pretrain10_finetune10/traffic/time-series/seed_1/training_log.json
[2026-06-21 01:31:37,876][finetune_logger][INFO] - Logged epoch 9 info to /public/home/202411094934/python_project/Spatio-Temporal-Library/time-series/2026-06-20/patchtst/pretrain10_finetune10/traffic/time-series/seed_1/training_log.json
2026-06-21 01:31:37 - finetune_logger - INFO - New best model! Val loss: 0.012876
[2026-06-21 01:31:37,876][finetune_logger][INFO] - New best model! Val loss: 0.012876
2026-06-21 01:35:47 - finetune_logger - INFO - Test metrics: {'MAE': 0.01468699967743293, 'RMSE': 0.031103108817004732}
[2026-06-21 01:35:47,204][finetune_logger][INFO] - Test metrics: {'MAE': 0.01468699967743293, 'RMSE': 0.031103108817004732}
2026-06-21 01:35:47 - finetune_logger - INFO - Test time: 246.54s
[2026-06-21 01:35:47,205][finetune_logger][INFO] - Test time: 246.54s
2026-06-21 01:35:47 - finetune_logger - INFO - Test memory reserved: 1562.00 MB
[2026-06-21 01:35:47,205][finetune_logger][INFO] - Test memory reserved: 1562.00 MB
2026-06-21 01:35:47 - finetune_logger - INFO - Test memory allocated: 826.56 MB
[2026-06-21 01:35:47,205][finetune_logger][INFO] - Test memory allocated: 826.56 MB
2026-06-21 01:35:47 - finetune_logger - INFO - Epoch 10/10
[2026-06-21 01:35:47,205][finetune_logger][INFO] - Epoch 10/10
2026-06-21 02:42:38 - finetune_logger - INFO - Train loss: 0.010972065599732019
[2026-06-21 02:42:38,804][finetune_logger][INFO] - Train loss: 0.010972065599732019
2026-06-21 02:42:38 - finetune_logger - INFO - Train time: 4011.5979948043823s
[2026-06-21 02:42:38,805][finetune_logger][INFO] - Train time: 4011.5979948043823s
2026-06-21 02:42:38 - finetune_logger - INFO - Train memory reserved: 1562.00 MB
[2026-06-21 02:42:38,805][finetune_logger][INFO] - Train memory reserved: 1562.00 MB
2026-06-21 02:42:38 - finetune_logger - INFO - Train memory allocated: 826.56 MB
[2026-06-21 02:42:38,805][finetune_logger][INFO] - Train memory allocated: 826.56 MB
2026-06-21 02:42:38 - finetune_logger - INFO - Current learning rate: 0.0005
[2026-06-21 02:42:38,805][finetune_logger][INFO] - Current learning rate: 0.0005
2026-06-21 02:44:32 - finetune_logger - INFO - Validation metrics: {'MAE': 0.012866237779844381, 'RMSE': 0.027876839974896303}
[2026-06-21 02:44:32,201][finetune_logger][INFO] - Validation metrics: {'MAE': 0.012866237779844381, 'RMSE': 0.027876839974896303}
2026-06-21 02:44:32 - finetune_logger - INFO - Val time: 113.40s
[2026-06-21 02:44:32,201][finetune_logger][INFO] - Val time: 113.40s
2026-06-21 02:44:32 - finetune_logger - INFO - Val memory reserved: 1562.00 MB
[2026-06-21 02:44:32,201][finetune_logger][INFO] - Val memory reserved: 1562.00 MB
2026-06-21 02:44:32 - finetune_logger - INFO - Val memory allocated: 826.56 MB
[2026-06-21 02:44:32,202][finetune_logger][INFO] - Val memory allocated: 826.56 MB
2026-06-21 02:44:32 - finetune_logger - INFO - Logged epoch 10 info to /public/home/202411094934/python_project/Spatio-Temporal-Library/time-series/2026-06-20/patchtst/pretrain10_finetune10/traffic/time-series/seed_1/training_log.json
[2026-06-21 02:44:32,207][finetune_logger][INFO] - Logged epoch 10 info to /public/home/202411094934/python_project/Spatio-Temporal-Library/time-series/2026-06-20/patchtst/pretrain10_finetune10/traffic/time-series/seed_1/training_log.json
2026-06-21 02:44:32 - finetune_logger - INFO - New best model! Val loss: 0.012866
[2026-06-21 02:44:32,207][finetune_logger][INFO] - New best model! Val loss: 0.012866
2026-06-21 02:48:40 - finetune_logger - INFO - Test metrics: {'MAE': 0.014619524841312691, 'RMSE': 0.031138216138755857}
[2026-06-21 02:48:40,979][finetune_logger][INFO] - Test metrics: {'MAE': 0.014619524841312691, 'RMSE': 0.031138216138755857}
2026-06-21 02:48:40 - finetune_logger - INFO - Test time: 245.93s
[2026-06-21 02:48:40,980][finetune_logger][INFO] - Test time: 245.93s
2026-06-21 02:48:40 - finetune_logger - INFO - Test memory reserved: 1562.00 MB
[2026-06-21 02:48:40,980][finetune_logger][INFO] - Test memory reserved: 1562.00 MB
2026-06-21 02:48:40 - finetune_logger - INFO - Test memory allocated: 826.56 MB
[2026-06-21 02:48:40,980][finetune_logger][INFO] - Test memory allocated: 826.56 MB
2026-06-21 02:48:40 - finetune_logger - INFO - Training completed. Best epoch: 10, Best val loss: 0.012866
[2026-06-21 02:48:40,980][finetune_logger][INFO] - Training completed. Best epoch: 10, Best val loss: 0.012866
2026-06-21 02:48:43 - finetune_logger - INFO - Loaded checkpoint from epoch 10
[2026-06-21 02:48:43,954][finetune_logger][INFO] - Loaded checkpoint from epoch 10
2026-06-21 02:48:43 - finetune_logger - INFO - Evaluating best model on test sets...
[2026-06-21 02:48:43,958][finetune_logger][INFO] - Evaluating best model on test sets...
2026-06-21 02:52:49 - finetune_logger - INFO - Test metrics: {'MAE': 0.014619524841312691, 'RMSE': 0.031138216138755857}
[2026-06-21 02:52:49,997][finetune_logger][INFO] - Test metrics: {'MAE': 0.014619524841312691, 'RMSE': 0.031138216138755857}
2026-06-21 02:52:49 - finetune_logger - INFO - Test time: 246.04s
[2026-06-21 02:52:49,997][finetune_logger][INFO] - Test time: 246.04s
2026-06-21 02:52:49 - finetune_logger - INFO - Test memory reserved: 1846.00 MB
[2026-06-21 02:52:49,997][finetune_logger][INFO] - Test memory reserved: 1846.00 MB
2026-06-21 02:52:49 - finetune_logger - INFO - Test memory allocated: 827.42 MB
[2026-06-21 02:52:49,998][finetune_logger][INFO] - Test memory allocated: 827.42 MB
2026-06-21 02:52:50 - finetune_logger - INFO - Logged epoch test info to /public/home/202411094934/python_project/Spatio-Temporal-Library/time-series/2026-06-20/patchtst/pretrain10_finetune10/traffic/time-series/seed_1/training_log.json
[2026-06-21 02:52:50,001][finetune_logger][INFO] - Logged epoch test info to /public/home/202411094934/python_project/Spatio-Temporal-Library/time-series/2026-06-20/patchtst/pretrain10_finetune10/traffic/time-series/seed_1/training_log.json
