2026-06-16 00:43:03 - pretrain_logger - INFO - Model parameters: 158,912
[2026-06-16 00:43:03,838][pretrain_logger][INFO] - Model parameters: 158,912
2026-06-16 00:43:05 - pretrain_logger - INFO - Created new log file at /public/home/202411094934/python_project/Spatio-Temporal-Library/time-series/2026-06-16/itransformer/pretrain10/pulse/time-series/seed_0/training_log.json
[2026-06-16 00:43:05,181][pretrain_logger][INFO] - Created new log file at /public/home/202411094934/python_project/Spatio-Temporal-Library/time-series/2026-06-16/itransformer/pretrain10/pulse/time-series/seed_0/training_log.json
2026-06-16 00:43:05 - pretrain_logger - INFO - Starting JEPA pretraining...
[2026-06-16 00:43:05,181][pretrain_logger][INFO] - Starting JEPA pretraining...
2026-06-16 00:47:26 - pretrain_logger - INFO - [JEPA Pretrain] Epoch 1/10, loss=0.163012, time=261.40s
[2026-06-16 00:47:26,577][pretrain_logger][INFO] - [JEPA Pretrain] Epoch 1/10, loss=0.163012, time=261.40s
2026-06-16 00:47:26 - pretrain_logger - INFO - Pretrain loss: 0.16301194943376354
[2026-06-16 00:47:26,578][pretrain_logger][INFO] - Pretrain loss: 0.16301194943376354
2026-06-16 00:47:26 - pretrain_logger - INFO - Pretrain time: 261.3957054615021s
[2026-06-16 00:47:26,578][pretrain_logger][INFO] - Pretrain time: 261.3957054615021s
2026-06-16 00:47:26 - pretrain_logger - INFO - Pretrain memory reserved: 24.00 MB
[2026-06-16 00:47:26,578][pretrain_logger][INFO] - Pretrain memory reserved: 24.00 MB
2026-06-16 00:47:26 - pretrain_logger - INFO - Pretrain memory allocated: 18.04 MB
[2026-06-16 00:47:26,578][pretrain_logger][INFO] - Pretrain memory allocated: 18.04 MB
2026-06-16 00:47:26 - pretrain_logger - INFO - Current learning rate: 0.0005
[2026-06-16 00:47:26,578][pretrain_logger][INFO] - Current learning rate: 0.0005
2026-06-16 00:47:26 - pretrain_logger - INFO - Logged epoch Pretrain 1 info to /public/home/202411094934/python_project/Spatio-Temporal-Library/time-series/2026-06-16/itransformer/pretrain10/pulse/time-series/seed_0/training_log.json
[2026-06-16 00:47:26,582][pretrain_logger][INFO] - Logged epoch Pretrain 1 info to /public/home/202411094934/python_project/Spatio-Temporal-Library/time-series/2026-06-16/itransformer/pretrain10/pulse/time-series/seed_0/training_log.json
2026-06-16 00:51:44 - pretrain_logger - INFO - [JEPA Pretrain] Epoch 2/10, loss=0.124160, time=258.17s
[2026-06-16 00:51:44,748][pretrain_logger][INFO] - [JEPA Pretrain] Epoch 2/10, loss=0.124160, time=258.17s
2026-06-16 00:51:44 - pretrain_logger - INFO - Pretrain loss: 0.12416047660512611
[2026-06-16 00:51:44,770][pretrain_logger][INFO] - Pretrain loss: 0.12416047660512611
2026-06-16 00:51:44 - pretrain_logger - INFO - Pretrain time: 258.166068315506s
[2026-06-16 00:51:44,771][pretrain_logger][INFO] - Pretrain time: 258.166068315506s
2026-06-16 00:51:44 - pretrain_logger - INFO - Pretrain memory reserved: 24.00 MB
[2026-06-16 00:51:44,771][pretrain_logger][INFO] - Pretrain memory reserved: 24.00 MB
2026-06-16 00:51:44 - pretrain_logger - INFO - Pretrain memory allocated: 18.04 MB
[2026-06-16 00:51:44,771][pretrain_logger][INFO] - Pretrain memory allocated: 18.04 MB
2026-06-16 00:51:44 - pretrain_logger - INFO - Current learning rate: 0.0005
[2026-06-16 00:51:44,771][pretrain_logger][INFO] - Current learning rate: 0.0005
2026-06-16 00:51:44 - pretrain_logger - INFO - Logged epoch Pretrain 2 info to /public/home/202411094934/python_project/Spatio-Temporal-Library/time-series/2026-06-16/itransformer/pretrain10/pulse/time-series/seed_0/training_log.json
[2026-06-16 00:51:44,773][pretrain_logger][INFO] - Logged epoch Pretrain 2 info to /public/home/202411094934/python_project/Spatio-Temporal-Library/time-series/2026-06-16/itransformer/pretrain10/pulse/time-series/seed_0/training_log.json
2026-06-16 00:56:04 - pretrain_logger - INFO - [JEPA Pretrain] Epoch 3/10, loss=0.113342, time=260.05s
[2026-06-16 00:56:04,823][pretrain_logger][INFO] - [JEPA Pretrain] Epoch 3/10, loss=0.113342, time=260.05s
2026-06-16 00:56:04 - pretrain_logger - INFO - Pretrain loss: 0.11334152878328142
[2026-06-16 00:56:04,824][pretrain_logger][INFO] - Pretrain loss: 0.11334152878328142
2026-06-16 00:56:04 - pretrain_logger - INFO - Pretrain time: 260.0498490333557s
[2026-06-16 00:56:04,824][pretrain_logger][INFO] - Pretrain time: 260.0498490333557s
2026-06-16 00:56:04 - pretrain_logger - INFO - Pretrain memory reserved: 24.00 MB
[2026-06-16 00:56:04,824][pretrain_logger][INFO] - Pretrain memory reserved: 24.00 MB
2026-06-16 00:56:04 - pretrain_logger - INFO - Pretrain memory allocated: 18.04 MB
[2026-06-16 00:56:04,824][pretrain_logger][INFO] - Pretrain memory allocated: 18.04 MB
2026-06-16 00:56:04 - pretrain_logger - INFO - Current learning rate: 0.0005
[2026-06-16 00:56:04,825][pretrain_logger][INFO] - Current learning rate: 0.0005
2026-06-16 00:56:04 - pretrain_logger - INFO - Logged epoch Pretrain 3 info to /public/home/202411094934/python_project/Spatio-Temporal-Library/time-series/2026-06-16/itransformer/pretrain10/pulse/time-series/seed_0/training_log.json
[2026-06-16 00:56:04,827][pretrain_logger][INFO] - Logged epoch Pretrain 3 info to /public/home/202411094934/python_project/Spatio-Temporal-Library/time-series/2026-06-16/itransformer/pretrain10/pulse/time-series/seed_0/training_log.json
2026-06-16 01:00:24 - pretrain_logger - INFO - [JEPA Pretrain] Epoch 4/10, loss=0.109865, time=260.00s
[2026-06-16 01:00:24,825][pretrain_logger][INFO] - [JEPA Pretrain] Epoch 4/10, loss=0.109865, time=260.00s
2026-06-16 01:00:24 - pretrain_logger - INFO - Pretrain loss: 0.10986527826307756
[2026-06-16 01:00:24,846][pretrain_logger][INFO] - Pretrain loss: 0.10986527826307756
2026-06-16 01:00:24 - pretrain_logger - INFO - Pretrain time: 259.99787497520447s
[2026-06-16 01:00:24,846][pretrain_logger][INFO] - Pretrain time: 259.99787497520447s
2026-06-16 01:00:24 - pretrain_logger - INFO - Pretrain memory reserved: 24.00 MB
[2026-06-16 01:00:24,847][pretrain_logger][INFO] - Pretrain memory reserved: 24.00 MB
2026-06-16 01:00:24 - pretrain_logger - INFO - Pretrain memory allocated: 18.04 MB
[2026-06-16 01:00:24,847][pretrain_logger][INFO] - Pretrain memory allocated: 18.04 MB
2026-06-16 01:00:24 - pretrain_logger - INFO - Current learning rate: 0.0005
[2026-06-16 01:00:24,847][pretrain_logger][INFO] - Current learning rate: 0.0005
2026-06-16 01:00:24 - pretrain_logger - INFO - Logged epoch Pretrain 4 info to /public/home/202411094934/python_project/Spatio-Temporal-Library/time-series/2026-06-16/itransformer/pretrain10/pulse/time-series/seed_0/training_log.json
[2026-06-16 01:00:24,849][pretrain_logger][INFO] - Logged epoch Pretrain 4 info to /public/home/202411094934/python_project/Spatio-Temporal-Library/time-series/2026-06-16/itransformer/pretrain10/pulse/time-series/seed_0/training_log.json
2026-06-16 01:04:44 - pretrain_logger - INFO - [JEPA Pretrain] Epoch 5/10, loss=0.105706, time=260.00s
[2026-06-16 01:04:44,854][pretrain_logger][INFO] - [JEPA Pretrain] Epoch 5/10, loss=0.105706, time=260.00s
2026-06-16 01:04:44 - pretrain_logger - INFO - Pretrain loss: 0.10570589207971916
[2026-06-16 01:04:44,855][pretrain_logger][INFO] - Pretrain loss: 0.10570589207971916
2026-06-16 01:04:44 - pretrain_logger - INFO - Pretrain time: 260.00469398498535s
[2026-06-16 01:04:44,855][pretrain_logger][INFO] - Pretrain time: 260.00469398498535s
2026-06-16 01:04:44 - pretrain_logger - INFO - Pretrain memory reserved: 24.00 MB
[2026-06-16 01:04:44,855][pretrain_logger][INFO] - Pretrain memory reserved: 24.00 MB
2026-06-16 01:04:44 - pretrain_logger - INFO - Pretrain memory allocated: 18.04 MB
[2026-06-16 01:04:44,855][pretrain_logger][INFO] - Pretrain memory allocated: 18.04 MB
2026-06-16 01:04:44 - pretrain_logger - INFO - Current learning rate: 0.0005
[2026-06-16 01:04:44,855][pretrain_logger][INFO] - Current learning rate: 0.0005
2026-06-16 01:04:44 - pretrain_logger - INFO - Logged epoch Pretrain 5 info to /public/home/202411094934/python_project/Spatio-Temporal-Library/time-series/2026-06-16/itransformer/pretrain10/pulse/time-series/seed_0/training_log.json
[2026-06-16 01:04:44,858][pretrain_logger][INFO] - Logged epoch Pretrain 5 info to /public/home/202411094934/python_project/Spatio-Temporal-Library/time-series/2026-06-16/itransformer/pretrain10/pulse/time-series/seed_0/training_log.json
2026-06-16 01:09:04 - pretrain_logger - INFO - [JEPA Pretrain] Epoch 6/10, loss=0.106416, time=259.81s
[2026-06-16 01:09:04,664][pretrain_logger][INFO] - [JEPA Pretrain] Epoch 6/10, loss=0.106416, time=259.81s
2026-06-16 01:09:04 - pretrain_logger - INFO - Pretrain loss: 0.10641619753364855
[2026-06-16 01:09:04,685][pretrain_logger][INFO] - Pretrain loss: 0.10641619753364855
2026-06-16 01:09:04 - pretrain_logger - INFO - Pretrain time: 259.8062319755554s
[2026-06-16 01:09:04,686][pretrain_logger][INFO] - Pretrain time: 259.8062319755554s
2026-06-16 01:09:04 - pretrain_logger - INFO - Pretrain memory reserved: 24.00 MB
[2026-06-16 01:09:04,686][pretrain_logger][INFO] - Pretrain memory reserved: 24.00 MB
2026-06-16 01:09:04 - pretrain_logger - INFO - Pretrain memory allocated: 18.04 MB
[2026-06-16 01:09:04,686][pretrain_logger][INFO] - Pretrain memory allocated: 18.04 MB
2026-06-16 01:09:04 - pretrain_logger - INFO - Current learning rate: 0.0005
[2026-06-16 01:09:04,686][pretrain_logger][INFO] - Current learning rate: 0.0005
2026-06-16 01:09:04 - pretrain_logger - INFO - Logged epoch Pretrain 6 info to /public/home/202411094934/python_project/Spatio-Temporal-Library/time-series/2026-06-16/itransformer/pretrain10/pulse/time-series/seed_0/training_log.json
[2026-06-16 01:09:04,689][pretrain_logger][INFO] - Logged epoch Pretrain 6 info to /public/home/202411094934/python_project/Spatio-Temporal-Library/time-series/2026-06-16/itransformer/pretrain10/pulse/time-series/seed_0/training_log.json
2026-06-16 01:13:24 - pretrain_logger - INFO - [JEPA Pretrain] Epoch 7/10, loss=0.103202, time=259.58s
[2026-06-16 01:13:24,274][pretrain_logger][INFO] - [JEPA Pretrain] Epoch 7/10, loss=0.103202, time=259.58s
2026-06-16 01:13:24 - pretrain_logger - INFO - Pretrain loss: 0.10320233236544259
[2026-06-16 01:13:24,274][pretrain_logger][INFO] - Pretrain loss: 0.10320233236544259
2026-06-16 01:13:24 - pretrain_logger - INFO - Pretrain time: 259.58482336997986s
[2026-06-16 01:13:24,274][pretrain_logger][INFO] - Pretrain time: 259.58482336997986s
2026-06-16 01:13:24 - pretrain_logger - INFO - Pretrain memory reserved: 24.00 MB
[2026-06-16 01:13:24,275][pretrain_logger][INFO] - Pretrain memory reserved: 24.00 MB
2026-06-16 01:13:24 - pretrain_logger - INFO - Pretrain memory allocated: 18.04 MB
[2026-06-16 01:13:24,275][pretrain_logger][INFO] - Pretrain memory allocated: 18.04 MB
2026-06-16 01:13:24 - pretrain_logger - INFO - Current learning rate: 0.0005
[2026-06-16 01:13:24,275][pretrain_logger][INFO] - Current learning rate: 0.0005
2026-06-16 01:13:24 - pretrain_logger - INFO - Logged epoch Pretrain 7 info to /public/home/202411094934/python_project/Spatio-Temporal-Library/time-series/2026-06-16/itransformer/pretrain10/pulse/time-series/seed_0/training_log.json
[2026-06-16 01:13:24,278][pretrain_logger][INFO] - Logged epoch Pretrain 7 info to /public/home/202411094934/python_project/Spatio-Temporal-Library/time-series/2026-06-16/itransformer/pretrain10/pulse/time-series/seed_0/training_log.json
2026-06-16 01:17:43 - pretrain_logger - INFO - [JEPA Pretrain] Epoch 8/10, loss=0.098432, time=259.69s
[2026-06-16 01:17:43,972][pretrain_logger][INFO] - [JEPA Pretrain] Epoch 8/10, loss=0.098432, time=259.69s
2026-06-16 01:17:43 - pretrain_logger - INFO - Pretrain loss: 0.09843244601343222
[2026-06-16 01:17:43,993][pretrain_logger][INFO] - Pretrain loss: 0.09843244601343222
2026-06-16 01:17:43 - pretrain_logger - INFO - Pretrain time: 259.69405221939087s
[2026-06-16 01:17:43,993][pretrain_logger][INFO] - Pretrain time: 259.69405221939087s
2026-06-16 01:17:43 - pretrain_logger - INFO - Pretrain memory reserved: 24.00 MB
[2026-06-16 01:17:43,993][pretrain_logger][INFO] - Pretrain memory reserved: 24.00 MB
2026-06-16 01:17:43 - pretrain_logger - INFO - Pretrain memory allocated: 18.04 MB
[2026-06-16 01:17:43,993][pretrain_logger][INFO] - Pretrain memory allocated: 18.04 MB
2026-06-16 01:17:43 - pretrain_logger - INFO - Current learning rate: 0.0005
[2026-06-16 01:17:43,994][pretrain_logger][INFO] - Current learning rate: 0.0005
2026-06-16 01:17:43 - pretrain_logger - INFO - Logged epoch Pretrain 8 info to /public/home/202411094934/python_project/Spatio-Temporal-Library/time-series/2026-06-16/itransformer/pretrain10/pulse/time-series/seed_0/training_log.json
[2026-06-16 01:17:43,996][pretrain_logger][INFO] - Logged epoch Pretrain 8 info to /public/home/202411094934/python_project/Spatio-Temporal-Library/time-series/2026-06-16/itransformer/pretrain10/pulse/time-series/seed_0/training_log.json
2026-06-16 01:22:03 - pretrain_logger - INFO - [JEPA Pretrain] Epoch 9/10, loss=0.102491, time=259.78s
[2026-06-16 01:22:03,776][pretrain_logger][INFO] - [JEPA Pretrain] Epoch 9/10, loss=0.102491, time=259.78s
2026-06-16 01:22:03 - pretrain_logger - INFO - Pretrain loss: 0.10249070855499173
[2026-06-16 01:22:03,777][pretrain_logger][INFO] - Pretrain loss: 0.10249070855499173
2026-06-16 01:22:03 - pretrain_logger - INFO - Pretrain time: 259.77960419654846s
[2026-06-16 01:22:03,777][pretrain_logger][INFO] - Pretrain time: 259.77960419654846s
2026-06-16 01:22:03 - pretrain_logger - INFO - Pretrain memory reserved: 24.00 MB
[2026-06-16 01:22:03,777][pretrain_logger][INFO] - Pretrain memory reserved: 24.00 MB
2026-06-16 01:22:03 - pretrain_logger - INFO - Pretrain memory allocated: 18.04 MB
[2026-06-16 01:22:03,777][pretrain_logger][INFO] - Pretrain memory allocated: 18.04 MB
2026-06-16 01:22:03 - pretrain_logger - INFO - Current learning rate: 0.0005
[2026-06-16 01:22:03,777][pretrain_logger][INFO] - Current learning rate: 0.0005
2026-06-16 01:22:03 - pretrain_logger - INFO - Logged epoch Pretrain 9 info to /public/home/202411094934/python_project/Spatio-Temporal-Library/time-series/2026-06-16/itransformer/pretrain10/pulse/time-series/seed_0/training_log.json
[2026-06-16 01:22:03,780][pretrain_logger][INFO] - Logged epoch Pretrain 9 info to /public/home/202411094934/python_project/Spatio-Temporal-Library/time-series/2026-06-16/itransformer/pretrain10/pulse/time-series/seed_0/training_log.json
2026-06-16 01:26:23 - pretrain_logger - INFO - [JEPA Pretrain] Epoch 10/10, loss=0.102681, time=259.70s
[2026-06-16 01:26:23,481][pretrain_logger][INFO] - [JEPA Pretrain] Epoch 10/10, loss=0.102681, time=259.70s
2026-06-16 01:26:23 - pretrain_logger - INFO - Pretrain loss: 0.10268139751792629
[2026-06-16 01:26:23,502][pretrain_logger][INFO] - Pretrain loss: 0.10268139751792629
2026-06-16 01:26:23 - pretrain_logger - INFO - Pretrain time: 259.7009859085083s
[2026-06-16 01:26:23,502][pretrain_logger][INFO] - Pretrain time: 259.7009859085083s
2026-06-16 01:26:23 - pretrain_logger - INFO - Pretrain memory reserved: 24.00 MB
[2026-06-16 01:26:23,503][pretrain_logger][INFO] - Pretrain memory reserved: 24.00 MB
2026-06-16 01:26:23 - pretrain_logger - INFO - Pretrain memory allocated: 18.04 MB
[2026-06-16 01:26:23,503][pretrain_logger][INFO] - Pretrain memory allocated: 18.04 MB
2026-06-16 01:26:23 - pretrain_logger - INFO - Current learning rate: 0.0005
[2026-06-16 01:26:23,503][pretrain_logger][INFO] - Current learning rate: 0.0005
2026-06-16 01:26:23 - pretrain_logger - INFO - Logged epoch Pretrain 10 info to /public/home/202411094934/python_project/Spatio-Temporal-Library/time-series/2026-06-16/itransformer/pretrain10/pulse/time-series/seed_0/training_log.json
[2026-06-16 01:26:23,505][pretrain_logger][INFO] - Logged epoch Pretrain 10 info to /public/home/202411094934/python_project/Spatio-Temporal-Library/time-series/2026-06-16/itransformer/pretrain10/pulse/time-series/seed_0/training_log.json
2026-06-16 01:26:23 - pretrain_logger - INFO - JEPA pretraining completed.
[2026-06-16 01:26:23,505][pretrain_logger][INFO] - JEPA pretraining completed.
2026-06-16 09:06:23 - pretrain_logger - INFO - Model parameters: 158,912
[2026-06-16 09:06:23,681][pretrain_logger][INFO] - Model parameters: 158,912
2026-06-16 09:06:24 - pretrain_logger - INFO - Log file already exists at /public/home/202411094934/python_project/Spatio-Temporal-Library/time-series/2026-06-16/itransformer/pretrain10/pulse/time-series/seed_0/training_log.json, appending to it.
[2026-06-16 09:06:24,764][pretrain_logger][INFO] - Log file already exists at /public/home/202411094934/python_project/Spatio-Temporal-Library/time-series/2026-06-16/itransformer/pretrain10/pulse/time-series/seed_0/training_log.json, appending to it.
2026-06-16 09:06:24 - pretrain_logger - INFO - Starting JEPA pretraining...
[2026-06-16 09:06:24,764][pretrain_logger][INFO] - Starting JEPA pretraining...
2026-06-16 09:10:46 - pretrain_logger - INFO - [JEPA Pretrain] Epoch 1/10, loss=0.163012, time=261.34s
[2026-06-16 09:10:46,107][pretrain_logger][INFO] - [JEPA Pretrain] Epoch 1/10, loss=0.163012, time=261.34s
2026-06-16 09:10:46 - pretrain_logger - INFO - Pretrain loss: 0.16301194943376354
[2026-06-16 09:10:46,107][pretrain_logger][INFO] - Pretrain loss: 0.16301194943376354
2026-06-16 09:10:46 - pretrain_logger - INFO - Pretrain time: 261.3420822620392s
[2026-06-16 09:10:46,108][pretrain_logger][INFO] - Pretrain time: 261.3420822620392s
2026-06-16 09:10:46 - pretrain_logger - INFO - Pretrain memory reserved: 24.00 MB
[2026-06-16 09:10:46,108][pretrain_logger][INFO] - Pretrain memory reserved: 24.00 MB
2026-06-16 09:10:46 - pretrain_logger - INFO - Pretrain memory allocated: 18.04 MB
[2026-06-16 09:10:46,108][pretrain_logger][INFO] - Pretrain memory allocated: 18.04 MB
2026-06-16 09:10:46 - pretrain_logger - INFO - Current learning rate: 0.0005
[2026-06-16 09:10:46,108][pretrain_logger][INFO] - Current learning rate: 0.0005
2026-06-16 09:10:46 - pretrain_logger - INFO - Logged epoch Pretrain 1 info to /public/home/202411094934/python_project/Spatio-Temporal-Library/time-series/2026-06-16/itransformer/pretrain10/pulse/time-series/seed_0/training_log.json
[2026-06-16 09:10:46,111][pretrain_logger][INFO] - Logged epoch Pretrain 1 info to /public/home/202411094934/python_project/Spatio-Temporal-Library/time-series/2026-06-16/itransformer/pretrain10/pulse/time-series/seed_0/training_log.json
2026-06-16 09:15:06 - pretrain_logger - INFO - [JEPA Pretrain] Epoch 2/10, loss=0.124160, time=260.78s
[2026-06-16 09:15:06,897][pretrain_logger][INFO] - [JEPA Pretrain] Epoch 2/10, loss=0.124160, time=260.78s
2026-06-16 09:15:06 - pretrain_logger - INFO - Pretrain loss: 0.12416047660512611
[2026-06-16 09:15:06,919][pretrain_logger][INFO] - Pretrain loss: 0.12416047660512611
2026-06-16 09:15:06 - pretrain_logger - INFO - Pretrain time: 260.78495025634766s
[2026-06-16 09:15:06,919][pretrain_logger][INFO] - Pretrain time: 260.78495025634766s
2026-06-16 09:15:06 - pretrain_logger - INFO - Pretrain memory reserved: 24.00 MB
[2026-06-16 09:15:06,920][pretrain_logger][INFO] - Pretrain memory reserved: 24.00 MB
2026-06-16 09:15:06 - pretrain_logger - INFO - Pretrain memory allocated: 18.04 MB
[2026-06-16 09:15:06,920][pretrain_logger][INFO] - Pretrain memory allocated: 18.04 MB
2026-06-16 09:15:06 - pretrain_logger - INFO - Current learning rate: 0.0005
[2026-06-16 09:15:06,920][pretrain_logger][INFO] - Current learning rate: 0.0005
2026-06-16 09:15:06 - pretrain_logger - INFO - Logged epoch Pretrain 2 info to /public/home/202411094934/python_project/Spatio-Temporal-Library/time-series/2026-06-16/itransformer/pretrain10/pulse/time-series/seed_0/training_log.json
[2026-06-16 09:15:06,923][pretrain_logger][INFO] - Logged epoch Pretrain 2 info to /public/home/202411094934/python_project/Spatio-Temporal-Library/time-series/2026-06-16/itransformer/pretrain10/pulse/time-series/seed_0/training_log.json
2026-06-16 09:19:27 - pretrain_logger - INFO - [JEPA Pretrain] Epoch 3/10, loss=0.113342, time=260.79s
[2026-06-16 09:19:27,709][pretrain_logger][INFO] - [JEPA Pretrain] Epoch 3/10, loss=0.113342, time=260.79s
2026-06-16 09:19:27 - pretrain_logger - INFO - Pretrain loss: 0.11334152878328142
[2026-06-16 09:19:27,710][pretrain_logger][INFO] - Pretrain loss: 0.11334152878328142
2026-06-16 09:19:27 - pretrain_logger - INFO - Pretrain time: 260.7867183685303s
[2026-06-16 09:19:27,710][pretrain_logger][INFO] - Pretrain time: 260.7867183685303s
2026-06-16 09:19:27 - pretrain_logger - INFO - Pretrain memory reserved: 24.00 MB
[2026-06-16 09:19:27,710][pretrain_logger][INFO] - Pretrain memory reserved: 24.00 MB
2026-06-16 09:19:27 - pretrain_logger - INFO - Pretrain memory allocated: 18.04 MB
[2026-06-16 09:19:27,710][pretrain_logger][INFO] - Pretrain memory allocated: 18.04 MB
2026-06-16 09:19:27 - pretrain_logger - INFO - Current learning rate: 0.0005
[2026-06-16 09:19:27,711][pretrain_logger][INFO] - Current learning rate: 0.0005
2026-06-16 09:19:27 - pretrain_logger - INFO - Logged epoch Pretrain 3 info to /public/home/202411094934/python_project/Spatio-Temporal-Library/time-series/2026-06-16/itransformer/pretrain10/pulse/time-series/seed_0/training_log.json
[2026-06-16 09:19:27,714][pretrain_logger][INFO] - Logged epoch Pretrain 3 info to /public/home/202411094934/python_project/Spatio-Temporal-Library/time-series/2026-06-16/itransformer/pretrain10/pulse/time-series/seed_0/training_log.json
2026-06-16 09:23:48 - pretrain_logger - INFO - [JEPA Pretrain] Epoch 4/10, loss=0.109865, time=261.00s
[2026-06-16 09:23:48,710][pretrain_logger][INFO] - [JEPA Pretrain] Epoch 4/10, loss=0.109865, time=261.00s
2026-06-16 09:23:48 - pretrain_logger - INFO - Pretrain loss: 0.10986527826307756
[2026-06-16 09:23:48,732][pretrain_logger][INFO] - Pretrain loss: 0.10986527826307756
2026-06-16 09:23:48 - pretrain_logger - INFO - Pretrain time: 260.99609112739563s
[2026-06-16 09:23:48,732][pretrain_logger][INFO] - Pretrain time: 260.99609112739563s
2026-06-16 09:23:48 - pretrain_logger - INFO - Pretrain memory reserved: 24.00 MB
[2026-06-16 09:23:48,732][pretrain_logger][INFO] - Pretrain memory reserved: 24.00 MB
2026-06-16 09:23:48 - pretrain_logger - INFO - Pretrain memory allocated: 18.04 MB
[2026-06-16 09:23:48,732][pretrain_logger][INFO] - Pretrain memory allocated: 18.04 MB
2026-06-16 09:23:48 - pretrain_logger - INFO - Current learning rate: 0.0005
[2026-06-16 09:23:48,733][pretrain_logger][INFO] - Current learning rate: 0.0005
2026-06-16 09:23:48 - pretrain_logger - INFO - Logged epoch Pretrain 4 info to /public/home/202411094934/python_project/Spatio-Temporal-Library/time-series/2026-06-16/itransformer/pretrain10/pulse/time-series/seed_0/training_log.json
[2026-06-16 09:23:48,735][pretrain_logger][INFO] - Logged epoch Pretrain 4 info to /public/home/202411094934/python_project/Spatio-Temporal-Library/time-series/2026-06-16/itransformer/pretrain10/pulse/time-series/seed_0/training_log.json
2026-06-16 09:28:09 - pretrain_logger - INFO - [JEPA Pretrain] Epoch 5/10, loss=0.105706, time=261.15s
[2026-06-16 09:28:09,890][pretrain_logger][INFO] - [JEPA Pretrain] Epoch 5/10, loss=0.105706, time=261.15s
2026-06-16 09:28:09 - pretrain_logger - INFO - Pretrain loss: 0.10570589207971916
[2026-06-16 09:28:09,891][pretrain_logger][INFO] - Pretrain loss: 0.10570589207971916
2026-06-16 09:28:09 - pretrain_logger - INFO - Pretrain time: 261.15447998046875s
[2026-06-16 09:28:09,891][pretrain_logger][INFO] - Pretrain time: 261.15447998046875s
2026-06-16 09:28:09 - pretrain_logger - INFO - Pretrain memory reserved: 24.00 MB
[2026-06-16 09:28:09,891][pretrain_logger][INFO] - Pretrain memory reserved: 24.00 MB
2026-06-16 09:28:09 - pretrain_logger - INFO - Pretrain memory allocated: 18.04 MB
[2026-06-16 09:28:09,891][pretrain_logger][INFO] - Pretrain memory allocated: 18.04 MB
2026-06-16 09:28:09 - pretrain_logger - INFO - Current learning rate: 0.0005
[2026-06-16 09:28:09,891][pretrain_logger][INFO] - Current learning rate: 0.0005
2026-06-16 09:28:09 - pretrain_logger - INFO - Logged epoch Pretrain 5 info to /public/home/202411094934/python_project/Spatio-Temporal-Library/time-series/2026-06-16/itransformer/pretrain10/pulse/time-series/seed_0/training_log.json
[2026-06-16 09:28:09,895][pretrain_logger][INFO] - Logged epoch Pretrain 5 info to /public/home/202411094934/python_project/Spatio-Temporal-Library/time-series/2026-06-16/itransformer/pretrain10/pulse/time-series/seed_0/training_log.json
2026-06-16 09:32:29 - pretrain_logger - INFO - [JEPA Pretrain] Epoch 6/10, loss=0.106416, time=259.54s
[2026-06-16 09:32:29,437][pretrain_logger][INFO] - [JEPA Pretrain] Epoch 6/10, loss=0.106416, time=259.54s
2026-06-16 09:32:29 - pretrain_logger - INFO - Pretrain loss: 0.10641619753364855
[2026-06-16 09:32:29,459][pretrain_logger][INFO] - Pretrain loss: 0.10641619753364855
2026-06-16 09:32:29 - pretrain_logger - INFO - Pretrain time: 259.5424540042877s
[2026-06-16 09:32:29,459][pretrain_logger][INFO] - Pretrain time: 259.5424540042877s
2026-06-16 09:32:29 - pretrain_logger - INFO - Pretrain memory reserved: 24.00 MB
[2026-06-16 09:32:29,459][pretrain_logger][INFO] - Pretrain memory reserved: 24.00 MB
2026-06-16 09:32:29 - pretrain_logger - INFO - Pretrain memory allocated: 18.04 MB
[2026-06-16 09:32:29,459][pretrain_logger][INFO] - Pretrain memory allocated: 18.04 MB
2026-06-16 09:32:29 - pretrain_logger - INFO - Current learning rate: 0.0005
[2026-06-16 09:32:29,459][pretrain_logger][INFO] - Current learning rate: 0.0005
2026-06-16 09:32:29 - pretrain_logger - INFO - Logged epoch Pretrain 6 info to /public/home/202411094934/python_project/Spatio-Temporal-Library/time-series/2026-06-16/itransformer/pretrain10/pulse/time-series/seed_0/training_log.json
[2026-06-16 09:32:29,462][pretrain_logger][INFO] - Logged epoch Pretrain 6 info to /public/home/202411094934/python_project/Spatio-Temporal-Library/time-series/2026-06-16/itransformer/pretrain10/pulse/time-series/seed_0/training_log.json
2026-06-16 09:36:50 - pretrain_logger - INFO - [JEPA Pretrain] Epoch 7/10, loss=0.103202, time=261.16s
[2026-06-16 09:36:50,619][pretrain_logger][INFO] - [JEPA Pretrain] Epoch 7/10, loss=0.103202, time=261.16s
2026-06-16 09:36:50 - pretrain_logger - INFO - Pretrain loss: 0.10320233236544259
[2026-06-16 09:36:50,620][pretrain_logger][INFO] - Pretrain loss: 0.10320233236544259
2026-06-16 09:36:50 - pretrain_logger - INFO - Pretrain time: 261.15699005126953s
[2026-06-16 09:36:50,620][pretrain_logger][INFO] - Pretrain time: 261.15699005126953s
2026-06-16 09:36:50 - pretrain_logger - INFO - Pretrain memory reserved: 24.00 MB
[2026-06-16 09:36:50,620][pretrain_logger][INFO] - Pretrain memory reserved: 24.00 MB
2026-06-16 09:36:50 - pretrain_logger - INFO - Pretrain memory allocated: 18.04 MB
[2026-06-16 09:36:50,620][pretrain_logger][INFO] - Pretrain memory allocated: 18.04 MB
2026-06-16 09:36:50 - pretrain_logger - INFO - Current learning rate: 0.0005
[2026-06-16 09:36:50,621][pretrain_logger][INFO] - Current learning rate: 0.0005
2026-06-16 09:36:50 - pretrain_logger - INFO - Logged epoch Pretrain 7 info to /public/home/202411094934/python_project/Spatio-Temporal-Library/time-series/2026-06-16/itransformer/pretrain10/pulse/time-series/seed_0/training_log.json
[2026-06-16 09:36:50,623][pretrain_logger][INFO] - Logged epoch Pretrain 7 info to /public/home/202411094934/python_project/Spatio-Temporal-Library/time-series/2026-06-16/itransformer/pretrain10/pulse/time-series/seed_0/training_log.json
2026-06-16 09:41:11 - pretrain_logger - INFO - [JEPA Pretrain] Epoch 8/10, loss=0.098432, time=261.36s
[2026-06-16 09:41:11,987][pretrain_logger][INFO] - [JEPA Pretrain] Epoch 8/10, loss=0.098432, time=261.36s
2026-06-16 09:41:12 - pretrain_logger - INFO - Pretrain loss: 0.09843244601343222
[2026-06-16 09:41:12,008][pretrain_logger][INFO] - Pretrain loss: 0.09843244601343222
2026-06-16 09:41:12 - pretrain_logger - INFO - Pretrain time: 261.36303782463074s
[2026-06-16 09:41:12,009][pretrain_logger][INFO] - Pretrain time: 261.36303782463074s
2026-06-16 09:41:12 - pretrain_logger - INFO - Pretrain memory reserved: 24.00 MB
[2026-06-16 09:41:12,009][pretrain_logger][INFO] - Pretrain memory reserved: 24.00 MB
2026-06-16 09:41:12 - pretrain_logger - INFO - Pretrain memory allocated: 18.04 MB
[2026-06-16 09:41:12,009][pretrain_logger][INFO] - Pretrain memory allocated: 18.04 MB
2026-06-16 09:41:12 - pretrain_logger - INFO - Current learning rate: 0.0005
[2026-06-16 09:41:12,009][pretrain_logger][INFO] - Current learning rate: 0.0005
2026-06-16 09:41:12 - pretrain_logger - INFO - Logged epoch Pretrain 8 info to /public/home/202411094934/python_project/Spatio-Temporal-Library/time-series/2026-06-16/itransformer/pretrain10/pulse/time-series/seed_0/training_log.json
[2026-06-16 09:41:12,012][pretrain_logger][INFO] - Logged epoch Pretrain 8 info to /public/home/202411094934/python_project/Spatio-Temporal-Library/time-series/2026-06-16/itransformer/pretrain10/pulse/time-series/seed_0/training_log.json
2026-06-16 09:45:33 - pretrain_logger - INFO - [JEPA Pretrain] Epoch 9/10, loss=0.102491, time=261.52s
[2026-06-16 09:45:33,532][pretrain_logger][INFO] - [JEPA Pretrain] Epoch 9/10, loss=0.102491, time=261.52s
2026-06-16 09:45:33 - pretrain_logger - INFO - Pretrain loss: 0.10249070855499173
[2026-06-16 09:45:33,532][pretrain_logger][INFO] - Pretrain loss: 0.10249070855499173
2026-06-16 09:45:33 - pretrain_logger - INFO - Pretrain time: 261.51942253112793s
[2026-06-16 09:45:33,532][pretrain_logger][INFO] - Pretrain time: 261.51942253112793s
2026-06-16 09:45:33 - pretrain_logger - INFO - Pretrain memory reserved: 24.00 MB
[2026-06-16 09:45:33,533][pretrain_logger][INFO] - Pretrain memory reserved: 24.00 MB
2026-06-16 09:45:33 - pretrain_logger - INFO - Pretrain memory allocated: 18.04 MB
[2026-06-16 09:45:33,533][pretrain_logger][INFO] - Pretrain memory allocated: 18.04 MB
2026-06-16 09:45:33 - pretrain_logger - INFO - Current learning rate: 0.0005
[2026-06-16 09:45:33,533][pretrain_logger][INFO] - Current learning rate: 0.0005
2026-06-16 09:45:33 - pretrain_logger - INFO - Logged epoch Pretrain 9 info to /public/home/202411094934/python_project/Spatio-Temporal-Library/time-series/2026-06-16/itransformer/pretrain10/pulse/time-series/seed_0/training_log.json
[2026-06-16 09:45:33,536][pretrain_logger][INFO] - Logged epoch Pretrain 9 info to /public/home/202411094934/python_project/Spatio-Temporal-Library/time-series/2026-06-16/itransformer/pretrain10/pulse/time-series/seed_0/training_log.json
2026-06-16 09:49:54 - pretrain_logger - INFO - [JEPA Pretrain] Epoch 10/10, loss=0.102681, time=261.36s
[2026-06-16 09:49:54,898][pretrain_logger][INFO] - [JEPA Pretrain] Epoch 10/10, loss=0.102681, time=261.36s
2026-06-16 09:49:54 - pretrain_logger - INFO - Pretrain loss: 0.10268139751792629
[2026-06-16 09:49:54,920][pretrain_logger][INFO] - Pretrain loss: 0.10268139751792629
2026-06-16 09:49:54 - pretrain_logger - INFO - Pretrain time: 261.362300157547s
[2026-06-16 09:49:54,920][pretrain_logger][INFO] - Pretrain time: 261.362300157547s
2026-06-16 09:49:54 - pretrain_logger - INFO - Pretrain memory reserved: 24.00 MB
[2026-06-16 09:49:54,921][pretrain_logger][INFO] - Pretrain memory reserved: 24.00 MB
2026-06-16 09:49:54 - pretrain_logger - INFO - Pretrain memory allocated: 18.04 MB
[2026-06-16 09:49:54,921][pretrain_logger][INFO] - Pretrain memory allocated: 18.04 MB
2026-06-16 09:49:54 - pretrain_logger - INFO - Current learning rate: 0.0005
[2026-06-16 09:49:54,921][pretrain_logger][INFO] - Current learning rate: 0.0005
2026-06-16 09:49:54 - pretrain_logger - INFO - Logged epoch Pretrain 10 info to /public/home/202411094934/python_project/Spatio-Temporal-Library/time-series/2026-06-16/itransformer/pretrain10/pulse/time-series/seed_0/training_log.json
[2026-06-16 09:49:54,923][pretrain_logger][INFO] - Logged epoch Pretrain 10 info to /public/home/202411094934/python_project/Spatio-Temporal-Library/time-series/2026-06-16/itransformer/pretrain10/pulse/time-series/seed_0/training_log.json
2026-06-16 09:49:54 - pretrain_logger - INFO - JEPA pretraining completed.
[2026-06-16 09:49:54,924][pretrain_logger][INFO] - JEPA pretraining completed.
