2026-06-16 01:38:01 - pretrain_logger - INFO - Model parameters: 158,912
[2026-06-16 01:38:01,505][pretrain_logger][INFO] - Model parameters: 158,912
2026-06-16 01:38:01 - pretrain_logger - INFO - Created new log file at /public/home/202411094934/python_project/Spatio-Temporal-Library/time-series/2026-06-16/itransformer/pretrain10/etth1/time-series/seed_1/training_log.json
[2026-06-16 01:38:01,578][pretrain_logger][INFO] - Created new log file at /public/home/202411094934/python_project/Spatio-Temporal-Library/time-series/2026-06-16/itransformer/pretrain10/etth1/time-series/seed_1/training_log.json
2026-06-16 01:38:01 - pretrain_logger - INFO - Starting JEPA pretraining...
[2026-06-16 01:38:01,579][pretrain_logger][INFO] - Starting JEPA pretraining...
2026-06-16 01:40:48 - pretrain_logger - INFO - [JEPA Pretrain] Epoch 1/10, loss=0.700806, time=166.45s
[2026-06-16 01:40:48,025][pretrain_logger][INFO] - [JEPA Pretrain] Epoch 1/10, loss=0.700806, time=166.45s
2026-06-16 01:40:48 - pretrain_logger - INFO - Pretrain loss: 0.7008057166510676
[2026-06-16 01:40:48,026][pretrain_logger][INFO] - Pretrain loss: 0.7008057166510676
2026-06-16 01:40:48 - pretrain_logger - INFO - Pretrain time: 166.4464406967163s
[2026-06-16 01:40:48,026][pretrain_logger][INFO] - Pretrain time: 166.4464406967163s
2026-06-16 01:40:48 - pretrain_logger - INFO - Pretrain memory reserved: 24.00 MB
[2026-06-16 01:40:48,026][pretrain_logger][INFO] - Pretrain memory reserved: 24.00 MB
2026-06-16 01:40:48 - pretrain_logger - INFO - Pretrain memory allocated: 18.04 MB
[2026-06-16 01:40:48,026][pretrain_logger][INFO] - Pretrain memory allocated: 18.04 MB
2026-06-16 01:40:48 - pretrain_logger - INFO - Current learning rate: 0.0005
[2026-06-16 01:40:48,027][pretrain_logger][INFO] - Current learning rate: 0.0005
2026-06-16 01:40:48 - pretrain_logger - INFO - Logged epoch Pretrain 1 info to /public/home/202411094934/python_project/Spatio-Temporal-Library/time-series/2026-06-16/itransformer/pretrain10/etth1/time-series/seed_1/training_log.json
[2026-06-16 01:40:48,030][pretrain_logger][INFO] - Logged epoch Pretrain 1 info to /public/home/202411094934/python_project/Spatio-Temporal-Library/time-series/2026-06-16/itransformer/pretrain10/etth1/time-series/seed_1/training_log.json
2026-06-16 01:43:34 - pretrain_logger - INFO - [JEPA Pretrain] Epoch 2/10, loss=0.627294, time=166.13s
[2026-06-16 01:43:34,164][pretrain_logger][INFO] - [JEPA Pretrain] Epoch 2/10, loss=0.627294, time=166.13s
2026-06-16 01:43:34 - pretrain_logger - INFO - Pretrain loss: 0.6272937137346967
[2026-06-16 01:43:34,188][pretrain_logger][INFO] - Pretrain loss: 0.6272937137346967
2026-06-16 01:43:34 - pretrain_logger - INFO - Pretrain time: 166.13324189186096s
[2026-06-16 01:43:34,188][pretrain_logger][INFO] - Pretrain time: 166.13324189186096s
2026-06-16 01:43:34 - pretrain_logger - INFO - Pretrain memory reserved: 24.00 MB
[2026-06-16 01:43:34,188][pretrain_logger][INFO] - Pretrain memory reserved: 24.00 MB
2026-06-16 01:43:34 - pretrain_logger - INFO - Pretrain memory allocated: 18.04 MB
[2026-06-16 01:43:34,188][pretrain_logger][INFO] - Pretrain memory allocated: 18.04 MB
2026-06-16 01:43:34 - pretrain_logger - INFO - Current learning rate: 0.0005
[2026-06-16 01:43:34,188][pretrain_logger][INFO] - Current learning rate: 0.0005
2026-06-16 01:43:34 - pretrain_logger - INFO - Logged epoch Pretrain 2 info to /public/home/202411094934/python_project/Spatio-Temporal-Library/time-series/2026-06-16/itransformer/pretrain10/etth1/time-series/seed_1/training_log.json
[2026-06-16 01:43:34,191][pretrain_logger][INFO] - Logged epoch Pretrain 2 info to /public/home/202411094934/python_project/Spatio-Temporal-Library/time-series/2026-06-16/itransformer/pretrain10/etth1/time-series/seed_1/training_log.json
2026-06-16 01:46:20 - pretrain_logger - INFO - [JEPA Pretrain] Epoch 3/10, loss=0.618617, time=166.24s
[2026-06-16 01:46:20,436][pretrain_logger][INFO] - [JEPA Pretrain] Epoch 3/10, loss=0.618617, time=166.24s
2026-06-16 01:46:20 - pretrain_logger - INFO - Pretrain loss: 0.618617120443814
[2026-06-16 01:46:20,437][pretrain_logger][INFO] - Pretrain loss: 0.618617120443814
2026-06-16 01:46:20 - pretrain_logger - INFO - Pretrain time: 166.24495553970337s
[2026-06-16 01:46:20,437][pretrain_logger][INFO] - Pretrain time: 166.24495553970337s
2026-06-16 01:46:20 - pretrain_logger - INFO - Pretrain memory reserved: 24.00 MB
[2026-06-16 01:46:20,437][pretrain_logger][INFO] - Pretrain memory reserved: 24.00 MB
2026-06-16 01:46:20 - pretrain_logger - INFO - Pretrain memory allocated: 18.04 MB
[2026-06-16 01:46:20,437][pretrain_logger][INFO] - Pretrain memory allocated: 18.04 MB
2026-06-16 01:46:20 - pretrain_logger - INFO - Current learning rate: 0.0005
[2026-06-16 01:46:20,437][pretrain_logger][INFO] - Current learning rate: 0.0005
2026-06-16 01:46:20 - pretrain_logger - INFO - Logged epoch Pretrain 3 info to /public/home/202411094934/python_project/Spatio-Temporal-Library/time-series/2026-06-16/itransformer/pretrain10/etth1/time-series/seed_1/training_log.json
[2026-06-16 01:46:20,440][pretrain_logger][INFO] - Logged epoch Pretrain 3 info to /public/home/202411094934/python_project/Spatio-Temporal-Library/time-series/2026-06-16/itransformer/pretrain10/etth1/time-series/seed_1/training_log.json
2026-06-16 01:49:06 - pretrain_logger - INFO - [JEPA Pretrain] Epoch 4/10, loss=0.594679, time=166.15s
[2026-06-16 01:49:06,586][pretrain_logger][INFO] - [JEPA Pretrain] Epoch 4/10, loss=0.594679, time=166.15s
2026-06-16 01:49:06 - pretrain_logger - INFO - Pretrain loss: 0.5946790225852652
[2026-06-16 01:49:06,608][pretrain_logger][INFO] - Pretrain loss: 0.5946790225852652
2026-06-16 01:49:06 - pretrain_logger - INFO - Pretrain time: 166.1461260318756s
[2026-06-16 01:49:06,609][pretrain_logger][INFO] - Pretrain time: 166.1461260318756s
2026-06-16 01:49:06 - pretrain_logger - INFO - Pretrain memory reserved: 24.00 MB
[2026-06-16 01:49:06,609][pretrain_logger][INFO] - Pretrain memory reserved: 24.00 MB
2026-06-16 01:49:06 - pretrain_logger - INFO - Pretrain memory allocated: 18.04 MB
[2026-06-16 01:49:06,609][pretrain_logger][INFO] - Pretrain memory allocated: 18.04 MB
2026-06-16 01:49:06 - pretrain_logger - INFO - Current learning rate: 0.0005
[2026-06-16 01:49:06,609][pretrain_logger][INFO] - Current learning rate: 0.0005
2026-06-16 01:49:06 - pretrain_logger - INFO - Logged epoch Pretrain 4 info to /public/home/202411094934/python_project/Spatio-Temporal-Library/time-series/2026-06-16/itransformer/pretrain10/etth1/time-series/seed_1/training_log.json
[2026-06-16 01:49:06,612][pretrain_logger][INFO] - Logged epoch Pretrain 4 info to /public/home/202411094934/python_project/Spatio-Temporal-Library/time-series/2026-06-16/itransformer/pretrain10/etth1/time-series/seed_1/training_log.json
2026-06-16 01:51:52 - pretrain_logger - INFO - [JEPA Pretrain] Epoch 5/10, loss=0.564077, time=165.51s
[2026-06-16 01:51:52,124][pretrain_logger][INFO] - [JEPA Pretrain] Epoch 5/10, loss=0.564077, time=165.51s
2026-06-16 01:51:52 - pretrain_logger - INFO - Pretrain loss: 0.5640765267678058
[2026-06-16 01:51:52,125][pretrain_logger][INFO] - Pretrain loss: 0.5640765267678058
2026-06-16 01:51:52 - pretrain_logger - INFO - Pretrain time: 165.51243591308594s
[2026-06-16 01:51:52,125][pretrain_logger][INFO] - Pretrain time: 165.51243591308594s
2026-06-16 01:51:52 - pretrain_logger - INFO - Pretrain memory reserved: 24.00 MB
[2026-06-16 01:51:52,125][pretrain_logger][INFO] - Pretrain memory reserved: 24.00 MB
2026-06-16 01:51:52 - pretrain_logger - INFO - Pretrain memory allocated: 18.04 MB
[2026-06-16 01:51:52,125][pretrain_logger][INFO] - Pretrain memory allocated: 18.04 MB
2026-06-16 01:51:52 - pretrain_logger - INFO - Current learning rate: 0.0005
[2026-06-16 01:51:52,125][pretrain_logger][INFO] - Current learning rate: 0.0005
2026-06-16 01:51:52 - pretrain_logger - INFO - Logged epoch Pretrain 5 info to /public/home/202411094934/python_project/Spatio-Temporal-Library/time-series/2026-06-16/itransformer/pretrain10/etth1/time-series/seed_1/training_log.json
[2026-06-16 01:51:52,128][pretrain_logger][INFO] - Logged epoch Pretrain 5 info to /public/home/202411094934/python_project/Spatio-Temporal-Library/time-series/2026-06-16/itransformer/pretrain10/etth1/time-series/seed_1/training_log.json
2026-06-16 01:54:37 - pretrain_logger - INFO - [JEPA Pretrain] Epoch 6/10, loss=0.528878, time=165.78s
[2026-06-16 01:54:37,908][pretrain_logger][INFO] - [JEPA Pretrain] Epoch 6/10, loss=0.528878, time=165.78s
2026-06-16 01:54:37 - pretrain_logger - INFO - Pretrain loss: 0.5288778913397814
[2026-06-16 01:54:37,930][pretrain_logger][INFO] - Pretrain loss: 0.5288778913397814
2026-06-16 01:54:37 - pretrain_logger - INFO - Pretrain time: 165.77880120277405s
[2026-06-16 01:54:37,930][pretrain_logger][INFO] - Pretrain time: 165.77880120277405s
2026-06-16 01:54:37 - pretrain_logger - INFO - Pretrain memory reserved: 24.00 MB
[2026-06-16 01:54:37,930][pretrain_logger][INFO] - Pretrain memory reserved: 24.00 MB
2026-06-16 01:54:37 - pretrain_logger - INFO - Pretrain memory allocated: 18.04 MB
[2026-06-16 01:54:37,930][pretrain_logger][INFO] - Pretrain memory allocated: 18.04 MB
2026-06-16 01:54:37 - pretrain_logger - INFO - Current learning rate: 0.0005
[2026-06-16 01:54:37,930][pretrain_logger][INFO] - Current learning rate: 0.0005
2026-06-16 01:54:37 - pretrain_logger - INFO - Logged epoch Pretrain 6 info to /public/home/202411094934/python_project/Spatio-Temporal-Library/time-series/2026-06-16/itransformer/pretrain10/etth1/time-series/seed_1/training_log.json
[2026-06-16 01:54:37,933][pretrain_logger][INFO] - Logged epoch Pretrain 6 info to /public/home/202411094934/python_project/Spatio-Temporal-Library/time-series/2026-06-16/itransformer/pretrain10/etth1/time-series/seed_1/training_log.json
2026-06-16 01:57:23 - pretrain_logger - INFO - [JEPA Pretrain] Epoch 7/10, loss=0.516712, time=165.88s
[2026-06-16 01:57:23,817][pretrain_logger][INFO] - [JEPA Pretrain] Epoch 7/10, loss=0.516712, time=165.88s
2026-06-16 01:57:23 - pretrain_logger - INFO - Pretrain loss: 0.5167117147660383
[2026-06-16 01:57:23,818][pretrain_logger][INFO] - Pretrain loss: 0.5167117147660383
2026-06-16 01:57:23 - pretrain_logger - INFO - Pretrain time: 165.8841142654419s
[2026-06-16 01:57:23,818][pretrain_logger][INFO] - Pretrain time: 165.8841142654419s
2026-06-16 01:57:23 - pretrain_logger - INFO - Pretrain memory reserved: 24.00 MB
[2026-06-16 01:57:23,818][pretrain_logger][INFO] - Pretrain memory reserved: 24.00 MB
2026-06-16 01:57:23 - pretrain_logger - INFO - Pretrain memory allocated: 18.04 MB
[2026-06-16 01:57:23,818][pretrain_logger][INFO] - Pretrain memory allocated: 18.04 MB
2026-06-16 01:57:23 - pretrain_logger - INFO - Current learning rate: 0.0005
[2026-06-16 01:57:23,819][pretrain_logger][INFO] - Current learning rate: 0.0005
2026-06-16 01:57:23 - pretrain_logger - INFO - Logged epoch Pretrain 7 info to /public/home/202411094934/python_project/Spatio-Temporal-Library/time-series/2026-06-16/itransformer/pretrain10/etth1/time-series/seed_1/training_log.json
[2026-06-16 01:57:23,821][pretrain_logger][INFO] - Logged epoch Pretrain 7 info to /public/home/202411094934/python_project/Spatio-Temporal-Library/time-series/2026-06-16/itransformer/pretrain10/etth1/time-series/seed_1/training_log.json
2026-06-16 02:00:10 - pretrain_logger - INFO - [JEPA Pretrain] Epoch 8/10, loss=0.502699, time=166.25s
[2026-06-16 02:00:10,076][pretrain_logger][INFO] - [JEPA Pretrain] Epoch 8/10, loss=0.502699, time=166.25s
2026-06-16 02:00:10 - pretrain_logger - INFO - Pretrain loss: 0.502698545542658
[2026-06-16 02:00:10,099][pretrain_logger][INFO] - Pretrain loss: 0.502698545542658
2026-06-16 02:00:10 - pretrain_logger - INFO - Pretrain time: 166.25469303131104s
[2026-06-16 02:00:10,099][pretrain_logger][INFO] - Pretrain time: 166.25469303131104s
2026-06-16 02:00:10 - pretrain_logger - INFO - Pretrain memory reserved: 24.00 MB
[2026-06-16 02:00:10,099][pretrain_logger][INFO] - Pretrain memory reserved: 24.00 MB
2026-06-16 02:00:10 - pretrain_logger - INFO - Pretrain memory allocated: 18.04 MB
[2026-06-16 02:00:10,099][pretrain_logger][INFO] - Pretrain memory allocated: 18.04 MB
2026-06-16 02:00:10 - pretrain_logger - INFO - Current learning rate: 0.0005
[2026-06-16 02:00:10,099][pretrain_logger][INFO] - Current learning rate: 0.0005
2026-06-16 02:00:10 - pretrain_logger - INFO - Logged epoch Pretrain 8 info to /public/home/202411094934/python_project/Spatio-Temporal-Library/time-series/2026-06-16/itransformer/pretrain10/etth1/time-series/seed_1/training_log.json
[2026-06-16 02:00:10,102][pretrain_logger][INFO] - Logged epoch Pretrain 8 info to /public/home/202411094934/python_project/Spatio-Temporal-Library/time-series/2026-06-16/itransformer/pretrain10/etth1/time-series/seed_1/training_log.json
2026-06-16 02:02:56 - pretrain_logger - INFO - [JEPA Pretrain] Epoch 9/10, loss=0.493097, time=166.36s
[2026-06-16 02:02:56,463][pretrain_logger][INFO] - [JEPA Pretrain] Epoch 9/10, loss=0.493097, time=166.36s
2026-06-16 02:02:56 - pretrain_logger - INFO - Pretrain loss: 0.4930969173096431
[2026-06-16 02:02:56,463][pretrain_logger][INFO] - Pretrain loss: 0.4930969173096431
2026-06-16 02:02:56 - pretrain_logger - INFO - Pretrain time: 166.3607895374298s
[2026-06-16 02:02:56,464][pretrain_logger][INFO] - Pretrain time: 166.3607895374298s
2026-06-16 02:02:56 - pretrain_logger - INFO - Pretrain memory reserved: 24.00 MB
[2026-06-16 02:02:56,464][pretrain_logger][INFO] - Pretrain memory reserved: 24.00 MB
2026-06-16 02:02:56 - pretrain_logger - INFO - Pretrain memory allocated: 18.04 MB
[2026-06-16 02:02:56,464][pretrain_logger][INFO] - Pretrain memory allocated: 18.04 MB
2026-06-16 02:02:56 - pretrain_logger - INFO - Current learning rate: 0.0005
[2026-06-16 02:02:56,464][pretrain_logger][INFO] - Current learning rate: 0.0005
2026-06-16 02:02:56 - pretrain_logger - INFO - Logged epoch Pretrain 9 info to /public/home/202411094934/python_project/Spatio-Temporal-Library/time-series/2026-06-16/itransformer/pretrain10/etth1/time-series/seed_1/training_log.json
[2026-06-16 02:02:56,467][pretrain_logger][INFO] - Logged epoch Pretrain 9 info to /public/home/202411094934/python_project/Spatio-Temporal-Library/time-series/2026-06-16/itransformer/pretrain10/etth1/time-series/seed_1/training_log.json
2026-06-16 02:05:42 - pretrain_logger - INFO - [JEPA Pretrain] Epoch 10/10, loss=0.487398, time=165.89s
[2026-06-16 02:05:42,362][pretrain_logger][INFO] - [JEPA Pretrain] Epoch 10/10, loss=0.487398, time=165.89s
2026-06-16 02:05:42 - pretrain_logger - INFO - Pretrain loss: 0.4873979287465265
[2026-06-16 02:05:42,384][pretrain_logger][INFO] - Pretrain loss: 0.4873979287465265
2026-06-16 02:05:42 - pretrain_logger - INFO - Pretrain time: 165.89451837539673s
[2026-06-16 02:05:42,384][pretrain_logger][INFO] - Pretrain time: 165.89451837539673s
2026-06-16 02:05:42 - pretrain_logger - INFO - Pretrain memory reserved: 24.00 MB
[2026-06-16 02:05:42,384][pretrain_logger][INFO] - Pretrain memory reserved: 24.00 MB
2026-06-16 02:05:42 - pretrain_logger - INFO - Pretrain memory allocated: 18.04 MB
[2026-06-16 02:05:42,384][pretrain_logger][INFO] - Pretrain memory allocated: 18.04 MB
2026-06-16 02:05:42 - pretrain_logger - INFO - Current learning rate: 0.0005
[2026-06-16 02:05:42,384][pretrain_logger][INFO] - Current learning rate: 0.0005
2026-06-16 02:05:42 - pretrain_logger - INFO - Logged epoch Pretrain 10 info to /public/home/202411094934/python_project/Spatio-Temporal-Library/time-series/2026-06-16/itransformer/pretrain10/etth1/time-series/seed_1/training_log.json
[2026-06-16 02:05:42,387][pretrain_logger][INFO] - Logged epoch Pretrain 10 info to /public/home/202411094934/python_project/Spatio-Temporal-Library/time-series/2026-06-16/itransformer/pretrain10/etth1/time-series/seed_1/training_log.json
2026-06-16 02:05:42 - pretrain_logger - INFO - JEPA pretraining completed.
[2026-06-16 02:05:42,387][pretrain_logger][INFO] - JEPA pretraining completed.
2026-06-16 09:59:45 - pretrain_logger - INFO - Model parameters: 158,912
[2026-06-16 09:59:45,484][pretrain_logger][INFO] - Model parameters: 158,912
2026-06-16 09:59:45 - pretrain_logger - INFO - Log file already exists at /public/home/202411094934/python_project/Spatio-Temporal-Library/time-series/2026-06-16/itransformer/pretrain10/etth1/time-series/seed_1/training_log.json, appending to it.
[2026-06-16 09:59:45,493][pretrain_logger][INFO] - Log file already exists at /public/home/202411094934/python_project/Spatio-Temporal-Library/time-series/2026-06-16/itransformer/pretrain10/etth1/time-series/seed_1/training_log.json, appending to it.
2026-06-16 09:59:45 - pretrain_logger - INFO - Starting JEPA pretraining...
[2026-06-16 09:59:45,493][pretrain_logger][INFO] - Starting JEPA pretraining...
2026-06-16 10:02:29 - pretrain_logger - INFO - [JEPA Pretrain] Epoch 1/10, loss=0.700806, time=164.30s
[2026-06-16 10:02:29,792][pretrain_logger][INFO] - [JEPA Pretrain] Epoch 1/10, loss=0.700806, time=164.30s
2026-06-16 10:02:29 - pretrain_logger - INFO - Pretrain loss: 0.7008057166510676
[2026-06-16 10:02:29,793][pretrain_logger][INFO] - Pretrain loss: 0.7008057166510676
2026-06-16 10:02:29 - pretrain_logger - INFO - Pretrain time: 164.29903745651245s
[2026-06-16 10:02:29,793][pretrain_logger][INFO] - Pretrain time: 164.29903745651245s
2026-06-16 10:02:29 - pretrain_logger - INFO - Pretrain memory reserved: 24.00 MB
[2026-06-16 10:02:29,793][pretrain_logger][INFO] - Pretrain memory reserved: 24.00 MB
2026-06-16 10:02:29 - pretrain_logger - INFO - Pretrain memory allocated: 18.04 MB
[2026-06-16 10:02:29,794][pretrain_logger][INFO] - Pretrain memory allocated: 18.04 MB
2026-06-16 10:02:29 - pretrain_logger - INFO - Current learning rate: 0.0005
[2026-06-16 10:02:29,794][pretrain_logger][INFO] - Current learning rate: 0.0005
2026-06-16 10:02:29 - pretrain_logger - INFO - Logged epoch Pretrain 1 info to /public/home/202411094934/python_project/Spatio-Temporal-Library/time-series/2026-06-16/itransformer/pretrain10/etth1/time-series/seed_1/training_log.json
[2026-06-16 10:02:29,797][pretrain_logger][INFO] - Logged epoch Pretrain 1 info to /public/home/202411094934/python_project/Spatio-Temporal-Library/time-series/2026-06-16/itransformer/pretrain10/etth1/time-series/seed_1/training_log.json
2026-06-16 10:05:13 - pretrain_logger - INFO - [JEPA Pretrain] Epoch 2/10, loss=0.627294, time=164.04s
[2026-06-16 10:05:13,832][pretrain_logger][INFO] - [JEPA Pretrain] Epoch 2/10, loss=0.627294, time=164.04s
2026-06-16 10:05:13 - pretrain_logger - INFO - Pretrain loss: 0.6272937137346967
[2026-06-16 10:05:13,856][pretrain_logger][INFO] - Pretrain loss: 0.6272937137346967
2026-06-16 10:05:13 - pretrain_logger - INFO - Pretrain time: 164.03513884544373s
[2026-06-16 10:05:13,856][pretrain_logger][INFO] - Pretrain time: 164.03513884544373s
2026-06-16 10:05:13 - pretrain_logger - INFO - Pretrain memory reserved: 24.00 MB
[2026-06-16 10:05:13,856][pretrain_logger][INFO] - Pretrain memory reserved: 24.00 MB
2026-06-16 10:05:13 - pretrain_logger - INFO - Pretrain memory allocated: 18.04 MB
[2026-06-16 10:05:13,857][pretrain_logger][INFO] - Pretrain memory allocated: 18.04 MB
2026-06-16 10:05:13 - pretrain_logger - INFO - Current learning rate: 0.0005
[2026-06-16 10:05:13,857][pretrain_logger][INFO] - Current learning rate: 0.0005
2026-06-16 10:05:13 - pretrain_logger - INFO - Logged epoch Pretrain 2 info to /public/home/202411094934/python_project/Spatio-Temporal-Library/time-series/2026-06-16/itransformer/pretrain10/etth1/time-series/seed_1/training_log.json
[2026-06-16 10:05:13,860][pretrain_logger][INFO] - Logged epoch Pretrain 2 info to /public/home/202411094934/python_project/Spatio-Temporal-Library/time-series/2026-06-16/itransformer/pretrain10/etth1/time-series/seed_1/training_log.json
2026-06-16 10:07:58 - pretrain_logger - INFO - [JEPA Pretrain] Epoch 3/10, loss=0.618617, time=164.19s
[2026-06-16 10:07:58,051][pretrain_logger][INFO] - [JEPA Pretrain] Epoch 3/10, loss=0.618617, time=164.19s
2026-06-16 10:07:58 - pretrain_logger - INFO - Pretrain loss: 0.618617120443814
[2026-06-16 10:07:58,052][pretrain_logger][INFO] - Pretrain loss: 0.618617120443814
2026-06-16 10:07:58 - pretrain_logger - INFO - Pretrain time: 164.1915876865387s
[2026-06-16 10:07:58,052][pretrain_logger][INFO] - Pretrain time: 164.1915876865387s
2026-06-16 10:07:58 - pretrain_logger - INFO - Pretrain memory reserved: 24.00 MB
[2026-06-16 10:07:58,052][pretrain_logger][INFO] - Pretrain memory reserved: 24.00 MB
2026-06-16 10:07:58 - pretrain_logger - INFO - Pretrain memory allocated: 18.04 MB
[2026-06-16 10:07:58,053][pretrain_logger][INFO] - Pretrain memory allocated: 18.04 MB
2026-06-16 10:07:58 - pretrain_logger - INFO - Current learning rate: 0.0005
[2026-06-16 10:07:58,053][pretrain_logger][INFO] - Current learning rate: 0.0005
2026-06-16 10:07:58 - pretrain_logger - INFO - Logged epoch Pretrain 3 info to /public/home/202411094934/python_project/Spatio-Temporal-Library/time-series/2026-06-16/itransformer/pretrain10/etth1/time-series/seed_1/training_log.json
[2026-06-16 10:07:58,055][pretrain_logger][INFO] - Logged epoch Pretrain 3 info to /public/home/202411094934/python_project/Spatio-Temporal-Library/time-series/2026-06-16/itransformer/pretrain10/etth1/time-series/seed_1/training_log.json
2026-06-16 10:10:42 - pretrain_logger - INFO - [JEPA Pretrain] Epoch 4/10, loss=0.594679, time=164.46s
[2026-06-16 10:10:42,520][pretrain_logger][INFO] - [JEPA Pretrain] Epoch 4/10, loss=0.594679, time=164.46s
2026-06-16 10:10:42 - pretrain_logger - INFO - Pretrain loss: 0.5946790225852652
[2026-06-16 10:10:42,543][pretrain_logger][INFO] - Pretrain loss: 0.5946790225852652
2026-06-16 10:10:42 - pretrain_logger - INFO - Pretrain time: 164.46416401863098s
[2026-06-16 10:10:42,543][pretrain_logger][INFO] - Pretrain time: 164.46416401863098s
2026-06-16 10:10:42 - pretrain_logger - INFO - Pretrain memory reserved: 24.00 MB
[2026-06-16 10:10:42,543][pretrain_logger][INFO] - Pretrain memory reserved: 24.00 MB
2026-06-16 10:10:42 - pretrain_logger - INFO - Pretrain memory allocated: 18.04 MB
[2026-06-16 10:10:42,543][pretrain_logger][INFO] - Pretrain memory allocated: 18.04 MB
2026-06-16 10:10:42 - pretrain_logger - INFO - Current learning rate: 0.0005
[2026-06-16 10:10:42,543][pretrain_logger][INFO] - Current learning rate: 0.0005
2026-06-16 10:10:42 - pretrain_logger - INFO - Logged epoch Pretrain 4 info to /public/home/202411094934/python_project/Spatio-Temporal-Library/time-series/2026-06-16/itransformer/pretrain10/etth1/time-series/seed_1/training_log.json
[2026-06-16 10:10:42,546][pretrain_logger][INFO] - Logged epoch Pretrain 4 info to /public/home/202411094934/python_project/Spatio-Temporal-Library/time-series/2026-06-16/itransformer/pretrain10/etth1/time-series/seed_1/training_log.json
2026-06-16 10:13:26 - pretrain_logger - INFO - [JEPA Pretrain] Epoch 5/10, loss=0.564077, time=164.11s
[2026-06-16 10:13:26,653][pretrain_logger][INFO] - [JEPA Pretrain] Epoch 5/10, loss=0.564077, time=164.11s
2026-06-16 10:13:26 - pretrain_logger - INFO - Pretrain loss: 0.5640765267678058
[2026-06-16 10:13:26,654][pretrain_logger][INFO] - Pretrain loss: 0.5640765267678058
2026-06-16 10:13:26 - pretrain_logger - INFO - Pretrain time: 164.1069130897522s
[2026-06-16 10:13:26,654][pretrain_logger][INFO] - Pretrain time: 164.1069130897522s
2026-06-16 10:13:26 - pretrain_logger - INFO - Pretrain memory reserved: 24.00 MB
[2026-06-16 10:13:26,654][pretrain_logger][INFO] - Pretrain memory reserved: 24.00 MB
2026-06-16 10:13:26 - pretrain_logger - INFO - Pretrain memory allocated: 18.04 MB
[2026-06-16 10:13:26,654][pretrain_logger][INFO] - Pretrain memory allocated: 18.04 MB
2026-06-16 10:13:26 - pretrain_logger - INFO - Current learning rate: 0.0005
[2026-06-16 10:13:26,654][pretrain_logger][INFO] - Current learning rate: 0.0005
2026-06-16 10:13:26 - pretrain_logger - INFO - Logged epoch Pretrain 5 info to /public/home/202411094934/python_project/Spatio-Temporal-Library/time-series/2026-06-16/itransformer/pretrain10/etth1/time-series/seed_1/training_log.json
[2026-06-16 10:13:26,657][pretrain_logger][INFO] - Logged epoch Pretrain 5 info to /public/home/202411094934/python_project/Spatio-Temporal-Library/time-series/2026-06-16/itransformer/pretrain10/etth1/time-series/seed_1/training_log.json
2026-06-16 10:16:10 - pretrain_logger - INFO - [JEPA Pretrain] Epoch 6/10, loss=0.528878, time=164.32s
[2026-06-16 10:16:10,976][pretrain_logger][INFO] - [JEPA Pretrain] Epoch 6/10, loss=0.528878, time=164.32s
2026-06-16 10:16:10 - pretrain_logger - INFO - Pretrain loss: 0.5288778913397814
[2026-06-16 10:16:10,999][pretrain_logger][INFO] - Pretrain loss: 0.5288778913397814
2026-06-16 10:16:10 - pretrain_logger - INFO - Pretrain time: 164.318829536438s
[2026-06-16 10:16:10,999][pretrain_logger][INFO] - Pretrain time: 164.318829536438s
2026-06-16 10:16:10 - pretrain_logger - INFO - Pretrain memory reserved: 24.00 MB
[2026-06-16 10:16:10,999][pretrain_logger][INFO] - Pretrain memory reserved: 24.00 MB
2026-06-16 10:16:11 - pretrain_logger - INFO - Pretrain memory allocated: 18.04 MB
[2026-06-16 10:16:11,000][pretrain_logger][INFO] - Pretrain memory allocated: 18.04 MB
2026-06-16 10:16:11 - pretrain_logger - INFO - Current learning rate: 0.0005
[2026-06-16 10:16:11,000][pretrain_logger][INFO] - Current learning rate: 0.0005
2026-06-16 10:16:11 - pretrain_logger - INFO - Logged epoch Pretrain 6 info to /public/home/202411094934/python_project/Spatio-Temporal-Library/time-series/2026-06-16/itransformer/pretrain10/etth1/time-series/seed_1/training_log.json
[2026-06-16 10:16:11,002][pretrain_logger][INFO] - Logged epoch Pretrain 6 info to /public/home/202411094934/python_project/Spatio-Temporal-Library/time-series/2026-06-16/itransformer/pretrain10/etth1/time-series/seed_1/training_log.json
2026-06-16 10:18:55 - pretrain_logger - INFO - [JEPA Pretrain] Epoch 7/10, loss=0.516712, time=164.19s
[2026-06-16 10:18:55,193][pretrain_logger][INFO] - [JEPA Pretrain] Epoch 7/10, loss=0.516712, time=164.19s
2026-06-16 10:18:55 - pretrain_logger - INFO - Pretrain loss: 0.5167117147660383
[2026-06-16 10:18:55,193][pretrain_logger][INFO] - Pretrain loss: 0.5167117147660383
2026-06-16 10:18:55 - pretrain_logger - INFO - Pretrain time: 164.19038319587708s
[2026-06-16 10:18:55,194][pretrain_logger][INFO] - Pretrain time: 164.19038319587708s
2026-06-16 10:18:55 - pretrain_logger - INFO - Pretrain memory reserved: 24.00 MB
[2026-06-16 10:18:55,194][pretrain_logger][INFO] - Pretrain memory reserved: 24.00 MB
2026-06-16 10:18:55 - pretrain_logger - INFO - Pretrain memory allocated: 18.04 MB
[2026-06-16 10:18:55,194][pretrain_logger][INFO] - Pretrain memory allocated: 18.04 MB
2026-06-16 10:18:55 - pretrain_logger - INFO - Current learning rate: 0.0005
[2026-06-16 10:18:55,194][pretrain_logger][INFO] - Current learning rate: 0.0005
2026-06-16 10:18:55 - pretrain_logger - INFO - Logged epoch Pretrain 7 info to /public/home/202411094934/python_project/Spatio-Temporal-Library/time-series/2026-06-16/itransformer/pretrain10/etth1/time-series/seed_1/training_log.json
[2026-06-16 10:18:55,197][pretrain_logger][INFO] - Logged epoch Pretrain 7 info to /public/home/202411094934/python_project/Spatio-Temporal-Library/time-series/2026-06-16/itransformer/pretrain10/etth1/time-series/seed_1/training_log.json
2026-06-16 10:21:39 - pretrain_logger - INFO - [JEPA Pretrain] Epoch 8/10, loss=0.502699, time=164.13s
[2026-06-16 10:21:39,328][pretrain_logger][INFO] - [JEPA Pretrain] Epoch 8/10, loss=0.502699, time=164.13s
2026-06-16 10:21:39 - pretrain_logger - INFO - Pretrain loss: 0.502698545542658
[2026-06-16 10:21:39,352][pretrain_logger][INFO] - Pretrain loss: 0.502698545542658
2026-06-16 10:21:39 - pretrain_logger - INFO - Pretrain time: 164.13091778755188s
[2026-06-16 10:21:39,352][pretrain_logger][INFO] - Pretrain time: 164.13091778755188s
2026-06-16 10:21:39 - pretrain_logger - INFO - Pretrain memory reserved: 24.00 MB
[2026-06-16 10:21:39,352][pretrain_logger][INFO] - Pretrain memory reserved: 24.00 MB
2026-06-16 10:21:39 - pretrain_logger - INFO - Pretrain memory allocated: 18.04 MB
[2026-06-16 10:21:39,352][pretrain_logger][INFO] - Pretrain memory allocated: 18.04 MB
2026-06-16 10:21:39 - pretrain_logger - INFO - Current learning rate: 0.0005
[2026-06-16 10:21:39,352][pretrain_logger][INFO] - Current learning rate: 0.0005
2026-06-16 10:21:39 - pretrain_logger - INFO - Logged epoch Pretrain 8 info to /public/home/202411094934/python_project/Spatio-Temporal-Library/time-series/2026-06-16/itransformer/pretrain10/etth1/time-series/seed_1/training_log.json
[2026-06-16 10:21:39,355][pretrain_logger][INFO] - Logged epoch Pretrain 8 info to /public/home/202411094934/python_project/Spatio-Temporal-Library/time-series/2026-06-16/itransformer/pretrain10/etth1/time-series/seed_1/training_log.json
2026-06-16 10:24:23 - pretrain_logger - INFO - [JEPA Pretrain] Epoch 9/10, loss=0.493097, time=164.12s
[2026-06-16 10:24:23,471][pretrain_logger][INFO] - [JEPA Pretrain] Epoch 9/10, loss=0.493097, time=164.12s
2026-06-16 10:24:23 - pretrain_logger - INFO - Pretrain loss: 0.4930969173096431
[2026-06-16 10:24:23,472][pretrain_logger][INFO] - Pretrain loss: 0.4930969173096431
2026-06-16 10:24:23 - pretrain_logger - INFO - Pretrain time: 164.116135597229s
[2026-06-16 10:24:23,472][pretrain_logger][INFO] - Pretrain time: 164.116135597229s
2026-06-16 10:24:23 - pretrain_logger - INFO - Pretrain memory reserved: 24.00 MB
[2026-06-16 10:24:23,472][pretrain_logger][INFO] - Pretrain memory reserved: 24.00 MB
2026-06-16 10:24:23 - pretrain_logger - INFO - Pretrain memory allocated: 18.04 MB
[2026-06-16 10:24:23,472][pretrain_logger][INFO] - Pretrain memory allocated: 18.04 MB
2026-06-16 10:24:23 - pretrain_logger - INFO - Current learning rate: 0.0005
[2026-06-16 10:24:23,473][pretrain_logger][INFO] - Current learning rate: 0.0005
2026-06-16 10:24:23 - pretrain_logger - INFO - Logged epoch Pretrain 9 info to /public/home/202411094934/python_project/Spatio-Temporal-Library/time-series/2026-06-16/itransformer/pretrain10/etth1/time-series/seed_1/training_log.json
[2026-06-16 10:24:23,476][pretrain_logger][INFO] - Logged epoch Pretrain 9 info to /public/home/202411094934/python_project/Spatio-Temporal-Library/time-series/2026-06-16/itransformer/pretrain10/etth1/time-series/seed_1/training_log.json
2026-06-16 10:27:07 - pretrain_logger - INFO - [JEPA Pretrain] Epoch 10/10, loss=0.487398, time=164.17s
[2026-06-16 10:27:07,650][pretrain_logger][INFO] - [JEPA Pretrain] Epoch 10/10, loss=0.487398, time=164.17s
2026-06-16 10:27:07 - pretrain_logger - INFO - Pretrain loss: 0.4873979287465265
[2026-06-16 10:27:07,673][pretrain_logger][INFO] - Pretrain loss: 0.4873979287465265
2026-06-16 10:27:07 - pretrain_logger - INFO - Pretrain time: 164.17407655715942s
[2026-06-16 10:27:07,673][pretrain_logger][INFO] - Pretrain time: 164.17407655715942s
2026-06-16 10:27:07 - pretrain_logger - INFO - Pretrain memory reserved: 24.00 MB
[2026-06-16 10:27:07,673][pretrain_logger][INFO] - Pretrain memory reserved: 24.00 MB
2026-06-16 10:27:07 - pretrain_logger - INFO - Pretrain memory allocated: 18.04 MB
[2026-06-16 10:27:07,673][pretrain_logger][INFO] - Pretrain memory allocated: 18.04 MB
2026-06-16 10:27:07 - pretrain_logger - INFO - Current learning rate: 0.0005
[2026-06-16 10:27:07,673][pretrain_logger][INFO] - Current learning rate: 0.0005
2026-06-16 10:27:07 - pretrain_logger - INFO - Logged epoch Pretrain 10 info to /public/home/202411094934/python_project/Spatio-Temporal-Library/time-series/2026-06-16/itransformer/pretrain10/etth1/time-series/seed_1/training_log.json
[2026-06-16 10:27:07,676][pretrain_logger][INFO] - Logged epoch Pretrain 10 info to /public/home/202411094934/python_project/Spatio-Temporal-Library/time-series/2026-06-16/itransformer/pretrain10/etth1/time-series/seed_1/training_log.json
2026-06-16 10:27:07 - pretrain_logger - INFO - JEPA pretraining completed.
[2026-06-16 10:27:07,676][pretrain_logger][INFO] - JEPA pretraining completed.
