2026-06-21 15:00:46 - finetune_logger - INFO - Loaded pretrained checkpoint from: /public/home/202411094934/python_project/Spatio-Temporal-Library/time-series/2026-06-21/autoformer/pretrain10/electricity/time-series/seed_0/jepa_pretrain_epoch_10.pth
Missing keys: []
Unexpected keys: []
[2026-06-21 15:00:46,997][finetune_logger][INFO] - Loaded pretrained checkpoint from: /public/home/202411094934/python_project/Spatio-Temporal-Library/time-series/2026-06-21/autoformer/pretrain10/electricity/time-series/seed_0/jepa_pretrain_epoch_10.pth
Missing keys: []
Unexpected keys: []
2026-06-21 15:00:47 - finetune_logger - INFO - Model parameters: 450,049
[2026-06-21 15:00:47,000][finetune_logger][INFO] - Model parameters: 450,049
2026-06-21 15:00:47 - finetune_logger - INFO - Created new log file at /public/home/202411094934/python_project/Spatio-Temporal-Library/time-series/2026-06-21/autoformer/pretrain10_finetune10/electricity/time-series/seed_0/training_log.json
[2026-06-21 15:00:47,002][finetune_logger][INFO] - Created new log file at /public/home/202411094934/python_project/Spatio-Temporal-Library/time-series/2026-06-21/autoformer/pretrain10_finetune10/electricity/time-series/seed_0/training_log.json
2026-06-21 15:00:47 - finetune_logger - INFO - Starting training...
[2026-06-21 15:00:47,002][finetune_logger][INFO] - Starting training...
2026-06-21 15:00:47 - finetune_logger - INFO - Epoch 1/10
[2026-06-21 15:00:47,002][finetune_logger][INFO] - Epoch 1/10
2026-06-21 15:22:54 - finetune_logger - INFO - Train loss: 269.9639546719516
[2026-06-21 15:22:54,901][finetune_logger][INFO] - Train loss: 269.9639546719516
2026-06-21 15:22:54 - finetune_logger - INFO - Train time: 1327.8979380130768s
[2026-06-21 15:22:54,901][finetune_logger][INFO] - Train time: 1327.8979380130768s
2026-06-21 15:22:54 - finetune_logger - INFO - Train memory reserved: 70.00 MB
[2026-06-21 15:22:54,901][finetune_logger][INFO] - Train memory reserved: 70.00 MB
2026-06-21 15:22:54 - finetune_logger - INFO - Train memory allocated: 23.87 MB
[2026-06-21 15:22:54,902][finetune_logger][INFO] - Train memory allocated: 23.87 MB
2026-06-21 15:22:54 - finetune_logger - INFO - Current learning rate: 0.0005
[2026-06-21 15:22:54,902][finetune_logger][INFO] - Current learning rate: 0.0005
2026-06-21 15:23:58 - finetune_logger - INFO - Validation metrics: {'MAE': 223.63669202945022, 'RMSE': 1721.4449577765204}
[2026-06-21 15:23:58,474][finetune_logger][INFO] - Validation metrics: {'MAE': 223.63669202945022, 'RMSE': 1721.4449577765204}
2026-06-21 15:23:58 - finetune_logger - INFO - Val time: 63.57s
[2026-06-21 15:23:58,474][finetune_logger][INFO] - Val time: 63.57s
2026-06-21 15:23:58 - finetune_logger - INFO - Val memory reserved: 70.00 MB
[2026-06-21 15:23:58,474][finetune_logger][INFO] - Val memory reserved: 70.00 MB
2026-06-21 15:23:58 - finetune_logger - INFO - Val memory allocated: 23.87 MB
[2026-06-21 15:23:58,474][finetune_logger][INFO] - Val memory allocated: 23.87 MB
2026-06-21 15:23:58 - finetune_logger - INFO - Logged epoch 1 info to /public/home/202411094934/python_project/Spatio-Temporal-Library/time-series/2026-06-21/autoformer/pretrain10_finetune10/electricity/time-series/seed_0/training_log.json
[2026-06-21 15:23:58,479][finetune_logger][INFO] - Logged epoch 1 info to /public/home/202411094934/python_project/Spatio-Temporal-Library/time-series/2026-06-21/autoformer/pretrain10_finetune10/electricity/time-series/seed_0/training_log.json
2026-06-21 15:23:58 - finetune_logger - INFO - New best model! Val loss: 223.636692
[2026-06-21 15:23:58,479][finetune_logger][INFO] - New best model! Val loss: 223.636692
2026-06-21 15:26:12 - finetune_logger - INFO - Test metrics: {'MAE': 284.0522859457917, 'RMSE': 2383.0204412674652}
[2026-06-21 15:26:12,269][finetune_logger][INFO] - Test metrics: {'MAE': 284.0522859457917, 'RMSE': 2383.0204412674652}
2026-06-21 15:26:12 - finetune_logger - INFO - Test time: 133.73s
[2026-06-21 15:26:12,269][finetune_logger][INFO] - Test time: 133.73s
2026-06-21 15:26:12 - finetune_logger - INFO - Test memory reserved: 70.00 MB
[2026-06-21 15:26:12,269][finetune_logger][INFO] - Test memory reserved: 70.00 MB
2026-06-21 15:26:12 - finetune_logger - INFO - Test memory allocated: 23.87 MB
[2026-06-21 15:26:12,269][finetune_logger][INFO] - Test memory allocated: 23.87 MB
2026-06-21 15:26:12 - finetune_logger - INFO - Epoch 2/10
[2026-06-21 15:26:12,269][finetune_logger][INFO] - Epoch 2/10
2026-06-21 15:48:18 - finetune_logger - INFO - Train loss: 215.51593539202057
[2026-06-21 15:48:18,403][finetune_logger][INFO] - Train loss: 215.51593539202057
2026-06-21 15:48:18 - finetune_logger - INFO - Train time: 1326.1326076984406s
[2026-06-21 15:48:18,403][finetune_logger][INFO] - Train time: 1326.1326076984406s
2026-06-21 15:48:18 - finetune_logger - INFO - Train memory reserved: 70.00 MB
[2026-06-21 15:48:18,403][finetune_logger][INFO] - Train memory reserved: 70.00 MB
2026-06-21 15:48:18 - finetune_logger - INFO - Train memory allocated: 23.87 MB
[2026-06-21 15:48:18,403][finetune_logger][INFO] - Train memory allocated: 23.87 MB
2026-06-21 15:48:18 - finetune_logger - INFO - Current learning rate: 0.0005
[2026-06-21 15:48:18,403][finetune_logger][INFO] - Current learning rate: 0.0005
2026-06-21 15:49:22 - finetune_logger - INFO - Validation metrics: {'MAE': 218.05263540810034, 'RMSE': 1745.7054339278343}
[2026-06-21 15:49:22,193][finetune_logger][INFO] - Validation metrics: {'MAE': 218.05263540810034, 'RMSE': 1745.7054339278343}
2026-06-21 15:49:22 - finetune_logger - INFO - Val time: 63.79s
[2026-06-21 15:49:22,194][finetune_logger][INFO] - Val time: 63.79s
2026-06-21 15:49:22 - finetune_logger - INFO - Val memory reserved: 70.00 MB
[2026-06-21 15:49:22,194][finetune_logger][INFO] - Val memory reserved: 70.00 MB
2026-06-21 15:49:22 - finetune_logger - INFO - Val memory allocated: 23.87 MB
[2026-06-21 15:49:22,194][finetune_logger][INFO] - Val memory allocated: 23.87 MB
2026-06-21 15:49:22 - finetune_logger - INFO - Logged epoch 2 info to /public/home/202411094934/python_project/Spatio-Temporal-Library/time-series/2026-06-21/autoformer/pretrain10_finetune10/electricity/time-series/seed_0/training_log.json
[2026-06-21 15:49:22,197][finetune_logger][INFO] - Logged epoch 2 info to /public/home/202411094934/python_project/Spatio-Temporal-Library/time-series/2026-06-21/autoformer/pretrain10_finetune10/electricity/time-series/seed_0/training_log.json
2026-06-21 15:49:22 - finetune_logger - INFO - New best model! Val loss: 218.052635
[2026-06-21 15:49:22,197][finetune_logger][INFO] - New best model! Val loss: 218.052635
2026-06-21 15:51:36 - finetune_logger - INFO - Test metrics: {'MAE': 279.7937213676003, 'RMSE': 2440.5196209437618}
[2026-06-21 15:51:36,323][finetune_logger][INFO] - Test metrics: {'MAE': 279.7937213676003, 'RMSE': 2440.5196209437618}
2026-06-21 15:51:36 - finetune_logger - INFO - Test time: 134.07s
[2026-06-21 15:51:36,324][finetune_logger][INFO] - Test time: 134.07s
2026-06-21 15:51:36 - finetune_logger - INFO - Test memory reserved: 70.00 MB
[2026-06-21 15:51:36,324][finetune_logger][INFO] - Test memory reserved: 70.00 MB
2026-06-21 15:51:36 - finetune_logger - INFO - Test memory allocated: 23.87 MB
[2026-06-21 15:51:36,324][finetune_logger][INFO] - Test memory allocated: 23.87 MB
2026-06-21 15:51:36 - finetune_logger - INFO - Epoch 3/10
[2026-06-21 15:51:36,324][finetune_logger][INFO] - Epoch 3/10
2026-06-21 16:13:50 - finetune_logger - INFO - Train loss: 202.23221042349644
[2026-06-21 16:13:50,494][finetune_logger][INFO] - Train loss: 202.23221042349644
2026-06-21 16:13:50 - finetune_logger - INFO - Train time: 1334.169512271881s
[2026-06-21 16:13:50,495][finetune_logger][INFO] - Train time: 1334.169512271881s
2026-06-21 16:13:50 - finetune_logger - INFO - Train memory reserved: 70.00 MB
[2026-06-21 16:13:50,495][finetune_logger][INFO] - Train memory reserved: 70.00 MB
2026-06-21 16:13:50 - finetune_logger - INFO - Train memory allocated: 23.87 MB
[2026-06-21 16:13:50,495][finetune_logger][INFO] - Train memory allocated: 23.87 MB
2026-06-21 16:13:50 - finetune_logger - INFO - Current learning rate: 0.0005
[2026-06-21 16:13:50,495][finetune_logger][INFO] - Current learning rate: 0.0005
2026-06-21 16:14:54 - finetune_logger - INFO - Validation metrics: {'MAE': 217.9941200336654, 'RMSE': 1770.2631075246697}
[2026-06-21 16:14:54,207][finetune_logger][INFO] - Validation metrics: {'MAE': 217.9941200336654, 'RMSE': 1770.2631075246697}
2026-06-21 16:14:54 - finetune_logger - INFO - Val time: 63.71s
[2026-06-21 16:14:54,208][finetune_logger][INFO] - Val time: 63.71s
2026-06-21 16:14:54 - finetune_logger - INFO - Val memory reserved: 70.00 MB
[2026-06-21 16:14:54,208][finetune_logger][INFO] - Val memory reserved: 70.00 MB
2026-06-21 16:14:54 - finetune_logger - INFO - Val memory allocated: 23.87 MB
[2026-06-21 16:14:54,208][finetune_logger][INFO] - Val memory allocated: 23.87 MB
2026-06-21 16:14:54 - finetune_logger - INFO - Logged epoch 3 info to /public/home/202411094934/python_project/Spatio-Temporal-Library/time-series/2026-06-21/autoformer/pretrain10_finetune10/electricity/time-series/seed_0/training_log.json
[2026-06-21 16:14:54,211][finetune_logger][INFO] - Logged epoch 3 info to /public/home/202411094934/python_project/Spatio-Temporal-Library/time-series/2026-06-21/autoformer/pretrain10_finetune10/electricity/time-series/seed_0/training_log.json
2026-06-21 16:14:54 - finetune_logger - INFO - New best model! Val loss: 217.994120
[2026-06-21 16:14:54,211][finetune_logger][INFO] - New best model! Val loss: 217.994120
2026-06-21 16:17:08 - finetune_logger - INFO - Test metrics: {'MAE': 282.50394197269327, 'RMSE': 2527.7380823950766}
[2026-06-21 16:17:08,637][finetune_logger][INFO] - Test metrics: {'MAE': 282.50394197269327, 'RMSE': 2527.7380823950766}
2026-06-21 16:17:08 - finetune_logger - INFO - Test time: 134.36s
[2026-06-21 16:17:08,638][finetune_logger][INFO] - Test time: 134.36s
2026-06-21 16:17:08 - finetune_logger - INFO - Test memory reserved: 70.00 MB
[2026-06-21 16:17:08,638][finetune_logger][INFO] - Test memory reserved: 70.00 MB
2026-06-21 16:17:08 - finetune_logger - INFO - Test memory allocated: 23.87 MB
[2026-06-21 16:17:08,638][finetune_logger][INFO] - Test memory allocated: 23.87 MB
2026-06-21 16:17:08 - finetune_logger - INFO - Epoch 4/10
[2026-06-21 16:17:08,638][finetune_logger][INFO] - Epoch 4/10
2026-06-21 16:39:24 - finetune_logger - INFO - Train loss: 195.32173528396345
[2026-06-21 16:39:24,185][finetune_logger][INFO] - Train loss: 195.32173528396345
2026-06-21 16:39:24 - finetune_logger - INFO - Train time: 1335.5463309288025s
[2026-06-21 16:39:24,185][finetune_logger][INFO] - Train time: 1335.5463309288025s
2026-06-21 16:39:24 - finetune_logger - INFO - Train memory reserved: 70.00 MB
[2026-06-21 16:39:24,185][finetune_logger][INFO] - Train memory reserved: 70.00 MB
2026-06-21 16:39:24 - finetune_logger - INFO - Train memory allocated: 23.87 MB
[2026-06-21 16:39:24,186][finetune_logger][INFO] - Train memory allocated: 23.87 MB
2026-06-21 16:39:24 - finetune_logger - INFO - Current learning rate: 0.0005
[2026-06-21 16:39:24,186][finetune_logger][INFO] - Current learning rate: 0.0005
2026-06-21 16:40:27 - finetune_logger - INFO - Validation metrics: {'MAE': 220.69688662880324, 'RMSE': 1824.8621745990959}
[2026-06-21 16:40:27,848][finetune_logger][INFO] - Validation metrics: {'MAE': 220.69688662880324, 'RMSE': 1824.8621745990959}
2026-06-21 16:40:27 - finetune_logger - INFO - Val time: 63.66s
[2026-06-21 16:40:27,849][finetune_logger][INFO] - Val time: 63.66s
2026-06-21 16:40:27 - finetune_logger - INFO - Val memory reserved: 70.00 MB
[2026-06-21 16:40:27,849][finetune_logger][INFO] - Val memory reserved: 70.00 MB
2026-06-21 16:40:27 - finetune_logger - INFO - Val memory allocated: 23.87 MB
[2026-06-21 16:40:27,849][finetune_logger][INFO] - Val memory allocated: 23.87 MB
2026-06-21 16:40:27 - finetune_logger - INFO - Logged epoch 4 info to /public/home/202411094934/python_project/Spatio-Temporal-Library/time-series/2026-06-21/autoformer/pretrain10_finetune10/electricity/time-series/seed_0/training_log.json
[2026-06-21 16:40:27,852][finetune_logger][INFO] - Logged epoch 4 info to /public/home/202411094934/python_project/Spatio-Temporal-Library/time-series/2026-06-21/autoformer/pretrain10_finetune10/electricity/time-series/seed_0/training_log.json
2026-06-21 16:42:41 - finetune_logger - INFO - Test metrics: {'MAE': 289.68039590764204, 'RMSE': 2605.367670832114}
[2026-06-21 16:42:41,900][finetune_logger][INFO] - Test metrics: {'MAE': 289.68039590764204, 'RMSE': 2605.367670832114}
2026-06-21 16:42:41 - finetune_logger - INFO - Test time: 134.05s
[2026-06-21 16:42:41,900][finetune_logger][INFO] - Test time: 134.05s
2026-06-21 16:42:41 - finetune_logger - INFO - Test memory reserved: 70.00 MB
[2026-06-21 16:42:41,900][finetune_logger][INFO] - Test memory reserved: 70.00 MB
2026-06-21 16:42:41 - finetune_logger - INFO - Test memory allocated: 23.87 MB
[2026-06-21 16:42:41,900][finetune_logger][INFO] - Test memory allocated: 23.87 MB
2026-06-21 16:42:41 - finetune_logger - INFO - Epoch 5/10
[2026-06-21 16:42:41,900][finetune_logger][INFO] - Epoch 5/10
2026-06-21 17:04:57 - finetune_logger - INFO - Train loss: 190.09465691428358
[2026-06-21 17:04:57,057][finetune_logger][INFO] - Train loss: 190.09465691428358
2026-06-21 17:04:57 - finetune_logger - INFO - Train time: 1335.1563651561737s
[2026-06-21 17:04:57,058][finetune_logger][INFO] - Train time: 1335.1563651561737s
2026-06-21 17:04:57 - finetune_logger - INFO - Train memory reserved: 70.00 MB
[2026-06-21 17:04:57,058][finetune_logger][INFO] - Train memory reserved: 70.00 MB
2026-06-21 17:04:57 - finetune_logger - INFO - Train memory allocated: 23.87 MB
[2026-06-21 17:04:57,058][finetune_logger][INFO] - Train memory allocated: 23.87 MB
2026-06-21 17:04:57 - finetune_logger - INFO - Current learning rate: 0.0005
[2026-06-21 17:04:57,058][finetune_logger][INFO] - Current learning rate: 0.0005
2026-06-21 17:06:01 - finetune_logger - INFO - Validation metrics: {'MAE': 211.74657578638968, 'RMSE': 1635.5123252981052}
[2026-06-21 17:06:01,071][finetune_logger][INFO] - Validation metrics: {'MAE': 211.74657578638968, 'RMSE': 1635.5123252981052}
2026-06-21 17:06:01 - finetune_logger - INFO - Val time: 64.01s
[2026-06-21 17:06:01,072][finetune_logger][INFO] - Val time: 64.01s
2026-06-21 17:06:01 - finetune_logger - INFO - Val memory reserved: 70.00 MB
[2026-06-21 17:06:01,072][finetune_logger][INFO] - Val memory reserved: 70.00 MB
2026-06-21 17:06:01 - finetune_logger - INFO - Val memory allocated: 23.87 MB
[2026-06-21 17:06:01,072][finetune_logger][INFO] - Val memory allocated: 23.87 MB
2026-06-21 17:06:01 - finetune_logger - INFO - Logged epoch 5 info to /public/home/202411094934/python_project/Spatio-Temporal-Library/time-series/2026-06-21/autoformer/pretrain10_finetune10/electricity/time-series/seed_0/training_log.json
[2026-06-21 17:06:01,075][finetune_logger][INFO] - Logged epoch 5 info to /public/home/202411094934/python_project/Spatio-Temporal-Library/time-series/2026-06-21/autoformer/pretrain10_finetune10/electricity/time-series/seed_0/training_log.json
2026-06-21 17:06:01 - finetune_logger - INFO - New best model! Val loss: 211.746576
[2026-06-21 17:06:01,075][finetune_logger][INFO] - New best model! Val loss: 211.746576
2026-06-21 17:08:15 - finetune_logger - INFO - Test metrics: {'MAE': 275.609614779664, 'RMSE': 2395.39050417305}
[2026-06-21 17:08:15,137][finetune_logger][INFO] - Test metrics: {'MAE': 275.609614779664, 'RMSE': 2395.39050417305}
2026-06-21 17:08:15 - finetune_logger - INFO - Test time: 134.00s
[2026-06-21 17:08:15,137][finetune_logger][INFO] - Test time: 134.00s
2026-06-21 17:08:15 - finetune_logger - INFO - Test memory reserved: 70.00 MB
[2026-06-21 17:08:15,137][finetune_logger][INFO] - Test memory reserved: 70.00 MB
2026-06-21 17:08:15 - finetune_logger - INFO - Test memory allocated: 23.87 MB
[2026-06-21 17:08:15,138][finetune_logger][INFO] - Test memory allocated: 23.87 MB
2026-06-21 17:08:15 - finetune_logger - INFO - Epoch 6/10
[2026-06-21 17:08:15,138][finetune_logger][INFO] - Epoch 6/10
2026-06-21 17:30:29 - finetune_logger - INFO - Train loss: 186.3026162590962
[2026-06-21 17:30:29,410][finetune_logger][INFO] - Train loss: 186.3026162590962
2026-06-21 17:30:29 - finetune_logger - INFO - Train time: 1334.271799325943s
[2026-06-21 17:30:29,410][finetune_logger][INFO] - Train time: 1334.271799325943s
2026-06-21 17:30:29 - finetune_logger - INFO - Train memory reserved: 70.00 MB
[2026-06-21 17:30:29,410][finetune_logger][INFO] - Train memory reserved: 70.00 MB
2026-06-21 17:30:29 - finetune_logger - INFO - Train memory allocated: 23.87 MB
[2026-06-21 17:30:29,410][finetune_logger][INFO] - Train memory allocated: 23.87 MB
2026-06-21 17:30:29 - finetune_logger - INFO - Current learning rate: 0.0005
[2026-06-21 17:30:29,411][finetune_logger][INFO] - Current learning rate: 0.0005
2026-06-21 17:31:33 - finetune_logger - INFO - Validation metrics: {'MAE': 214.46277830103838, 'RMSE': 1701.1088332904978}
[2026-06-21 17:31:33,074][finetune_logger][INFO] - Validation metrics: {'MAE': 214.46277830103838, 'RMSE': 1701.1088332904978}
2026-06-21 17:31:33 - finetune_logger - INFO - Val time: 63.66s
[2026-06-21 17:31:33,074][finetune_logger][INFO] - Val time: 63.66s
2026-06-21 17:31:33 - finetune_logger - INFO - Val memory reserved: 70.00 MB
[2026-06-21 17:31:33,074][finetune_logger][INFO] - Val memory reserved: 70.00 MB
2026-06-21 17:31:33 - finetune_logger - INFO - Val memory allocated: 23.87 MB
[2026-06-21 17:31:33,074][finetune_logger][INFO] - Val memory allocated: 23.87 MB
2026-06-21 17:31:33 - finetune_logger - INFO - Logged epoch 6 info to /public/home/202411094934/python_project/Spatio-Temporal-Library/time-series/2026-06-21/autoformer/pretrain10_finetune10/electricity/time-series/seed_0/training_log.json
[2026-06-21 17:31:33,078][finetune_logger][INFO] - Logged epoch 6 info to /public/home/202411094934/python_project/Spatio-Temporal-Library/time-series/2026-06-21/autoformer/pretrain10_finetune10/electricity/time-series/seed_0/training_log.json
2026-06-21 17:33:46 - finetune_logger - INFO - Test metrics: {'MAE': 277.84691701393194, 'RMSE': 2461.549790205834}
[2026-06-21 17:33:46,602][finetune_logger][INFO] - Test metrics: {'MAE': 277.84691701393194, 'RMSE': 2461.549790205834}
2026-06-21 17:33:46 - finetune_logger - INFO - Test time: 133.52s
[2026-06-21 17:33:46,602][finetune_logger][INFO] - Test time: 133.52s
2026-06-21 17:33:46 - finetune_logger - INFO - Test memory reserved: 70.00 MB
[2026-06-21 17:33:46,603][finetune_logger][INFO] - Test memory reserved: 70.00 MB
2026-06-21 17:33:46 - finetune_logger - INFO - Test memory allocated: 23.87 MB
[2026-06-21 17:33:46,603][finetune_logger][INFO] - Test memory allocated: 23.87 MB
2026-06-21 17:33:46 - finetune_logger - INFO - Epoch 7/10
[2026-06-21 17:33:46,603][finetune_logger][INFO] - Epoch 7/10
2026-06-21 17:56:00 - finetune_logger - INFO - Train loss: 183.33876041043027
[2026-06-21 17:56:00,763][finetune_logger][INFO] - Train loss: 183.33876041043027
2026-06-21 17:56:00 - finetune_logger - INFO - Train time: 1334.1591482162476s
[2026-06-21 17:56:00,763][finetune_logger][INFO] - Train time: 1334.1591482162476s
2026-06-21 17:56:00 - finetune_logger - INFO - Train memory reserved: 70.00 MB
[2026-06-21 17:56:00,763][finetune_logger][INFO] - Train memory reserved: 70.00 MB
2026-06-21 17:56:00 - finetune_logger - INFO - Train memory allocated: 23.87 MB
[2026-06-21 17:56:00,763][finetune_logger][INFO] - Train memory allocated: 23.87 MB
2026-06-21 17:56:00 - finetune_logger - INFO - Current learning rate: 0.0005
[2026-06-21 17:56:00,763][finetune_logger][INFO] - Current learning rate: 0.0005
2026-06-21 17:57:04 - finetune_logger - INFO - Validation metrics: {'MAE': 215.5462422196235, 'RMSE': 1761.7802869294849}
[2026-06-21 17:57:04,656][finetune_logger][INFO] - Validation metrics: {'MAE': 215.5462422196235, 'RMSE': 1761.7802869294849}
2026-06-21 17:57:04 - finetune_logger - INFO - Val time: 63.89s
[2026-06-21 17:57:04,656][finetune_logger][INFO] - Val time: 63.89s
2026-06-21 17:57:04 - finetune_logger - INFO - Val memory reserved: 70.00 MB
[2026-06-21 17:57:04,656][finetune_logger][INFO] - Val memory reserved: 70.00 MB
2026-06-21 17:57:04 - finetune_logger - INFO - Val memory allocated: 23.87 MB
[2026-06-21 17:57:04,656][finetune_logger][INFO] - Val memory allocated: 23.87 MB
2026-06-21 17:57:04 - finetune_logger - INFO - Logged epoch 7 info to /public/home/202411094934/python_project/Spatio-Temporal-Library/time-series/2026-06-21/autoformer/pretrain10_finetune10/electricity/time-series/seed_0/training_log.json
[2026-06-21 17:57:04,659][finetune_logger][INFO] - Logged epoch 7 info to /public/home/202411094934/python_project/Spatio-Temporal-Library/time-series/2026-06-21/autoformer/pretrain10_finetune10/electricity/time-series/seed_0/training_log.json
2026-06-21 17:59:19 - finetune_logger - INFO - Test metrics: {'MAE': 290.40150524799884, 'RMSE': 2677.7106542539527}
[2026-06-21 17:59:19,354][finetune_logger][INFO] - Test metrics: {'MAE': 290.40150524799884, 'RMSE': 2677.7106542539527}
2026-06-21 17:59:19 - finetune_logger - INFO - Test time: 134.69s
[2026-06-21 17:59:19,354][finetune_logger][INFO] - Test time: 134.69s
2026-06-21 17:59:19 - finetune_logger - INFO - Test memory reserved: 70.00 MB
[2026-06-21 17:59:19,355][finetune_logger][INFO] - Test memory reserved: 70.00 MB
2026-06-21 17:59:19 - finetune_logger - INFO - Test memory allocated: 23.87 MB
[2026-06-21 17:59:19,355][finetune_logger][INFO] - Test memory allocated: 23.87 MB
2026-06-21 17:59:19 - finetune_logger - INFO - Epoch 8/10
[2026-06-21 17:59:19,355][finetune_logger][INFO] - Epoch 8/10
2026-06-21 18:21:33 - finetune_logger - INFO - Train loss: 180.5501033062111
[2026-06-21 18:21:33,563][finetune_logger][INFO] - Train loss: 180.5501033062111
2026-06-21 18:21:33 - finetune_logger - INFO - Train time: 1334.2079157829285s
[2026-06-21 18:21:33,564][finetune_logger][INFO] - Train time: 1334.2079157829285s
2026-06-21 18:21:33 - finetune_logger - INFO - Train memory reserved: 70.00 MB
[2026-06-21 18:21:33,564][finetune_logger][INFO] - Train memory reserved: 70.00 MB
2026-06-21 18:21:33 - finetune_logger - INFO - Train memory allocated: 23.87 MB
[2026-06-21 18:21:33,564][finetune_logger][INFO] - Train memory allocated: 23.87 MB
2026-06-21 18:21:33 - finetune_logger - INFO - Current learning rate: 0.0005
[2026-06-21 18:21:33,564][finetune_logger][INFO] - Current learning rate: 0.0005
2026-06-21 18:22:37 - finetune_logger - INFO - Validation metrics: {'MAE': 214.22664672209083, 'RMSE': 1728.437645456414}
[2026-06-21 18:22:37,098][finetune_logger][INFO] - Validation metrics: {'MAE': 214.22664672209083, 'RMSE': 1728.437645456414}
2026-06-21 18:22:37 - finetune_logger - INFO - Val time: 63.53s
[2026-06-21 18:22:37,098][finetune_logger][INFO] - Val time: 63.53s
2026-06-21 18:22:37 - finetune_logger - INFO - Val memory reserved: 70.00 MB
[2026-06-21 18:22:37,098][finetune_logger][INFO] - Val memory reserved: 70.00 MB
2026-06-21 18:22:37 - finetune_logger - INFO - Val memory allocated: 23.87 MB
[2026-06-21 18:22:37,098][finetune_logger][INFO] - Val memory allocated: 23.87 MB
2026-06-21 18:22:37 - finetune_logger - INFO - Logged epoch 8 info to /public/home/202411094934/python_project/Spatio-Temporal-Library/time-series/2026-06-21/autoformer/pretrain10_finetune10/electricity/time-series/seed_0/training_log.json
[2026-06-21 18:22:37,102][finetune_logger][INFO] - Logged epoch 8 info to /public/home/202411094934/python_project/Spatio-Temporal-Library/time-series/2026-06-21/autoformer/pretrain10_finetune10/electricity/time-series/seed_0/training_log.json
2026-06-21 18:24:51 - finetune_logger - INFO - Test metrics: {'MAE': 276.9666592777176, 'RMSE': 2461.5768331562226}
[2026-06-21 18:24:51,474][finetune_logger][INFO] - Test metrics: {'MAE': 276.9666592777176, 'RMSE': 2461.5768331562226}
2026-06-21 18:24:51 - finetune_logger - INFO - Test time: 134.37s
[2026-06-21 18:24:51,474][finetune_logger][INFO] - Test time: 134.37s
2026-06-21 18:24:51 - finetune_logger - INFO - Test memory reserved: 70.00 MB
[2026-06-21 18:24:51,474][finetune_logger][INFO] - Test memory reserved: 70.00 MB
2026-06-21 18:24:51 - finetune_logger - INFO - Test memory allocated: 23.87 MB
[2026-06-21 18:24:51,474][finetune_logger][INFO] - Test memory allocated: 23.87 MB
2026-06-21 18:24:51 - finetune_logger - INFO - Epoch 9/10
[2026-06-21 18:24:51,475][finetune_logger][INFO] - Epoch 9/10
2026-06-21 18:47:05 - finetune_logger - INFO - Train loss: 178.34434517176692
[2026-06-21 18:47:05,745][finetune_logger][INFO] - Train loss: 178.34434517176692
2026-06-21 18:47:05 - finetune_logger - INFO - Train time: 1334.2702133655548s
[2026-06-21 18:47:05,746][finetune_logger][INFO] - Train time: 1334.2702133655548s
2026-06-21 18:47:05 - finetune_logger - INFO - Train memory reserved: 70.00 MB
[2026-06-21 18:47:05,746][finetune_logger][INFO] - Train memory reserved: 70.00 MB
2026-06-21 18:47:05 - finetune_logger - INFO - Train memory allocated: 23.87 MB
[2026-06-21 18:47:05,746][finetune_logger][INFO] - Train memory allocated: 23.87 MB
2026-06-21 18:47:05 - finetune_logger - INFO - Current learning rate: 0.0005
[2026-06-21 18:47:05,746][finetune_logger][INFO] - Current learning rate: 0.0005
2026-06-21 18:48:09 - finetune_logger - INFO - Validation metrics: {'MAE': 212.21970729466477, 'RMSE': 1706.7857539319461}
[2026-06-21 18:48:09,456][finetune_logger][INFO] - Validation metrics: {'MAE': 212.21970729466477, 'RMSE': 1706.7857539319461}
2026-06-21 18:48:09 - finetune_logger - INFO - Val time: 63.71s
[2026-06-21 18:48:09,456][finetune_logger][INFO] - Val time: 63.71s
2026-06-21 18:48:09 - finetune_logger - INFO - Val memory reserved: 70.00 MB
[2026-06-21 18:48:09,456][finetune_logger][INFO] - Val memory reserved: 70.00 MB
2026-06-21 18:48:09 - finetune_logger - INFO - Val memory allocated: 23.87 MB
[2026-06-21 18:48:09,456][finetune_logger][INFO] - Val memory allocated: 23.87 MB
2026-06-21 18:48:09 - finetune_logger - INFO - Logged epoch 9 info to /public/home/202411094934/python_project/Spatio-Temporal-Library/time-series/2026-06-21/autoformer/pretrain10_finetune10/electricity/time-series/seed_0/training_log.json
[2026-06-21 18:48:09,460][finetune_logger][INFO] - Logged epoch 9 info to /public/home/202411094934/python_project/Spatio-Temporal-Library/time-series/2026-06-21/autoformer/pretrain10_finetune10/electricity/time-series/seed_0/training_log.json
2026-06-21 18:50:23 - finetune_logger - INFO - Test metrics: {'MAE': 283.74785045504007, 'RMSE': 2567.082721214212}
[2026-06-21 18:50:23,874][finetune_logger][INFO] - Test metrics: {'MAE': 283.74785045504007, 'RMSE': 2567.082721214212}
2026-06-21 18:50:23 - finetune_logger - INFO - Test time: 134.41s
[2026-06-21 18:50:23,874][finetune_logger][INFO] - Test time: 134.41s
2026-06-21 18:50:23 - finetune_logger - INFO - Test memory reserved: 70.00 MB
[2026-06-21 18:50:23,874][finetune_logger][INFO] - Test memory reserved: 70.00 MB
2026-06-21 18:50:23 - finetune_logger - INFO - Test memory allocated: 23.87 MB
[2026-06-21 18:50:23,874][finetune_logger][INFO] - Test memory allocated: 23.87 MB
2026-06-21 18:50:23 - finetune_logger - INFO - Epoch 10/10
[2026-06-21 18:50:23,874][finetune_logger][INFO] - Epoch 10/10
2026-06-21 19:12:38 - finetune_logger - INFO - Train loss: 176.51065014524383
[2026-06-21 19:12:38,870][finetune_logger][INFO] - Train loss: 176.51065014524383
2026-06-21 19:12:38 - finetune_logger - INFO - Train time: 1334.9953529834747s
[2026-06-21 19:12:38,871][finetune_logger][INFO] - Train time: 1334.9953529834747s
2026-06-21 19:12:38 - finetune_logger - INFO - Train memory reserved: 70.00 MB
[2026-06-21 19:12:38,871][finetune_logger][INFO] - Train memory reserved: 70.00 MB
2026-06-21 19:12:38 - finetune_logger - INFO - Train memory allocated: 23.87 MB
[2026-06-21 19:12:38,871][finetune_logger][INFO] - Train memory allocated: 23.87 MB
2026-06-21 19:12:38 - finetune_logger - INFO - Current learning rate: 0.0005
[2026-06-21 19:12:38,871][finetune_logger][INFO] - Current learning rate: 0.0005
2026-06-21 19:13:42 - finetune_logger - INFO - Validation metrics: {'MAE': 212.42754739540499, 'RMSE': 1699.6210193770567}
[2026-06-21 19:13:42,752][finetune_logger][INFO] - Validation metrics: {'MAE': 212.42754739540499, 'RMSE': 1699.6210193770567}
2026-06-21 19:13:42 - finetune_logger - INFO - Val time: 63.88s
[2026-06-21 19:13:42,752][finetune_logger][INFO] - Val time: 63.88s
2026-06-21 19:13:42 - finetune_logger - INFO - Val memory reserved: 70.00 MB
[2026-06-21 19:13:42,752][finetune_logger][INFO] - Val memory reserved: 70.00 MB
2026-06-21 19:13:42 - finetune_logger - INFO - Val memory allocated: 23.87 MB
[2026-06-21 19:13:42,753][finetune_logger][INFO] - Val memory allocated: 23.87 MB
2026-06-21 19:13:42 - finetune_logger - INFO - Logged epoch 10 info to /public/home/202411094934/python_project/Spatio-Temporal-Library/time-series/2026-06-21/autoformer/pretrain10_finetune10/electricity/time-series/seed_0/training_log.json
[2026-06-21 19:13:42,756][finetune_logger][INFO] - Logged epoch 10 info to /public/home/202411094934/python_project/Spatio-Temporal-Library/time-series/2026-06-21/autoformer/pretrain10_finetune10/electricity/time-series/seed_0/training_log.json
2026-06-21 19:15:57 - finetune_logger - INFO - Test metrics: {'MAE': 278.4491558162565, 'RMSE': 2475.1141631695905}
[2026-06-21 19:15:57,102][finetune_logger][INFO] - Test metrics: {'MAE': 278.4491558162565, 'RMSE': 2475.1141631695905}
2026-06-21 19:15:57 - finetune_logger - INFO - Test time: 134.31s
[2026-06-21 19:15:57,102][finetune_logger][INFO] - Test time: 134.31s
2026-06-21 19:15:57 - finetune_logger - INFO - Test memory reserved: 70.00 MB
[2026-06-21 19:15:57,102][finetune_logger][INFO] - Test memory reserved: 70.00 MB
2026-06-21 19:15:57 - finetune_logger - INFO - Test memory allocated: 23.87 MB
[2026-06-21 19:15:57,102][finetune_logger][INFO] - Test memory allocated: 23.87 MB
2026-06-21 19:15:57 - finetune_logger - INFO - Training completed. Best epoch: 5, Best val loss: 211.746576
[2026-06-21 19:15:57,102][finetune_logger][INFO] - Training completed. Best epoch: 5, Best val loss: 211.746576
2026-06-21 19:15:57 - finetune_logger - INFO - Loaded checkpoint from epoch 5
[2026-06-21 19:15:57,143][finetune_logger][INFO] - Loaded checkpoint from epoch 5
2026-06-21 19:15:57 - finetune_logger - INFO - Evaluating best model on test sets...
[2026-06-21 19:15:57,144][finetune_logger][INFO] - Evaluating best model on test sets...
2026-06-21 19:18:10 - finetune_logger - INFO - Test metrics: {'MAE': 275.609614779664, 'RMSE': 2395.39050417305}
[2026-06-21 19:18:10,449][finetune_logger][INFO] - Test metrics: {'MAE': 275.609614779664, 'RMSE': 2395.39050417305}
2026-06-21 19:18:10 - finetune_logger - INFO - Test time: 133.30s
[2026-06-21 19:18:10,449][finetune_logger][INFO] - Test time: 133.30s
2026-06-21 19:18:10 - finetune_logger - INFO - Test memory reserved: 70.00 MB
[2026-06-21 19:18:10,449][finetune_logger][INFO] - Test memory reserved: 70.00 MB
2026-06-21 19:18:10 - finetune_logger - INFO - Test memory allocated: 23.91 MB
[2026-06-21 19:18:10,449][finetune_logger][INFO] - Test memory allocated: 23.91 MB
2026-06-21 19:18:10 - finetune_logger - INFO - Logged epoch test info to /public/home/202411094934/python_project/Spatio-Temporal-Library/time-series/2026-06-21/autoformer/pretrain10_finetune10/electricity/time-series/seed_0/training_log.json
[2026-06-21 19:18:10,452][finetune_logger][INFO] - Logged epoch test info to /public/home/202411094934/python_project/Spatio-Temporal-Library/time-series/2026-06-21/autoformer/pretrain10_finetune10/electricity/time-series/seed_0/training_log.json
