2026-06-14 02:26:41 - pretrain_logger - INFO - Model parameters: 824,672
[2026-06-14 02:26:41,453][pretrain_logger][INFO] - Model parameters: 824,672
2026-06-14 02:26:41 - pretrain_logger - INFO - Created new log file at /public/home/202411094934/python_project/Spatio-Temporal-Library/time-series/2026-06-13/crossformer/pretrain10/ettm1/time-series/seed_1/training_log.json
[2026-06-14 02:26:41,535][pretrain_logger][INFO] - Created new log file at /public/home/202411094934/python_project/Spatio-Temporal-Library/time-series/2026-06-13/crossformer/pretrain10/ettm1/time-series/seed_1/training_log.json
2026-06-14 02:26:41 - pretrain_logger - INFO - Starting JEPA pretraining...
[2026-06-14 02:26:41,535][pretrain_logger][INFO] - Starting JEPA pretraining...
2026-06-14 02:47:02 - pretrain_logger - INFO - [JEPA Pretrain] Epoch 1/10, loss=1.191915, time=1220.83s
[2026-06-14 02:47:02,369][pretrain_logger][INFO] - [JEPA Pretrain] Epoch 1/10, loss=1.191915, time=1220.83s
2026-06-14 02:47:02 - pretrain_logger - INFO - Pretrain loss: 1.1919153620977394
[2026-06-14 02:47:02,370][pretrain_logger][INFO] - Pretrain loss: 1.1919153620977394
2026-06-14 02:47:02 - pretrain_logger - INFO - Pretrain time: 1220.8333926200867s
[2026-06-14 02:47:02,370][pretrain_logger][INFO] - Pretrain time: 1220.8333926200867s
2026-06-14 02:47:02 - pretrain_logger - INFO - Pretrain memory reserved: 74.00 MB
[2026-06-14 02:47:02,370][pretrain_logger][INFO] - Pretrain memory reserved: 74.00 MB
2026-06-14 02:47:02 - pretrain_logger - INFO - Pretrain memory allocated: 22.08 MB
[2026-06-14 02:47:02,370][pretrain_logger][INFO] - Pretrain memory allocated: 22.08 MB
2026-06-14 02:47:02 - pretrain_logger - INFO - Current learning rate: 0.0005
[2026-06-14 02:47:02,370][pretrain_logger][INFO] - Current learning rate: 0.0005
2026-06-14 02:47:02 - pretrain_logger - INFO - Logged epoch Pretrain 1 info to /public/home/202411094934/python_project/Spatio-Temporal-Library/time-series/2026-06-13/crossformer/pretrain10/ettm1/time-series/seed_1/training_log.json
[2026-06-14 02:47:02,374][pretrain_logger][INFO] - Logged epoch Pretrain 1 info to /public/home/202411094934/python_project/Spatio-Temporal-Library/time-series/2026-06-13/crossformer/pretrain10/ettm1/time-series/seed_1/training_log.json
2026-06-14 03:07:16 - pretrain_logger - INFO - [JEPA Pretrain] Epoch 2/10, loss=1.142342, time=1214.55s
[2026-06-14 03:07:16,925][pretrain_logger][INFO] - [JEPA Pretrain] Epoch 2/10, loss=1.142342, time=1214.55s
2026-06-14 03:07:16 - pretrain_logger - INFO - Pretrain loss: 1.1423417005363656
[2026-06-14 03:07:16,985][pretrain_logger][INFO] - Pretrain loss: 1.1423417005363656
2026-06-14 03:07:16 - pretrain_logger - INFO - Pretrain time: 1214.551165342331s
[2026-06-14 03:07:16,985][pretrain_logger][INFO] - Pretrain time: 1214.551165342331s
2026-06-14 03:07:16 - pretrain_logger - INFO - Pretrain memory reserved: 74.00 MB
[2026-06-14 03:07:16,985][pretrain_logger][INFO] - Pretrain memory reserved: 74.00 MB
2026-06-14 03:07:16 - pretrain_logger - INFO - Pretrain memory allocated: 22.08 MB
[2026-06-14 03:07:16,986][pretrain_logger][INFO] - Pretrain memory allocated: 22.08 MB
2026-06-14 03:07:16 - pretrain_logger - INFO - Current learning rate: 0.0005
[2026-06-14 03:07:16,986][pretrain_logger][INFO] - Current learning rate: 0.0005
2026-06-14 03:07:16 - pretrain_logger - INFO - Logged epoch Pretrain 2 info to /public/home/202411094934/python_project/Spatio-Temporal-Library/time-series/2026-06-13/crossformer/pretrain10/ettm1/time-series/seed_1/training_log.json
[2026-06-14 03:07:16,988][pretrain_logger][INFO] - Logged epoch Pretrain 2 info to /public/home/202411094934/python_project/Spatio-Temporal-Library/time-series/2026-06-13/crossformer/pretrain10/ettm1/time-series/seed_1/training_log.json
2026-06-14 03:27:38 - pretrain_logger - INFO - [JEPA Pretrain] Epoch 3/10, loss=1.118142, time=1221.78s
[2026-06-14 03:27:38,772][pretrain_logger][INFO] - [JEPA Pretrain] Epoch 3/10, loss=1.118142, time=1221.78s
2026-06-14 03:27:38 - pretrain_logger - INFO - Pretrain loss: 1.118142017587022
[2026-06-14 03:27:38,773][pretrain_logger][INFO] - Pretrain loss: 1.118142017587022
2026-06-14 03:27:38 - pretrain_logger - INFO - Pretrain time: 1221.7831575870514s
[2026-06-14 03:27:38,773][pretrain_logger][INFO] - Pretrain time: 1221.7831575870514s
2026-06-14 03:27:38 - pretrain_logger - INFO - Pretrain memory reserved: 74.00 MB
[2026-06-14 03:27:38,773][pretrain_logger][INFO] - Pretrain memory reserved: 74.00 MB
2026-06-14 03:27:38 - pretrain_logger - INFO - Pretrain memory allocated: 22.08 MB
[2026-06-14 03:27:38,773][pretrain_logger][INFO] - Pretrain memory allocated: 22.08 MB
2026-06-14 03:27:38 - pretrain_logger - INFO - Current learning rate: 0.0005
[2026-06-14 03:27:38,773][pretrain_logger][INFO] - Current learning rate: 0.0005
2026-06-14 03:27:38 - pretrain_logger - INFO - Logged epoch Pretrain 3 info to /public/home/202411094934/python_project/Spatio-Temporal-Library/time-series/2026-06-13/crossformer/pretrain10/ettm1/time-series/seed_1/training_log.json
[2026-06-14 03:27:38,776][pretrain_logger][INFO] - Logged epoch Pretrain 3 info to /public/home/202411094934/python_project/Spatio-Temporal-Library/time-series/2026-06-13/crossformer/pretrain10/ettm1/time-series/seed_1/training_log.json
2026-06-14 03:48:00 - pretrain_logger - INFO - [JEPA Pretrain] Epoch 4/10, loss=1.045276, time=1222.22s
[2026-06-14 03:48:00,992][pretrain_logger][INFO] - [JEPA Pretrain] Epoch 4/10, loss=1.045276, time=1222.22s
2026-06-14 03:48:01 - pretrain_logger - INFO - Pretrain loss: 1.0452755462235506
[2026-06-14 03:48:01,052][pretrain_logger][INFO] - Pretrain loss: 1.0452755462235506
2026-06-14 03:48:01 - pretrain_logger - INFO - Pretrain time: 1222.2160589694977s
[2026-06-14 03:48:01,052][pretrain_logger][INFO] - Pretrain time: 1222.2160589694977s
2026-06-14 03:48:01 - pretrain_logger - INFO - Pretrain memory reserved: 74.00 MB
[2026-06-14 03:48:01,052][pretrain_logger][INFO] - Pretrain memory reserved: 74.00 MB
2026-06-14 03:48:01 - pretrain_logger - INFO - Pretrain memory allocated: 22.08 MB
[2026-06-14 03:48:01,052][pretrain_logger][INFO] - Pretrain memory allocated: 22.08 MB
2026-06-14 03:48:01 - pretrain_logger - INFO - Current learning rate: 0.0005
[2026-06-14 03:48:01,053][pretrain_logger][INFO] - Current learning rate: 0.0005
2026-06-14 03:48:01 - pretrain_logger - INFO - Logged epoch Pretrain 4 info to /public/home/202411094934/python_project/Spatio-Temporal-Library/time-series/2026-06-13/crossformer/pretrain10/ettm1/time-series/seed_1/training_log.json
[2026-06-14 03:48:01,055][pretrain_logger][INFO] - Logged epoch Pretrain 4 info to /public/home/202411094934/python_project/Spatio-Temporal-Library/time-series/2026-06-13/crossformer/pretrain10/ettm1/time-series/seed_1/training_log.json
2026-06-14 04:08:23 - pretrain_logger - INFO - [JEPA Pretrain] Epoch 5/10, loss=0.976935, time=1222.94s
[2026-06-14 04:08:23,995][pretrain_logger][INFO] - [JEPA Pretrain] Epoch 5/10, loss=0.976935, time=1222.94s
2026-06-14 04:08:23 - pretrain_logger - INFO - Pretrain loss: 0.9769354122092642
[2026-06-14 04:08:23,996][pretrain_logger][INFO] - Pretrain loss: 0.9769354122092642
2026-06-14 04:08:23 - pretrain_logger - INFO - Pretrain time: 1222.9398109912872s
[2026-06-14 04:08:23,996][pretrain_logger][INFO] - Pretrain time: 1222.9398109912872s
2026-06-14 04:08:23 - pretrain_logger - INFO - Pretrain memory reserved: 74.00 MB
[2026-06-14 04:08:23,996][pretrain_logger][INFO] - Pretrain memory reserved: 74.00 MB
2026-06-14 04:08:23 - pretrain_logger - INFO - Pretrain memory allocated: 22.08 MB
[2026-06-14 04:08:23,996][pretrain_logger][INFO] - Pretrain memory allocated: 22.08 MB
2026-06-14 04:08:23 - pretrain_logger - INFO - Current learning rate: 0.0005
[2026-06-14 04:08:23,996][pretrain_logger][INFO] - Current learning rate: 0.0005
2026-06-14 04:08:24 - pretrain_logger - INFO - Logged epoch Pretrain 5 info to /public/home/202411094934/python_project/Spatio-Temporal-Library/time-series/2026-06-13/crossformer/pretrain10/ettm1/time-series/seed_1/training_log.json
[2026-06-14 04:08:24,000][pretrain_logger][INFO] - Logged epoch Pretrain 5 info to /public/home/202411094934/python_project/Spatio-Temporal-Library/time-series/2026-06-13/crossformer/pretrain10/ettm1/time-series/seed_1/training_log.json
2026-06-14 04:28:45 - pretrain_logger - INFO - [JEPA Pretrain] Epoch 6/10, loss=0.920429, time=1221.42s
[2026-06-14 04:28:45,422][pretrain_logger][INFO] - [JEPA Pretrain] Epoch 6/10, loss=0.920429, time=1221.42s
2026-06-14 04:28:45 - pretrain_logger - INFO - Pretrain loss: 0.9204292406564518
[2026-06-14 04:28:45,483][pretrain_logger][INFO] - Pretrain loss: 0.9204292406564518
2026-06-14 04:28:45 - pretrain_logger - INFO - Pretrain time: 1221.42192196846s
[2026-06-14 04:28:45,484][pretrain_logger][INFO] - Pretrain time: 1221.42192196846s
2026-06-14 04:28:45 - pretrain_logger - INFO - Pretrain memory reserved: 74.00 MB
[2026-06-14 04:28:45,484][pretrain_logger][INFO] - Pretrain memory reserved: 74.00 MB
2026-06-14 04:28:45 - pretrain_logger - INFO - Pretrain memory allocated: 22.08 MB
[2026-06-14 04:28:45,484][pretrain_logger][INFO] - Pretrain memory allocated: 22.08 MB
2026-06-14 04:28:45 - pretrain_logger - INFO - Current learning rate: 0.0005
[2026-06-14 04:28:45,484][pretrain_logger][INFO] - Current learning rate: 0.0005
2026-06-14 04:28:45 - pretrain_logger - INFO - Logged epoch Pretrain 6 info to /public/home/202411094934/python_project/Spatio-Temporal-Library/time-series/2026-06-13/crossformer/pretrain10/ettm1/time-series/seed_1/training_log.json
[2026-06-14 04:28:45,487][pretrain_logger][INFO] - Logged epoch Pretrain 6 info to /public/home/202411094934/python_project/Spatio-Temporal-Library/time-series/2026-06-13/crossformer/pretrain10/ettm1/time-series/seed_1/training_log.json
2026-06-14 04:49:07 - pretrain_logger - INFO - [JEPA Pretrain] Epoch 7/10, loss=0.865917, time=1221.57s
[2026-06-14 04:49:07,055][pretrain_logger][INFO] - [JEPA Pretrain] Epoch 7/10, loss=0.865917, time=1221.57s
2026-06-14 04:49:07 - pretrain_logger - INFO - Pretrain loss: 0.865917407521135
[2026-06-14 04:49:07,056][pretrain_logger][INFO] - Pretrain loss: 0.865917407521135
2026-06-14 04:49:07 - pretrain_logger - INFO - Pretrain time: 1221.5679893493652s
[2026-06-14 04:49:07,056][pretrain_logger][INFO] - Pretrain time: 1221.5679893493652s
2026-06-14 04:49:07 - pretrain_logger - INFO - Pretrain memory reserved: 74.00 MB
[2026-06-14 04:49:07,056][pretrain_logger][INFO] - Pretrain memory reserved: 74.00 MB
2026-06-14 04:49:07 - pretrain_logger - INFO - Pretrain memory allocated: 22.08 MB
[2026-06-14 04:49:07,056][pretrain_logger][INFO] - Pretrain memory allocated: 22.08 MB
2026-06-14 04:49:07 - pretrain_logger - INFO - Current learning rate: 0.0005
[2026-06-14 04:49:07,056][pretrain_logger][INFO] - Current learning rate: 0.0005
2026-06-14 04:49:07 - pretrain_logger - INFO - Logged epoch Pretrain 7 info to /public/home/202411094934/python_project/Spatio-Temporal-Library/time-series/2026-06-13/crossformer/pretrain10/ettm1/time-series/seed_1/training_log.json
[2026-06-14 04:49:07,059][pretrain_logger][INFO] - Logged epoch Pretrain 7 info to /public/home/202411094934/python_project/Spatio-Temporal-Library/time-series/2026-06-13/crossformer/pretrain10/ettm1/time-series/seed_1/training_log.json
2026-06-14 05:09:28 - pretrain_logger - INFO - [JEPA Pretrain] Epoch 8/10, loss=0.795799, time=1221.57s
[2026-06-14 05:09:28,633][pretrain_logger][INFO] - [JEPA Pretrain] Epoch 8/10, loss=0.795799, time=1221.57s
2026-06-14 05:09:28 - pretrain_logger - INFO - Pretrain loss: 0.7957987996392406
[2026-06-14 05:09:28,694][pretrain_logger][INFO] - Pretrain loss: 0.7957987996392406
2026-06-14 05:09:28 - pretrain_logger - INFO - Pretrain time: 1221.5734372138977s
[2026-06-14 05:09:28,694][pretrain_logger][INFO] - Pretrain time: 1221.5734372138977s
2026-06-14 05:09:28 - pretrain_logger - INFO - Pretrain memory reserved: 74.00 MB
[2026-06-14 05:09:28,694][pretrain_logger][INFO] - Pretrain memory reserved: 74.00 MB
2026-06-14 05:09:28 - pretrain_logger - INFO - Pretrain memory allocated: 22.08 MB
[2026-06-14 05:09:28,694][pretrain_logger][INFO] - Pretrain memory allocated: 22.08 MB
2026-06-14 05:09:28 - pretrain_logger - INFO - Current learning rate: 0.0005
[2026-06-14 05:09:28,694][pretrain_logger][INFO] - Current learning rate: 0.0005
2026-06-14 05:09:28 - pretrain_logger - INFO - Logged epoch Pretrain 8 info to /public/home/202411094934/python_project/Spatio-Temporal-Library/time-series/2026-06-13/crossformer/pretrain10/ettm1/time-series/seed_1/training_log.json
[2026-06-14 05:09:28,697][pretrain_logger][INFO] - Logged epoch Pretrain 8 info to /public/home/202411094934/python_project/Spatio-Temporal-Library/time-series/2026-06-13/crossformer/pretrain10/ettm1/time-series/seed_1/training_log.json
2026-06-14 05:29:50 - pretrain_logger - INFO - [JEPA Pretrain] Epoch 9/10, loss=0.730563, time=1221.72s
[2026-06-14 05:29:50,422][pretrain_logger][INFO] - [JEPA Pretrain] Epoch 9/10, loss=0.730563, time=1221.72s
2026-06-14 05:29:50 - pretrain_logger - INFO - Pretrain loss: 0.7305633338586085
[2026-06-14 05:29:50,423][pretrain_logger][INFO] - Pretrain loss: 0.7305633338586085
2026-06-14 05:29:50 - pretrain_logger - INFO - Pretrain time: 1221.7249116897583s
[2026-06-14 05:29:50,423][pretrain_logger][INFO] - Pretrain time: 1221.7249116897583s
2026-06-14 05:29:50 - pretrain_logger - INFO - Pretrain memory reserved: 74.00 MB
[2026-06-14 05:29:50,423][pretrain_logger][INFO] - Pretrain memory reserved: 74.00 MB
2026-06-14 05:29:50 - pretrain_logger - INFO - Pretrain memory allocated: 22.08 MB
[2026-06-14 05:29:50,423][pretrain_logger][INFO] - Pretrain memory allocated: 22.08 MB
2026-06-14 05:29:50 - pretrain_logger - INFO - Current learning rate: 0.0005
[2026-06-14 05:29:50,423][pretrain_logger][INFO] - Current learning rate: 0.0005
2026-06-14 05:29:50 - pretrain_logger - INFO - Logged epoch Pretrain 9 info to /public/home/202411094934/python_project/Spatio-Temporal-Library/time-series/2026-06-13/crossformer/pretrain10/ettm1/time-series/seed_1/training_log.json
[2026-06-14 05:29:50,426][pretrain_logger][INFO] - Logged epoch Pretrain 9 info to /public/home/202411094934/python_project/Spatio-Temporal-Library/time-series/2026-06-13/crossformer/pretrain10/ettm1/time-series/seed_1/training_log.json
2026-06-14 05:50:11 - pretrain_logger - INFO - [JEPA Pretrain] Epoch 10/10, loss=0.667017, time=1220.85s
[2026-06-14 05:50:11,275][pretrain_logger][INFO] - [JEPA Pretrain] Epoch 10/10, loss=0.667017, time=1220.85s
2026-06-14 05:50:11 - pretrain_logger - INFO - Pretrain loss: 0.6670171120279259
[2026-06-14 05:50:11,336][pretrain_logger][INFO] - Pretrain loss: 0.6670171120279259
2026-06-14 05:50:11 - pretrain_logger - INFO - Pretrain time: 1220.8481199741364s
[2026-06-14 05:50:11,336][pretrain_logger][INFO] - Pretrain time: 1220.8481199741364s
2026-06-14 05:50:11 - pretrain_logger - INFO - Pretrain memory reserved: 74.00 MB
[2026-06-14 05:50:11,336][pretrain_logger][INFO] - Pretrain memory reserved: 74.00 MB
2026-06-14 05:50:11 - pretrain_logger - INFO - Pretrain memory allocated: 22.08 MB
[2026-06-14 05:50:11,336][pretrain_logger][INFO] - Pretrain memory allocated: 22.08 MB
2026-06-14 05:50:11 - pretrain_logger - INFO - Current learning rate: 0.0005
[2026-06-14 05:50:11,336][pretrain_logger][INFO] - Current learning rate: 0.0005
2026-06-14 05:50:11 - pretrain_logger - INFO - Logged epoch Pretrain 10 info to /public/home/202411094934/python_project/Spatio-Temporal-Library/time-series/2026-06-13/crossformer/pretrain10/ettm1/time-series/seed_1/training_log.json
[2026-06-14 05:50:11,339][pretrain_logger][INFO] - Logged epoch Pretrain 10 info to /public/home/202411094934/python_project/Spatio-Temporal-Library/time-series/2026-06-13/crossformer/pretrain10/ettm1/time-series/seed_1/training_log.json
2026-06-14 05:50:11 - pretrain_logger - INFO - JEPA pretraining completed.
[2026-06-14 05:50:11,339][pretrain_logger][INFO] - JEPA pretraining completed.
