2026-06-19 22:17:58 - finetune_logger - INFO - Loaded pretrained checkpoint from: /public/home/202411094934/python_project/Spatio-Temporal-Library/time-series/2026-06-19/patchtst/pretrain10/exchange_rate/time-series/seed_2/jepa_pretrain_epoch_10.pth
Missing keys: []
Unexpected keys: []
[2026-06-19 22:17:58,373][finetune_logger][INFO] - Loaded pretrained checkpoint from: /public/home/202411094934/python_project/Spatio-Temporal-Library/time-series/2026-06-19/patchtst/pretrain10/exchange_rate/time-series/seed_2/jepa_pretrain_epoch_10.pth
Missing keys: []
Unexpected keys: []
2026-06-19 22:17:58 - finetune_logger - INFO - Model parameters: 733,890
[2026-06-19 22:17:58,376][finetune_logger][INFO] - Model parameters: 733,890
2026-06-19 22:17:58 - finetune_logger - INFO - Created new log file at /public/home/202411094934/python_project/Spatio-Temporal-Library/time-series/2026-06-19/patchtst/pretrain10_finetune10/exchange_rate/time-series/seed_2/training_log.json
[2026-06-19 22:17:58,378][finetune_logger][INFO] - Created new log file at /public/home/202411094934/python_project/Spatio-Temporal-Library/time-series/2026-06-19/patchtst/pretrain10_finetune10/exchange_rate/time-series/seed_2/training_log.json
2026-06-19 22:17:58 - finetune_logger - INFO - Starting training...
[2026-06-19 22:17:58,379][finetune_logger][INFO] - Starting training...
2026-06-19 22:17:58 - finetune_logger - INFO - Epoch 1/10
[2026-06-19 22:17:58,379][finetune_logger][INFO] - Epoch 1/10
2026-06-19 22:19:06 - finetune_logger - INFO - Train loss: 0.034379960690577936
[2026-06-19 22:19:06,617][finetune_logger][INFO] - Train loss: 0.034379960690577936
2026-06-19 22:19:06 - finetune_logger - INFO - Train time: 68.23784470558167s
[2026-06-19 22:19:06,617][finetune_logger][INFO] - Train time: 68.23784470558167s
2026-06-19 22:19:06 - finetune_logger - INFO - Train memory reserved: 36.00 MB
[2026-06-19 22:19:06,617][finetune_logger][INFO] - Train memory reserved: 36.00 MB
2026-06-19 22:19:06 - finetune_logger - INFO - Train memory allocated: 24.67 MB
[2026-06-19 22:19:06,618][finetune_logger][INFO] - Train memory allocated: 24.67 MB
2026-06-19 22:19:06 - finetune_logger - INFO - Current learning rate: 0.0005
[2026-06-19 22:19:06,618][finetune_logger][INFO] - Current learning rate: 0.0005
2026-06-19 22:19:09 - finetune_logger - INFO - Validation metrics: {'MAE': 0.026436857316294905, 'RMSE': 0.0383341136142227}
[2026-06-19 22:19:09,788][finetune_logger][INFO] - Validation metrics: {'MAE': 0.026436857316294905, 'RMSE': 0.0383341136142227}
2026-06-19 22:19:09 - finetune_logger - INFO - Val time: 3.17s
[2026-06-19 22:19:09,789][finetune_logger][INFO] - Val time: 3.17s
2026-06-19 22:19:09 - finetune_logger - INFO - Val memory reserved: 36.00 MB
[2026-06-19 22:19:09,789][finetune_logger][INFO] - Val memory reserved: 36.00 MB
2026-06-19 22:19:09 - finetune_logger - INFO - Val memory allocated: 24.67 MB
[2026-06-19 22:19:09,789][finetune_logger][INFO] - Val memory allocated: 24.67 MB
2026-06-19 22:19:09 - finetune_logger - INFO - Logged epoch 1 info to /public/home/202411094934/python_project/Spatio-Temporal-Library/time-series/2026-06-19/patchtst/pretrain10_finetune10/exchange_rate/time-series/seed_2/training_log.json
[2026-06-19 22:19:09,792][finetune_logger][INFO] - Logged epoch 1 info to /public/home/202411094934/python_project/Spatio-Temporal-Library/time-series/2026-06-19/patchtst/pretrain10_finetune10/exchange_rate/time-series/seed_2/training_log.json
2026-06-19 22:19:09 - finetune_logger - INFO - New best model! Val loss: 0.026437
[2026-06-19 22:19:09,792][finetune_logger][INFO] - New best model! Val loss: 0.026437
2026-06-19 22:19:17 - finetune_logger - INFO - Test metrics: {'MAE': 0.022838484459037904, 'RMSE': 0.03373308896154883}
[2026-06-19 22:19:17,560][finetune_logger][INFO] - Test metrics: {'MAE': 0.022838484459037904, 'RMSE': 0.03373308896154883}
2026-06-19 22:19:17 - finetune_logger - INFO - Test time: 7.71s
[2026-06-19 22:19:17,561][finetune_logger][INFO] - Test time: 7.71s
2026-06-19 22:19:17 - finetune_logger - INFO - Test memory reserved: 36.00 MB
[2026-06-19 22:19:17,561][finetune_logger][INFO] - Test memory reserved: 36.00 MB
2026-06-19 22:19:17 - finetune_logger - INFO - Test memory allocated: 24.67 MB
[2026-06-19 22:19:17,561][finetune_logger][INFO] - Test memory allocated: 24.67 MB
2026-06-19 22:19:17 - finetune_logger - INFO - Epoch 2/10
[2026-06-19 22:19:17,561][finetune_logger][INFO] - Epoch 2/10
2026-06-19 22:20:25 - finetune_logger - INFO - Train loss: 0.023567882728434235
[2026-06-19 22:20:25,378][finetune_logger][INFO] - Train loss: 0.023567882728434235
2026-06-19 22:20:25 - finetune_logger - INFO - Train time: 67.8165442943573s
[2026-06-19 22:20:25,378][finetune_logger][INFO] - Train time: 67.8165442943573s
2026-06-19 22:20:25 - finetune_logger - INFO - Train memory reserved: 36.00 MB
[2026-06-19 22:20:25,378][finetune_logger][INFO] - Train memory reserved: 36.00 MB
2026-06-19 22:20:25 - finetune_logger - INFO - Train memory allocated: 24.67 MB
[2026-06-19 22:20:25,378][finetune_logger][INFO] - Train memory allocated: 24.67 MB
2026-06-19 22:20:25 - finetune_logger - INFO - Current learning rate: 0.0005
[2026-06-19 22:20:25,379][finetune_logger][INFO] - Current learning rate: 0.0005
2026-06-19 22:20:28 - finetune_logger - INFO - Validation metrics: {'MAE': 0.026053798714537828, 'RMSE': 0.03915786245471199}
[2026-06-19 22:20:28,550][finetune_logger][INFO] - Validation metrics: {'MAE': 0.026053798714537828, 'RMSE': 0.03915786245471199}
2026-06-19 22:20:28 - finetune_logger - INFO - Val time: 3.17s
[2026-06-19 22:20:28,551][finetune_logger][INFO] - Val time: 3.17s
2026-06-19 22:20:28 - finetune_logger - INFO - Val memory reserved: 36.00 MB
[2026-06-19 22:20:28,551][finetune_logger][INFO] - Val memory reserved: 36.00 MB
2026-06-19 22:20:28 - finetune_logger - INFO - Val memory allocated: 24.67 MB
[2026-06-19 22:20:28,551][finetune_logger][INFO] - Val memory allocated: 24.67 MB
2026-06-19 22:20:28 - finetune_logger - INFO - Logged epoch 2 info to /public/home/202411094934/python_project/Spatio-Temporal-Library/time-series/2026-06-19/patchtst/pretrain10_finetune10/exchange_rate/time-series/seed_2/training_log.json
[2026-06-19 22:20:28,554][finetune_logger][INFO] - Logged epoch 2 info to /public/home/202411094934/python_project/Spatio-Temporal-Library/time-series/2026-06-19/patchtst/pretrain10_finetune10/exchange_rate/time-series/seed_2/training_log.json
2026-06-19 22:20:28 - finetune_logger - INFO - New best model! Val loss: 0.026054
[2026-06-19 22:20:28,554][finetune_logger][INFO] - New best model! Val loss: 0.026054
2026-06-19 22:20:36 - finetune_logger - INFO - Test metrics: {'MAE': 0.02412673694455905, 'RMSE': 0.03602998106021282}
[2026-06-19 22:20:36,268][finetune_logger][INFO] - Test metrics: {'MAE': 0.02412673694455905, 'RMSE': 0.03602998106021282}
2026-06-19 22:20:36 - finetune_logger - INFO - Test time: 7.66s
[2026-06-19 22:20:36,269][finetune_logger][INFO] - Test time: 7.66s
2026-06-19 22:20:36 - finetune_logger - INFO - Test memory reserved: 36.00 MB
[2026-06-19 22:20:36,269][finetune_logger][INFO] - Test memory reserved: 36.00 MB
2026-06-19 22:20:36 - finetune_logger - INFO - Test memory allocated: 24.67 MB
[2026-06-19 22:20:36,269][finetune_logger][INFO] - Test memory allocated: 24.67 MB
2026-06-19 22:20:36 - finetune_logger - INFO - Epoch 3/10
[2026-06-19 22:20:36,269][finetune_logger][INFO] - Epoch 3/10
2026-06-19 22:21:44 - finetune_logger - INFO - Train loss: 0.02221823530363743
[2026-06-19 22:21:44,048][finetune_logger][INFO] - Train loss: 0.02221823530363743
2026-06-19 22:21:44 - finetune_logger - INFO - Train time: 67.77906131744385s
[2026-06-19 22:21:44,049][finetune_logger][INFO] - Train time: 67.77906131744385s
2026-06-19 22:21:44 - finetune_logger - INFO - Train memory reserved: 36.00 MB
[2026-06-19 22:21:44,049][finetune_logger][INFO] - Train memory reserved: 36.00 MB
2026-06-19 22:21:44 - finetune_logger - INFO - Train memory allocated: 24.67 MB
[2026-06-19 22:21:44,049][finetune_logger][INFO] - Train memory allocated: 24.67 MB
2026-06-19 22:21:44 - finetune_logger - INFO - Current learning rate: 0.0005
[2026-06-19 22:21:44,049][finetune_logger][INFO] - Current learning rate: 0.0005
2026-06-19 22:21:47 - finetune_logger - INFO - Validation metrics: {'MAE': 0.026006278076447967, 'RMSE': 0.038803618101340163}
[2026-06-19 22:21:47,216][finetune_logger][INFO] - Validation metrics: {'MAE': 0.026006278076447967, 'RMSE': 0.038803618101340163}
2026-06-19 22:21:47 - finetune_logger - INFO - Val time: 3.17s
[2026-06-19 22:21:47,216][finetune_logger][INFO] - Val time: 3.17s
2026-06-19 22:21:47 - finetune_logger - INFO - Val memory reserved: 36.00 MB
[2026-06-19 22:21:47,217][finetune_logger][INFO] - Val memory reserved: 36.00 MB
2026-06-19 22:21:47 - finetune_logger - INFO - Val memory allocated: 24.67 MB
[2026-06-19 22:21:47,217][finetune_logger][INFO] - Val memory allocated: 24.67 MB
2026-06-19 22:21:47 - finetune_logger - INFO - Logged epoch 3 info to /public/home/202411094934/python_project/Spatio-Temporal-Library/time-series/2026-06-19/patchtst/pretrain10_finetune10/exchange_rate/time-series/seed_2/training_log.json
[2026-06-19 22:21:47,220][finetune_logger][INFO] - Logged epoch 3 info to /public/home/202411094934/python_project/Spatio-Temporal-Library/time-series/2026-06-19/patchtst/pretrain10_finetune10/exchange_rate/time-series/seed_2/training_log.json
2026-06-19 22:21:47 - finetune_logger - INFO - New best model! Val loss: 0.026006
[2026-06-19 22:21:47,220][finetune_logger][INFO] - New best model! Val loss: 0.026006
2026-06-19 22:21:54 - finetune_logger - INFO - Test metrics: {'MAE': 0.023492887863724304, 'RMSE': 0.03530931358647095}
[2026-06-19 22:21:54,998][finetune_logger][INFO] - Test metrics: {'MAE': 0.023492887863724304, 'RMSE': 0.03530931358647095}
2026-06-19 22:21:54 - finetune_logger - INFO - Test time: 7.72s
[2026-06-19 22:21:54,998][finetune_logger][INFO] - Test time: 7.72s
2026-06-19 22:21:54 - finetune_logger - INFO - Test memory reserved: 36.00 MB
[2026-06-19 22:21:54,998][finetune_logger][INFO] - Test memory reserved: 36.00 MB
2026-06-19 22:21:54 - finetune_logger - INFO - Test memory allocated: 24.67 MB
[2026-06-19 22:21:54,998][finetune_logger][INFO] - Test memory allocated: 24.67 MB
2026-06-19 22:21:54 - finetune_logger - INFO - Epoch 4/10
[2026-06-19 22:21:54,998][finetune_logger][INFO] - Epoch 4/10
2026-06-19 22:23:02 - finetune_logger - INFO - Train loss: 0.02108929708951494
[2026-06-19 22:23:02,793][finetune_logger][INFO] - Train loss: 0.02108929708951494
2026-06-19 22:23:02 - finetune_logger - INFO - Train time: 67.79427289962769s
[2026-06-19 22:23:02,793][finetune_logger][INFO] - Train time: 67.79427289962769s
2026-06-19 22:23:02 - finetune_logger - INFO - Train memory reserved: 36.00 MB
[2026-06-19 22:23:02,793][finetune_logger][INFO] - Train memory reserved: 36.00 MB
2026-06-19 22:23:02 - finetune_logger - INFO - Train memory allocated: 24.67 MB
[2026-06-19 22:23:02,794][finetune_logger][INFO] - Train memory allocated: 24.67 MB
2026-06-19 22:23:02 - finetune_logger - INFO - Current learning rate: 0.0005
[2026-06-19 22:23:02,794][finetune_logger][INFO] - Current learning rate: 0.0005
2026-06-19 22:23:05 - finetune_logger - INFO - Validation metrics: {'MAE': 0.026071061733850914, 'RMSE': 0.03926977052706967}
[2026-06-19 22:23:05,966][finetune_logger][INFO] - Validation metrics: {'MAE': 0.026071061733850914, 'RMSE': 0.03926977052706967}
2026-06-19 22:23:05 - finetune_logger - INFO - Val time: 3.17s
[2026-06-19 22:23:05,966][finetune_logger][INFO] - Val time: 3.17s
2026-06-19 22:23:05 - finetune_logger - INFO - Val memory reserved: 36.00 MB
[2026-06-19 22:23:05,966][finetune_logger][INFO] - Val memory reserved: 36.00 MB
2026-06-19 22:23:05 - finetune_logger - INFO - Val memory allocated: 24.67 MB
[2026-06-19 22:23:05,966][finetune_logger][INFO] - Val memory allocated: 24.67 MB
2026-06-19 22:23:05 - finetune_logger - INFO - Logged epoch 4 info to /public/home/202411094934/python_project/Spatio-Temporal-Library/time-series/2026-06-19/patchtst/pretrain10_finetune10/exchange_rate/time-series/seed_2/training_log.json
[2026-06-19 22:23:05,969][finetune_logger][INFO] - Logged epoch 4 info to /public/home/202411094934/python_project/Spatio-Temporal-Library/time-series/2026-06-19/patchtst/pretrain10_finetune10/exchange_rate/time-series/seed_2/training_log.json
2026-06-19 22:23:13 - finetune_logger - INFO - Test metrics: {'MAE': 0.02463405440366955, 'RMSE': 0.0370501318793225}
[2026-06-19 22:23:13,669][finetune_logger][INFO] - Test metrics: {'MAE': 0.02463405440366955, 'RMSE': 0.0370501318793225}
2026-06-19 22:23:13 - finetune_logger - INFO - Test time: 7.70s
[2026-06-19 22:23:13,669][finetune_logger][INFO] - Test time: 7.70s
2026-06-19 22:23:13 - finetune_logger - INFO - Test memory reserved: 36.00 MB
[2026-06-19 22:23:13,669][finetune_logger][INFO] - Test memory reserved: 36.00 MB
2026-06-19 22:23:13 - finetune_logger - INFO - Test memory allocated: 24.67 MB
[2026-06-19 22:23:13,669][finetune_logger][INFO] - Test memory allocated: 24.67 MB
2026-06-19 22:23:13 - finetune_logger - INFO - Epoch 5/10
[2026-06-19 22:23:13,670][finetune_logger][INFO] - Epoch 5/10
2026-06-19 22:24:21 - finetune_logger - INFO - Train loss: 0.020368388041454542
[2026-06-19 22:24:21,357][finetune_logger][INFO] - Train loss: 0.020368388041454542
2026-06-19 22:24:21 - finetune_logger - INFO - Train time: 67.68665790557861s
[2026-06-19 22:24:21,357][finetune_logger][INFO] - Train time: 67.68665790557861s
2026-06-19 22:24:21 - finetune_logger - INFO - Train memory reserved: 36.00 MB
[2026-06-19 22:24:21,357][finetune_logger][INFO] - Train memory reserved: 36.00 MB
2026-06-19 22:24:21 - finetune_logger - INFO - Train memory allocated: 24.67 MB
[2026-06-19 22:24:21,357][finetune_logger][INFO] - Train memory allocated: 24.67 MB
2026-06-19 22:24:21 - finetune_logger - INFO - Current learning rate: 0.0005
[2026-06-19 22:24:21,357][finetune_logger][INFO] - Current learning rate: 0.0005
2026-06-19 22:24:24 - finetune_logger - INFO - Validation metrics: {'MAE': 0.02587187774183145, 'RMSE': 0.03869112355497554}
[2026-06-19 22:24:24,525][finetune_logger][INFO] - Validation metrics: {'MAE': 0.02587187774183145, 'RMSE': 0.03869112355497554}
2026-06-19 22:24:24 - finetune_logger - INFO - Val time: 3.17s
[2026-06-19 22:24:24,525][finetune_logger][INFO] - Val time: 3.17s
2026-06-19 22:24:24 - finetune_logger - INFO - Val memory reserved: 36.00 MB
[2026-06-19 22:24:24,525][finetune_logger][INFO] - Val memory reserved: 36.00 MB
2026-06-19 22:24:24 - finetune_logger - INFO - Val memory allocated: 24.67 MB
[2026-06-19 22:24:24,526][finetune_logger][INFO] - Val memory allocated: 24.67 MB
2026-06-19 22:24:24 - finetune_logger - INFO - Logged epoch 5 info to /public/home/202411094934/python_project/Spatio-Temporal-Library/time-series/2026-06-19/patchtst/pretrain10_finetune10/exchange_rate/time-series/seed_2/training_log.json
[2026-06-19 22:24:24,528][finetune_logger][INFO] - Logged epoch 5 info to /public/home/202411094934/python_project/Spatio-Temporal-Library/time-series/2026-06-19/patchtst/pretrain10_finetune10/exchange_rate/time-series/seed_2/training_log.json
2026-06-19 22:24:24 - finetune_logger - INFO - New best model! Val loss: 0.025872
[2026-06-19 22:24:24,529][finetune_logger][INFO] - New best model! Val loss: 0.025872
2026-06-19 22:24:32 - finetune_logger - INFO - Test metrics: {'MAE': 0.02351679595679487, 'RMSE': 0.035812911884034}
[2026-06-19 22:24:32,299][finetune_logger][INFO] - Test metrics: {'MAE': 0.02351679595679487, 'RMSE': 0.035812911884034}
2026-06-19 22:24:32 - finetune_logger - INFO - Test time: 7.72s
[2026-06-19 22:24:32,300][finetune_logger][INFO] - Test time: 7.72s
2026-06-19 22:24:32 - finetune_logger - INFO - Test memory reserved: 36.00 MB
[2026-06-19 22:24:32,300][finetune_logger][INFO] - Test memory reserved: 36.00 MB
2026-06-19 22:24:32 - finetune_logger - INFO - Test memory allocated: 24.67 MB
[2026-06-19 22:24:32,300][finetune_logger][INFO] - Test memory allocated: 24.67 MB
2026-06-19 22:24:32 - finetune_logger - INFO - Epoch 6/10
[2026-06-19 22:24:32,300][finetune_logger][INFO] - Epoch 6/10
2026-06-19 22:25:40 - finetune_logger - INFO - Train loss: 0.01978624353971457
[2026-06-19 22:25:40,194][finetune_logger][INFO] - Train loss: 0.01978624353971457
2026-06-19 22:25:40 - finetune_logger - INFO - Train time: 67.8932363986969s
[2026-06-19 22:25:40,194][finetune_logger][INFO] - Train time: 67.8932363986969s
2026-06-19 22:25:40 - finetune_logger - INFO - Train memory reserved: 36.00 MB
[2026-06-19 22:25:40,194][finetune_logger][INFO] - Train memory reserved: 36.00 MB
2026-06-19 22:25:40 - finetune_logger - INFO - Train memory allocated: 24.67 MB
[2026-06-19 22:25:40,194][finetune_logger][INFO] - Train memory allocated: 24.67 MB
2026-06-19 22:25:40 - finetune_logger - INFO - Current learning rate: 0.0005
[2026-06-19 22:25:40,194][finetune_logger][INFO] - Current learning rate: 0.0005
2026-06-19 22:25:43 - finetune_logger - INFO - Validation metrics: {'MAE': 0.026811521076347312, 'RMSE': 0.040452737398223436}
[2026-06-19 22:25:43,354][finetune_logger][INFO] - Validation metrics: {'MAE': 0.026811521076347312, 'RMSE': 0.040452737398223436}
2026-06-19 22:25:43 - finetune_logger - INFO - Val time: 3.16s
[2026-06-19 22:25:43,354][finetune_logger][INFO] - Val time: 3.16s
2026-06-19 22:25:43 - finetune_logger - INFO - Val memory reserved: 36.00 MB
[2026-06-19 22:25:43,354][finetune_logger][INFO] - Val memory reserved: 36.00 MB
2026-06-19 22:25:43 - finetune_logger - INFO - Val memory allocated: 24.67 MB
[2026-06-19 22:25:43,354][finetune_logger][INFO] - Val memory allocated: 24.67 MB
2026-06-19 22:25:43 - finetune_logger - INFO - Logged epoch 6 info to /public/home/202411094934/python_project/Spatio-Temporal-Library/time-series/2026-06-19/patchtst/pretrain10_finetune10/exchange_rate/time-series/seed_2/training_log.json
[2026-06-19 22:25:43,357][finetune_logger][INFO] - Logged epoch 6 info to /public/home/202411094934/python_project/Spatio-Temporal-Library/time-series/2026-06-19/patchtst/pretrain10_finetune10/exchange_rate/time-series/seed_2/training_log.json
2026-06-19 22:25:51 - finetune_logger - INFO - Test metrics: {'MAE': 0.02572807913227597, 'RMSE': 0.03863956810187401}
[2026-06-19 22:25:51,068][finetune_logger][INFO] - Test metrics: {'MAE': 0.02572807913227597, 'RMSE': 0.03863956810187401}
2026-06-19 22:25:51 - finetune_logger - INFO - Test time: 7.71s
[2026-06-19 22:25:51,069][finetune_logger][INFO] - Test time: 7.71s
2026-06-19 22:25:51 - finetune_logger - INFO - Test memory reserved: 36.00 MB
[2026-06-19 22:25:51,069][finetune_logger][INFO] - Test memory reserved: 36.00 MB
2026-06-19 22:25:51 - finetune_logger - INFO - Test memory allocated: 24.67 MB
[2026-06-19 22:25:51,069][finetune_logger][INFO] - Test memory allocated: 24.67 MB
2026-06-19 22:25:51 - finetune_logger - INFO - Epoch 7/10
[2026-06-19 22:25:51,069][finetune_logger][INFO] - Epoch 7/10
2026-06-19 22:26:58 - finetune_logger - INFO - Train loss: 0.019061772496685593
[2026-06-19 22:26:58,848][finetune_logger][INFO] - Train loss: 0.019061772496685593
2026-06-19 22:26:58 - finetune_logger - INFO - Train time: 67.77871322631836s
[2026-06-19 22:26:58,848][finetune_logger][INFO] - Train time: 67.77871322631836s
2026-06-19 22:26:58 - finetune_logger - INFO - Train memory reserved: 36.00 MB
[2026-06-19 22:26:58,849][finetune_logger][INFO] - Train memory reserved: 36.00 MB
2026-06-19 22:26:58 - finetune_logger - INFO - Train memory allocated: 24.67 MB
[2026-06-19 22:26:58,849][finetune_logger][INFO] - Train memory allocated: 24.67 MB
2026-06-19 22:26:58 - finetune_logger - INFO - Current learning rate: 0.0005
[2026-06-19 22:26:58,849][finetune_logger][INFO] - Current learning rate: 0.0005
2026-06-19 22:27:02 - finetune_logger - INFO - Validation metrics: {'MAE': 0.026502469126838714, 'RMSE': 0.03977245182006311}
[2026-06-19 22:27:02,010][finetune_logger][INFO] - Validation metrics: {'MAE': 0.026502469126838714, 'RMSE': 0.03977245182006311}
2026-06-19 22:27:02 - finetune_logger - INFO - Val time: 3.16s
[2026-06-19 22:27:02,010][finetune_logger][INFO] - Val time: 3.16s
2026-06-19 22:27:02 - finetune_logger - INFO - Val memory reserved: 36.00 MB
[2026-06-19 22:27:02,010][finetune_logger][INFO] - Val memory reserved: 36.00 MB
2026-06-19 22:27:02 - finetune_logger - INFO - Val memory allocated: 24.67 MB
[2026-06-19 22:27:02,010][finetune_logger][INFO] - Val memory allocated: 24.67 MB
2026-06-19 22:27:02 - finetune_logger - INFO - Logged epoch 7 info to /public/home/202411094934/python_project/Spatio-Temporal-Library/time-series/2026-06-19/patchtst/pretrain10_finetune10/exchange_rate/time-series/seed_2/training_log.json
[2026-06-19 22:27:02,014][finetune_logger][INFO] - Logged epoch 7 info to /public/home/202411094934/python_project/Spatio-Temporal-Library/time-series/2026-06-19/patchtst/pretrain10_finetune10/exchange_rate/time-series/seed_2/training_log.json
2026-06-19 22:27:09 - finetune_logger - INFO - Test metrics: {'MAE': 0.025379885245214742, 'RMSE': 0.03905734684925435}
[2026-06-19 22:27:09,761][finetune_logger][INFO] - Test metrics: {'MAE': 0.025379885245214742, 'RMSE': 0.03905734684925435}
2026-06-19 22:27:09 - finetune_logger - INFO - Test time: 7.75s
[2026-06-19 22:27:09,761][finetune_logger][INFO] - Test time: 7.75s
2026-06-19 22:27:09 - finetune_logger - INFO - Test memory reserved: 36.00 MB
[2026-06-19 22:27:09,761][finetune_logger][INFO] - Test memory reserved: 36.00 MB
2026-06-19 22:27:09 - finetune_logger - INFO - Test memory allocated: 24.67 MB
[2026-06-19 22:27:09,762][finetune_logger][INFO] - Test memory allocated: 24.67 MB
2026-06-19 22:27:09 - finetune_logger - INFO - Epoch 8/10
[2026-06-19 22:27:09,762][finetune_logger][INFO] - Epoch 8/10
2026-06-19 22:28:17 - finetune_logger - INFO - Train loss: 0.018555461891957715
[2026-06-19 22:28:17,642][finetune_logger][INFO] - Train loss: 0.018555461891957715
2026-06-19 22:28:17 - finetune_logger - INFO - Train time: 67.88004517555237s
[2026-06-19 22:28:17,642][finetune_logger][INFO] - Train time: 67.88004517555237s
2026-06-19 22:28:17 - finetune_logger - INFO - Train memory reserved: 36.00 MB
[2026-06-19 22:28:17,643][finetune_logger][INFO] - Train memory reserved: 36.00 MB
2026-06-19 22:28:17 - finetune_logger - INFO - Train memory allocated: 24.67 MB
[2026-06-19 22:28:17,643][finetune_logger][INFO] - Train memory allocated: 24.67 MB
2026-06-19 22:28:17 - finetune_logger - INFO - Current learning rate: 0.0005
[2026-06-19 22:28:17,643][finetune_logger][INFO] - Current learning rate: 0.0005
2026-06-19 22:28:20 - finetune_logger - INFO - Validation metrics: {'MAE': 0.027256459634654808, 'RMSE': 0.04075201816679113}
[2026-06-19 22:28:20,797][finetune_logger][INFO] - Validation metrics: {'MAE': 0.027256459634654808, 'RMSE': 0.04075201816679113}
2026-06-19 22:28:20 - finetune_logger - INFO - Val time: 3.15s
[2026-06-19 22:28:20,797][finetune_logger][INFO] - Val time: 3.15s
2026-06-19 22:28:20 - finetune_logger - INFO - Val memory reserved: 36.00 MB
[2026-06-19 22:28:20,797][finetune_logger][INFO] - Val memory reserved: 36.00 MB
2026-06-19 22:28:20 - finetune_logger - INFO - Val memory allocated: 24.67 MB
[2026-06-19 22:28:20,797][finetune_logger][INFO] - Val memory allocated: 24.67 MB
2026-06-19 22:28:20 - finetune_logger - INFO - Logged epoch 8 info to /public/home/202411094934/python_project/Spatio-Temporal-Library/time-series/2026-06-19/patchtst/pretrain10_finetune10/exchange_rate/time-series/seed_2/training_log.json
[2026-06-19 22:28:20,800][finetune_logger][INFO] - Logged epoch 8 info to /public/home/202411094934/python_project/Spatio-Temporal-Library/time-series/2026-06-19/patchtst/pretrain10_finetune10/exchange_rate/time-series/seed_2/training_log.json
2026-06-19 22:28:28 - finetune_logger - INFO - Test metrics: {'MAE': 0.02737537067150696, 'RMSE': 0.04187124490861702}
[2026-06-19 22:28:28,515][finetune_logger][INFO] - Test metrics: {'MAE': 0.02737537067150696, 'RMSE': 0.04187124490861702}
2026-06-19 22:28:28 - finetune_logger - INFO - Test time: 7.71s
[2026-06-19 22:28:28,515][finetune_logger][INFO] - Test time: 7.71s
2026-06-19 22:28:28 - finetune_logger - INFO - Test memory reserved: 36.00 MB
[2026-06-19 22:28:28,515][finetune_logger][INFO] - Test memory reserved: 36.00 MB
2026-06-19 22:28:28 - finetune_logger - INFO - Test memory allocated: 24.67 MB
[2026-06-19 22:28:28,515][finetune_logger][INFO] - Test memory allocated: 24.67 MB
2026-06-19 22:28:28 - finetune_logger - INFO - Epoch 9/10
[2026-06-19 22:28:28,516][finetune_logger][INFO] - Epoch 9/10
2026-06-19 22:29:36 - finetune_logger - INFO - Train loss: 0.018025350326003945
[2026-06-19 22:29:36,262][finetune_logger][INFO] - Train loss: 0.018025350326003945
2026-06-19 22:29:36 - finetune_logger - INFO - Train time: 67.74569010734558s
[2026-06-19 22:29:36,262][finetune_logger][INFO] - Train time: 67.74569010734558s
2026-06-19 22:29:36 - finetune_logger - INFO - Train memory reserved: 36.00 MB
[2026-06-19 22:29:36,262][finetune_logger][INFO] - Train memory reserved: 36.00 MB
2026-06-19 22:29:36 - finetune_logger - INFO - Train memory allocated: 24.67 MB
[2026-06-19 22:29:36,262][finetune_logger][INFO] - Train memory allocated: 24.67 MB
2026-06-19 22:29:36 - finetune_logger - INFO - Current learning rate: 0.0005
[2026-06-19 22:29:36,262][finetune_logger][INFO] - Current learning rate: 0.0005
2026-06-19 22:29:39 - finetune_logger - INFO - Validation metrics: {'MAE': 0.027353967578848382, 'RMSE': 0.041476152237378765}
[2026-06-19 22:29:39,428][finetune_logger][INFO] - Validation metrics: {'MAE': 0.027353967578848382, 'RMSE': 0.041476152237378765}
2026-06-19 22:29:39 - finetune_logger - INFO - Val time: 3.16s
[2026-06-19 22:29:39,428][finetune_logger][INFO] - Val time: 3.16s
2026-06-19 22:29:39 - finetune_logger - INFO - Val memory reserved: 36.00 MB
[2026-06-19 22:29:39,428][finetune_logger][INFO] - Val memory reserved: 36.00 MB
2026-06-19 22:29:39 - finetune_logger - INFO - Val memory allocated: 24.67 MB
[2026-06-19 22:29:39,428][finetune_logger][INFO] - Val memory allocated: 24.67 MB
2026-06-19 22:29:39 - finetune_logger - INFO - Logged epoch 9 info to /public/home/202411094934/python_project/Spatio-Temporal-Library/time-series/2026-06-19/patchtst/pretrain10_finetune10/exchange_rate/time-series/seed_2/training_log.json
[2026-06-19 22:29:39,431][finetune_logger][INFO] - Logged epoch 9 info to /public/home/202411094934/python_project/Spatio-Temporal-Library/time-series/2026-06-19/patchtst/pretrain10_finetune10/exchange_rate/time-series/seed_2/training_log.json
2026-06-19 22:29:47 - finetune_logger - INFO - Test metrics: {'MAE': 0.02698466999167457, 'RMSE': 0.040943618984657155}
[2026-06-19 22:29:47,188][finetune_logger][INFO] - Test metrics: {'MAE': 0.02698466999167457, 'RMSE': 0.040943618984657155}
2026-06-19 22:29:47 - finetune_logger - INFO - Test time: 7.76s
[2026-06-19 22:29:47,188][finetune_logger][INFO] - Test time: 7.76s
2026-06-19 22:29:47 - finetune_logger - INFO - Test memory reserved: 36.00 MB
[2026-06-19 22:29:47,188][finetune_logger][INFO] - Test memory reserved: 36.00 MB
2026-06-19 22:29:47 - finetune_logger - INFO - Test memory allocated: 24.67 MB
[2026-06-19 22:29:47,189][finetune_logger][INFO] - Test memory allocated: 24.67 MB
2026-06-19 22:29:47 - finetune_logger - INFO - Epoch 10/10
[2026-06-19 22:29:47,189][finetune_logger][INFO] - Epoch 10/10
2026-06-19 22:30:54 - finetune_logger - INFO - Train loss: 0.01733906775115415
[2026-06-19 22:30:54,804][finetune_logger][INFO] - Train loss: 0.01733906775115415
2026-06-19 22:30:54 - finetune_logger - INFO - Train time: 67.61527419090271s
[2026-06-19 22:30:54,805][finetune_logger][INFO] - Train time: 67.61527419090271s
2026-06-19 22:30:54 - finetune_logger - INFO - Train memory reserved: 36.00 MB
[2026-06-19 22:30:54,805][finetune_logger][INFO] - Train memory reserved: 36.00 MB
2026-06-19 22:30:54 - finetune_logger - INFO - Train memory allocated: 24.67 MB
[2026-06-19 22:30:54,805][finetune_logger][INFO] - Train memory allocated: 24.67 MB
2026-06-19 22:30:54 - finetune_logger - INFO - Current learning rate: 0.0005
[2026-06-19 22:30:54,805][finetune_logger][INFO] - Current learning rate: 0.0005
2026-06-19 22:30:57 - finetune_logger - INFO - Validation metrics: {'MAE': 0.027881922089229978, 'RMSE': 0.042228104683679824}
[2026-06-19 22:30:57,957][finetune_logger][INFO] - Validation metrics: {'MAE': 0.027881922089229978, 'RMSE': 0.042228104683679824}
2026-06-19 22:30:57 - finetune_logger - INFO - Val time: 3.15s
[2026-06-19 22:30:57,958][finetune_logger][INFO] - Val time: 3.15s
2026-06-19 22:30:57 - finetune_logger - INFO - Val memory reserved: 36.00 MB
[2026-06-19 22:30:57,958][finetune_logger][INFO] - Val memory reserved: 36.00 MB
2026-06-19 22:30:57 - finetune_logger - INFO - Val memory allocated: 24.67 MB
[2026-06-19 22:30:57,958][finetune_logger][INFO] - Val memory allocated: 24.67 MB
2026-06-19 22:30:57 - finetune_logger - INFO - Logged epoch 10 info to /public/home/202411094934/python_project/Spatio-Temporal-Library/time-series/2026-06-19/patchtst/pretrain10_finetune10/exchange_rate/time-series/seed_2/training_log.json
[2026-06-19 22:30:57,961][finetune_logger][INFO] - Logged epoch 10 info to /public/home/202411094934/python_project/Spatio-Temporal-Library/time-series/2026-06-19/patchtst/pretrain10_finetune10/exchange_rate/time-series/seed_2/training_log.json
2026-06-19 22:31:05 - finetune_logger - INFO - Test metrics: {'MAE': 0.025241722514163224, 'RMSE': 0.038246177179632856}
[2026-06-19 22:31:05,653][finetune_logger][INFO] - Test metrics: {'MAE': 0.025241722514163224, 'RMSE': 0.038246177179632856}
2026-06-19 22:31:05 - finetune_logger - INFO - Test time: 7.67s
[2026-06-19 22:31:05,654][finetune_logger][INFO] - Test time: 7.67s
2026-06-19 22:31:05 - finetune_logger - INFO - Test memory reserved: 36.00 MB
[2026-06-19 22:31:05,654][finetune_logger][INFO] - Test memory reserved: 36.00 MB
2026-06-19 22:31:05 - finetune_logger - INFO - Test memory allocated: 24.67 MB
[2026-06-19 22:31:05,654][finetune_logger][INFO] - Test memory allocated: 24.67 MB
2026-06-19 22:31:05 - finetune_logger - INFO - Training completed. Best epoch: 5, Best val loss: 0.025872
[2026-06-19 22:31:05,654][finetune_logger][INFO] - Training completed. Best epoch: 5, Best val loss: 0.025872
2026-06-19 22:31:05 - finetune_logger - INFO - Loaded checkpoint from epoch 5
[2026-06-19 22:31:05,694][finetune_logger][INFO] - Loaded checkpoint from epoch 5
2026-06-19 22:31:05 - finetune_logger - INFO - Evaluating best model on test sets...
[2026-06-19 22:31:05,694][finetune_logger][INFO] - Evaluating best model on test sets...
2026-06-19 22:31:13 - finetune_logger - INFO - Test metrics: {'MAE': 0.02351679595679487, 'RMSE': 0.035812911884034}
[2026-06-19 22:31:13,402][finetune_logger][INFO] - Test metrics: {'MAE': 0.02351679595679487, 'RMSE': 0.035812911884034}
2026-06-19 22:31:13 - finetune_logger - INFO - Test time: 7.71s
[2026-06-19 22:31:13,402][finetune_logger][INFO] - Test time: 7.71s
2026-06-19 22:31:13 - finetune_logger - INFO - Test memory reserved: 38.00 MB
[2026-06-19 22:31:13,402][finetune_logger][INFO] - Test memory reserved: 38.00 MB
2026-06-19 22:31:13 - finetune_logger - INFO - Test memory allocated: 24.70 MB
[2026-06-19 22:31:13,402][finetune_logger][INFO] - Test memory allocated: 24.70 MB
2026-06-19 22:31:13 - finetune_logger - INFO - Logged epoch test info to /public/home/202411094934/python_project/Spatio-Temporal-Library/time-series/2026-06-19/patchtst/pretrain10_finetune10/exchange_rate/time-series/seed_2/training_log.json
[2026-06-19 22:31:13,406][finetune_logger][INFO] - Logged epoch test info to /public/home/202411094934/python_project/Spatio-Temporal-Library/time-series/2026-06-19/patchtst/pretrain10_finetune10/exchange_rate/time-series/seed_2/training_log.json
