2026-06-23 12:18:26 - pretrain_logger - INFO - Model parameters: 183,489
[2026-06-23 12:18:26,995][pretrain_logger][INFO] - Model parameters: 183,489
2026-06-23 12:18:28 - pretrain_logger - INFO - Created new log file at /public/home/202411094934/python_project/Spatio-Temporal-Library/time-series/2026-06-23/autoformer/pretrain10/pulse/time-series/seed_2/training_log.json
[2026-06-23 12:18:28,168][pretrain_logger][INFO] - Created new log file at /public/home/202411094934/python_project/Spatio-Temporal-Library/time-series/2026-06-23/autoformer/pretrain10/pulse/time-series/seed_2/training_log.json
2026-06-23 12:18:28 - pretrain_logger - INFO - Starting JEPA pretraining...
[2026-06-23 12:18:28,168][pretrain_logger][INFO] - Starting JEPA pretraining...
2026-06-23 12:26:07 - pretrain_logger - INFO - [JEPA Pretrain] Epoch 1/10, loss=0.749528, time=459.59s
[2026-06-23 12:26:07,761][pretrain_logger][INFO] - [JEPA Pretrain] Epoch 1/10, loss=0.749528, time=459.59s
2026-06-23 12:26:07 - pretrain_logger - INFO - Pretrain loss: 0.7495277797971973
[2026-06-23 12:26:07,762][pretrain_logger][INFO] - Pretrain loss: 0.7495277797971973
2026-06-23 12:26:07 - pretrain_logger - INFO - Pretrain time: 459.5931293964386s
[2026-06-23 12:26:07,762][pretrain_logger][INFO] - Pretrain time: 459.5931293964386s
2026-06-23 12:26:07 - pretrain_logger - INFO - Pretrain memory reserved: 52.00 MB
[2026-06-23 12:26:07,762][pretrain_logger][INFO] - Pretrain memory reserved: 52.00 MB
2026-06-23 12:26:07 - pretrain_logger - INFO - Pretrain memory allocated: 20.04 MB
[2026-06-23 12:26:07,762][pretrain_logger][INFO] - Pretrain memory allocated: 20.04 MB
2026-06-23 12:26:07 - pretrain_logger - INFO - Current learning rate: 0.0005
[2026-06-23 12:26:07,762][pretrain_logger][INFO] - Current learning rate: 0.0005
2026-06-23 12:26:07 - pretrain_logger - INFO - Logged epoch Pretrain 1 info to /public/home/202411094934/python_project/Spatio-Temporal-Library/time-series/2026-06-23/autoformer/pretrain10/pulse/time-series/seed_2/training_log.json
[2026-06-23 12:26:07,767][pretrain_logger][INFO] - Logged epoch Pretrain 1 info to /public/home/202411094934/python_project/Spatio-Temporal-Library/time-series/2026-06-23/autoformer/pretrain10/pulse/time-series/seed_2/training_log.json
2026-06-23 12:33:49 - pretrain_logger - INFO - [JEPA Pretrain] Epoch 2/10, loss=0.629340, time=461.44s
[2026-06-23 12:33:49,204][pretrain_logger][INFO] - [JEPA Pretrain] Epoch 2/10, loss=0.629340, time=461.44s
2026-06-23 12:33:49 - pretrain_logger - INFO - Pretrain loss: 0.6293395096842013
[2026-06-23 12:33:49,222][pretrain_logger][INFO] - Pretrain loss: 0.6293395096842013
2026-06-23 12:33:49 - pretrain_logger - INFO - Pretrain time: 461.43695282936096s
[2026-06-23 12:33:49,222][pretrain_logger][INFO] - Pretrain time: 461.43695282936096s
2026-06-23 12:33:49 - pretrain_logger - INFO - Pretrain memory reserved: 52.00 MB
[2026-06-23 12:33:49,222][pretrain_logger][INFO] - Pretrain memory reserved: 52.00 MB
2026-06-23 12:33:49 - pretrain_logger - INFO - Pretrain memory allocated: 20.04 MB
[2026-06-23 12:33:49,223][pretrain_logger][INFO] - Pretrain memory allocated: 20.04 MB
2026-06-23 12:33:49 - pretrain_logger - INFO - Current learning rate: 0.0005
[2026-06-23 12:33:49,223][pretrain_logger][INFO] - Current learning rate: 0.0005
2026-06-23 12:33:49 - pretrain_logger - INFO - Logged epoch Pretrain 2 info to /public/home/202411094934/python_project/Spatio-Temporal-Library/time-series/2026-06-23/autoformer/pretrain10/pulse/time-series/seed_2/training_log.json
[2026-06-23 12:33:49,225][pretrain_logger][INFO] - Logged epoch Pretrain 2 info to /public/home/202411094934/python_project/Spatio-Temporal-Library/time-series/2026-06-23/autoformer/pretrain10/pulse/time-series/seed_2/training_log.json
2026-06-23 12:41:29 - pretrain_logger - INFO - [JEPA Pretrain] Epoch 3/10, loss=0.589425, time=460.77s
[2026-06-23 12:41:29,993][pretrain_logger][INFO] - [JEPA Pretrain] Epoch 3/10, loss=0.589425, time=460.77s
2026-06-23 12:41:29 - pretrain_logger - INFO - Pretrain loss: 0.5894251791985962
[2026-06-23 12:41:29,994][pretrain_logger][INFO] - Pretrain loss: 0.5894251791985962
2026-06-23 12:41:29 - pretrain_logger - INFO - Pretrain time: 460.76741671562195s
[2026-06-23 12:41:29,994][pretrain_logger][INFO] - Pretrain time: 460.76741671562195s
2026-06-23 12:41:29 - pretrain_logger - INFO - Pretrain memory reserved: 52.00 MB
[2026-06-23 12:41:29,994][pretrain_logger][INFO] - Pretrain memory reserved: 52.00 MB
2026-06-23 12:41:29 - pretrain_logger - INFO - Pretrain memory allocated: 20.04 MB
[2026-06-23 12:41:29,994][pretrain_logger][INFO] - Pretrain memory allocated: 20.04 MB
2026-06-23 12:41:29 - pretrain_logger - INFO - Current learning rate: 0.0005
[2026-06-23 12:41:29,994][pretrain_logger][INFO] - Current learning rate: 0.0005
2026-06-23 12:41:29 - pretrain_logger - INFO - Logged epoch Pretrain 3 info to /public/home/202411094934/python_project/Spatio-Temporal-Library/time-series/2026-06-23/autoformer/pretrain10/pulse/time-series/seed_2/training_log.json
[2026-06-23 12:41:29,996][pretrain_logger][INFO] - Logged epoch Pretrain 3 info to /public/home/202411094934/python_project/Spatio-Temporal-Library/time-series/2026-06-23/autoformer/pretrain10/pulse/time-series/seed_2/training_log.json
2026-06-23 12:49:10 - pretrain_logger - INFO - [JEPA Pretrain] Epoch 4/10, loss=0.556312, time=460.84s
[2026-06-23 12:49:10,840][pretrain_logger][INFO] - [JEPA Pretrain] Epoch 4/10, loss=0.556312, time=460.84s
2026-06-23 12:49:10 - pretrain_logger - INFO - Pretrain loss: 0.5563116681970376
[2026-06-23 12:49:10,857][pretrain_logger][INFO] - Pretrain loss: 0.5563116681970376
2026-06-23 12:49:10 - pretrain_logger - INFO - Pretrain time: 460.8430988788605s
[2026-06-23 12:49:10,858][pretrain_logger][INFO] - Pretrain time: 460.8430988788605s
2026-06-23 12:49:10 - pretrain_logger - INFO - Pretrain memory reserved: 52.00 MB
[2026-06-23 12:49:10,858][pretrain_logger][INFO] - Pretrain memory reserved: 52.00 MB
2026-06-23 12:49:10 - pretrain_logger - INFO - Pretrain memory allocated: 20.04 MB
[2026-06-23 12:49:10,858][pretrain_logger][INFO] - Pretrain memory allocated: 20.04 MB
2026-06-23 12:49:10 - pretrain_logger - INFO - Current learning rate: 0.0005
[2026-06-23 12:49:10,858][pretrain_logger][INFO] - Current learning rate: 0.0005
2026-06-23 12:49:10 - pretrain_logger - INFO - Logged epoch Pretrain 4 info to /public/home/202411094934/python_project/Spatio-Temporal-Library/time-series/2026-06-23/autoformer/pretrain10/pulse/time-series/seed_2/training_log.json
[2026-06-23 12:49:10,860][pretrain_logger][INFO] - Logged epoch Pretrain 4 info to /public/home/202411094934/python_project/Spatio-Temporal-Library/time-series/2026-06-23/autoformer/pretrain10/pulse/time-series/seed_2/training_log.json
2026-06-23 12:56:51 - pretrain_logger - INFO - [JEPA Pretrain] Epoch 5/10, loss=0.535565, time=460.77s
[2026-06-23 12:56:51,629][pretrain_logger][INFO] - [JEPA Pretrain] Epoch 5/10, loss=0.535565, time=460.77s
2026-06-23 12:56:51 - pretrain_logger - INFO - Pretrain loss: 0.5355648897786105
[2026-06-23 12:56:51,630][pretrain_logger][INFO] - Pretrain loss: 0.5355648897786105
2026-06-23 12:56:51 - pretrain_logger - INFO - Pretrain time: 460.7686560153961s
[2026-06-23 12:56:51,630][pretrain_logger][INFO] - Pretrain time: 460.7686560153961s
2026-06-23 12:56:51 - pretrain_logger - INFO - Pretrain memory reserved: 52.00 MB
[2026-06-23 12:56:51,630][pretrain_logger][INFO] - Pretrain memory reserved: 52.00 MB
2026-06-23 12:56:51 - pretrain_logger - INFO - Pretrain memory allocated: 20.04 MB
[2026-06-23 12:56:51,630][pretrain_logger][INFO] - Pretrain memory allocated: 20.04 MB
2026-06-23 12:56:51 - pretrain_logger - INFO - Current learning rate: 0.0005
[2026-06-23 12:56:51,630][pretrain_logger][INFO] - Current learning rate: 0.0005
2026-06-23 12:56:51 - pretrain_logger - INFO - Logged epoch Pretrain 5 info to /public/home/202411094934/python_project/Spatio-Temporal-Library/time-series/2026-06-23/autoformer/pretrain10/pulse/time-series/seed_2/training_log.json
[2026-06-23 12:56:51,633][pretrain_logger][INFO] - Logged epoch Pretrain 5 info to /public/home/202411094934/python_project/Spatio-Temporal-Library/time-series/2026-06-23/autoformer/pretrain10/pulse/time-series/seed_2/training_log.json
2026-06-23 13:04:29 - pretrain_logger - INFO - [JEPA Pretrain] Epoch 6/10, loss=0.514547, time=458.03s
[2026-06-23 13:04:29,665][pretrain_logger][INFO] - [JEPA Pretrain] Epoch 6/10, loss=0.514547, time=458.03s
2026-06-23 13:04:29 - pretrain_logger - INFO - Pretrain loss: 0.5145470469593731
[2026-06-23 13:04:29,682][pretrain_logger][INFO] - Pretrain loss: 0.5145470469593731
2026-06-23 13:04:29 - pretrain_logger - INFO - Pretrain time: 458.03181982040405s
[2026-06-23 13:04:29,682][pretrain_logger][INFO] - Pretrain time: 458.03181982040405s
2026-06-23 13:04:29 - pretrain_logger - INFO - Pretrain memory reserved: 52.00 MB
[2026-06-23 13:04:29,683][pretrain_logger][INFO] - Pretrain memory reserved: 52.00 MB
2026-06-23 13:04:29 - pretrain_logger - INFO - Pretrain memory allocated: 20.04 MB
[2026-06-23 13:04:29,683][pretrain_logger][INFO] - Pretrain memory allocated: 20.04 MB
2026-06-23 13:04:29 - pretrain_logger - INFO - Current learning rate: 0.0005
[2026-06-23 13:04:29,683][pretrain_logger][INFO] - Current learning rate: 0.0005
2026-06-23 13:04:29 - pretrain_logger - INFO - Logged epoch Pretrain 6 info to /public/home/202411094934/python_project/Spatio-Temporal-Library/time-series/2026-06-23/autoformer/pretrain10/pulse/time-series/seed_2/training_log.json
[2026-06-23 13:04:29,685][pretrain_logger][INFO] - Logged epoch Pretrain 6 info to /public/home/202411094934/python_project/Spatio-Temporal-Library/time-series/2026-06-23/autoformer/pretrain10/pulse/time-series/seed_2/training_log.json
2026-06-23 13:12:10 - pretrain_logger - INFO - [JEPA Pretrain] Epoch 7/10, loss=0.494364, time=460.87s
[2026-06-23 13:12:10,554][pretrain_logger][INFO] - [JEPA Pretrain] Epoch 7/10, loss=0.494364, time=460.87s
2026-06-23 13:12:10 - pretrain_logger - INFO - Pretrain loss: 0.4943644508074378
[2026-06-23 13:12:10,555][pretrain_logger][INFO] - Pretrain loss: 0.4943644508074378
2026-06-23 13:12:10 - pretrain_logger - INFO - Pretrain time: 460.86874508857727s
[2026-06-23 13:12:10,555][pretrain_logger][INFO] - Pretrain time: 460.86874508857727s
2026-06-23 13:12:10 - pretrain_logger - INFO - Pretrain memory reserved: 52.00 MB
[2026-06-23 13:12:10,555][pretrain_logger][INFO] - Pretrain memory reserved: 52.00 MB
2026-06-23 13:12:10 - pretrain_logger - INFO - Pretrain memory allocated: 20.04 MB
[2026-06-23 13:12:10,555][pretrain_logger][INFO] - Pretrain memory allocated: 20.04 MB
2026-06-23 13:12:10 - pretrain_logger - INFO - Current learning rate: 0.0005
[2026-06-23 13:12:10,556][pretrain_logger][INFO] - Current learning rate: 0.0005
2026-06-23 13:12:10 - pretrain_logger - INFO - Logged epoch Pretrain 7 info to /public/home/202411094934/python_project/Spatio-Temporal-Library/time-series/2026-06-23/autoformer/pretrain10/pulse/time-series/seed_2/training_log.json
[2026-06-23 13:12:10,558][pretrain_logger][INFO] - Logged epoch Pretrain 7 info to /public/home/202411094934/python_project/Spatio-Temporal-Library/time-series/2026-06-23/autoformer/pretrain10/pulse/time-series/seed_2/training_log.json
2026-06-23 13:19:51 - pretrain_logger - INFO - [JEPA Pretrain] Epoch 8/10, loss=0.479604, time=460.98s
[2026-06-23 13:19:51,537][pretrain_logger][INFO] - [JEPA Pretrain] Epoch 8/10, loss=0.479604, time=460.98s
2026-06-23 13:19:51 - pretrain_logger - INFO - Pretrain loss: 0.4796044780627809
[2026-06-23 13:19:51,555][pretrain_logger][INFO] - Pretrain loss: 0.4796044780627809
2026-06-23 13:19:51 - pretrain_logger - INFO - Pretrain time: 460.97922372817993s
[2026-06-23 13:19:51,555][pretrain_logger][INFO] - Pretrain time: 460.97922372817993s
2026-06-23 13:19:51 - pretrain_logger - INFO - Pretrain memory reserved: 52.00 MB
[2026-06-23 13:19:51,556][pretrain_logger][INFO] - Pretrain memory reserved: 52.00 MB
2026-06-23 13:19:51 - pretrain_logger - INFO - Pretrain memory allocated: 20.04 MB
[2026-06-23 13:19:51,556][pretrain_logger][INFO] - Pretrain memory allocated: 20.04 MB
2026-06-23 13:19:51 - pretrain_logger - INFO - Current learning rate: 0.0005
[2026-06-23 13:19:51,556][pretrain_logger][INFO] - Current learning rate: 0.0005
2026-06-23 13:19:51 - pretrain_logger - INFO - Logged epoch Pretrain 8 info to /public/home/202411094934/python_project/Spatio-Temporal-Library/time-series/2026-06-23/autoformer/pretrain10/pulse/time-series/seed_2/training_log.json
[2026-06-23 13:19:51,558][pretrain_logger][INFO] - Logged epoch Pretrain 8 info to /public/home/202411094934/python_project/Spatio-Temporal-Library/time-series/2026-06-23/autoformer/pretrain10/pulse/time-series/seed_2/training_log.json
2026-06-23 13:27:32 - pretrain_logger - INFO - [JEPA Pretrain] Epoch 9/10, loss=0.466634, time=461.04s
[2026-06-23 13:27:32,596][pretrain_logger][INFO] - [JEPA Pretrain] Epoch 9/10, loss=0.466634, time=461.04s
2026-06-23 13:27:32 - pretrain_logger - INFO - Pretrain loss: 0.4666335842226909
[2026-06-23 13:27:32,596][pretrain_logger][INFO] - Pretrain loss: 0.4666335842226909
2026-06-23 13:27:32 - pretrain_logger - INFO - Pretrain time: 461.0371427536011s
[2026-06-23 13:27:32,596][pretrain_logger][INFO] - Pretrain time: 461.0371427536011s
2026-06-23 13:27:32 - pretrain_logger - INFO - Pretrain memory reserved: 52.00 MB
[2026-06-23 13:27:32,597][pretrain_logger][INFO] - Pretrain memory reserved: 52.00 MB
2026-06-23 13:27:32 - pretrain_logger - INFO - Pretrain memory allocated: 20.04 MB
[2026-06-23 13:27:32,597][pretrain_logger][INFO] - Pretrain memory allocated: 20.04 MB
2026-06-23 13:27:32 - pretrain_logger - INFO - Current learning rate: 0.0005
[2026-06-23 13:27:32,597][pretrain_logger][INFO] - Current learning rate: 0.0005
2026-06-23 13:27:32 - pretrain_logger - INFO - Logged epoch Pretrain 9 info to /public/home/202411094934/python_project/Spatio-Temporal-Library/time-series/2026-06-23/autoformer/pretrain10/pulse/time-series/seed_2/training_log.json
[2026-06-23 13:27:32,599][pretrain_logger][INFO] - Logged epoch Pretrain 9 info to /public/home/202411094934/python_project/Spatio-Temporal-Library/time-series/2026-06-23/autoformer/pretrain10/pulse/time-series/seed_2/training_log.json
2026-06-23 13:35:13 - pretrain_logger - INFO - [JEPA Pretrain] Epoch 10/10, loss=0.455261, time=461.14s
[2026-06-23 13:35:13,744][pretrain_logger][INFO] - [JEPA Pretrain] Epoch 10/10, loss=0.455261, time=461.14s
2026-06-23 13:35:13 - pretrain_logger - INFO - Pretrain loss: 0.45526113469802754
[2026-06-23 13:35:13,762][pretrain_logger][INFO] - Pretrain loss: 0.45526113469802754
2026-06-23 13:35:13 - pretrain_logger - INFO - Pretrain time: 461.14452266693115s
[2026-06-23 13:35:13,762][pretrain_logger][INFO] - Pretrain time: 461.14452266693115s
2026-06-23 13:35:13 - pretrain_logger - INFO - Pretrain memory reserved: 52.00 MB
[2026-06-23 13:35:13,762][pretrain_logger][INFO] - Pretrain memory reserved: 52.00 MB
2026-06-23 13:35:13 - pretrain_logger - INFO - Pretrain memory allocated: 20.04 MB
[2026-06-23 13:35:13,763][pretrain_logger][INFO] - Pretrain memory allocated: 20.04 MB
2026-06-23 13:35:13 - pretrain_logger - INFO - Current learning rate: 0.0005
[2026-06-23 13:35:13,763][pretrain_logger][INFO] - Current learning rate: 0.0005
2026-06-23 13:35:13 - pretrain_logger - INFO - Logged epoch Pretrain 10 info to /public/home/202411094934/python_project/Spatio-Temporal-Library/time-series/2026-06-23/autoformer/pretrain10/pulse/time-series/seed_2/training_log.json
[2026-06-23 13:35:13,765][pretrain_logger][INFO] - Logged epoch Pretrain 10 info to /public/home/202411094934/python_project/Spatio-Temporal-Library/time-series/2026-06-23/autoformer/pretrain10/pulse/time-series/seed_2/training_log.json
2026-06-23 13:35:13 - pretrain_logger - INFO - JEPA pretraining completed.
[2026-06-23 13:35:13,765][pretrain_logger][INFO] - JEPA pretraining completed.
