2026-06-14 00:55:41 - finetune_logger - INFO - Loaded pretrained checkpoint from: /public/home/202411094934/python_project/Spatio-Temporal-Library/time-series/2026-06-13/crossformer/pretrain10/ettm1/time-series/seed_0/jepa_pretrain_epoch_10.pth
Missing keys: []
Unexpected keys: []
[2026-06-14 00:55:41,745][finetune_logger][INFO] - Loaded pretrained checkpoint from: /public/home/202411094934/python_project/Spatio-Temporal-Library/time-series/2026-06-13/crossformer/pretrain10/ettm1/time-series/seed_0/jepa_pretrain_epoch_10.pth
Missing keys: []
Unexpected keys: []
2026-06-14 00:55:41 - finetune_logger - INFO - Model parameters: 824,672
[2026-06-14 00:55:41,755][finetune_logger][INFO] - Model parameters: 824,672
2026-06-14 00:55:41 - finetune_logger - INFO - Created new log file at /public/home/202411094934/python_project/Spatio-Temporal-Library/time-series/2026-06-13/crossformer/pretrain10_finetune10/ettm1/time-series/seed_0/training_log.json
[2026-06-14 00:55:41,759][finetune_logger][INFO] - Created new log file at /public/home/202411094934/python_project/Spatio-Temporal-Library/time-series/2026-06-13/crossformer/pretrain10_finetune10/ettm1/time-series/seed_0/training_log.json
2026-06-14 00:55:41 - finetune_logger - INFO - Starting training...
[2026-06-14 00:55:41,759][finetune_logger][INFO] - Starting training...
2026-06-14 00:55:41 - finetune_logger - INFO - Epoch 1/10
[2026-06-14 00:55:41,759][finetune_logger][INFO] - Epoch 1/10
2026-06-14 01:32:20 - finetune_logger - INFO - Train loss: 1.3187872658733428
[2026-06-14 01:32:20,035][finetune_logger][INFO] - Train loss: 1.3187872658733428
2026-06-14 01:32:20 - finetune_logger - INFO - Train time: 2198.275324344635s
[2026-06-14 01:32:20,035][finetune_logger][INFO] - Train time: 2198.275324344635s
2026-06-14 01:32:20 - finetune_logger - INFO - Train memory reserved: 42.00 MB
[2026-06-14 01:32:20,035][finetune_logger][INFO] - Train memory reserved: 42.00 MB
2026-06-14 01:32:20 - finetune_logger - INFO - Train memory allocated: 25.85 MB
[2026-06-14 01:32:20,036][finetune_logger][INFO] - Train memory allocated: 25.85 MB
2026-06-14 01:32:20 - finetune_logger - INFO - Current learning rate: 0.0005
[2026-06-14 01:32:20,036][finetune_logger][INFO] - Current learning rate: 0.0005
2026-06-14 01:36:02 - finetune_logger - INFO - Validation metrics: {'MAE': 1.4222143288987759, 'RMSE': 2.360547240305309}
[2026-06-14 01:36:02,476][finetune_logger][INFO] - Validation metrics: {'MAE': 1.4222143288987759, 'RMSE': 2.360547240305309}
2026-06-14 01:36:02 - finetune_logger - INFO - Val time: 222.44s
[2026-06-14 01:36:02,476][finetune_logger][INFO] - Val time: 222.44s
2026-06-14 01:36:02 - finetune_logger - INFO - Val memory reserved: 42.00 MB
[2026-06-14 01:36:02,476][finetune_logger][INFO] - Val memory reserved: 42.00 MB
2026-06-14 01:36:02 - finetune_logger - INFO - Val memory allocated: 25.85 MB
[2026-06-14 01:36:02,476][finetune_logger][INFO] - Val memory allocated: 25.85 MB
2026-06-14 01:36:02 - finetune_logger - INFO - Logged epoch 1 info to /public/home/202411094934/python_project/Spatio-Temporal-Library/time-series/2026-06-13/crossformer/pretrain10_finetune10/ettm1/time-series/seed_0/training_log.json
[2026-06-14 01:36:02,479][finetune_logger][INFO] - Logged epoch 1 info to /public/home/202411094934/python_project/Spatio-Temporal-Library/time-series/2026-06-13/crossformer/pretrain10_finetune10/ettm1/time-series/seed_0/training_log.json
2026-06-14 01:36:02 - finetune_logger - INFO - New best model! Val loss: 1.422214
[2026-06-14 01:36:02,480][finetune_logger][INFO] - New best model! Val loss: 1.422214
2026-06-14 01:39:44 - finetune_logger - INFO - Test metrics: {'MAE': 1.2638723369868092, 'RMSE': 2.3700153428609867}
[2026-06-14 01:39:44,639][finetune_logger][INFO] - Test metrics: {'MAE': 1.2638723369868092, 'RMSE': 2.3700153428609867}
2026-06-14 01:39:44 - finetune_logger - INFO - Test time: 221.86s
[2026-06-14 01:39:44,640][finetune_logger][INFO] - Test time: 221.86s
2026-06-14 01:39:44 - finetune_logger - INFO - Test memory reserved: 42.00 MB
[2026-06-14 01:39:44,640][finetune_logger][INFO] - Test memory reserved: 42.00 MB
2026-06-14 01:39:44 - finetune_logger - INFO - Test memory allocated: 25.85 MB
[2026-06-14 01:39:44,640][finetune_logger][INFO] - Test memory allocated: 25.85 MB
2026-06-14 01:39:44 - finetune_logger - INFO - Epoch 2/10
[2026-06-14 01:39:44,640][finetune_logger][INFO] - Epoch 2/10
2026-06-14 02:16:22 - finetune_logger - INFO - Train loss: 1.179522110869076
[2026-06-14 02:16:22,625][finetune_logger][INFO] - Train loss: 1.179522110869076
2026-06-14 02:16:22 - finetune_logger - INFO - Train time: 2197.9844982624054s
[2026-06-14 02:16:22,626][finetune_logger][INFO] - Train time: 2197.9844982624054s
2026-06-14 02:16:22 - finetune_logger - INFO - Train memory reserved: 42.00 MB
[2026-06-14 02:16:22,626][finetune_logger][INFO] - Train memory reserved: 42.00 MB
2026-06-14 02:16:22 - finetune_logger - INFO - Train memory allocated: 25.85 MB
[2026-06-14 02:16:22,626][finetune_logger][INFO] - Train memory allocated: 25.85 MB
2026-06-14 02:16:22 - finetune_logger - INFO - Current learning rate: 0.0005
[2026-06-14 02:16:22,626][finetune_logger][INFO] - Current learning rate: 0.0005
2026-06-14 02:20:04 - finetune_logger - INFO - Validation metrics: {'MAE': 1.4811688390510476, 'RMSE': 2.4597323225965613}
[2026-06-14 02:20:04,458][finetune_logger][INFO] - Validation metrics: {'MAE': 1.4811688390510476, 'RMSE': 2.4597323225965613}
2026-06-14 02:20:04 - finetune_logger - INFO - Val time: 221.83s
[2026-06-14 02:20:04,458][finetune_logger][INFO] - Val time: 221.83s
2026-06-14 02:20:04 - finetune_logger - INFO - Val memory reserved: 42.00 MB
[2026-06-14 02:20:04,458][finetune_logger][INFO] - Val memory reserved: 42.00 MB
2026-06-14 02:20:04 - finetune_logger - INFO - Val memory allocated: 25.85 MB
[2026-06-14 02:20:04,458][finetune_logger][INFO] - Val memory allocated: 25.85 MB
2026-06-14 02:20:04 - finetune_logger - INFO - Logged epoch 2 info to /public/home/202411094934/python_project/Spatio-Temporal-Library/time-series/2026-06-13/crossformer/pretrain10_finetune10/ettm1/time-series/seed_0/training_log.json
[2026-06-14 02:20:04,461][finetune_logger][INFO] - Logged epoch 2 info to /public/home/202411094934/python_project/Spatio-Temporal-Library/time-series/2026-06-13/crossformer/pretrain10_finetune10/ettm1/time-series/seed_0/training_log.json
2026-06-14 02:23:46 - finetune_logger - INFO - Test metrics: {'MAE': 1.3169720181506646, 'RMSE': 2.4581448265038435}
[2026-06-14 02:23:46,210][finetune_logger][INFO] - Test metrics: {'MAE': 1.3169720181506646, 'RMSE': 2.4581448265038435}
2026-06-14 02:23:46 - finetune_logger - INFO - Test time: 221.75s
[2026-06-14 02:23:46,210][finetune_logger][INFO] - Test time: 221.75s
2026-06-14 02:23:46 - finetune_logger - INFO - Test memory reserved: 42.00 MB
[2026-06-14 02:23:46,210][finetune_logger][INFO] - Test memory reserved: 42.00 MB
2026-06-14 02:23:46 - finetune_logger - INFO - Test memory allocated: 25.85 MB
[2026-06-14 02:23:46,210][finetune_logger][INFO] - Test memory allocated: 25.85 MB
2026-06-14 02:23:46 - finetune_logger - INFO - Epoch 3/10
[2026-06-14 02:23:46,210][finetune_logger][INFO] - Epoch 3/10
2026-06-14 03:00:23 - finetune_logger - INFO - Train loss: 1.130613954882796
[2026-06-14 03:00:23,677][finetune_logger][INFO] - Train loss: 1.130613954882796
2026-06-14 03:00:23 - finetune_logger - INFO - Train time: 2197.4659118652344s
[2026-06-14 03:00:23,677][finetune_logger][INFO] - Train time: 2197.4659118652344s
2026-06-14 03:00:23 - finetune_logger - INFO - Train memory reserved: 42.00 MB
[2026-06-14 03:00:23,677][finetune_logger][INFO] - Train memory reserved: 42.00 MB
2026-06-14 03:00:23 - finetune_logger - INFO - Train memory allocated: 25.85 MB
[2026-06-14 03:00:23,678][finetune_logger][INFO] - Train memory allocated: 25.85 MB
2026-06-14 03:00:23 - finetune_logger - INFO - Current learning rate: 0.0005
[2026-06-14 03:00:23,678][finetune_logger][INFO] - Current learning rate: 0.0005
2026-06-14 03:04:05 - finetune_logger - INFO - Validation metrics: {'MAE': 1.4797307474529646, 'RMSE': 2.4896105857409747}
[2026-06-14 03:04:05,823][finetune_logger][INFO] - Validation metrics: {'MAE': 1.4797307474529646, 'RMSE': 2.4896105857409747}
2026-06-14 03:04:05 - finetune_logger - INFO - Val time: 222.15s
[2026-06-14 03:04:05,824][finetune_logger][INFO] - Val time: 222.15s
2026-06-14 03:04:05 - finetune_logger - INFO - Val memory reserved: 42.00 MB
[2026-06-14 03:04:05,824][finetune_logger][INFO] - Val memory reserved: 42.00 MB
2026-06-14 03:04:05 - finetune_logger - INFO - Val memory allocated: 25.85 MB
[2026-06-14 03:04:05,824][finetune_logger][INFO] - Val memory allocated: 25.85 MB
2026-06-14 03:04:05 - finetune_logger - INFO - Logged epoch 3 info to /public/home/202411094934/python_project/Spatio-Temporal-Library/time-series/2026-06-13/crossformer/pretrain10_finetune10/ettm1/time-series/seed_0/training_log.json
[2026-06-14 03:04:05,827][finetune_logger][INFO] - Logged epoch 3 info to /public/home/202411094934/python_project/Spatio-Temporal-Library/time-series/2026-06-13/crossformer/pretrain10_finetune10/ettm1/time-series/seed_0/training_log.json
2026-06-14 03:07:48 - finetune_logger - INFO - Test metrics: {'MAE': 1.3066671983803066, 'RMSE': 2.4682195023489197}
[2026-06-14 03:07:48,169][finetune_logger][INFO] - Test metrics: {'MAE': 1.3066671983803066, 'RMSE': 2.4682195023489197}
2026-06-14 03:07:48 - finetune_logger - INFO - Test time: 222.34s
[2026-06-14 03:07:48,170][finetune_logger][INFO] - Test time: 222.34s
2026-06-14 03:07:48 - finetune_logger - INFO - Test memory reserved: 42.00 MB
[2026-06-14 03:07:48,170][finetune_logger][INFO] - Test memory reserved: 42.00 MB
2026-06-14 03:07:48 - finetune_logger - INFO - Test memory allocated: 25.85 MB
[2026-06-14 03:07:48,170][finetune_logger][INFO] - Test memory allocated: 25.85 MB
2026-06-14 03:07:48 - finetune_logger - INFO - Epoch 4/10
[2026-06-14 03:07:48,170][finetune_logger][INFO] - Epoch 4/10
2026-06-14 03:44:27 - finetune_logger - INFO - Train loss: 1.0870096067613555
[2026-06-14 03:44:27,022][finetune_logger][INFO] - Train loss: 1.0870096067613555
2026-06-14 03:44:27 - finetune_logger - INFO - Train time: 2198.851103782654s
[2026-06-14 03:44:27,022][finetune_logger][INFO] - Train time: 2198.851103782654s
2026-06-14 03:44:27 - finetune_logger - INFO - Train memory reserved: 42.00 MB
[2026-06-14 03:44:27,022][finetune_logger][INFO] - Train memory reserved: 42.00 MB
2026-06-14 03:44:27 - finetune_logger - INFO - Train memory allocated: 25.85 MB
[2026-06-14 03:44:27,023][finetune_logger][INFO] - Train memory allocated: 25.85 MB
2026-06-14 03:44:27 - finetune_logger - INFO - Current learning rate: 0.0005
[2026-06-14 03:44:27,023][finetune_logger][INFO] - Current learning rate: 0.0005
2026-06-14 03:48:08 - finetune_logger - INFO - Validation metrics: {'MAE': 1.4489985140704424, 'RMSE': 2.405172560641442}
[2026-06-14 03:48:08,866][finetune_logger][INFO] - Validation metrics: {'MAE': 1.4489985140704424, 'RMSE': 2.405172560641442}
2026-06-14 03:48:08 - finetune_logger - INFO - Val time: 221.84s
[2026-06-14 03:48:08,867][finetune_logger][INFO] - Val time: 221.84s
2026-06-14 03:48:08 - finetune_logger - INFO - Val memory reserved: 42.00 MB
[2026-06-14 03:48:08,867][finetune_logger][INFO] - Val memory reserved: 42.00 MB
2026-06-14 03:48:08 - finetune_logger - INFO - Val memory allocated: 25.85 MB
[2026-06-14 03:48:08,867][finetune_logger][INFO] - Val memory allocated: 25.85 MB
2026-06-14 03:48:08 - finetune_logger - INFO - Logged epoch 4 info to /public/home/202411094934/python_project/Spatio-Temporal-Library/time-series/2026-06-13/crossformer/pretrain10_finetune10/ettm1/time-series/seed_0/training_log.json
[2026-06-14 03:48:08,870][finetune_logger][INFO] - Logged epoch 4 info to /public/home/202411094934/python_project/Spatio-Temporal-Library/time-series/2026-06-13/crossformer/pretrain10_finetune10/ettm1/time-series/seed_0/training_log.json
2026-06-14 03:51:50 - finetune_logger - INFO - Test metrics: {'MAE': 1.303962597760208, 'RMSE': 2.450497029508136}
[2026-06-14 03:51:50,697][finetune_logger][INFO] - Test metrics: {'MAE': 1.303962597760208, 'RMSE': 2.450497029508136}
2026-06-14 03:51:50 - finetune_logger - INFO - Test time: 221.83s
[2026-06-14 03:51:50,697][finetune_logger][INFO] - Test time: 221.83s
2026-06-14 03:51:50 - finetune_logger - INFO - Test memory reserved: 42.00 MB
[2026-06-14 03:51:50,697][finetune_logger][INFO] - Test memory reserved: 42.00 MB
2026-06-14 03:51:50 - finetune_logger - INFO - Test memory allocated: 25.85 MB
[2026-06-14 03:51:50,697][finetune_logger][INFO] - Test memory allocated: 25.85 MB
2026-06-14 03:51:50 - finetune_logger - INFO - Epoch 5/10
[2026-06-14 03:51:50,697][finetune_logger][INFO] - Epoch 5/10
2026-06-14 04:28:30 - finetune_logger - INFO - Train loss: 1.0493199236746196
[2026-06-14 04:28:30,678][finetune_logger][INFO] - Train loss: 1.0493199236746196
2026-06-14 04:28:30 - finetune_logger - INFO - Train time: 2199.979791164398s
[2026-06-14 04:28:30,678][finetune_logger][INFO] - Train time: 2199.979791164398s
2026-06-14 04:28:30 - finetune_logger - INFO - Train memory reserved: 42.00 MB
[2026-06-14 04:28:30,678][finetune_logger][INFO] - Train memory reserved: 42.00 MB
2026-06-14 04:28:30 - finetune_logger - INFO - Train memory allocated: 25.85 MB
[2026-06-14 04:28:30,678][finetune_logger][INFO] - Train memory allocated: 25.85 MB
2026-06-14 04:28:30 - finetune_logger - INFO - Current learning rate: 0.0005
[2026-06-14 04:28:30,679][finetune_logger][INFO] - Current learning rate: 0.0005
2026-06-14 04:32:12 - finetune_logger - INFO - Validation metrics: {'MAE': 1.482649444335308, 'RMSE': 2.476648109958158}
[2026-06-14 04:32:12,841][finetune_logger][INFO] - Validation metrics: {'MAE': 1.482649444335308, 'RMSE': 2.476648109958158}
2026-06-14 04:32:12 - finetune_logger - INFO - Val time: 222.16s
[2026-06-14 04:32:12,841][finetune_logger][INFO] - Val time: 222.16s
2026-06-14 04:32:12 - finetune_logger - INFO - Val memory reserved: 42.00 MB
[2026-06-14 04:32:12,841][finetune_logger][INFO] - Val memory reserved: 42.00 MB
2026-06-14 04:32:12 - finetune_logger - INFO - Val memory allocated: 25.85 MB
[2026-06-14 04:32:12,841][finetune_logger][INFO] - Val memory allocated: 25.85 MB
2026-06-14 04:32:12 - finetune_logger - INFO - Logged epoch 5 info to /public/home/202411094934/python_project/Spatio-Temporal-Library/time-series/2026-06-13/crossformer/pretrain10_finetune10/ettm1/time-series/seed_0/training_log.json
[2026-06-14 04:32:12,844][finetune_logger][INFO] - Logged epoch 5 info to /public/home/202411094934/python_project/Spatio-Temporal-Library/time-series/2026-06-13/crossformer/pretrain10_finetune10/ettm1/time-series/seed_0/training_log.json
2026-06-14 04:35:55 - finetune_logger - INFO - Test metrics: {'MAE': 1.3509563452870497, 'RMSE': 2.5588862181926766}
[2026-06-14 04:35:55,093][finetune_logger][INFO] - Test metrics: {'MAE': 1.3509563452870497, 'RMSE': 2.5588862181926766}
2026-06-14 04:35:55 - finetune_logger - INFO - Test time: 222.25s
[2026-06-14 04:35:55,093][finetune_logger][INFO] - Test time: 222.25s
2026-06-14 04:35:55 - finetune_logger - INFO - Test memory reserved: 42.00 MB
[2026-06-14 04:35:55,093][finetune_logger][INFO] - Test memory reserved: 42.00 MB
2026-06-14 04:35:55 - finetune_logger - INFO - Test memory allocated: 25.85 MB
[2026-06-14 04:35:55,093][finetune_logger][INFO] - Test memory allocated: 25.85 MB
2026-06-14 04:35:55 - finetune_logger - INFO - Epoch 6/10
[2026-06-14 04:35:55,094][finetune_logger][INFO] - Epoch 6/10
2026-06-14 05:12:31 - finetune_logger - INFO - Train loss: 1.0129329170582648
[2026-06-14 05:12:31,972][finetune_logger][INFO] - Train loss: 1.0129329170582648
2026-06-14 05:12:31 - finetune_logger - INFO - Train time: 2196.8778483867645s
[2026-06-14 05:12:31,973][finetune_logger][INFO] - Train time: 2196.8778483867645s
2026-06-14 05:12:31 - finetune_logger - INFO - Train memory reserved: 42.00 MB
[2026-06-14 05:12:31,973][finetune_logger][INFO] - Train memory reserved: 42.00 MB
2026-06-14 05:12:31 - finetune_logger - INFO - Train memory allocated: 25.85 MB
[2026-06-14 05:12:31,973][finetune_logger][INFO] - Train memory allocated: 25.85 MB
2026-06-14 05:12:31 - finetune_logger - INFO - Current learning rate: 0.0005
[2026-06-14 05:12:31,973][finetune_logger][INFO] - Current learning rate: 0.0005
2026-06-14 05:16:13 - finetune_logger - INFO - Validation metrics: {'MAE': 1.516122605416493, 'RMSE': 2.501995305590655}
[2026-06-14 05:16:13,816][finetune_logger][INFO] - Validation metrics: {'MAE': 1.516122605416493, 'RMSE': 2.501995305590655}
2026-06-14 05:16:13 - finetune_logger - INFO - Val time: 221.84s
[2026-06-14 05:16:13,816][finetune_logger][INFO] - Val time: 221.84s
2026-06-14 05:16:13 - finetune_logger - INFO - Val memory reserved: 42.00 MB
[2026-06-14 05:16:13,816][finetune_logger][INFO] - Val memory reserved: 42.00 MB
2026-06-14 05:16:13 - finetune_logger - INFO - Val memory allocated: 25.85 MB
[2026-06-14 05:16:13,816][finetune_logger][INFO] - Val memory allocated: 25.85 MB
2026-06-14 05:16:13 - finetune_logger - INFO - Logged epoch 6 info to /public/home/202411094934/python_project/Spatio-Temporal-Library/time-series/2026-06-13/crossformer/pretrain10_finetune10/ettm1/time-series/seed_0/training_log.json
[2026-06-14 05:16:13,820][finetune_logger][INFO] - Logged epoch 6 info to /public/home/202411094934/python_project/Spatio-Temporal-Library/time-series/2026-06-13/crossformer/pretrain10_finetune10/ettm1/time-series/seed_0/training_log.json
2026-06-14 05:19:55 - finetune_logger - INFO - Test metrics: {'MAE': 1.3923937389864336, 'RMSE': 2.565939639527915}
[2026-06-14 05:19:55,457][finetune_logger][INFO] - Test metrics: {'MAE': 1.3923937389864336, 'RMSE': 2.565939639527915}
2026-06-14 05:19:55 - finetune_logger - INFO - Test time: 221.64s
[2026-06-14 05:19:55,457][finetune_logger][INFO] - Test time: 221.64s
2026-06-14 05:19:55 - finetune_logger - INFO - Test memory reserved: 42.00 MB
[2026-06-14 05:19:55,457][finetune_logger][INFO] - Test memory reserved: 42.00 MB
2026-06-14 05:19:55 - finetune_logger - INFO - Test memory allocated: 25.85 MB
[2026-06-14 05:19:55,457][finetune_logger][INFO] - Test memory allocated: 25.85 MB
2026-06-14 05:19:55 - finetune_logger - INFO - Epoch 7/10
[2026-06-14 05:19:55,457][finetune_logger][INFO] - Epoch 7/10
2026-06-14 05:56:35 - finetune_logger - INFO - Train loss: 0.9746766754227696
[2026-06-14 05:56:35,489][finetune_logger][INFO] - Train loss: 0.9746766754227696
2026-06-14 05:56:35 - finetune_logger - INFO - Train time: 2200.0306482315063s
[2026-06-14 05:56:35,489][finetune_logger][INFO] - Train time: 2200.0306482315063s
2026-06-14 05:56:35 - finetune_logger - INFO - Train memory reserved: 42.00 MB
[2026-06-14 05:56:35,489][finetune_logger][INFO] - Train memory reserved: 42.00 MB
2026-06-14 05:56:35 - finetune_logger - INFO - Train memory allocated: 25.85 MB
[2026-06-14 05:56:35,489][finetune_logger][INFO] - Train memory allocated: 25.85 MB
2026-06-14 05:56:35 - finetune_logger - INFO - Current learning rate: 0.0005
[2026-06-14 05:56:35,490][finetune_logger][INFO] - Current learning rate: 0.0005
2026-06-14 06:00:17 - finetune_logger - INFO - Validation metrics: {'MAE': 1.526257624191753, 'RMSE': 2.6014935887024087}
[2026-06-14 06:00:17,011][finetune_logger][INFO] - Validation metrics: {'MAE': 1.526257624191753, 'RMSE': 2.6014935887024087}
2026-06-14 06:00:17 - finetune_logger - INFO - Val time: 221.52s
[2026-06-14 06:00:17,011][finetune_logger][INFO] - Val time: 221.52s
2026-06-14 06:00:17 - finetune_logger - INFO - Val memory reserved: 42.00 MB
[2026-06-14 06:00:17,011][finetune_logger][INFO] - Val memory reserved: 42.00 MB
2026-06-14 06:00:17 - finetune_logger - INFO - Val memory allocated: 25.85 MB
[2026-06-14 06:00:17,011][finetune_logger][INFO] - Val memory allocated: 25.85 MB
2026-06-14 06:00:17 - finetune_logger - INFO - Logged epoch 7 info to /public/home/202411094934/python_project/Spatio-Temporal-Library/time-series/2026-06-13/crossformer/pretrain10_finetune10/ettm1/time-series/seed_0/training_log.json
[2026-06-14 06:00:17,014][finetune_logger][INFO] - Logged epoch 7 info to /public/home/202411094934/python_project/Spatio-Temporal-Library/time-series/2026-06-13/crossformer/pretrain10_finetune10/ettm1/time-series/seed_0/training_log.json
2026-06-14 06:03:58 - finetune_logger - INFO - Test metrics: {'MAE': 1.3283701407872313, 'RMSE': 2.5164487962293114}
[2026-06-14 06:03:58,879][finetune_logger][INFO] - Test metrics: {'MAE': 1.3283701407872313, 'RMSE': 2.5164487962293114}
2026-06-14 06:03:58 - finetune_logger - INFO - Test time: 221.86s
[2026-06-14 06:03:58,880][finetune_logger][INFO] - Test time: 221.86s
2026-06-14 06:03:58 - finetune_logger - INFO - Test memory reserved: 42.00 MB
[2026-06-14 06:03:58,880][finetune_logger][INFO] - Test memory reserved: 42.00 MB
2026-06-14 06:03:58 - finetune_logger - INFO - Test memory allocated: 25.85 MB
[2026-06-14 06:03:58,880][finetune_logger][INFO] - Test memory allocated: 25.85 MB
2026-06-14 06:03:58 - finetune_logger - INFO - Epoch 8/10
[2026-06-14 06:03:58,880][finetune_logger][INFO] - Epoch 8/10
2026-06-14 06:40:36 - finetune_logger - INFO - Train loss: 0.9357624355800724
[2026-06-14 06:40:36,570][finetune_logger][INFO] - Train loss: 0.9357624355800724
2026-06-14 06:40:36 - finetune_logger - INFO - Train time: 2197.689213514328s
[2026-06-14 06:40:36,570][finetune_logger][INFO] - Train time: 2197.689213514328s
2026-06-14 06:40:36 - finetune_logger - INFO - Train memory reserved: 42.00 MB
[2026-06-14 06:40:36,571][finetune_logger][INFO] - Train memory reserved: 42.00 MB
2026-06-14 06:40:36 - finetune_logger - INFO - Train memory allocated: 25.85 MB
[2026-06-14 06:40:36,571][finetune_logger][INFO] - Train memory allocated: 25.85 MB
2026-06-14 06:40:36 - finetune_logger - INFO - Current learning rate: 0.0005
[2026-06-14 06:40:36,571][finetune_logger][INFO] - Current learning rate: 0.0005
2026-06-14 06:44:18 - finetune_logger - INFO - Validation metrics: {'MAE': 1.5678989190077408, 'RMSE': 2.638152520623771}
[2026-06-14 06:44:18,858][finetune_logger][INFO] - Validation metrics: {'MAE': 1.5678989190077408, 'RMSE': 2.638152520623771}
2026-06-14 06:44:18 - finetune_logger - INFO - Val time: 222.29s
[2026-06-14 06:44:18,859][finetune_logger][INFO] - Val time: 222.29s
2026-06-14 06:44:18 - finetune_logger - INFO - Val memory reserved: 42.00 MB
[2026-06-14 06:44:18,859][finetune_logger][INFO] - Val memory reserved: 42.00 MB
2026-06-14 06:44:18 - finetune_logger - INFO - Val memory allocated: 25.85 MB
[2026-06-14 06:44:18,859][finetune_logger][INFO] - Val memory allocated: 25.85 MB
2026-06-14 06:44:18 - finetune_logger - INFO - Logged epoch 8 info to /public/home/202411094934/python_project/Spatio-Temporal-Library/time-series/2026-06-13/crossformer/pretrain10_finetune10/ettm1/time-series/seed_0/training_log.json
[2026-06-14 06:44:18,862][finetune_logger][INFO] - Logged epoch 8 info to /public/home/202411094934/python_project/Spatio-Temporal-Library/time-series/2026-06-13/crossformer/pretrain10_finetune10/ettm1/time-series/seed_0/training_log.json
2026-06-14 06:48:00 - finetune_logger - INFO - Test metrics: {'MAE': 1.4079445109121909, 'RMSE': 2.607211342008178}
[2026-06-14 06:48:00,835][finetune_logger][INFO] - Test metrics: {'MAE': 1.4079445109121909, 'RMSE': 2.607211342008178}
2026-06-14 06:48:00 - finetune_logger - INFO - Test time: 221.97s
[2026-06-14 06:48:00,835][finetune_logger][INFO] - Test time: 221.97s
2026-06-14 06:48:00 - finetune_logger - INFO - Test memory reserved: 42.00 MB
[2026-06-14 06:48:00,835][finetune_logger][INFO] - Test memory reserved: 42.00 MB
2026-06-14 06:48:00 - finetune_logger - INFO - Test memory allocated: 25.85 MB
[2026-06-14 06:48:00,835][finetune_logger][INFO] - Test memory allocated: 25.85 MB
2026-06-14 06:48:00 - finetune_logger - INFO - Epoch 9/10
[2026-06-14 06:48:00,835][finetune_logger][INFO] - Epoch 9/10
2026-06-14 07:24:38 - finetune_logger - INFO - Train loss: 0.898906896378783
[2026-06-14 07:24:38,981][finetune_logger][INFO] - Train loss: 0.898906896378783
2026-06-14 07:24:38 - finetune_logger - INFO - Train time: 2198.1452584266663s
[2026-06-14 07:24:38,982][finetune_logger][INFO] - Train time: 2198.1452584266663s
2026-06-14 07:24:38 - finetune_logger - INFO - Train memory reserved: 42.00 MB
[2026-06-14 07:24:38,982][finetune_logger][INFO] - Train memory reserved: 42.00 MB
2026-06-14 07:24:38 - finetune_logger - INFO - Train memory allocated: 25.85 MB
[2026-06-14 07:24:38,982][finetune_logger][INFO] - Train memory allocated: 25.85 MB
2026-06-14 07:24:38 - finetune_logger - INFO - Current learning rate: 0.0005
[2026-06-14 07:24:38,982][finetune_logger][INFO] - Current learning rate: 0.0005
2026-06-14 07:28:20 - finetune_logger - INFO - Validation metrics: {'MAE': 1.5456768304572597, 'RMSE': 2.626072397133644}
[2026-06-14 07:28:20,859][finetune_logger][INFO] - Validation metrics: {'MAE': 1.5456768304572597, 'RMSE': 2.626072397133644}
2026-06-14 07:28:20 - finetune_logger - INFO - Val time: 221.88s
[2026-06-14 07:28:20,860][finetune_logger][INFO] - Val time: 221.88s
2026-06-14 07:28:20 - finetune_logger - INFO - Val memory reserved: 42.00 MB
[2026-06-14 07:28:20,860][finetune_logger][INFO] - Val memory reserved: 42.00 MB
2026-06-14 07:28:20 - finetune_logger - INFO - Val memory allocated: 25.85 MB
[2026-06-14 07:28:20,860][finetune_logger][INFO] - Val memory allocated: 25.85 MB
2026-06-14 07:28:20 - finetune_logger - INFO - Logged epoch 9 info to /public/home/202411094934/python_project/Spatio-Temporal-Library/time-series/2026-06-13/crossformer/pretrain10_finetune10/ettm1/time-series/seed_0/training_log.json
[2026-06-14 07:28:20,863][finetune_logger][INFO] - Logged epoch 9 info to /public/home/202411094934/python_project/Spatio-Temporal-Library/time-series/2026-06-13/crossformer/pretrain10_finetune10/ettm1/time-series/seed_0/training_log.json
2026-06-14 07:32:03 - finetune_logger - INFO - Test metrics: {'MAE': 1.3967749641092957, 'RMSE': 2.656630112132221}
[2026-06-14 07:32:03,131][finetune_logger][INFO] - Test metrics: {'MAE': 1.3967749641092957, 'RMSE': 2.656630112132221}
2026-06-14 07:32:03 - finetune_logger - INFO - Test time: 222.27s
[2026-06-14 07:32:03,131][finetune_logger][INFO] - Test time: 222.27s
2026-06-14 07:32:03 - finetune_logger - INFO - Test memory reserved: 42.00 MB
[2026-06-14 07:32:03,131][finetune_logger][INFO] - Test memory reserved: 42.00 MB
2026-06-14 07:32:03 - finetune_logger - INFO - Test memory allocated: 25.85 MB
[2026-06-14 07:32:03,131][finetune_logger][INFO] - Test memory allocated: 25.85 MB
2026-06-14 07:32:03 - finetune_logger - INFO - Epoch 10/10
[2026-06-14 07:32:03,131][finetune_logger][INFO] - Epoch 10/10
2026-06-14 08:08:39 - finetune_logger - INFO - Train loss: 0.8590209400913509
[2026-06-14 08:08:39,869][finetune_logger][INFO] - Train loss: 0.8590209400913509
2026-06-14 08:08:39 - finetune_logger - INFO - Train time: 2196.7369542121887s
[2026-06-14 08:08:39,869][finetune_logger][INFO] - Train time: 2196.7369542121887s
2026-06-14 08:08:39 - finetune_logger - INFO - Train memory reserved: 42.00 MB
[2026-06-14 08:08:39,870][finetune_logger][INFO] - Train memory reserved: 42.00 MB
2026-06-14 08:08:39 - finetune_logger - INFO - Train memory allocated: 25.85 MB
[2026-06-14 08:08:39,870][finetune_logger][INFO] - Train memory allocated: 25.85 MB
2026-06-14 08:08:39 - finetune_logger - INFO - Current learning rate: 0.0005
[2026-06-14 08:08:39,870][finetune_logger][INFO] - Current learning rate: 0.0005
2026-06-14 08:12:21 - finetune_logger - INFO - Validation metrics: {'MAE': 1.5163304473842731, 'RMSE': 2.5398913957678193}
[2026-06-14 08:12:21,883][finetune_logger][INFO] - Validation metrics: {'MAE': 1.5163304473842731, 'RMSE': 2.5398913957678193}
2026-06-14 08:12:21 - finetune_logger - INFO - Val time: 222.01s
[2026-06-14 08:12:21,883][finetune_logger][INFO] - Val time: 222.01s
2026-06-14 08:12:21 - finetune_logger - INFO - Val memory reserved: 42.00 MB
[2026-06-14 08:12:21,883][finetune_logger][INFO] - Val memory reserved: 42.00 MB
2026-06-14 08:12:21 - finetune_logger - INFO - Val memory allocated: 25.85 MB
[2026-06-14 08:12:21,883][finetune_logger][INFO] - Val memory allocated: 25.85 MB
2026-06-14 08:12:21 - finetune_logger - INFO - Logged epoch 10 info to /public/home/202411094934/python_project/Spatio-Temporal-Library/time-series/2026-06-13/crossformer/pretrain10_finetune10/ettm1/time-series/seed_0/training_log.json
[2026-06-14 08:12:21,887][finetune_logger][INFO] - Logged epoch 10 info to /public/home/202411094934/python_project/Spatio-Temporal-Library/time-series/2026-06-13/crossformer/pretrain10_finetune10/ettm1/time-series/seed_0/training_log.json
2026-06-14 08:16:03 - finetune_logger - INFO - Test metrics: {'MAE': 1.3720849010397256, 'RMSE': 2.601455673428583}
[2026-06-14 08:16:03,673][finetune_logger][INFO] - Test metrics: {'MAE': 1.3720849010397256, 'RMSE': 2.601455673428583}
2026-06-14 08:16:03 - finetune_logger - INFO - Test time: 221.68s
[2026-06-14 08:16:03,673][finetune_logger][INFO] - Test time: 221.68s
2026-06-14 08:16:03 - finetune_logger - INFO - Test memory reserved: 42.00 MB
[2026-06-14 08:16:03,673][finetune_logger][INFO] - Test memory reserved: 42.00 MB
2026-06-14 08:16:03 - finetune_logger - INFO - Test memory allocated: 25.85 MB
[2026-06-14 08:16:03,673][finetune_logger][INFO] - Test memory allocated: 25.85 MB
2026-06-14 08:16:03 - finetune_logger - INFO - Training completed. Best epoch: 1, Best val loss: 1.422214
[2026-06-14 08:16:03,673][finetune_logger][INFO] - Training completed. Best epoch: 1, Best val loss: 1.422214
2026-06-14 08:16:03 - finetune_logger - INFO - Loaded checkpoint from epoch 1
[2026-06-14 08:16:03,819][finetune_logger][INFO] - Loaded checkpoint from epoch 1
2026-06-14 08:16:03 - finetune_logger - INFO - Evaluating best model on test sets...
[2026-06-14 08:16:03,820][finetune_logger][INFO] - Evaluating best model on test sets...
2026-06-14 08:19:44 - finetune_logger - INFO - Test metrics: {'MAE': 1.2638723369868092, 'RMSE': 2.3700153428609867}
[2026-06-14 08:19:44,827][finetune_logger][INFO] - Test metrics: {'MAE': 1.2638723369868092, 'RMSE': 2.3700153428609867}
2026-06-14 08:19:44 - finetune_logger - INFO - Test time: 221.01s
[2026-06-14 08:19:44,827][finetune_logger][INFO] - Test time: 221.01s
2026-06-14 08:19:44 - finetune_logger - INFO - Test memory reserved: 42.00 MB
[2026-06-14 08:19:44,827][finetune_logger][INFO] - Test memory reserved: 42.00 MB
2026-06-14 08:19:44 - finetune_logger - INFO - Test memory allocated: 26.04 MB
[2026-06-14 08:19:44,827][finetune_logger][INFO] - Test memory allocated: 26.04 MB
2026-06-14 08:19:44 - finetune_logger - INFO - Logged epoch test info to /public/home/202411094934/python_project/Spatio-Temporal-Library/time-series/2026-06-13/crossformer/pretrain10_finetune10/ettm1/time-series/seed_0/training_log.json
[2026-06-14 08:19:44,830][finetune_logger][INFO] - Logged epoch test info to /public/home/202411094934/python_project/Spatio-Temporal-Library/time-series/2026-06-13/crossformer/pretrain10_finetune10/ettm1/time-series/seed_0/training_log.json
