2026-06-19 19:26:00 - finetune_logger - INFO - Loaded pretrained checkpoint from: /public/home/202411094934/python_project/Spatio-Temporal-Library/time-series/2026-06-19/patchtst/pretrain10/ettm2/time-series/seed_0/jepa_pretrain_epoch_10.pth
Missing keys: []
Unexpected keys: []
[2026-06-19 19:26:00,269][finetune_logger][INFO] - Loaded pretrained checkpoint from: /public/home/202411094934/python_project/Spatio-Temporal-Library/time-series/2026-06-19/patchtst/pretrain10/ettm2/time-series/seed_0/jepa_pretrain_epoch_10.pth
Missing keys: []
Unexpected keys: []
2026-06-19 19:26:00 - finetune_logger - INFO - Model parameters: 651,842
[2026-06-19 19:26:00,272][finetune_logger][INFO] - Model parameters: 651,842
2026-06-19 19:26:00 - finetune_logger - INFO - Created new log file at /public/home/202411094934/python_project/Spatio-Temporal-Library/time-series/2026-06-19/patchtst/pretrain10_finetune10/ettm2/time-series/seed_0/training_log.json
[2026-06-19 19:26:00,275][finetune_logger][INFO] - Created new log file at /public/home/202411094934/python_project/Spatio-Temporal-Library/time-series/2026-06-19/patchtst/pretrain10_finetune10/ettm2/time-series/seed_0/training_log.json
2026-06-19 19:26:00 - finetune_logger - INFO - Starting training...
[2026-06-19 19:26:00,275][finetune_logger][INFO] - Starting training...
2026-06-19 19:26:00 - finetune_logger - INFO - Epoch 1/10
[2026-06-19 19:26:00,275][finetune_logger][INFO] - Epoch 1/10
2026-06-19 19:33:23 - finetune_logger - INFO - Train loss: 2.0140565050758448
[2026-06-19 19:33:23,651][finetune_logger][INFO] - Train loss: 2.0140565050758448
2026-06-19 19:33:23 - finetune_logger - INFO - Train time: 443.37581181526184s
[2026-06-19 19:33:23,651][finetune_logger][INFO] - Train time: 443.37581181526184s
2026-06-19 19:33:23 - finetune_logger - INFO - Train memory reserved: 34.00 MB
[2026-06-19 19:33:23,652][finetune_logger][INFO] - Train memory reserved: 34.00 MB
2026-06-19 19:33:23 - finetune_logger - INFO - Train memory allocated: 23.73 MB
[2026-06-19 19:33:23,652][finetune_logger][INFO] - Train memory allocated: 23.73 MB
2026-06-19 19:33:23 - finetune_logger - INFO - Current learning rate: 0.0005
[2026-06-19 19:33:23,652][finetune_logger][INFO] - Current learning rate: 0.0005
2026-06-19 19:34:29 - finetune_logger - INFO - Validation metrics: {'MAE': 2.057306725233874, 'RMSE': 2.994969472396234}
[2026-06-19 19:34:29,665][finetune_logger][INFO] - Validation metrics: {'MAE': 2.057306725233874, 'RMSE': 2.994969472396234}
2026-06-19 19:34:29 - finetune_logger - INFO - Val time: 66.01s
[2026-06-19 19:34:29,665][finetune_logger][INFO] - Val time: 66.01s
2026-06-19 19:34:29 - finetune_logger - INFO - Val memory reserved: 34.00 MB
[2026-06-19 19:34:29,665][finetune_logger][INFO] - Val memory reserved: 34.00 MB
2026-06-19 19:34:29 - finetune_logger - INFO - Val memory allocated: 23.73 MB
[2026-06-19 19:34:29,665][finetune_logger][INFO] - Val memory allocated: 23.73 MB
2026-06-19 19:34:29 - finetune_logger - INFO - Logged epoch 1 info to /public/home/202411094934/python_project/Spatio-Temporal-Library/time-series/2026-06-19/patchtst/pretrain10_finetune10/ettm2/time-series/seed_0/training_log.json
[2026-06-19 19:34:29,669][finetune_logger][INFO] - Logged epoch 1 info to /public/home/202411094934/python_project/Spatio-Temporal-Library/time-series/2026-06-19/patchtst/pretrain10_finetune10/ettm2/time-series/seed_0/training_log.json
2026-06-19 19:34:29 - finetune_logger - INFO - New best model! Val loss: 2.057307
[2026-06-19 19:34:29,669][finetune_logger][INFO] - New best model! Val loss: 2.057307
2026-06-19 19:35:35 - finetune_logger - INFO - Test metrics: {'MAE': 2.2793341148550494, 'RMSE': 3.4653298069940837}
[2026-06-19 19:35:35,827][finetune_logger][INFO] - Test metrics: {'MAE': 2.2793341148550494, 'RMSE': 3.4653298069940837}
2026-06-19 19:35:35 - finetune_logger - INFO - Test time: 66.11s
[2026-06-19 19:35:35,827][finetune_logger][INFO] - Test time: 66.11s
2026-06-19 19:35:35 - finetune_logger - INFO - Test memory reserved: 34.00 MB
[2026-06-19 19:35:35,827][finetune_logger][INFO] - Test memory reserved: 34.00 MB
2026-06-19 19:35:35 - finetune_logger - INFO - Test memory allocated: 23.73 MB
[2026-06-19 19:35:35,827][finetune_logger][INFO] - Test memory allocated: 23.73 MB
2026-06-19 19:35:35 - finetune_logger - INFO - Epoch 2/10
[2026-06-19 19:35:35,827][finetune_logger][INFO] - Epoch 2/10
2026-06-19 19:43:00 - finetune_logger - INFO - Train loss: 1.8855802267950574
[2026-06-19 19:43:00,318][finetune_logger][INFO] - Train loss: 1.8855802267950574
2026-06-19 19:43:00 - finetune_logger - INFO - Train time: 444.4904942512512s
[2026-06-19 19:43:00,319][finetune_logger][INFO] - Train time: 444.4904942512512s
2026-06-19 19:43:00 - finetune_logger - INFO - Train memory reserved: 34.00 MB
[2026-06-19 19:43:00,319][finetune_logger][INFO] - Train memory reserved: 34.00 MB
2026-06-19 19:43:00 - finetune_logger - INFO - Train memory allocated: 23.73 MB
[2026-06-19 19:43:00,319][finetune_logger][INFO] - Train memory allocated: 23.73 MB
2026-06-19 19:43:00 - finetune_logger - INFO - Current learning rate: 0.0005
[2026-06-19 19:43:00,319][finetune_logger][INFO] - Current learning rate: 0.0005
2026-06-19 19:44:06 - finetune_logger - INFO - Validation metrics: {'MAE': 2.0889745647940265, 'RMSE': 3.035250768045609}
[2026-06-19 19:44:06,377][finetune_logger][INFO] - Validation metrics: {'MAE': 2.0889745647940265, 'RMSE': 3.035250768045609}
2026-06-19 19:44:06 - finetune_logger - INFO - Val time: 66.06s
[2026-06-19 19:44:06,377][finetune_logger][INFO] - Val time: 66.06s
2026-06-19 19:44:06 - finetune_logger - INFO - Val memory reserved: 34.00 MB
[2026-06-19 19:44:06,377][finetune_logger][INFO] - Val memory reserved: 34.00 MB
2026-06-19 19:44:06 - finetune_logger - INFO - Val memory allocated: 23.73 MB
[2026-06-19 19:44:06,378][finetune_logger][INFO] - Val memory allocated: 23.73 MB
2026-06-19 19:44:06 - finetune_logger - INFO - Logged epoch 2 info to /public/home/202411094934/python_project/Spatio-Temporal-Library/time-series/2026-06-19/patchtst/pretrain10_finetune10/ettm2/time-series/seed_0/training_log.json
[2026-06-19 19:44:06,381][finetune_logger][INFO] - Logged epoch 2 info to /public/home/202411094934/python_project/Spatio-Temporal-Library/time-series/2026-06-19/patchtst/pretrain10_finetune10/ettm2/time-series/seed_0/training_log.json
2026-06-19 19:45:12 - finetune_logger - INFO - Test metrics: {'MAE': 2.295034560266205, 'RMSE': 3.503327358673799}
[2026-06-19 19:45:12,441][finetune_logger][INFO] - Test metrics: {'MAE': 2.295034560266205, 'RMSE': 3.503327358673799}
2026-06-19 19:45:12 - finetune_logger - INFO - Test time: 66.06s
[2026-06-19 19:45:12,441][finetune_logger][INFO] - Test time: 66.06s
2026-06-19 19:45:12 - finetune_logger - INFO - Test memory reserved: 34.00 MB
[2026-06-19 19:45:12,441][finetune_logger][INFO] - Test memory reserved: 34.00 MB
2026-06-19 19:45:12 - finetune_logger - INFO - Test memory allocated: 23.73 MB
[2026-06-19 19:45:12,441][finetune_logger][INFO] - Test memory allocated: 23.73 MB
2026-06-19 19:45:12 - finetune_logger - INFO - Epoch 3/10
[2026-06-19 19:45:12,441][finetune_logger][INFO] - Epoch 3/10
2026-06-19 19:52:37 - finetune_logger - INFO - Train loss: 1.8304682059288433
[2026-06-19 19:52:37,266][finetune_logger][INFO] - Train loss: 1.8304682059288433
2026-06-19 19:52:37 - finetune_logger - INFO - Train time: 444.8238718509674s
[2026-06-19 19:52:37,266][finetune_logger][INFO] - Train time: 444.8238718509674s
2026-06-19 19:52:37 - finetune_logger - INFO - Train memory reserved: 34.00 MB
[2026-06-19 19:52:37,266][finetune_logger][INFO] - Train memory reserved: 34.00 MB
2026-06-19 19:52:37 - finetune_logger - INFO - Train memory allocated: 23.73 MB
[2026-06-19 19:52:37,266][finetune_logger][INFO] - Train memory allocated: 23.73 MB
2026-06-19 19:52:37 - finetune_logger - INFO - Current learning rate: 0.0005
[2026-06-19 19:52:37,266][finetune_logger][INFO] - Current learning rate: 0.0005
2026-06-19 19:53:43 - finetune_logger - INFO - Validation metrics: {'MAE': 2.0748004631894577, 'RMSE': 3.0076409475146275}
[2026-06-19 19:53:43,388][finetune_logger][INFO] - Validation metrics: {'MAE': 2.0748004631894577, 'RMSE': 3.0076409475146275}
2026-06-19 19:53:43 - finetune_logger - INFO - Val time: 66.12s
[2026-06-19 19:53:43,388][finetune_logger][INFO] - Val time: 66.12s
2026-06-19 19:53:43 - finetune_logger - INFO - Val memory reserved: 34.00 MB
[2026-06-19 19:53:43,388][finetune_logger][INFO] - Val memory reserved: 34.00 MB
2026-06-19 19:53:43 - finetune_logger - INFO - Val memory allocated: 23.73 MB
[2026-06-19 19:53:43,388][finetune_logger][INFO] - Val memory allocated: 23.73 MB
2026-06-19 19:53:43 - finetune_logger - INFO - Logged epoch 3 info to /public/home/202411094934/python_project/Spatio-Temporal-Library/time-series/2026-06-19/patchtst/pretrain10_finetune10/ettm2/time-series/seed_0/training_log.json
[2026-06-19 19:53:43,391][finetune_logger][INFO] - Logged epoch 3 info to /public/home/202411094934/python_project/Spatio-Temporal-Library/time-series/2026-06-19/patchtst/pretrain10_finetune10/ettm2/time-series/seed_0/training_log.json
2026-06-19 19:54:49 - finetune_logger - INFO - Test metrics: {'MAE': 2.2679783701738048, 'RMSE': 3.450587653002638}
[2026-06-19 19:54:49,456][finetune_logger][INFO] - Test metrics: {'MAE': 2.2679783701738048, 'RMSE': 3.450587653002638}
2026-06-19 19:54:49 - finetune_logger - INFO - Test time: 66.06s
[2026-06-19 19:54:49,456][finetune_logger][INFO] - Test time: 66.06s
2026-06-19 19:54:49 - finetune_logger - INFO - Test memory reserved: 34.00 MB
[2026-06-19 19:54:49,456][finetune_logger][INFO] - Test memory reserved: 34.00 MB
2026-06-19 19:54:49 - finetune_logger - INFO - Test memory allocated: 23.73 MB
[2026-06-19 19:54:49,456][finetune_logger][INFO] - Test memory allocated: 23.73 MB
2026-06-19 19:54:49 - finetune_logger - INFO - Epoch 4/10
[2026-06-19 19:54:49,457][finetune_logger][INFO] - Epoch 4/10
2026-06-19 20:02:13 - finetune_logger - INFO - Train loss: 1.7913689415659175
[2026-06-19 20:02:13,678][finetune_logger][INFO] - Train loss: 1.7913689415659175
2026-06-19 20:02:13 - finetune_logger - INFO - Train time: 444.221396446228s
[2026-06-19 20:02:13,679][finetune_logger][INFO] - Train time: 444.221396446228s
2026-06-19 20:02:13 - finetune_logger - INFO - Train memory reserved: 34.00 MB
[2026-06-19 20:02:13,679][finetune_logger][INFO] - Train memory reserved: 34.00 MB
2026-06-19 20:02:13 - finetune_logger - INFO - Train memory allocated: 23.73 MB
[2026-06-19 20:02:13,679][finetune_logger][INFO] - Train memory allocated: 23.73 MB
2026-06-19 20:02:13 - finetune_logger - INFO - Current learning rate: 0.0005
[2026-06-19 20:02:13,679][finetune_logger][INFO] - Current learning rate: 0.0005
2026-06-19 20:03:19 - finetune_logger - INFO - Validation metrics: {'MAE': 2.1147980144750695, 'RMSE': 3.0779466694003492}
[2026-06-19 20:03:19,923][finetune_logger][INFO] - Validation metrics: {'MAE': 2.1147980144750695, 'RMSE': 3.0779466694003492}
2026-06-19 20:03:19 - finetune_logger - INFO - Val time: 66.24s
[2026-06-19 20:03:19,924][finetune_logger][INFO] - Val time: 66.24s
2026-06-19 20:03:19 - finetune_logger - INFO - Val memory reserved: 34.00 MB
[2026-06-19 20:03:19,924][finetune_logger][INFO] - Val memory reserved: 34.00 MB
2026-06-19 20:03:19 - finetune_logger - INFO - Val memory allocated: 23.73 MB
[2026-06-19 20:03:19,924][finetune_logger][INFO] - Val memory allocated: 23.73 MB
2026-06-19 20:03:19 - finetune_logger - INFO - Logged epoch 4 info to /public/home/202411094934/python_project/Spatio-Temporal-Library/time-series/2026-06-19/patchtst/pretrain10_finetune10/ettm2/time-series/seed_0/training_log.json
[2026-06-19 20:03:19,927][finetune_logger][INFO] - Logged epoch 4 info to /public/home/202411094934/python_project/Spatio-Temporal-Library/time-series/2026-06-19/patchtst/pretrain10_finetune10/ettm2/time-series/seed_0/training_log.json
2026-06-19 20:04:26 - finetune_logger - INFO - Test metrics: {'MAE': 2.3430057412933394, 'RMSE': 3.5820868491808997}
[2026-06-19 20:04:26,139][finetune_logger][INFO] - Test metrics: {'MAE': 2.3430057412933394, 'RMSE': 3.5820868491808997}
2026-06-19 20:04:26 - finetune_logger - INFO - Test time: 66.21s
[2026-06-19 20:04:26,140][finetune_logger][INFO] - Test time: 66.21s
2026-06-19 20:04:26 - finetune_logger - INFO - Test memory reserved: 34.00 MB
[2026-06-19 20:04:26,140][finetune_logger][INFO] - Test memory reserved: 34.00 MB
2026-06-19 20:04:26 - finetune_logger - INFO - Test memory allocated: 23.73 MB
[2026-06-19 20:04:26,140][finetune_logger][INFO] - Test memory allocated: 23.73 MB
2026-06-19 20:04:26 - finetune_logger - INFO - Epoch 5/10
[2026-06-19 20:04:26,140][finetune_logger][INFO] - Epoch 5/10
2026-06-19 20:11:50 - finetune_logger - INFO - Train loss: 1.755199507229367
[2026-06-19 20:11:50,885][finetune_logger][INFO] - Train loss: 1.755199507229367
2026-06-19 20:11:50 - finetune_logger - INFO - Train time: 444.7441120147705s
[2026-06-19 20:11:50,885][finetune_logger][INFO] - Train time: 444.7441120147705s
2026-06-19 20:11:50 - finetune_logger - INFO - Train memory reserved: 34.00 MB
[2026-06-19 20:11:50,885][finetune_logger][INFO] - Train memory reserved: 34.00 MB
2026-06-19 20:11:50 - finetune_logger - INFO - Train memory allocated: 23.73 MB
[2026-06-19 20:11:50,885][finetune_logger][INFO] - Train memory allocated: 23.73 MB
2026-06-19 20:11:50 - finetune_logger - INFO - Current learning rate: 0.0005
[2026-06-19 20:11:50,885][finetune_logger][INFO] - Current learning rate: 0.0005
2026-06-19 20:12:56 - finetune_logger - INFO - Validation metrics: {'MAE': 2.1086369924210793, 'RMSE': 3.0745435460641497}
[2026-06-19 20:12:56,915][finetune_logger][INFO] - Validation metrics: {'MAE': 2.1086369924210793, 'RMSE': 3.0745435460641497}
2026-06-19 20:12:56 - finetune_logger - INFO - Val time: 66.03s
[2026-06-19 20:12:56,916][finetune_logger][INFO] - Val time: 66.03s
2026-06-19 20:12:56 - finetune_logger - INFO - Val memory reserved: 34.00 MB
[2026-06-19 20:12:56,916][finetune_logger][INFO] - Val memory reserved: 34.00 MB
2026-06-19 20:12:56 - finetune_logger - INFO - Val memory allocated: 23.73 MB
[2026-06-19 20:12:56,916][finetune_logger][INFO] - Val memory allocated: 23.73 MB
2026-06-19 20:12:56 - finetune_logger - INFO - Logged epoch 5 info to /public/home/202411094934/python_project/Spatio-Temporal-Library/time-series/2026-06-19/patchtst/pretrain10_finetune10/ettm2/time-series/seed_0/training_log.json
[2026-06-19 20:12:56,919][finetune_logger][INFO] - Logged epoch 5 info to /public/home/202411094934/python_project/Spatio-Temporal-Library/time-series/2026-06-19/patchtst/pretrain10_finetune10/ettm2/time-series/seed_0/training_log.json
2026-06-19 20:14:03 - finetune_logger - INFO - Test metrics: {'MAE': 2.371488006597494, 'RMSE': 3.6118435582001394}
[2026-06-19 20:14:03,010][finetune_logger][INFO] - Test metrics: {'MAE': 2.371488006597494, 'RMSE': 3.6118435582001394}
2026-06-19 20:14:03 - finetune_logger - INFO - Test time: 66.09s
[2026-06-19 20:14:03,010][finetune_logger][INFO] - Test time: 66.09s
2026-06-19 20:14:03 - finetune_logger - INFO - Test memory reserved: 34.00 MB
[2026-06-19 20:14:03,010][finetune_logger][INFO] - Test memory reserved: 34.00 MB
2026-06-19 20:14:03 - finetune_logger - INFO - Test memory allocated: 23.73 MB
[2026-06-19 20:14:03,010][finetune_logger][INFO] - Test memory allocated: 23.73 MB
2026-06-19 20:14:03 - finetune_logger - INFO - Epoch 6/10
[2026-06-19 20:14:03,011][finetune_logger][INFO] - Epoch 6/10
2026-06-19 20:21:27 - finetune_logger - INFO - Train loss: 1.7260682097990758
[2026-06-19 20:21:27,596][finetune_logger][INFO] - Train loss: 1.7260682097990758
2026-06-19 20:21:27 - finetune_logger - INFO - Train time: 444.5847043991089s
[2026-06-19 20:21:27,596][finetune_logger][INFO] - Train time: 444.5847043991089s
2026-06-19 20:21:27 - finetune_logger - INFO - Train memory reserved: 34.00 MB
[2026-06-19 20:21:27,596][finetune_logger][INFO] - Train memory reserved: 34.00 MB
2026-06-19 20:21:27 - finetune_logger - INFO - Train memory allocated: 23.73 MB
[2026-06-19 20:21:27,596][finetune_logger][INFO] - Train memory allocated: 23.73 MB
2026-06-19 20:21:27 - finetune_logger - INFO - Current learning rate: 0.0005
[2026-06-19 20:21:27,596][finetune_logger][INFO] - Current learning rate: 0.0005
2026-06-19 20:22:33 - finetune_logger - INFO - Validation metrics: {'MAE': 2.1334363686207607, 'RMSE': 3.1245107664302085}
[2026-06-19 20:22:33,687][finetune_logger][INFO] - Validation metrics: {'MAE': 2.1334363686207607, 'RMSE': 3.1245107664302085}
2026-06-19 20:22:33 - finetune_logger - INFO - Val time: 66.09s
[2026-06-19 20:22:33,687][finetune_logger][INFO] - Val time: 66.09s
2026-06-19 20:22:33 - finetune_logger - INFO - Val memory reserved: 34.00 MB
[2026-06-19 20:22:33,687][finetune_logger][INFO] - Val memory reserved: 34.00 MB
2026-06-19 20:22:33 - finetune_logger - INFO - Val memory allocated: 23.73 MB
[2026-06-19 20:22:33,687][finetune_logger][INFO] - Val memory allocated: 23.73 MB
2026-06-19 20:22:33 - finetune_logger - INFO - Logged epoch 6 info to /public/home/202411094934/python_project/Spatio-Temporal-Library/time-series/2026-06-19/patchtst/pretrain10_finetune10/ettm2/time-series/seed_0/training_log.json
[2026-06-19 20:22:33,691][finetune_logger][INFO] - Logged epoch 6 info to /public/home/202411094934/python_project/Spatio-Temporal-Library/time-series/2026-06-19/patchtst/pretrain10_finetune10/ettm2/time-series/seed_0/training_log.json
2026-06-19 20:23:39 - finetune_logger - INFO - Test metrics: {'MAE': 2.439254694740555, 'RMSE': 3.7450172696492485}
[2026-06-19 20:23:39,899][finetune_logger][INFO] - Test metrics: {'MAE': 2.439254694740555, 'RMSE': 3.7450172696492485}
2026-06-19 20:23:39 - finetune_logger - INFO - Test time: 66.21s
[2026-06-19 20:23:39,900][finetune_logger][INFO] - Test time: 66.21s
2026-06-19 20:23:39 - finetune_logger - INFO - Test memory reserved: 34.00 MB
[2026-06-19 20:23:39,900][finetune_logger][INFO] - Test memory reserved: 34.00 MB
2026-06-19 20:23:39 - finetune_logger - INFO - Test memory allocated: 23.73 MB
[2026-06-19 20:23:39,900][finetune_logger][INFO] - Test memory allocated: 23.73 MB
2026-06-19 20:23:39 - finetune_logger - INFO - Epoch 7/10
[2026-06-19 20:23:39,900][finetune_logger][INFO] - Epoch 7/10
2026-06-19 20:31:04 - finetune_logger - INFO - Train loss: 1.6979405106199945
[2026-06-19 20:31:04,541][finetune_logger][INFO] - Train loss: 1.6979405106199945
2026-06-19 20:31:04 - finetune_logger - INFO - Train time: 444.6400921344757s
[2026-06-19 20:31:04,541][finetune_logger][INFO] - Train time: 444.6400921344757s
2026-06-19 20:31:04 - finetune_logger - INFO - Train memory reserved: 34.00 MB
[2026-06-19 20:31:04,541][finetune_logger][INFO] - Train memory reserved: 34.00 MB
2026-06-19 20:31:04 - finetune_logger - INFO - Train memory allocated: 23.73 MB
[2026-06-19 20:31:04,541][finetune_logger][INFO] - Train memory allocated: 23.73 MB
2026-06-19 20:31:04 - finetune_logger - INFO - Current learning rate: 0.0005
[2026-06-19 20:31:04,541][finetune_logger][INFO] - Current learning rate: 0.0005
2026-06-19 20:32:10 - finetune_logger - INFO - Validation metrics: {'MAE': 2.13104217765176, 'RMSE': 3.1052123723112626}
[2026-06-19 20:32:10,620][finetune_logger][INFO] - Validation metrics: {'MAE': 2.13104217765176, 'RMSE': 3.1052123723112626}
2026-06-19 20:32:10 - finetune_logger - INFO - Val time: 66.08s
[2026-06-19 20:32:10,620][finetune_logger][INFO] - Val time: 66.08s
2026-06-19 20:32:10 - finetune_logger - INFO - Val memory reserved: 34.00 MB
[2026-06-19 20:32:10,621][finetune_logger][INFO] - Val memory reserved: 34.00 MB
2026-06-19 20:32:10 - finetune_logger - INFO - Val memory allocated: 23.73 MB
[2026-06-19 20:32:10,621][finetune_logger][INFO] - Val memory allocated: 23.73 MB
2026-06-19 20:32:10 - finetune_logger - INFO - Logged epoch 7 info to /public/home/202411094934/python_project/Spatio-Temporal-Library/time-series/2026-06-19/patchtst/pretrain10_finetune10/ettm2/time-series/seed_0/training_log.json
[2026-06-19 20:32:10,624][finetune_logger][INFO] - Logged epoch 7 info to /public/home/202411094934/python_project/Spatio-Temporal-Library/time-series/2026-06-19/patchtst/pretrain10_finetune10/ettm2/time-series/seed_0/training_log.json
2026-06-19 20:33:16 - finetune_logger - INFO - Test metrics: {'MAE': 2.3912668890546684, 'RMSE': 3.6596215173079543}
[2026-06-19 20:33:16,717][finetune_logger][INFO] - Test metrics: {'MAE': 2.3912668890546684, 'RMSE': 3.6596215173079543}
2026-06-19 20:33:16 - finetune_logger - INFO - Test time: 66.09s
[2026-06-19 20:33:16,718][finetune_logger][INFO] - Test time: 66.09s
2026-06-19 20:33:16 - finetune_logger - INFO - Test memory reserved: 34.00 MB
[2026-06-19 20:33:16,718][finetune_logger][INFO] - Test memory reserved: 34.00 MB
2026-06-19 20:33:16 - finetune_logger - INFO - Test memory allocated: 23.73 MB
[2026-06-19 20:33:16,718][finetune_logger][INFO] - Test memory allocated: 23.73 MB
2026-06-19 20:33:16 - finetune_logger - INFO - Epoch 8/10
[2026-06-19 20:33:16,718][finetune_logger][INFO] - Epoch 8/10
2026-06-19 20:40:41 - finetune_logger - INFO - Train loss: 1.6737587216070307
[2026-06-19 20:40:41,934][finetune_logger][INFO] - Train loss: 1.6737587216070307
2026-06-19 20:40:41 - finetune_logger - INFO - Train time: 445.2159378528595s
[2026-06-19 20:40:41,935][finetune_logger][INFO] - Train time: 445.2159378528595s
2026-06-19 20:40:41 - finetune_logger - INFO - Train memory reserved: 34.00 MB
[2026-06-19 20:40:41,935][finetune_logger][INFO] - Train memory reserved: 34.00 MB
2026-06-19 20:40:41 - finetune_logger - INFO - Train memory allocated: 23.73 MB
[2026-06-19 20:40:41,935][finetune_logger][INFO] - Train memory allocated: 23.73 MB
2026-06-19 20:40:41 - finetune_logger - INFO - Current learning rate: 0.0005
[2026-06-19 20:40:41,935][finetune_logger][INFO] - Current learning rate: 0.0005
2026-06-19 20:41:48 - finetune_logger - INFO - Validation metrics: {'MAE': 2.1639499526631316, 'RMSE': 3.1776377807656226}
[2026-06-19 20:41:48,097][finetune_logger][INFO] - Validation metrics: {'MAE': 2.1639499526631316, 'RMSE': 3.1776377807656226}
2026-06-19 20:41:48 - finetune_logger - INFO - Val time: 66.16s
[2026-06-19 20:41:48,097][finetune_logger][INFO] - Val time: 66.16s
2026-06-19 20:41:48 - finetune_logger - INFO - Val memory reserved: 34.00 MB
[2026-06-19 20:41:48,097][finetune_logger][INFO] - Val memory reserved: 34.00 MB
2026-06-19 20:41:48 - finetune_logger - INFO - Val memory allocated: 23.73 MB
[2026-06-19 20:41:48,097][finetune_logger][INFO] - Val memory allocated: 23.73 MB
2026-06-19 20:41:48 - finetune_logger - INFO - Logged epoch 8 info to /public/home/202411094934/python_project/Spatio-Temporal-Library/time-series/2026-06-19/patchtst/pretrain10_finetune10/ettm2/time-series/seed_0/training_log.json
[2026-06-19 20:41:48,101][finetune_logger][INFO] - Logged epoch 8 info to /public/home/202411094934/python_project/Spatio-Temporal-Library/time-series/2026-06-19/patchtst/pretrain10_finetune10/ettm2/time-series/seed_0/training_log.json
2026-06-19 20:42:54 - finetune_logger - INFO - Test metrics: {'MAE': 2.510847594300969, 'RMSE': 3.8680504819842136}
[2026-06-19 20:42:54,249][finetune_logger][INFO] - Test metrics: {'MAE': 2.510847594300969, 'RMSE': 3.8680504819842136}
2026-06-19 20:42:54 - finetune_logger - INFO - Test time: 66.15s
[2026-06-19 20:42:54,249][finetune_logger][INFO] - Test time: 66.15s
2026-06-19 20:42:54 - finetune_logger - INFO - Test memory reserved: 34.00 MB
[2026-06-19 20:42:54,249][finetune_logger][INFO] - Test memory reserved: 34.00 MB
2026-06-19 20:42:54 - finetune_logger - INFO - Test memory allocated: 23.73 MB
[2026-06-19 20:42:54,249][finetune_logger][INFO] - Test memory allocated: 23.73 MB
2026-06-19 20:42:54 - finetune_logger - INFO - Epoch 9/10
[2026-06-19 20:42:54,250][finetune_logger][INFO] - Epoch 9/10
2026-06-19 20:50:19 - finetune_logger - INFO - Train loss: 1.6476295589314651
[2026-06-19 20:50:19,251][finetune_logger][INFO] - Train loss: 1.6476295589314651
2026-06-19 20:50:19 - finetune_logger - INFO - Train time: 445.00066900253296s
[2026-06-19 20:50:19,251][finetune_logger][INFO] - Train time: 445.00066900253296s
2026-06-19 20:50:19 - finetune_logger - INFO - Train memory reserved: 34.00 MB
[2026-06-19 20:50:19,251][finetune_logger][INFO] - Train memory reserved: 34.00 MB
2026-06-19 20:50:19 - finetune_logger - INFO - Train memory allocated: 23.73 MB
[2026-06-19 20:50:19,251][finetune_logger][INFO] - Train memory allocated: 23.73 MB
2026-06-19 20:50:19 - finetune_logger - INFO - Current learning rate: 0.0005
[2026-06-19 20:50:19,251][finetune_logger][INFO] - Current learning rate: 0.0005
2026-06-19 20:51:25 - finetune_logger - INFO - Validation metrics: {'MAE': 2.1672848082890384, 'RMSE': 3.183541888498594}
[2026-06-19 20:51:25,532][finetune_logger][INFO] - Validation metrics: {'MAE': 2.1672848082890384, 'RMSE': 3.183541888498594}
2026-06-19 20:51:25 - finetune_logger - INFO - Val time: 66.28s
[2026-06-19 20:51:25,532][finetune_logger][INFO] - Val time: 66.28s
2026-06-19 20:51:25 - finetune_logger - INFO - Val memory reserved: 34.00 MB
[2026-06-19 20:51:25,533][finetune_logger][INFO] - Val memory reserved: 34.00 MB
2026-06-19 20:51:25 - finetune_logger - INFO - Val memory allocated: 23.73 MB
[2026-06-19 20:51:25,533][finetune_logger][INFO] - Val memory allocated: 23.73 MB
2026-06-19 20:51:25 - finetune_logger - INFO - Logged epoch 9 info to /public/home/202411094934/python_project/Spatio-Temporal-Library/time-series/2026-06-19/patchtst/pretrain10_finetune10/ettm2/time-series/seed_0/training_log.json
[2026-06-19 20:51:25,536][finetune_logger][INFO] - Logged epoch 9 info to /public/home/202411094934/python_project/Spatio-Temporal-Library/time-series/2026-06-19/patchtst/pretrain10_finetune10/ettm2/time-series/seed_0/training_log.json
2026-06-19 20:52:31 - finetune_logger - INFO - Test metrics: {'MAE': 2.501910899212432, 'RMSE': 3.84430207115145}
[2026-06-19 20:52:31,499][finetune_logger][INFO] - Test metrics: {'MAE': 2.501910899212432, 'RMSE': 3.84430207115145}
2026-06-19 20:52:31 - finetune_logger - INFO - Test time: 65.96s
[2026-06-19 20:52:31,499][finetune_logger][INFO] - Test time: 65.96s
2026-06-19 20:52:31 - finetune_logger - INFO - Test memory reserved: 34.00 MB
[2026-06-19 20:52:31,499][finetune_logger][INFO] - Test memory reserved: 34.00 MB
2026-06-19 20:52:31 - finetune_logger - INFO - Test memory allocated: 23.73 MB
[2026-06-19 20:52:31,499][finetune_logger][INFO] - Test memory allocated: 23.73 MB
2026-06-19 20:52:31 - finetune_logger - INFO - Epoch 10/10
[2026-06-19 20:52:31,499][finetune_logger][INFO] - Epoch 10/10
2026-06-19 20:59:55 - finetune_logger - INFO - Train loss: 1.6282221559627823
[2026-06-19 20:59:55,738][finetune_logger][INFO] - Train loss: 1.6282221559627823
2026-06-19 20:59:55 - finetune_logger - INFO - Train time: 444.2379775047302s
[2026-06-19 20:59:55,738][finetune_logger][INFO] - Train time: 444.2379775047302s
2026-06-19 20:59:55 - finetune_logger - INFO - Train memory reserved: 34.00 MB
[2026-06-19 20:59:55,738][finetune_logger][INFO] - Train memory reserved: 34.00 MB
2026-06-19 20:59:55 - finetune_logger - INFO - Train memory allocated: 23.73 MB
[2026-06-19 20:59:55,738][finetune_logger][INFO] - Train memory allocated: 23.73 MB
2026-06-19 20:59:55 - finetune_logger - INFO - Current learning rate: 0.0005
[2026-06-19 20:59:55,739][finetune_logger][INFO] - Current learning rate: 0.0005
2026-06-19 21:01:01 - finetune_logger - INFO - Validation metrics: {'MAE': 2.1761443607287383, 'RMSE': 3.1936841736779416}
[2026-06-19 21:01:01,981][finetune_logger][INFO] - Validation metrics: {'MAE': 2.1761443607287383, 'RMSE': 3.1936841736779416}
2026-06-19 21:01:01 - finetune_logger - INFO - Val time: 66.24s
[2026-06-19 21:01:01,981][finetune_logger][INFO] - Val time: 66.24s
2026-06-19 21:01:01 - finetune_logger - INFO - Val memory reserved: 34.00 MB
[2026-06-19 21:01:01,981][finetune_logger][INFO] - Val memory reserved: 34.00 MB
2026-06-19 21:01:01 - finetune_logger - INFO - Val memory allocated: 23.73 MB
[2026-06-19 21:01:01,982][finetune_logger][INFO] - Val memory allocated: 23.73 MB
2026-06-19 21:01:01 - finetune_logger - INFO - Logged epoch 10 info to /public/home/202411094934/python_project/Spatio-Temporal-Library/time-series/2026-06-19/patchtst/pretrain10_finetune10/ettm2/time-series/seed_0/training_log.json
[2026-06-19 21:01:01,985][finetune_logger][INFO] - Logged epoch 10 info to /public/home/202411094934/python_project/Spatio-Temporal-Library/time-series/2026-06-19/patchtst/pretrain10_finetune10/ettm2/time-series/seed_0/training_log.json
2026-06-19 21:02:08 - finetune_logger - INFO - Test metrics: {'MAE': 2.501780127500139, 'RMSE': 3.854120243246468}
[2026-06-19 21:02:08,155][finetune_logger][INFO] - Test metrics: {'MAE': 2.501780127500139, 'RMSE': 3.854120243246468}
2026-06-19 21:02:08 - finetune_logger - INFO - Test time: 66.15s
[2026-06-19 21:02:08,156][finetune_logger][INFO] - Test time: 66.15s
2026-06-19 21:02:08 - finetune_logger - INFO - Test memory reserved: 34.00 MB
[2026-06-19 21:02:08,156][finetune_logger][INFO] - Test memory reserved: 34.00 MB
2026-06-19 21:02:08 - finetune_logger - INFO - Test memory allocated: 23.73 MB
[2026-06-19 21:02:08,156][finetune_logger][INFO] - Test memory allocated: 23.73 MB
2026-06-19 21:02:08 - finetune_logger - INFO - Training completed. Best epoch: 1, Best val loss: 2.057307
[2026-06-19 21:02:08,156][finetune_logger][INFO] - Training completed. Best epoch: 1, Best val loss: 2.057307
2026-06-19 21:02:08 - finetune_logger - INFO - Loaded checkpoint from epoch 1
[2026-06-19 21:02:08,192][finetune_logger][INFO] - Loaded checkpoint from epoch 1
2026-06-19 21:02:08 - finetune_logger - INFO - Evaluating best model on test sets...
[2026-06-19 21:02:08,193][finetune_logger][INFO] - Evaluating best model on test sets...
2026-06-19 21:03:14 - finetune_logger - INFO - Test metrics: {'MAE': 2.2793341148550494, 'RMSE': 3.4653298069940837}
[2026-06-19 21:03:14,128][finetune_logger][INFO] - Test metrics: {'MAE': 2.2793341148550494, 'RMSE': 3.4653298069940837}
2026-06-19 21:03:14 - finetune_logger - INFO - Test time: 65.94s
[2026-06-19 21:03:14,129][finetune_logger][INFO] - Test time: 65.94s
2026-06-19 21:03:14 - finetune_logger - INFO - Test memory reserved: 36.00 MB
[2026-06-19 21:03:14,129][finetune_logger][INFO] - Test memory reserved: 36.00 MB
2026-06-19 21:03:14 - finetune_logger - INFO - Test memory allocated: 23.76 MB
[2026-06-19 21:03:14,129][finetune_logger][INFO] - Test memory allocated: 23.76 MB
2026-06-19 21:03:14 - finetune_logger - INFO - Logged epoch test info to /public/home/202411094934/python_project/Spatio-Temporal-Library/time-series/2026-06-19/patchtst/pretrain10_finetune10/ettm2/time-series/seed_0/training_log.json
[2026-06-19 21:03:14,132][finetune_logger][INFO] - Logged epoch test info to /public/home/202411094934/python_project/Spatio-Temporal-Library/time-series/2026-06-19/patchtst/pretrain10_finetune10/ettm2/time-series/seed_0/training_log.json
