2026-06-16 01:14:43 - pretrain_logger - INFO - Model parameters: 158,912
[2026-06-16 01:14:43,780][pretrain_logger][INFO] - Model parameters: 158,912
2026-06-16 01:14:43 - pretrain_logger - INFO - Created new log file at /public/home/202411094934/python_project/Spatio-Temporal-Library/time-series/2026-06-16/itransformer/pretrain10/electricity/time-series/seed_1/training_log.json
[2026-06-16 01:14:43,858][pretrain_logger][INFO] - Created new log file at /public/home/202411094934/python_project/Spatio-Temporal-Library/time-series/2026-06-16/itransformer/pretrain10/electricity/time-series/seed_1/training_log.json
2026-06-16 01:14:43 - pretrain_logger - INFO - Starting JEPA pretraining...
[2026-06-16 01:14:43,858][pretrain_logger][INFO] - Starting JEPA pretraining...
2026-06-16 01:21:28 - pretrain_logger - INFO - [JEPA Pretrain] Epoch 1/10, loss=3.939569, time=404.97s
[2026-06-16 01:21:28,828][pretrain_logger][INFO] - [JEPA Pretrain] Epoch 1/10, loss=3.939569, time=404.97s
2026-06-16 01:21:28 - pretrain_logger - INFO - Pretrain loss: 3.939569448042042
[2026-06-16 01:21:28,829][pretrain_logger][INFO] - Pretrain loss: 3.939569448042042
2026-06-16 01:21:28 - pretrain_logger - INFO - Pretrain time: 404.9701633453369s
[2026-06-16 01:21:28,829][pretrain_logger][INFO] - Pretrain time: 404.9701633453369s
2026-06-16 01:21:28 - pretrain_logger - INFO - Pretrain memory reserved: 124.00 MB
[2026-06-16 01:21:28,829][pretrain_logger][INFO] - Pretrain memory reserved: 124.00 MB
2026-06-16 01:21:28 - pretrain_logger - INFO - Pretrain memory allocated: 18.04 MB
[2026-06-16 01:21:28,830][pretrain_logger][INFO] - Pretrain memory allocated: 18.04 MB
2026-06-16 01:21:28 - pretrain_logger - INFO - Current learning rate: 0.0005
[2026-06-16 01:21:28,830][pretrain_logger][INFO] - Current learning rate: 0.0005
2026-06-16 01:21:28 - pretrain_logger - INFO - Logged epoch Pretrain 1 info to /public/home/202411094934/python_project/Spatio-Temporal-Library/time-series/2026-06-16/itransformer/pretrain10/electricity/time-series/seed_1/training_log.json
[2026-06-16 01:21:28,833][pretrain_logger][INFO] - Logged epoch Pretrain 1 info to /public/home/202411094934/python_project/Spatio-Temporal-Library/time-series/2026-06-16/itransformer/pretrain10/electricity/time-series/seed_1/training_log.json
2026-06-16 01:28:15 - pretrain_logger - INFO - [JEPA Pretrain] Epoch 2/10, loss=4.751419, time=406.56s
[2026-06-16 01:28:15,393][pretrain_logger][INFO] - [JEPA Pretrain] Epoch 2/10, loss=4.751419, time=406.56s
2026-06-16 01:28:15 - pretrain_logger - INFO - Pretrain loss: 4.751419241394095
[2026-06-16 01:28:15,416][pretrain_logger][INFO] - Pretrain loss: 4.751419241394095
2026-06-16 01:28:15 - pretrain_logger - INFO - Pretrain time: 406.55954122543335s
[2026-06-16 01:28:15,417][pretrain_logger][INFO] - Pretrain time: 406.55954122543335s
2026-06-16 01:28:15 - pretrain_logger - INFO - Pretrain memory reserved: 124.00 MB
[2026-06-16 01:28:15,417][pretrain_logger][INFO] - Pretrain memory reserved: 124.00 MB
2026-06-16 01:28:15 - pretrain_logger - INFO - Pretrain memory allocated: 18.04 MB
[2026-06-16 01:28:15,417][pretrain_logger][INFO] - Pretrain memory allocated: 18.04 MB
2026-06-16 01:28:15 - pretrain_logger - INFO - Current learning rate: 0.0005
[2026-06-16 01:28:15,417][pretrain_logger][INFO] - Current learning rate: 0.0005
2026-06-16 01:28:15 - pretrain_logger - INFO - Logged epoch Pretrain 2 info to /public/home/202411094934/python_project/Spatio-Temporal-Library/time-series/2026-06-16/itransformer/pretrain10/electricity/time-series/seed_1/training_log.json
[2026-06-16 01:28:15,420][pretrain_logger][INFO] - Logged epoch Pretrain 2 info to /public/home/202411094934/python_project/Spatio-Temporal-Library/time-series/2026-06-16/itransformer/pretrain10/electricity/time-series/seed_1/training_log.json
2026-06-16 01:35:01 - pretrain_logger - INFO - [JEPA Pretrain] Epoch 3/10, loss=4.806168, time=406.27s
[2026-06-16 01:35:01,690][pretrain_logger][INFO] - [JEPA Pretrain] Epoch 3/10, loss=4.806168, time=406.27s
2026-06-16 01:35:01 - pretrain_logger - INFO - Pretrain loss: 4.806167902830691
[2026-06-16 01:35:01,691][pretrain_logger][INFO] - Pretrain loss: 4.806167902830691
2026-06-16 01:35:01 - pretrain_logger - INFO - Pretrain time: 406.2700288295746s
[2026-06-16 01:35:01,691][pretrain_logger][INFO] - Pretrain time: 406.2700288295746s
2026-06-16 01:35:01 - pretrain_logger - INFO - Pretrain memory reserved: 124.00 MB
[2026-06-16 01:35:01,691][pretrain_logger][INFO] - Pretrain memory reserved: 124.00 MB
2026-06-16 01:35:01 - pretrain_logger - INFO - Pretrain memory allocated: 18.04 MB
[2026-06-16 01:35:01,691][pretrain_logger][INFO] - Pretrain memory allocated: 18.04 MB
2026-06-16 01:35:01 - pretrain_logger - INFO - Current learning rate: 0.0005
[2026-06-16 01:35:01,691][pretrain_logger][INFO] - Current learning rate: 0.0005
2026-06-16 01:35:01 - pretrain_logger - INFO - Logged epoch Pretrain 3 info to /public/home/202411094934/python_project/Spatio-Temporal-Library/time-series/2026-06-16/itransformer/pretrain10/electricity/time-series/seed_1/training_log.json
[2026-06-16 01:35:01,694][pretrain_logger][INFO] - Logged epoch Pretrain 3 info to /public/home/202411094934/python_project/Spatio-Temporal-Library/time-series/2026-06-16/itransformer/pretrain10/electricity/time-series/seed_1/training_log.json
2026-06-16 01:41:48 - pretrain_logger - INFO - [JEPA Pretrain] Epoch 4/10, loss=4.739845, time=406.44s
[2026-06-16 01:41:48,132][pretrain_logger][INFO] - [JEPA Pretrain] Epoch 4/10, loss=4.739845, time=406.44s
2026-06-16 01:41:48 - pretrain_logger - INFO - Pretrain loss: 4.739844939910525
[2026-06-16 01:41:48,153][pretrain_logger][INFO] - Pretrain loss: 4.739844939910525
2026-06-16 01:41:48 - pretrain_logger - INFO - Pretrain time: 406.43736839294434s
[2026-06-16 01:41:48,153][pretrain_logger][INFO] - Pretrain time: 406.43736839294434s
2026-06-16 01:41:48 - pretrain_logger - INFO - Pretrain memory reserved: 124.00 MB
[2026-06-16 01:41:48,154][pretrain_logger][INFO] - Pretrain memory reserved: 124.00 MB
2026-06-16 01:41:48 - pretrain_logger - INFO - Pretrain memory allocated: 18.04 MB
[2026-06-16 01:41:48,154][pretrain_logger][INFO] - Pretrain memory allocated: 18.04 MB
2026-06-16 01:41:48 - pretrain_logger - INFO - Current learning rate: 0.0005
[2026-06-16 01:41:48,154][pretrain_logger][INFO] - Current learning rate: 0.0005
2026-06-16 01:41:48 - pretrain_logger - INFO - Logged epoch Pretrain 4 info to /public/home/202411094934/python_project/Spatio-Temporal-Library/time-series/2026-06-16/itransformer/pretrain10/electricity/time-series/seed_1/training_log.json
[2026-06-16 01:41:48,156][pretrain_logger][INFO] - Logged epoch Pretrain 4 info to /public/home/202411094934/python_project/Spatio-Temporal-Library/time-series/2026-06-16/itransformer/pretrain10/electricity/time-series/seed_1/training_log.json
2026-06-16 01:48:34 - pretrain_logger - INFO - [JEPA Pretrain] Epoch 5/10, loss=4.728886, time=406.04s
[2026-06-16 01:48:34,201][pretrain_logger][INFO] - [JEPA Pretrain] Epoch 5/10, loss=4.728886, time=406.04s
2026-06-16 01:48:34 - pretrain_logger - INFO - Pretrain loss: 4.728885520375743
[2026-06-16 01:48:34,202][pretrain_logger][INFO] - Pretrain loss: 4.728885520375743
2026-06-16 01:48:34 - pretrain_logger - INFO - Pretrain time: 406.0446238517761s
[2026-06-16 01:48:34,202][pretrain_logger][INFO] - Pretrain time: 406.0446238517761s
2026-06-16 01:48:34 - pretrain_logger - INFO - Pretrain memory reserved: 124.00 MB
[2026-06-16 01:48:34,202][pretrain_logger][INFO] - Pretrain memory reserved: 124.00 MB
2026-06-16 01:48:34 - pretrain_logger - INFO - Pretrain memory allocated: 18.04 MB
[2026-06-16 01:48:34,202][pretrain_logger][INFO] - Pretrain memory allocated: 18.04 MB
2026-06-16 01:48:34 - pretrain_logger - INFO - Current learning rate: 0.0005
[2026-06-16 01:48:34,202][pretrain_logger][INFO] - Current learning rate: 0.0005
2026-06-16 01:48:34 - pretrain_logger - INFO - Logged epoch Pretrain 5 info to /public/home/202411094934/python_project/Spatio-Temporal-Library/time-series/2026-06-16/itransformer/pretrain10/electricity/time-series/seed_1/training_log.json
[2026-06-16 01:48:34,205][pretrain_logger][INFO] - Logged epoch Pretrain 5 info to /public/home/202411094934/python_project/Spatio-Temporal-Library/time-series/2026-06-16/itransformer/pretrain10/electricity/time-series/seed_1/training_log.json
2026-06-16 01:55:20 - pretrain_logger - INFO - [JEPA Pretrain] Epoch 6/10, loss=4.719646, time=406.45s
[2026-06-16 01:55:20,657][pretrain_logger][INFO] - [JEPA Pretrain] Epoch 6/10, loss=4.719646, time=406.45s
2026-06-16 01:55:20 - pretrain_logger - INFO - Pretrain loss: 4.719645609760797
[2026-06-16 01:55:20,679][pretrain_logger][INFO] - Pretrain loss: 4.719645609760797
2026-06-16 01:55:20 - pretrain_logger - INFO - Pretrain time: 406.4518117904663s
[2026-06-16 01:55:20,679][pretrain_logger][INFO] - Pretrain time: 406.4518117904663s
2026-06-16 01:55:20 - pretrain_logger - INFO - Pretrain memory reserved: 124.00 MB
[2026-06-16 01:55:20,680][pretrain_logger][INFO] - Pretrain memory reserved: 124.00 MB
2026-06-16 01:55:20 - pretrain_logger - INFO - Pretrain memory allocated: 18.04 MB
[2026-06-16 01:55:20,680][pretrain_logger][INFO] - Pretrain memory allocated: 18.04 MB
2026-06-16 01:55:20 - pretrain_logger - INFO - Current learning rate: 0.0005
[2026-06-16 01:55:20,680][pretrain_logger][INFO] - Current learning rate: 0.0005
2026-06-16 01:55:20 - pretrain_logger - INFO - Logged epoch Pretrain 6 info to /public/home/202411094934/python_project/Spatio-Temporal-Library/time-series/2026-06-16/itransformer/pretrain10/electricity/time-series/seed_1/training_log.json
[2026-06-16 01:55:20,683][pretrain_logger][INFO] - Logged epoch Pretrain 6 info to /public/home/202411094934/python_project/Spatio-Temporal-Library/time-series/2026-06-16/itransformer/pretrain10/electricity/time-series/seed_1/training_log.json
2026-06-16 02:02:06 - pretrain_logger - INFO - [JEPA Pretrain] Epoch 7/10, loss=4.786902, time=406.20s
[2026-06-16 02:02:06,881][pretrain_logger][INFO] - [JEPA Pretrain] Epoch 7/10, loss=4.786902, time=406.20s
2026-06-16 02:02:06 - pretrain_logger - INFO - Pretrain loss: 4.786901700389628
[2026-06-16 02:02:06,882][pretrain_logger][INFO] - Pretrain loss: 4.786901700389628
2026-06-16 02:02:06 - pretrain_logger - INFO - Pretrain time: 406.1982972621918s
[2026-06-16 02:02:06,882][pretrain_logger][INFO] - Pretrain time: 406.1982972621918s
2026-06-16 02:02:06 - pretrain_logger - INFO - Pretrain memory reserved: 124.00 MB
[2026-06-16 02:02:06,882][pretrain_logger][INFO] - Pretrain memory reserved: 124.00 MB
2026-06-16 02:02:06 - pretrain_logger - INFO - Pretrain memory allocated: 18.04 MB
[2026-06-16 02:02:06,882][pretrain_logger][INFO] - Pretrain memory allocated: 18.04 MB
2026-06-16 02:02:06 - pretrain_logger - INFO - Current learning rate: 0.0005
[2026-06-16 02:02:06,882][pretrain_logger][INFO] - Current learning rate: 0.0005
2026-06-16 02:02:06 - pretrain_logger - INFO - Logged epoch Pretrain 7 info to /public/home/202411094934/python_project/Spatio-Temporal-Library/time-series/2026-06-16/itransformer/pretrain10/electricity/time-series/seed_1/training_log.json
[2026-06-16 02:02:06,886][pretrain_logger][INFO] - Logged epoch Pretrain 7 info to /public/home/202411094934/python_project/Spatio-Temporal-Library/time-series/2026-06-16/itransformer/pretrain10/electricity/time-series/seed_1/training_log.json
2026-06-16 02:08:53 - pretrain_logger - INFO - [JEPA Pretrain] Epoch 8/10, loss=4.752917, time=406.27s
[2026-06-16 02:08:53,157][pretrain_logger][INFO] - [JEPA Pretrain] Epoch 8/10, loss=4.752917, time=406.27s
2026-06-16 02:08:53 - pretrain_logger - INFO - Pretrain loss: 4.752916658489905
[2026-06-16 02:08:53,179][pretrain_logger][INFO] - Pretrain loss: 4.752916658489905
2026-06-16 02:08:53 - pretrain_logger - INFO - Pretrain time: 406.2716133594513s
[2026-06-16 02:08:53,179][pretrain_logger][INFO] - Pretrain time: 406.2716133594513s
2026-06-16 02:08:53 - pretrain_logger - INFO - Pretrain memory reserved: 124.00 MB
[2026-06-16 02:08:53,179][pretrain_logger][INFO] - Pretrain memory reserved: 124.00 MB
2026-06-16 02:08:53 - pretrain_logger - INFO - Pretrain memory allocated: 18.04 MB
[2026-06-16 02:08:53,180][pretrain_logger][INFO] - Pretrain memory allocated: 18.04 MB
2026-06-16 02:08:53 - pretrain_logger - INFO - Current learning rate: 0.0005
[2026-06-16 02:08:53,180][pretrain_logger][INFO] - Current learning rate: 0.0005
2026-06-16 02:08:53 - pretrain_logger - INFO - Logged epoch Pretrain 8 info to /public/home/202411094934/python_project/Spatio-Temporal-Library/time-series/2026-06-16/itransformer/pretrain10/electricity/time-series/seed_1/training_log.json
[2026-06-16 02:08:53,182][pretrain_logger][INFO] - Logged epoch Pretrain 8 info to /public/home/202411094934/python_project/Spatio-Temporal-Library/time-series/2026-06-16/itransformer/pretrain10/electricity/time-series/seed_1/training_log.json
2026-06-16 02:15:39 - pretrain_logger - INFO - [JEPA Pretrain] Epoch 9/10, loss=4.629933, time=406.21s
[2026-06-16 02:15:39,395][pretrain_logger][INFO] - [JEPA Pretrain] Epoch 9/10, loss=4.629933, time=406.21s
2026-06-16 02:15:39 - pretrain_logger - INFO - Pretrain loss: 4.629932888516459
[2026-06-16 02:15:39,396][pretrain_logger][INFO] - Pretrain loss: 4.629932888516459
2026-06-16 02:15:39 - pretrain_logger - INFO - Pretrain time: 406.2126681804657s
[2026-06-16 02:15:39,396][pretrain_logger][INFO] - Pretrain time: 406.2126681804657s
2026-06-16 02:15:39 - pretrain_logger - INFO - Pretrain memory reserved: 124.00 MB
[2026-06-16 02:15:39,396][pretrain_logger][INFO] - Pretrain memory reserved: 124.00 MB
2026-06-16 02:15:39 - pretrain_logger - INFO - Pretrain memory allocated: 18.04 MB
[2026-06-16 02:15:39,396][pretrain_logger][INFO] - Pretrain memory allocated: 18.04 MB
2026-06-16 02:15:39 - pretrain_logger - INFO - Current learning rate: 0.0005
[2026-06-16 02:15:39,396][pretrain_logger][INFO] - Current learning rate: 0.0005
2026-06-16 02:15:39 - pretrain_logger - INFO - Logged epoch Pretrain 9 info to /public/home/202411094934/python_project/Spatio-Temporal-Library/time-series/2026-06-16/itransformer/pretrain10/electricity/time-series/seed_1/training_log.json
[2026-06-16 02:15:39,399][pretrain_logger][INFO] - Logged epoch Pretrain 9 info to /public/home/202411094934/python_project/Spatio-Temporal-Library/time-series/2026-06-16/itransformer/pretrain10/electricity/time-series/seed_1/training_log.json
2026-06-16 02:22:25 - pretrain_logger - INFO - [JEPA Pretrain] Epoch 10/10, loss=4.551046, time=406.13s
[2026-06-16 02:22:25,533][pretrain_logger][INFO] - [JEPA Pretrain] Epoch 10/10, loss=4.551046, time=406.13s
2026-06-16 02:22:25 - pretrain_logger - INFO - Pretrain loss: 4.551045981155695
[2026-06-16 02:22:25,556][pretrain_logger][INFO] - Pretrain loss: 4.551045981155695
2026-06-16 02:22:25 - pretrain_logger - INFO - Pretrain time: 406.13377475738525s
[2026-06-16 02:22:25,556][pretrain_logger][INFO] - Pretrain time: 406.13377475738525s
2026-06-16 02:22:25 - pretrain_logger - INFO - Pretrain memory reserved: 124.00 MB
[2026-06-16 02:22:25,556][pretrain_logger][INFO] - Pretrain memory reserved: 124.00 MB
2026-06-16 02:22:25 - pretrain_logger - INFO - Pretrain memory allocated: 18.04 MB
[2026-06-16 02:22:25,556][pretrain_logger][INFO] - Pretrain memory allocated: 18.04 MB
2026-06-16 02:22:25 - pretrain_logger - INFO - Current learning rate: 0.0005
[2026-06-16 02:22:25,556][pretrain_logger][INFO] - Current learning rate: 0.0005
2026-06-16 02:22:25 - pretrain_logger - INFO - Logged epoch Pretrain 10 info to /public/home/202411094934/python_project/Spatio-Temporal-Library/time-series/2026-06-16/itransformer/pretrain10/electricity/time-series/seed_1/training_log.json
[2026-06-16 02:22:25,559][pretrain_logger][INFO] - Logged epoch Pretrain 10 info to /public/home/202411094934/python_project/Spatio-Temporal-Library/time-series/2026-06-16/itransformer/pretrain10/electricity/time-series/seed_1/training_log.json
2026-06-16 02:22:25 - pretrain_logger - INFO - JEPA pretraining completed.
[2026-06-16 02:22:25,559][pretrain_logger][INFO] - JEPA pretraining completed.
2026-06-16 09:38:02 - pretrain_logger - INFO - Model parameters: 158,912
[2026-06-16 09:38:02,076][pretrain_logger][INFO] - Model parameters: 158,912
2026-06-16 09:38:02 - pretrain_logger - INFO - Log file already exists at /public/home/202411094934/python_project/Spatio-Temporal-Library/time-series/2026-06-16/itransformer/pretrain10/electricity/time-series/seed_1/training_log.json, appending to it.
[2026-06-16 09:38:02,088][pretrain_logger][INFO] - Log file already exists at /public/home/202411094934/python_project/Spatio-Temporal-Library/time-series/2026-06-16/itransformer/pretrain10/electricity/time-series/seed_1/training_log.json, appending to it.
2026-06-16 09:38:02 - pretrain_logger - INFO - Starting JEPA pretraining...
[2026-06-16 09:38:02,088][pretrain_logger][INFO] - Starting JEPA pretraining...
2026-06-16 09:44:45 - pretrain_logger - INFO - [JEPA Pretrain] Epoch 1/10, loss=3.939569, time=403.00s
[2026-06-16 09:44:45,090][pretrain_logger][INFO] - [JEPA Pretrain] Epoch 1/10, loss=3.939569, time=403.00s
2026-06-16 09:44:45 - pretrain_logger - INFO - Pretrain loss: 3.939569448042042
[2026-06-16 09:44:45,090][pretrain_logger][INFO] - Pretrain loss: 3.939569448042042
2026-06-16 09:44:45 - pretrain_logger - INFO - Pretrain time: 403.00118589401245s
[2026-06-16 09:44:45,091][pretrain_logger][INFO] - Pretrain time: 403.00118589401245s
2026-06-16 09:44:45 - pretrain_logger - INFO - Pretrain memory reserved: 124.00 MB
[2026-06-16 09:44:45,091][pretrain_logger][INFO] - Pretrain memory reserved: 124.00 MB
2026-06-16 09:44:45 - pretrain_logger - INFO - Pretrain memory allocated: 18.04 MB
[2026-06-16 09:44:45,091][pretrain_logger][INFO] - Pretrain memory allocated: 18.04 MB
2026-06-16 09:44:45 - pretrain_logger - INFO - Current learning rate: 0.0005
[2026-06-16 09:44:45,091][pretrain_logger][INFO] - Current learning rate: 0.0005
2026-06-16 09:44:45 - pretrain_logger - INFO - Logged epoch Pretrain 1 info to /public/home/202411094934/python_project/Spatio-Temporal-Library/time-series/2026-06-16/itransformer/pretrain10/electricity/time-series/seed_1/training_log.json
[2026-06-16 09:44:45,096][pretrain_logger][INFO] - Logged epoch Pretrain 1 info to /public/home/202411094934/python_project/Spatio-Temporal-Library/time-series/2026-06-16/itransformer/pretrain10/electricity/time-series/seed_1/training_log.json
2026-06-16 09:51:29 - pretrain_logger - INFO - [JEPA Pretrain] Epoch 2/10, loss=4.751419, time=404.14s
[2026-06-16 09:51:29,239][pretrain_logger][INFO] - [JEPA Pretrain] Epoch 2/10, loss=4.751419, time=404.14s
2026-06-16 09:51:29 - pretrain_logger - INFO - Pretrain loss: 4.751419241394095
[2026-06-16 09:51:29,263][pretrain_logger][INFO] - Pretrain loss: 4.751419241394095
2026-06-16 09:51:29 - pretrain_logger - INFO - Pretrain time: 404.1422064304352s
[2026-06-16 09:51:29,264][pretrain_logger][INFO] - Pretrain time: 404.1422064304352s
2026-06-16 09:51:29 - pretrain_logger - INFO - Pretrain memory reserved: 124.00 MB
[2026-06-16 09:51:29,264][pretrain_logger][INFO] - Pretrain memory reserved: 124.00 MB
2026-06-16 09:51:29 - pretrain_logger - INFO - Pretrain memory allocated: 18.04 MB
[2026-06-16 09:51:29,264][pretrain_logger][INFO] - Pretrain memory allocated: 18.04 MB
2026-06-16 09:51:29 - pretrain_logger - INFO - Current learning rate: 0.0005
[2026-06-16 09:51:29,264][pretrain_logger][INFO] - Current learning rate: 0.0005
2026-06-16 09:51:29 - pretrain_logger - INFO - Logged epoch Pretrain 2 info to /public/home/202411094934/python_project/Spatio-Temporal-Library/time-series/2026-06-16/itransformer/pretrain10/electricity/time-series/seed_1/training_log.json
[2026-06-16 09:51:29,267][pretrain_logger][INFO] - Logged epoch Pretrain 2 info to /public/home/202411094934/python_project/Spatio-Temporal-Library/time-series/2026-06-16/itransformer/pretrain10/electricity/time-series/seed_1/training_log.json
2026-06-16 09:58:14 - pretrain_logger - INFO - [JEPA Pretrain] Epoch 3/10, loss=4.806168, time=404.87s
[2026-06-16 09:58:14,134][pretrain_logger][INFO] - [JEPA Pretrain] Epoch 3/10, loss=4.806168, time=404.87s
2026-06-16 09:58:14 - pretrain_logger - INFO - Pretrain loss: 4.806167902830691
[2026-06-16 09:58:14,135][pretrain_logger][INFO] - Pretrain loss: 4.806167902830691
2026-06-16 09:58:14 - pretrain_logger - INFO - Pretrain time: 404.86748123168945s
[2026-06-16 09:58:14,135][pretrain_logger][INFO] - Pretrain time: 404.86748123168945s
2026-06-16 09:58:14 - pretrain_logger - INFO - Pretrain memory reserved: 124.00 MB
[2026-06-16 09:58:14,135][pretrain_logger][INFO] - Pretrain memory reserved: 124.00 MB
2026-06-16 09:58:14 - pretrain_logger - INFO - Pretrain memory allocated: 18.04 MB
[2026-06-16 09:58:14,136][pretrain_logger][INFO] - Pretrain memory allocated: 18.04 MB
2026-06-16 09:58:14 - pretrain_logger - INFO - Current learning rate: 0.0005
[2026-06-16 09:58:14,136][pretrain_logger][INFO] - Current learning rate: 0.0005
2026-06-16 09:58:14 - pretrain_logger - INFO - Logged epoch Pretrain 3 info to /public/home/202411094934/python_project/Spatio-Temporal-Library/time-series/2026-06-16/itransformer/pretrain10/electricity/time-series/seed_1/training_log.json
[2026-06-16 09:58:14,139][pretrain_logger][INFO] - Logged epoch Pretrain 3 info to /public/home/202411094934/python_project/Spatio-Temporal-Library/time-series/2026-06-16/itransformer/pretrain10/electricity/time-series/seed_1/training_log.json
2026-06-16 10:04:59 - pretrain_logger - INFO - [JEPA Pretrain] Epoch 4/10, loss=4.739845, time=404.95s
[2026-06-16 10:04:59,090][pretrain_logger][INFO] - [JEPA Pretrain] Epoch 4/10, loss=4.739845, time=404.95s
2026-06-16 10:04:59 - pretrain_logger - INFO - Pretrain loss: 4.739844939910525
[2026-06-16 10:04:59,114][pretrain_logger][INFO] - Pretrain loss: 4.739844939910525
2026-06-16 10:04:59 - pretrain_logger - INFO - Pretrain time: 404.95092821121216s
[2026-06-16 10:04:59,115][pretrain_logger][INFO] - Pretrain time: 404.95092821121216s
2026-06-16 10:04:59 - pretrain_logger - INFO - Pretrain memory reserved: 124.00 MB
[2026-06-16 10:04:59,115][pretrain_logger][INFO] - Pretrain memory reserved: 124.00 MB
2026-06-16 10:04:59 - pretrain_logger - INFO - Pretrain memory allocated: 18.04 MB
[2026-06-16 10:04:59,115][pretrain_logger][INFO] - Pretrain memory allocated: 18.04 MB
2026-06-16 10:04:59 - pretrain_logger - INFO - Current learning rate: 0.0005
[2026-06-16 10:04:59,115][pretrain_logger][INFO] - Current learning rate: 0.0005
2026-06-16 10:04:59 - pretrain_logger - INFO - Logged epoch Pretrain 4 info to /public/home/202411094934/python_project/Spatio-Temporal-Library/time-series/2026-06-16/itransformer/pretrain10/electricity/time-series/seed_1/training_log.json
[2026-06-16 10:04:59,118][pretrain_logger][INFO] - Logged epoch Pretrain 4 info to /public/home/202411094934/python_project/Spatio-Temporal-Library/time-series/2026-06-16/itransformer/pretrain10/electricity/time-series/seed_1/training_log.json
2026-06-16 10:11:43 - pretrain_logger - INFO - [JEPA Pretrain] Epoch 5/10, loss=4.728886, time=404.68s
[2026-06-16 10:11:43,797][pretrain_logger][INFO] - [JEPA Pretrain] Epoch 5/10, loss=4.728886, time=404.68s
2026-06-16 10:11:43 - pretrain_logger - INFO - Pretrain loss: 4.728885520375743
[2026-06-16 10:11:43,798][pretrain_logger][INFO] - Pretrain loss: 4.728885520375743
2026-06-16 10:11:43 - pretrain_logger - INFO - Pretrain time: 404.67881512641907s
[2026-06-16 10:11:43,798][pretrain_logger][INFO] - Pretrain time: 404.67881512641907s
2026-06-16 10:11:43 - pretrain_logger - INFO - Pretrain memory reserved: 124.00 MB
[2026-06-16 10:11:43,798][pretrain_logger][INFO] - Pretrain memory reserved: 124.00 MB
2026-06-16 10:11:43 - pretrain_logger - INFO - Pretrain memory allocated: 18.04 MB
[2026-06-16 10:11:43,798][pretrain_logger][INFO] - Pretrain memory allocated: 18.04 MB
2026-06-16 10:11:43 - pretrain_logger - INFO - Current learning rate: 0.0005
[2026-06-16 10:11:43,798][pretrain_logger][INFO] - Current learning rate: 0.0005
2026-06-16 10:11:43 - pretrain_logger - INFO - Logged epoch Pretrain 5 info to /public/home/202411094934/python_project/Spatio-Temporal-Library/time-series/2026-06-16/itransformer/pretrain10/electricity/time-series/seed_1/training_log.json
[2026-06-16 10:11:43,801][pretrain_logger][INFO] - Logged epoch Pretrain 5 info to /public/home/202411094934/python_project/Spatio-Temporal-Library/time-series/2026-06-16/itransformer/pretrain10/electricity/time-series/seed_1/training_log.json
2026-06-16 10:18:28 - pretrain_logger - INFO - [JEPA Pretrain] Epoch 6/10, loss=4.719646, time=404.84s
[2026-06-16 10:18:28,641][pretrain_logger][INFO] - [JEPA Pretrain] Epoch 6/10, loss=4.719646, time=404.84s
2026-06-16 10:18:28 - pretrain_logger - INFO - Pretrain loss: 4.719645609760797
[2026-06-16 10:18:28,665][pretrain_logger][INFO] - Pretrain loss: 4.719645609760797
2026-06-16 10:18:28 - pretrain_logger - INFO - Pretrain time: 404.83947587013245s
[2026-06-16 10:18:28,665][pretrain_logger][INFO] - Pretrain time: 404.83947587013245s
2026-06-16 10:18:28 - pretrain_logger - INFO - Pretrain memory reserved: 124.00 MB
[2026-06-16 10:18:28,665][pretrain_logger][INFO] - Pretrain memory reserved: 124.00 MB
2026-06-16 10:18:28 - pretrain_logger - INFO - Pretrain memory allocated: 18.04 MB
[2026-06-16 10:18:28,665][pretrain_logger][INFO] - Pretrain memory allocated: 18.04 MB
2026-06-16 10:18:28 - pretrain_logger - INFO - Current learning rate: 0.0005
[2026-06-16 10:18:28,665][pretrain_logger][INFO] - Current learning rate: 0.0005
2026-06-16 10:18:28 - pretrain_logger - INFO - Logged epoch Pretrain 6 info to /public/home/202411094934/python_project/Spatio-Temporal-Library/time-series/2026-06-16/itransformer/pretrain10/electricity/time-series/seed_1/training_log.json
[2026-06-16 10:18:28,668][pretrain_logger][INFO] - Logged epoch Pretrain 6 info to /public/home/202411094934/python_project/Spatio-Temporal-Library/time-series/2026-06-16/itransformer/pretrain10/electricity/time-series/seed_1/training_log.json
2026-06-16 10:25:13 - pretrain_logger - INFO - [JEPA Pretrain] Epoch 7/10, loss=4.786902, time=405.07s
[2026-06-16 10:25:13,734][pretrain_logger][INFO] - [JEPA Pretrain] Epoch 7/10, loss=4.786902, time=405.07s
2026-06-16 10:25:13 - pretrain_logger - INFO - Pretrain loss: 4.786901700389628
[2026-06-16 10:25:13,734][pretrain_logger][INFO] - Pretrain loss: 4.786901700389628
2026-06-16 10:25:13 - pretrain_logger - INFO - Pretrain time: 405.06549096107483s
[2026-06-16 10:25:13,735][pretrain_logger][INFO] - Pretrain time: 405.06549096107483s
2026-06-16 10:25:13 - pretrain_logger - INFO - Pretrain memory reserved: 124.00 MB
[2026-06-16 10:25:13,735][pretrain_logger][INFO] - Pretrain memory reserved: 124.00 MB
2026-06-16 10:25:13 - pretrain_logger - INFO - Pretrain memory allocated: 18.04 MB
[2026-06-16 10:25:13,735][pretrain_logger][INFO] - Pretrain memory allocated: 18.04 MB
2026-06-16 10:25:13 - pretrain_logger - INFO - Current learning rate: 0.0005
[2026-06-16 10:25:13,735][pretrain_logger][INFO] - Current learning rate: 0.0005
2026-06-16 10:25:13 - pretrain_logger - INFO - Logged epoch Pretrain 7 info to /public/home/202411094934/python_project/Spatio-Temporal-Library/time-series/2026-06-16/itransformer/pretrain10/electricity/time-series/seed_1/training_log.json
[2026-06-16 10:25:13,738][pretrain_logger][INFO] - Logged epoch Pretrain 7 info to /public/home/202411094934/python_project/Spatio-Temporal-Library/time-series/2026-06-16/itransformer/pretrain10/electricity/time-series/seed_1/training_log.json
2026-06-16 10:31:58 - pretrain_logger - INFO - [JEPA Pretrain] Epoch 8/10, loss=4.752917, time=404.88s
[2026-06-16 10:31:58,621][pretrain_logger][INFO] - [JEPA Pretrain] Epoch 8/10, loss=4.752917, time=404.88s
2026-06-16 10:31:58 - pretrain_logger - INFO - Pretrain loss: 4.752916658489905
[2026-06-16 10:31:58,645][pretrain_logger][INFO] - Pretrain loss: 4.752916658489905
2026-06-16 10:31:58 - pretrain_logger - INFO - Pretrain time: 404.88249349594116s
[2026-06-16 10:31:58,645][pretrain_logger][INFO] - Pretrain time: 404.88249349594116s
2026-06-16 10:31:58 - pretrain_logger - INFO - Pretrain memory reserved: 124.00 MB
[2026-06-16 10:31:58,646][pretrain_logger][INFO] - Pretrain memory reserved: 124.00 MB
2026-06-16 10:31:58 - pretrain_logger - INFO - Pretrain memory allocated: 18.04 MB
[2026-06-16 10:31:58,646][pretrain_logger][INFO] - Pretrain memory allocated: 18.04 MB
2026-06-16 10:31:58 - pretrain_logger - INFO - Current learning rate: 0.0005
[2026-06-16 10:31:58,646][pretrain_logger][INFO] - Current learning rate: 0.0005
2026-06-16 10:31:58 - pretrain_logger - INFO - Logged epoch Pretrain 8 info to /public/home/202411094934/python_project/Spatio-Temporal-Library/time-series/2026-06-16/itransformer/pretrain10/electricity/time-series/seed_1/training_log.json
[2026-06-16 10:31:58,648][pretrain_logger][INFO] - Logged epoch Pretrain 8 info to /public/home/202411094934/python_project/Spatio-Temporal-Library/time-series/2026-06-16/itransformer/pretrain10/electricity/time-series/seed_1/training_log.json
2026-06-16 10:38:43 - pretrain_logger - INFO - [JEPA Pretrain] Epoch 9/10, loss=4.629933, time=404.94s
[2026-06-16 10:38:43,591][pretrain_logger][INFO] - [JEPA Pretrain] Epoch 9/10, loss=4.629933, time=404.94s
2026-06-16 10:38:43 - pretrain_logger - INFO - Pretrain loss: 4.629932888516459
[2026-06-16 10:38:43,591][pretrain_logger][INFO] - Pretrain loss: 4.629932888516459
2026-06-16 10:38:43 - pretrain_logger - INFO - Pretrain time: 404.9418818950653s
[2026-06-16 10:38:43,591][pretrain_logger][INFO] - Pretrain time: 404.9418818950653s
2026-06-16 10:38:43 - pretrain_logger - INFO - Pretrain memory reserved: 124.00 MB
[2026-06-16 10:38:43,592][pretrain_logger][INFO] - Pretrain memory reserved: 124.00 MB
2026-06-16 10:38:43 - pretrain_logger - INFO - Pretrain memory allocated: 18.04 MB
[2026-06-16 10:38:43,592][pretrain_logger][INFO] - Pretrain memory allocated: 18.04 MB
2026-06-16 10:38:43 - pretrain_logger - INFO - Current learning rate: 0.0005
[2026-06-16 10:38:43,592][pretrain_logger][INFO] - Current learning rate: 0.0005
2026-06-16 10:38:43 - pretrain_logger - INFO - Logged epoch Pretrain 9 info to /public/home/202411094934/python_project/Spatio-Temporal-Library/time-series/2026-06-16/itransformer/pretrain10/electricity/time-series/seed_1/training_log.json
[2026-06-16 10:38:43,595][pretrain_logger][INFO] - Logged epoch Pretrain 9 info to /public/home/202411094934/python_project/Spatio-Temporal-Library/time-series/2026-06-16/itransformer/pretrain10/electricity/time-series/seed_1/training_log.json
2026-06-16 10:45:28 - pretrain_logger - INFO - [JEPA Pretrain] Epoch 10/10, loss=4.551046, time=405.24s
[2026-06-16 10:45:28,834][pretrain_logger][INFO] - [JEPA Pretrain] Epoch 10/10, loss=4.551046, time=405.24s
2026-06-16 10:45:28 - pretrain_logger - INFO - Pretrain loss: 4.551045981155695
[2026-06-16 10:45:28,858][pretrain_logger][INFO] - Pretrain loss: 4.551045981155695
2026-06-16 10:45:28 - pretrain_logger - INFO - Pretrain time: 405.2392911911011s
[2026-06-16 10:45:28,858][pretrain_logger][INFO] - Pretrain time: 405.2392911911011s
2026-06-16 10:45:28 - pretrain_logger - INFO - Pretrain memory reserved: 124.00 MB
[2026-06-16 10:45:28,859][pretrain_logger][INFO] - Pretrain memory reserved: 124.00 MB
2026-06-16 10:45:28 - pretrain_logger - INFO - Pretrain memory allocated: 18.04 MB
[2026-06-16 10:45:28,859][pretrain_logger][INFO] - Pretrain memory allocated: 18.04 MB
2026-06-16 10:45:28 - pretrain_logger - INFO - Current learning rate: 0.0005
[2026-06-16 10:45:28,859][pretrain_logger][INFO] - Current learning rate: 0.0005
2026-06-16 10:45:28 - pretrain_logger - INFO - Logged epoch Pretrain 10 info to /public/home/202411094934/python_project/Spatio-Temporal-Library/time-series/2026-06-16/itransformer/pretrain10/electricity/time-series/seed_1/training_log.json
[2026-06-16 10:45:28,861][pretrain_logger][INFO] - Logged epoch Pretrain 10 info to /public/home/202411094934/python_project/Spatio-Temporal-Library/time-series/2026-06-16/itransformer/pretrain10/electricity/time-series/seed_1/training_log.json
2026-06-16 10:45:28 - pretrain_logger - INFO - JEPA pretraining completed.
[2026-06-16 10:45:28,862][pretrain_logger][INFO] - JEPA pretraining completed.
