2026-06-16 00:42:57 - pretrain_logger - INFO - Model parameters: 158,912
[2026-06-16 00:42:57,854][pretrain_logger][INFO] - Model parameters: 158,912
2026-06-16 00:42:57 - pretrain_logger - INFO - Created new log file at /public/home/202411094934/python_project/Spatio-Temporal-Library/time-series/2026-06-16/itransformer/pretrain10/etth1/time-series/seed_0/training_log.json
[2026-06-16 00:42:57,865][pretrain_logger][INFO] - Created new log file at /public/home/202411094934/python_project/Spatio-Temporal-Library/time-series/2026-06-16/itransformer/pretrain10/etth1/time-series/seed_0/training_log.json
2026-06-16 00:42:57 - pretrain_logger - INFO - Starting JEPA pretraining...
[2026-06-16 00:42:57,865][pretrain_logger][INFO] - Starting JEPA pretraining...
2026-06-16 00:45:46 - pretrain_logger - INFO - [JEPA Pretrain] Epoch 1/10, loss=0.679320, time=168.20s
[2026-06-16 00:45:46,068][pretrain_logger][INFO] - [JEPA Pretrain] Epoch 1/10, loss=0.679320, time=168.20s
2026-06-16 00:45:46 - pretrain_logger - INFO - Pretrain loss: 0.6793200118917011
[2026-06-16 00:45:46,069][pretrain_logger][INFO] - Pretrain loss: 0.6793200118917011
2026-06-16 00:45:46 - pretrain_logger - INFO - Pretrain time: 168.2034146785736s
[2026-06-16 00:45:46,069][pretrain_logger][INFO] - Pretrain time: 168.2034146785736s
2026-06-16 00:45:46 - pretrain_logger - INFO - Pretrain memory reserved: 24.00 MB
[2026-06-16 00:45:46,069][pretrain_logger][INFO] - Pretrain memory reserved: 24.00 MB
2026-06-16 00:45:46 - pretrain_logger - INFO - Pretrain memory allocated: 18.04 MB
[2026-06-16 00:45:46,069][pretrain_logger][INFO] - Pretrain memory allocated: 18.04 MB
2026-06-16 00:45:46 - pretrain_logger - INFO - Current learning rate: 0.0005
[2026-06-16 00:45:46,069][pretrain_logger][INFO] - Current learning rate: 0.0005
2026-06-16 00:45:46 - pretrain_logger - INFO - Logged epoch Pretrain 1 info to /public/home/202411094934/python_project/Spatio-Temporal-Library/time-series/2026-06-16/itransformer/pretrain10/etth1/time-series/seed_0/training_log.json
[2026-06-16 00:45:46,073][pretrain_logger][INFO] - Logged epoch Pretrain 1 info to /public/home/202411094934/python_project/Spatio-Temporal-Library/time-series/2026-06-16/itransformer/pretrain10/etth1/time-series/seed_0/training_log.json
2026-06-16 00:48:31 - pretrain_logger - INFO - [JEPA Pretrain] Epoch 2/10, loss=0.647129, time=165.39s
[2026-06-16 00:48:31,463][pretrain_logger][INFO] - [JEPA Pretrain] Epoch 2/10, loss=0.647129, time=165.39s
2026-06-16 00:48:31 - pretrain_logger - INFO - Pretrain loss: 0.6471294472312776
[2026-06-16 00:48:31,488][pretrain_logger][INFO] - Pretrain loss: 0.6471294472312776
2026-06-16 00:48:31 - pretrain_logger - INFO - Pretrain time: 165.39017248153687s
[2026-06-16 00:48:31,488][pretrain_logger][INFO] - Pretrain time: 165.39017248153687s
2026-06-16 00:48:31 - pretrain_logger - INFO - Pretrain memory reserved: 24.00 MB
[2026-06-16 00:48:31,488][pretrain_logger][INFO] - Pretrain memory reserved: 24.00 MB
2026-06-16 00:48:31 - pretrain_logger - INFO - Pretrain memory allocated: 18.04 MB
[2026-06-16 00:48:31,488][pretrain_logger][INFO] - Pretrain memory allocated: 18.04 MB
2026-06-16 00:48:31 - pretrain_logger - INFO - Current learning rate: 0.0005
[2026-06-16 00:48:31,488][pretrain_logger][INFO] - Current learning rate: 0.0005
2026-06-16 00:48:31 - pretrain_logger - INFO - Logged epoch Pretrain 2 info to /public/home/202411094934/python_project/Spatio-Temporal-Library/time-series/2026-06-16/itransformer/pretrain10/etth1/time-series/seed_0/training_log.json
[2026-06-16 00:48:31,491][pretrain_logger][INFO] - Logged epoch Pretrain 2 info to /public/home/202411094934/python_project/Spatio-Temporal-Library/time-series/2026-06-16/itransformer/pretrain10/etth1/time-series/seed_0/training_log.json
2026-06-16 00:51:17 - pretrain_logger - INFO - [JEPA Pretrain] Epoch 3/10, loss=0.649735, time=165.52s
[2026-06-16 00:51:17,008][pretrain_logger][INFO] - [JEPA Pretrain] Epoch 3/10, loss=0.649735, time=165.52s
2026-06-16 00:51:17 - pretrain_logger - INFO - Pretrain loss: 0.6497353572253989
[2026-06-16 00:51:17,008][pretrain_logger][INFO] - Pretrain loss: 0.6497353572253989
2026-06-16 00:51:17 - pretrain_logger - INFO - Pretrain time: 165.51672172546387s
[2026-06-16 00:51:17,009][pretrain_logger][INFO] - Pretrain time: 165.51672172546387s
2026-06-16 00:51:17 - pretrain_logger - INFO - Pretrain memory reserved: 24.00 MB
[2026-06-16 00:51:17,009][pretrain_logger][INFO] - Pretrain memory reserved: 24.00 MB
2026-06-16 00:51:17 - pretrain_logger - INFO - Pretrain memory allocated: 18.04 MB
[2026-06-16 00:51:17,009][pretrain_logger][INFO] - Pretrain memory allocated: 18.04 MB
2026-06-16 00:51:17 - pretrain_logger - INFO - Current learning rate: 0.0005
[2026-06-16 00:51:17,009][pretrain_logger][INFO] - Current learning rate: 0.0005
2026-06-16 00:51:17 - pretrain_logger - INFO - Logged epoch Pretrain 3 info to /public/home/202411094934/python_project/Spatio-Temporal-Library/time-series/2026-06-16/itransformer/pretrain10/etth1/time-series/seed_0/training_log.json
[2026-06-16 00:51:17,012][pretrain_logger][INFO] - Logged epoch Pretrain 3 info to /public/home/202411094934/python_project/Spatio-Temporal-Library/time-series/2026-06-16/itransformer/pretrain10/etth1/time-series/seed_0/training_log.json
2026-06-16 00:54:02 - pretrain_logger - INFO - [JEPA Pretrain] Epoch 4/10, loss=0.600178, time=165.31s
[2026-06-16 00:54:02,323][pretrain_logger][INFO] - [JEPA Pretrain] Epoch 4/10, loss=0.600178, time=165.31s
2026-06-16 00:54:02 - pretrain_logger - INFO - Pretrain loss: 0.600177811943642
[2026-06-16 00:54:02,346][pretrain_logger][INFO] - Pretrain loss: 0.600177811943642
2026-06-16 00:54:02 - pretrain_logger - INFO - Pretrain time: 165.311048746109s
[2026-06-16 00:54:02,346][pretrain_logger][INFO] - Pretrain time: 165.311048746109s
2026-06-16 00:54:02 - pretrain_logger - INFO - Pretrain memory reserved: 24.00 MB
[2026-06-16 00:54:02,346][pretrain_logger][INFO] - Pretrain memory reserved: 24.00 MB
2026-06-16 00:54:02 - pretrain_logger - INFO - Pretrain memory allocated: 18.04 MB
[2026-06-16 00:54:02,346][pretrain_logger][INFO] - Pretrain memory allocated: 18.04 MB
2026-06-16 00:54:02 - pretrain_logger - INFO - Current learning rate: 0.0005
[2026-06-16 00:54:02,346][pretrain_logger][INFO] - Current learning rate: 0.0005
2026-06-16 00:54:02 - pretrain_logger - INFO - Logged epoch Pretrain 4 info to /public/home/202411094934/python_project/Spatio-Temporal-Library/time-series/2026-06-16/itransformer/pretrain10/etth1/time-series/seed_0/training_log.json
[2026-06-16 00:54:02,349][pretrain_logger][INFO] - Logged epoch Pretrain 4 info to /public/home/202411094934/python_project/Spatio-Temporal-Library/time-series/2026-06-16/itransformer/pretrain10/etth1/time-series/seed_0/training_log.json
2026-06-16 00:56:47 - pretrain_logger - INFO - [JEPA Pretrain] Epoch 5/10, loss=0.568300, time=165.48s
[2026-06-16 00:56:47,825][pretrain_logger][INFO] - [JEPA Pretrain] Epoch 5/10, loss=0.568300, time=165.48s
2026-06-16 00:56:47 - pretrain_logger - INFO - Pretrain loss: 0.5682995943669118
[2026-06-16 00:56:47,826][pretrain_logger][INFO] - Pretrain loss: 0.5682995943669118
2026-06-16 00:56:47 - pretrain_logger - INFO - Pretrain time: 165.47604942321777s
[2026-06-16 00:56:47,826][pretrain_logger][INFO] - Pretrain time: 165.47604942321777s
2026-06-16 00:56:47 - pretrain_logger - INFO - Pretrain memory reserved: 24.00 MB
[2026-06-16 00:56:47,826][pretrain_logger][INFO] - Pretrain memory reserved: 24.00 MB
2026-06-16 00:56:47 - pretrain_logger - INFO - Pretrain memory allocated: 18.04 MB
[2026-06-16 00:56:47,826][pretrain_logger][INFO] - Pretrain memory allocated: 18.04 MB
2026-06-16 00:56:47 - pretrain_logger - INFO - Current learning rate: 0.0005
[2026-06-16 00:56:47,826][pretrain_logger][INFO] - Current learning rate: 0.0005
2026-06-16 00:56:47 - pretrain_logger - INFO - Logged epoch Pretrain 5 info to /public/home/202411094934/python_project/Spatio-Temporal-Library/time-series/2026-06-16/itransformer/pretrain10/etth1/time-series/seed_0/training_log.json
[2026-06-16 00:56:47,829][pretrain_logger][INFO] - Logged epoch Pretrain 5 info to /public/home/202411094934/python_project/Spatio-Temporal-Library/time-series/2026-06-16/itransformer/pretrain10/etth1/time-series/seed_0/training_log.json
2026-06-16 00:59:33 - pretrain_logger - INFO - [JEPA Pretrain] Epoch 6/10, loss=0.550888, time=165.44s
[2026-06-16 00:59:33,269][pretrain_logger][INFO] - [JEPA Pretrain] Epoch 6/10, loss=0.550888, time=165.44s
2026-06-16 00:59:33 - pretrain_logger - INFO - Pretrain loss: 0.550887902414218
[2026-06-16 00:59:33,291][pretrain_logger][INFO] - Pretrain loss: 0.550887902414218
2026-06-16 00:59:33 - pretrain_logger - INFO - Pretrain time: 165.43934154510498s
[2026-06-16 00:59:33,291][pretrain_logger][INFO] - Pretrain time: 165.43934154510498s
2026-06-16 00:59:33 - pretrain_logger - INFO - Pretrain memory reserved: 24.00 MB
[2026-06-16 00:59:33,292][pretrain_logger][INFO] - Pretrain memory reserved: 24.00 MB
2026-06-16 00:59:33 - pretrain_logger - INFO - Pretrain memory allocated: 18.04 MB
[2026-06-16 00:59:33,292][pretrain_logger][INFO] - Pretrain memory allocated: 18.04 MB
2026-06-16 00:59:33 - pretrain_logger - INFO - Current learning rate: 0.0005
[2026-06-16 00:59:33,292][pretrain_logger][INFO] - Current learning rate: 0.0005
2026-06-16 00:59:33 - pretrain_logger - INFO - Logged epoch Pretrain 6 info to /public/home/202411094934/python_project/Spatio-Temporal-Library/time-series/2026-06-16/itransformer/pretrain10/etth1/time-series/seed_0/training_log.json
[2026-06-16 00:59:33,294][pretrain_logger][INFO] - Logged epoch Pretrain 6 info to /public/home/202411094934/python_project/Spatio-Temporal-Library/time-series/2026-06-16/itransformer/pretrain10/etth1/time-series/seed_0/training_log.json
2026-06-16 01:02:18 - pretrain_logger - INFO - [JEPA Pretrain] Epoch 7/10, loss=0.539095, time=165.36s
[2026-06-16 01:02:18,654][pretrain_logger][INFO] - [JEPA Pretrain] Epoch 7/10, loss=0.539095, time=165.36s
2026-06-16 01:02:18 - pretrain_logger - INFO - Pretrain loss: 0.539095371947378
[2026-06-16 01:02:18,655][pretrain_logger][INFO] - Pretrain loss: 0.539095371947378
2026-06-16 01:02:18 - pretrain_logger - INFO - Pretrain time: 165.35982871055603s
[2026-06-16 01:02:18,655][pretrain_logger][INFO] - Pretrain time: 165.35982871055603s
2026-06-16 01:02:18 - pretrain_logger - INFO - Pretrain memory reserved: 24.00 MB
[2026-06-16 01:02:18,655][pretrain_logger][INFO] - Pretrain memory reserved: 24.00 MB
2026-06-16 01:02:18 - pretrain_logger - INFO - Pretrain memory allocated: 18.04 MB
[2026-06-16 01:02:18,655][pretrain_logger][INFO] - Pretrain memory allocated: 18.04 MB
2026-06-16 01:02:18 - pretrain_logger - INFO - Current learning rate: 0.0005
[2026-06-16 01:02:18,656][pretrain_logger][INFO] - Current learning rate: 0.0005
2026-06-16 01:02:18 - pretrain_logger - INFO - Logged epoch Pretrain 7 info to /public/home/202411094934/python_project/Spatio-Temporal-Library/time-series/2026-06-16/itransformer/pretrain10/etth1/time-series/seed_0/training_log.json
[2026-06-16 01:02:18,659][pretrain_logger][INFO] - Logged epoch Pretrain 7 info to /public/home/202411094934/python_project/Spatio-Temporal-Library/time-series/2026-06-16/itransformer/pretrain10/etth1/time-series/seed_0/training_log.json
2026-06-16 01:05:03 - pretrain_logger - INFO - [JEPA Pretrain] Epoch 8/10, loss=0.527672, time=165.19s
[2026-06-16 01:05:03,844][pretrain_logger][INFO] - [JEPA Pretrain] Epoch 8/10, loss=0.527672, time=165.19s
2026-06-16 01:05:03 - pretrain_logger - INFO - Pretrain loss: 0.527672415012108
[2026-06-16 01:05:03,866][pretrain_logger][INFO] - Pretrain loss: 0.527672415012108
2026-06-16 01:05:03 - pretrain_logger - INFO - Pretrain time: 165.18523120880127s
[2026-06-16 01:05:03,867][pretrain_logger][INFO] - Pretrain time: 165.18523120880127s
2026-06-16 01:05:03 - pretrain_logger - INFO - Pretrain memory reserved: 24.00 MB
[2026-06-16 01:05:03,867][pretrain_logger][INFO] - Pretrain memory reserved: 24.00 MB
2026-06-16 01:05:03 - pretrain_logger - INFO - Pretrain memory allocated: 18.04 MB
[2026-06-16 01:05:03,867][pretrain_logger][INFO] - Pretrain memory allocated: 18.04 MB
2026-06-16 01:05:03 - pretrain_logger - INFO - Current learning rate: 0.0005
[2026-06-16 01:05:03,867][pretrain_logger][INFO] - Current learning rate: 0.0005
2026-06-16 01:05:03 - pretrain_logger - INFO - Logged epoch Pretrain 8 info to /public/home/202411094934/python_project/Spatio-Temporal-Library/time-series/2026-06-16/itransformer/pretrain10/etth1/time-series/seed_0/training_log.json
[2026-06-16 01:05:03,870][pretrain_logger][INFO] - Logged epoch Pretrain 8 info to /public/home/202411094934/python_project/Spatio-Temporal-Library/time-series/2026-06-16/itransformer/pretrain10/etth1/time-series/seed_0/training_log.json
2026-06-16 01:07:49 - pretrain_logger - INFO - [JEPA Pretrain] Epoch 9/10, loss=0.519348, time=165.54s
[2026-06-16 01:07:49,409][pretrain_logger][INFO] - [JEPA Pretrain] Epoch 9/10, loss=0.519348, time=165.54s
2026-06-16 01:07:49 - pretrain_logger - INFO - Pretrain loss: 0.5193480091306096
[2026-06-16 01:07:49,409][pretrain_logger][INFO] - Pretrain loss: 0.5193480091306096
2026-06-16 01:07:49 - pretrain_logger - INFO - Pretrain time: 165.5388572216034s
[2026-06-16 01:07:49,410][pretrain_logger][INFO] - Pretrain time: 165.5388572216034s
2026-06-16 01:07:49 - pretrain_logger - INFO - Pretrain memory reserved: 24.00 MB
[2026-06-16 01:07:49,410][pretrain_logger][INFO] - Pretrain memory reserved: 24.00 MB
2026-06-16 01:07:49 - pretrain_logger - INFO - Pretrain memory allocated: 18.04 MB
[2026-06-16 01:07:49,410][pretrain_logger][INFO] - Pretrain memory allocated: 18.04 MB
2026-06-16 01:07:49 - pretrain_logger - INFO - Current learning rate: 0.0005
[2026-06-16 01:07:49,410][pretrain_logger][INFO] - Current learning rate: 0.0005
2026-06-16 01:07:49 - pretrain_logger - INFO - Logged epoch Pretrain 9 info to /public/home/202411094934/python_project/Spatio-Temporal-Library/time-series/2026-06-16/itransformer/pretrain10/etth1/time-series/seed_0/training_log.json
[2026-06-16 01:07:49,413][pretrain_logger][INFO] - Logged epoch Pretrain 9 info to /public/home/202411094934/python_project/Spatio-Temporal-Library/time-series/2026-06-16/itransformer/pretrain10/etth1/time-series/seed_0/training_log.json
2026-06-16 01:10:35 - pretrain_logger - INFO - [JEPA Pretrain] Epoch 10/10, loss=0.500173, time=165.59s
[2026-06-16 01:10:35,001][pretrain_logger][INFO] - [JEPA Pretrain] Epoch 10/10, loss=0.500173, time=165.59s
2026-06-16 01:10:35 - pretrain_logger - INFO - Pretrain loss: 0.5001727340650737
[2026-06-16 01:10:35,023][pretrain_logger][INFO] - Pretrain loss: 0.5001727340650737
2026-06-16 01:10:35 - pretrain_logger - INFO - Pretrain time: 165.5880172252655s
[2026-06-16 01:10:35,023][pretrain_logger][INFO] - Pretrain time: 165.5880172252655s
2026-06-16 01:10:35 - pretrain_logger - INFO - Pretrain memory reserved: 24.00 MB
[2026-06-16 01:10:35,023][pretrain_logger][INFO] - Pretrain memory reserved: 24.00 MB
2026-06-16 01:10:35 - pretrain_logger - INFO - Pretrain memory allocated: 18.04 MB
[2026-06-16 01:10:35,023][pretrain_logger][INFO] - Pretrain memory allocated: 18.04 MB
2026-06-16 01:10:35 - pretrain_logger - INFO - Current learning rate: 0.0005
[2026-06-16 01:10:35,024][pretrain_logger][INFO] - Current learning rate: 0.0005
2026-06-16 01:10:35 - pretrain_logger - INFO - Logged epoch Pretrain 10 info to /public/home/202411094934/python_project/Spatio-Temporal-Library/time-series/2026-06-16/itransformer/pretrain10/etth1/time-series/seed_0/training_log.json
[2026-06-16 01:10:35,026][pretrain_logger][INFO] - Logged epoch Pretrain 10 info to /public/home/202411094934/python_project/Spatio-Temporal-Library/time-series/2026-06-16/itransformer/pretrain10/etth1/time-series/seed_0/training_log.json
2026-06-16 01:10:35 - pretrain_logger - INFO - JEPA pretraining completed.
[2026-06-16 01:10:35,026][pretrain_logger][INFO] - JEPA pretraining completed.
2026-06-16 09:05:16 - pretrain_logger - INFO - Model parameters: 158,912
[2026-06-16 09:05:16,735][pretrain_logger][INFO] - Model parameters: 158,912
2026-06-16 09:05:16 - pretrain_logger - INFO - Log file already exists at /public/home/202411094934/python_project/Spatio-Temporal-Library/time-series/2026-06-16/itransformer/pretrain10/etth1/time-series/seed_0/training_log.json, appending to it.
[2026-06-16 09:05:16,981][pretrain_logger][INFO] - Log file already exists at /public/home/202411094934/python_project/Spatio-Temporal-Library/time-series/2026-06-16/itransformer/pretrain10/etth1/time-series/seed_0/training_log.json, appending to it.
2026-06-16 09:05:16 - pretrain_logger - INFO - Starting JEPA pretraining...
[2026-06-16 09:05:16,982][pretrain_logger][INFO] - Starting JEPA pretraining...
2026-06-16 09:08:01 - pretrain_logger - INFO - [JEPA Pretrain] Epoch 1/10, loss=0.679320, time=164.88s
[2026-06-16 09:08:01,864][pretrain_logger][INFO] - [JEPA Pretrain] Epoch 1/10, loss=0.679320, time=164.88s
2026-06-16 09:08:01 - pretrain_logger - INFO - Pretrain loss: 0.6793200118917011
[2026-06-16 09:08:01,865][pretrain_logger][INFO] - Pretrain loss: 0.6793200118917011
2026-06-16 09:08:01 - pretrain_logger - INFO - Pretrain time: 164.88266396522522s
[2026-06-16 09:08:01,865][pretrain_logger][INFO] - Pretrain time: 164.88266396522522s
2026-06-16 09:08:01 - pretrain_logger - INFO - Pretrain memory reserved: 24.00 MB
[2026-06-16 09:08:01,865][pretrain_logger][INFO] - Pretrain memory reserved: 24.00 MB
2026-06-16 09:08:01 - pretrain_logger - INFO - Pretrain memory allocated: 18.04 MB
[2026-06-16 09:08:01,865][pretrain_logger][INFO] - Pretrain memory allocated: 18.04 MB
2026-06-16 09:08:01 - pretrain_logger - INFO - Current learning rate: 0.0005
[2026-06-16 09:08:01,866][pretrain_logger][INFO] - Current learning rate: 0.0005
2026-06-16 09:08:01 - pretrain_logger - INFO - Logged epoch Pretrain 1 info to /public/home/202411094934/python_project/Spatio-Temporal-Library/time-series/2026-06-16/itransformer/pretrain10/etth1/time-series/seed_0/training_log.json
[2026-06-16 09:08:01,869][pretrain_logger][INFO] - Logged epoch Pretrain 1 info to /public/home/202411094934/python_project/Spatio-Temporal-Library/time-series/2026-06-16/itransformer/pretrain10/etth1/time-series/seed_0/training_log.json
2026-06-16 09:10:46 - pretrain_logger - INFO - [JEPA Pretrain] Epoch 2/10, loss=0.647129, time=164.51s
[2026-06-16 09:10:46,383][pretrain_logger][INFO] - [JEPA Pretrain] Epoch 2/10, loss=0.647129, time=164.51s
2026-06-16 09:10:46 - pretrain_logger - INFO - Pretrain loss: 0.6471294472312776
[2026-06-16 09:10:46,408][pretrain_logger][INFO] - Pretrain loss: 0.6471294472312776
2026-06-16 09:10:46 - pretrain_logger - INFO - Pretrain time: 164.5134620666504s
[2026-06-16 09:10:46,408][pretrain_logger][INFO] - Pretrain time: 164.5134620666504s
2026-06-16 09:10:46 - pretrain_logger - INFO - Pretrain memory reserved: 24.00 MB
[2026-06-16 09:10:46,408][pretrain_logger][INFO] - Pretrain memory reserved: 24.00 MB
2026-06-16 09:10:46 - pretrain_logger - INFO - Pretrain memory allocated: 18.04 MB
[2026-06-16 09:10:46,408][pretrain_logger][INFO] - Pretrain memory allocated: 18.04 MB
2026-06-16 09:10:46 - pretrain_logger - INFO - Current learning rate: 0.0005
[2026-06-16 09:10:46,409][pretrain_logger][INFO] - Current learning rate: 0.0005
2026-06-16 09:10:46 - pretrain_logger - INFO - Logged epoch Pretrain 2 info to /public/home/202411094934/python_project/Spatio-Temporal-Library/time-series/2026-06-16/itransformer/pretrain10/etth1/time-series/seed_0/training_log.json
[2026-06-16 09:10:46,412][pretrain_logger][INFO] - Logged epoch Pretrain 2 info to /public/home/202411094934/python_project/Spatio-Temporal-Library/time-series/2026-06-16/itransformer/pretrain10/etth1/time-series/seed_0/training_log.json
2026-06-16 09:13:30 - pretrain_logger - INFO - [JEPA Pretrain] Epoch 3/10, loss=0.649735, time=164.51s
[2026-06-16 09:13:30,918][pretrain_logger][INFO] - [JEPA Pretrain] Epoch 3/10, loss=0.649735, time=164.51s
2026-06-16 09:13:30 - pretrain_logger - INFO - Pretrain loss: 0.6497353572253989
[2026-06-16 09:13:30,919][pretrain_logger][INFO] - Pretrain loss: 0.6497353572253989
2026-06-16 09:13:30 - pretrain_logger - INFO - Pretrain time: 164.50621056556702s
[2026-06-16 09:13:30,919][pretrain_logger][INFO] - Pretrain time: 164.50621056556702s
2026-06-16 09:13:30 - pretrain_logger - INFO - Pretrain memory reserved: 24.00 MB
[2026-06-16 09:13:30,919][pretrain_logger][INFO] - Pretrain memory reserved: 24.00 MB
2026-06-16 09:13:30 - pretrain_logger - INFO - Pretrain memory allocated: 18.04 MB
[2026-06-16 09:13:30,919][pretrain_logger][INFO] - Pretrain memory allocated: 18.04 MB
2026-06-16 09:13:30 - pretrain_logger - INFO - Current learning rate: 0.0005
[2026-06-16 09:13:30,919][pretrain_logger][INFO] - Current learning rate: 0.0005
2026-06-16 09:13:30 - pretrain_logger - INFO - Logged epoch Pretrain 3 info to /public/home/202411094934/python_project/Spatio-Temporal-Library/time-series/2026-06-16/itransformer/pretrain10/etth1/time-series/seed_0/training_log.json
[2026-06-16 09:13:30,922][pretrain_logger][INFO] - Logged epoch Pretrain 3 info to /public/home/202411094934/python_project/Spatio-Temporal-Library/time-series/2026-06-16/itransformer/pretrain10/etth1/time-series/seed_0/training_log.json
2026-06-16 09:16:15 - pretrain_logger - INFO - [JEPA Pretrain] Epoch 4/10, loss=0.600178, time=164.25s
[2026-06-16 09:16:15,177][pretrain_logger][INFO] - [JEPA Pretrain] Epoch 4/10, loss=0.600178, time=164.25s
2026-06-16 09:16:15 - pretrain_logger - INFO - Pretrain loss: 0.600177811943642
[2026-06-16 09:16:15,201][pretrain_logger][INFO] - Pretrain loss: 0.600177811943642
2026-06-16 09:16:15 - pretrain_logger - INFO - Pretrain time: 164.25418901443481s
[2026-06-16 09:16:15,201][pretrain_logger][INFO] - Pretrain time: 164.25418901443481s
2026-06-16 09:16:15 - pretrain_logger - INFO - Pretrain memory reserved: 24.00 MB
[2026-06-16 09:16:15,201][pretrain_logger][INFO] - Pretrain memory reserved: 24.00 MB
2026-06-16 09:16:15 - pretrain_logger - INFO - Pretrain memory allocated: 18.04 MB
[2026-06-16 09:16:15,201][pretrain_logger][INFO] - Pretrain memory allocated: 18.04 MB
2026-06-16 09:16:15 - pretrain_logger - INFO - Current learning rate: 0.0005
[2026-06-16 09:16:15,202][pretrain_logger][INFO] - Current learning rate: 0.0005
2026-06-16 09:16:15 - pretrain_logger - INFO - Logged epoch Pretrain 4 info to /public/home/202411094934/python_project/Spatio-Temporal-Library/time-series/2026-06-16/itransformer/pretrain10/etth1/time-series/seed_0/training_log.json
[2026-06-16 09:16:15,204][pretrain_logger][INFO] - Logged epoch Pretrain 4 info to /public/home/202411094934/python_project/Spatio-Temporal-Library/time-series/2026-06-16/itransformer/pretrain10/etth1/time-series/seed_0/training_log.json
2026-06-16 09:18:59 - pretrain_logger - INFO - [JEPA Pretrain] Epoch 5/10, loss=0.568300, time=164.35s
[2026-06-16 09:18:59,559][pretrain_logger][INFO] - [JEPA Pretrain] Epoch 5/10, loss=0.568300, time=164.35s
2026-06-16 09:18:59 - pretrain_logger - INFO - Pretrain loss: 0.5682995943669118
[2026-06-16 09:18:59,559][pretrain_logger][INFO] - Pretrain loss: 0.5682995943669118
2026-06-16 09:18:59 - pretrain_logger - INFO - Pretrain time: 164.3540437221527s
[2026-06-16 09:18:59,559][pretrain_logger][INFO] - Pretrain time: 164.3540437221527s
2026-06-16 09:18:59 - pretrain_logger - INFO - Pretrain memory reserved: 24.00 MB
[2026-06-16 09:18:59,559][pretrain_logger][INFO] - Pretrain memory reserved: 24.00 MB
2026-06-16 09:18:59 - pretrain_logger - INFO - Pretrain memory allocated: 18.04 MB
[2026-06-16 09:18:59,560][pretrain_logger][INFO] - Pretrain memory allocated: 18.04 MB
2026-06-16 09:18:59 - pretrain_logger - INFO - Current learning rate: 0.0005
[2026-06-16 09:18:59,560][pretrain_logger][INFO] - Current learning rate: 0.0005
2026-06-16 09:18:59 - pretrain_logger - INFO - Logged epoch Pretrain 5 info to /public/home/202411094934/python_project/Spatio-Temporal-Library/time-series/2026-06-16/itransformer/pretrain10/etth1/time-series/seed_0/training_log.json
[2026-06-16 09:18:59,563][pretrain_logger][INFO] - Logged epoch Pretrain 5 info to /public/home/202411094934/python_project/Spatio-Temporal-Library/time-series/2026-06-16/itransformer/pretrain10/etth1/time-series/seed_0/training_log.json
2026-06-16 09:21:43 - pretrain_logger - INFO - [JEPA Pretrain] Epoch 6/10, loss=0.550888, time=163.89s
[2026-06-16 09:21:43,454][pretrain_logger][INFO] - [JEPA Pretrain] Epoch 6/10, loss=0.550888, time=163.89s
2026-06-16 09:21:43 - pretrain_logger - INFO - Pretrain loss: 0.550887902414218
[2026-06-16 09:21:43,478][pretrain_logger][INFO] - Pretrain loss: 0.550887902414218
2026-06-16 09:21:43 - pretrain_logger - INFO - Pretrain time: 163.89042258262634s
[2026-06-16 09:21:43,478][pretrain_logger][INFO] - Pretrain time: 163.89042258262634s
2026-06-16 09:21:43 - pretrain_logger - INFO - Pretrain memory reserved: 24.00 MB
[2026-06-16 09:21:43,478][pretrain_logger][INFO] - Pretrain memory reserved: 24.00 MB
2026-06-16 09:21:43 - pretrain_logger - INFO - Pretrain memory allocated: 18.04 MB
[2026-06-16 09:21:43,479][pretrain_logger][INFO] - Pretrain memory allocated: 18.04 MB
2026-06-16 09:21:43 - pretrain_logger - INFO - Current learning rate: 0.0005
[2026-06-16 09:21:43,479][pretrain_logger][INFO] - Current learning rate: 0.0005
2026-06-16 09:21:43 - pretrain_logger - INFO - Logged epoch Pretrain 6 info to /public/home/202411094934/python_project/Spatio-Temporal-Library/time-series/2026-06-16/itransformer/pretrain10/etth1/time-series/seed_0/training_log.json
[2026-06-16 09:21:43,481][pretrain_logger][INFO] - Logged epoch Pretrain 6 info to /public/home/202411094934/python_project/Spatio-Temporal-Library/time-series/2026-06-16/itransformer/pretrain10/etth1/time-series/seed_0/training_log.json
2026-06-16 09:24:27 - pretrain_logger - INFO - [JEPA Pretrain] Epoch 7/10, loss=0.539095, time=164.07s
[2026-06-16 09:24:27,556][pretrain_logger][INFO] - [JEPA Pretrain] Epoch 7/10, loss=0.539095, time=164.07s
2026-06-16 09:24:27 - pretrain_logger - INFO - Pretrain loss: 0.539095371947378
[2026-06-16 09:24:27,557][pretrain_logger][INFO] - Pretrain loss: 0.539095371947378
2026-06-16 09:24:27 - pretrain_logger - INFO - Pretrain time: 164.07433652877808s
[2026-06-16 09:24:27,557][pretrain_logger][INFO] - Pretrain time: 164.07433652877808s
2026-06-16 09:24:27 - pretrain_logger - INFO - Pretrain memory reserved: 24.00 MB
[2026-06-16 09:24:27,557][pretrain_logger][INFO] - Pretrain memory reserved: 24.00 MB
2026-06-16 09:24:27 - pretrain_logger - INFO - Pretrain memory allocated: 18.04 MB
[2026-06-16 09:24:27,557][pretrain_logger][INFO] - Pretrain memory allocated: 18.04 MB
2026-06-16 09:24:27 - pretrain_logger - INFO - Current learning rate: 0.0005
[2026-06-16 09:24:27,557][pretrain_logger][INFO] - Current learning rate: 0.0005
2026-06-16 09:24:27 - pretrain_logger - INFO - Logged epoch Pretrain 7 info to /public/home/202411094934/python_project/Spatio-Temporal-Library/time-series/2026-06-16/itransformer/pretrain10/etth1/time-series/seed_0/training_log.json
[2026-06-16 09:24:27,560][pretrain_logger][INFO] - Logged epoch Pretrain 7 info to /public/home/202411094934/python_project/Spatio-Temporal-Library/time-series/2026-06-16/itransformer/pretrain10/etth1/time-series/seed_0/training_log.json
2026-06-16 09:27:11 - pretrain_logger - INFO - [JEPA Pretrain] Epoch 8/10, loss=0.527672, time=164.27s
[2026-06-16 09:27:11,829][pretrain_logger][INFO] - [JEPA Pretrain] Epoch 8/10, loss=0.527672, time=164.27s
2026-06-16 09:27:11 - pretrain_logger - INFO - Pretrain loss: 0.527672415012108
[2026-06-16 09:27:11,853][pretrain_logger][INFO] - Pretrain loss: 0.527672415012108
2026-06-16 09:27:11 - pretrain_logger - INFO - Pretrain time: 164.26853132247925s
[2026-06-16 09:27:11,853][pretrain_logger][INFO] - Pretrain time: 164.26853132247925s
2026-06-16 09:27:11 - pretrain_logger - INFO - Pretrain memory reserved: 24.00 MB
[2026-06-16 09:27:11,853][pretrain_logger][INFO] - Pretrain memory reserved: 24.00 MB
2026-06-16 09:27:11 - pretrain_logger - INFO - Pretrain memory allocated: 18.04 MB
[2026-06-16 09:27:11,853][pretrain_logger][INFO] - Pretrain memory allocated: 18.04 MB
2026-06-16 09:27:11 - pretrain_logger - INFO - Current learning rate: 0.0005
[2026-06-16 09:27:11,854][pretrain_logger][INFO] - Current learning rate: 0.0005
2026-06-16 09:27:11 - pretrain_logger - INFO - Logged epoch Pretrain 8 info to /public/home/202411094934/python_project/Spatio-Temporal-Library/time-series/2026-06-16/itransformer/pretrain10/etth1/time-series/seed_0/training_log.json
[2026-06-16 09:27:11,857][pretrain_logger][INFO] - Logged epoch Pretrain 8 info to /public/home/202411094934/python_project/Spatio-Temporal-Library/time-series/2026-06-16/itransformer/pretrain10/etth1/time-series/seed_0/training_log.json
2026-06-16 09:29:56 - pretrain_logger - INFO - [JEPA Pretrain] Epoch 9/10, loss=0.519348, time=164.53s
[2026-06-16 09:29:56,383][pretrain_logger][INFO] - [JEPA Pretrain] Epoch 9/10, loss=0.519348, time=164.53s
2026-06-16 09:29:56 - pretrain_logger - INFO - Pretrain loss: 0.5193480091306096
[2026-06-16 09:29:56,384][pretrain_logger][INFO] - Pretrain loss: 0.5193480091306096
2026-06-16 09:29:56 - pretrain_logger - INFO - Pretrain time: 164.52661442756653s
[2026-06-16 09:29:56,384][pretrain_logger][INFO] - Pretrain time: 164.52661442756653s
2026-06-16 09:29:56 - pretrain_logger - INFO - Pretrain memory reserved: 24.00 MB
[2026-06-16 09:29:56,384][pretrain_logger][INFO] - Pretrain memory reserved: 24.00 MB
2026-06-16 09:29:56 - pretrain_logger - INFO - Pretrain memory allocated: 18.04 MB
[2026-06-16 09:29:56,384][pretrain_logger][INFO] - Pretrain memory allocated: 18.04 MB
2026-06-16 09:29:56 - pretrain_logger - INFO - Current learning rate: 0.0005
[2026-06-16 09:29:56,385][pretrain_logger][INFO] - Current learning rate: 0.0005
2026-06-16 09:29:56 - pretrain_logger - INFO - Logged epoch Pretrain 9 info to /public/home/202411094934/python_project/Spatio-Temporal-Library/time-series/2026-06-16/itransformer/pretrain10/etth1/time-series/seed_0/training_log.json
[2026-06-16 09:29:56,388][pretrain_logger][INFO] - Logged epoch Pretrain 9 info to /public/home/202411094934/python_project/Spatio-Temporal-Library/time-series/2026-06-16/itransformer/pretrain10/etth1/time-series/seed_0/training_log.json
2026-06-16 09:32:40 - pretrain_logger - INFO - [JEPA Pretrain] Epoch 10/10, loss=0.500173, time=164.32s
[2026-06-16 09:32:40,711][pretrain_logger][INFO] - [JEPA Pretrain] Epoch 10/10, loss=0.500173, time=164.32s
2026-06-16 09:32:40 - pretrain_logger - INFO - Pretrain loss: 0.5001727340650737
[2026-06-16 09:32:40,735][pretrain_logger][INFO] - Pretrain loss: 0.5001727340650737
2026-06-16 09:32:40 - pretrain_logger - INFO - Pretrain time: 164.32273364067078s
[2026-06-16 09:32:40,735][pretrain_logger][INFO] - Pretrain time: 164.32273364067078s
2026-06-16 09:32:40 - pretrain_logger - INFO - Pretrain memory reserved: 24.00 MB
[2026-06-16 09:32:40,735][pretrain_logger][INFO] - Pretrain memory reserved: 24.00 MB
2026-06-16 09:32:40 - pretrain_logger - INFO - Pretrain memory allocated: 18.04 MB
[2026-06-16 09:32:40,735][pretrain_logger][INFO] - Pretrain memory allocated: 18.04 MB
2026-06-16 09:32:40 - pretrain_logger - INFO - Current learning rate: 0.0005
[2026-06-16 09:32:40,735][pretrain_logger][INFO] - Current learning rate: 0.0005
2026-06-16 09:32:40 - pretrain_logger - INFO - Logged epoch Pretrain 10 info to /public/home/202411094934/python_project/Spatio-Temporal-Library/time-series/2026-06-16/itransformer/pretrain10/etth1/time-series/seed_0/training_log.json
[2026-06-16 09:32:40,738][pretrain_logger][INFO] - Logged epoch Pretrain 10 info to /public/home/202411094934/python_project/Spatio-Temporal-Library/time-series/2026-06-16/itransformer/pretrain10/etth1/time-series/seed_0/training_log.json
2026-06-16 09:32:40 - pretrain_logger - INFO - JEPA pretraining completed.
[2026-06-16 09:32:40,738][pretrain_logger][INFO] - JEPA pretraining completed.
