2026-06-14 11:41:00 - pretrain_logger - INFO - Model parameters: 824,672
[2026-06-14 11:41:00,535][pretrain_logger][INFO] - Model parameters: 824,672
2026-06-14 11:41:00 - pretrain_logger - INFO - Created new log file at /public/home/202411094934/python_project/Spatio-Temporal-Library/time-series/2026-06-13/crossformer/pretrain10/ettm2/time-series/seed_2/training_log.json
[2026-06-14 11:41:00,591][pretrain_logger][INFO] - Created new log file at /public/home/202411094934/python_project/Spatio-Temporal-Library/time-series/2026-06-13/crossformer/pretrain10/ettm2/time-series/seed_2/training_log.json
2026-06-14 11:41:00 - pretrain_logger - INFO - Starting JEPA pretraining...
[2026-06-14 11:41:00,592][pretrain_logger][INFO] - Starting JEPA pretraining...
2026-06-14 12:01:37 - pretrain_logger - INFO - [JEPA Pretrain] Epoch 1/10, loss=1.278075, time=1236.91s
[2026-06-14 12:01:37,504][pretrain_logger][INFO] - [JEPA Pretrain] Epoch 1/10, loss=1.278075, time=1236.91s
2026-06-14 12:01:37 - pretrain_logger - INFO - Pretrain loss: 1.2780754681596773
[2026-06-14 12:01:37,505][pretrain_logger][INFO] - Pretrain loss: 1.2780754681596773
2026-06-14 12:01:37 - pretrain_logger - INFO - Pretrain time: 1236.91281914711s
[2026-06-14 12:01:37,506][pretrain_logger][INFO] - Pretrain time: 1236.91281914711s
2026-06-14 12:01:37 - pretrain_logger - INFO - Pretrain memory reserved: 74.00 MB
[2026-06-14 12:01:37,506][pretrain_logger][INFO] - Pretrain memory reserved: 74.00 MB
2026-06-14 12:01:37 - pretrain_logger - INFO - Pretrain memory allocated: 22.08 MB
[2026-06-14 12:01:37,506][pretrain_logger][INFO] - Pretrain memory allocated: 22.08 MB
2026-06-14 12:01:37 - pretrain_logger - INFO - Current learning rate: 0.0005
[2026-06-14 12:01:37,506][pretrain_logger][INFO] - Current learning rate: 0.0005
2026-06-14 12:01:37 - pretrain_logger - INFO - Logged epoch Pretrain 1 info to /public/home/202411094934/python_project/Spatio-Temporal-Library/time-series/2026-06-13/crossformer/pretrain10/ettm2/time-series/seed_2/training_log.json
[2026-06-14 12:01:37,509][pretrain_logger][INFO] - Logged epoch Pretrain 1 info to /public/home/202411094934/python_project/Spatio-Temporal-Library/time-series/2026-06-13/crossformer/pretrain10/ettm2/time-series/seed_2/training_log.json
2026-06-14 12:21:53 - pretrain_logger - INFO - [JEPA Pretrain] Epoch 2/10, loss=1.242173, time=1215.69s
[2026-06-14 12:21:53,195][pretrain_logger][INFO] - [JEPA Pretrain] Epoch 2/10, loss=1.242173, time=1215.69s
2026-06-14 12:21:53 - pretrain_logger - INFO - Pretrain loss: 1.2421727113987011
[2026-06-14 12:21:53,255][pretrain_logger][INFO] - Pretrain loss: 1.2421727113987011
2026-06-14 12:21:53 - pretrain_logger - INFO - Pretrain time: 1215.6857991218567s
[2026-06-14 12:21:53,256][pretrain_logger][INFO] - Pretrain time: 1215.6857991218567s
2026-06-14 12:21:53 - pretrain_logger - INFO - Pretrain memory reserved: 74.00 MB
[2026-06-14 12:21:53,256][pretrain_logger][INFO] - Pretrain memory reserved: 74.00 MB
2026-06-14 12:21:53 - pretrain_logger - INFO - Pretrain memory allocated: 22.08 MB
[2026-06-14 12:21:53,256][pretrain_logger][INFO] - Pretrain memory allocated: 22.08 MB
2026-06-14 12:21:53 - pretrain_logger - INFO - Current learning rate: 0.0005
[2026-06-14 12:21:53,256][pretrain_logger][INFO] - Current learning rate: 0.0005
2026-06-14 12:21:53 - pretrain_logger - INFO - Logged epoch Pretrain 2 info to /public/home/202411094934/python_project/Spatio-Temporal-Library/time-series/2026-06-13/crossformer/pretrain10/ettm2/time-series/seed_2/training_log.json
[2026-06-14 12:21:53,258][pretrain_logger][INFO] - Logged epoch Pretrain 2 info to /public/home/202411094934/python_project/Spatio-Temporal-Library/time-series/2026-06-13/crossformer/pretrain10/ettm2/time-series/seed_2/training_log.json
2026-06-14 12:42:30 - pretrain_logger - INFO - [JEPA Pretrain] Epoch 3/10, loss=1.221333, time=1236.95s
[2026-06-14 12:42:30,204][pretrain_logger][INFO] - [JEPA Pretrain] Epoch 3/10, loss=1.221333, time=1236.95s
2026-06-14 12:42:30 - pretrain_logger - INFO - Pretrain loss: 1.2213331902570828
[2026-06-14 12:42:30,205][pretrain_logger][INFO] - Pretrain loss: 1.2213331902570828
2026-06-14 12:42:30 - pretrain_logger - INFO - Pretrain time: 1236.9458158016205s
[2026-06-14 12:42:30,205][pretrain_logger][INFO] - Pretrain time: 1236.9458158016205s
2026-06-14 12:42:30 - pretrain_logger - INFO - Pretrain memory reserved: 74.00 MB
[2026-06-14 12:42:30,205][pretrain_logger][INFO] - Pretrain memory reserved: 74.00 MB
2026-06-14 12:42:30 - pretrain_logger - INFO - Pretrain memory allocated: 22.08 MB
[2026-06-14 12:42:30,205][pretrain_logger][INFO] - Pretrain memory allocated: 22.08 MB
2026-06-14 12:42:30 - pretrain_logger - INFO - Current learning rate: 0.0005
[2026-06-14 12:42:30,205][pretrain_logger][INFO] - Current learning rate: 0.0005
2026-06-14 12:42:30 - pretrain_logger - INFO - Logged epoch Pretrain 3 info to /public/home/202411094934/python_project/Spatio-Temporal-Library/time-series/2026-06-13/crossformer/pretrain10/ettm2/time-series/seed_2/training_log.json
[2026-06-14 12:42:30,208][pretrain_logger][INFO] - Logged epoch Pretrain 3 info to /public/home/202411094934/python_project/Spatio-Temporal-Library/time-series/2026-06-13/crossformer/pretrain10/ettm2/time-series/seed_2/training_log.json
2026-06-14 13:03:07 - pretrain_logger - INFO - [JEPA Pretrain] Epoch 4/10, loss=1.130289, time=1236.81s
[2026-06-14 13:03:07,020][pretrain_logger][INFO] - [JEPA Pretrain] Epoch 4/10, loss=1.130289, time=1236.81s
2026-06-14 13:03:07 - pretrain_logger - INFO - Pretrain loss: 1.1302894257592166
[2026-06-14 13:03:07,081][pretrain_logger][INFO] - Pretrain loss: 1.1302894257592166
2026-06-14 13:03:07 - pretrain_logger - INFO - Pretrain time: 1236.812178850174s
[2026-06-14 13:03:07,081][pretrain_logger][INFO] - Pretrain time: 1236.812178850174s
2026-06-14 13:03:07 - pretrain_logger - INFO - Pretrain memory reserved: 74.00 MB
[2026-06-14 13:03:07,081][pretrain_logger][INFO] - Pretrain memory reserved: 74.00 MB
2026-06-14 13:03:07 - pretrain_logger - INFO - Pretrain memory allocated: 22.08 MB
[2026-06-14 13:03:07,081][pretrain_logger][INFO] - Pretrain memory allocated: 22.08 MB
2026-06-14 13:03:07 - pretrain_logger - INFO - Current learning rate: 0.0005
[2026-06-14 13:03:07,082][pretrain_logger][INFO] - Current learning rate: 0.0005
2026-06-14 13:03:07 - pretrain_logger - INFO - Logged epoch Pretrain 4 info to /public/home/202411094934/python_project/Spatio-Temporal-Library/time-series/2026-06-13/crossformer/pretrain10/ettm2/time-series/seed_2/training_log.json
[2026-06-14 13:03:07,084][pretrain_logger][INFO] - Logged epoch Pretrain 4 info to /public/home/202411094934/python_project/Spatio-Temporal-Library/time-series/2026-06-13/crossformer/pretrain10/ettm2/time-series/seed_2/training_log.json
2026-06-14 13:23:45 - pretrain_logger - INFO - [JEPA Pretrain] Epoch 5/10, loss=1.049409, time=1238.59s
[2026-06-14 13:23:45,670][pretrain_logger][INFO] - [JEPA Pretrain] Epoch 5/10, loss=1.049409, time=1238.59s
2026-06-14 13:23:45 - pretrain_logger - INFO - Pretrain loss: 1.0494091768772875
[2026-06-14 13:23:45,670][pretrain_logger][INFO] - Pretrain loss: 1.0494091768772875
2026-06-14 13:23:45 - pretrain_logger - INFO - Pretrain time: 1238.5850443840027s
[2026-06-14 13:23:45,671][pretrain_logger][INFO] - Pretrain time: 1238.5850443840027s
2026-06-14 13:23:45 - pretrain_logger - INFO - Pretrain memory reserved: 74.00 MB
[2026-06-14 13:23:45,671][pretrain_logger][INFO] - Pretrain memory reserved: 74.00 MB
2026-06-14 13:23:45 - pretrain_logger - INFO - Pretrain memory allocated: 22.08 MB
[2026-06-14 13:23:45,671][pretrain_logger][INFO] - Pretrain memory allocated: 22.08 MB
2026-06-14 13:23:45 - pretrain_logger - INFO - Current learning rate: 0.0005
[2026-06-14 13:23:45,671][pretrain_logger][INFO] - Current learning rate: 0.0005
2026-06-14 13:23:45 - pretrain_logger - INFO - Logged epoch Pretrain 5 info to /public/home/202411094934/python_project/Spatio-Temporal-Library/time-series/2026-06-13/crossformer/pretrain10/ettm2/time-series/seed_2/training_log.json
[2026-06-14 13:23:45,673][pretrain_logger][INFO] - Logged epoch Pretrain 5 info to /public/home/202411094934/python_project/Spatio-Temporal-Library/time-series/2026-06-13/crossformer/pretrain10/ettm2/time-series/seed_2/training_log.json
2026-06-14 13:44:23 - pretrain_logger - INFO - [JEPA Pretrain] Epoch 6/10, loss=0.965582, time=1238.09s
[2026-06-14 13:44:23,764][pretrain_logger][INFO] - [JEPA Pretrain] Epoch 6/10, loss=0.965582, time=1238.09s
2026-06-14 13:44:23 - pretrain_logger - INFO - Pretrain loss: 0.9655822223067796
[2026-06-14 13:44:23,825][pretrain_logger][INFO] - Pretrain loss: 0.9655822223067796
2026-06-14 13:44:23 - pretrain_logger - INFO - Pretrain time: 1238.0905592441559s
[2026-06-14 13:44:23,825][pretrain_logger][INFO] - Pretrain time: 1238.0905592441559s
2026-06-14 13:44:23 - pretrain_logger - INFO - Pretrain memory reserved: 74.00 MB
[2026-06-14 13:44:23,825][pretrain_logger][INFO] - Pretrain memory reserved: 74.00 MB
2026-06-14 13:44:23 - pretrain_logger - INFO - Pretrain memory allocated: 22.08 MB
[2026-06-14 13:44:23,825][pretrain_logger][INFO] - Pretrain memory allocated: 22.08 MB
2026-06-14 13:44:23 - pretrain_logger - INFO - Current learning rate: 0.0005
[2026-06-14 13:44:23,826][pretrain_logger][INFO] - Current learning rate: 0.0005
2026-06-14 13:44:23 - pretrain_logger - INFO - Logged epoch Pretrain 6 info to /public/home/202411094934/python_project/Spatio-Temporal-Library/time-series/2026-06-13/crossformer/pretrain10/ettm2/time-series/seed_2/training_log.json
[2026-06-14 13:44:23,828][pretrain_logger][INFO] - Logged epoch Pretrain 6 info to /public/home/202411094934/python_project/Spatio-Temporal-Library/time-series/2026-06-13/crossformer/pretrain10/ettm2/time-series/seed_2/training_log.json
2026-06-14 14:05:02 - pretrain_logger - INFO - [JEPA Pretrain] Epoch 7/10, loss=0.879191, time=1238.75s
[2026-06-14 14:05:02,582][pretrain_logger][INFO] - [JEPA Pretrain] Epoch 7/10, loss=0.879191, time=1238.75s
2026-06-14 14:05:02 - pretrain_logger - INFO - Pretrain loss: 0.8791914713137683
[2026-06-14 14:05:02,583][pretrain_logger][INFO] - Pretrain loss: 0.8791914713137683
2026-06-14 14:05:02 - pretrain_logger - INFO - Pretrain time: 1238.7541952133179s
[2026-06-14 14:05:02,583][pretrain_logger][INFO] - Pretrain time: 1238.7541952133179s
2026-06-14 14:05:02 - pretrain_logger - INFO - Pretrain memory reserved: 74.00 MB
[2026-06-14 14:05:02,584][pretrain_logger][INFO] - Pretrain memory reserved: 74.00 MB
2026-06-14 14:05:02 - pretrain_logger - INFO - Pretrain memory allocated: 22.08 MB
[2026-06-14 14:05:02,584][pretrain_logger][INFO] - Pretrain memory allocated: 22.08 MB
2026-06-14 14:05:02 - pretrain_logger - INFO - Current learning rate: 0.0005
[2026-06-14 14:05:02,584][pretrain_logger][INFO] - Current learning rate: 0.0005
2026-06-14 14:05:02 - pretrain_logger - INFO - Logged epoch Pretrain 7 info to /public/home/202411094934/python_project/Spatio-Temporal-Library/time-series/2026-06-13/crossformer/pretrain10/ettm2/time-series/seed_2/training_log.json
[2026-06-14 14:05:02,587][pretrain_logger][INFO] - Logged epoch Pretrain 7 info to /public/home/202411094934/python_project/Spatio-Temporal-Library/time-series/2026-06-13/crossformer/pretrain10/ettm2/time-series/seed_2/training_log.json
2026-06-14 14:25:40 - pretrain_logger - INFO - [JEPA Pretrain] Epoch 8/10, loss=0.806394, time=1238.08s
[2026-06-14 14:25:40,665][pretrain_logger][INFO] - [JEPA Pretrain] Epoch 8/10, loss=0.806394, time=1238.08s
2026-06-14 14:25:40 - pretrain_logger - INFO - Pretrain loss: 0.8063944861642522
[2026-06-14 14:25:40,726][pretrain_logger][INFO] - Pretrain loss: 0.8063944861642522
2026-06-14 14:25:40 - pretrain_logger - INFO - Pretrain time: 1238.0773885250092s
[2026-06-14 14:25:40,726][pretrain_logger][INFO] - Pretrain time: 1238.0773885250092s
2026-06-14 14:25:40 - pretrain_logger - INFO - Pretrain memory reserved: 74.00 MB
[2026-06-14 14:25:40,726][pretrain_logger][INFO] - Pretrain memory reserved: 74.00 MB
2026-06-14 14:25:40 - pretrain_logger - INFO - Pretrain memory allocated: 22.08 MB
[2026-06-14 14:25:40,726][pretrain_logger][INFO] - Pretrain memory allocated: 22.08 MB
2026-06-14 14:25:40 - pretrain_logger - INFO - Current learning rate: 0.0005
[2026-06-14 14:25:40,726][pretrain_logger][INFO] - Current learning rate: 0.0005
2026-06-14 14:25:40 - pretrain_logger - INFO - Logged epoch Pretrain 8 info to /public/home/202411094934/python_project/Spatio-Temporal-Library/time-series/2026-06-13/crossformer/pretrain10/ettm2/time-series/seed_2/training_log.json
[2026-06-14 14:25:40,729][pretrain_logger][INFO] - Logged epoch Pretrain 8 info to /public/home/202411094934/python_project/Spatio-Temporal-Library/time-series/2026-06-13/crossformer/pretrain10/ettm2/time-series/seed_2/training_log.json
2026-06-14 14:46:17 - pretrain_logger - INFO - [JEPA Pretrain] Epoch 9/10, loss=0.733327, time=1236.97s
[2026-06-14 14:46:17,699][pretrain_logger][INFO] - [JEPA Pretrain] Epoch 9/10, loss=0.733327, time=1236.97s
2026-06-14 14:46:17 - pretrain_logger - INFO - Pretrain loss: 0.7333271015430594
[2026-06-14 14:46:17,700][pretrain_logger][INFO] - Pretrain loss: 0.7333271015430594
2026-06-14 14:46:17 - pretrain_logger - INFO - Pretrain time: 1236.969893693924s
[2026-06-14 14:46:17,700][pretrain_logger][INFO] - Pretrain time: 1236.969893693924s
2026-06-14 14:46:17 - pretrain_logger - INFO - Pretrain memory reserved: 74.00 MB
[2026-06-14 14:46:17,700][pretrain_logger][INFO] - Pretrain memory reserved: 74.00 MB
2026-06-14 14:46:17 - pretrain_logger - INFO - Pretrain memory allocated: 22.08 MB
[2026-06-14 14:46:17,700][pretrain_logger][INFO] - Pretrain memory allocated: 22.08 MB
2026-06-14 14:46:17 - pretrain_logger - INFO - Current learning rate: 0.0005
[2026-06-14 14:46:17,700][pretrain_logger][INFO] - Current learning rate: 0.0005
2026-06-14 14:46:17 - pretrain_logger - INFO - Logged epoch Pretrain 9 info to /public/home/202411094934/python_project/Spatio-Temporal-Library/time-series/2026-06-13/crossformer/pretrain10/ettm2/time-series/seed_2/training_log.json
[2026-06-14 14:46:17,703][pretrain_logger][INFO] - Logged epoch Pretrain 9 info to /public/home/202411094934/python_project/Spatio-Temporal-Library/time-series/2026-06-13/crossformer/pretrain10/ettm2/time-series/seed_2/training_log.json
2026-06-14 15:06:55 - pretrain_logger - INFO - [JEPA Pretrain] Epoch 10/10, loss=0.679336, time=1237.69s
[2026-06-14 15:06:55,390][pretrain_logger][INFO] - [JEPA Pretrain] Epoch 10/10, loss=0.679336, time=1237.69s
2026-06-14 15:06:55 - pretrain_logger - INFO - Pretrain loss: 0.6793358264676925
[2026-06-14 15:06:55,451][pretrain_logger][INFO] - Pretrain loss: 0.6793358264676925
2026-06-14 15:06:55 - pretrain_logger - INFO - Pretrain time: 1237.6864471435547s
[2026-06-14 15:06:55,452][pretrain_logger][INFO] - Pretrain time: 1237.6864471435547s
2026-06-14 15:06:55 - pretrain_logger - INFO - Pretrain memory reserved: 74.00 MB
[2026-06-14 15:06:55,452][pretrain_logger][INFO] - Pretrain memory reserved: 74.00 MB
2026-06-14 15:06:55 - pretrain_logger - INFO - Pretrain memory allocated: 22.08 MB
[2026-06-14 15:06:55,452][pretrain_logger][INFO] - Pretrain memory allocated: 22.08 MB
2026-06-14 15:06:55 - pretrain_logger - INFO - Current learning rate: 0.0005
[2026-06-14 15:06:55,452][pretrain_logger][INFO] - Current learning rate: 0.0005
2026-06-14 15:06:55 - pretrain_logger - INFO - Logged epoch Pretrain 10 info to /public/home/202411094934/python_project/Spatio-Temporal-Library/time-series/2026-06-13/crossformer/pretrain10/ettm2/time-series/seed_2/training_log.json
[2026-06-14 15:06:55,455][pretrain_logger][INFO] - Logged epoch Pretrain 10 info to /public/home/202411094934/python_project/Spatio-Temporal-Library/time-series/2026-06-13/crossformer/pretrain10/ettm2/time-series/seed_2/training_log.json
2026-06-14 15:06:55 - pretrain_logger - INFO - JEPA pretraining completed.
[2026-06-14 15:06:55,455][pretrain_logger][INFO] - JEPA pretraining completed.
