2026-06-19 12:49:14 - finetune_logger - INFO - Loaded pretrained checkpoint from: /public/home/202411094934/python_project/Spatio-Temporal-Library/time-series/2026-06-19/patchtst/pretrain10/etth2/time-series/seed_0/jepa_pretrain_epoch_10.pth
Missing keys: []
Unexpected keys: []
[2026-06-19 12:49:14,629][finetune_logger][INFO] - Loaded pretrained checkpoint from: /public/home/202411094934/python_project/Spatio-Temporal-Library/time-series/2026-06-19/patchtst/pretrain10/etth2/time-series/seed_0/jepa_pretrain_epoch_10.pth
Missing keys: []
Unexpected keys: []
2026-06-19 12:49:14 - finetune_logger - INFO - Model parameters: 651,842
[2026-06-19 12:49:14,632][finetune_logger][INFO] - Model parameters: 651,842
2026-06-19 12:49:14 - finetune_logger - INFO - Created new log file at /public/home/202411094934/python_project/Spatio-Temporal-Library/time-series/2026-06-19/patchtst/pretrain10_finetune10/etth2/time-series/seed_0/training_log.json
[2026-06-19 12:49:14,635][finetune_logger][INFO] - Created new log file at /public/home/202411094934/python_project/Spatio-Temporal-Library/time-series/2026-06-19/patchtst/pretrain10_finetune10/etth2/time-series/seed_0/training_log.json
2026-06-19 12:49:14 - finetune_logger - INFO - Starting training...
[2026-06-19 12:49:14,635][finetune_logger][INFO] - Starting training...
2026-06-19 12:49:14 - finetune_logger - INFO - Epoch 1/10
[2026-06-19 12:49:14,635][finetune_logger][INFO] - Epoch 1/10
2026-06-19 12:51:04 - finetune_logger - INFO - Train loss: 2.850155699075368
[2026-06-19 12:51:04,484][finetune_logger][INFO] - Train loss: 2.850155699075368
2026-06-19 12:51:04 - finetune_logger - INFO - Train time: 109.84807062149048s
[2026-06-19 12:51:04,484][finetune_logger][INFO] - Train time: 109.84807062149048s
2026-06-19 12:51:04 - finetune_logger - INFO - Train memory reserved: 34.00 MB
[2026-06-19 12:51:04,484][finetune_logger][INFO] - Train memory reserved: 34.00 MB
2026-06-19 12:51:04 - finetune_logger - INFO - Train memory allocated: 23.73 MB
[2026-06-19 12:51:04,484][finetune_logger][INFO] - Train memory allocated: 23.73 MB
2026-06-19 12:51:04 - finetune_logger - INFO - Current learning rate: 0.0005
[2026-06-19 12:51:04,484][finetune_logger][INFO] - Current learning rate: 0.0005
2026-06-19 12:51:20 - finetune_logger - INFO - Validation metrics: {'MAE': 2.6561246407372647, 'RMSE': 3.8220812955583736}
[2026-06-19 12:51:20,082][finetune_logger][INFO] - Validation metrics: {'MAE': 2.6561246407372647, 'RMSE': 3.8220812955583736}
2026-06-19 12:51:20 - finetune_logger - INFO - Val time: 15.60s
[2026-06-19 12:51:20,082][finetune_logger][INFO] - Val time: 15.60s
2026-06-19 12:51:20 - finetune_logger - INFO - Val memory reserved: 34.00 MB
[2026-06-19 12:51:20,082][finetune_logger][INFO] - Val memory reserved: 34.00 MB
2026-06-19 12:51:20 - finetune_logger - INFO - Val memory allocated: 23.73 MB
[2026-06-19 12:51:20,083][finetune_logger][INFO] - Val memory allocated: 23.73 MB
2026-06-19 12:51:20 - finetune_logger - INFO - Logged epoch 1 info to /public/home/202411094934/python_project/Spatio-Temporal-Library/time-series/2026-06-19/patchtst/pretrain10_finetune10/etth2/time-series/seed_0/training_log.json
[2026-06-19 12:51:20,086][finetune_logger][INFO] - Logged epoch 1 info to /public/home/202411094934/python_project/Spatio-Temporal-Library/time-series/2026-06-19/patchtst/pretrain10_finetune10/etth2/time-series/seed_0/training_log.json
2026-06-19 12:51:20 - finetune_logger - INFO - New best model! Val loss: 2.656125
[2026-06-19 12:51:20,087][finetune_logger][INFO] - New best model! Val loss: 2.656125
2026-06-19 12:51:35 - finetune_logger - INFO - Test metrics: {'MAE': 2.905160954475404, 'RMSE': 4.33310777909416}
[2026-06-19 12:51:35,752][finetune_logger][INFO] - Test metrics: {'MAE': 2.905160954475404, 'RMSE': 4.33310777909416}
2026-06-19 12:51:35 - finetune_logger - INFO - Test time: 15.61s
[2026-06-19 12:51:35,752][finetune_logger][INFO] - Test time: 15.61s
2026-06-19 12:51:35 - finetune_logger - INFO - Test memory reserved: 34.00 MB
[2026-06-19 12:51:35,752][finetune_logger][INFO] - Test memory reserved: 34.00 MB
2026-06-19 12:51:35 - finetune_logger - INFO - Test memory allocated: 23.73 MB
[2026-06-19 12:51:35,752][finetune_logger][INFO] - Test memory allocated: 23.73 MB
2026-06-19 12:51:35 - finetune_logger - INFO - Epoch 2/10
[2026-06-19 12:51:35,753][finetune_logger][INFO] - Epoch 2/10
2026-06-19 12:53:25 - finetune_logger - INFO - Train loss: 2.623774701623443
[2026-06-19 12:53:25,063][finetune_logger][INFO] - Train loss: 2.623774701623443
2026-06-19 12:53:25 - finetune_logger - INFO - Train time: 109.30944013595581s
[2026-06-19 12:53:25,063][finetune_logger][INFO] - Train time: 109.30944013595581s
2026-06-19 12:53:25 - finetune_logger - INFO - Train memory reserved: 34.00 MB
[2026-06-19 12:53:25,063][finetune_logger][INFO] - Train memory reserved: 34.00 MB
2026-06-19 12:53:25 - finetune_logger - INFO - Train memory allocated: 23.73 MB
[2026-06-19 12:53:25,063][finetune_logger][INFO] - Train memory allocated: 23.73 MB
2026-06-19 12:53:25 - finetune_logger - INFO - Current learning rate: 0.0005
[2026-06-19 12:53:25,063][finetune_logger][INFO] - Current learning rate: 0.0005
2026-06-19 12:53:40 - finetune_logger - INFO - Validation metrics: {'MAE': 2.633491689772822, 'RMSE': 3.787914625894448}
[2026-06-19 12:53:40,668][finetune_logger][INFO] - Validation metrics: {'MAE': 2.633491689772822, 'RMSE': 3.787914625894448}
2026-06-19 12:53:40 - finetune_logger - INFO - Val time: 15.60s
[2026-06-19 12:53:40,669][finetune_logger][INFO] - Val time: 15.60s
2026-06-19 12:53:40 - finetune_logger - INFO - Val memory reserved: 34.00 MB
[2026-06-19 12:53:40,669][finetune_logger][INFO] - Val memory reserved: 34.00 MB
2026-06-19 12:53:40 - finetune_logger - INFO - Val memory allocated: 23.73 MB
[2026-06-19 12:53:40,669][finetune_logger][INFO] - Val memory allocated: 23.73 MB
2026-06-19 12:53:40 - finetune_logger - INFO - Logged epoch 2 info to /public/home/202411094934/python_project/Spatio-Temporal-Library/time-series/2026-06-19/patchtst/pretrain10_finetune10/etth2/time-series/seed_0/training_log.json
[2026-06-19 12:53:40,672][finetune_logger][INFO] - Logged epoch 2 info to /public/home/202411094934/python_project/Spatio-Temporal-Library/time-series/2026-06-19/patchtst/pretrain10_finetune10/etth2/time-series/seed_0/training_log.json
2026-06-19 12:53:40 - finetune_logger - INFO - New best model! Val loss: 2.633492
[2026-06-19 12:53:40,672][finetune_logger][INFO] - New best model! Val loss: 2.633492
2026-06-19 12:53:56 - finetune_logger - INFO - Test metrics: {'MAE': 2.881182130768185, 'RMSE': 4.289370916548213}
[2026-06-19 12:53:56,389][finetune_logger][INFO] - Test metrics: {'MAE': 2.881182130768185, 'RMSE': 4.289370916548213}
2026-06-19 12:53:56 - finetune_logger - INFO - Test time: 15.67s
[2026-06-19 12:53:56,389][finetune_logger][INFO] - Test time: 15.67s
2026-06-19 12:53:56 - finetune_logger - INFO - Test memory reserved: 34.00 MB
[2026-06-19 12:53:56,389][finetune_logger][INFO] - Test memory reserved: 34.00 MB
2026-06-19 12:53:56 - finetune_logger - INFO - Test memory allocated: 23.73 MB
[2026-06-19 12:53:56,389][finetune_logger][INFO] - Test memory allocated: 23.73 MB
2026-06-19 12:53:56 - finetune_logger - INFO - Epoch 3/10
[2026-06-19 12:53:56,389][finetune_logger][INFO] - Epoch 3/10
2026-06-19 12:55:45 - finetune_logger - INFO - Train loss: 2.5098048684279832
[2026-06-19 12:55:45,603][finetune_logger][INFO] - Train loss: 2.5098048684279832
2026-06-19 12:55:45 - finetune_logger - INFO - Train time: 109.21303796768188s
[2026-06-19 12:55:45,603][finetune_logger][INFO] - Train time: 109.21303796768188s
2026-06-19 12:55:45 - finetune_logger - INFO - Train memory reserved: 34.00 MB
[2026-06-19 12:55:45,603][finetune_logger][INFO] - Train memory reserved: 34.00 MB
2026-06-19 12:55:45 - finetune_logger - INFO - Train memory allocated: 23.73 MB
[2026-06-19 12:55:45,603][finetune_logger][INFO] - Train memory allocated: 23.73 MB
2026-06-19 12:55:45 - finetune_logger - INFO - Current learning rate: 0.0005
[2026-06-19 12:55:45,603][finetune_logger][INFO] - Current learning rate: 0.0005
2026-06-19 12:56:01 - finetune_logger - INFO - Validation metrics: {'MAE': 2.6414460033235034, 'RMSE': 3.7977268271673266}
[2026-06-19 12:56:01,193][finetune_logger][INFO] - Validation metrics: {'MAE': 2.6414460033235034, 'RMSE': 3.7977268271673266}
2026-06-19 12:56:01 - finetune_logger - INFO - Val time: 15.59s
[2026-06-19 12:56:01,193][finetune_logger][INFO] - Val time: 15.59s
2026-06-19 12:56:01 - finetune_logger - INFO - Val memory reserved: 34.00 MB
[2026-06-19 12:56:01,193][finetune_logger][INFO] - Val memory reserved: 34.00 MB
2026-06-19 12:56:01 - finetune_logger - INFO - Val memory allocated: 23.73 MB
[2026-06-19 12:56:01,193][finetune_logger][INFO] - Val memory allocated: 23.73 MB
2026-06-19 12:56:01 - finetune_logger - INFO - Logged epoch 3 info to /public/home/202411094934/python_project/Spatio-Temporal-Library/time-series/2026-06-19/patchtst/pretrain10_finetune10/etth2/time-series/seed_0/training_log.json
[2026-06-19 12:56:01,196][finetune_logger][INFO] - Logged epoch 3 info to /public/home/202411094934/python_project/Spatio-Temporal-Library/time-series/2026-06-19/patchtst/pretrain10_finetune10/etth2/time-series/seed_0/training_log.json
2026-06-19 12:56:16 - finetune_logger - INFO - Test metrics: {'MAE': 2.9157906453268865, 'RMSE': 4.342680648985363}
[2026-06-19 12:56:16,814][finetune_logger][INFO] - Test metrics: {'MAE': 2.9157906453268865, 'RMSE': 4.342680648985363}
2026-06-19 12:56:16 - finetune_logger - INFO - Test time: 15.62s
[2026-06-19 12:56:16,814][finetune_logger][INFO] - Test time: 15.62s
2026-06-19 12:56:16 - finetune_logger - INFO - Test memory reserved: 34.00 MB
[2026-06-19 12:56:16,815][finetune_logger][INFO] - Test memory reserved: 34.00 MB
2026-06-19 12:56:16 - finetune_logger - INFO - Test memory allocated: 23.73 MB
[2026-06-19 12:56:16,815][finetune_logger][INFO] - Test memory allocated: 23.73 MB
2026-06-19 12:56:16 - finetune_logger - INFO - Epoch 4/10
[2026-06-19 12:56:16,815][finetune_logger][INFO] - Epoch 4/10
2026-06-19 12:58:06 - finetune_logger - INFO - Train loss: 2.4236140103445405
[2026-06-19 12:58:06,043][finetune_logger][INFO] - Train loss: 2.4236140103445405
2026-06-19 12:58:06 - finetune_logger - INFO - Train time: 109.22788166999817s
[2026-06-19 12:58:06,043][finetune_logger][INFO] - Train time: 109.22788166999817s
2026-06-19 12:58:06 - finetune_logger - INFO - Train memory reserved: 34.00 MB
[2026-06-19 12:58:06,044][finetune_logger][INFO] - Train memory reserved: 34.00 MB
2026-06-19 12:58:06 - finetune_logger - INFO - Train memory allocated: 23.73 MB
[2026-06-19 12:58:06,044][finetune_logger][INFO] - Train memory allocated: 23.73 MB
2026-06-19 12:58:06 - finetune_logger - INFO - Current learning rate: 0.0005
[2026-06-19 12:58:06,044][finetune_logger][INFO] - Current learning rate: 0.0005
2026-06-19 12:58:21 - finetune_logger - INFO - Validation metrics: {'MAE': 2.6407944815953623, 'RMSE': 3.805792591503686}
[2026-06-19 12:58:21,612][finetune_logger][INFO] - Validation metrics: {'MAE': 2.6407944815953623, 'RMSE': 3.805792591503686}
2026-06-19 12:58:21 - finetune_logger - INFO - Val time: 15.57s
[2026-06-19 12:58:21,613][finetune_logger][INFO] - Val time: 15.57s
2026-06-19 12:58:21 - finetune_logger - INFO - Val memory reserved: 34.00 MB
[2026-06-19 12:58:21,613][finetune_logger][INFO] - Val memory reserved: 34.00 MB
2026-06-19 12:58:21 - finetune_logger - INFO - Val memory allocated: 23.73 MB
[2026-06-19 12:58:21,613][finetune_logger][INFO] - Val memory allocated: 23.73 MB
2026-06-19 12:58:21 - finetune_logger - INFO - Logged epoch 4 info to /public/home/202411094934/python_project/Spatio-Temporal-Library/time-series/2026-06-19/patchtst/pretrain10_finetune10/etth2/time-series/seed_0/training_log.json
[2026-06-19 12:58:21,616][finetune_logger][INFO] - Logged epoch 4 info to /public/home/202411094934/python_project/Spatio-Temporal-Library/time-series/2026-06-19/patchtst/pretrain10_finetune10/etth2/time-series/seed_0/training_log.json
2026-06-19 12:58:37 - finetune_logger - INFO - Test metrics: {'MAE': 2.9662550026121544, 'RMSE': 4.4393308179037945}
[2026-06-19 12:58:37,240][finetune_logger][INFO] - Test metrics: {'MAE': 2.9662550026121544, 'RMSE': 4.4393308179037945}
2026-06-19 12:58:37 - finetune_logger - INFO - Test time: 15.62s
[2026-06-19 12:58:37,240][finetune_logger][INFO] - Test time: 15.62s
2026-06-19 12:58:37 - finetune_logger - INFO - Test memory reserved: 34.00 MB
[2026-06-19 12:58:37,241][finetune_logger][INFO] - Test memory reserved: 34.00 MB
2026-06-19 12:58:37 - finetune_logger - INFO - Test memory allocated: 23.73 MB
[2026-06-19 12:58:37,241][finetune_logger][INFO] - Test memory allocated: 23.73 MB
2026-06-19 12:58:37 - finetune_logger - INFO - Epoch 5/10
[2026-06-19 12:58:37,241][finetune_logger][INFO] - Epoch 5/10
2026-06-19 13:00:26 - finetune_logger - INFO - Train loss: 2.353776985374882
[2026-06-19 13:00:26,503][finetune_logger][INFO] - Train loss: 2.353776985374882
2026-06-19 13:00:26 - finetune_logger - INFO - Train time: 109.26199245452881s
[2026-06-19 13:00:26,503][finetune_logger][INFO] - Train time: 109.26199245452881s
2026-06-19 13:00:26 - finetune_logger - INFO - Train memory reserved: 34.00 MB
[2026-06-19 13:00:26,504][finetune_logger][INFO] - Train memory reserved: 34.00 MB
2026-06-19 13:00:26 - finetune_logger - INFO - Train memory allocated: 23.73 MB
[2026-06-19 13:00:26,504][finetune_logger][INFO] - Train memory allocated: 23.73 MB
2026-06-19 13:00:26 - finetune_logger - INFO - Current learning rate: 0.0005
[2026-06-19 13:00:26,504][finetune_logger][INFO] - Current learning rate: 0.0005
2026-06-19 13:00:42 - finetune_logger - INFO - Validation metrics: {'MAE': 2.6389290871393003, 'RMSE': 3.8034418404896964}
[2026-06-19 13:00:42,110][finetune_logger][INFO] - Validation metrics: {'MAE': 2.6389290871393003, 'RMSE': 3.8034418404896964}
2026-06-19 13:00:42 - finetune_logger - INFO - Val time: 15.61s
[2026-06-19 13:00:42,111][finetune_logger][INFO] - Val time: 15.61s
2026-06-19 13:00:42 - finetune_logger - INFO - Val memory reserved: 34.00 MB
[2026-06-19 13:00:42,111][finetune_logger][INFO] - Val memory reserved: 34.00 MB
2026-06-19 13:00:42 - finetune_logger - INFO - Val memory allocated: 23.73 MB
[2026-06-19 13:00:42,111][finetune_logger][INFO] - Val memory allocated: 23.73 MB
2026-06-19 13:00:42 - finetune_logger - INFO - Logged epoch 5 info to /public/home/202411094934/python_project/Spatio-Temporal-Library/time-series/2026-06-19/patchtst/pretrain10_finetune10/etth2/time-series/seed_0/training_log.json
[2026-06-19 13:00:42,114][finetune_logger][INFO] - Logged epoch 5 info to /public/home/202411094934/python_project/Spatio-Temporal-Library/time-series/2026-06-19/patchtst/pretrain10_finetune10/etth2/time-series/seed_0/training_log.json
2026-06-19 13:00:57 - finetune_logger - INFO - Test metrics: {'MAE': 2.9887660819008155, 'RMSE': 4.449570347876766}
[2026-06-19 13:00:57,699][finetune_logger][INFO] - Test metrics: {'MAE': 2.9887660819008155, 'RMSE': 4.449570347876766}
2026-06-19 13:00:57 - finetune_logger - INFO - Test time: 15.58s
[2026-06-19 13:00:57,700][finetune_logger][INFO] - Test time: 15.58s
2026-06-19 13:00:57 - finetune_logger - INFO - Test memory reserved: 34.00 MB
[2026-06-19 13:00:57,700][finetune_logger][INFO] - Test memory reserved: 34.00 MB
2026-06-19 13:00:57 - finetune_logger - INFO - Test memory allocated: 23.73 MB
[2026-06-19 13:00:57,700][finetune_logger][INFO] - Test memory allocated: 23.73 MB
2026-06-19 13:00:57 - finetune_logger - INFO - Epoch 6/10
[2026-06-19 13:00:57,700][finetune_logger][INFO] - Epoch 6/10
2026-06-19 13:02:47 - finetune_logger - INFO - Train loss: 2.2964012669891356
[2026-06-19 13:02:47,047][finetune_logger][INFO] - Train loss: 2.2964012669891356
2026-06-19 13:02:47 - finetune_logger - INFO - Train time: 109.34599924087524s
[2026-06-19 13:02:47,047][finetune_logger][INFO] - Train time: 109.34599924087524s
2026-06-19 13:02:47 - finetune_logger - INFO - Train memory reserved: 34.00 MB
[2026-06-19 13:02:47,047][finetune_logger][INFO] - Train memory reserved: 34.00 MB
2026-06-19 13:02:47 - finetune_logger - INFO - Train memory allocated: 23.73 MB
[2026-06-19 13:02:47,047][finetune_logger][INFO] - Train memory allocated: 23.73 MB
2026-06-19 13:02:47 - finetune_logger - INFO - Current learning rate: 0.0005
[2026-06-19 13:02:47,047][finetune_logger][INFO] - Current learning rate: 0.0005
2026-06-19 13:03:02 - finetune_logger - INFO - Validation metrics: {'MAE': 2.6545658912658623, 'RMSE': 3.794985144524331}
[2026-06-19 13:03:02,626][finetune_logger][INFO] - Validation metrics: {'MAE': 2.6545658912658623, 'RMSE': 3.794985144524331}
2026-06-19 13:03:02 - finetune_logger - INFO - Val time: 15.58s
[2026-06-19 13:03:02,626][finetune_logger][INFO] - Val time: 15.58s
2026-06-19 13:03:02 - finetune_logger - INFO - Val memory reserved: 34.00 MB
[2026-06-19 13:03:02,626][finetune_logger][INFO] - Val memory reserved: 34.00 MB
2026-06-19 13:03:02 - finetune_logger - INFO - Val memory allocated: 23.73 MB
[2026-06-19 13:03:02,627][finetune_logger][INFO] - Val memory allocated: 23.73 MB
2026-06-19 13:03:02 - finetune_logger - INFO - Logged epoch 6 info to /public/home/202411094934/python_project/Spatio-Temporal-Library/time-series/2026-06-19/patchtst/pretrain10_finetune10/etth2/time-series/seed_0/training_log.json
[2026-06-19 13:03:02,630][finetune_logger][INFO] - Logged epoch 6 info to /public/home/202411094934/python_project/Spatio-Temporal-Library/time-series/2026-06-19/patchtst/pretrain10_finetune10/etth2/time-series/seed_0/training_log.json
2026-06-19 13:03:18 - finetune_logger - INFO - Test metrics: {'MAE': 2.9586680297851635, 'RMSE': 4.3706388940810985}
[2026-06-19 13:03:18,221][finetune_logger][INFO] - Test metrics: {'MAE': 2.9586680297851635, 'RMSE': 4.3706388940810985}
2026-06-19 13:03:18 - finetune_logger - INFO - Test time: 15.59s
[2026-06-19 13:03:18,222][finetune_logger][INFO] - Test time: 15.59s
2026-06-19 13:03:18 - finetune_logger - INFO - Test memory reserved: 34.00 MB
[2026-06-19 13:03:18,222][finetune_logger][INFO] - Test memory reserved: 34.00 MB
2026-06-19 13:03:18 - finetune_logger - INFO - Test memory allocated: 23.73 MB
[2026-06-19 13:03:18,222][finetune_logger][INFO] - Test memory allocated: 23.73 MB
2026-06-19 13:03:18 - finetune_logger - INFO - Epoch 7/10
[2026-06-19 13:03:18,222][finetune_logger][INFO] - Epoch 7/10
2026-06-19 13:05:07 - finetune_logger - INFO - Train loss: 2.242573205274568
[2026-06-19 13:05:07,442][finetune_logger][INFO] - Train loss: 2.242573205274568
2026-06-19 13:05:07 - finetune_logger - INFO - Train time: 109.21976256370544s
[2026-06-19 13:05:07,443][finetune_logger][INFO] - Train time: 109.21976256370544s
2026-06-19 13:05:07 - finetune_logger - INFO - Train memory reserved: 34.00 MB
[2026-06-19 13:05:07,443][finetune_logger][INFO] - Train memory reserved: 34.00 MB
2026-06-19 13:05:07 - finetune_logger - INFO - Train memory allocated: 23.73 MB
[2026-06-19 13:05:07,443][finetune_logger][INFO] - Train memory allocated: 23.73 MB
2026-06-19 13:05:07 - finetune_logger - INFO - Current learning rate: 0.0005
[2026-06-19 13:05:07,443][finetune_logger][INFO] - Current learning rate: 0.0005
2026-06-19 13:05:23 - finetune_logger - INFO - Validation metrics: {'MAE': 2.6579985599063587, 'RMSE': 3.8057909464609123}
[2026-06-19 13:05:23,049][finetune_logger][INFO] - Validation metrics: {'MAE': 2.6579985599063587, 'RMSE': 3.8057909464609123}
2026-06-19 13:05:23 - finetune_logger - INFO - Val time: 15.61s
[2026-06-19 13:05:23,049][finetune_logger][INFO] - Val time: 15.61s
2026-06-19 13:05:23 - finetune_logger - INFO - Val memory reserved: 34.00 MB
[2026-06-19 13:05:23,049][finetune_logger][INFO] - Val memory reserved: 34.00 MB
2026-06-19 13:05:23 - finetune_logger - INFO - Val memory allocated: 23.73 MB
[2026-06-19 13:05:23,049][finetune_logger][INFO] - Val memory allocated: 23.73 MB
2026-06-19 13:05:23 - finetune_logger - INFO - Logged epoch 7 info to /public/home/202411094934/python_project/Spatio-Temporal-Library/time-series/2026-06-19/patchtst/pretrain10_finetune10/etth2/time-series/seed_0/training_log.json
[2026-06-19 13:05:23,052][finetune_logger][INFO] - Logged epoch 7 info to /public/home/202411094934/python_project/Spatio-Temporal-Library/time-series/2026-06-19/patchtst/pretrain10_finetune10/etth2/time-series/seed_0/training_log.json
2026-06-19 13:05:38 - finetune_logger - INFO - Test metrics: {'MAE': 3.0106001551037775, 'RMSE': 4.482012236731414}
[2026-06-19 13:05:38,654][finetune_logger][INFO] - Test metrics: {'MAE': 3.0106001551037775, 'RMSE': 4.482012236731414}
2026-06-19 13:05:38 - finetune_logger - INFO - Test time: 15.60s
[2026-06-19 13:05:38,655][finetune_logger][INFO] - Test time: 15.60s
2026-06-19 13:05:38 - finetune_logger - INFO - Test memory reserved: 34.00 MB
[2026-06-19 13:05:38,655][finetune_logger][INFO] - Test memory reserved: 34.00 MB
2026-06-19 13:05:38 - finetune_logger - INFO - Test memory allocated: 23.73 MB
[2026-06-19 13:05:38,655][finetune_logger][INFO] - Test memory allocated: 23.73 MB
2026-06-19 13:05:38 - finetune_logger - INFO - Epoch 8/10
[2026-06-19 13:05:38,655][finetune_logger][INFO] - Epoch 8/10
2026-06-19 13:07:27 - finetune_logger - INFO - Train loss: 2.1942210818872594
[2026-06-19 13:07:27,877][finetune_logger][INFO] - Train loss: 2.1942210818872594
2026-06-19 13:07:27 - finetune_logger - INFO - Train time: 109.22154831886292s
[2026-06-19 13:07:27,877][finetune_logger][INFO] - Train time: 109.22154831886292s
2026-06-19 13:07:27 - finetune_logger - INFO - Train memory reserved: 34.00 MB
[2026-06-19 13:07:27,877][finetune_logger][INFO] - Train memory reserved: 34.00 MB
2026-06-19 13:07:27 - finetune_logger - INFO - Train memory allocated: 23.73 MB
[2026-06-19 13:07:27,878][finetune_logger][INFO] - Train memory allocated: 23.73 MB
2026-06-19 13:07:27 - finetune_logger - INFO - Current learning rate: 0.0005
[2026-06-19 13:07:27,878][finetune_logger][INFO] - Current learning rate: 0.0005
2026-06-19 13:07:43 - finetune_logger - INFO - Validation metrics: {'MAE': 2.648576390765957, 'RMSE': 3.78875293550037}
[2026-06-19 13:07:43,489][finetune_logger][INFO] - Validation metrics: {'MAE': 2.648576390765957, 'RMSE': 3.78875293550037}
2026-06-19 13:07:43 - finetune_logger - INFO - Val time: 15.61s
[2026-06-19 13:07:43,489][finetune_logger][INFO] - Val time: 15.61s
2026-06-19 13:07:43 - finetune_logger - INFO - Val memory reserved: 34.00 MB
[2026-06-19 13:07:43,489][finetune_logger][INFO] - Val memory reserved: 34.00 MB
2026-06-19 13:07:43 - finetune_logger - INFO - Val memory allocated: 23.73 MB
[2026-06-19 13:07:43,490][finetune_logger][INFO] - Val memory allocated: 23.73 MB
2026-06-19 13:07:43 - finetune_logger - INFO - Logged epoch 8 info to /public/home/202411094934/python_project/Spatio-Temporal-Library/time-series/2026-06-19/patchtst/pretrain10_finetune10/etth2/time-series/seed_0/training_log.json
[2026-06-19 13:07:43,493][finetune_logger][INFO] - Logged epoch 8 info to /public/home/202411094934/python_project/Spatio-Temporal-Library/time-series/2026-06-19/patchtst/pretrain10_finetune10/etth2/time-series/seed_0/training_log.json
2026-06-19 13:07:59 - finetune_logger - INFO - Test metrics: {'MAE': 2.934159817695608, 'RMSE': 4.347772480419708}
[2026-06-19 13:07:59,093][finetune_logger][INFO] - Test metrics: {'MAE': 2.934159817695608, 'RMSE': 4.347772480419708}
2026-06-19 13:07:59 - finetune_logger - INFO - Test time: 15.60s
[2026-06-19 13:07:59,093][finetune_logger][INFO] - Test time: 15.60s
2026-06-19 13:07:59 - finetune_logger - INFO - Test memory reserved: 34.00 MB
[2026-06-19 13:07:59,093][finetune_logger][INFO] - Test memory reserved: 34.00 MB
2026-06-19 13:07:59 - finetune_logger - INFO - Test memory allocated: 23.73 MB
[2026-06-19 13:07:59,093][finetune_logger][INFO] - Test memory allocated: 23.73 MB
2026-06-19 13:07:59 - finetune_logger - INFO - Epoch 9/10
[2026-06-19 13:07:59,094][finetune_logger][INFO] - Epoch 9/10
2026-06-19 13:09:48 - finetune_logger - INFO - Train loss: 2.1518564446454467
[2026-06-19 13:09:48,291][finetune_logger][INFO] - Train loss: 2.1518564446454467
2026-06-19 13:09:48 - finetune_logger - INFO - Train time: 109.19683027267456s
[2026-06-19 13:09:48,291][finetune_logger][INFO] - Train time: 109.19683027267456s
2026-06-19 13:09:48 - finetune_logger - INFO - Train memory reserved: 34.00 MB
[2026-06-19 13:09:48,291][finetune_logger][INFO] - Train memory reserved: 34.00 MB
2026-06-19 13:09:48 - finetune_logger - INFO - Train memory allocated: 23.73 MB
[2026-06-19 13:09:48,291][finetune_logger][INFO] - Train memory allocated: 23.73 MB
2026-06-19 13:09:48 - finetune_logger - INFO - Current learning rate: 0.0005
[2026-06-19 13:09:48,291][finetune_logger][INFO] - Current learning rate: 0.0005
2026-06-19 13:10:03 - finetune_logger - INFO - Validation metrics: {'MAE': 2.6648419732593336, 'RMSE': 3.8093544979549603}
[2026-06-19 13:10:03,957][finetune_logger][INFO] - Validation metrics: {'MAE': 2.6648419732593336, 'RMSE': 3.8093544979549603}
2026-06-19 13:10:03 - finetune_logger - INFO - Val time: 15.66s
[2026-06-19 13:10:03,957][finetune_logger][INFO] - Val time: 15.66s
2026-06-19 13:10:03 - finetune_logger - INFO - Val memory reserved: 34.00 MB
[2026-06-19 13:10:03,957][finetune_logger][INFO] - Val memory reserved: 34.00 MB
2026-06-19 13:10:03 - finetune_logger - INFO - Val memory allocated: 23.73 MB
[2026-06-19 13:10:03,957][finetune_logger][INFO] - Val memory allocated: 23.73 MB
2026-06-19 13:10:03 - finetune_logger - INFO - Logged epoch 9 info to /public/home/202411094934/python_project/Spatio-Temporal-Library/time-series/2026-06-19/patchtst/pretrain10_finetune10/etth2/time-series/seed_0/training_log.json
[2026-06-19 13:10:03,961][finetune_logger][INFO] - Logged epoch 9 info to /public/home/202411094934/python_project/Spatio-Temporal-Library/time-series/2026-06-19/patchtst/pretrain10_finetune10/etth2/time-series/seed_0/training_log.json
2026-06-19 13:10:19 - finetune_logger - INFO - Test metrics: {'MAE': 2.9790179188592107, 'RMSE': 4.385038787478482}
[2026-06-19 13:10:19,576][finetune_logger][INFO] - Test metrics: {'MAE': 2.9790179188592107, 'RMSE': 4.385038787478482}
2026-06-19 13:10:19 - finetune_logger - INFO - Test time: 15.61s
[2026-06-19 13:10:19,576][finetune_logger][INFO] - Test time: 15.61s
2026-06-19 13:10:19 - finetune_logger - INFO - Test memory reserved: 34.00 MB
[2026-06-19 13:10:19,576][finetune_logger][INFO] - Test memory reserved: 34.00 MB
2026-06-19 13:10:19 - finetune_logger - INFO - Test memory allocated: 23.73 MB
[2026-06-19 13:10:19,576][finetune_logger][INFO] - Test memory allocated: 23.73 MB
2026-06-19 13:10:19 - finetune_logger - INFO - Epoch 10/10
[2026-06-19 13:10:19,576][finetune_logger][INFO] - Epoch 10/10
2026-06-19 13:12:08 - finetune_logger - INFO - Train loss: 2.1137905252782985
[2026-06-19 13:12:08,798][finetune_logger][INFO] - Train loss: 2.1137905252782985
2026-06-19 13:12:08 - finetune_logger - INFO - Train time: 109.22097516059875s
[2026-06-19 13:12:08,798][finetune_logger][INFO] - Train time: 109.22097516059875s
2026-06-19 13:12:08 - finetune_logger - INFO - Train memory reserved: 34.00 MB
[2026-06-19 13:12:08,798][finetune_logger][INFO] - Train memory reserved: 34.00 MB
2026-06-19 13:12:08 - finetune_logger - INFO - Train memory allocated: 23.73 MB
[2026-06-19 13:12:08,798][finetune_logger][INFO] - Train memory allocated: 23.73 MB
2026-06-19 13:12:08 - finetune_logger - INFO - Current learning rate: 0.0005
[2026-06-19 13:12:08,799][finetune_logger][INFO] - Current learning rate: 0.0005
2026-06-19 13:12:24 - finetune_logger - INFO - Validation metrics: {'MAE': 2.660344034104112, 'RMSE': 3.8010407497769263}
[2026-06-19 13:12:24,421][finetune_logger][INFO] - Validation metrics: {'MAE': 2.660344034104112, 'RMSE': 3.8010407497769263}
2026-06-19 13:12:24 - finetune_logger - INFO - Val time: 15.62s
[2026-06-19 13:12:24,421][finetune_logger][INFO] - Val time: 15.62s
2026-06-19 13:12:24 - finetune_logger - INFO - Val memory reserved: 34.00 MB
[2026-06-19 13:12:24,421][finetune_logger][INFO] - Val memory reserved: 34.00 MB
2026-06-19 13:12:24 - finetune_logger - INFO - Val memory allocated: 23.73 MB
[2026-06-19 13:12:24,421][finetune_logger][INFO] - Val memory allocated: 23.73 MB
2026-06-19 13:12:24 - finetune_logger - INFO - Logged epoch 10 info to /public/home/202411094934/python_project/Spatio-Temporal-Library/time-series/2026-06-19/patchtst/pretrain10_finetune10/etth2/time-series/seed_0/training_log.json
[2026-06-19 13:12:24,425][finetune_logger][INFO] - Logged epoch 10 info to /public/home/202411094934/python_project/Spatio-Temporal-Library/time-series/2026-06-19/patchtst/pretrain10_finetune10/etth2/time-series/seed_0/training_log.json
2026-06-19 13:12:40 - finetune_logger - INFO - Test metrics: {'MAE': 2.9420941400527867, 'RMSE': 4.33613852469126}
[2026-06-19 13:12:40,064][finetune_logger][INFO] - Test metrics: {'MAE': 2.9420941400527867, 'RMSE': 4.33613852469126}
2026-06-19 13:12:40 - finetune_logger - INFO - Test time: 15.61s
[2026-06-19 13:12:40,065][finetune_logger][INFO] - Test time: 15.61s
2026-06-19 13:12:40 - finetune_logger - INFO - Test memory reserved: 34.00 MB
[2026-06-19 13:12:40,065][finetune_logger][INFO] - Test memory reserved: 34.00 MB
2026-06-19 13:12:40 - finetune_logger - INFO - Test memory allocated: 23.73 MB
[2026-06-19 13:12:40,065][finetune_logger][INFO] - Test memory allocated: 23.73 MB
2026-06-19 13:12:40 - finetune_logger - INFO - Training completed. Best epoch: 2, Best val loss: 2.633492
[2026-06-19 13:12:40,065][finetune_logger][INFO] - Training completed. Best epoch: 2, Best val loss: 2.633492
2026-06-19 13:12:40 - finetune_logger - INFO - Loaded checkpoint from epoch 2
[2026-06-19 13:12:40,104][finetune_logger][INFO] - Loaded checkpoint from epoch 2
2026-06-19 13:12:40 - finetune_logger - INFO - Evaluating best model on test sets...
[2026-06-19 13:12:40,105][finetune_logger][INFO] - Evaluating best model on test sets...
2026-06-19 13:12:55 - finetune_logger - INFO - Test metrics: {'MAE': 2.881182130768185, 'RMSE': 4.289370916548213}
[2026-06-19 13:12:55,749][finetune_logger][INFO] - Test metrics: {'MAE': 2.881182130768185, 'RMSE': 4.289370916548213}
2026-06-19 13:12:55 - finetune_logger - INFO - Test time: 15.64s
[2026-06-19 13:12:55,749][finetune_logger][INFO] - Test time: 15.64s
2026-06-19 13:12:55 - finetune_logger - INFO - Test memory reserved: 36.00 MB
[2026-06-19 13:12:55,749][finetune_logger][INFO] - Test memory reserved: 36.00 MB
2026-06-19 13:12:55 - finetune_logger - INFO - Test memory allocated: 23.76 MB
[2026-06-19 13:12:55,750][finetune_logger][INFO] - Test memory allocated: 23.76 MB
2026-06-19 13:12:55 - finetune_logger - INFO - Logged epoch test info to /public/home/202411094934/python_project/Spatio-Temporal-Library/time-series/2026-06-19/patchtst/pretrain10_finetune10/etth2/time-series/seed_0/training_log.json
[2026-06-19 13:12:55,753][finetune_logger][INFO] - Logged epoch test info to /public/home/202411094934/python_project/Spatio-Temporal-Library/time-series/2026-06-19/patchtst/pretrain10_finetune10/etth2/time-series/seed_0/training_log.json
