2026-06-22 09:04:06 - pretrain_logger - INFO - Model parameters: 188,487
[2026-06-22 09:04:06,313][pretrain_logger][INFO] - Model parameters: 188,487
2026-06-22 09:04:06 - pretrain_logger - INFO - Created new log file at /public/home/202411094934/python_project/Spatio-Temporal-Library/time-series/2026-06-22/autoformer/pretrain10/etth1/time-series/seed_2/training_log.json
[2026-06-22 09:04:06,317][pretrain_logger][INFO] - Created new log file at /public/home/202411094934/python_project/Spatio-Temporal-Library/time-series/2026-06-22/autoformer/pretrain10/etth1/time-series/seed_2/training_log.json
2026-06-22 09:04:06 - pretrain_logger - INFO - Starting JEPA pretraining...
[2026-06-22 09:04:06,317][pretrain_logger][INFO] - Starting JEPA pretraining...
2026-06-22 09:08:58 - pretrain_logger - INFO - [JEPA Pretrain] Epoch 1/10, loss=1.196015, time=291.73s
[2026-06-22 09:08:58,044][pretrain_logger][INFO] - [JEPA Pretrain] Epoch 1/10, loss=1.196015, time=291.73s
2026-06-22 09:08:58 - pretrain_logger - INFO - Pretrain loss: 1.1960154893786366
[2026-06-22 09:08:58,045][pretrain_logger][INFO] - Pretrain loss: 1.1960154893786366
2026-06-22 09:08:58 - pretrain_logger - INFO - Pretrain time: 291.7267014980316s
[2026-06-22 09:08:58,045][pretrain_logger][INFO] - Pretrain time: 291.7267014980316s
2026-06-22 09:08:58 - pretrain_logger - INFO - Pretrain memory reserved: 52.00 MB
[2026-06-22 09:08:58,045][pretrain_logger][INFO] - Pretrain memory reserved: 52.00 MB
2026-06-22 09:08:58 - pretrain_logger - INFO - Pretrain memory allocated: 20.07 MB
[2026-06-22 09:08:58,045][pretrain_logger][INFO] - Pretrain memory allocated: 20.07 MB
2026-06-22 09:08:58 - pretrain_logger - INFO - Current learning rate: 0.0005
[2026-06-22 09:08:58,045][pretrain_logger][INFO] - Current learning rate: 0.0005
2026-06-22 09:08:58 - pretrain_logger - INFO - Logged epoch Pretrain 1 info to /public/home/202411094934/python_project/Spatio-Temporal-Library/time-series/2026-06-22/autoformer/pretrain10/etth1/time-series/seed_2/training_log.json
[2026-06-22 09:08:58,048][pretrain_logger][INFO] - Logged epoch Pretrain 1 info to /public/home/202411094934/python_project/Spatio-Temporal-Library/time-series/2026-06-22/autoformer/pretrain10/etth1/time-series/seed_2/training_log.json
2026-06-22 09:13:48 - pretrain_logger - INFO - [JEPA Pretrain] Epoch 2/10, loss=0.833165, time=290.88s
[2026-06-22 09:13:48,931][pretrain_logger][INFO] - [JEPA Pretrain] Epoch 2/10, loss=0.833165, time=290.88s
2026-06-22 09:13:48 - pretrain_logger - INFO - Pretrain loss: 0.8331654506278411
[2026-06-22 09:13:48,951][pretrain_logger][INFO] - Pretrain loss: 0.8331654506278411
2026-06-22 09:13:48 - pretrain_logger - INFO - Pretrain time: 290.8828625679016s
[2026-06-22 09:13:48,951][pretrain_logger][INFO] - Pretrain time: 290.8828625679016s
2026-06-22 09:13:48 - pretrain_logger - INFO - Pretrain memory reserved: 52.00 MB
[2026-06-22 09:13:48,951][pretrain_logger][INFO] - Pretrain memory reserved: 52.00 MB
2026-06-22 09:13:48 - pretrain_logger - INFO - Pretrain memory allocated: 20.07 MB
[2026-06-22 09:13:48,951][pretrain_logger][INFO] - Pretrain memory allocated: 20.07 MB
2026-06-22 09:13:48 - pretrain_logger - INFO - Current learning rate: 0.0005
[2026-06-22 09:13:48,951][pretrain_logger][INFO] - Current learning rate: 0.0005
2026-06-22 09:13:48 - pretrain_logger - INFO - Logged epoch Pretrain 2 info to /public/home/202411094934/python_project/Spatio-Temporal-Library/time-series/2026-06-22/autoformer/pretrain10/etth1/time-series/seed_2/training_log.json
[2026-06-22 09:13:48,954][pretrain_logger][INFO] - Logged epoch Pretrain 2 info to /public/home/202411094934/python_project/Spatio-Temporal-Library/time-series/2026-06-22/autoformer/pretrain10/etth1/time-series/seed_2/training_log.json
2026-06-22 09:18:40 - pretrain_logger - INFO - [JEPA Pretrain] Epoch 3/10, loss=0.700872, time=291.19s
[2026-06-22 09:18:40,148][pretrain_logger][INFO] - [JEPA Pretrain] Epoch 3/10, loss=0.700872, time=291.19s
2026-06-22 09:18:40 - pretrain_logger - INFO - Pretrain loss: 0.700872315241597
[2026-06-22 09:18:40,149][pretrain_logger][INFO] - Pretrain loss: 0.700872315241597
2026-06-22 09:18:40 - pretrain_logger - INFO - Pretrain time: 291.19402837753296s
[2026-06-22 09:18:40,149][pretrain_logger][INFO] - Pretrain time: 291.19402837753296s
2026-06-22 09:18:40 - pretrain_logger - INFO - Pretrain memory reserved: 52.00 MB
[2026-06-22 09:18:40,149][pretrain_logger][INFO] - Pretrain memory reserved: 52.00 MB
2026-06-22 09:18:40 - pretrain_logger - INFO - Pretrain memory allocated: 20.07 MB
[2026-06-22 09:18:40,149][pretrain_logger][INFO] - Pretrain memory allocated: 20.07 MB
2026-06-22 09:18:40 - pretrain_logger - INFO - Current learning rate: 0.0005
[2026-06-22 09:18:40,149][pretrain_logger][INFO] - Current learning rate: 0.0005
2026-06-22 09:18:40 - pretrain_logger - INFO - Logged epoch Pretrain 3 info to /public/home/202411094934/python_project/Spatio-Temporal-Library/time-series/2026-06-22/autoformer/pretrain10/etth1/time-series/seed_2/training_log.json
[2026-06-22 09:18:40,152][pretrain_logger][INFO] - Logged epoch Pretrain 3 info to /public/home/202411094934/python_project/Spatio-Temporal-Library/time-series/2026-06-22/autoformer/pretrain10/etth1/time-series/seed_2/training_log.json
2026-06-22 09:23:30 - pretrain_logger - INFO - [JEPA Pretrain] Epoch 4/10, loss=0.638260, time=290.69s
[2026-06-22 09:23:30,847][pretrain_logger][INFO] - [JEPA Pretrain] Epoch 4/10, loss=0.638260, time=290.69s
2026-06-22 09:23:30 - pretrain_logger - INFO - Pretrain loss: 0.6382603963926968
[2026-06-22 09:23:30,865][pretrain_logger][INFO] - Pretrain loss: 0.6382603963926968
2026-06-22 09:23:30 - pretrain_logger - INFO - Pretrain time: 290.69479751586914s
[2026-06-22 09:23:30,866][pretrain_logger][INFO] - Pretrain time: 290.69479751586914s
2026-06-22 09:23:30 - pretrain_logger - INFO - Pretrain memory reserved: 52.00 MB
[2026-06-22 09:23:30,866][pretrain_logger][INFO] - Pretrain memory reserved: 52.00 MB
2026-06-22 09:23:30 - pretrain_logger - INFO - Pretrain memory allocated: 20.07 MB
[2026-06-22 09:23:30,866][pretrain_logger][INFO] - Pretrain memory allocated: 20.07 MB
2026-06-22 09:23:30 - pretrain_logger - INFO - Current learning rate: 0.0005
[2026-06-22 09:23:30,866][pretrain_logger][INFO] - Current learning rate: 0.0005
2026-06-22 09:23:30 - pretrain_logger - INFO - Logged epoch Pretrain 4 info to /public/home/202411094934/python_project/Spatio-Temporal-Library/time-series/2026-06-22/autoformer/pretrain10/etth1/time-series/seed_2/training_log.json
[2026-06-22 09:23:30,869][pretrain_logger][INFO] - Logged epoch Pretrain 4 info to /public/home/202411094934/python_project/Spatio-Temporal-Library/time-series/2026-06-22/autoformer/pretrain10/etth1/time-series/seed_2/training_log.json
2026-06-22 09:28:21 - pretrain_logger - INFO - [JEPA Pretrain] Epoch 5/10, loss=0.605240, time=290.83s
[2026-06-22 09:28:21,696][pretrain_logger][INFO] - [JEPA Pretrain] Epoch 5/10, loss=0.605240, time=290.83s
2026-06-22 09:28:21 - pretrain_logger - INFO - Pretrain loss: 0.6052397389780148
[2026-06-22 09:28:21,697][pretrain_logger][INFO] - Pretrain loss: 0.6052397389780148
2026-06-22 09:28:21 - pretrain_logger - INFO - Pretrain time: 290.82712626457214s
[2026-06-22 09:28:21,697][pretrain_logger][INFO] - Pretrain time: 290.82712626457214s
2026-06-22 09:28:21 - pretrain_logger - INFO - Pretrain memory reserved: 52.00 MB
[2026-06-22 09:28:21,697][pretrain_logger][INFO] - Pretrain memory reserved: 52.00 MB
2026-06-22 09:28:21 - pretrain_logger - INFO - Pretrain memory allocated: 20.07 MB
[2026-06-22 09:28:21,697][pretrain_logger][INFO] - Pretrain memory allocated: 20.07 MB
2026-06-22 09:28:21 - pretrain_logger - INFO - Current learning rate: 0.0005
[2026-06-22 09:28:21,697][pretrain_logger][INFO] - Current learning rate: 0.0005
2026-06-22 09:28:21 - pretrain_logger - INFO - Logged epoch Pretrain 5 info to /public/home/202411094934/python_project/Spatio-Temporal-Library/time-series/2026-06-22/autoformer/pretrain10/etth1/time-series/seed_2/training_log.json
[2026-06-22 09:28:21,700][pretrain_logger][INFO] - Logged epoch Pretrain 5 info to /public/home/202411094934/python_project/Spatio-Temporal-Library/time-series/2026-06-22/autoformer/pretrain10/etth1/time-series/seed_2/training_log.json
2026-06-22 09:33:12 - pretrain_logger - INFO - [JEPA Pretrain] Epoch 6/10, loss=0.588686, time=290.58s
[2026-06-22 09:33:12,276][pretrain_logger][INFO] - [JEPA Pretrain] Epoch 6/10, loss=0.588686, time=290.58s
2026-06-22 09:33:12 - pretrain_logger - INFO - Pretrain loss: 0.588686455938174
[2026-06-22 09:33:12,294][pretrain_logger][INFO] - Pretrain loss: 0.588686455938174
2026-06-22 09:33:12 - pretrain_logger - INFO - Pretrain time: 290.575834274292s
[2026-06-22 09:33:12,294][pretrain_logger][INFO] - Pretrain time: 290.575834274292s
2026-06-22 09:33:12 - pretrain_logger - INFO - Pretrain memory reserved: 52.00 MB
[2026-06-22 09:33:12,294][pretrain_logger][INFO] - Pretrain memory reserved: 52.00 MB
2026-06-22 09:33:12 - pretrain_logger - INFO - Pretrain memory allocated: 20.07 MB
[2026-06-22 09:33:12,295][pretrain_logger][INFO] - Pretrain memory allocated: 20.07 MB
2026-06-22 09:33:12 - pretrain_logger - INFO - Current learning rate: 0.0005
[2026-06-22 09:33:12,295][pretrain_logger][INFO] - Current learning rate: 0.0005
2026-06-22 09:33:12 - pretrain_logger - INFO - Logged epoch Pretrain 6 info to /public/home/202411094934/python_project/Spatio-Temporal-Library/time-series/2026-06-22/autoformer/pretrain10/etth1/time-series/seed_2/training_log.json
[2026-06-22 09:33:12,298][pretrain_logger][INFO] - Logged epoch Pretrain 6 info to /public/home/202411094934/python_project/Spatio-Temporal-Library/time-series/2026-06-22/autoformer/pretrain10/etth1/time-series/seed_2/training_log.json
2026-06-22 09:38:03 - pretrain_logger - INFO - [JEPA Pretrain] Epoch 7/10, loss=0.561191, time=290.80s
[2026-06-22 09:38:03,095][pretrain_logger][INFO] - [JEPA Pretrain] Epoch 7/10, loss=0.561191, time=290.80s
2026-06-22 09:38:03 - pretrain_logger - INFO - Pretrain loss: 0.5611907843755852
[2026-06-22 09:38:03,096][pretrain_logger][INFO] - Pretrain loss: 0.5611907843755852
2026-06-22 09:38:03 - pretrain_logger - INFO - Pretrain time: 290.79736137390137s
[2026-06-22 09:38:03,096][pretrain_logger][INFO] - Pretrain time: 290.79736137390137s
2026-06-22 09:38:03 - pretrain_logger - INFO - Pretrain memory reserved: 52.00 MB
[2026-06-22 09:38:03,096][pretrain_logger][INFO] - Pretrain memory reserved: 52.00 MB
2026-06-22 09:38:03 - pretrain_logger - INFO - Pretrain memory allocated: 20.07 MB
[2026-06-22 09:38:03,096][pretrain_logger][INFO] - Pretrain memory allocated: 20.07 MB
2026-06-22 09:38:03 - pretrain_logger - INFO - Current learning rate: 0.0005
[2026-06-22 09:38:03,096][pretrain_logger][INFO] - Current learning rate: 0.0005
2026-06-22 09:38:03 - pretrain_logger - INFO - Logged epoch Pretrain 7 info to /public/home/202411094934/python_project/Spatio-Temporal-Library/time-series/2026-06-22/autoformer/pretrain10/etth1/time-series/seed_2/training_log.json
[2026-06-22 09:38:03,099][pretrain_logger][INFO] - Logged epoch Pretrain 7 info to /public/home/202411094934/python_project/Spatio-Temporal-Library/time-series/2026-06-22/autoformer/pretrain10/etth1/time-series/seed_2/training_log.json
2026-06-22 09:42:53 - pretrain_logger - INFO - [JEPA Pretrain] Epoch 8/10, loss=0.524798, time=290.83s
[2026-06-22 09:42:53,929][pretrain_logger][INFO] - [JEPA Pretrain] Epoch 8/10, loss=0.524798, time=290.83s
2026-06-22 09:42:53 - pretrain_logger - INFO - Pretrain loss: 0.5247984997203939
[2026-06-22 09:42:53,948][pretrain_logger][INFO] - Pretrain loss: 0.5247984997203939
2026-06-22 09:42:53 - pretrain_logger - INFO - Pretrain time: 290.8303892612457s
[2026-06-22 09:42:53,948][pretrain_logger][INFO] - Pretrain time: 290.8303892612457s
2026-06-22 09:42:53 - pretrain_logger - INFO - Pretrain memory reserved: 52.00 MB
[2026-06-22 09:42:53,948][pretrain_logger][INFO] - Pretrain memory reserved: 52.00 MB
2026-06-22 09:42:53 - pretrain_logger - INFO - Pretrain memory allocated: 20.07 MB
[2026-06-22 09:42:53,948][pretrain_logger][INFO] - Pretrain memory allocated: 20.07 MB
2026-06-22 09:42:53 - pretrain_logger - INFO - Current learning rate: 0.0005
[2026-06-22 09:42:53,948][pretrain_logger][INFO] - Current learning rate: 0.0005
2026-06-22 09:42:53 - pretrain_logger - INFO - Logged epoch Pretrain 8 info to /public/home/202411094934/python_project/Spatio-Temporal-Library/time-series/2026-06-22/autoformer/pretrain10/etth1/time-series/seed_2/training_log.json
[2026-06-22 09:42:53,951][pretrain_logger][INFO] - Logged epoch Pretrain 8 info to /public/home/202411094934/python_project/Spatio-Temporal-Library/time-series/2026-06-22/autoformer/pretrain10/etth1/time-series/seed_2/training_log.json
2026-06-22 09:47:44 - pretrain_logger - INFO - [JEPA Pretrain] Epoch 9/10, loss=0.506443, time=290.77s
[2026-06-22 09:47:44,721][pretrain_logger][INFO] - [JEPA Pretrain] Epoch 9/10, loss=0.506443, time=290.77s
2026-06-22 09:47:44 - pretrain_logger - INFO - Pretrain loss: 0.5064427569321953
[2026-06-22 09:47:44,722][pretrain_logger][INFO] - Pretrain loss: 0.5064427569321953
2026-06-22 09:47:44 - pretrain_logger - INFO - Pretrain time: 290.770268201828s
[2026-06-22 09:47:44,722][pretrain_logger][INFO] - Pretrain time: 290.770268201828s
2026-06-22 09:47:44 - pretrain_logger - INFO - Pretrain memory reserved: 52.00 MB
[2026-06-22 09:47:44,722][pretrain_logger][INFO] - Pretrain memory reserved: 52.00 MB
2026-06-22 09:47:44 - pretrain_logger - INFO - Pretrain memory allocated: 20.07 MB
[2026-06-22 09:47:44,723][pretrain_logger][INFO] - Pretrain memory allocated: 20.07 MB
2026-06-22 09:47:44 - pretrain_logger - INFO - Current learning rate: 0.0005
[2026-06-22 09:47:44,723][pretrain_logger][INFO] - Current learning rate: 0.0005
2026-06-22 09:47:44 - pretrain_logger - INFO - Logged epoch Pretrain 9 info to /public/home/202411094934/python_project/Spatio-Temporal-Library/time-series/2026-06-22/autoformer/pretrain10/etth1/time-series/seed_2/training_log.json
[2026-06-22 09:47:44,726][pretrain_logger][INFO] - Logged epoch Pretrain 9 info to /public/home/202411094934/python_project/Spatio-Temporal-Library/time-series/2026-06-22/autoformer/pretrain10/etth1/time-series/seed_2/training_log.json
2026-06-22 09:52:35 - pretrain_logger - INFO - [JEPA Pretrain] Epoch 10/10, loss=0.492254, time=290.91s
[2026-06-22 09:52:35,637][pretrain_logger][INFO] - [JEPA Pretrain] Epoch 10/10, loss=0.492254, time=290.91s
2026-06-22 09:52:35 - pretrain_logger - INFO - Pretrain loss: 0.49225356089052097
[2026-06-22 09:52:35,655][pretrain_logger][INFO] - Pretrain loss: 0.49225356089052097
2026-06-22 09:52:35 - pretrain_logger - INFO - Pretrain time: 290.910826921463s
[2026-06-22 09:52:35,655][pretrain_logger][INFO] - Pretrain time: 290.910826921463s
2026-06-22 09:52:35 - pretrain_logger - INFO - Pretrain memory reserved: 52.00 MB
[2026-06-22 09:52:35,656][pretrain_logger][INFO] - Pretrain memory reserved: 52.00 MB
2026-06-22 09:52:35 - pretrain_logger - INFO - Pretrain memory allocated: 20.07 MB
[2026-06-22 09:52:35,656][pretrain_logger][INFO] - Pretrain memory allocated: 20.07 MB
2026-06-22 09:52:35 - pretrain_logger - INFO - Current learning rate: 0.0005
[2026-06-22 09:52:35,656][pretrain_logger][INFO] - Current learning rate: 0.0005
2026-06-22 09:52:35 - pretrain_logger - INFO - Logged epoch Pretrain 10 info to /public/home/202411094934/python_project/Spatio-Temporal-Library/time-series/2026-06-22/autoformer/pretrain10/etth1/time-series/seed_2/training_log.json
[2026-06-22 09:52:35,659][pretrain_logger][INFO] - Logged epoch Pretrain 10 info to /public/home/202411094934/python_project/Spatio-Temporal-Library/time-series/2026-06-22/autoformer/pretrain10/etth1/time-series/seed_2/training_log.json
2026-06-22 09:52:35 - pretrain_logger - INFO - JEPA pretraining completed.
[2026-06-22 09:52:35,659][pretrain_logger][INFO] - JEPA pretraining completed.
