2026-06-18 01:34:56 - finetune_logger - INFO - No pretrained checkpoint is provided. Finetuning from scratch.
[2026-06-18 01:34:56,991][finetune_logger][INFO] - No pretrained checkpoint is provided. Finetuning from scratch.
2026-06-18 01:34:57 - finetune_logger - INFO - Model parameters: 26,414,914
[2026-06-18 01:34:57,278][finetune_logger][INFO] - Model parameters: 26,414,914
2026-06-18 01:34:57 - finetune_logger - INFO - Created new log file at /public/home/202411094934/python_project/Spatio-Temporal-Library/time-series/2026-06-18/patchtst/finetune20/electricity/time-series/seed_0/training_log.json
[2026-06-18 01:34:57,283][finetune_logger][INFO] - Created new log file at /public/home/202411094934/python_project/Spatio-Temporal-Library/time-series/2026-06-18/patchtst/finetune20/electricity/time-series/seed_0/training_log.json
2026-06-18 01:34:57 - finetune_logger - INFO - Starting training...
[2026-06-18 01:34:57,283][finetune_logger][INFO] - Starting training...
2026-06-18 01:34:57 - finetune_logger - INFO - Epoch 1/20
[2026-06-18 01:34:57,283][finetune_logger][INFO] - Epoch 1/20
2026-06-18 09:02:18 - finetune_logger - INFO - No pretrained checkpoint is provided. Finetuning from scratch.
[2026-06-18 09:02:18,402][finetune_logger][INFO] - No pretrained checkpoint is provided. Finetuning from scratch.
2026-06-18 09:02:18 - finetune_logger - INFO - Model parameters: 26,414,914
[2026-06-18 09:02:18,511][finetune_logger][INFO] - Model parameters: 26,414,914
2026-06-18 09:02:18 - finetune_logger - INFO - Log file already exists at /public/home/202411094934/python_project/Spatio-Temporal-Library/time-series/2026-06-18/patchtst/finetune20/electricity/time-series/seed_0/training_log.json, appending to it.
[2026-06-18 09:02:18,514][finetune_logger][INFO] - Log file already exists at /public/home/202411094934/python_project/Spatio-Temporal-Library/time-series/2026-06-18/patchtst/finetune20/electricity/time-series/seed_0/training_log.json, appending to it.
2026-06-18 09:02:18 - finetune_logger - INFO - Starting training...
[2026-06-18 09:02:18,514][finetune_logger][INFO] - Starting training...
2026-06-18 09:02:18 - finetune_logger - INFO - Epoch 1/20
[2026-06-18 09:02:18,514][finetune_logger][INFO] - Epoch 1/20
2026-06-18 09:03:32 - finetune_logger - INFO - No pretrained checkpoint is provided. Finetuning from scratch.
[2026-06-18 09:03:32,186][finetune_logger][INFO] - No pretrained checkpoint is provided. Finetuning from scratch.
2026-06-18 09:03:32 - finetune_logger - INFO - Model parameters: 26,414,914
[2026-06-18 09:03:32,226][finetune_logger][INFO] - Model parameters: 26,414,914
2026-06-18 09:03:32 - finetune_logger - INFO - Log file already exists at /public/home/202411094934/python_project/Spatio-Temporal-Library/time-series/2026-06-18/patchtst/finetune20/electricity/time-series/seed_0/training_log.json, appending to it.
[2026-06-18 09:03:32,228][finetune_logger][INFO] - Log file already exists at /public/home/202411094934/python_project/Spatio-Temporal-Library/time-series/2026-06-18/patchtst/finetune20/electricity/time-series/seed_0/training_log.json, appending to it.
2026-06-18 09:03:32 - finetune_logger - INFO - Starting training...
[2026-06-18 09:03:32,228][finetune_logger][INFO] - Starting training...
2026-06-18 09:03:32 - finetune_logger - INFO - Epoch 1/20
[2026-06-18 09:03:32,229][finetune_logger][INFO] - Epoch 1/20
2026-06-18 09:07:52 - finetune_logger - INFO - No pretrained checkpoint is provided. Finetuning from scratch.
[2026-06-18 09:07:52,957][finetune_logger][INFO] - No pretrained checkpoint is provided. Finetuning from scratch.
2026-06-18 09:07:53 - finetune_logger - INFO - Model parameters: 26,414,914
[2026-06-18 09:07:53,004][finetune_logger][INFO] - Model parameters: 26,414,914
2026-06-18 09:07:53 - finetune_logger - INFO - Log file already exists at /public/home/202411094934/python_project/Spatio-Temporal-Library/time-series/2026-06-18/patchtst/finetune20/electricity/time-series/seed_0/training_log.json, appending to it.
[2026-06-18 09:07:53,007][finetune_logger][INFO] - Log file already exists at /public/home/202411094934/python_project/Spatio-Temporal-Library/time-series/2026-06-18/patchtst/finetune20/electricity/time-series/seed_0/training_log.json, appending to it.
2026-06-18 09:07:53 - finetune_logger - INFO - Starting training...
[2026-06-18 09:07:53,007][finetune_logger][INFO] - Starting training...
2026-06-18 09:07:53 - finetune_logger - INFO - Epoch 1/20
[2026-06-18 09:07:53,007][finetune_logger][INFO] - Epoch 1/20
2026-06-18 09:09:16 - finetune_logger - INFO - No pretrained checkpoint is provided. Finetuning from scratch.
[2026-06-18 09:09:16,842][finetune_logger][INFO] - No pretrained checkpoint is provided. Finetuning from scratch.
2026-06-18 09:09:16 - finetune_logger - INFO - Model parameters: 26,414,914
[2026-06-18 09:09:16,882][finetune_logger][INFO] - Model parameters: 26,414,914
2026-06-18 09:09:16 - finetune_logger - INFO - Log file already exists at /public/home/202411094934/python_project/Spatio-Temporal-Library/time-series/2026-06-18/patchtst/finetune20/electricity/time-series/seed_0/training_log.json, appending to it.
[2026-06-18 09:09:16,885][finetune_logger][INFO] - Log file already exists at /public/home/202411094934/python_project/Spatio-Temporal-Library/time-series/2026-06-18/patchtst/finetune20/electricity/time-series/seed_0/training_log.json, appending to it.
2026-06-18 09:09:16 - finetune_logger - INFO - Starting training...
[2026-06-18 09:09:16,885][finetune_logger][INFO] - Starting training...
2026-06-18 09:09:16 - finetune_logger - INFO - Epoch 1/20
[2026-06-18 09:09:16,885][finetune_logger][INFO] - Epoch 1/20
2026-06-18 09:10:49 - finetune_logger - INFO - No pretrained checkpoint is provided. Finetuning from scratch.
[2026-06-18 09:10:49,258][finetune_logger][INFO] - No pretrained checkpoint is provided. Finetuning from scratch.
2026-06-18 09:10:49 - finetune_logger - INFO - Model parameters: 26,414,914
[2026-06-18 09:10:49,333][finetune_logger][INFO] - Model parameters: 26,414,914
2026-06-18 09:10:49 - finetune_logger - INFO - Log file already exists at /public/home/202411094934/python_project/Spatio-Temporal-Library/time-series/2026-06-18/patchtst/finetune20/electricity/time-series/seed_0/training_log.json, appending to it.
[2026-06-18 09:10:49,335][finetune_logger][INFO] - Log file already exists at /public/home/202411094934/python_project/Spatio-Temporal-Library/time-series/2026-06-18/patchtst/finetune20/electricity/time-series/seed_0/training_log.json, appending to it.
2026-06-18 09:10:49 - finetune_logger - INFO - Starting training...
[2026-06-18 09:10:49,335][finetune_logger][INFO] - Starting training...
2026-06-18 09:10:49 - finetune_logger - INFO - Epoch 1/20
[2026-06-18 09:10:49,335][finetune_logger][INFO] - Epoch 1/20
2026-06-18 09:41:12 - finetune_logger - INFO - No pretrained checkpoint is provided. Finetuning from scratch.
[2026-06-18 09:41:12,369][finetune_logger][INFO] - No pretrained checkpoint is provided. Finetuning from scratch.
2026-06-18 09:41:12 - finetune_logger - INFO - Model parameters: 26,414,914
[2026-06-18 09:41:12,425][finetune_logger][INFO] - Model parameters: 26,414,914
2026-06-18 09:41:12 - finetune_logger - INFO - Log file already exists at /public/home/202411094934/python_project/Spatio-Temporal-Library/time-series/2026-06-18/patchtst/finetune20/electricity/time-series/seed_0/training_log.json, appending to it.
[2026-06-18 09:41:12,427][finetune_logger][INFO] - Log file already exists at /public/home/202411094934/python_project/Spatio-Temporal-Library/time-series/2026-06-18/patchtst/finetune20/electricity/time-series/seed_0/training_log.json, appending to it.
2026-06-18 09:41:12 - finetune_logger - INFO - Starting training...
[2026-06-18 09:41:12,427][finetune_logger][INFO] - Starting training...
2026-06-18 09:41:12 - finetune_logger - INFO - Epoch 1/20
[2026-06-18 09:41:12,428][finetune_logger][INFO] - Epoch 1/20
2026-06-18 10:19:13 - finetune_logger - INFO - Train loss: 242.84964392093943
[2026-06-18 10:19:13,623][finetune_logger][INFO] - Train loss: 242.84964392093943
2026-06-18 10:19:13 - finetune_logger - INFO - Train time: 2281.1947050094604s
[2026-06-18 10:19:13,623][finetune_logger][INFO] - Train time: 2281.1947050094604s
2026-06-18 10:19:13 - finetune_logger - INFO - Train memory reserved: 580.00 MB
[2026-06-18 10:19:13,624][finetune_logger][INFO] - Train memory reserved: 580.00 MB
2026-06-18 10:19:13 - finetune_logger - INFO - Train memory allocated: 318.57 MB
[2026-06-18 10:19:13,624][finetune_logger][INFO] - Train memory allocated: 318.57 MB
2026-06-18 10:19:13 - finetune_logger - INFO - Current learning rate: 0.0005
[2026-06-18 10:19:13,624][finetune_logger][INFO] - Current learning rate: 0.0005
2026-06-18 10:20:27 - finetune_logger - INFO - Validation metrics: {'MAE': 190.56931487394687, 'RMSE': 1382.962209524055}
[2026-06-18 10:20:27,853][finetune_logger][INFO] - Validation metrics: {'MAE': 190.56931487394687, 'RMSE': 1382.962209524055}
2026-06-18 10:20:27 - finetune_logger - INFO - Val time: 74.23s
[2026-06-18 10:20:27,853][finetune_logger][INFO] - Val time: 74.23s
2026-06-18 10:20:27 - finetune_logger - INFO - Val memory reserved: 580.00 MB
[2026-06-18 10:20:27,853][finetune_logger][INFO] - Val memory reserved: 580.00 MB
2026-06-18 10:20:27 - finetune_logger - INFO - Val memory allocated: 318.57 MB
[2026-06-18 10:20:27,853][finetune_logger][INFO] - Val memory allocated: 318.57 MB
2026-06-18 10:20:27 - finetune_logger - INFO - Logged epoch 1 info to /public/home/202411094934/python_project/Spatio-Temporal-Library/time-series/2026-06-18/patchtst/finetune20/electricity/time-series/seed_0/training_log.json
[2026-06-18 10:20:27,856][finetune_logger][INFO] - Logged epoch 1 info to /public/home/202411094934/python_project/Spatio-Temporal-Library/time-series/2026-06-18/patchtst/finetune20/electricity/time-series/seed_0/training_log.json
2026-06-18 10:20:27 - finetune_logger - INFO - New best model! Val loss: 190.569315
[2026-06-18 10:20:27,856][finetune_logger][INFO] - New best model! Val loss: 190.569315
2026-06-18 10:23:05 - finetune_logger - INFO - Test metrics: {'MAE': 254.09788427853783, 'RMSE': 2293.9499364220105}
[2026-06-18 10:23:05,540][finetune_logger][INFO] - Test metrics: {'MAE': 254.09788427853783, 'RMSE': 2293.9499364220105}
2026-06-18 10:23:05 - finetune_logger - INFO - Test time: 156.60s
[2026-06-18 10:23:05,541][finetune_logger][INFO] - Test time: 156.60s
2026-06-18 10:23:05 - finetune_logger - INFO - Test memory reserved: 580.00 MB
[2026-06-18 10:23:05,541][finetune_logger][INFO] - Test memory reserved: 580.00 MB
2026-06-18 10:23:05 - finetune_logger - INFO - Test memory allocated: 318.57 MB
[2026-06-18 10:23:05,541][finetune_logger][INFO] - Test memory allocated: 318.57 MB
2026-06-18 10:23:05 - finetune_logger - INFO - Epoch 2/20
[2026-06-18 10:23:05,541][finetune_logger][INFO] - Epoch 2/20
2026-06-18 11:00:47 - finetune_logger - INFO - Train loss: 219.1149007027551
[2026-06-18 11:00:47,755][finetune_logger][INFO] - Train loss: 219.1149007027551
2026-06-18 11:00:47 - finetune_logger - INFO - Train time: 2262.2136764526367s
[2026-06-18 11:00:47,756][finetune_logger][INFO] - Train time: 2262.2136764526367s
2026-06-18 11:00:47 - finetune_logger - INFO - Train memory reserved: 580.00 MB
[2026-06-18 11:00:47,756][finetune_logger][INFO] - Train memory reserved: 580.00 MB
2026-06-18 11:00:47 - finetune_logger - INFO - Train memory allocated: 318.57 MB
[2026-06-18 11:00:47,756][finetune_logger][INFO] - Train memory allocated: 318.57 MB
2026-06-18 11:00:47 - finetune_logger - INFO - Current learning rate: 0.0005
[2026-06-18 11:00:47,756][finetune_logger][INFO] - Current learning rate: 0.0005
2026-06-18 11:02:02 - finetune_logger - INFO - Validation metrics: {'MAE': 184.87612877454228, 'RMSE': 1361.3430727025093}
[2026-06-18 11:02:02,504][finetune_logger][INFO] - Validation metrics: {'MAE': 184.87612877454228, 'RMSE': 1361.3430727025093}
2026-06-18 11:02:02 - finetune_logger - INFO - Val time: 74.75s
[2026-06-18 11:02:02,504][finetune_logger][INFO] - Val time: 74.75s
2026-06-18 11:02:02 - finetune_logger - INFO - Val memory reserved: 580.00 MB
[2026-06-18 11:02:02,505][finetune_logger][INFO] - Val memory reserved: 580.00 MB
2026-06-18 11:02:02 - finetune_logger - INFO - Val memory allocated: 318.57 MB
[2026-06-18 11:02:02,505][finetune_logger][INFO] - Val memory allocated: 318.57 MB
2026-06-18 11:02:02 - finetune_logger - INFO - Logged epoch 2 info to /public/home/202411094934/python_project/Spatio-Temporal-Library/time-series/2026-06-18/patchtst/finetune20/electricity/time-series/seed_0/training_log.json
[2026-06-18 11:02:02,509][finetune_logger][INFO] - Logged epoch 2 info to /public/home/202411094934/python_project/Spatio-Temporal-Library/time-series/2026-06-18/patchtst/finetune20/electricity/time-series/seed_0/training_log.json
2026-06-18 11:02:02 - finetune_logger - INFO - New best model! Val loss: 184.876129
[2026-06-18 11:02:02,509][finetune_logger][INFO] - New best model! Val loss: 184.876129
2026-06-18 11:04:40 - finetune_logger - INFO - Test metrics: {'MAE': 246.8039818229074, 'RMSE': 2251.3240674115787}
[2026-06-18 11:04:40,200][finetune_logger][INFO] - Test metrics: {'MAE': 246.8039818229074, 'RMSE': 2251.3240674115787}
2026-06-18 11:04:40 - finetune_logger - INFO - Test time: 156.51s
[2026-06-18 11:04:40,202][finetune_logger][INFO] - Test time: 156.51s
2026-06-18 11:04:40 - finetune_logger - INFO - Test memory reserved: 580.00 MB
[2026-06-18 11:04:40,202][finetune_logger][INFO] - Test memory reserved: 580.00 MB
2026-06-18 11:04:40 - finetune_logger - INFO - Test memory allocated: 318.57 MB
[2026-06-18 11:04:40,202][finetune_logger][INFO] - Test memory allocated: 318.57 MB
2026-06-18 11:04:40 - finetune_logger - INFO - Epoch 3/20
[2026-06-18 11:04:40,202][finetune_logger][INFO] - Epoch 3/20
2026-06-18 11:42:54 - finetune_logger - INFO - Train loss: 214.3269136003067
[2026-06-18 11:42:54,169][finetune_logger][INFO] - Train loss: 214.3269136003067
2026-06-18 11:42:54 - finetune_logger - INFO - Train time: 2293.9665229320526s
[2026-06-18 11:42:54,170][finetune_logger][INFO] - Train time: 2293.9665229320526s
2026-06-18 11:42:54 - finetune_logger - INFO - Train memory reserved: 580.00 MB
[2026-06-18 11:42:54,170][finetune_logger][INFO] - Train memory reserved: 580.00 MB
2026-06-18 11:42:54 - finetune_logger - INFO - Train memory allocated: 318.57 MB
[2026-06-18 11:42:54,170][finetune_logger][INFO] - Train memory allocated: 318.57 MB
2026-06-18 11:42:54 - finetune_logger - INFO - Current learning rate: 0.0005
[2026-06-18 11:42:54,170][finetune_logger][INFO] - Current learning rate: 0.0005
2026-06-18 11:44:08 - finetune_logger - INFO - Validation metrics: {'MAE': 186.89860708136285, 'RMSE': 1353.7333112407473}
[2026-06-18 11:44:08,995][finetune_logger][INFO] - Validation metrics: {'MAE': 186.89860708136285, 'RMSE': 1353.7333112407473}
2026-06-18 11:44:08 - finetune_logger - INFO - Val time: 74.82s
[2026-06-18 11:44:08,995][finetune_logger][INFO] - Val time: 74.82s
2026-06-18 11:44:08 - finetune_logger - INFO - Val memory reserved: 580.00 MB
[2026-06-18 11:44:08,995][finetune_logger][INFO] - Val memory reserved: 580.00 MB
2026-06-18 11:44:08 - finetune_logger - INFO - Val memory allocated: 318.57 MB
[2026-06-18 11:44:08,995][finetune_logger][INFO] - Val memory allocated: 318.57 MB
2026-06-18 11:44:08 - finetune_logger - INFO - Logged epoch 3 info to /public/home/202411094934/python_project/Spatio-Temporal-Library/time-series/2026-06-18/patchtst/finetune20/electricity/time-series/seed_0/training_log.json
[2026-06-18 11:44:08,999][finetune_logger][INFO] - Logged epoch 3 info to /public/home/202411094934/python_project/Spatio-Temporal-Library/time-series/2026-06-18/patchtst/finetune20/electricity/time-series/seed_0/training_log.json
2026-06-18 11:46:45 - finetune_logger - INFO - Test metrics: {'MAE': 252.51370053360768, 'RMSE': 2287.372752901781}
[2026-06-18 11:46:45,843][finetune_logger][INFO] - Test metrics: {'MAE': 252.51370053360768, 'RMSE': 2287.372752901781}
2026-06-18 11:46:45 - finetune_logger - INFO - Test time: 156.84s
[2026-06-18 11:46:45,843][finetune_logger][INFO] - Test time: 156.84s
2026-06-18 11:46:45 - finetune_logger - INFO - Test memory reserved: 580.00 MB
[2026-06-18 11:46:45,843][finetune_logger][INFO] - Test memory reserved: 580.00 MB
2026-06-18 11:46:45 - finetune_logger - INFO - Test memory allocated: 318.57 MB
[2026-06-18 11:46:45,843][finetune_logger][INFO] - Test memory allocated: 318.57 MB
2026-06-18 11:46:45 - finetune_logger - INFO - Epoch 4/20
[2026-06-18 11:46:45,843][finetune_logger][INFO] - Epoch 4/20
2026-06-18 12:25:00 - finetune_logger - INFO - Train loss: 211.33016935544651
[2026-06-18 12:25:00,634][finetune_logger][INFO] - Train loss: 211.33016935544651
2026-06-18 12:25:00 - finetune_logger - INFO - Train time: 2294.78955745697s
[2026-06-18 12:25:00,635][finetune_logger][INFO] - Train time: 2294.78955745697s
2026-06-18 12:25:00 - finetune_logger - INFO - Train memory reserved: 580.00 MB
[2026-06-18 12:25:00,635][finetune_logger][INFO] - Train memory reserved: 580.00 MB
2026-06-18 12:25:00 - finetune_logger - INFO - Train memory allocated: 318.57 MB
[2026-06-18 12:25:00,635][finetune_logger][INFO] - Train memory allocated: 318.57 MB
2026-06-18 12:25:00 - finetune_logger - INFO - Current learning rate: 0.0005
[2026-06-18 12:25:00,635][finetune_logger][INFO] - Current learning rate: 0.0005
2026-06-18 12:26:15 - finetune_logger - INFO - Validation metrics: {'MAE': 184.46452062667038, 'RMSE': 1356.854531635485}
[2026-06-18 12:26:15,287][finetune_logger][INFO] - Validation metrics: {'MAE': 184.46452062667038, 'RMSE': 1356.854531635485}
2026-06-18 12:26:15 - finetune_logger - INFO - Val time: 74.65s
[2026-06-18 12:26:15,288][finetune_logger][INFO] - Val time: 74.65s
2026-06-18 12:26:15 - finetune_logger - INFO - Val memory reserved: 580.00 MB
[2026-06-18 12:26:15,288][finetune_logger][INFO] - Val memory reserved: 580.00 MB
2026-06-18 12:26:15 - finetune_logger - INFO - Val memory allocated: 318.57 MB
[2026-06-18 12:26:15,288][finetune_logger][INFO] - Val memory allocated: 318.57 MB
2026-06-18 12:26:15 - finetune_logger - INFO - Logged epoch 4 info to /public/home/202411094934/python_project/Spatio-Temporal-Library/time-series/2026-06-18/patchtst/finetune20/electricity/time-series/seed_0/training_log.json
[2026-06-18 12:26:15,292][finetune_logger][INFO] - Logged epoch 4 info to /public/home/202411094934/python_project/Spatio-Temporal-Library/time-series/2026-06-18/patchtst/finetune20/electricity/time-series/seed_0/training_log.json
2026-06-18 12:26:15 - finetune_logger - INFO - New best model! Val loss: 184.464521
[2026-06-18 12:26:15,292][finetune_logger][INFO] - New best model! Val loss: 184.464521
2026-06-18 12:28:53 - finetune_logger - INFO - Test metrics: {'MAE': 249.37912307291208, 'RMSE': 2268.519608351517}
[2026-06-18 12:28:53,081][finetune_logger][INFO] - Test metrics: {'MAE': 249.37912307291208, 'RMSE': 2268.519608351517}
2026-06-18 12:28:53 - finetune_logger - INFO - Test time: 156.72s
[2026-06-18 12:28:53,082][finetune_logger][INFO] - Test time: 156.72s
2026-06-18 12:28:53 - finetune_logger - INFO - Test memory reserved: 580.00 MB
[2026-06-18 12:28:53,082][finetune_logger][INFO] - Test memory reserved: 580.00 MB
2026-06-18 12:28:53 - finetune_logger - INFO - Test memory allocated: 318.57 MB
[2026-06-18 12:28:53,082][finetune_logger][INFO] - Test memory allocated: 318.57 MB
2026-06-18 12:28:53 - finetune_logger - INFO - Epoch 5/20
[2026-06-18 12:28:53,082][finetune_logger][INFO] - Epoch 5/20
2026-06-18 13:07:08 - finetune_logger - INFO - Train loss: 209.09211194163973
[2026-06-18 13:07:08,402][finetune_logger][INFO] - Train loss: 209.09211194163973
2026-06-18 13:07:08 - finetune_logger - INFO - Train time: 2295.3188304901123s
[2026-06-18 13:07:08,402][finetune_logger][INFO] - Train time: 2295.3188304901123s
2026-06-18 13:07:08 - finetune_logger - INFO - Train memory reserved: 580.00 MB
[2026-06-18 13:07:08,402][finetune_logger][INFO] - Train memory reserved: 580.00 MB
2026-06-18 13:07:08 - finetune_logger - INFO - Train memory allocated: 318.57 MB
[2026-06-18 13:07:08,402][finetune_logger][INFO] - Train memory allocated: 318.57 MB
2026-06-18 13:07:08 - finetune_logger - INFO - Current learning rate: 0.0005
[2026-06-18 13:07:08,402][finetune_logger][INFO] - Current learning rate: 0.0005
2026-06-18 13:08:22 - finetune_logger - INFO - Validation metrics: {'MAE': 187.7037560296306, 'RMSE': 1369.2685778166115}
[2026-06-18 13:08:22,932][finetune_logger][INFO] - Validation metrics: {'MAE': 187.7037560296306, 'RMSE': 1369.2685778166115}
2026-06-18 13:08:22 - finetune_logger - INFO - Val time: 74.53s
[2026-06-18 13:08:22,932][finetune_logger][INFO] - Val time: 74.53s
2026-06-18 13:08:22 - finetune_logger - INFO - Val memory reserved: 580.00 MB
[2026-06-18 13:08:22,932][finetune_logger][INFO] - Val memory reserved: 580.00 MB
2026-06-18 13:08:22 - finetune_logger - INFO - Val memory allocated: 318.57 MB
[2026-06-18 13:08:22,932][finetune_logger][INFO] - Val memory allocated: 318.57 MB
2026-06-18 13:08:22 - finetune_logger - INFO - Logged epoch 5 info to /public/home/202411094934/python_project/Spatio-Temporal-Library/time-series/2026-06-18/patchtst/finetune20/electricity/time-series/seed_0/training_log.json
[2026-06-18 13:08:22,937][finetune_logger][INFO] - Logged epoch 5 info to /public/home/202411094934/python_project/Spatio-Temporal-Library/time-series/2026-06-18/patchtst/finetune20/electricity/time-series/seed_0/training_log.json
2026-06-18 13:11:00 - finetune_logger - INFO - Test metrics: {'MAE': 253.30016495887486, 'RMSE': 2280.099053451638}
[2026-06-18 13:11:00,040][finetune_logger][INFO] - Test metrics: {'MAE': 253.30016495887486, 'RMSE': 2280.099053451638}
2026-06-18 13:11:00 - finetune_logger - INFO - Test time: 157.10s
[2026-06-18 13:11:00,041][finetune_logger][INFO] - Test time: 157.10s
2026-06-18 13:11:00 - finetune_logger - INFO - Test memory reserved: 580.00 MB
[2026-06-18 13:11:00,041][finetune_logger][INFO] - Test memory reserved: 580.00 MB
2026-06-18 13:11:00 - finetune_logger - INFO - Test memory allocated: 318.57 MB
[2026-06-18 13:11:00,041][finetune_logger][INFO] - Test memory allocated: 318.57 MB
2026-06-18 13:11:00 - finetune_logger - INFO - Epoch 6/20
[2026-06-18 13:11:00,041][finetune_logger][INFO] - Epoch 6/20
2026-06-18 13:49:12 - finetune_logger - INFO - Train loss: 207.2942252382072
[2026-06-18 13:49:12,850][finetune_logger][INFO] - Train loss: 207.2942252382072
2026-06-18 13:49:12 - finetune_logger - INFO - Train time: 2292.8085045814514s
[2026-06-18 13:49:12,851][finetune_logger][INFO] - Train time: 2292.8085045814514s
2026-06-18 13:49:12 - finetune_logger - INFO - Train memory reserved: 580.00 MB
[2026-06-18 13:49:12,851][finetune_logger][INFO] - Train memory reserved: 580.00 MB
2026-06-18 13:49:12 - finetune_logger - INFO - Train memory allocated: 318.57 MB
[2026-06-18 13:49:12,851][finetune_logger][INFO] - Train memory allocated: 318.57 MB
2026-06-18 13:49:12 - finetune_logger - INFO - Current learning rate: 0.0005
[2026-06-18 13:49:12,851][finetune_logger][INFO] - Current learning rate: 0.0005
2026-06-18 13:50:27 - finetune_logger - INFO - Validation metrics: {'MAE': 182.48090798147106, 'RMSE': 1338.3620444592914}
[2026-06-18 13:50:27,585][finetune_logger][INFO] - Validation metrics: {'MAE': 182.48090798147106, 'RMSE': 1338.3620444592914}
2026-06-18 13:50:27 - finetune_logger - INFO - Val time: 74.73s
[2026-06-18 13:50:27,585][finetune_logger][INFO] - Val time: 74.73s
2026-06-18 13:50:27 - finetune_logger - INFO - Val memory reserved: 580.00 MB
[2026-06-18 13:50:27,585][finetune_logger][INFO] - Val memory reserved: 580.00 MB
2026-06-18 13:50:27 - finetune_logger - INFO - Val memory allocated: 318.57 MB
[2026-06-18 13:50:27,585][finetune_logger][INFO] - Val memory allocated: 318.57 MB
2026-06-18 13:50:27 - finetune_logger - INFO - Logged epoch 6 info to /public/home/202411094934/python_project/Spatio-Temporal-Library/time-series/2026-06-18/patchtst/finetune20/electricity/time-series/seed_0/training_log.json
[2026-06-18 13:50:27,591][finetune_logger][INFO] - Logged epoch 6 info to /public/home/202411094934/python_project/Spatio-Temporal-Library/time-series/2026-06-18/patchtst/finetune20/electricity/time-series/seed_0/training_log.json
2026-06-18 13:50:27 - finetune_logger - INFO - New best model! Val loss: 182.480908
[2026-06-18 13:50:27,591][finetune_logger][INFO] - New best model! Val loss: 182.480908
2026-06-18 13:53:05 - finetune_logger - INFO - Test metrics: {'MAE': 245.63155655568528, 'RMSE': 2228.994142892323}
[2026-06-18 13:53:05,570][finetune_logger][INFO] - Test metrics: {'MAE': 245.63155655568528, 'RMSE': 2228.994142892323}
2026-06-18 13:53:05 - finetune_logger - INFO - Test time: 156.91s
[2026-06-18 13:53:05,570][finetune_logger][INFO] - Test time: 156.91s
2026-06-18 13:53:05 - finetune_logger - INFO - Test memory reserved: 580.00 MB
[2026-06-18 13:53:05,570][finetune_logger][INFO] - Test memory reserved: 580.00 MB
2026-06-18 13:53:05 - finetune_logger - INFO - Test memory allocated: 318.57 MB
[2026-06-18 13:53:05,570][finetune_logger][INFO] - Test memory allocated: 318.57 MB
2026-06-18 13:53:05 - finetune_logger - INFO - Epoch 7/20
[2026-06-18 13:53:05,571][finetune_logger][INFO] - Epoch 7/20
2026-06-18 14:31:18 - finetune_logger - INFO - Train loss: 205.78717558647807
[2026-06-18 14:31:18,462][finetune_logger][INFO] - Train loss: 205.78717558647807
2026-06-18 14:31:18 - finetune_logger - INFO - Train time: 2292.891087293625s
[2026-06-18 14:31:18,463][finetune_logger][INFO] - Train time: 2292.891087293625s
2026-06-18 14:31:18 - finetune_logger - INFO - Train memory reserved: 580.00 MB
[2026-06-18 14:31:18,463][finetune_logger][INFO] - Train memory reserved: 580.00 MB
2026-06-18 14:31:18 - finetune_logger - INFO - Train memory allocated: 318.57 MB
[2026-06-18 14:31:18,463][finetune_logger][INFO] - Train memory allocated: 318.57 MB
2026-06-18 14:31:18 - finetune_logger - INFO - Current learning rate: 0.0005
[2026-06-18 14:31:18,463][finetune_logger][INFO] - Current learning rate: 0.0005
2026-06-18 14:32:32 - finetune_logger - INFO - Validation metrics: {'MAE': 184.49598024388348, 'RMSE': 1348.2337459395515}
[2026-06-18 14:32:32,946][finetune_logger][INFO] - Validation metrics: {'MAE': 184.49598024388348, 'RMSE': 1348.2337459395515}
2026-06-18 14:32:32 - finetune_logger - INFO - Val time: 74.48s
[2026-06-18 14:32:32,946][finetune_logger][INFO] - Val time: 74.48s
2026-06-18 14:32:32 - finetune_logger - INFO - Val memory reserved: 580.00 MB
[2026-06-18 14:32:32,947][finetune_logger][INFO] - Val memory reserved: 580.00 MB
2026-06-18 14:32:32 - finetune_logger - INFO - Val memory allocated: 318.57 MB
[2026-06-18 14:32:32,947][finetune_logger][INFO] - Val memory allocated: 318.57 MB
2026-06-18 14:32:32 - finetune_logger - INFO - Logged epoch 7 info to /public/home/202411094934/python_project/Spatio-Temporal-Library/time-series/2026-06-18/patchtst/finetune20/electricity/time-series/seed_0/training_log.json
[2026-06-18 14:32:32,951][finetune_logger][INFO] - Logged epoch 7 info to /public/home/202411094934/python_project/Spatio-Temporal-Library/time-series/2026-06-18/patchtst/finetune20/electricity/time-series/seed_0/training_log.json
2026-06-18 14:35:09 - finetune_logger - INFO - Test metrics: {'MAE': 251.2735311372181, 'RMSE': 2304.655181110699}
[2026-06-18 14:35:09,429][finetune_logger][INFO] - Test metrics: {'MAE': 251.2735311372181, 'RMSE': 2304.655181110699}
2026-06-18 14:35:09 - finetune_logger - INFO - Test time: 156.48s
[2026-06-18 14:35:09,429][finetune_logger][INFO] - Test time: 156.48s
2026-06-18 14:35:09 - finetune_logger - INFO - Test memory reserved: 580.00 MB
[2026-06-18 14:35:09,429][finetune_logger][INFO] - Test memory reserved: 580.00 MB
2026-06-18 14:35:09 - finetune_logger - INFO - Test memory allocated: 318.57 MB
[2026-06-18 14:35:09,429][finetune_logger][INFO] - Test memory allocated: 318.57 MB
2026-06-18 14:35:09 - finetune_logger - INFO - Epoch 8/20
[2026-06-18 14:35:09,430][finetune_logger][INFO] - Epoch 8/20
2026-06-18 15:13:23 - finetune_logger - INFO - Train loss: 204.56557611707905
[2026-06-18 15:13:23,667][finetune_logger][INFO] - Train loss: 204.56557611707905
2026-06-18 15:13:23 - finetune_logger - INFO - Train time: 2294.236620903015s
[2026-06-18 15:13:23,667][finetune_logger][INFO] - Train time: 2294.236620903015s
2026-06-18 15:13:23 - finetune_logger - INFO - Train memory reserved: 580.00 MB
[2026-06-18 15:13:23,667][finetune_logger][INFO] - Train memory reserved: 580.00 MB
2026-06-18 15:13:23 - finetune_logger - INFO - Train memory allocated: 318.57 MB
[2026-06-18 15:13:23,667][finetune_logger][INFO] - Train memory allocated: 318.57 MB
2026-06-18 15:13:23 - finetune_logger - INFO - Current learning rate: 0.0005
[2026-06-18 15:13:23,668][finetune_logger][INFO] - Current learning rate: 0.0005
2026-06-18 15:14:38 - finetune_logger - INFO - Validation metrics: {'MAE': 188.76982613011404, 'RMSE': 1365.9678598375833}
[2026-06-18 15:14:38,189][finetune_logger][INFO] - Validation metrics: {'MAE': 188.76982613011404, 'RMSE': 1365.9678598375833}
2026-06-18 15:14:38 - finetune_logger - INFO - Val time: 74.52s
[2026-06-18 15:14:38,189][finetune_logger][INFO] - Val time: 74.52s
2026-06-18 15:14:38 - finetune_logger - INFO - Val memory reserved: 580.00 MB
[2026-06-18 15:14:38,189][finetune_logger][INFO] - Val memory reserved: 580.00 MB
2026-06-18 15:14:38 - finetune_logger - INFO - Val memory allocated: 318.57 MB
[2026-06-18 15:14:38,190][finetune_logger][INFO] - Val memory allocated: 318.57 MB
2026-06-18 15:14:38 - finetune_logger - INFO - Logged epoch 8 info to /public/home/202411094934/python_project/Spatio-Temporal-Library/time-series/2026-06-18/patchtst/finetune20/electricity/time-series/seed_0/training_log.json
[2026-06-18 15:14:38,193][finetune_logger][INFO] - Logged epoch 8 info to /public/home/202411094934/python_project/Spatio-Temporal-Library/time-series/2026-06-18/patchtst/finetune20/electricity/time-series/seed_0/training_log.json
2026-06-18 15:17:15 - finetune_logger - INFO - Test metrics: {'MAE': 256.5231699637822, 'RMSE': 2312.003843617943}
[2026-06-18 15:17:15,297][finetune_logger][INFO] - Test metrics: {'MAE': 256.5231699637822, 'RMSE': 2312.003843617943}
2026-06-18 15:17:15 - finetune_logger - INFO - Test time: 157.10s
[2026-06-18 15:17:15,297][finetune_logger][INFO] - Test time: 157.10s
2026-06-18 15:17:15 - finetune_logger - INFO - Test memory reserved: 580.00 MB
[2026-06-18 15:17:15,297][finetune_logger][INFO] - Test memory reserved: 580.00 MB
2026-06-18 15:17:15 - finetune_logger - INFO - Test memory allocated: 318.57 MB
[2026-06-18 15:17:15,297][finetune_logger][INFO] - Test memory allocated: 318.57 MB
2026-06-18 15:17:15 - finetune_logger - INFO - Epoch 9/20
[2026-06-18 15:17:15,297][finetune_logger][INFO] - Epoch 9/20
2026-06-18 15:55:30 - finetune_logger - INFO - Train loss: 203.6807442453051
[2026-06-18 15:55:30,067][finetune_logger][INFO] - Train loss: 203.6807442453051
2026-06-18 15:55:30 - finetune_logger - INFO - Train time: 2294.7692000865936s
[2026-06-18 15:55:30,067][finetune_logger][INFO] - Train time: 2294.7692000865936s
2026-06-18 15:55:30 - finetune_logger - INFO - Train memory reserved: 580.00 MB
[2026-06-18 15:55:30,067][finetune_logger][INFO] - Train memory reserved: 580.00 MB
2026-06-18 15:55:30 - finetune_logger - INFO - Train memory allocated: 318.57 MB
[2026-06-18 15:55:30,068][finetune_logger][INFO] - Train memory allocated: 318.57 MB
2026-06-18 15:55:30 - finetune_logger - INFO - Current learning rate: 0.0005
[2026-06-18 15:55:30,068][finetune_logger][INFO] - Current learning rate: 0.0005
2026-06-18 15:56:44 - finetune_logger - INFO - Validation metrics: {'MAE': 193.7422963417457, 'RMSE': 1397.954427991363}
[2026-06-18 15:56:44,421][finetune_logger][INFO] - Validation metrics: {'MAE': 193.7422963417457, 'RMSE': 1397.954427991363}
2026-06-18 15:56:44 - finetune_logger - INFO - Val time: 74.35s
[2026-06-18 15:56:44,422][finetune_logger][INFO] - Val time: 74.35s
2026-06-18 15:56:44 - finetune_logger - INFO - Val memory reserved: 580.00 MB
[2026-06-18 15:56:44,422][finetune_logger][INFO] - Val memory reserved: 580.00 MB
2026-06-18 15:56:44 - finetune_logger - INFO - Val memory allocated: 318.57 MB
[2026-06-18 15:56:44,422][finetune_logger][INFO] - Val memory allocated: 318.57 MB
2026-06-18 15:56:44 - finetune_logger - INFO - Logged epoch 9 info to /public/home/202411094934/python_project/Spatio-Temporal-Library/time-series/2026-06-18/patchtst/finetune20/electricity/time-series/seed_0/training_log.json
[2026-06-18 15:56:44,425][finetune_logger][INFO] - Logged epoch 9 info to /public/home/202411094934/python_project/Spatio-Temporal-Library/time-series/2026-06-18/patchtst/finetune20/electricity/time-series/seed_0/training_log.json
2026-06-18 15:59:21 - finetune_logger - INFO - Test metrics: {'MAE': 263.33613188118693, 'RMSE': 2370.7247747928086}
[2026-06-18 15:59:21,225][finetune_logger][INFO] - Test metrics: {'MAE': 263.33613188118693, 'RMSE': 2370.7247747928086}
2026-06-18 15:59:21 - finetune_logger - INFO - Test time: 156.80s
[2026-06-18 15:59:21,226][finetune_logger][INFO] - Test time: 156.80s
2026-06-18 15:59:21 - finetune_logger - INFO - Test memory reserved: 580.00 MB
[2026-06-18 15:59:21,226][finetune_logger][INFO] - Test memory reserved: 580.00 MB
2026-06-18 15:59:21 - finetune_logger - INFO - Test memory allocated: 318.57 MB
[2026-06-18 15:59:21,226][finetune_logger][INFO] - Test memory allocated: 318.57 MB
2026-06-18 15:59:21 - finetune_logger - INFO - Epoch 10/20
[2026-06-18 15:59:21,226][finetune_logger][INFO] - Epoch 10/20
2026-06-18 16:37:34 - finetune_logger - INFO - Train loss: 202.54952806700746
[2026-06-18 16:37:34,103][finetune_logger][INFO] - Train loss: 202.54952806700746
2026-06-18 16:37:34 - finetune_logger - INFO - Train time: 2292.876400232315s
[2026-06-18 16:37:34,103][finetune_logger][INFO] - Train time: 2292.876400232315s
2026-06-18 16:37:34 - finetune_logger - INFO - Train memory reserved: 580.00 MB
[2026-06-18 16:37:34,103][finetune_logger][INFO] - Train memory reserved: 580.00 MB
2026-06-18 16:37:34 - finetune_logger - INFO - Train memory allocated: 318.57 MB
[2026-06-18 16:37:34,103][finetune_logger][INFO] - Train memory allocated: 318.57 MB
2026-06-18 16:37:34 - finetune_logger - INFO - Current learning rate: 0.0005
[2026-06-18 16:37:34,103][finetune_logger][INFO] - Current learning rate: 0.0005
2026-06-18 16:38:48 - finetune_logger - INFO - Validation metrics: {'MAE': 188.57039078883128, 'RMSE': 1371.8156405993025}
[2026-06-18 16:38:48,435][finetune_logger][INFO] - Validation metrics: {'MAE': 188.57039078883128, 'RMSE': 1371.8156405993025}
2026-06-18 16:38:48 - finetune_logger - INFO - Val time: 74.33s
[2026-06-18 16:38:48,435][finetune_logger][INFO] - Val time: 74.33s
2026-06-18 16:38:48 - finetune_logger - INFO - Val memory reserved: 580.00 MB
[2026-06-18 16:38:48,436][finetune_logger][INFO] - Val memory reserved: 580.00 MB
2026-06-18 16:38:48 - finetune_logger - INFO - Val memory allocated: 318.57 MB
[2026-06-18 16:38:48,436][finetune_logger][INFO] - Val memory allocated: 318.57 MB
2026-06-18 16:38:48 - finetune_logger - INFO - Logged epoch 10 info to /public/home/202411094934/python_project/Spatio-Temporal-Library/time-series/2026-06-18/patchtst/finetune20/electricity/time-series/seed_0/training_log.json
[2026-06-18 16:38:48,439][finetune_logger][INFO] - Logged epoch 10 info to /public/home/202411094934/python_project/Spatio-Temporal-Library/time-series/2026-06-18/patchtst/finetune20/electricity/time-series/seed_0/training_log.json
2026-06-18 16:41:25 - finetune_logger - INFO - Test metrics: {'MAE': 253.2628092764855, 'RMSE': 2293.4817232558826}
[2026-06-18 16:41:25,730][finetune_logger][INFO] - Test metrics: {'MAE': 253.2628092764855, 'RMSE': 2293.4817232558826}
2026-06-18 16:41:25 - finetune_logger - INFO - Test time: 156.76s
[2026-06-18 16:41:25,730][finetune_logger][INFO] - Test time: 156.76s
2026-06-18 16:41:25 - finetune_logger - INFO - Test memory reserved: 580.00 MB
[2026-06-18 16:41:25,730][finetune_logger][INFO] - Test memory reserved: 580.00 MB
2026-06-18 16:41:25 - finetune_logger - INFO - Test memory allocated: 318.57 MB
[2026-06-18 16:41:25,731][finetune_logger][INFO] - Test memory allocated: 318.57 MB
2026-06-18 16:41:25 - finetune_logger - INFO - Epoch 11/20
[2026-06-18 16:41:25,731][finetune_logger][INFO] - Epoch 11/20
2026-06-18 17:19:36 - finetune_logger - INFO - Train loss: 198.0466644796364
[2026-06-18 17:19:36,758][finetune_logger][INFO] - Train loss: 198.0466644796364
2026-06-18 17:19:36 - finetune_logger - INFO - Train time: 2291.0266280174255s
[2026-06-18 17:19:36,758][finetune_logger][INFO] - Train time: 2291.0266280174255s
2026-06-18 17:19:36 - finetune_logger - INFO - Train memory reserved: 580.00 MB
[2026-06-18 17:19:36,759][finetune_logger][INFO] - Train memory reserved: 580.00 MB
2026-06-18 17:19:36 - finetune_logger - INFO - Train memory allocated: 318.57 MB
[2026-06-18 17:19:36,759][finetune_logger][INFO] - Train memory allocated: 318.57 MB
2026-06-18 17:19:36 - finetune_logger - INFO - Current learning rate: 0.00025
[2026-06-18 17:19:36,759][finetune_logger][INFO] - Current learning rate: 0.00025
2026-06-18 17:20:51 - finetune_logger - INFO - Validation metrics: {'MAE': 189.26994959781015, 'RMSE': 1378.020411030014}
[2026-06-18 17:20:51,203][finetune_logger][INFO] - Validation metrics: {'MAE': 189.26994959781015, 'RMSE': 1378.020411030014}
2026-06-18 17:20:51 - finetune_logger - INFO - Val time: 74.44s
[2026-06-18 17:20:51,203][finetune_logger][INFO] - Val time: 74.44s
2026-06-18 17:20:51 - finetune_logger - INFO - Val memory reserved: 580.00 MB
[2026-06-18 17:20:51,203][finetune_logger][INFO] - Val memory reserved: 580.00 MB
2026-06-18 17:20:51 - finetune_logger - INFO - Val memory allocated: 318.57 MB
[2026-06-18 17:20:51,203][finetune_logger][INFO] - Val memory allocated: 318.57 MB
2026-06-18 17:20:51 - finetune_logger - INFO - Logged epoch 11 info to /public/home/202411094934/python_project/Spatio-Temporal-Library/time-series/2026-06-18/patchtst/finetune20/electricity/time-series/seed_0/training_log.json
[2026-06-18 17:20:51,207][finetune_logger][INFO] - Logged epoch 11 info to /public/home/202411094934/python_project/Spatio-Temporal-Library/time-series/2026-06-18/patchtst/finetune20/electricity/time-series/seed_0/training_log.json
2026-06-18 17:23:28 - finetune_logger - INFO - Test metrics: {'MAE': 256.30642961060425, 'RMSE': 2325.0559271219477}
[2026-06-18 17:23:28,040][finetune_logger][INFO] - Test metrics: {'MAE': 256.30642961060425, 'RMSE': 2325.0559271219477}
2026-06-18 17:23:28 - finetune_logger - INFO - Test time: 156.83s
[2026-06-18 17:23:28,040][finetune_logger][INFO] - Test time: 156.83s
2026-06-18 17:23:28 - finetune_logger - INFO - Test memory reserved: 580.00 MB
[2026-06-18 17:23:28,040][finetune_logger][INFO] - Test memory reserved: 580.00 MB
2026-06-18 17:23:28 - finetune_logger - INFO - Test memory allocated: 318.57 MB
[2026-06-18 17:23:28,040][finetune_logger][INFO] - Test memory allocated: 318.57 MB
2026-06-18 17:23:28 - finetune_logger - INFO - Epoch 12/20
[2026-06-18 17:23:28,040][finetune_logger][INFO] - Epoch 12/20
2026-06-18 18:01:40 - finetune_logger - INFO - Train loss: 197.10322456424933
[2026-06-18 18:01:40,316][finetune_logger][INFO] - Train loss: 197.10322456424933
2026-06-18 18:01:40 - finetune_logger - INFO - Train time: 2292.275039434433s
[2026-06-18 18:01:40,316][finetune_logger][INFO] - Train time: 2292.275039434433s
2026-06-18 18:01:40 - finetune_logger - INFO - Train memory reserved: 580.00 MB
[2026-06-18 18:01:40,316][finetune_logger][INFO] - Train memory reserved: 580.00 MB
2026-06-18 18:01:40 - finetune_logger - INFO - Train memory allocated: 318.57 MB
[2026-06-18 18:01:40,316][finetune_logger][INFO] - Train memory allocated: 318.57 MB
2026-06-18 18:01:40 - finetune_logger - INFO - Current learning rate: 0.00025
[2026-06-18 18:01:40,316][finetune_logger][INFO] - Current learning rate: 0.00025
2026-06-18 18:02:54 - finetune_logger - INFO - Validation metrics: {'MAE': 189.7677274298422, 'RMSE': 1376.4241776829729}
[2026-06-18 18:02:54,846][finetune_logger][INFO] - Validation metrics: {'MAE': 189.7677274298422, 'RMSE': 1376.4241776829729}
2026-06-18 18:02:54 - finetune_logger - INFO - Val time: 74.53s
[2026-06-18 18:02:54,846][finetune_logger][INFO] - Val time: 74.53s
2026-06-18 18:02:54 - finetune_logger - INFO - Val memory reserved: 580.00 MB
[2026-06-18 18:02:54,846][finetune_logger][INFO] - Val memory reserved: 580.00 MB
2026-06-18 18:02:54 - finetune_logger - INFO - Val memory allocated: 318.57 MB
[2026-06-18 18:02:54,846][finetune_logger][INFO] - Val memory allocated: 318.57 MB
2026-06-18 18:02:54 - finetune_logger - INFO - Logged epoch 12 info to /public/home/202411094934/python_project/Spatio-Temporal-Library/time-series/2026-06-18/patchtst/finetune20/electricity/time-series/seed_0/training_log.json
[2026-06-18 18:02:54,849][finetune_logger][INFO] - Logged epoch 12 info to /public/home/202411094934/python_project/Spatio-Temporal-Library/time-series/2026-06-18/patchtst/finetune20/electricity/time-series/seed_0/training_log.json
2026-06-18 18:05:31 - finetune_logger - INFO - Test metrics: {'MAE': 256.03729076168327, 'RMSE': 2334.8005658655015}
[2026-06-18 18:05:31,415][finetune_logger][INFO] - Test metrics: {'MAE': 256.03729076168327, 'RMSE': 2334.8005658655015}
2026-06-18 18:05:31 - finetune_logger - INFO - Test time: 156.57s
[2026-06-18 18:05:31,415][finetune_logger][INFO] - Test time: 156.57s
2026-06-18 18:05:31 - finetune_logger - INFO - Test memory reserved: 580.00 MB
[2026-06-18 18:05:31,416][finetune_logger][INFO] - Test memory reserved: 580.00 MB
2026-06-18 18:05:31 - finetune_logger - INFO - Test memory allocated: 318.57 MB
[2026-06-18 18:05:31,416][finetune_logger][INFO] - Test memory allocated: 318.57 MB
2026-06-18 18:05:31 - finetune_logger - INFO - Epoch 13/20
[2026-06-18 18:05:31,416][finetune_logger][INFO] - Epoch 13/20
2026-06-18 18:43:29 - finetune_logger - INFO - Train loss: 196.57238505945836
[2026-06-18 18:43:29,099][finetune_logger][INFO] - Train loss: 196.57238505945836
2026-06-18 18:43:29 - finetune_logger - INFO - Train time: 2277.682130098343s
[2026-06-18 18:43:29,100][finetune_logger][INFO] - Train time: 2277.682130098343s
2026-06-18 18:43:29 - finetune_logger - INFO - Train memory reserved: 580.00 MB
[2026-06-18 18:43:29,100][finetune_logger][INFO] - Train memory reserved: 580.00 MB
2026-06-18 18:43:29 - finetune_logger - INFO - Train memory allocated: 318.57 MB
[2026-06-18 18:43:29,100][finetune_logger][INFO] - Train memory allocated: 318.57 MB
2026-06-18 18:43:29 - finetune_logger - INFO - Current learning rate: 0.00025
[2026-06-18 18:43:29,100][finetune_logger][INFO] - Current learning rate: 0.00025
2026-06-18 18:44:43 - finetune_logger - INFO - Validation metrics: {'MAE': 186.4049975746552, 'RMSE': 1361.16212939453}
[2026-06-18 18:44:43,509][finetune_logger][INFO] - Validation metrics: {'MAE': 186.4049975746552, 'RMSE': 1361.16212939453}
2026-06-18 18:44:43 - finetune_logger - INFO - Val time: 74.41s
[2026-06-18 18:44:43,509][finetune_logger][INFO] - Val time: 74.41s
2026-06-18 18:44:43 - finetune_logger - INFO - Val memory reserved: 580.00 MB
[2026-06-18 18:44:43,509][finetune_logger][INFO] - Val memory reserved: 580.00 MB
2026-06-18 18:44:43 - finetune_logger - INFO - Val memory allocated: 318.57 MB
[2026-06-18 18:44:43,510][finetune_logger][INFO] - Val memory allocated: 318.57 MB
2026-06-18 18:44:43 - finetune_logger - INFO - Logged epoch 13 info to /public/home/202411094934/python_project/Spatio-Temporal-Library/time-series/2026-06-18/patchtst/finetune20/electricity/time-series/seed_0/training_log.json
[2026-06-18 18:44:43,514][finetune_logger][INFO] - Logged epoch 13 info to /public/home/202411094934/python_project/Spatio-Temporal-Library/time-series/2026-06-18/patchtst/finetune20/electricity/time-series/seed_0/training_log.json
2026-06-18 18:47:20 - finetune_logger - INFO - Test metrics: {'MAE': 252.78977930957453, 'RMSE': 2303.2630534902455}
[2026-06-18 18:47:20,099][finetune_logger][INFO] - Test metrics: {'MAE': 252.78977930957453, 'RMSE': 2303.2630534902455}
2026-06-18 18:47:20 - finetune_logger - INFO - Test time: 156.58s
[2026-06-18 18:47:20,099][finetune_logger][INFO] - Test time: 156.58s
2026-06-18 18:47:20 - finetune_logger - INFO - Test memory reserved: 580.00 MB
[2026-06-18 18:47:20,099][finetune_logger][INFO] - Test memory reserved: 580.00 MB
2026-06-18 18:47:20 - finetune_logger - INFO - Test memory allocated: 318.57 MB
[2026-06-18 18:47:20,100][finetune_logger][INFO] - Test memory allocated: 318.57 MB
2026-06-18 18:47:20 - finetune_logger - INFO - Epoch 14/20
[2026-06-18 18:47:20,100][finetune_logger][INFO] - Epoch 14/20
2026-06-18 19:25:09 - finetune_logger - INFO - Train loss: 196.07920362713415
[2026-06-18 19:25:09,647][finetune_logger][INFO] - Train loss: 196.07920362713415
2026-06-18 19:25:09 - finetune_logger - INFO - Train time: 2269.546690940857s
[2026-06-18 19:25:09,648][finetune_logger][INFO] - Train time: 2269.546690940857s
2026-06-18 19:25:09 - finetune_logger - INFO - Train memory reserved: 580.00 MB
[2026-06-18 19:25:09,648][finetune_logger][INFO] - Train memory reserved: 580.00 MB
2026-06-18 19:25:09 - finetune_logger - INFO - Train memory allocated: 318.57 MB
[2026-06-18 19:25:09,648][finetune_logger][INFO] - Train memory allocated: 318.57 MB
2026-06-18 19:25:09 - finetune_logger - INFO - Current learning rate: 0.00025
[2026-06-18 19:25:09,648][finetune_logger][INFO] - Current learning rate: 0.00025
2026-06-18 19:26:24 - finetune_logger - INFO - Validation metrics: {'MAE': 192.44966579718297, 'RMSE': 1395.012096859578}
[2026-06-18 19:26:24,026][finetune_logger][INFO] - Validation metrics: {'MAE': 192.44966579718297, 'RMSE': 1395.012096859578}
2026-06-18 19:26:24 - finetune_logger - INFO - Val time: 74.38s
[2026-06-18 19:26:24,026][finetune_logger][INFO] - Val time: 74.38s
2026-06-18 19:26:24 - finetune_logger - INFO - Val memory reserved: 580.00 MB
[2026-06-18 19:26:24,026][finetune_logger][INFO] - Val memory reserved: 580.00 MB
2026-06-18 19:26:24 - finetune_logger - INFO - Val memory allocated: 318.57 MB
[2026-06-18 19:26:24,026][finetune_logger][INFO] - Val memory allocated: 318.57 MB
2026-06-18 19:26:24 - finetune_logger - INFO - Logged epoch 14 info to /public/home/202411094934/python_project/Spatio-Temporal-Library/time-series/2026-06-18/patchtst/finetune20/electricity/time-series/seed_0/training_log.json
[2026-06-18 19:26:24,030][finetune_logger][INFO] - Logged epoch 14 info to /public/home/202411094934/python_project/Spatio-Temporal-Library/time-series/2026-06-18/patchtst/finetune20/electricity/time-series/seed_0/training_log.json
2026-06-18 19:29:00 - finetune_logger - INFO - Test metrics: {'MAE': 262.46614208491815, 'RMSE': 2370.9973703319124}
[2026-06-18 19:29:00,644][finetune_logger][INFO] - Test metrics: {'MAE': 262.46614208491815, 'RMSE': 2370.9973703319124}
2026-06-18 19:29:00 - finetune_logger - INFO - Test time: 156.61s
[2026-06-18 19:29:00,644][finetune_logger][INFO] - Test time: 156.61s
2026-06-18 19:29:00 - finetune_logger - INFO - Test memory reserved: 580.00 MB
[2026-06-18 19:29:00,644][finetune_logger][INFO] - Test memory reserved: 580.00 MB
2026-06-18 19:29:00 - finetune_logger - INFO - Test memory allocated: 318.57 MB
[2026-06-18 19:29:00,644][finetune_logger][INFO] - Test memory allocated: 318.57 MB
2026-06-18 19:29:00 - finetune_logger - INFO - Epoch 15/20
[2026-06-18 19:29:00,644][finetune_logger][INFO] - Epoch 15/20
2026-06-18 20:06:50 - finetune_logger - INFO - Train loss: 195.66095436483786
[2026-06-18 20:06:50,196][finetune_logger][INFO] - Train loss: 195.66095436483786
2026-06-18 20:06:50 - finetune_logger - INFO - Train time: 2269.5503940582275s
[2026-06-18 20:06:50,196][finetune_logger][INFO] - Train time: 2269.5503940582275s
2026-06-18 20:06:50 - finetune_logger - INFO - Train memory reserved: 580.00 MB
[2026-06-18 20:06:50,196][finetune_logger][INFO] - Train memory reserved: 580.00 MB
2026-06-18 20:06:50 - finetune_logger - INFO - Train memory allocated: 318.57 MB
[2026-06-18 20:06:50,196][finetune_logger][INFO] - Train memory allocated: 318.57 MB
2026-06-18 20:06:50 - finetune_logger - INFO - Current learning rate: 0.00025
[2026-06-18 20:06:50,196][finetune_logger][INFO] - Current learning rate: 0.00025
2026-06-18 20:08:04 - finetune_logger - INFO - Validation metrics: {'MAE': 188.45777814041855, 'RMSE': 1364.2433229337946}
[2026-06-18 20:08:04,602][finetune_logger][INFO] - Validation metrics: {'MAE': 188.45777814041855, 'RMSE': 1364.2433229337946}
2026-06-18 20:08:04 - finetune_logger - INFO - Val time: 74.41s
[2026-06-18 20:08:04,603][finetune_logger][INFO] - Val time: 74.41s
2026-06-18 20:08:04 - finetune_logger - INFO - Val memory reserved: 580.00 MB
[2026-06-18 20:08:04,603][finetune_logger][INFO] - Val memory reserved: 580.00 MB
2026-06-18 20:08:04 - finetune_logger - INFO - Val memory allocated: 318.57 MB
[2026-06-18 20:08:04,603][finetune_logger][INFO] - Val memory allocated: 318.57 MB
2026-06-18 20:08:04 - finetune_logger - INFO - Logged epoch 15 info to /public/home/202411094934/python_project/Spatio-Temporal-Library/time-series/2026-06-18/patchtst/finetune20/electricity/time-series/seed_0/training_log.json
[2026-06-18 20:08:04,606][finetune_logger][INFO] - Logged epoch 15 info to /public/home/202411094934/python_project/Spatio-Temporal-Library/time-series/2026-06-18/patchtst/finetune20/electricity/time-series/seed_0/training_log.json
2026-06-18 20:10:41 - finetune_logger - INFO - Test metrics: {'MAE': 254.84902765461746, 'RMSE': 2317.3164567286312}
[2026-06-18 20:10:41,449][finetune_logger][INFO] - Test metrics: {'MAE': 254.84902765461746, 'RMSE': 2317.3164567286312}
2026-06-18 20:10:41 - finetune_logger - INFO - Test time: 156.84s
[2026-06-18 20:10:41,449][finetune_logger][INFO] - Test time: 156.84s
2026-06-18 20:10:41 - finetune_logger - INFO - Test memory reserved: 580.00 MB
[2026-06-18 20:10:41,450][finetune_logger][INFO] - Test memory reserved: 580.00 MB
2026-06-18 20:10:41 - finetune_logger - INFO - Test memory allocated: 318.57 MB
[2026-06-18 20:10:41,450][finetune_logger][INFO] - Test memory allocated: 318.57 MB
2026-06-18 20:10:41 - finetune_logger - INFO - Epoch 16/20
[2026-06-18 20:10:41,450][finetune_logger][INFO] - Epoch 16/20
2026-06-18 20:48:28 - finetune_logger - INFO - Train loss: 195.2273366858453
[2026-06-18 20:48:28,610][finetune_logger][INFO] - Train loss: 195.2273366858453
2026-06-18 20:48:28 - finetune_logger - INFO - Train time: 2267.159516811371s
[2026-06-18 20:48:28,610][finetune_logger][INFO] - Train time: 2267.159516811371s
2026-06-18 20:48:28 - finetune_logger - INFO - Train memory reserved: 580.00 MB
[2026-06-18 20:48:28,610][finetune_logger][INFO] - Train memory reserved: 580.00 MB
2026-06-18 20:48:28 - finetune_logger - INFO - Train memory allocated: 318.57 MB
[2026-06-18 20:48:28,611][finetune_logger][INFO] - Train memory allocated: 318.57 MB
2026-06-18 20:48:28 - finetune_logger - INFO - Current learning rate: 0.00025
[2026-06-18 20:48:28,611][finetune_logger][INFO] - Current learning rate: 0.00025
2026-06-18 20:49:42 - finetune_logger - INFO - Validation metrics: {'MAE': 187.3992184351867, 'RMSE': 1360.649161441199}
[2026-06-18 20:49:42,871][finetune_logger][INFO] - Validation metrics: {'MAE': 187.3992184351867, 'RMSE': 1360.649161441199}
2026-06-18 20:49:42 - finetune_logger - INFO - Val time: 74.26s
[2026-06-18 20:49:42,871][finetune_logger][INFO] - Val time: 74.26s
2026-06-18 20:49:42 - finetune_logger - INFO - Val memory reserved: 580.00 MB
[2026-06-18 20:49:42,871][finetune_logger][INFO] - Val memory reserved: 580.00 MB
2026-06-18 20:49:42 - finetune_logger - INFO - Val memory allocated: 318.57 MB
[2026-06-18 20:49:42,871][finetune_logger][INFO] - Val memory allocated: 318.57 MB
2026-06-18 20:49:42 - finetune_logger - INFO - Logged epoch 16 info to /public/home/202411094934/python_project/Spatio-Temporal-Library/time-series/2026-06-18/patchtst/finetune20/electricity/time-series/seed_0/training_log.json
[2026-06-18 20:49:42,875][finetune_logger][INFO] - Logged epoch 16 info to /public/home/202411094934/python_project/Spatio-Temporal-Library/time-series/2026-06-18/patchtst/finetune20/electricity/time-series/seed_0/training_log.json
2026-06-18 20:52:19 - finetune_logger - INFO - Test metrics: {'MAE': 255.6577287403101, 'RMSE': 2346.963924309668}
[2026-06-18 20:52:19,782][finetune_logger][INFO] - Test metrics: {'MAE': 255.6577287403101, 'RMSE': 2346.963924309668}
2026-06-18 20:52:19 - finetune_logger - INFO - Test time: 156.91s
[2026-06-18 20:52:19,782][finetune_logger][INFO] - Test time: 156.91s
2026-06-18 20:52:19 - finetune_logger - INFO - Test memory reserved: 580.00 MB
[2026-06-18 20:52:19,782][finetune_logger][INFO] - Test memory reserved: 580.00 MB
2026-06-18 20:52:19 - finetune_logger - INFO - Test memory allocated: 318.57 MB
[2026-06-18 20:52:19,782][finetune_logger][INFO] - Test memory allocated: 318.57 MB
2026-06-18 20:52:19 - finetune_logger - INFO - Epoch 17/20
[2026-06-18 20:52:19,782][finetune_logger][INFO] - Epoch 17/20
2026-06-18 21:30:08 - finetune_logger - INFO - Train loss: 194.78443092766005
[2026-06-18 21:30:08,176][finetune_logger][INFO] - Train loss: 194.78443092766005
2026-06-18 21:30:08 - finetune_logger - INFO - Train time: 2268.39315199852s
[2026-06-18 21:30:08,176][finetune_logger][INFO] - Train time: 2268.39315199852s
2026-06-18 21:30:08 - finetune_logger - INFO - Train memory reserved: 580.00 MB
[2026-06-18 21:30:08,177][finetune_logger][INFO] - Train memory reserved: 580.00 MB
2026-06-18 21:30:08 - finetune_logger - INFO - Train memory allocated: 318.57 MB
[2026-06-18 21:30:08,177][finetune_logger][INFO] - Train memory allocated: 318.57 MB
2026-06-18 21:30:08 - finetune_logger - INFO - Current learning rate: 0.00025
[2026-06-18 21:30:08,177][finetune_logger][INFO] - Current learning rate: 0.00025
2026-06-18 21:31:22 - finetune_logger - INFO - Validation metrics: {'MAE': 187.09158361173894, 'RMSE': 1366.0947906301365}
[2026-06-18 21:31:22,596][finetune_logger][INFO] - Validation metrics: {'MAE': 187.09158361173894, 'RMSE': 1366.0947906301365}
2026-06-18 21:31:22 - finetune_logger - INFO - Val time: 74.42s
[2026-06-18 21:31:22,597][finetune_logger][INFO] - Val time: 74.42s
2026-06-18 21:31:22 - finetune_logger - INFO - Val memory reserved: 580.00 MB
[2026-06-18 21:31:22,597][finetune_logger][INFO] - Val memory reserved: 580.00 MB
2026-06-18 21:31:22 - finetune_logger - INFO - Val memory allocated: 318.57 MB
[2026-06-18 21:31:22,597][finetune_logger][INFO] - Val memory allocated: 318.57 MB
2026-06-18 21:31:22 - finetune_logger - INFO - Logged epoch 17 info to /public/home/202411094934/python_project/Spatio-Temporal-Library/time-series/2026-06-18/patchtst/finetune20/electricity/time-series/seed_0/training_log.json
[2026-06-18 21:31:22,600][finetune_logger][INFO] - Logged epoch 17 info to /public/home/202411094934/python_project/Spatio-Temporal-Library/time-series/2026-06-18/patchtst/finetune20/electricity/time-series/seed_0/training_log.json
2026-06-18 21:33:58 - finetune_logger - INFO - Test metrics: {'MAE': 253.47690159131082, 'RMSE': 2326.6166491057934}
[2026-06-18 21:33:58,958][finetune_logger][INFO] - Test metrics: {'MAE': 253.47690159131082, 'RMSE': 2326.6166491057934}
2026-06-18 21:33:58 - finetune_logger - INFO - Test time: 156.36s
[2026-06-18 21:33:58,959][finetune_logger][INFO] - Test time: 156.36s
2026-06-18 21:33:58 - finetune_logger - INFO - Test memory reserved: 580.00 MB
[2026-06-18 21:33:58,959][finetune_logger][INFO] - Test memory reserved: 580.00 MB
2026-06-18 21:33:58 - finetune_logger - INFO - Test memory allocated: 318.57 MB
[2026-06-18 21:33:58,959][finetune_logger][INFO] - Test memory allocated: 318.57 MB
2026-06-18 21:33:58 - finetune_logger - INFO - Epoch 18/20
[2026-06-18 21:33:58,959][finetune_logger][INFO] - Epoch 18/20
2026-06-18 22:11:49 - finetune_logger - INFO - Train loss: 194.50293379737838
[2026-06-18 22:11:49,525][finetune_logger][INFO] - Train loss: 194.50293379737838
2026-06-18 22:11:49 - finetune_logger - INFO - Train time: 2270.5649185180664s
[2026-06-18 22:11:49,525][finetune_logger][INFO] - Train time: 2270.5649185180664s
2026-06-18 22:11:49 - finetune_logger - INFO - Train memory reserved: 580.00 MB
[2026-06-18 22:11:49,525][finetune_logger][INFO] - Train memory reserved: 580.00 MB
2026-06-18 22:11:49 - finetune_logger - INFO - Train memory allocated: 318.57 MB
[2026-06-18 22:11:49,525][finetune_logger][INFO] - Train memory allocated: 318.57 MB
2026-06-18 22:11:49 - finetune_logger - INFO - Current learning rate: 0.00025
[2026-06-18 22:11:49,525][finetune_logger][INFO] - Current learning rate: 0.00025
2026-06-18 22:13:03 - finetune_logger - INFO - Validation metrics: {'MAE': 193.7247451268242, 'RMSE': 1413.8219188425182}
[2026-06-18 22:13:03,964][finetune_logger][INFO] - Validation metrics: {'MAE': 193.7247451268242, 'RMSE': 1413.8219188425182}
2026-06-18 22:13:03 - finetune_logger - INFO - Val time: 74.44s
[2026-06-18 22:13:03,964][finetune_logger][INFO] - Val time: 74.44s
2026-06-18 22:13:03 - finetune_logger - INFO - Val memory reserved: 580.00 MB
[2026-06-18 22:13:03,965][finetune_logger][INFO] - Val memory reserved: 580.00 MB
2026-06-18 22:13:03 - finetune_logger - INFO - Val memory allocated: 318.57 MB
[2026-06-18 22:13:03,965][finetune_logger][INFO] - Val memory allocated: 318.57 MB
2026-06-18 22:13:03 - finetune_logger - INFO - Logged epoch 18 info to /public/home/202411094934/python_project/Spatio-Temporal-Library/time-series/2026-06-18/patchtst/finetune20/electricity/time-series/seed_0/training_log.json
[2026-06-18 22:13:03,968][finetune_logger][INFO] - Logged epoch 18 info to /public/home/202411094934/python_project/Spatio-Temporal-Library/time-series/2026-06-18/patchtst/finetune20/electricity/time-series/seed_0/training_log.json
2026-06-18 22:15:40 - finetune_logger - INFO - Test metrics: {'MAE': 261.7500968248939, 'RMSE': 2375.4954186819077}
[2026-06-18 22:15:40,717][finetune_logger][INFO] - Test metrics: {'MAE': 261.7500968248939, 'RMSE': 2375.4954186819077}
2026-06-18 22:15:40 - finetune_logger - INFO - Test time: 156.75s
[2026-06-18 22:15:40,717][finetune_logger][INFO] - Test time: 156.75s
2026-06-18 22:15:40 - finetune_logger - INFO - Test memory reserved: 580.00 MB
[2026-06-18 22:15:40,717][finetune_logger][INFO] - Test memory reserved: 580.00 MB
2026-06-18 22:15:40 - finetune_logger - INFO - Test memory allocated: 318.57 MB
[2026-06-18 22:15:40,717][finetune_logger][INFO] - Test memory allocated: 318.57 MB
2026-06-18 22:15:40 - finetune_logger - INFO - Epoch 19/20
[2026-06-18 22:15:40,718][finetune_logger][INFO] - Epoch 19/20
2026-06-18 22:53:31 - finetune_logger - INFO - Train loss: 193.97073015289524
[2026-06-18 22:53:31,316][finetune_logger][INFO] - Train loss: 193.97073015289524
2026-06-18 22:53:31 - finetune_logger - INFO - Train time: 2270.598114967346s
[2026-06-18 22:53:31,317][finetune_logger][INFO] - Train time: 2270.598114967346s
2026-06-18 22:53:31 - finetune_logger - INFO - Train memory reserved: 580.00 MB
[2026-06-18 22:53:31,317][finetune_logger][INFO] - Train memory reserved: 580.00 MB
2026-06-18 22:53:31 - finetune_logger - INFO - Train memory allocated: 318.57 MB
[2026-06-18 22:53:31,317][finetune_logger][INFO] - Train memory allocated: 318.57 MB
2026-06-18 22:53:31 - finetune_logger - INFO - Current learning rate: 0.00025
[2026-06-18 22:53:31,317][finetune_logger][INFO] - Current learning rate: 0.00025
2026-06-18 22:54:45 - finetune_logger - INFO - Validation metrics: {'MAE': 189.95909208598852, 'RMSE': 1385.216550858349}
[2026-06-18 22:54:45,874][finetune_logger][INFO] - Validation metrics: {'MAE': 189.95909208598852, 'RMSE': 1385.216550858349}
2026-06-18 22:54:45 - finetune_logger - INFO - Val time: 74.56s
[2026-06-18 22:54:45,875][finetune_logger][INFO] - Val time: 74.56s
2026-06-18 22:54:45 - finetune_logger - INFO - Val memory reserved: 580.00 MB
[2026-06-18 22:54:45,875][finetune_logger][INFO] - Val memory reserved: 580.00 MB
2026-06-18 22:54:45 - finetune_logger - INFO - Val memory allocated: 318.57 MB
[2026-06-18 22:54:45,875][finetune_logger][INFO] - Val memory allocated: 318.57 MB
2026-06-18 22:54:45 - finetune_logger - INFO - Logged epoch 19 info to /public/home/202411094934/python_project/Spatio-Temporal-Library/time-series/2026-06-18/patchtst/finetune20/electricity/time-series/seed_0/training_log.json
[2026-06-18 22:54:45,878][finetune_logger][INFO] - Logged epoch 19 info to /public/home/202411094934/python_project/Spatio-Temporal-Library/time-series/2026-06-18/patchtst/finetune20/electricity/time-series/seed_0/training_log.json
2026-06-18 22:57:22 - finetune_logger - INFO - Test metrics: {'MAE': 257.95026595334855, 'RMSE': 2363.897990823102}
[2026-06-18 22:57:22,402][finetune_logger][INFO] - Test metrics: {'MAE': 257.95026595334855, 'RMSE': 2363.897990823102}
2026-06-18 22:57:22 - finetune_logger - INFO - Test time: 156.52s
[2026-06-18 22:57:22,402][finetune_logger][INFO] - Test time: 156.52s
2026-06-18 22:57:22 - finetune_logger - INFO - Test memory reserved: 580.00 MB
[2026-06-18 22:57:22,403][finetune_logger][INFO] - Test memory reserved: 580.00 MB
2026-06-18 22:57:22 - finetune_logger - INFO - Test memory allocated: 318.57 MB
[2026-06-18 22:57:22,403][finetune_logger][INFO] - Test memory allocated: 318.57 MB
2026-06-18 22:57:22 - finetune_logger - INFO - Epoch 20/20
[2026-06-18 22:57:22,403][finetune_logger][INFO] - Epoch 20/20
2026-06-18 23:35:11 - finetune_logger - INFO - Train loss: 193.75600155730015
[2026-06-18 23:35:11,700][finetune_logger][INFO] - Train loss: 193.75600155730015
2026-06-18 23:35:11 - finetune_logger - INFO - Train time: 2269.2970666885376s
[2026-06-18 23:35:11,701][finetune_logger][INFO] - Train time: 2269.2970666885376s
2026-06-18 23:35:11 - finetune_logger - INFO - Train memory reserved: 580.00 MB
[2026-06-18 23:35:11,701][finetune_logger][INFO] - Train memory reserved: 580.00 MB
2026-06-18 23:35:11 - finetune_logger - INFO - Train memory allocated: 318.57 MB
[2026-06-18 23:35:11,701][finetune_logger][INFO] - Train memory allocated: 318.57 MB
2026-06-18 23:35:11 - finetune_logger - INFO - Current learning rate: 0.00025
[2026-06-18 23:35:11,701][finetune_logger][INFO] - Current learning rate: 0.00025
2026-06-18 23:36:26 - finetune_logger - INFO - Validation metrics: {'MAE': 191.8325501805351, 'RMSE': 1386.016230828536}
[2026-06-18 23:36:26,093][finetune_logger][INFO] - Validation metrics: {'MAE': 191.8325501805351, 'RMSE': 1386.016230828536}
2026-06-18 23:36:26 - finetune_logger - INFO - Val time: 74.39s
[2026-06-18 23:36:26,093][finetune_logger][INFO] - Val time: 74.39s
2026-06-18 23:36:26 - finetune_logger - INFO - Val memory reserved: 580.00 MB
[2026-06-18 23:36:26,093][finetune_logger][INFO] - Val memory reserved: 580.00 MB
2026-06-18 23:36:26 - finetune_logger - INFO - Val memory allocated: 318.57 MB
[2026-06-18 23:36:26,093][finetune_logger][INFO] - Val memory allocated: 318.57 MB
2026-06-18 23:36:26 - finetune_logger - INFO - Logged epoch 20 info to /public/home/202411094934/python_project/Spatio-Temporal-Library/time-series/2026-06-18/patchtst/finetune20/electricity/time-series/seed_0/training_log.json
[2026-06-18 23:36:26,097][finetune_logger][INFO] - Logged epoch 20 info to /public/home/202411094934/python_project/Spatio-Temporal-Library/time-series/2026-06-18/patchtst/finetune20/electricity/time-series/seed_0/training_log.json
2026-06-18 23:39:02 - finetune_logger - INFO - Test metrics: {'MAE': 261.16043701232627, 'RMSE': 2384.9702603854494}
[2026-06-18 23:39:02,747][finetune_logger][INFO] - Test metrics: {'MAE': 261.16043701232627, 'RMSE': 2384.9702603854494}
2026-06-18 23:39:02 - finetune_logger - INFO - Test time: 156.12s
[2026-06-18 23:39:02,747][finetune_logger][INFO] - Test time: 156.12s
2026-06-18 23:39:02 - finetune_logger - INFO - Test memory reserved: 580.00 MB
[2026-06-18 23:39:02,747][finetune_logger][INFO] - Test memory reserved: 580.00 MB
2026-06-18 23:39:02 - finetune_logger - INFO - Test memory allocated: 318.57 MB
[2026-06-18 23:39:02,747][finetune_logger][INFO] - Test memory allocated: 318.57 MB
2026-06-18 23:39:02 - finetune_logger - INFO - Training completed. Best epoch: 6, Best val loss: 182.480908
[2026-06-18 23:39:02,747][finetune_logger][INFO] - Training completed. Best epoch: 6, Best val loss: 182.480908
2026-06-18 23:39:03 - finetune_logger - INFO - Loaded checkpoint from epoch 6
[2026-06-18 23:39:03,634][finetune_logger][INFO] - Loaded checkpoint from epoch 6
2026-06-18 23:39:03 - finetune_logger - INFO - Evaluating best model on test sets...
[2026-06-18 23:39:03,635][finetune_logger][INFO] - Evaluating best model on test sets...
2026-06-18 23:41:39 - finetune_logger - INFO - Test metrics: {'MAE': 245.63155655568528, 'RMSE': 2228.994142892323}
[2026-06-18 23:41:39,687][finetune_logger][INFO] - Test metrics: {'MAE': 245.63155655568528, 'RMSE': 2228.994142892323}
2026-06-18 23:41:39 - finetune_logger - INFO - Test time: 156.05s
[2026-06-18 23:41:39,687][finetune_logger][INFO] - Test time: 156.05s
2026-06-18 23:41:39 - finetune_logger - INFO - Test memory reserved: 684.00 MB
[2026-06-18 23:41:39,688][finetune_logger][INFO] - Test memory reserved: 684.00 MB
2026-06-18 23:41:39 - finetune_logger - INFO - Test memory allocated: 318.91 MB
[2026-06-18 23:41:39,688][finetune_logger][INFO] - Test memory allocated: 318.91 MB
2026-06-18 23:41:39 - finetune_logger - INFO - Logged epoch test info to /public/home/202411094934/python_project/Spatio-Temporal-Library/time-series/2026-06-18/patchtst/finetune20/electricity/time-series/seed_0/training_log.json
[2026-06-18 23:41:39,691][finetune_logger][INFO] - Logged epoch test info to /public/home/202411094934/python_project/Spatio-Temporal-Library/time-series/2026-06-18/patchtst/finetune20/electricity/time-series/seed_0/training_log.json
