2026-06-14 15:19:41 - finetune_logger - INFO - Loaded pretrained checkpoint from: /public/home/202411094934/python_project/Spatio-Temporal-Library/time-series/2026-06-13/crossformer/pretrain10/traffic/time-series/seed_2/jepa_pretrain_epoch_10.pth
Missing keys: []
Unexpected keys: []
[2026-06-14 15:19:41,957][finetune_logger][INFO] - Loaded pretrained checkpoint from: /public/home/202411094934/python_project/Spatio-Temporal-Library/time-series/2026-06-13/crossformer/pretrain10/traffic/time-series/seed_2/jepa_pretrain_epoch_10.pth
Missing keys: []
Unexpected keys: []
2026-06-14 15:19:41 - finetune_logger - INFO - Model parameters: 2,575,712
[2026-06-14 15:19:41,968][finetune_logger][INFO] - Model parameters: 2,575,712
2026-06-14 15:19:41 - finetune_logger - INFO - Created new log file at /public/home/202411094934/python_project/Spatio-Temporal-Library/time-series/2026-06-13/crossformer/pretrain10_finetune10/traffic/time-series/seed_2/training_log.json
[2026-06-14 15:19:41,971][finetune_logger][INFO] - Created new log file at /public/home/202411094934/python_project/Spatio-Temporal-Library/time-series/2026-06-13/crossformer/pretrain10_finetune10/traffic/time-series/seed_2/training_log.json
2026-06-14 15:19:41 - finetune_logger - INFO - Starting training...
[2026-06-14 15:19:41,972][finetune_logger][INFO] - Starting training...
2026-06-14 15:19:41 - finetune_logger - INFO - Epoch 1/10
[2026-06-14 15:19:41,972][finetune_logger][INFO] - Epoch 1/10
2026-06-14 15:37:56 - finetune_logger - INFO - Train loss: 0.04550248815850368
[2026-06-14 15:37:56,844][finetune_logger][INFO] - Train loss: 0.04550248815850368
2026-06-14 15:37:56 - finetune_logger - INFO - Train time: 1094.8719310760498s
[2026-06-14 15:37:56,845][finetune_logger][INFO] - Train time: 1094.8719310760498s
2026-06-14 15:37:56 - finetune_logger - INFO - Train memory reserved: 914.00 MB
[2026-06-14 15:37:56,845][finetune_logger][INFO] - Train memory reserved: 914.00 MB
2026-06-14 15:37:56 - finetune_logger - INFO - Train memory allocated: 45.90 MB
[2026-06-14 15:37:56,845][finetune_logger][INFO] - Train memory allocated: 45.90 MB
2026-06-14 15:37:56 - finetune_logger - INFO - Current learning rate: 0.0005
[2026-06-14 15:37:56,845][finetune_logger][INFO] - Current learning rate: 0.0005
2026-06-14 15:38:42 - finetune_logger - INFO - Validation metrics: {'MAE': 0.03973774904331776, 'RMSE': 0.058967944985135044}
[2026-06-14 15:38:42,761][finetune_logger][INFO] - Validation metrics: {'MAE': 0.03973774904331776, 'RMSE': 0.058967944985135044}
2026-06-14 15:38:42 - finetune_logger - INFO - Val time: 45.91s
[2026-06-14 15:38:42,761][finetune_logger][INFO] - Val time: 45.91s
2026-06-14 15:38:42 - finetune_logger - INFO - Val memory reserved: 914.00 MB
[2026-06-14 15:38:42,761][finetune_logger][INFO] - Val memory reserved: 914.00 MB
2026-06-14 15:38:42 - finetune_logger - INFO - Val memory allocated: 45.90 MB
[2026-06-14 15:38:42,762][finetune_logger][INFO] - Val memory allocated: 45.90 MB
2026-06-14 15:38:42 - finetune_logger - INFO - Logged epoch 1 info to /public/home/202411094934/python_project/Spatio-Temporal-Library/time-series/2026-06-13/crossformer/pretrain10_finetune10/traffic/time-series/seed_2/training_log.json
[2026-06-14 15:38:42,765][finetune_logger][INFO] - Logged epoch 1 info to /public/home/202411094934/python_project/Spatio-Temporal-Library/time-series/2026-06-13/crossformer/pretrain10_finetune10/traffic/time-series/seed_2/training_log.json
2026-06-14 15:38:42 - finetune_logger - INFO - New best model! Val loss: 0.039738
[2026-06-14 15:38:42,766][finetune_logger][INFO] - New best model! Val loss: 0.039738
2026-06-14 15:40:21 - finetune_logger - INFO - Test metrics: {'MAE': 0.04049912738955692, 'RMSE': 0.06119148150406847}
[2026-06-14 15:40:21,587][finetune_logger][INFO] - Test metrics: {'MAE': 0.04049912738955692, 'RMSE': 0.06119148150406847}
2026-06-14 15:40:21 - finetune_logger - INFO - Test time: 98.59s
[2026-06-14 15:40:21,587][finetune_logger][INFO] - Test time: 98.59s
2026-06-14 15:40:21 - finetune_logger - INFO - Test memory reserved: 914.00 MB
[2026-06-14 15:40:21,588][finetune_logger][INFO] - Test memory reserved: 914.00 MB
2026-06-14 15:40:21 - finetune_logger - INFO - Test memory allocated: 45.90 MB
[2026-06-14 15:40:21,588][finetune_logger][INFO] - Test memory allocated: 45.90 MB
2026-06-14 15:40:21 - finetune_logger - INFO - Epoch 2/10
[2026-06-14 15:40:21,588][finetune_logger][INFO] - Epoch 2/10
2026-06-14 15:58:25 - finetune_logger - INFO - Train loss: 0.033691955926574486
[2026-06-14 15:58:25,382][finetune_logger][INFO] - Train loss: 0.033691955926574486
2026-06-14 15:58:25 - finetune_logger - INFO - Train time: 1083.7930953502655s
[2026-06-14 15:58:25,382][finetune_logger][INFO] - Train time: 1083.7930953502655s
2026-06-14 15:58:25 - finetune_logger - INFO - Train memory reserved: 914.00 MB
[2026-06-14 15:58:25,382][finetune_logger][INFO] - Train memory reserved: 914.00 MB
2026-06-14 15:58:25 - finetune_logger - INFO - Train memory allocated: 45.90 MB
[2026-06-14 15:58:25,382][finetune_logger][INFO] - Train memory allocated: 45.90 MB
2026-06-14 15:58:25 - finetune_logger - INFO - Current learning rate: 0.0005
[2026-06-14 15:58:25,382][finetune_logger][INFO] - Current learning rate: 0.0005
2026-06-14 15:59:11 - finetune_logger - INFO - Validation metrics: {'MAE': 0.03766628844120492, 'RMSE': 0.05591041965781641}
[2026-06-14 15:59:11,287][finetune_logger][INFO] - Validation metrics: {'MAE': 0.03766628844120492, 'RMSE': 0.05591041965781641}
2026-06-14 15:59:11 - finetune_logger - INFO - Val time: 45.90s
[2026-06-14 15:59:11,287][finetune_logger][INFO] - Val time: 45.90s
2026-06-14 15:59:11 - finetune_logger - INFO - Val memory reserved: 914.00 MB
[2026-06-14 15:59:11,287][finetune_logger][INFO] - Val memory reserved: 914.00 MB
2026-06-14 15:59:11 - finetune_logger - INFO - Val memory allocated: 45.90 MB
[2026-06-14 15:59:11,287][finetune_logger][INFO] - Val memory allocated: 45.90 MB
2026-06-14 15:59:11 - finetune_logger - INFO - Logged epoch 2 info to /public/home/202411094934/python_project/Spatio-Temporal-Library/time-series/2026-06-13/crossformer/pretrain10_finetune10/traffic/time-series/seed_2/training_log.json
[2026-06-14 15:59:11,290][finetune_logger][INFO] - Logged epoch 2 info to /public/home/202411094934/python_project/Spatio-Temporal-Library/time-series/2026-06-13/crossformer/pretrain10_finetune10/traffic/time-series/seed_2/training_log.json
2026-06-14 15:59:11 - finetune_logger - INFO - New best model! Val loss: 0.037666
[2026-06-14 15:59:11,291][finetune_logger][INFO] - New best model! Val loss: 0.037666
2026-06-14 16:00:50 - finetune_logger - INFO - Test metrics: {'MAE': 0.03890506852813023, 'RMSE': 0.05844271897285401}
[2026-06-14 16:00:50,111][finetune_logger][INFO] - Test metrics: {'MAE': 0.03890506852813023, 'RMSE': 0.05844271897285401}
2026-06-14 16:00:50 - finetune_logger - INFO - Test time: 98.58s
[2026-06-14 16:00:50,111][finetune_logger][INFO] - Test time: 98.58s
2026-06-14 16:00:50 - finetune_logger - INFO - Test memory reserved: 914.00 MB
[2026-06-14 16:00:50,111][finetune_logger][INFO] - Test memory reserved: 914.00 MB
2026-06-14 16:00:50 - finetune_logger - INFO - Test memory allocated: 45.90 MB
[2026-06-14 16:00:50,112][finetune_logger][INFO] - Test memory allocated: 45.90 MB
2026-06-14 16:00:50 - finetune_logger - INFO - Epoch 3/10
[2026-06-14 16:00:50,112][finetune_logger][INFO] - Epoch 3/10
2026-06-14 16:19:09 - finetune_logger - INFO - Train loss: 0.03304903879777159
[2026-06-14 16:19:09,628][finetune_logger][INFO] - Train loss: 0.03304903879777159
2026-06-14 16:19:09 - finetune_logger - INFO - Train time: 1099.5155055522919s
[2026-06-14 16:19:09,628][finetune_logger][INFO] - Train time: 1099.5155055522919s
2026-06-14 16:19:09 - finetune_logger - INFO - Train memory reserved: 914.00 MB
[2026-06-14 16:19:09,628][finetune_logger][INFO] - Train memory reserved: 914.00 MB
2026-06-14 16:19:09 - finetune_logger - INFO - Train memory allocated: 45.90 MB
[2026-06-14 16:19:09,629][finetune_logger][INFO] - Train memory allocated: 45.90 MB
2026-06-14 16:19:09 - finetune_logger - INFO - Current learning rate: 0.0005
[2026-06-14 16:19:09,629][finetune_logger][INFO] - Current learning rate: 0.0005
2026-06-14 16:19:55 - finetune_logger - INFO - Validation metrics: {'MAE': 0.03771308776962913, 'RMSE': 0.05529011342875791}
[2026-06-14 16:19:55,608][finetune_logger][INFO] - Validation metrics: {'MAE': 0.03771308776962913, 'RMSE': 0.05529011342875791}
2026-06-14 16:19:55 - finetune_logger - INFO - Val time: 45.98s
[2026-06-14 16:19:55,608][finetune_logger][INFO] - Val time: 45.98s
2026-06-14 16:19:55 - finetune_logger - INFO - Val memory reserved: 914.00 MB
[2026-06-14 16:19:55,608][finetune_logger][INFO] - Val memory reserved: 914.00 MB
2026-06-14 16:19:55 - finetune_logger - INFO - Val memory allocated: 45.90 MB
[2026-06-14 16:19:55,608][finetune_logger][INFO] - Val memory allocated: 45.90 MB
2026-06-14 16:19:55 - finetune_logger - INFO - Logged epoch 3 info to /public/home/202411094934/python_project/Spatio-Temporal-Library/time-series/2026-06-13/crossformer/pretrain10_finetune10/traffic/time-series/seed_2/training_log.json
[2026-06-14 16:19:55,611][finetune_logger][INFO] - Logged epoch 3 info to /public/home/202411094934/python_project/Spatio-Temporal-Library/time-series/2026-06-13/crossformer/pretrain10_finetune10/traffic/time-series/seed_2/training_log.json
2026-06-14 16:21:33 - finetune_logger - INFO - Test metrics: {'MAE': 0.039027598289094745, 'RMSE': 0.05797749407898441}
[2026-06-14 16:21:33,987][finetune_logger][INFO] - Test metrics: {'MAE': 0.039027598289094745, 'RMSE': 0.05797749407898441}
2026-06-14 16:21:33 - finetune_logger - INFO - Test time: 98.38s
[2026-06-14 16:21:33,988][finetune_logger][INFO] - Test time: 98.38s
2026-06-14 16:21:33 - finetune_logger - INFO - Test memory reserved: 914.00 MB
[2026-06-14 16:21:33,988][finetune_logger][INFO] - Test memory reserved: 914.00 MB
2026-06-14 16:21:33 - finetune_logger - INFO - Test memory allocated: 45.90 MB
[2026-06-14 16:21:33,988][finetune_logger][INFO] - Test memory allocated: 45.90 MB
2026-06-14 16:21:33 - finetune_logger - INFO - Epoch 4/10
[2026-06-14 16:21:33,988][finetune_logger][INFO] - Epoch 4/10
2026-06-14 16:39:53 - finetune_logger - INFO - Train loss: 0.03245002144169278
[2026-06-14 16:39:53,881][finetune_logger][INFO] - Train loss: 0.03245002144169278
2026-06-14 16:39:53 - finetune_logger - INFO - Train time: 1099.8921537399292s
[2026-06-14 16:39:53,881][finetune_logger][INFO] - Train time: 1099.8921537399292s
2026-06-14 16:39:53 - finetune_logger - INFO - Train memory reserved: 914.00 MB
[2026-06-14 16:39:53,881][finetune_logger][INFO] - Train memory reserved: 914.00 MB
2026-06-14 16:39:53 - finetune_logger - INFO - Train memory allocated: 45.90 MB
[2026-06-14 16:39:53,881][finetune_logger][INFO] - Train memory allocated: 45.90 MB
2026-06-14 16:39:53 - finetune_logger - INFO - Current learning rate: 0.0005
[2026-06-14 16:39:53,882][finetune_logger][INFO] - Current learning rate: 0.0005
2026-06-14 16:40:39 - finetune_logger - INFO - Validation metrics: {'MAE': 0.03308186545133032, 'RMSE': 0.05057858338230361}
[2026-06-14 16:40:39,711][finetune_logger][INFO] - Validation metrics: {'MAE': 0.03308186545133032, 'RMSE': 0.05057858338230361}
2026-06-14 16:40:39 - finetune_logger - INFO - Val time: 45.83s
[2026-06-14 16:40:39,712][finetune_logger][INFO] - Val time: 45.83s
2026-06-14 16:40:39 - finetune_logger - INFO - Val memory reserved: 914.00 MB
[2026-06-14 16:40:39,712][finetune_logger][INFO] - Val memory reserved: 914.00 MB
2026-06-14 16:40:39 - finetune_logger - INFO - Val memory allocated: 45.90 MB
[2026-06-14 16:40:39,712][finetune_logger][INFO] - Val memory allocated: 45.90 MB
2026-06-14 16:40:39 - finetune_logger - INFO - Logged epoch 4 info to /public/home/202411094934/python_project/Spatio-Temporal-Library/time-series/2026-06-13/crossformer/pretrain10_finetune10/traffic/time-series/seed_2/training_log.json
[2026-06-14 16:40:39,715][finetune_logger][INFO] - Logged epoch 4 info to /public/home/202411094934/python_project/Spatio-Temporal-Library/time-series/2026-06-13/crossformer/pretrain10_finetune10/traffic/time-series/seed_2/training_log.json
2026-06-14 16:40:39 - finetune_logger - INFO - New best model! Val loss: 0.033082
[2026-06-14 16:40:39,715][finetune_logger][INFO] - New best model! Val loss: 0.033082
2026-06-14 16:42:18 - finetune_logger - INFO - Test metrics: {'MAE': 0.03472850931416367, 'RMSE': 0.05354973249904203}
[2026-06-14 16:42:18,735][finetune_logger][INFO] - Test metrics: {'MAE': 0.03472850931416367, 'RMSE': 0.05354973249904203}
2026-06-14 16:42:18 - finetune_logger - INFO - Test time: 98.69s
[2026-06-14 16:42:18,736][finetune_logger][INFO] - Test time: 98.69s
2026-06-14 16:42:18 - finetune_logger - INFO - Test memory reserved: 914.00 MB
[2026-06-14 16:42:18,736][finetune_logger][INFO] - Test memory reserved: 914.00 MB
2026-06-14 16:42:18 - finetune_logger - INFO - Test memory allocated: 45.90 MB
[2026-06-14 16:42:18,736][finetune_logger][INFO] - Test memory allocated: 45.90 MB
2026-06-14 16:42:18 - finetune_logger - INFO - Epoch 5/10
[2026-06-14 16:42:18,736][finetune_logger][INFO] - Epoch 5/10
2026-06-14 17:00:38 - finetune_logger - INFO - Train loss: 0.02853021913221625
[2026-06-14 17:00:38,694][finetune_logger][INFO] - Train loss: 0.02853021913221625
2026-06-14 17:00:38 - finetune_logger - INFO - Train time: 1099.9572398662567s
[2026-06-14 17:00:38,694][finetune_logger][INFO] - Train time: 1099.9572398662567s
2026-06-14 17:00:38 - finetune_logger - INFO - Train memory reserved: 914.00 MB
[2026-06-14 17:00:38,695][finetune_logger][INFO] - Train memory reserved: 914.00 MB
2026-06-14 17:00:38 - finetune_logger - INFO - Train memory allocated: 45.90 MB
[2026-06-14 17:00:38,695][finetune_logger][INFO] - Train memory allocated: 45.90 MB
2026-06-14 17:00:38 - finetune_logger - INFO - Current learning rate: 0.0005
[2026-06-14 17:00:38,695][finetune_logger][INFO] - Current learning rate: 0.0005
2026-06-14 17:01:24 - finetune_logger - INFO - Validation metrics: {'MAE': 0.026207313064567687, 'RMSE': 0.04319639629209095}
[2026-06-14 17:01:24,535][finetune_logger][INFO] - Validation metrics: {'MAE': 0.026207313064567687, 'RMSE': 0.04319639629209095}
2026-06-14 17:01:24 - finetune_logger - INFO - Val time: 45.84s
[2026-06-14 17:01:24,535][finetune_logger][INFO] - Val time: 45.84s
2026-06-14 17:01:24 - finetune_logger - INFO - Val memory reserved: 914.00 MB
[2026-06-14 17:01:24,535][finetune_logger][INFO] - Val memory reserved: 914.00 MB
2026-06-14 17:01:24 - finetune_logger - INFO - Val memory allocated: 45.90 MB
[2026-06-14 17:01:24,535][finetune_logger][INFO] - Val memory allocated: 45.90 MB
2026-06-14 17:01:24 - finetune_logger - INFO - Logged epoch 5 info to /public/home/202411094934/python_project/Spatio-Temporal-Library/time-series/2026-06-13/crossformer/pretrain10_finetune10/traffic/time-series/seed_2/training_log.json
[2026-06-14 17:01:24,538][finetune_logger][INFO] - Logged epoch 5 info to /public/home/202411094934/python_project/Spatio-Temporal-Library/time-series/2026-06-13/crossformer/pretrain10_finetune10/traffic/time-series/seed_2/training_log.json
2026-06-14 17:01:24 - finetune_logger - INFO - New best model! Val loss: 0.026207
[2026-06-14 17:01:24,538][finetune_logger][INFO] - New best model! Val loss: 0.026207
2026-06-14 17:03:03 - finetune_logger - INFO - Test metrics: {'MAE': 0.027939840040517284, 'RMSE': 0.0465410227296493}
[2026-06-14 17:03:03,496][finetune_logger][INFO] - Test metrics: {'MAE': 0.027939840040517284, 'RMSE': 0.0465410227296493}
2026-06-14 17:03:03 - finetune_logger - INFO - Test time: 98.72s
[2026-06-14 17:03:03,497][finetune_logger][INFO] - Test time: 98.72s
2026-06-14 17:03:03 - finetune_logger - INFO - Test memory reserved: 914.00 MB
[2026-06-14 17:03:03,497][finetune_logger][INFO] - Test memory reserved: 914.00 MB
2026-06-14 17:03:03 - finetune_logger - INFO - Test memory allocated: 45.90 MB
[2026-06-14 17:03:03,497][finetune_logger][INFO] - Test memory allocated: 45.90 MB
2026-06-14 17:03:03 - finetune_logger - INFO - Epoch 6/10
[2026-06-14 17:03:03,497][finetune_logger][INFO] - Epoch 6/10
2026-06-14 17:21:21 - finetune_logger - INFO - Train loss: 0.021783015143412736
[2026-06-14 17:21:21,263][finetune_logger][INFO] - Train loss: 0.021783015143412736
2026-06-14 17:21:21 - finetune_logger - INFO - Train time: 1097.7653183937073s
[2026-06-14 17:21:21,263][finetune_logger][INFO] - Train time: 1097.7653183937073s
2026-06-14 17:21:21 - finetune_logger - INFO - Train memory reserved: 914.00 MB
[2026-06-14 17:21:21,263][finetune_logger][INFO] - Train memory reserved: 914.00 MB
2026-06-14 17:21:21 - finetune_logger - INFO - Train memory allocated: 45.90 MB
[2026-06-14 17:21:21,264][finetune_logger][INFO] - Train memory allocated: 45.90 MB
2026-06-14 17:21:21 - finetune_logger - INFO - Current learning rate: 0.0005
[2026-06-14 17:21:21,264][finetune_logger][INFO] - Current learning rate: 0.0005
2026-06-14 17:22:07 - finetune_logger - INFO - Validation metrics: {'MAE': 0.018761093925195056, 'RMSE': 0.03625618700830249}
[2026-06-14 17:22:07,114][finetune_logger][INFO] - Validation metrics: {'MAE': 0.018761093925195056, 'RMSE': 0.03625618700830249}
2026-06-14 17:22:07 - finetune_logger - INFO - Val time: 45.85s
[2026-06-14 17:22:07,114][finetune_logger][INFO] - Val time: 45.85s
2026-06-14 17:22:07 - finetune_logger - INFO - Val memory reserved: 914.00 MB
[2026-06-14 17:22:07,114][finetune_logger][INFO] - Val memory reserved: 914.00 MB
2026-06-14 17:22:07 - finetune_logger - INFO - Val memory allocated: 45.90 MB
[2026-06-14 17:22:07,114][finetune_logger][INFO] - Val memory allocated: 45.90 MB
2026-06-14 17:22:07 - finetune_logger - INFO - Logged epoch 6 info to /public/home/202411094934/python_project/Spatio-Temporal-Library/time-series/2026-06-13/crossformer/pretrain10_finetune10/traffic/time-series/seed_2/training_log.json
[2026-06-14 17:22:07,117][finetune_logger][INFO] - Logged epoch 6 info to /public/home/202411094934/python_project/Spatio-Temporal-Library/time-series/2026-06-13/crossformer/pretrain10_finetune10/traffic/time-series/seed_2/training_log.json
2026-06-14 17:22:07 - finetune_logger - INFO - New best model! Val loss: 0.018761
[2026-06-14 17:22:07,118][finetune_logger][INFO] - New best model! Val loss: 0.018761
2026-06-14 17:23:45 - finetune_logger - INFO - Test metrics: {'MAE': 0.020379375188558455, 'RMSE': 0.039444700126091276}
[2026-06-14 17:23:45,713][finetune_logger][INFO] - Test metrics: {'MAE': 0.020379375188558455, 'RMSE': 0.039444700126091276}
2026-06-14 17:23:45 - finetune_logger - INFO - Test time: 98.36s
[2026-06-14 17:23:45,713][finetune_logger][INFO] - Test time: 98.36s
2026-06-14 17:23:45 - finetune_logger - INFO - Test memory reserved: 914.00 MB
[2026-06-14 17:23:45,713][finetune_logger][INFO] - Test memory reserved: 914.00 MB
2026-06-14 17:23:45 - finetune_logger - INFO - Test memory allocated: 45.90 MB
[2026-06-14 17:23:45,713][finetune_logger][INFO] - Test memory allocated: 45.90 MB
2026-06-14 17:23:45 - finetune_logger - INFO - Epoch 7/10
[2026-06-14 17:23:45,713][finetune_logger][INFO] - Epoch 7/10
2026-06-14 17:42:02 - finetune_logger - INFO - Train loss: 0.019364069523348047
[2026-06-14 17:42:02,530][finetune_logger][INFO] - Train loss: 0.019364069523348047
2026-06-14 17:42:02 - finetune_logger - INFO - Train time: 1096.8162846565247s
[2026-06-14 17:42:02,531][finetune_logger][INFO] - Train time: 1096.8162846565247s
2026-06-14 17:42:02 - finetune_logger - INFO - Train memory reserved: 914.00 MB
[2026-06-14 17:42:02,531][finetune_logger][INFO] - Train memory reserved: 914.00 MB
2026-06-14 17:42:02 - finetune_logger - INFO - Train memory allocated: 45.90 MB
[2026-06-14 17:42:02,531][finetune_logger][INFO] - Train memory allocated: 45.90 MB
2026-06-14 17:42:02 - finetune_logger - INFO - Current learning rate: 0.0005
[2026-06-14 17:42:02,531][finetune_logger][INFO] - Current learning rate: 0.0005
2026-06-14 17:42:48 - finetune_logger - INFO - Validation metrics: {'MAE': 0.021171225934445394, 'RMSE': 0.036667088640628794}
[2026-06-14 17:42:48,400][finetune_logger][INFO] - Validation metrics: {'MAE': 0.021171225934445394, 'RMSE': 0.036667088640628794}
2026-06-14 17:42:48 - finetune_logger - INFO - Val time: 45.87s
[2026-06-14 17:42:48,400][finetune_logger][INFO] - Val time: 45.87s
2026-06-14 17:42:48 - finetune_logger - INFO - Val memory reserved: 914.00 MB
[2026-06-14 17:42:48,400][finetune_logger][INFO] - Val memory reserved: 914.00 MB
2026-06-14 17:42:48 - finetune_logger - INFO - Val memory allocated: 45.90 MB
[2026-06-14 17:42:48,401][finetune_logger][INFO] - Val memory allocated: 45.90 MB
2026-06-14 17:42:48 - finetune_logger - INFO - Logged epoch 7 info to /public/home/202411094934/python_project/Spatio-Temporal-Library/time-series/2026-06-13/crossformer/pretrain10_finetune10/traffic/time-series/seed_2/training_log.json
[2026-06-14 17:42:48,404][finetune_logger][INFO] - Logged epoch 7 info to /public/home/202411094934/python_project/Spatio-Temporal-Library/time-series/2026-06-13/crossformer/pretrain10_finetune10/traffic/time-series/seed_2/training_log.json
2026-06-14 17:44:26 - finetune_logger - INFO - Test metrics: {'MAE': 0.022769829767045134, 'RMSE': 0.039732406553905274}
[2026-06-14 17:44:26,777][finetune_logger][INFO] - Test metrics: {'MAE': 0.022769829767045134, 'RMSE': 0.039732406553905274}
2026-06-14 17:44:26 - finetune_logger - INFO - Test time: 98.37s
[2026-06-14 17:44:26,777][finetune_logger][INFO] - Test time: 98.37s
2026-06-14 17:44:26 - finetune_logger - INFO - Test memory reserved: 914.00 MB
[2026-06-14 17:44:26,777][finetune_logger][INFO] - Test memory reserved: 914.00 MB
2026-06-14 17:44:26 - finetune_logger - INFO - Test memory allocated: 45.90 MB
[2026-06-14 17:44:26,777][finetune_logger][INFO] - Test memory allocated: 45.90 MB
2026-06-14 17:44:26 - finetune_logger - INFO - Epoch 8/10
[2026-06-14 17:44:26,777][finetune_logger][INFO] - Epoch 8/10
2026-06-14 18:02:44 - finetune_logger - INFO - Train loss: 0.018355316023754696
[2026-06-14 18:02:44,194][finetune_logger][INFO] - Train loss: 0.018355316023754696
2026-06-14 18:02:44 - finetune_logger - INFO - Train time: 1097.4164507389069s
[2026-06-14 18:02:44,195][finetune_logger][INFO] - Train time: 1097.4164507389069s
2026-06-14 18:02:44 - finetune_logger - INFO - Train memory reserved: 914.00 MB
[2026-06-14 18:02:44,195][finetune_logger][INFO] - Train memory reserved: 914.00 MB
2026-06-14 18:02:44 - finetune_logger - INFO - Train memory allocated: 45.90 MB
[2026-06-14 18:02:44,195][finetune_logger][INFO] - Train memory allocated: 45.90 MB
2026-06-14 18:02:44 - finetune_logger - INFO - Current learning rate: 0.0005
[2026-06-14 18:02:44,195][finetune_logger][INFO] - Current learning rate: 0.0005
2026-06-14 18:03:30 - finetune_logger - INFO - Validation metrics: {'MAE': 0.029933090675237018, 'RMSE': 0.04366019338598003}
[2026-06-14 18:03:30,088][finetune_logger][INFO] - Validation metrics: {'MAE': 0.029933090675237018, 'RMSE': 0.04366019338598003}
2026-06-14 18:03:30 - finetune_logger - INFO - Val time: 45.89s
[2026-06-14 18:03:30,089][finetune_logger][INFO] - Val time: 45.89s
2026-06-14 18:03:30 - finetune_logger - INFO - Val memory reserved: 914.00 MB
[2026-06-14 18:03:30,089][finetune_logger][INFO] - Val memory reserved: 914.00 MB
2026-06-14 18:03:30 - finetune_logger - INFO - Val memory allocated: 45.90 MB
[2026-06-14 18:03:30,089][finetune_logger][INFO] - Val memory allocated: 45.90 MB
2026-06-14 18:03:30 - finetune_logger - INFO - Logged epoch 8 info to /public/home/202411094934/python_project/Spatio-Temporal-Library/time-series/2026-06-13/crossformer/pretrain10_finetune10/traffic/time-series/seed_2/training_log.json
[2026-06-14 18:03:30,092][finetune_logger][INFO] - Logged epoch 8 info to /public/home/202411094934/python_project/Spatio-Temporal-Library/time-series/2026-06-13/crossformer/pretrain10_finetune10/traffic/time-series/seed_2/training_log.json
2026-06-14 18:05:08 - finetune_logger - INFO - Test metrics: {'MAE': 0.031217456767521495, 'RMSE': 0.04621246081251887}
[2026-06-14 18:05:08,656][finetune_logger][INFO] - Test metrics: {'MAE': 0.031217456767521495, 'RMSE': 0.04621246081251887}
2026-06-14 18:05:08 - finetune_logger - INFO - Test time: 98.56s
[2026-06-14 18:05:08,656][finetune_logger][INFO] - Test time: 98.56s
2026-06-14 18:05:08 - finetune_logger - INFO - Test memory reserved: 914.00 MB
[2026-06-14 18:05:08,656][finetune_logger][INFO] - Test memory reserved: 914.00 MB
2026-06-14 18:05:08 - finetune_logger - INFO - Test memory allocated: 45.90 MB
[2026-06-14 18:05:08,656][finetune_logger][INFO] - Test memory allocated: 45.90 MB
2026-06-14 18:05:08 - finetune_logger - INFO - Epoch 9/10
[2026-06-14 18:05:08,656][finetune_logger][INFO] - Epoch 9/10
2026-06-14 18:23:27 - finetune_logger - INFO - Train loss: 0.018110377960480234
[2026-06-14 18:23:27,676][finetune_logger][INFO] - Train loss: 0.018110377960480234
2026-06-14 18:23:27 - finetune_logger - INFO - Train time: 1099.019460439682s
[2026-06-14 18:23:27,677][finetune_logger][INFO] - Train time: 1099.019460439682s
2026-06-14 18:23:27 - finetune_logger - INFO - Train memory reserved: 914.00 MB
[2026-06-14 18:23:27,677][finetune_logger][INFO] - Train memory reserved: 914.00 MB
2026-06-14 18:23:27 - finetune_logger - INFO - Train memory allocated: 45.90 MB
[2026-06-14 18:23:27,677][finetune_logger][INFO] - Train memory allocated: 45.90 MB
2026-06-14 18:23:27 - finetune_logger - INFO - Current learning rate: 0.0005
[2026-06-14 18:23:27,677][finetune_logger][INFO] - Current learning rate: 0.0005
2026-06-14 18:24:13 - finetune_logger - INFO - Validation metrics: {'MAE': 0.017284717374767663, 'RMSE': 0.034355089423794005}
[2026-06-14 18:24:13,545][finetune_logger][INFO] - Validation metrics: {'MAE': 0.017284717374767663, 'RMSE': 0.034355089423794005}
2026-06-14 18:24:13 - finetune_logger - INFO - Val time: 45.87s
[2026-06-14 18:24:13,546][finetune_logger][INFO] - Val time: 45.87s
2026-06-14 18:24:13 - finetune_logger - INFO - Val memory reserved: 914.00 MB
[2026-06-14 18:24:13,546][finetune_logger][INFO] - Val memory reserved: 914.00 MB
2026-06-14 18:24:13 - finetune_logger - INFO - Val memory allocated: 45.90 MB
[2026-06-14 18:24:13,546][finetune_logger][INFO] - Val memory allocated: 45.90 MB
2026-06-14 18:24:13 - finetune_logger - INFO - Logged epoch 9 info to /public/home/202411094934/python_project/Spatio-Temporal-Library/time-series/2026-06-13/crossformer/pretrain10_finetune10/traffic/time-series/seed_2/training_log.json
[2026-06-14 18:24:13,549][finetune_logger][INFO] - Logged epoch 9 info to /public/home/202411094934/python_project/Spatio-Temporal-Library/time-series/2026-06-13/crossformer/pretrain10_finetune10/traffic/time-series/seed_2/training_log.json
2026-06-14 18:24:13 - finetune_logger - INFO - New best model! Val loss: 0.017285
[2026-06-14 18:24:13,549][finetune_logger][INFO] - New best model! Val loss: 0.017285
2026-06-14 18:25:52 - finetune_logger - INFO - Test metrics: {'MAE': 0.018827435926472697, 'RMSE': 0.0374778365782146}
[2026-06-14 18:25:52,471][finetune_logger][INFO] - Test metrics: {'MAE': 0.018827435926472697, 'RMSE': 0.0374778365782146}
2026-06-14 18:25:52 - finetune_logger - INFO - Test time: 98.69s
[2026-06-14 18:25:52,471][finetune_logger][INFO] - Test time: 98.69s
2026-06-14 18:25:52 - finetune_logger - INFO - Test memory reserved: 914.00 MB
[2026-06-14 18:25:52,471][finetune_logger][INFO] - Test memory reserved: 914.00 MB
2026-06-14 18:25:52 - finetune_logger - INFO - Test memory allocated: 45.90 MB
[2026-06-14 18:25:52,471][finetune_logger][INFO] - Test memory allocated: 45.90 MB
2026-06-14 18:25:52 - finetune_logger - INFO - Epoch 10/10
[2026-06-14 18:25:52,471][finetune_logger][INFO] - Epoch 10/10
2026-06-14 18:44:09 - finetune_logger - INFO - Train loss: 0.017236952967941734
[2026-06-14 18:44:09,547][finetune_logger][INFO] - Train loss: 0.017236952967941734
2026-06-14 18:44:09 - finetune_logger - INFO - Train time: 1097.075439453125s
[2026-06-14 18:44:09,548][finetune_logger][INFO] - Train time: 1097.075439453125s
2026-06-14 18:44:09 - finetune_logger - INFO - Train memory reserved: 914.00 MB
[2026-06-14 18:44:09,548][finetune_logger][INFO] - Train memory reserved: 914.00 MB
2026-06-14 18:44:09 - finetune_logger - INFO - Train memory allocated: 45.90 MB
[2026-06-14 18:44:09,548][finetune_logger][INFO] - Train memory allocated: 45.90 MB
2026-06-14 18:44:09 - finetune_logger - INFO - Current learning rate: 0.0005
[2026-06-14 18:44:09,548][finetune_logger][INFO] - Current learning rate: 0.0005
2026-06-14 18:44:55 - finetune_logger - INFO - Validation metrics: {'MAE': 0.021123860555740063, 'RMSE': 0.03526928592187473}
[2026-06-14 18:44:55,447][finetune_logger][INFO] - Validation metrics: {'MAE': 0.021123860555740063, 'RMSE': 0.03526928592187473}
2026-06-14 18:44:55 - finetune_logger - INFO - Val time: 45.90s
[2026-06-14 18:44:55,448][finetune_logger][INFO] - Val time: 45.90s
2026-06-14 18:44:55 - finetune_logger - INFO - Val memory reserved: 914.00 MB
[2026-06-14 18:44:55,448][finetune_logger][INFO] - Val memory reserved: 914.00 MB
2026-06-14 18:44:55 - finetune_logger - INFO - Val memory allocated: 45.90 MB
[2026-06-14 18:44:55,448][finetune_logger][INFO] - Val memory allocated: 45.90 MB
2026-06-14 18:44:55 - finetune_logger - INFO - Logged epoch 10 info to /public/home/202411094934/python_project/Spatio-Temporal-Library/time-series/2026-06-13/crossformer/pretrain10_finetune10/traffic/time-series/seed_2/training_log.json
[2026-06-14 18:44:55,451][finetune_logger][INFO] - Logged epoch 10 info to /public/home/202411094934/python_project/Spatio-Temporal-Library/time-series/2026-06-13/crossformer/pretrain10_finetune10/traffic/time-series/seed_2/training_log.json
2026-06-14 18:46:34 - finetune_logger - INFO - Test metrics: {'MAE': 0.0226094160503642, 'RMSE': 0.0382454591504256}
[2026-06-14 18:46:34,024][finetune_logger][INFO] - Test metrics: {'MAE': 0.0226094160503642, 'RMSE': 0.0382454591504256}
2026-06-14 18:46:34 - finetune_logger - INFO - Test time: 98.45s
[2026-06-14 18:46:34,025][finetune_logger][INFO] - Test time: 98.45s
2026-06-14 18:46:34 - finetune_logger - INFO - Test memory reserved: 914.00 MB
[2026-06-14 18:46:34,025][finetune_logger][INFO] - Test memory reserved: 914.00 MB
2026-06-14 18:46:34 - finetune_logger - INFO - Test memory allocated: 45.90 MB
[2026-06-14 18:46:34,025][finetune_logger][INFO] - Test memory allocated: 45.90 MB
2026-06-14 18:46:34 - finetune_logger - INFO - Training completed. Best epoch: 9, Best val loss: 0.017285
[2026-06-14 18:46:34,025][finetune_logger][INFO] - Training completed. Best epoch: 9, Best val loss: 0.017285
2026-06-14 18:46:34 - finetune_logger - INFO - Loaded checkpoint from epoch 9
[2026-06-14 18:46:34,185][finetune_logger][INFO] - Loaded checkpoint from epoch 9
2026-06-14 18:46:34 - finetune_logger - INFO - Evaluating best model on test sets...
[2026-06-14 18:46:34,186][finetune_logger][INFO] - Evaluating best model on test sets...
2026-06-14 18:48:12 - finetune_logger - INFO - Test metrics: {'MAE': 0.018827435926472697, 'RMSE': 0.0374778365782146}
[2026-06-14 18:48:12,447][finetune_logger][INFO] - Test metrics: {'MAE': 0.018827435926472697, 'RMSE': 0.0374778365782146}
2026-06-14 18:48:12 - finetune_logger - INFO - Test time: 98.26s
[2026-06-14 18:48:12,448][finetune_logger][INFO] - Test time: 98.26s
2026-06-14 18:48:12 - finetune_logger - INFO - Test memory reserved: 914.00 MB
[2026-06-14 18:48:12,448][finetune_logger][INFO] - Test memory reserved: 914.00 MB
2026-06-14 18:48:12 - finetune_logger - INFO - Test memory allocated: 46.09 MB
[2026-06-14 18:48:12,448][finetune_logger][INFO] - Test memory allocated: 46.09 MB
2026-06-14 18:48:12 - finetune_logger - INFO - Logged epoch test info to /public/home/202411094934/python_project/Spatio-Temporal-Library/time-series/2026-06-13/crossformer/pretrain10_finetune10/traffic/time-series/seed_2/training_log.json
[2026-06-14 18:48:12,451][finetune_logger][INFO] - Logged epoch test info to /public/home/202411094934/python_project/Spatio-Temporal-Library/time-series/2026-06-13/crossformer/pretrain10_finetune10/traffic/time-series/seed_2/training_log.json
