2026-06-14 10:13:46 - finetune_logger - INFO - Loaded pretrained checkpoint from: /public/home/202411094934/python_project/Spatio-Temporal-Library/time-series/2026-06-13/crossformer/pretrain10/electricity/time-series/seed_2/jepa_pretrain_epoch_10.pth
Missing keys: []
Unexpected keys: []
[2026-06-14 10:13:46,858][finetune_logger][INFO] - Loaded pretrained checkpoint from: /public/home/202411094934/python_project/Spatio-Temporal-Library/time-series/2026-06-13/crossformer/pretrain10/electricity/time-series/seed_2/jepa_pretrain_epoch_10.pth
Missing keys: []
Unexpected keys: []
2026-06-14 10:13:46 - finetune_logger - INFO - Model parameters: 1,467,744
[2026-06-14 10:13:46,868][finetune_logger][INFO] - Model parameters: 1,467,744
2026-06-14 10:13:46 - finetune_logger - INFO - Created new log file at /public/home/202411094934/python_project/Spatio-Temporal-Library/time-series/2026-06-13/crossformer/pretrain10_finetune10/electricity/time-series/seed_2/training_log.json
[2026-06-14 10:13:46,872][finetune_logger][INFO] - Created new log file at /public/home/202411094934/python_project/Spatio-Temporal-Library/time-series/2026-06-13/crossformer/pretrain10_finetune10/electricity/time-series/seed_2/training_log.json
2026-06-14 10:13:46 - finetune_logger - INFO - Starting training...
[2026-06-14 10:13:46,872][finetune_logger][INFO] - Starting training...
2026-06-14 10:13:46 - finetune_logger - INFO - Epoch 1/10
[2026-06-14 10:13:46,872][finetune_logger][INFO] - Epoch 1/10
2026-06-14 10:37:19 - finetune_logger - INFO - Train loss: 360.2397425053244
[2026-06-14 10:37:19,790][finetune_logger][INFO] - Train loss: 360.2397425053244
2026-06-14 10:37:19 - finetune_logger - INFO - Train time: 1412.9170126914978s
[2026-06-14 10:37:19,790][finetune_logger][INFO] - Train time: 1412.9170126914978s
2026-06-14 10:37:19 - finetune_logger - INFO - Train memory reserved: 364.00 MB
[2026-06-14 10:37:19,790][finetune_logger][INFO] - Train memory reserved: 364.00 MB
2026-06-14 10:37:19 - finetune_logger - INFO - Train memory allocated: 33.80 MB
[2026-06-14 10:37:19,790][finetune_logger][INFO] - Train memory allocated: 33.80 MB
2026-06-14 10:37:19 - finetune_logger - INFO - Current learning rate: 0.0005
[2026-06-14 10:37:19,790][finetune_logger][INFO] - Current learning rate: 0.0005
2026-06-14 10:38:19 - finetune_logger - INFO - Validation metrics: {'MAE': 203.6576366480777, 'RMSE': 1383.0406350740138}
[2026-06-14 10:38:19,439][finetune_logger][INFO] - Validation metrics: {'MAE': 203.6576366480777, 'RMSE': 1383.0406350740138}
2026-06-14 10:38:19 - finetune_logger - INFO - Val time: 59.65s
[2026-06-14 10:38:19,439][finetune_logger][INFO] - Val time: 59.65s
2026-06-14 10:38:19 - finetune_logger - INFO - Val memory reserved: 364.00 MB
[2026-06-14 10:38:19,439][finetune_logger][INFO] - Val memory reserved: 364.00 MB
2026-06-14 10:38:19 - finetune_logger - INFO - Val memory allocated: 33.80 MB
[2026-06-14 10:38:19,439][finetune_logger][INFO] - Val memory allocated: 33.80 MB
2026-06-14 10:38:19 - finetune_logger - INFO - Logged epoch 1 info to /public/home/202411094934/python_project/Spatio-Temporal-Library/time-series/2026-06-13/crossformer/pretrain10_finetune10/electricity/time-series/seed_2/training_log.json
[2026-06-14 10:38:19,443][finetune_logger][INFO] - Logged epoch 1 info to /public/home/202411094934/python_project/Spatio-Temporal-Library/time-series/2026-06-13/crossformer/pretrain10_finetune10/electricity/time-series/seed_2/training_log.json
2026-06-14 10:38:19 - finetune_logger - INFO - New best model! Val loss: 203.657637
[2026-06-14 10:38:19,443][finetune_logger][INFO] - New best model! Val loss: 203.657637
2026-06-14 10:40:24 - finetune_logger - INFO - Test metrics: {'MAE': 261.55213146541, 'RMSE': 2179.4204380469023}
[2026-06-14 10:40:24,415][finetune_logger][INFO] - Test metrics: {'MAE': 261.55213146541, 'RMSE': 2179.4204380469023}
2026-06-14 10:40:24 - finetune_logger - INFO - Test time: 124.76s
[2026-06-14 10:40:24,416][finetune_logger][INFO] - Test time: 124.76s
2026-06-14 10:40:24 - finetune_logger - INFO - Test memory reserved: 364.00 MB
[2026-06-14 10:40:24,416][finetune_logger][INFO] - Test memory reserved: 364.00 MB
2026-06-14 10:40:24 - finetune_logger - INFO - Test memory allocated: 33.80 MB
[2026-06-14 10:40:24,416][finetune_logger][INFO] - Test memory allocated: 33.80 MB
2026-06-14 10:40:24 - finetune_logger - INFO - Epoch 2/10
[2026-06-14 10:40:24,416][finetune_logger][INFO] - Epoch 2/10
2026-06-14 11:03:48 - finetune_logger - INFO - Train loss: 243.42318463218956
[2026-06-14 11:03:48,305][finetune_logger][INFO] - Train loss: 243.42318463218956
2026-06-14 11:03:48 - finetune_logger - INFO - Train time: 1403.8883774280548s
[2026-06-14 11:03:48,305][finetune_logger][INFO] - Train time: 1403.8883774280548s
2026-06-14 11:03:48 - finetune_logger - INFO - Train memory reserved: 364.00 MB
[2026-06-14 11:03:48,305][finetune_logger][INFO] - Train memory reserved: 364.00 MB
2026-06-14 11:03:48 - finetune_logger - INFO - Train memory allocated: 33.80 MB
[2026-06-14 11:03:48,306][finetune_logger][INFO] - Train memory allocated: 33.80 MB
2026-06-14 11:03:48 - finetune_logger - INFO - Current learning rate: 0.0005
[2026-06-14 11:03:48,306][finetune_logger][INFO] - Current learning rate: 0.0005
2026-06-14 11:04:47 - finetune_logger - INFO - Validation metrics: {'MAE': 191.7485971808188, 'RMSE': 1352.5681315789504}
[2026-06-14 11:04:47,674][finetune_logger][INFO] - Validation metrics: {'MAE': 191.7485971808188, 'RMSE': 1352.5681315789504}
2026-06-14 11:04:47 - finetune_logger - INFO - Val time: 59.37s
[2026-06-14 11:04:47,675][finetune_logger][INFO] - Val time: 59.37s
2026-06-14 11:04:47 - finetune_logger - INFO - Val memory reserved: 364.00 MB
[2026-06-14 11:04:47,675][finetune_logger][INFO] - Val memory reserved: 364.00 MB
2026-06-14 11:04:47 - finetune_logger - INFO - Val memory allocated: 33.80 MB
[2026-06-14 11:04:47,675][finetune_logger][INFO] - Val memory allocated: 33.80 MB
2026-06-14 11:04:47 - finetune_logger - INFO - Logged epoch 2 info to /public/home/202411094934/python_project/Spatio-Temporal-Library/time-series/2026-06-13/crossformer/pretrain10_finetune10/electricity/time-series/seed_2/training_log.json
[2026-06-14 11:04:47,678][finetune_logger][INFO] - Logged epoch 2 info to /public/home/202411094934/python_project/Spatio-Temporal-Library/time-series/2026-06-13/crossformer/pretrain10_finetune10/electricity/time-series/seed_2/training_log.json
2026-06-14 11:04:47 - finetune_logger - INFO - New best model! Val loss: 191.748597
[2026-06-14 11:04:47,678][finetune_logger][INFO] - New best model! Val loss: 191.748597
2026-06-14 11:06:52 - finetune_logger - INFO - Test metrics: {'MAE': 247.9368852295737, 'RMSE': 2120.896854937756}
[2026-06-14 11:06:52,907][finetune_logger][INFO] - Test metrics: {'MAE': 247.9368852295737, 'RMSE': 2120.896854937756}
2026-06-14 11:06:52 - finetune_logger - INFO - Test time: 125.02s
[2026-06-14 11:06:52,907][finetune_logger][INFO] - Test time: 125.02s
2026-06-14 11:06:52 - finetune_logger - INFO - Test memory reserved: 364.00 MB
[2026-06-14 11:06:52,907][finetune_logger][INFO] - Test memory reserved: 364.00 MB
2026-06-14 11:06:52 - finetune_logger - INFO - Test memory allocated: 33.80 MB
[2026-06-14 11:06:52,908][finetune_logger][INFO] - Test memory allocated: 33.80 MB
2026-06-14 11:06:52 - finetune_logger - INFO - Epoch 3/10
[2026-06-14 11:06:52,908][finetune_logger][INFO] - Epoch 3/10
2026-06-14 11:30:28 - finetune_logger - INFO - Train loss: 224.21568386075424
[2026-06-14 11:30:28,036][finetune_logger][INFO] - Train loss: 224.21568386075424
2026-06-14 11:30:28 - finetune_logger - INFO - Train time: 1415.1279759407043s
[2026-06-14 11:30:28,037][finetune_logger][INFO] - Train time: 1415.1279759407043s
2026-06-14 11:30:28 - finetune_logger - INFO - Train memory reserved: 364.00 MB
[2026-06-14 11:30:28,037][finetune_logger][INFO] - Train memory reserved: 364.00 MB
2026-06-14 11:30:28 - finetune_logger - INFO - Train memory allocated: 33.80 MB
[2026-06-14 11:30:28,037][finetune_logger][INFO] - Train memory allocated: 33.80 MB
2026-06-14 11:30:28 - finetune_logger - INFO - Current learning rate: 0.0005
[2026-06-14 11:30:28,037][finetune_logger][INFO] - Current learning rate: 0.0005
2026-06-14 11:31:27 - finetune_logger - INFO - Validation metrics: {'MAE': 182.97239988306907, 'RMSE': 1315.3807515162407}
[2026-06-14 11:31:27,671][finetune_logger][INFO] - Validation metrics: {'MAE': 182.97239988306907, 'RMSE': 1315.3807515162407}
2026-06-14 11:31:27 - finetune_logger - INFO - Val time: 59.63s
[2026-06-14 11:31:27,671][finetune_logger][INFO] - Val time: 59.63s
2026-06-14 11:31:27 - finetune_logger - INFO - Val memory reserved: 364.00 MB
[2026-06-14 11:31:27,671][finetune_logger][INFO] - Val memory reserved: 364.00 MB
2026-06-14 11:31:27 - finetune_logger - INFO - Val memory allocated: 33.80 MB
[2026-06-14 11:31:27,671][finetune_logger][INFO] - Val memory allocated: 33.80 MB
2026-06-14 11:31:27 - finetune_logger - INFO - Logged epoch 3 info to /public/home/202411094934/python_project/Spatio-Temporal-Library/time-series/2026-06-13/crossformer/pretrain10_finetune10/electricity/time-series/seed_2/training_log.json
[2026-06-14 11:31:27,674][finetune_logger][INFO] - Logged epoch 3 info to /public/home/202411094934/python_project/Spatio-Temporal-Library/time-series/2026-06-13/crossformer/pretrain10_finetune10/electricity/time-series/seed_2/training_log.json
2026-06-14 11:31:27 - finetune_logger - INFO - New best model! Val loss: 182.972400
[2026-06-14 11:31:27,675][finetune_logger][INFO] - New best model! Val loss: 182.972400
2026-06-14 11:33:32 - finetune_logger - INFO - Test metrics: {'MAE': 241.9721093654905, 'RMSE': 2107.240779424916}
[2026-06-14 11:33:32,689][finetune_logger][INFO] - Test metrics: {'MAE': 241.9721093654905, 'RMSE': 2107.240779424916}
2026-06-14 11:33:32 - finetune_logger - INFO - Test time: 124.80s
[2026-06-14 11:33:32,689][finetune_logger][INFO] - Test time: 124.80s
2026-06-14 11:33:32 - finetune_logger - INFO - Test memory reserved: 364.00 MB
[2026-06-14 11:33:32,689][finetune_logger][INFO] - Test memory reserved: 364.00 MB
2026-06-14 11:33:32 - finetune_logger - INFO - Test memory allocated: 33.80 MB
[2026-06-14 11:33:32,689][finetune_logger][INFO] - Test memory allocated: 33.80 MB
2026-06-14 11:33:32 - finetune_logger - INFO - Epoch 4/10
[2026-06-14 11:33:32,689][finetune_logger][INFO] - Epoch 4/10
2026-06-14 11:57:06 - finetune_logger - INFO - Train loss: 209.901860026973
[2026-06-14 11:57:06,026][finetune_logger][INFO] - Train loss: 209.901860026973
2026-06-14 11:57:06 - finetune_logger - INFO - Train time: 1413.3362183570862s
[2026-06-14 11:57:06,027][finetune_logger][INFO] - Train time: 1413.3362183570862s
2026-06-14 11:57:06 - finetune_logger - INFO - Train memory reserved: 364.00 MB
[2026-06-14 11:57:06,027][finetune_logger][INFO] - Train memory reserved: 364.00 MB
2026-06-14 11:57:06 - finetune_logger - INFO - Train memory allocated: 33.80 MB
[2026-06-14 11:57:06,027][finetune_logger][INFO] - Train memory allocated: 33.80 MB
2026-06-14 11:57:06 - finetune_logger - INFO - Current learning rate: 0.0005
[2026-06-14 11:57:06,027][finetune_logger][INFO] - Current learning rate: 0.0005
2026-06-14 11:58:05 - finetune_logger - INFO - Validation metrics: {'MAE': 176.36164709793843, 'RMSE': 1340.0140737047652}
[2026-06-14 11:58:05,554][finetune_logger][INFO] - Validation metrics: {'MAE': 176.36164709793843, 'RMSE': 1340.0140737047652}
2026-06-14 11:58:05 - finetune_logger - INFO - Val time: 59.53s
[2026-06-14 11:58:05,555][finetune_logger][INFO] - Val time: 59.53s
2026-06-14 11:58:05 - finetune_logger - INFO - Val memory reserved: 364.00 MB
[2026-06-14 11:58:05,555][finetune_logger][INFO] - Val memory reserved: 364.00 MB
2026-06-14 11:58:05 - finetune_logger - INFO - Val memory allocated: 33.80 MB
[2026-06-14 11:58:05,555][finetune_logger][INFO] - Val memory allocated: 33.80 MB
2026-06-14 11:58:05 - finetune_logger - INFO - Logged epoch 4 info to /public/home/202411094934/python_project/Spatio-Temporal-Library/time-series/2026-06-13/crossformer/pretrain10_finetune10/electricity/time-series/seed_2/training_log.json
[2026-06-14 11:58:05,558][finetune_logger][INFO] - Logged epoch 4 info to /public/home/202411094934/python_project/Spatio-Temporal-Library/time-series/2026-06-13/crossformer/pretrain10_finetune10/electricity/time-series/seed_2/training_log.json
2026-06-14 11:58:05 - finetune_logger - INFO - New best model! Val loss: 176.361647
[2026-06-14 11:58:05,558][finetune_logger][INFO] - New best model! Val loss: 176.361647
2026-06-14 12:00:10 - finetune_logger - INFO - Test metrics: {'MAE': 239.59586018965476, 'RMSE': 2156.5738087527093}
[2026-06-14 12:00:10,433][finetune_logger][INFO] - Test metrics: {'MAE': 239.59586018965476, 'RMSE': 2156.5738087527093}
2026-06-14 12:00:10 - finetune_logger - INFO - Test time: 124.66s
[2026-06-14 12:00:10,433][finetune_logger][INFO] - Test time: 124.66s
2026-06-14 12:00:10 - finetune_logger - INFO - Test memory reserved: 364.00 MB
[2026-06-14 12:00:10,434][finetune_logger][INFO] - Test memory reserved: 364.00 MB
2026-06-14 12:00:10 - finetune_logger - INFO - Test memory allocated: 33.80 MB
[2026-06-14 12:00:10,434][finetune_logger][INFO] - Test memory allocated: 33.80 MB
2026-06-14 12:00:10 - finetune_logger - INFO - Epoch 5/10
[2026-06-14 12:00:10,434][finetune_logger][INFO] - Epoch 5/10
2026-06-14 12:23:43 - finetune_logger - INFO - Train loss: 201.89534582242874
[2026-06-14 12:23:43,362][finetune_logger][INFO] - Train loss: 201.89534582242874
2026-06-14 12:23:43 - finetune_logger - INFO - Train time: 1412.927413702011s
[2026-06-14 12:23:43,362][finetune_logger][INFO] - Train time: 1412.927413702011s
2026-06-14 12:23:43 - finetune_logger - INFO - Train memory reserved: 364.00 MB
[2026-06-14 12:23:43,362][finetune_logger][INFO] - Train memory reserved: 364.00 MB
2026-06-14 12:23:43 - finetune_logger - INFO - Train memory allocated: 33.80 MB
[2026-06-14 12:23:43,363][finetune_logger][INFO] - Train memory allocated: 33.80 MB
2026-06-14 12:23:43 - finetune_logger - INFO - Current learning rate: 0.0005
[2026-06-14 12:23:43,363][finetune_logger][INFO] - Current learning rate: 0.0005
2026-06-14 12:24:43 - finetune_logger - INFO - Validation metrics: {'MAE': 175.8327208798053, 'RMSE': 1312.071222733348}
[2026-06-14 12:24:43,094][finetune_logger][INFO] - Validation metrics: {'MAE': 175.8327208798053, 'RMSE': 1312.071222733348}
2026-06-14 12:24:43 - finetune_logger - INFO - Val time: 59.73s
[2026-06-14 12:24:43,094][finetune_logger][INFO] - Val time: 59.73s
2026-06-14 12:24:43 - finetune_logger - INFO - Val memory reserved: 364.00 MB
[2026-06-14 12:24:43,094][finetune_logger][INFO] - Val memory reserved: 364.00 MB
2026-06-14 12:24:43 - finetune_logger - INFO - Val memory allocated: 33.80 MB
[2026-06-14 12:24:43,094][finetune_logger][INFO] - Val memory allocated: 33.80 MB
2026-06-14 12:24:43 - finetune_logger - INFO - Logged epoch 5 info to /public/home/202411094934/python_project/Spatio-Temporal-Library/time-series/2026-06-13/crossformer/pretrain10_finetune10/electricity/time-series/seed_2/training_log.json
[2026-06-14 12:24:43,097][finetune_logger][INFO] - Logged epoch 5 info to /public/home/202411094934/python_project/Spatio-Temporal-Library/time-series/2026-06-13/crossformer/pretrain10_finetune10/electricity/time-series/seed_2/training_log.json
2026-06-14 12:24:43 - finetune_logger - INFO - New best model! Val loss: 175.832721
[2026-06-14 12:24:43,098][finetune_logger][INFO] - New best model! Val loss: 175.832721
2026-06-14 12:26:47 - finetune_logger - INFO - Test metrics: {'MAE': 238.50730611969823, 'RMSE': 2166.0478018396275}
[2026-06-14 12:26:47,855][finetune_logger][INFO] - Test metrics: {'MAE': 238.50730611969823, 'RMSE': 2166.0478018396275}
2026-06-14 12:26:47 - finetune_logger - INFO - Test time: 124.54s
[2026-06-14 12:26:47,855][finetune_logger][INFO] - Test time: 124.54s
2026-06-14 12:26:47 - finetune_logger - INFO - Test memory reserved: 364.00 MB
[2026-06-14 12:26:47,855][finetune_logger][INFO] - Test memory reserved: 364.00 MB
2026-06-14 12:26:47 - finetune_logger - INFO - Test memory allocated: 33.80 MB
[2026-06-14 12:26:47,855][finetune_logger][INFO] - Test memory allocated: 33.80 MB
2026-06-14 12:26:47 - finetune_logger - INFO - Epoch 6/10
[2026-06-14 12:26:47,855][finetune_logger][INFO] - Epoch 6/10
2026-06-14 12:50:21 - finetune_logger - INFO - Train loss: 194.3922046271217
[2026-06-14 12:50:21,003][finetune_logger][INFO] - Train loss: 194.3922046271217
2026-06-14 12:50:21 - finetune_logger - INFO - Train time: 1413.1472516059875s
[2026-06-14 12:50:21,004][finetune_logger][INFO] - Train time: 1413.1472516059875s
2026-06-14 12:50:21 - finetune_logger - INFO - Train memory reserved: 364.00 MB
[2026-06-14 12:50:21,004][finetune_logger][INFO] - Train memory reserved: 364.00 MB
2026-06-14 12:50:21 - finetune_logger - INFO - Train memory allocated: 33.80 MB
[2026-06-14 12:50:21,004][finetune_logger][INFO] - Train memory allocated: 33.80 MB
2026-06-14 12:50:21 - finetune_logger - INFO - Current learning rate: 0.0005
[2026-06-14 12:50:21,004][finetune_logger][INFO] - Current learning rate: 0.0005
2026-06-14 12:51:20 - finetune_logger - INFO - Validation metrics: {'MAE': 171.0636654245474, 'RMSE': 1310.3155398334663}
[2026-06-14 12:51:20,691][finetune_logger][INFO] - Validation metrics: {'MAE': 171.0636654245474, 'RMSE': 1310.3155398334663}
2026-06-14 12:51:20 - finetune_logger - INFO - Val time: 59.69s
[2026-06-14 12:51:20,691][finetune_logger][INFO] - Val time: 59.69s
2026-06-14 12:51:20 - finetune_logger - INFO - Val memory reserved: 364.00 MB
[2026-06-14 12:51:20,691][finetune_logger][INFO] - Val memory reserved: 364.00 MB
2026-06-14 12:51:20 - finetune_logger - INFO - Val memory allocated: 33.80 MB
[2026-06-14 12:51:20,692][finetune_logger][INFO] - Val memory allocated: 33.80 MB
2026-06-14 12:51:20 - finetune_logger - INFO - Logged epoch 6 info to /public/home/202411094934/python_project/Spatio-Temporal-Library/time-series/2026-06-13/crossformer/pretrain10_finetune10/electricity/time-series/seed_2/training_log.json
[2026-06-14 12:51:20,695][finetune_logger][INFO] - Logged epoch 6 info to /public/home/202411094934/python_project/Spatio-Temporal-Library/time-series/2026-06-13/crossformer/pretrain10_finetune10/electricity/time-series/seed_2/training_log.json
2026-06-14 12:51:20 - finetune_logger - INFO - New best model! Val loss: 171.063665
[2026-06-14 12:51:20,695][finetune_logger][INFO] - New best model! Val loss: 171.063665
2026-06-14 12:53:26 - finetune_logger - INFO - Test metrics: {'MAE': 231.81309567027154, 'RMSE': 2109.8433488282194}
[2026-06-14 12:53:26,194][finetune_logger][INFO] - Test metrics: {'MAE': 231.81309567027154, 'RMSE': 2109.8433488282194}
2026-06-14 12:53:26 - finetune_logger - INFO - Test time: 125.29s
[2026-06-14 12:53:26,194][finetune_logger][INFO] - Test time: 125.29s
2026-06-14 12:53:26 - finetune_logger - INFO - Test memory reserved: 364.00 MB
[2026-06-14 12:53:26,194][finetune_logger][INFO] - Test memory reserved: 364.00 MB
2026-06-14 12:53:26 - finetune_logger - INFO - Test memory allocated: 33.80 MB
[2026-06-14 12:53:26,194][finetune_logger][INFO] - Test memory allocated: 33.80 MB
2026-06-14 12:53:26 - finetune_logger - INFO - Epoch 7/10
[2026-06-14 12:53:26,195][finetune_logger][INFO] - Epoch 7/10
2026-06-14 13:16:58 - finetune_logger - INFO - Train loss: 188.94931024432594
[2026-06-14 13:16:58,477][finetune_logger][INFO] - Train loss: 188.94931024432594
2026-06-14 13:16:58 - finetune_logger - INFO - Train time: 1412.2816925048828s
[2026-06-14 13:16:58,477][finetune_logger][INFO] - Train time: 1412.2816925048828s
2026-06-14 13:16:58 - finetune_logger - INFO - Train memory reserved: 364.00 MB
[2026-06-14 13:16:58,477][finetune_logger][INFO] - Train memory reserved: 364.00 MB
2026-06-14 13:16:58 - finetune_logger - INFO - Train memory allocated: 33.80 MB
[2026-06-14 13:16:58,478][finetune_logger][INFO] - Train memory allocated: 33.80 MB
2026-06-14 13:16:58 - finetune_logger - INFO - Current learning rate: 0.0005
[2026-06-14 13:16:58,478][finetune_logger][INFO] - Current learning rate: 0.0005
2026-06-14 13:17:58 - finetune_logger - INFO - Validation metrics: {'MAE': 170.8365746395708, 'RMSE': 1302.5952757761042}
[2026-06-14 13:17:58,307][finetune_logger][INFO] - Validation metrics: {'MAE': 170.8365746395708, 'RMSE': 1302.5952757761042}
2026-06-14 13:17:58 - finetune_logger - INFO - Val time: 59.83s
[2026-06-14 13:17:58,307][finetune_logger][INFO] - Val time: 59.83s
2026-06-14 13:17:58 - finetune_logger - INFO - Val memory reserved: 364.00 MB
[2026-06-14 13:17:58,308][finetune_logger][INFO] - Val memory reserved: 364.00 MB
2026-06-14 13:17:58 - finetune_logger - INFO - Val memory allocated: 33.80 MB
[2026-06-14 13:17:58,308][finetune_logger][INFO] - Val memory allocated: 33.80 MB
2026-06-14 13:17:58 - finetune_logger - INFO - Logged epoch 7 info to /public/home/202411094934/python_project/Spatio-Temporal-Library/time-series/2026-06-13/crossformer/pretrain10_finetune10/electricity/time-series/seed_2/training_log.json
[2026-06-14 13:17:58,311][finetune_logger][INFO] - Logged epoch 7 info to /public/home/202411094934/python_project/Spatio-Temporal-Library/time-series/2026-06-13/crossformer/pretrain10_finetune10/electricity/time-series/seed_2/training_log.json
2026-06-14 13:17:58 - finetune_logger - INFO - New best model! Val loss: 170.836575
[2026-06-14 13:17:58,311][finetune_logger][INFO] - New best model! Val loss: 170.836575
2026-06-14 13:20:03 - finetune_logger - INFO - Test metrics: {'MAE': 230.2062328453657, 'RMSE': 2098.498473011796}
[2026-06-14 13:20:03,545][finetune_logger][INFO] - Test metrics: {'MAE': 230.2062328453657, 'RMSE': 2098.498473011796}
2026-06-14 13:20:03 - finetune_logger - INFO - Test time: 125.02s
[2026-06-14 13:20:03,545][finetune_logger][INFO] - Test time: 125.02s
2026-06-14 13:20:03 - finetune_logger - INFO - Test memory reserved: 364.00 MB
[2026-06-14 13:20:03,545][finetune_logger][INFO] - Test memory reserved: 364.00 MB
2026-06-14 13:20:03 - finetune_logger - INFO - Test memory allocated: 33.80 MB
[2026-06-14 13:20:03,545][finetune_logger][INFO] - Test memory allocated: 33.80 MB
2026-06-14 13:20:03 - finetune_logger - INFO - Epoch 8/10
[2026-06-14 13:20:03,545][finetune_logger][INFO] - Epoch 8/10
2026-06-14 13:43:39 - finetune_logger - INFO - Train loss: 183.87430222617317
[2026-06-14 13:43:39,602][finetune_logger][INFO] - Train loss: 183.87430222617317
2026-06-14 13:43:39 - finetune_logger - INFO - Train time: 1416.056492805481s
[2026-06-14 13:43:39,603][finetune_logger][INFO] - Train time: 1416.056492805481s
2026-06-14 13:43:39 - finetune_logger - INFO - Train memory reserved: 364.00 MB
[2026-06-14 13:43:39,603][finetune_logger][INFO] - Train memory reserved: 364.00 MB
2026-06-14 13:43:39 - finetune_logger - INFO - Train memory allocated: 33.80 MB
[2026-06-14 13:43:39,603][finetune_logger][INFO] - Train memory allocated: 33.80 MB
2026-06-14 13:43:39 - finetune_logger - INFO - Current learning rate: 0.0005
[2026-06-14 13:43:39,603][finetune_logger][INFO] - Current learning rate: 0.0005
2026-06-14 13:44:39 - finetune_logger - INFO - Validation metrics: {'MAE': 171.15659922067726, 'RMSE': 1313.646033884149}
[2026-06-14 13:44:39,142][finetune_logger][INFO] - Validation metrics: {'MAE': 171.15659922067726, 'RMSE': 1313.646033884149}
2026-06-14 13:44:39 - finetune_logger - INFO - Val time: 59.54s
[2026-06-14 13:44:39,143][finetune_logger][INFO] - Val time: 59.54s
2026-06-14 13:44:39 - finetune_logger - INFO - Val memory reserved: 364.00 MB
[2026-06-14 13:44:39,143][finetune_logger][INFO] - Val memory reserved: 364.00 MB
2026-06-14 13:44:39 - finetune_logger - INFO - Val memory allocated: 33.80 MB
[2026-06-14 13:44:39,143][finetune_logger][INFO] - Val memory allocated: 33.80 MB
2026-06-14 13:44:39 - finetune_logger - INFO - Logged epoch 8 info to /public/home/202411094934/python_project/Spatio-Temporal-Library/time-series/2026-06-13/crossformer/pretrain10_finetune10/electricity/time-series/seed_2/training_log.json
[2026-06-14 13:44:39,146][finetune_logger][INFO] - Logged epoch 8 info to /public/home/202411094934/python_project/Spatio-Temporal-Library/time-series/2026-06-13/crossformer/pretrain10_finetune10/electricity/time-series/seed_2/training_log.json
2026-06-14 13:46:43 - finetune_logger - INFO - Test metrics: {'MAE': 235.3461334002991, 'RMSE': 2165.813068271794}
[2026-06-14 13:46:43,815][finetune_logger][INFO] - Test metrics: {'MAE': 235.3461334002991, 'RMSE': 2165.813068271794}
2026-06-14 13:46:43 - finetune_logger - INFO - Test time: 124.67s
[2026-06-14 13:46:43,816][finetune_logger][INFO] - Test time: 124.67s
2026-06-14 13:46:43 - finetune_logger - INFO - Test memory reserved: 364.00 MB
[2026-06-14 13:46:43,816][finetune_logger][INFO] - Test memory reserved: 364.00 MB
2026-06-14 13:46:43 - finetune_logger - INFO - Test memory allocated: 33.80 MB
[2026-06-14 13:46:43,816][finetune_logger][INFO] - Test memory allocated: 33.80 MB
2026-06-14 13:46:43 - finetune_logger - INFO - Epoch 9/10
[2026-06-14 13:46:43,816][finetune_logger][INFO] - Epoch 9/10
2026-06-14 14:10:15 - finetune_logger - INFO - Train loss: 179.70289460799805
[2026-06-14 14:10:15,482][finetune_logger][INFO] - Train loss: 179.70289460799805
2026-06-14 14:10:15 - finetune_logger - INFO - Train time: 1411.6653163433075s
[2026-06-14 14:10:15,483][finetune_logger][INFO] - Train time: 1411.6653163433075s
2026-06-14 14:10:15 - finetune_logger - INFO - Train memory reserved: 364.00 MB
[2026-06-14 14:10:15,483][finetune_logger][INFO] - Train memory reserved: 364.00 MB
2026-06-14 14:10:15 - finetune_logger - INFO - Train memory allocated: 33.80 MB
[2026-06-14 14:10:15,483][finetune_logger][INFO] - Train memory allocated: 33.80 MB
2026-06-14 14:10:15 - finetune_logger - INFO - Current learning rate: 0.0005
[2026-06-14 14:10:15,483][finetune_logger][INFO] - Current learning rate: 0.0005
2026-06-14 14:11:15 - finetune_logger - INFO - Validation metrics: {'MAE': 167.8570017668071, 'RMSE': 1289.3986002903948}
[2026-06-14 14:11:15,289][finetune_logger][INFO] - Validation metrics: {'MAE': 167.8570017668071, 'RMSE': 1289.3986002903948}
2026-06-14 14:11:15 - finetune_logger - INFO - Val time: 59.81s
[2026-06-14 14:11:15,289][finetune_logger][INFO] - Val time: 59.81s
2026-06-14 14:11:15 - finetune_logger - INFO - Val memory reserved: 364.00 MB
[2026-06-14 14:11:15,289][finetune_logger][INFO] - Val memory reserved: 364.00 MB
2026-06-14 14:11:15 - finetune_logger - INFO - Val memory allocated: 33.80 MB
[2026-06-14 14:11:15,289][finetune_logger][INFO] - Val memory allocated: 33.80 MB
2026-06-14 14:11:15 - finetune_logger - INFO - Logged epoch 9 info to /public/home/202411094934/python_project/Spatio-Temporal-Library/time-series/2026-06-13/crossformer/pretrain10_finetune10/electricity/time-series/seed_2/training_log.json
[2026-06-14 14:11:15,292][finetune_logger][INFO] - Logged epoch 9 info to /public/home/202411094934/python_project/Spatio-Temporal-Library/time-series/2026-06-13/crossformer/pretrain10_finetune10/electricity/time-series/seed_2/training_log.json
2026-06-14 14:11:15 - finetune_logger - INFO - New best model! Val loss: 167.857002
[2026-06-14 14:11:15,293][finetune_logger][INFO] - New best model! Val loss: 167.857002
2026-06-14 14:13:20 - finetune_logger - INFO - Test metrics: {'MAE': 229.20492875525954, 'RMSE': 2114.6965041787967}
[2026-06-14 14:13:20,202][finetune_logger][INFO] - Test metrics: {'MAE': 229.20492875525954, 'RMSE': 2114.6965041787967}
2026-06-14 14:13:20 - finetune_logger - INFO - Test time: 124.70s
[2026-06-14 14:13:20,202][finetune_logger][INFO] - Test time: 124.70s
2026-06-14 14:13:20 - finetune_logger - INFO - Test memory reserved: 364.00 MB
[2026-06-14 14:13:20,202][finetune_logger][INFO] - Test memory reserved: 364.00 MB
2026-06-14 14:13:20 - finetune_logger - INFO - Test memory allocated: 33.80 MB
[2026-06-14 14:13:20,202][finetune_logger][INFO] - Test memory allocated: 33.80 MB
2026-06-14 14:13:20 - finetune_logger - INFO - Epoch 10/10
[2026-06-14 14:13:20,202][finetune_logger][INFO] - Epoch 10/10
2026-06-14 14:36:50 - finetune_logger - INFO - Train loss: 175.7565306701152
[2026-06-14 14:36:50,206][finetune_logger][INFO] - Train loss: 175.7565306701152
2026-06-14 14:36:50 - finetune_logger - INFO - Train time: 1410.0025532245636s
[2026-06-14 14:36:50,206][finetune_logger][INFO] - Train time: 1410.0025532245636s
2026-06-14 14:36:50 - finetune_logger - INFO - Train memory reserved: 364.00 MB
[2026-06-14 14:36:50,206][finetune_logger][INFO] - Train memory reserved: 364.00 MB
2026-06-14 14:36:50 - finetune_logger - INFO - Train memory allocated: 33.80 MB
[2026-06-14 14:36:50,206][finetune_logger][INFO] - Train memory allocated: 33.80 MB
2026-06-14 14:36:50 - finetune_logger - INFO - Current learning rate: 0.0005
[2026-06-14 14:36:50,206][finetune_logger][INFO] - Current learning rate: 0.0005
2026-06-14 14:37:50 - finetune_logger - INFO - Validation metrics: {'MAE': 169.80769474069703, 'RMSE': 1333.954424136517}
[2026-06-14 14:37:50,022][finetune_logger][INFO] - Validation metrics: {'MAE': 169.80769474069703, 'RMSE': 1333.954424136517}
2026-06-14 14:37:50 - finetune_logger - INFO - Val time: 59.81s
[2026-06-14 14:37:50,022][finetune_logger][INFO] - Val time: 59.81s
2026-06-14 14:37:50 - finetune_logger - INFO - Val memory reserved: 364.00 MB
[2026-06-14 14:37:50,022][finetune_logger][INFO] - Val memory reserved: 364.00 MB
2026-06-14 14:37:50 - finetune_logger - INFO - Val memory allocated: 33.80 MB
[2026-06-14 14:37:50,022][finetune_logger][INFO] - Val memory allocated: 33.80 MB
2026-06-14 14:37:50 - finetune_logger - INFO - Logged epoch 10 info to /public/home/202411094934/python_project/Spatio-Temporal-Library/time-series/2026-06-13/crossformer/pretrain10_finetune10/electricity/time-series/seed_2/training_log.json
[2026-06-14 14:37:50,026][finetune_logger][INFO] - Logged epoch 10 info to /public/home/202411094934/python_project/Spatio-Temporal-Library/time-series/2026-06-13/crossformer/pretrain10_finetune10/electricity/time-series/seed_2/training_log.json
2026-06-14 14:39:54 - finetune_logger - INFO - Test metrics: {'MAE': 227.71452052392684, 'RMSE': 2137.5149388268355}
[2026-06-14 14:39:54,871][finetune_logger][INFO] - Test metrics: {'MAE': 227.71452052392684, 'RMSE': 2137.5149388268355}
2026-06-14 14:39:54 - finetune_logger - INFO - Test time: 124.74s
[2026-06-14 14:39:54,872][finetune_logger][INFO] - Test time: 124.74s
2026-06-14 14:39:54 - finetune_logger - INFO - Test memory reserved: 364.00 MB
[2026-06-14 14:39:54,872][finetune_logger][INFO] - Test memory reserved: 364.00 MB
2026-06-14 14:39:54 - finetune_logger - INFO - Test memory allocated: 33.80 MB
[2026-06-14 14:39:54,872][finetune_logger][INFO] - Test memory allocated: 33.80 MB
2026-06-14 14:39:54 - finetune_logger - INFO - Training completed. Best epoch: 9, Best val loss: 167.857002
[2026-06-14 14:39:54,872][finetune_logger][INFO] - Training completed. Best epoch: 9, Best val loss: 167.857002
2026-06-14 14:39:55 - finetune_logger - INFO - Loaded checkpoint from epoch 9
[2026-06-14 14:39:55,026][finetune_logger][INFO] - Loaded checkpoint from epoch 9
2026-06-14 14:39:55 - finetune_logger - INFO - Evaluating best model on test sets...
[2026-06-14 14:39:55,027][finetune_logger][INFO] - Evaluating best model on test sets...
2026-06-14 14:41:59 - finetune_logger - INFO - Test metrics: {'MAE': 229.20492875525954, 'RMSE': 2114.6965041787967}
[2026-06-14 14:41:59,594][finetune_logger][INFO] - Test metrics: {'MAE': 229.20492875525954, 'RMSE': 2114.6965041787967}
2026-06-14 14:41:59 - finetune_logger - INFO - Test time: 124.57s
[2026-06-14 14:41:59,594][finetune_logger][INFO] - Test time: 124.57s
2026-06-14 14:41:59 - finetune_logger - INFO - Test memory reserved: 364.00 MB
[2026-06-14 14:41:59,594][finetune_logger][INFO] - Test memory reserved: 364.00 MB
2026-06-14 14:41:59 - finetune_logger - INFO - Test memory allocated: 33.40 MB
[2026-06-14 14:41:59,594][finetune_logger][INFO] - Test memory allocated: 33.40 MB
2026-06-14 14:41:59 - finetune_logger - INFO - Logged epoch test info to /public/home/202411094934/python_project/Spatio-Temporal-Library/time-series/2026-06-13/crossformer/pretrain10_finetune10/electricity/time-series/seed_2/training_log.json
[2026-06-14 14:41:59,597][finetune_logger][INFO] - Logged epoch test info to /public/home/202411094934/python_project/Spatio-Temporal-Library/time-series/2026-06-13/crossformer/pretrain10_finetune10/electricity/time-series/seed_2/training_log.json
