2026-07-04 07:02:37 - finetune_logger - INFO - Loaded pretrained checkpoint from: /public/home/202411094934/python_project/Spatio-Temporal-Library/time-series/2026-07-03/fedformer/pretrain10/weather/time-series/seed_1/jepa_pretrain_epoch_10.pth
Missing keys: []
Unexpected keys: []
[2026-07-04 07:02:37,338][finetune_logger][INFO] - Loaded pretrained checkpoint from: /public/home/202411094934/python_project/Spatio-Temporal-Library/time-series/2026-07-03/fedformer/pretrain10/weather/time-series/seed_1/jepa_pretrain_epoch_10.pth
Missing keys: []
Unexpected keys: []
2026-07-04 07:02:37 - finetune_logger - INFO - Model parameters: 396,757
[2026-07-04 07:02:37,342][finetune_logger][INFO] - Model parameters: 396,757
2026-07-04 07:02:37 - finetune_logger - INFO - Created new log file at /public/home/202411094934/python_project/Spatio-Temporal-Library/time-series/2026-07-03/fedformer/pretrain10_finetune10/weather/time-series/seed_1/training_log.json
[2026-07-04 07:02:37,344][finetune_logger][INFO] - Created new log file at /public/home/202411094934/python_project/Spatio-Temporal-Library/time-series/2026-07-03/fedformer/pretrain10_finetune10/weather/time-series/seed_1/training_log.json
2026-07-04 07:02:37 - finetune_logger - INFO - Starting training...
[2026-07-04 07:02:37,345][finetune_logger][INFO] - Starting training...
2026-07-04 07:02:37 - finetune_logger - INFO - Epoch 1/10
[2026-07-04 07:02:37,345][finetune_logger][INFO] - Epoch 1/10
2026-07-04 11:01:04 - finetune_logger - INFO - Train loss: 33.87875415981238
[2026-07-04 11:01:04,583][finetune_logger][INFO] - Train loss: 33.87875415981238
2026-07-04 11:01:04 - finetune_logger - INFO - Train time: 14307.236854791641s
[2026-07-04 11:01:04,584][finetune_logger][INFO] - Train time: 14307.236854791641s
2026-07-04 11:01:04 - finetune_logger - INFO - Train memory reserved: 66.00 MB
[2026-07-04 11:01:04,584][finetune_logger][INFO] - Train memory reserved: 66.00 MB
2026-07-04 11:01:04 - finetune_logger - INFO - Train memory allocated: 22.94 MB
[2026-07-04 11:01:04,584][finetune_logger][INFO] - Train memory allocated: 22.94 MB
2026-07-04 11:01:04 - finetune_logger - INFO - Current learning rate: 0.0005
[2026-07-04 11:01:04,584][finetune_logger][INFO] - Current learning rate: 0.0005
2026-07-04 11:08:57 - finetune_logger - INFO - Validation metrics: {'MAE': 23.709215537932092, 'RMSE': 69.45168834080631}
[2026-07-04 11:08:57,710][finetune_logger][INFO] - Validation metrics: {'MAE': 23.709215537932092, 'RMSE': 69.45168834080631}
2026-07-04 11:08:57 - finetune_logger - INFO - Val time: 473.13s
[2026-07-04 11:08:57,710][finetune_logger][INFO] - Val time: 473.13s
2026-07-04 11:08:57 - finetune_logger - INFO - Val memory reserved: 66.00 MB
[2026-07-04 11:08:57,711][finetune_logger][INFO] - Val memory reserved: 66.00 MB
2026-07-04 11:08:57 - finetune_logger - INFO - Val memory allocated: 22.94 MB
[2026-07-04 11:08:57,711][finetune_logger][INFO] - Val memory allocated: 22.94 MB
2026-07-04 11:08:57 - finetune_logger - INFO - Logged epoch 1 info to /public/home/202411094934/python_project/Spatio-Temporal-Library/time-series/2026-07-03/fedformer/pretrain10_finetune10/weather/time-series/seed_1/training_log.json
[2026-07-04 11:08:57,718][finetune_logger][INFO] - Logged epoch 1 info to /public/home/202411094934/python_project/Spatio-Temporal-Library/time-series/2026-07-03/fedformer/pretrain10_finetune10/weather/time-series/seed_1/training_log.json
2026-07-04 11:08:57 - finetune_logger - INFO - New best model! Val loss: 23.709216
[2026-07-04 11:08:57,718][finetune_logger][INFO] - New best model! Val loss: 23.709216
2026-07-04 11:25:11 - finetune_logger - INFO - Test metrics: {'MAE': 17.566450558348482, 'RMSE': 48.53316580179402}
[2026-07-04 11:25:11,241][finetune_logger][INFO] - Test metrics: {'MAE': 17.566450558348482, 'RMSE': 48.53316580179402}
2026-07-04 11:25:11 - finetune_logger - INFO - Test time: 973.47s
[2026-07-04 11:25:11,241][finetune_logger][INFO] - Test time: 973.47s
2026-07-04 11:25:11 - finetune_logger - INFO - Test memory reserved: 66.00 MB
[2026-07-04 11:25:11,242][finetune_logger][INFO] - Test memory reserved: 66.00 MB
2026-07-04 11:25:11 - finetune_logger - INFO - Test memory allocated: 22.94 MB
[2026-07-04 11:25:11,242][finetune_logger][INFO] - Test memory allocated: 22.94 MB
2026-07-04 11:25:11 - finetune_logger - INFO - Epoch 2/10
[2026-07-04 11:25:11,242][finetune_logger][INFO] - Epoch 2/10
2026-07-04 15:28:03 - finetune_logger - INFO - Train loss: 29.619645830272276
[2026-07-04 15:28:03,158][finetune_logger][INFO] - Train loss: 29.619645830272276
2026-07-04 15:28:03 - finetune_logger - INFO - Train time: 14571.915083408356s
[2026-07-04 15:28:03,159][finetune_logger][INFO] - Train time: 14571.915083408356s
2026-07-04 15:28:03 - finetune_logger - INFO - Train memory reserved: 66.00 MB
[2026-07-04 15:28:03,159][finetune_logger][INFO] - Train memory reserved: 66.00 MB
2026-07-04 15:28:03 - finetune_logger - INFO - Train memory allocated: 22.94 MB
[2026-07-04 15:28:03,159][finetune_logger][INFO] - Train memory allocated: 22.94 MB
2026-07-04 15:28:03 - finetune_logger - INFO - Current learning rate: 0.0005
[2026-07-04 15:28:03,159][finetune_logger][INFO] - Current learning rate: 0.0005
2026-07-04 15:35:50 - finetune_logger - INFO - Validation metrics: {'MAE': 23.3236172198297, 'RMSE': 68.41018871943375}
[2026-07-04 15:35:50,212][finetune_logger][INFO] - Validation metrics: {'MAE': 23.3236172198297, 'RMSE': 68.41018871943375}
2026-07-04 15:35:50 - finetune_logger - INFO - Val time: 467.05s
[2026-07-04 15:35:50,212][finetune_logger][INFO] - Val time: 467.05s
2026-07-04 15:35:50 - finetune_logger - INFO - Val memory reserved: 66.00 MB
[2026-07-04 15:35:50,213][finetune_logger][INFO] - Val memory reserved: 66.00 MB
2026-07-04 15:35:50 - finetune_logger - INFO - Val memory allocated: 22.94 MB
[2026-07-04 15:35:50,213][finetune_logger][INFO] - Val memory allocated: 22.94 MB
2026-07-04 15:35:50 - finetune_logger - INFO - Logged epoch 2 info to /public/home/202411094934/python_project/Spatio-Temporal-Library/time-series/2026-07-03/fedformer/pretrain10_finetune10/weather/time-series/seed_1/training_log.json
[2026-07-04 15:35:50,217][finetune_logger][INFO] - Logged epoch 2 info to /public/home/202411094934/python_project/Spatio-Temporal-Library/time-series/2026-07-03/fedformer/pretrain10_finetune10/weather/time-series/seed_1/training_log.json
2026-07-04 15:35:50 - finetune_logger - INFO - New best model! Val loss: 23.323617
[2026-07-04 15:35:50,217][finetune_logger][INFO] - New best model! Val loss: 23.323617
2026-07-04 15:52:01 - finetune_logger - INFO - Test metrics: {'MAE': 16.593558880931653, 'RMSE': 46.79419892217905}
[2026-07-04 15:52:01,128][finetune_logger][INFO] - Test metrics: {'MAE': 16.593558880931653, 'RMSE': 46.79419892217905}
2026-07-04 15:52:01 - finetune_logger - INFO - Test time: 970.86s
[2026-07-04 15:52:01,129][finetune_logger][INFO] - Test time: 970.86s
2026-07-04 15:52:01 - finetune_logger - INFO - Test memory reserved: 66.00 MB
[2026-07-04 15:52:01,129][finetune_logger][INFO] - Test memory reserved: 66.00 MB
2026-07-04 15:52:01 - finetune_logger - INFO - Test memory allocated: 22.94 MB
[2026-07-04 15:52:01,129][finetune_logger][INFO] - Test memory allocated: 22.94 MB
2026-07-04 15:52:01 - finetune_logger - INFO - Epoch 3/10
[2026-07-04 15:52:01,129][finetune_logger][INFO] - Epoch 3/10
2026-07-04 19:54:47 - finetune_logger - INFO - Train loss: 28.899667818685636
[2026-07-04 19:54:47,375][finetune_logger][INFO] - Train loss: 28.899667818685636
2026-07-04 19:54:47 - finetune_logger - INFO - Train time: 14566.245146751404s
[2026-07-04 19:54:47,375][finetune_logger][INFO] - Train time: 14566.245146751404s
2026-07-04 19:54:47 - finetune_logger - INFO - Train memory reserved: 66.00 MB
[2026-07-04 19:54:47,375][finetune_logger][INFO] - Train memory reserved: 66.00 MB
2026-07-04 19:54:47 - finetune_logger - INFO - Train memory allocated: 22.94 MB
[2026-07-04 19:54:47,376][finetune_logger][INFO] - Train memory allocated: 22.94 MB
2026-07-04 19:54:47 - finetune_logger - INFO - Current learning rate: 0.0005
[2026-07-04 19:54:47,376][finetune_logger][INFO] - Current learning rate: 0.0005
2026-07-04 20:02:39 - finetune_logger - INFO - Validation metrics: {'MAE': 23.569677063607607, 'RMSE': 68.94545910298544}
[2026-07-04 20:02:39,741][finetune_logger][INFO] - Validation metrics: {'MAE': 23.569677063607607, 'RMSE': 68.94545910298544}
2026-07-04 20:02:39 - finetune_logger - INFO - Val time: 472.36s
[2026-07-04 20:02:39,741][finetune_logger][INFO] - Val time: 472.36s
2026-07-04 20:02:39 - finetune_logger - INFO - Val memory reserved: 66.00 MB
[2026-07-04 20:02:39,741][finetune_logger][INFO] - Val memory reserved: 66.00 MB
2026-07-04 20:02:39 - finetune_logger - INFO - Val memory allocated: 22.94 MB
[2026-07-04 20:02:39,741][finetune_logger][INFO] - Val memory allocated: 22.94 MB
2026-07-04 20:02:39 - finetune_logger - INFO - Logged epoch 3 info to /public/home/202411094934/python_project/Spatio-Temporal-Library/time-series/2026-07-03/fedformer/pretrain10_finetune10/weather/time-series/seed_1/training_log.json
[2026-07-04 20:02:39,746][finetune_logger][INFO] - Logged epoch 3 info to /public/home/202411094934/python_project/Spatio-Temporal-Library/time-series/2026-07-03/fedformer/pretrain10_finetune10/weather/time-series/seed_1/training_log.json
2026-07-04 20:18:50 - finetune_logger - INFO - Test metrics: {'MAE': 16.74133501623103, 'RMSE': 46.94303506861386}
[2026-07-04 20:18:50,515][finetune_logger][INFO] - Test metrics: {'MAE': 16.74133501623103, 'RMSE': 46.94303506861386}
2026-07-04 20:18:50 - finetune_logger - INFO - Test time: 970.77s
[2026-07-04 20:18:50,516][finetune_logger][INFO] - Test time: 970.77s
2026-07-04 20:18:50 - finetune_logger - INFO - Test memory reserved: 66.00 MB
[2026-07-04 20:18:50,516][finetune_logger][INFO] - Test memory reserved: 66.00 MB
2026-07-04 20:18:50 - finetune_logger - INFO - Test memory allocated: 22.94 MB
[2026-07-04 20:18:50,516][finetune_logger][INFO] - Test memory allocated: 22.94 MB
2026-07-04 20:18:50 - finetune_logger - INFO - Epoch 4/10
[2026-07-04 20:18:50,516][finetune_logger][INFO] - Epoch 4/10
