2026-06-14 14:20:42 - finetune_logger - INFO - Loaded pretrained checkpoint from: /public/home/202411094934/python_project/Spatio-Temporal-Library/time-series/2026-06-13/crossformer/pretrain10/ettm1/time-series/seed_2/jepa_pretrain_epoch_10.pth
Missing keys: []
Unexpected keys: []
[2026-06-14 14:20:42,527][finetune_logger][INFO] - Loaded pretrained checkpoint from: /public/home/202411094934/python_project/Spatio-Temporal-Library/time-series/2026-06-13/crossformer/pretrain10/ettm1/time-series/seed_2/jepa_pretrain_epoch_10.pth
Missing keys: []
Unexpected keys: []
2026-06-14 14:20:42 - finetune_logger - INFO - Model parameters: 824,672
[2026-06-14 14:20:42,537][finetune_logger][INFO] - Model parameters: 824,672
2026-06-14 14:20:42 - finetune_logger - INFO - Created new log file at /public/home/202411094934/python_project/Spatio-Temporal-Library/time-series/2026-06-13/crossformer/pretrain10_finetune10/ettm1/time-series/seed_2/training_log.json
[2026-06-14 14:20:42,541][finetune_logger][INFO] - Created new log file at /public/home/202411094934/python_project/Spatio-Temporal-Library/time-series/2026-06-13/crossformer/pretrain10_finetune10/ettm1/time-series/seed_2/training_log.json
2026-06-14 14:20:42 - finetune_logger - INFO - Starting training...
[2026-06-14 14:20:42,541][finetune_logger][INFO] - Starting training...
2026-06-14 14:20:42 - finetune_logger - INFO - Epoch 1/10
[2026-06-14 14:20:42,541][finetune_logger][INFO] - Epoch 1/10
2026-06-14 14:56:57 - finetune_logger - INFO - Train loss: 1.3200543271880112
[2026-06-14 14:56:57,141][finetune_logger][INFO] - Train loss: 1.3200543271880112
2026-06-14 14:56:57 - finetune_logger - INFO - Train time: 2174.5988941192627s
[2026-06-14 14:56:57,141][finetune_logger][INFO] - Train time: 2174.5988941192627s
2026-06-14 14:56:57 - finetune_logger - INFO - Train memory reserved: 42.00 MB
[2026-06-14 14:56:57,141][finetune_logger][INFO] - Train memory reserved: 42.00 MB
2026-06-14 14:56:57 - finetune_logger - INFO - Train memory allocated: 25.85 MB
[2026-06-14 14:56:57,141][finetune_logger][INFO] - Train memory allocated: 25.85 MB
2026-06-14 14:56:57 - finetune_logger - INFO - Current learning rate: 0.0005
[2026-06-14 14:56:57,142][finetune_logger][INFO] - Current learning rate: 0.0005
2026-06-14 15:00:39 - finetune_logger - INFO - Validation metrics: {'MAE': 1.4731479629801416, 'RMSE': 2.439588492412971}
[2026-06-14 15:00:39,708][finetune_logger][INFO] - Validation metrics: {'MAE': 1.4731479629801416, 'RMSE': 2.439588492412971}
2026-06-14 15:00:39 - finetune_logger - INFO - Val time: 222.57s
[2026-06-14 15:00:39,709][finetune_logger][INFO] - Val time: 222.57s
2026-06-14 15:00:39 - finetune_logger - INFO - Val memory reserved: 42.00 MB
[2026-06-14 15:00:39,709][finetune_logger][INFO] - Val memory reserved: 42.00 MB
2026-06-14 15:00:39 - finetune_logger - INFO - Val memory allocated: 25.85 MB
[2026-06-14 15:00:39,709][finetune_logger][INFO] - Val memory allocated: 25.85 MB
2026-06-14 15:00:39 - finetune_logger - INFO - Logged epoch 1 info to /public/home/202411094934/python_project/Spatio-Temporal-Library/time-series/2026-06-13/crossformer/pretrain10_finetune10/ettm1/time-series/seed_2/training_log.json
[2026-06-14 15:00:39,713][finetune_logger][INFO] - Logged epoch 1 info to /public/home/202411094934/python_project/Spatio-Temporal-Library/time-series/2026-06-13/crossformer/pretrain10_finetune10/ettm1/time-series/seed_2/training_log.json
2026-06-14 15:00:39 - finetune_logger - INFO - New best model! Val loss: 1.473148
[2026-06-14 15:00:39,713][finetune_logger][INFO] - New best model! Val loss: 1.473148
2026-06-14 15:04:22 - finetune_logger - INFO - Test metrics: {'MAE': 1.2944294893312878, 'RMSE': 2.437506837650122}
[2026-06-14 15:04:22,361][finetune_logger][INFO] - Test metrics: {'MAE': 1.2944294893312878, 'RMSE': 2.437506837650122}
2026-06-14 15:04:22 - finetune_logger - INFO - Test time: 222.45s
[2026-06-14 15:04:22,361][finetune_logger][INFO] - Test time: 222.45s
2026-06-14 15:04:22 - finetune_logger - INFO - Test memory reserved: 42.00 MB
[2026-06-14 15:04:22,361][finetune_logger][INFO] - Test memory reserved: 42.00 MB
2026-06-14 15:04:22 - finetune_logger - INFO - Test memory allocated: 25.85 MB
[2026-06-14 15:04:22,361][finetune_logger][INFO] - Test memory allocated: 25.85 MB
2026-06-14 15:04:22 - finetune_logger - INFO - Epoch 2/10
[2026-06-14 15:04:22,361][finetune_logger][INFO] - Epoch 2/10
2026-06-14 15:40:51 - finetune_logger - INFO - Train loss: 1.180767076185044
[2026-06-14 15:40:51,555][finetune_logger][INFO] - Train loss: 1.180767076185044
2026-06-14 15:40:51 - finetune_logger - INFO - Train time: 2189.192851305008s
[2026-06-14 15:40:51,555][finetune_logger][INFO] - Train time: 2189.192851305008s
2026-06-14 15:40:51 - finetune_logger - INFO - Train memory reserved: 42.00 MB
[2026-06-14 15:40:51,555][finetune_logger][INFO] - Train memory reserved: 42.00 MB
2026-06-14 15:40:51 - finetune_logger - INFO - Train memory allocated: 25.85 MB
[2026-06-14 15:40:51,555][finetune_logger][INFO] - Train memory allocated: 25.85 MB
2026-06-14 15:40:51 - finetune_logger - INFO - Current learning rate: 0.0005
[2026-06-14 15:40:51,556][finetune_logger][INFO] - Current learning rate: 0.0005
2026-06-14 15:44:34 - finetune_logger - INFO - Validation metrics: {'MAE': 1.4262033291144514, 'RMSE': 2.3687373544976085}
[2026-06-14 15:44:34,527][finetune_logger][INFO] - Validation metrics: {'MAE': 1.4262033291144514, 'RMSE': 2.3687373544976085}
2026-06-14 15:44:34 - finetune_logger - INFO - Val time: 222.97s
[2026-06-14 15:44:34,527][finetune_logger][INFO] - Val time: 222.97s
2026-06-14 15:44:34 - finetune_logger - INFO - Val memory reserved: 42.00 MB
[2026-06-14 15:44:34,527][finetune_logger][INFO] - Val memory reserved: 42.00 MB
2026-06-14 15:44:34 - finetune_logger - INFO - Val memory allocated: 25.85 MB
[2026-06-14 15:44:34,527][finetune_logger][INFO] - Val memory allocated: 25.85 MB
2026-06-14 15:44:34 - finetune_logger - INFO - Logged epoch 2 info to /public/home/202411094934/python_project/Spatio-Temporal-Library/time-series/2026-06-13/crossformer/pretrain10_finetune10/ettm1/time-series/seed_2/training_log.json
[2026-06-14 15:44:34,531][finetune_logger][INFO] - Logged epoch 2 info to /public/home/202411094934/python_project/Spatio-Temporal-Library/time-series/2026-06-13/crossformer/pretrain10_finetune10/ettm1/time-series/seed_2/training_log.json
2026-06-14 15:44:34 - finetune_logger - INFO - New best model! Val loss: 1.426203
[2026-06-14 15:44:34,531][finetune_logger][INFO] - New best model! Val loss: 1.426203
2026-06-14 15:48:17 - finetune_logger - INFO - Test metrics: {'MAE': 1.2797465212229786, 'RMSE': 2.400353558874134}
[2026-06-14 15:48:17,555][finetune_logger][INFO] - Test metrics: {'MAE': 1.2797465212229786, 'RMSE': 2.400353558874134}
2026-06-14 15:48:17 - finetune_logger - INFO - Test time: 222.82s
[2026-06-14 15:48:17,555][finetune_logger][INFO] - Test time: 222.82s
2026-06-14 15:48:17 - finetune_logger - INFO - Test memory reserved: 42.00 MB
[2026-06-14 15:48:17,555][finetune_logger][INFO] - Test memory reserved: 42.00 MB
2026-06-14 15:48:17 - finetune_logger - INFO - Test memory allocated: 25.85 MB
[2026-06-14 15:48:17,555][finetune_logger][INFO] - Test memory allocated: 25.85 MB
2026-06-14 15:48:17 - finetune_logger - INFO - Epoch 3/10
[2026-06-14 15:48:17,556][finetune_logger][INFO] - Epoch 3/10
2026-06-14 16:24:45 - finetune_logger - INFO - Train loss: 1.135353904575071
[2026-06-14 16:24:45,481][finetune_logger][INFO] - Train loss: 1.135353904575071
2026-06-14 16:24:45 - finetune_logger - INFO - Train time: 2187.9249017238617s
[2026-06-14 16:24:45,482][finetune_logger][INFO] - Train time: 2187.9249017238617s
2026-06-14 16:24:45 - finetune_logger - INFO - Train memory reserved: 42.00 MB
[2026-06-14 16:24:45,482][finetune_logger][INFO] - Train memory reserved: 42.00 MB
2026-06-14 16:24:45 - finetune_logger - INFO - Train memory allocated: 25.85 MB
[2026-06-14 16:24:45,482][finetune_logger][INFO] - Train memory allocated: 25.85 MB
2026-06-14 16:24:45 - finetune_logger - INFO - Current learning rate: 0.0005
[2026-06-14 16:24:45,482][finetune_logger][INFO] - Current learning rate: 0.0005
2026-06-14 16:28:27 - finetune_logger - INFO - Validation metrics: {'MAE': 1.4131872669887509, 'RMSE': 2.3519666714240666}
[2026-06-14 16:28:27,828][finetune_logger][INFO] - Validation metrics: {'MAE': 1.4131872669887509, 'RMSE': 2.3519666714240666}
2026-06-14 16:28:27 - finetune_logger - INFO - Val time: 222.35s
[2026-06-14 16:28:27,829][finetune_logger][INFO] - Val time: 222.35s
2026-06-14 16:28:27 - finetune_logger - INFO - Val memory reserved: 42.00 MB
[2026-06-14 16:28:27,829][finetune_logger][INFO] - Val memory reserved: 42.00 MB
2026-06-14 16:28:27 - finetune_logger - INFO - Val memory allocated: 25.85 MB
[2026-06-14 16:28:27,829][finetune_logger][INFO] - Val memory allocated: 25.85 MB
2026-06-14 16:28:27 - finetune_logger - INFO - Logged epoch 3 info to /public/home/202411094934/python_project/Spatio-Temporal-Library/time-series/2026-06-13/crossformer/pretrain10_finetune10/ettm1/time-series/seed_2/training_log.json
[2026-06-14 16:28:27,832][finetune_logger][INFO] - Logged epoch 3 info to /public/home/202411094934/python_project/Spatio-Temporal-Library/time-series/2026-06-13/crossformer/pretrain10_finetune10/ettm1/time-series/seed_2/training_log.json
2026-06-14 16:28:27 - finetune_logger - INFO - New best model! Val loss: 1.413187
[2026-06-14 16:28:27,832][finetune_logger][INFO] - New best model! Val loss: 1.413187
2026-06-14 16:32:10 - finetune_logger - INFO - Test metrics: {'MAE': 1.2629333113914967, 'RMSE': 2.3886317196180133}
[2026-06-14 16:32:10,903][finetune_logger][INFO] - Test metrics: {'MAE': 1.2629333113914967, 'RMSE': 2.3886317196180133}
2026-06-14 16:32:10 - finetune_logger - INFO - Test time: 222.87s
[2026-06-14 16:32:10,903][finetune_logger][INFO] - Test time: 222.87s
2026-06-14 16:32:10 - finetune_logger - INFO - Test memory reserved: 42.00 MB
[2026-06-14 16:32:10,903][finetune_logger][INFO] - Test memory reserved: 42.00 MB
2026-06-14 16:32:10 - finetune_logger - INFO - Test memory allocated: 25.85 MB
[2026-06-14 16:32:10,903][finetune_logger][INFO] - Test memory allocated: 25.85 MB
2026-06-14 16:32:10 - finetune_logger - INFO - Epoch 4/10
[2026-06-14 16:32:10,903][finetune_logger][INFO] - Epoch 4/10
2026-06-14 17:08:39 - finetune_logger - INFO - Train loss: 1.0988196099765255
[2026-06-14 17:08:39,376][finetune_logger][INFO] - Train loss: 1.0988196099765255
2026-06-14 17:08:39 - finetune_logger - INFO - Train time: 2188.4715864658356s
[2026-06-14 17:08:39,376][finetune_logger][INFO] - Train time: 2188.4715864658356s
2026-06-14 17:08:39 - finetune_logger - INFO - Train memory reserved: 42.00 MB
[2026-06-14 17:08:39,376][finetune_logger][INFO] - Train memory reserved: 42.00 MB
2026-06-14 17:08:39 - finetune_logger - INFO - Train memory allocated: 25.85 MB
[2026-06-14 17:08:39,376][finetune_logger][INFO] - Train memory allocated: 25.85 MB
2026-06-14 17:08:39 - finetune_logger - INFO - Current learning rate: 0.0005
[2026-06-14 17:08:39,376][finetune_logger][INFO] - Current learning rate: 0.0005
2026-06-14 17:12:21 - finetune_logger - INFO - Validation metrics: {'MAE': 1.4372002220767455, 'RMSE': 2.3807484538937294}
[2026-06-14 17:12:21,527][finetune_logger][INFO] - Validation metrics: {'MAE': 1.4372002220767455, 'RMSE': 2.3807484538937294}
2026-06-14 17:12:21 - finetune_logger - INFO - Val time: 222.15s
[2026-06-14 17:12:21,527][finetune_logger][INFO] - Val time: 222.15s
2026-06-14 17:12:21 - finetune_logger - INFO - Val memory reserved: 42.00 MB
[2026-06-14 17:12:21,527][finetune_logger][INFO] - Val memory reserved: 42.00 MB
2026-06-14 17:12:21 - finetune_logger - INFO - Val memory allocated: 25.85 MB
[2026-06-14 17:12:21,528][finetune_logger][INFO] - Val memory allocated: 25.85 MB
2026-06-14 17:12:21 - finetune_logger - INFO - Logged epoch 4 info to /public/home/202411094934/python_project/Spatio-Temporal-Library/time-series/2026-06-13/crossformer/pretrain10_finetune10/ettm1/time-series/seed_2/training_log.json
[2026-06-14 17:12:21,531][finetune_logger][INFO] - Logged epoch 4 info to /public/home/202411094934/python_project/Spatio-Temporal-Library/time-series/2026-06-13/crossformer/pretrain10_finetune10/ettm1/time-series/seed_2/training_log.json
2026-06-14 17:16:03 - finetune_logger - INFO - Test metrics: {'MAE': 1.31218010484775, 'RMSE': 2.470105418834044}
[2026-06-14 17:16:03,801][finetune_logger][INFO] - Test metrics: {'MAE': 1.31218010484775, 'RMSE': 2.470105418834044}
2026-06-14 17:16:03 - finetune_logger - INFO - Test time: 222.27s
[2026-06-14 17:16:03,801][finetune_logger][INFO] - Test time: 222.27s
2026-06-14 17:16:03 - finetune_logger - INFO - Test memory reserved: 42.00 MB
[2026-06-14 17:16:03,801][finetune_logger][INFO] - Test memory reserved: 42.00 MB
2026-06-14 17:16:03 - finetune_logger - INFO - Test memory allocated: 25.85 MB
[2026-06-14 17:16:03,802][finetune_logger][INFO] - Test memory allocated: 25.85 MB
2026-06-14 17:16:03 - finetune_logger - INFO - Epoch 5/10
[2026-06-14 17:16:03,802][finetune_logger][INFO] - Epoch 5/10
2026-06-14 17:52:27 - finetune_logger - INFO - Train loss: 1.0650687896220192
[2026-06-14 17:52:27,208][finetune_logger][INFO] - Train loss: 1.0650687896220192
2026-06-14 17:52:27 - finetune_logger - INFO - Train time: 2183.4051122665405s
[2026-06-14 17:52:27,208][finetune_logger][INFO] - Train time: 2183.4051122665405s
2026-06-14 17:52:27 - finetune_logger - INFO - Train memory reserved: 42.00 MB
[2026-06-14 17:52:27,208][finetune_logger][INFO] - Train memory reserved: 42.00 MB
2026-06-14 17:52:27 - finetune_logger - INFO - Train memory allocated: 25.85 MB
[2026-06-14 17:52:27,208][finetune_logger][INFO] - Train memory allocated: 25.85 MB
2026-06-14 17:52:27 - finetune_logger - INFO - Current learning rate: 0.0005
[2026-06-14 17:52:27,208][finetune_logger][INFO] - Current learning rate: 0.0005
2026-06-14 17:56:10 - finetune_logger - INFO - Validation metrics: {'MAE': 1.4460443432840098, 'RMSE': 2.3824900787087278}
[2026-06-14 17:56:10,041][finetune_logger][INFO] - Validation metrics: {'MAE': 1.4460443432840098, 'RMSE': 2.3824900787087278}
2026-06-14 17:56:10 - finetune_logger - INFO - Val time: 222.83s
[2026-06-14 17:56:10,041][finetune_logger][INFO] - Val time: 222.83s
2026-06-14 17:56:10 - finetune_logger - INFO - Val memory reserved: 42.00 MB
[2026-06-14 17:56:10,041][finetune_logger][INFO] - Val memory reserved: 42.00 MB
2026-06-14 17:56:10 - finetune_logger - INFO - Val memory allocated: 25.85 MB
[2026-06-14 17:56:10,041][finetune_logger][INFO] - Val memory allocated: 25.85 MB
2026-06-14 17:56:10 - finetune_logger - INFO - Logged epoch 5 info to /public/home/202411094934/python_project/Spatio-Temporal-Library/time-series/2026-06-13/crossformer/pretrain10_finetune10/ettm1/time-series/seed_2/training_log.json
[2026-06-14 17:56:10,045][finetune_logger][INFO] - Logged epoch 5 info to /public/home/202411094934/python_project/Spatio-Temporal-Library/time-series/2026-06-13/crossformer/pretrain10_finetune10/ettm1/time-series/seed_2/training_log.json
2026-06-14 17:59:52 - finetune_logger - INFO - Test metrics: {'MAE': 1.283331949063732, 'RMSE': 2.4035973153006416}
[2026-06-14 17:59:52,695][finetune_logger][INFO] - Test metrics: {'MAE': 1.283331949063732, 'RMSE': 2.4035973153006416}
2026-06-14 17:59:52 - finetune_logger - INFO - Test time: 222.65s
[2026-06-14 17:59:52,696][finetune_logger][INFO] - Test time: 222.65s
2026-06-14 17:59:52 - finetune_logger - INFO - Test memory reserved: 42.00 MB
[2026-06-14 17:59:52,696][finetune_logger][INFO] - Test memory reserved: 42.00 MB
2026-06-14 17:59:52 - finetune_logger - INFO - Test memory allocated: 25.85 MB
[2026-06-14 17:59:52,696][finetune_logger][INFO] - Test memory allocated: 25.85 MB
2026-06-14 17:59:52 - finetune_logger - INFO - Epoch 6/10
[2026-06-14 17:59:52,696][finetune_logger][INFO] - Epoch 6/10
2026-06-14 18:36:17 - finetune_logger - INFO - Train loss: 1.0261359288061367
[2026-06-14 18:36:17,693][finetune_logger][INFO] - Train loss: 1.0261359288061367
2026-06-14 18:36:17 - finetune_logger - INFO - Train time: 2184.996203660965s
[2026-06-14 18:36:17,693][finetune_logger][INFO] - Train time: 2184.996203660965s
2026-06-14 18:36:17 - finetune_logger - INFO - Train memory reserved: 42.00 MB
[2026-06-14 18:36:17,693][finetune_logger][INFO] - Train memory reserved: 42.00 MB
2026-06-14 18:36:17 - finetune_logger - INFO - Train memory allocated: 25.85 MB
[2026-06-14 18:36:17,694][finetune_logger][INFO] - Train memory allocated: 25.85 MB
2026-06-14 18:36:17 - finetune_logger - INFO - Current learning rate: 0.0005
[2026-06-14 18:36:17,694][finetune_logger][INFO] - Current learning rate: 0.0005
2026-06-14 18:40:00 - finetune_logger - INFO - Validation metrics: {'MAE': 1.5313220506343022, 'RMSE': 2.5489196005419923}
[2026-06-14 18:40:00,279][finetune_logger][INFO] - Validation metrics: {'MAE': 1.5313220506343022, 'RMSE': 2.5489196005419923}
2026-06-14 18:40:00 - finetune_logger - INFO - Val time: 222.58s
[2026-06-14 18:40:00,279][finetune_logger][INFO] - Val time: 222.58s
2026-06-14 18:40:00 - finetune_logger - INFO - Val memory reserved: 42.00 MB
[2026-06-14 18:40:00,279][finetune_logger][INFO] - Val memory reserved: 42.00 MB
2026-06-14 18:40:00 - finetune_logger - INFO - Val memory allocated: 25.85 MB
[2026-06-14 18:40:00,279][finetune_logger][INFO] - Val memory allocated: 25.85 MB
2026-06-14 18:40:00 - finetune_logger - INFO - Logged epoch 6 info to /public/home/202411094934/python_project/Spatio-Temporal-Library/time-series/2026-06-13/crossformer/pretrain10_finetune10/ettm1/time-series/seed_2/training_log.json
[2026-06-14 18:40:00,282][finetune_logger][INFO] - Logged epoch 6 info to /public/home/202411094934/python_project/Spatio-Temporal-Library/time-series/2026-06-13/crossformer/pretrain10_finetune10/ettm1/time-series/seed_2/training_log.json
2026-06-14 18:43:42 - finetune_logger - INFO - Test metrics: {'MAE': 1.425638876202584, 'RMSE': 2.6530731023812755}
[2026-06-14 18:43:42,773][finetune_logger][INFO] - Test metrics: {'MAE': 1.425638876202584, 'RMSE': 2.6530731023812755}
2026-06-14 18:43:42 - finetune_logger - INFO - Test time: 222.49s
[2026-06-14 18:43:42,773][finetune_logger][INFO] - Test time: 222.49s
2026-06-14 18:43:42 - finetune_logger - INFO - Test memory reserved: 42.00 MB
[2026-06-14 18:43:42,773][finetune_logger][INFO] - Test memory reserved: 42.00 MB
2026-06-14 18:43:42 - finetune_logger - INFO - Test memory allocated: 25.85 MB
[2026-06-14 18:43:42,773][finetune_logger][INFO] - Test memory allocated: 25.85 MB
2026-06-14 18:43:42 - finetune_logger - INFO - Epoch 7/10
[2026-06-14 18:43:42,774][finetune_logger][INFO] - Epoch 7/10
2026-06-14 19:20:09 - finetune_logger - INFO - Train loss: 0.9878885595457225
[2026-06-14 19:20:09,360][finetune_logger][INFO] - Train loss: 0.9878885595457225
2026-06-14 19:20:09 - finetune_logger - INFO - Train time: 2186.585307121277s
[2026-06-14 19:20:09,360][finetune_logger][INFO] - Train time: 2186.585307121277s
2026-06-14 19:20:09 - finetune_logger - INFO - Train memory reserved: 42.00 MB
[2026-06-14 19:20:09,360][finetune_logger][INFO] - Train memory reserved: 42.00 MB
2026-06-14 19:20:09 - finetune_logger - INFO - Train memory allocated: 25.85 MB
[2026-06-14 19:20:09,360][finetune_logger][INFO] - Train memory allocated: 25.85 MB
2026-06-14 19:20:09 - finetune_logger - INFO - Current learning rate: 0.0005
[2026-06-14 19:20:09,360][finetune_logger][INFO] - Current learning rate: 0.0005
2026-06-14 19:23:51 - finetune_logger - INFO - Validation metrics: {'MAE': 1.4992240474745888, 'RMSE': 2.5239595943168283}
[2026-06-14 19:23:51,672][finetune_logger][INFO] - Validation metrics: {'MAE': 1.4992240474745888, 'RMSE': 2.5239595943168283}
2026-06-14 19:23:51 - finetune_logger - INFO - Val time: 222.31s
[2026-06-14 19:23:51,672][finetune_logger][INFO] - Val time: 222.31s
2026-06-14 19:23:51 - finetune_logger - INFO - Val memory reserved: 42.00 MB
[2026-06-14 19:23:51,672][finetune_logger][INFO] - Val memory reserved: 42.00 MB
2026-06-14 19:23:51 - finetune_logger - INFO - Val memory allocated: 25.85 MB
[2026-06-14 19:23:51,672][finetune_logger][INFO] - Val memory allocated: 25.85 MB
2026-06-14 19:23:51 - finetune_logger - INFO - Logged epoch 7 info to /public/home/202411094934/python_project/Spatio-Temporal-Library/time-series/2026-06-13/crossformer/pretrain10_finetune10/ettm1/time-series/seed_2/training_log.json
[2026-06-14 19:23:51,676][finetune_logger][INFO] - Logged epoch 7 info to /public/home/202411094934/python_project/Spatio-Temporal-Library/time-series/2026-06-13/crossformer/pretrain10_finetune10/ettm1/time-series/seed_2/training_log.json
2026-06-14 19:27:34 - finetune_logger - INFO - Test metrics: {'MAE': 1.386226796971604, 'RMSE': 2.67544074807758}
[2026-06-14 19:27:34,384][finetune_logger][INFO] - Test metrics: {'MAE': 1.386226796971604, 'RMSE': 2.67544074807758}
2026-06-14 19:27:34 - finetune_logger - INFO - Test time: 222.71s
[2026-06-14 19:27:34,384][finetune_logger][INFO] - Test time: 222.71s
2026-06-14 19:27:34 - finetune_logger - INFO - Test memory reserved: 42.00 MB
[2026-06-14 19:27:34,384][finetune_logger][INFO] - Test memory reserved: 42.00 MB
2026-06-14 19:27:34 - finetune_logger - INFO - Test memory allocated: 25.85 MB
[2026-06-14 19:27:34,384][finetune_logger][INFO] - Test memory allocated: 25.85 MB
2026-06-14 19:27:34 - finetune_logger - INFO - Epoch 8/10
[2026-06-14 19:27:34,384][finetune_logger][INFO] - Epoch 8/10
2026-06-14 20:03:55 - finetune_logger - INFO - Train loss: 0.9483874945003943
[2026-06-14 20:03:55,953][finetune_logger][INFO] - Train loss: 0.9483874945003943
2026-06-14 20:03:55 - finetune_logger - INFO - Train time: 2181.568435907364s
[2026-06-14 20:03:55,954][finetune_logger][INFO] - Train time: 2181.568435907364s
2026-06-14 20:03:55 - finetune_logger - INFO - Train memory reserved: 42.00 MB
[2026-06-14 20:03:55,954][finetune_logger][INFO] - Train memory reserved: 42.00 MB
2026-06-14 20:03:55 - finetune_logger - INFO - Train memory allocated: 25.85 MB
[2026-06-14 20:03:55,954][finetune_logger][INFO] - Train memory allocated: 25.85 MB
2026-06-14 20:03:55 - finetune_logger - INFO - Current learning rate: 0.0005
[2026-06-14 20:03:55,954][finetune_logger][INFO] - Current learning rate: 0.0005
2026-06-14 20:07:38 - finetune_logger - INFO - Validation metrics: {'MAE': 1.5361863272220893, 'RMSE': 2.610649959669633}
[2026-06-14 20:07:38,386][finetune_logger][INFO] - Validation metrics: {'MAE': 1.5361863272220893, 'RMSE': 2.610649959669633}
2026-06-14 20:07:38 - finetune_logger - INFO - Val time: 222.43s
[2026-06-14 20:07:38,386][finetune_logger][INFO] - Val time: 222.43s
2026-06-14 20:07:38 - finetune_logger - INFO - Val memory reserved: 42.00 MB
[2026-06-14 20:07:38,386][finetune_logger][INFO] - Val memory reserved: 42.00 MB
2026-06-14 20:07:38 - finetune_logger - INFO - Val memory allocated: 25.85 MB
[2026-06-14 20:07:38,386][finetune_logger][INFO] - Val memory allocated: 25.85 MB
2026-06-14 20:07:38 - finetune_logger - INFO - Logged epoch 8 info to /public/home/202411094934/python_project/Spatio-Temporal-Library/time-series/2026-06-13/crossformer/pretrain10_finetune10/ettm1/time-series/seed_2/training_log.json
[2026-06-14 20:07:38,390][finetune_logger][INFO] - Logged epoch 8 info to /public/home/202411094934/python_project/Spatio-Temporal-Library/time-series/2026-06-13/crossformer/pretrain10_finetune10/ettm1/time-series/seed_2/training_log.json
2026-06-14 20:11:20 - finetune_logger - INFO - Test metrics: {'MAE': 1.3668835106236739, 'RMSE': 2.6215321439877797}
[2026-06-14 20:11:20,850][finetune_logger][INFO] - Test metrics: {'MAE': 1.3668835106236739, 'RMSE': 2.6215321439877797}
2026-06-14 20:11:20 - finetune_logger - INFO - Test time: 222.46s
[2026-06-14 20:11:20,851][finetune_logger][INFO] - Test time: 222.46s
2026-06-14 20:11:20 - finetune_logger - INFO - Test memory reserved: 42.00 MB
[2026-06-14 20:11:20,851][finetune_logger][INFO] - Test memory reserved: 42.00 MB
2026-06-14 20:11:20 - finetune_logger - INFO - Test memory allocated: 25.85 MB
[2026-06-14 20:11:20,851][finetune_logger][INFO] - Test memory allocated: 25.85 MB
2026-06-14 20:11:20 - finetune_logger - INFO - Epoch 9/10
[2026-06-14 20:11:20,851][finetune_logger][INFO] - Epoch 9/10
2026-06-14 20:47:43 - finetune_logger - INFO - Train loss: 0.9121125573038009
[2026-06-14 20:47:43,853][finetune_logger][INFO] - Train loss: 0.9121125573038009
2026-06-14 20:47:43 - finetune_logger - INFO - Train time: 2183.000972032547s
[2026-06-14 20:47:43,853][finetune_logger][INFO] - Train time: 2183.000972032547s
2026-06-14 20:47:43 - finetune_logger - INFO - Train memory reserved: 42.00 MB
[2026-06-14 20:47:43,853][finetune_logger][INFO] - Train memory reserved: 42.00 MB
2026-06-14 20:47:43 - finetune_logger - INFO - Train memory allocated: 25.85 MB
[2026-06-14 20:47:43,853][finetune_logger][INFO] - Train memory allocated: 25.85 MB
2026-06-14 20:47:43 - finetune_logger - INFO - Current learning rate: 0.0005
[2026-06-14 20:47:43,854][finetune_logger][INFO] - Current learning rate: 0.0005
2026-06-14 20:51:26 - finetune_logger - INFO - Validation metrics: {'MAE': 1.570304472055959, 'RMSE': 2.6706030544206243}
[2026-06-14 20:51:26,172][finetune_logger][INFO] - Validation metrics: {'MAE': 1.570304472055959, 'RMSE': 2.6706030544206243}
2026-06-14 20:51:26 - finetune_logger - INFO - Val time: 222.32s
[2026-06-14 20:51:26,172][finetune_logger][INFO] - Val time: 222.32s
2026-06-14 20:51:26 - finetune_logger - INFO - Val memory reserved: 42.00 MB
[2026-06-14 20:51:26,172][finetune_logger][INFO] - Val memory reserved: 42.00 MB
2026-06-14 20:51:26 - finetune_logger - INFO - Val memory allocated: 25.85 MB
[2026-06-14 20:51:26,172][finetune_logger][INFO] - Val memory allocated: 25.85 MB
2026-06-14 20:51:26 - finetune_logger - INFO - Logged epoch 9 info to /public/home/202411094934/python_project/Spatio-Temporal-Library/time-series/2026-06-13/crossformer/pretrain10_finetune10/ettm1/time-series/seed_2/training_log.json
[2026-06-14 20:51:26,176][finetune_logger][INFO] - Logged epoch 9 info to /public/home/202411094934/python_project/Spatio-Temporal-Library/time-series/2026-06-13/crossformer/pretrain10_finetune10/ettm1/time-series/seed_2/training_log.json
2026-06-14 20:55:08 - finetune_logger - INFO - Test metrics: {'MAE': 1.3632744102783934, 'RMSE': 2.5850755367234575}
[2026-06-14 20:55:08,958][finetune_logger][INFO] - Test metrics: {'MAE': 1.3632744102783934, 'RMSE': 2.5850755367234575}
2026-06-14 20:55:08 - finetune_logger - INFO - Test time: 222.78s
[2026-06-14 20:55:08,959][finetune_logger][INFO] - Test time: 222.78s
2026-06-14 20:55:08 - finetune_logger - INFO - Test memory reserved: 42.00 MB
[2026-06-14 20:55:08,959][finetune_logger][INFO] - Test memory reserved: 42.00 MB
2026-06-14 20:55:08 - finetune_logger - INFO - Test memory allocated: 25.85 MB
[2026-06-14 20:55:08,959][finetune_logger][INFO] - Test memory allocated: 25.85 MB
2026-06-14 20:55:08 - finetune_logger - INFO - Epoch 10/10
[2026-06-14 20:55:08,959][finetune_logger][INFO] - Epoch 10/10
2026-06-14 21:31:32 - finetune_logger - INFO - Train loss: 0.8778616394033645
[2026-06-14 21:31:32,464][finetune_logger][INFO] - Train loss: 0.8778616394033645
2026-06-14 21:31:32 - finetune_logger - INFO - Train time: 2183.503957748413s
[2026-06-14 21:31:32,464][finetune_logger][INFO] - Train time: 2183.503957748413s
2026-06-14 21:31:32 - finetune_logger - INFO - Train memory reserved: 42.00 MB
[2026-06-14 21:31:32,464][finetune_logger][INFO] - Train memory reserved: 42.00 MB
2026-06-14 21:31:32 - finetune_logger - INFO - Train memory allocated: 25.85 MB
[2026-06-14 21:31:32,464][finetune_logger][INFO] - Train memory allocated: 25.85 MB
2026-06-14 21:31:32 - finetune_logger - INFO - Current learning rate: 0.0005
[2026-06-14 21:31:32,465][finetune_logger][INFO] - Current learning rate: 0.0005
2026-06-14 21:35:15 - finetune_logger - INFO - Validation metrics: {'MAE': 1.5345060449994665, 'RMSE': 2.5738503036846225}
[2026-06-14 21:35:15,305][finetune_logger][INFO] - Validation metrics: {'MAE': 1.5345060449994665, 'RMSE': 2.5738503036846225}
2026-06-14 21:35:15 - finetune_logger - INFO - Val time: 222.84s
[2026-06-14 21:35:15,305][finetune_logger][INFO] - Val time: 222.84s
2026-06-14 21:35:15 - finetune_logger - INFO - Val memory reserved: 42.00 MB
[2026-06-14 21:35:15,306][finetune_logger][INFO] - Val memory reserved: 42.00 MB
2026-06-14 21:35:15 - finetune_logger - INFO - Val memory allocated: 25.85 MB
[2026-06-14 21:35:15,306][finetune_logger][INFO] - Val memory allocated: 25.85 MB
2026-06-14 21:35:15 - finetune_logger - INFO - Logged epoch 10 info to /public/home/202411094934/python_project/Spatio-Temporal-Library/time-series/2026-06-13/crossformer/pretrain10_finetune10/ettm1/time-series/seed_2/training_log.json
[2026-06-14 21:35:15,309][finetune_logger][INFO] - Logged epoch 10 info to /public/home/202411094934/python_project/Spatio-Temporal-Library/time-series/2026-06-13/crossformer/pretrain10_finetune10/ettm1/time-series/seed_2/training_log.json
2026-06-14 21:38:58 - finetune_logger - INFO - Test metrics: {'MAE': 1.413448380894836, 'RMSE': 2.6610810042750135}
[2026-06-14 21:38:58,229][finetune_logger][INFO] - Test metrics: {'MAE': 1.413448380894836, 'RMSE': 2.6610810042750135}
2026-06-14 21:38:58 - finetune_logger - INFO - Test time: 222.82s
[2026-06-14 21:38:58,230][finetune_logger][INFO] - Test time: 222.82s
2026-06-14 21:38:58 - finetune_logger - INFO - Test memory reserved: 42.00 MB
[2026-06-14 21:38:58,230][finetune_logger][INFO] - Test memory reserved: 42.00 MB
2026-06-14 21:38:58 - finetune_logger - INFO - Test memory allocated: 25.85 MB
[2026-06-14 21:38:58,230][finetune_logger][INFO] - Test memory allocated: 25.85 MB
2026-06-14 21:38:58 - finetune_logger - INFO - Training completed. Best epoch: 3, Best val loss: 1.413187
[2026-06-14 21:38:58,230][finetune_logger][INFO] - Training completed. Best epoch: 3, Best val loss: 1.413187
2026-06-14 21:38:58 - finetune_logger - INFO - Loaded checkpoint from epoch 3
[2026-06-14 21:38:58,375][finetune_logger][INFO] - Loaded checkpoint from epoch 3
2026-06-14 21:38:58 - finetune_logger - INFO - Evaluating best model on test sets...
[2026-06-14 21:38:58,376][finetune_logger][INFO] - Evaluating best model on test sets...
2026-06-14 21:42:39 - finetune_logger - INFO - Test metrics: {'MAE': 1.2629333113914967, 'RMSE': 2.3886317196180133}
[2026-06-14 21:42:39,461][finetune_logger][INFO] - Test metrics: {'MAE': 1.2629333113914967, 'RMSE': 2.3886317196180133}
2026-06-14 21:42:39 - finetune_logger - INFO - Test time: 221.08s
[2026-06-14 21:42:39,462][finetune_logger][INFO] - Test time: 221.08s
2026-06-14 21:42:39 - finetune_logger - INFO - Test memory reserved: 42.00 MB
[2026-06-14 21:42:39,462][finetune_logger][INFO] - Test memory reserved: 42.00 MB
2026-06-14 21:42:39 - finetune_logger - INFO - Test memory allocated: 26.04 MB
[2026-06-14 21:42:39,462][finetune_logger][INFO] - Test memory allocated: 26.04 MB
2026-06-14 21:42:39 - finetune_logger - INFO - Logged epoch test info to /public/home/202411094934/python_project/Spatio-Temporal-Library/time-series/2026-06-13/crossformer/pretrain10_finetune10/ettm1/time-series/seed_2/training_log.json
[2026-06-14 21:42:39,465][finetune_logger][INFO] - Logged epoch test info to /public/home/202411094934/python_project/Spatio-Temporal-Library/time-series/2026-06-13/crossformer/pretrain10_finetune10/ettm1/time-series/seed_2/training_log.json
