2026-06-14 16:53:55 - finetune_logger - INFO - Loaded pretrained checkpoint from: /public/home/202411094934/python_project/Spatio-Temporal-Library/time-series/2026-06-13/crossformer/pretrain10/weather/time-series/seed_2/jepa_pretrain_epoch_10.pth
Missing keys: []
Unexpected keys: []
[2026-06-14 16:53:55,075][finetune_logger][INFO] - Loaded pretrained checkpoint from: /public/home/202411094934/python_project/Spatio-Temporal-Library/time-series/2026-06-13/crossformer/pretrain10/weather/time-series/seed_2/jepa_pretrain_epoch_10.pth
Missing keys: []
Unexpected keys: []
2026-06-14 16:53:55 - finetune_logger - INFO - Model parameters: 853,344
[2026-06-14 16:53:55,086][finetune_logger][INFO] - Model parameters: 853,344
2026-06-14 16:53:55 - finetune_logger - INFO - Created new log file at /public/home/202411094934/python_project/Spatio-Temporal-Library/time-series/2026-06-13/crossformer/pretrain10_finetune10/weather/time-series/seed_2/training_log.json
[2026-06-14 16:53:55,089][finetune_logger][INFO] - Created new log file at /public/home/202411094934/python_project/Spatio-Temporal-Library/time-series/2026-06-13/crossformer/pretrain10_finetune10/weather/time-series/seed_2/training_log.json
2026-06-14 16:53:55 - finetune_logger - INFO - Starting training...
[2026-06-14 16:53:55,089][finetune_logger][INFO] - Starting training...
2026-06-14 16:53:55 - finetune_logger - INFO - Epoch 1/10
[2026-06-14 16:53:55,089][finetune_logger][INFO] - Epoch 1/10
2026-06-14 17:34:07 - finetune_logger - INFO - Train loss: 27.80226922147119
[2026-06-14 17:34:07,888][finetune_logger][INFO] - Train loss: 27.80226922147119
2026-06-14 17:34:07 - finetune_logger - INFO - Train time: 2412.797850370407s
[2026-06-14 17:34:07,888][finetune_logger][INFO] - Train time: 2412.797850370407s
2026-06-14 17:34:07 - finetune_logger - INFO - Train memory reserved: 56.00 MB
[2026-06-14 17:34:07,888][finetune_logger][INFO] - Train memory reserved: 56.00 MB
2026-06-14 17:34:07 - finetune_logger - INFO - Train memory allocated: 26.17 MB
[2026-06-14 17:34:07,888][finetune_logger][INFO] - Train memory allocated: 26.17 MB
2026-06-14 17:34:07 - finetune_logger - INFO - Current learning rate: 0.0005
[2026-06-14 17:34:07,888][finetune_logger][INFO] - Current learning rate: 0.0005
2026-06-14 17:35:51 - finetune_logger - INFO - Validation metrics: {'MAE': 18.795122818876415, 'RMSE': 63.23912345854269}
[2026-06-14 17:35:51,360][finetune_logger][INFO] - Validation metrics: {'MAE': 18.795122818876415, 'RMSE': 63.23912345854269}
2026-06-14 17:35:51 - finetune_logger - INFO - Val time: 103.47s
[2026-06-14 17:35:51,361][finetune_logger][INFO] - Val time: 103.47s
2026-06-14 17:35:51 - finetune_logger - INFO - Val memory reserved: 56.00 MB
[2026-06-14 17:35:51,361][finetune_logger][INFO] - Val memory reserved: 56.00 MB
2026-06-14 17:35:51 - finetune_logger - INFO - Val memory allocated: 26.17 MB
[2026-06-14 17:35:51,361][finetune_logger][INFO] - Val memory allocated: 26.17 MB
2026-06-14 17:35:51 - finetune_logger - INFO - Logged epoch 1 info to /public/home/202411094934/python_project/Spatio-Temporal-Library/time-series/2026-06-13/crossformer/pretrain10_finetune10/weather/time-series/seed_2/training_log.json
[2026-06-14 17:35:51,365][finetune_logger][INFO] - Logged epoch 1 info to /public/home/202411094934/python_project/Spatio-Temporal-Library/time-series/2026-06-13/crossformer/pretrain10_finetune10/weather/time-series/seed_2/training_log.json
2026-06-14 17:35:51 - finetune_logger - INFO - New best model! Val loss: 18.795123
[2026-06-14 17:35:51,365][finetune_logger][INFO] - New best model! Val loss: 18.795123
2026-06-14 17:39:22 - finetune_logger - INFO - Test metrics: {'MAE': 12.103474540321015, 'RMSE': 38.935215489262504}
[2026-06-14 17:39:22,806][finetune_logger][INFO] - Test metrics: {'MAE': 12.103474540321015, 'RMSE': 38.935215489262504}
2026-06-14 17:39:22 - finetune_logger - INFO - Test time: 211.24s
[2026-06-14 17:39:22,806][finetune_logger][INFO] - Test time: 211.24s
2026-06-14 17:39:22 - finetune_logger - INFO - Test memory reserved: 56.00 MB
[2026-06-14 17:39:22,806][finetune_logger][INFO] - Test memory reserved: 56.00 MB
2026-06-14 17:39:22 - finetune_logger - INFO - Test memory allocated: 26.17 MB
[2026-06-14 17:39:22,806][finetune_logger][INFO] - Test memory allocated: 26.17 MB
2026-06-14 17:39:22 - finetune_logger - INFO - Epoch 2/10
[2026-06-14 17:39:22,806][finetune_logger][INFO] - Epoch 2/10
2026-06-14 18:19:55 - finetune_logger - INFO - Train loss: 23.343848129694862
[2026-06-14 18:19:55,028][finetune_logger][INFO] - Train loss: 23.343848129694862
2026-06-14 18:19:55 - finetune_logger - INFO - Train time: 2432.221469640732s
[2026-06-14 18:19:55,029][finetune_logger][INFO] - Train time: 2432.221469640732s
2026-06-14 18:19:55 - finetune_logger - INFO - Train memory reserved: 56.00 MB
[2026-06-14 18:19:55,029][finetune_logger][INFO] - Train memory reserved: 56.00 MB
2026-06-14 18:19:55 - finetune_logger - INFO - Train memory allocated: 26.17 MB
[2026-06-14 18:19:55,029][finetune_logger][INFO] - Train memory allocated: 26.17 MB
2026-06-14 18:19:55 - finetune_logger - INFO - Current learning rate: 0.0005
[2026-06-14 18:19:55,029][finetune_logger][INFO] - Current learning rate: 0.0005
2026-06-14 18:21:38 - finetune_logger - INFO - Validation metrics: {'MAE': 18.21892418079647, 'RMSE': 65.64082405012701}
[2026-06-14 18:21:38,535][finetune_logger][INFO] - Validation metrics: {'MAE': 18.21892418079647, 'RMSE': 65.64082405012701}
2026-06-14 18:21:38 - finetune_logger - INFO - Val time: 103.51s
[2026-06-14 18:21:38,536][finetune_logger][INFO] - Val time: 103.51s
2026-06-14 18:21:38 - finetune_logger - INFO - Val memory reserved: 56.00 MB
[2026-06-14 18:21:38,536][finetune_logger][INFO] - Val memory reserved: 56.00 MB
2026-06-14 18:21:38 - finetune_logger - INFO - Val memory allocated: 26.17 MB
[2026-06-14 18:21:38,536][finetune_logger][INFO] - Val memory allocated: 26.17 MB
2026-06-14 18:21:38 - finetune_logger - INFO - Logged epoch 2 info to /public/home/202411094934/python_project/Spatio-Temporal-Library/time-series/2026-06-13/crossformer/pretrain10_finetune10/weather/time-series/seed_2/training_log.json
[2026-06-14 18:21:38,539][finetune_logger][INFO] - Logged epoch 2 info to /public/home/202411094934/python_project/Spatio-Temporal-Library/time-series/2026-06-13/crossformer/pretrain10_finetune10/weather/time-series/seed_2/training_log.json
2026-06-14 18:21:38 - finetune_logger - INFO - New best model! Val loss: 18.218924
[2026-06-14 18:21:38,539][finetune_logger][INFO] - New best model! Val loss: 18.218924
2026-06-14 18:25:10 - finetune_logger - INFO - Test metrics: {'MAE': 10.625208729682257, 'RMSE': 38.3182467793514}
[2026-06-14 18:25:10,263][finetune_logger][INFO] - Test metrics: {'MAE': 10.625208729682257, 'RMSE': 38.3182467793514}
2026-06-14 18:25:10 - finetune_logger - INFO - Test time: 211.52s
[2026-06-14 18:25:10,263][finetune_logger][INFO] - Test time: 211.52s
2026-06-14 18:25:10 - finetune_logger - INFO - Test memory reserved: 56.00 MB
[2026-06-14 18:25:10,263][finetune_logger][INFO] - Test memory reserved: 56.00 MB
2026-06-14 18:25:10 - finetune_logger - INFO - Test memory allocated: 26.17 MB
[2026-06-14 18:25:10,263][finetune_logger][INFO] - Test memory allocated: 26.17 MB
2026-06-14 18:25:10 - finetune_logger - INFO - Epoch 3/10
[2026-06-14 18:25:10,263][finetune_logger][INFO] - Epoch 3/10
2026-06-14 19:05:44 - finetune_logger - INFO - Train loss: 22.10118980240063
[2026-06-14 19:05:44,419][finetune_logger][INFO] - Train loss: 22.10118980240063
2026-06-14 19:05:44 - finetune_logger - INFO - Train time: 2434.154517889023s
[2026-06-14 19:05:44,419][finetune_logger][INFO] - Train time: 2434.154517889023s
2026-06-14 19:05:44 - finetune_logger - INFO - Train memory reserved: 56.00 MB
[2026-06-14 19:05:44,419][finetune_logger][INFO] - Train memory reserved: 56.00 MB
2026-06-14 19:05:44 - finetune_logger - INFO - Train memory allocated: 26.17 MB
[2026-06-14 19:05:44,419][finetune_logger][INFO] - Train memory allocated: 26.17 MB
2026-06-14 19:05:44 - finetune_logger - INFO - Current learning rate: 0.0005
[2026-06-14 19:05:44,419][finetune_logger][INFO] - Current learning rate: 0.0005
2026-06-14 19:07:28 - finetune_logger - INFO - Validation metrics: {'MAE': 19.327352398555437, 'RMSE': 69.37195511609842}
[2026-06-14 19:07:28,032][finetune_logger][INFO] - Validation metrics: {'MAE': 19.327352398555437, 'RMSE': 69.37195511609842}
2026-06-14 19:07:28 - finetune_logger - INFO - Val time: 103.61s
[2026-06-14 19:07:28,032][finetune_logger][INFO] - Val time: 103.61s
2026-06-14 19:07:28 - finetune_logger - INFO - Val memory reserved: 56.00 MB
[2026-06-14 19:07:28,032][finetune_logger][INFO] - Val memory reserved: 56.00 MB
2026-06-14 19:07:28 - finetune_logger - INFO - Val memory allocated: 26.17 MB
[2026-06-14 19:07:28,032][finetune_logger][INFO] - Val memory allocated: 26.17 MB
2026-06-14 19:07:28 - finetune_logger - INFO - Logged epoch 3 info to /public/home/202411094934/python_project/Spatio-Temporal-Library/time-series/2026-06-13/crossformer/pretrain10_finetune10/weather/time-series/seed_2/training_log.json
[2026-06-14 19:07:28,035][finetune_logger][INFO] - Logged epoch 3 info to /public/home/202411094934/python_project/Spatio-Temporal-Library/time-series/2026-06-13/crossformer/pretrain10_finetune10/weather/time-series/seed_2/training_log.json
2026-06-14 19:10:59 - finetune_logger - INFO - Test metrics: {'MAE': 11.106551407284043, 'RMSE': 38.577240261593225}
[2026-06-14 19:10:59,732][finetune_logger][INFO] - Test metrics: {'MAE': 11.106551407284043, 'RMSE': 38.577240261593225}
2026-06-14 19:10:59 - finetune_logger - INFO - Test time: 211.70s
[2026-06-14 19:10:59,732][finetune_logger][INFO] - Test time: 211.70s
2026-06-14 19:10:59 - finetune_logger - INFO - Test memory reserved: 56.00 MB
[2026-06-14 19:10:59,733][finetune_logger][INFO] - Test memory reserved: 56.00 MB
2026-06-14 19:10:59 - finetune_logger - INFO - Test memory allocated: 26.17 MB
[2026-06-14 19:10:59,733][finetune_logger][INFO] - Test memory allocated: 26.17 MB
2026-06-14 19:10:59 - finetune_logger - INFO - Epoch 4/10
[2026-06-14 19:10:59,733][finetune_logger][INFO] - Epoch 4/10
2026-06-14 19:51:32 - finetune_logger - INFO - Train loss: 21.256032545959766
[2026-06-14 19:51:32,891][finetune_logger][INFO] - Train loss: 21.256032545959766
2026-06-14 19:51:32 - finetune_logger - INFO - Train time: 2433.1572725772858s
[2026-06-14 19:51:32,891][finetune_logger][INFO] - Train time: 2433.1572725772858s
2026-06-14 19:51:32 - finetune_logger - INFO - Train memory reserved: 56.00 MB
[2026-06-14 19:51:32,891][finetune_logger][INFO] - Train memory reserved: 56.00 MB
2026-06-14 19:51:32 - finetune_logger - INFO - Train memory allocated: 26.17 MB
[2026-06-14 19:51:32,891][finetune_logger][INFO] - Train memory allocated: 26.17 MB
2026-06-14 19:51:32 - finetune_logger - INFO - Current learning rate: 0.0005
[2026-06-14 19:51:32,892][finetune_logger][INFO] - Current learning rate: 0.0005
2026-06-14 19:53:16 - finetune_logger - INFO - Validation metrics: {'MAE': 18.779637782660224, 'RMSE': 68.55256071421644}
[2026-06-14 19:53:16,385][finetune_logger][INFO] - Validation metrics: {'MAE': 18.779637782660224, 'RMSE': 68.55256071421644}
2026-06-14 19:53:16 - finetune_logger - INFO - Val time: 103.49s
[2026-06-14 19:53:16,385][finetune_logger][INFO] - Val time: 103.49s
2026-06-14 19:53:16 - finetune_logger - INFO - Val memory reserved: 56.00 MB
[2026-06-14 19:53:16,385][finetune_logger][INFO] - Val memory reserved: 56.00 MB
2026-06-14 19:53:16 - finetune_logger - INFO - Val memory allocated: 26.17 MB
[2026-06-14 19:53:16,385][finetune_logger][INFO] - Val memory allocated: 26.17 MB
2026-06-14 19:53:16 - finetune_logger - INFO - Logged epoch 4 info to /public/home/202411094934/python_project/Spatio-Temporal-Library/time-series/2026-06-13/crossformer/pretrain10_finetune10/weather/time-series/seed_2/training_log.json
[2026-06-14 19:53:16,388][finetune_logger][INFO] - Logged epoch 4 info to /public/home/202411094934/python_project/Spatio-Temporal-Library/time-series/2026-06-13/crossformer/pretrain10_finetune10/weather/time-series/seed_2/training_log.json
2026-06-14 19:56:48 - finetune_logger - INFO - Test metrics: {'MAE': 10.54880700020978, 'RMSE': 38.85088146387724}
[2026-06-14 19:56:48,078][finetune_logger][INFO] - Test metrics: {'MAE': 10.54880700020978, 'RMSE': 38.85088146387724}
2026-06-14 19:56:48 - finetune_logger - INFO - Test time: 211.69s
[2026-06-14 19:56:48,078][finetune_logger][INFO] - Test time: 211.69s
2026-06-14 19:56:48 - finetune_logger - INFO - Test memory reserved: 56.00 MB
[2026-06-14 19:56:48,079][finetune_logger][INFO] - Test memory reserved: 56.00 MB
2026-06-14 19:56:48 - finetune_logger - INFO - Test memory allocated: 26.17 MB
[2026-06-14 19:56:48,079][finetune_logger][INFO] - Test memory allocated: 26.17 MB
2026-06-14 19:56:48 - finetune_logger - INFO - Epoch 5/10
[2026-06-14 19:56:48,079][finetune_logger][INFO] - Epoch 5/10
2026-06-14 20:37:20 - finetune_logger - INFO - Train loss: 20.442221794001654
[2026-06-14 20:37:20,100][finetune_logger][INFO] - Train loss: 20.442221794001654
2026-06-14 20:37:20 - finetune_logger - INFO - Train time: 2432.020519256592s
[2026-06-14 20:37:20,100][finetune_logger][INFO] - Train time: 2432.020519256592s
2026-06-14 20:37:20 - finetune_logger - INFO - Train memory reserved: 56.00 MB
[2026-06-14 20:37:20,101][finetune_logger][INFO] - Train memory reserved: 56.00 MB
2026-06-14 20:37:20 - finetune_logger - INFO - Train memory allocated: 26.17 MB
[2026-06-14 20:37:20,101][finetune_logger][INFO] - Train memory allocated: 26.17 MB
2026-06-14 20:37:20 - finetune_logger - INFO - Current learning rate: 0.0005
[2026-06-14 20:37:20,101][finetune_logger][INFO] - Current learning rate: 0.0005
2026-06-14 20:39:03 - finetune_logger - INFO - Validation metrics: {'MAE': 19.06564790545389, 'RMSE': 69.00587056231844}
[2026-06-14 20:39:03,552][finetune_logger][INFO] - Validation metrics: {'MAE': 19.06564790545389, 'RMSE': 69.00587056231844}
2026-06-14 20:39:03 - finetune_logger - INFO - Val time: 103.45s
[2026-06-14 20:39:03,552][finetune_logger][INFO] - Val time: 103.45s
2026-06-14 20:39:03 - finetune_logger - INFO - Val memory reserved: 56.00 MB
[2026-06-14 20:39:03,552][finetune_logger][INFO] - Val memory reserved: 56.00 MB
2026-06-14 20:39:03 - finetune_logger - INFO - Val memory allocated: 26.17 MB
[2026-06-14 20:39:03,552][finetune_logger][INFO] - Val memory allocated: 26.17 MB
2026-06-14 20:39:03 - finetune_logger - INFO - Logged epoch 5 info to /public/home/202411094934/python_project/Spatio-Temporal-Library/time-series/2026-06-13/crossformer/pretrain10_finetune10/weather/time-series/seed_2/training_log.json
[2026-06-14 20:39:03,555][finetune_logger][INFO] - Logged epoch 5 info to /public/home/202411094934/python_project/Spatio-Temporal-Library/time-series/2026-06-13/crossformer/pretrain10_finetune10/weather/time-series/seed_2/training_log.json
2026-06-14 20:42:34 - finetune_logger - INFO - Test metrics: {'MAE': 11.087090435431337, 'RMSE': 40.60144439181711}
[2026-06-14 20:42:34,657][finetune_logger][INFO] - Test metrics: {'MAE': 11.087090435431337, 'RMSE': 40.60144439181711}
2026-06-14 20:42:34 - finetune_logger - INFO - Test time: 211.10s
[2026-06-14 20:42:34,657][finetune_logger][INFO] - Test time: 211.10s
2026-06-14 20:42:34 - finetune_logger - INFO - Test memory reserved: 56.00 MB
[2026-06-14 20:42:34,657][finetune_logger][INFO] - Test memory reserved: 56.00 MB
2026-06-14 20:42:34 - finetune_logger - INFO - Test memory allocated: 26.17 MB
[2026-06-14 20:42:34,657][finetune_logger][INFO] - Test memory allocated: 26.17 MB
2026-06-14 20:42:34 - finetune_logger - INFO - Epoch 6/10
[2026-06-14 20:42:34,658][finetune_logger][INFO] - Epoch 6/10
2026-06-14 21:23:07 - finetune_logger - INFO - Train loss: 19.523010711172603
[2026-06-14 21:23:07,412][finetune_logger][INFO] - Train loss: 19.523010711172603
2026-06-14 21:23:07 - finetune_logger - INFO - Train time: 2432.7536294460297s
[2026-06-14 21:23:07,412][finetune_logger][INFO] - Train time: 2432.7536294460297s
2026-06-14 21:23:07 - finetune_logger - INFO - Train memory reserved: 56.00 MB
[2026-06-14 21:23:07,412][finetune_logger][INFO] - Train memory reserved: 56.00 MB
2026-06-14 21:23:07 - finetune_logger - INFO - Train memory allocated: 26.17 MB
[2026-06-14 21:23:07,413][finetune_logger][INFO] - Train memory allocated: 26.17 MB
2026-06-14 21:23:07 - finetune_logger - INFO - Current learning rate: 0.0005
[2026-06-14 21:23:07,413][finetune_logger][INFO] - Current learning rate: 0.0005
2026-06-14 21:24:50 - finetune_logger - INFO - Validation metrics: {'MAE': 19.68404577916778, 'RMSE': 71.81198699283179}
[2026-06-14 21:24:50,771][finetune_logger][INFO] - Validation metrics: {'MAE': 19.68404577916778, 'RMSE': 71.81198699283179}
2026-06-14 21:24:50 - finetune_logger - INFO - Val time: 103.36s
[2026-06-14 21:24:50,771][finetune_logger][INFO] - Val time: 103.36s
2026-06-14 21:24:50 - finetune_logger - INFO - Val memory reserved: 56.00 MB
[2026-06-14 21:24:50,771][finetune_logger][INFO] - Val memory reserved: 56.00 MB
2026-06-14 21:24:50 - finetune_logger - INFO - Val memory allocated: 26.17 MB
[2026-06-14 21:24:50,771][finetune_logger][INFO] - Val memory allocated: 26.17 MB
2026-06-14 21:24:50 - finetune_logger - INFO - Logged epoch 6 info to /public/home/202411094934/python_project/Spatio-Temporal-Library/time-series/2026-06-13/crossformer/pretrain10_finetune10/weather/time-series/seed_2/training_log.json
[2026-06-14 21:24:50,774][finetune_logger][INFO] - Logged epoch 6 info to /public/home/202411094934/python_project/Spatio-Temporal-Library/time-series/2026-06-13/crossformer/pretrain10_finetune10/weather/time-series/seed_2/training_log.json
2026-06-14 21:28:23 - finetune_logger - INFO - Test metrics: {'MAE': 11.341738596203605, 'RMSE': 41.71554349867735}
[2026-06-14 21:28:23,453][finetune_logger][INFO] - Test metrics: {'MAE': 11.341738596203605, 'RMSE': 41.71554349867735}
2026-06-14 21:28:23 - finetune_logger - INFO - Test time: 212.68s
[2026-06-14 21:28:23,454][finetune_logger][INFO] - Test time: 212.68s
2026-06-14 21:28:23 - finetune_logger - INFO - Test memory reserved: 56.00 MB
[2026-06-14 21:28:23,454][finetune_logger][INFO] - Test memory reserved: 56.00 MB
2026-06-14 21:28:23 - finetune_logger - INFO - Test memory allocated: 26.17 MB
[2026-06-14 21:28:23,454][finetune_logger][INFO] - Test memory allocated: 26.17 MB
2026-06-14 21:28:23 - finetune_logger - INFO - Epoch 7/10
[2026-06-14 21:28:23,454][finetune_logger][INFO] - Epoch 7/10
2026-06-14 22:08:55 - finetune_logger - INFO - Train loss: 18.81496457952452
[2026-06-14 22:08:55,350][finetune_logger][INFO] - Train loss: 18.81496457952452
2026-06-14 22:08:55 - finetune_logger - INFO - Train time: 2431.895170211792s
[2026-06-14 22:08:55,350][finetune_logger][INFO] - Train time: 2431.895170211792s
2026-06-14 22:08:55 - finetune_logger - INFO - Train memory reserved: 56.00 MB
[2026-06-14 22:08:55,350][finetune_logger][INFO] - Train memory reserved: 56.00 MB
2026-06-14 22:08:55 - finetune_logger - INFO - Train memory allocated: 26.17 MB
[2026-06-14 22:08:55,350][finetune_logger][INFO] - Train memory allocated: 26.17 MB
2026-06-14 22:08:55 - finetune_logger - INFO - Current learning rate: 0.0005
[2026-06-14 22:08:55,351][finetune_logger][INFO] - Current learning rate: 0.0005
2026-06-14 22:10:38 - finetune_logger - INFO - Validation metrics: {'MAE': 20.08126699234977, 'RMSE': 74.75407992752115}
[2026-06-14 22:10:38,947][finetune_logger][INFO] - Validation metrics: {'MAE': 20.08126699234977, 'RMSE': 74.75407992752115}
2026-06-14 22:10:38 - finetune_logger - INFO - Val time: 103.60s
[2026-06-14 22:10:38,947][finetune_logger][INFO] - Val time: 103.60s
2026-06-14 22:10:38 - finetune_logger - INFO - Val memory reserved: 56.00 MB
[2026-06-14 22:10:38,947][finetune_logger][INFO] - Val memory reserved: 56.00 MB
2026-06-14 22:10:38 - finetune_logger - INFO - Val memory allocated: 26.17 MB
[2026-06-14 22:10:38,947][finetune_logger][INFO] - Val memory allocated: 26.17 MB
2026-06-14 22:10:38 - finetune_logger - INFO - Logged epoch 7 info to /public/home/202411094934/python_project/Spatio-Temporal-Library/time-series/2026-06-13/crossformer/pretrain10_finetune10/weather/time-series/seed_2/training_log.json
[2026-06-14 22:10:38,950][finetune_logger][INFO] - Logged epoch 7 info to /public/home/202411094934/python_project/Spatio-Temporal-Library/time-series/2026-06-13/crossformer/pretrain10_finetune10/weather/time-series/seed_2/training_log.json
2026-06-14 22:14:10 - finetune_logger - INFO - Test metrics: {'MAE': 11.378929669774786, 'RMSE': 42.78523805712853}
[2026-06-14 22:14:10,487][finetune_logger][INFO] - Test metrics: {'MAE': 11.378929669774786, 'RMSE': 42.78523805712853}
2026-06-14 22:14:10 - finetune_logger - INFO - Test time: 211.54s
[2026-06-14 22:14:10,487][finetune_logger][INFO] - Test time: 211.54s
2026-06-14 22:14:10 - finetune_logger - INFO - Test memory reserved: 56.00 MB
[2026-06-14 22:14:10,487][finetune_logger][INFO] - Test memory reserved: 56.00 MB
2026-06-14 22:14:10 - finetune_logger - INFO - Test memory allocated: 26.17 MB
[2026-06-14 22:14:10,487][finetune_logger][INFO] - Test memory allocated: 26.17 MB
2026-06-14 22:14:10 - finetune_logger - INFO - Epoch 8/10
[2026-06-14 22:14:10,487][finetune_logger][INFO] - Epoch 8/10
2026-06-14 22:54:44 - finetune_logger - INFO - Train loss: 18.101451115163854
[2026-06-14 22:54:44,471][finetune_logger][INFO] - Train loss: 18.101451115163854
2026-06-14 22:54:44 - finetune_logger - INFO - Train time: 2433.98299407959s
[2026-06-14 22:54:44,472][finetune_logger][INFO] - Train time: 2433.98299407959s
2026-06-14 22:54:44 - finetune_logger - INFO - Train memory reserved: 56.00 MB
[2026-06-14 22:54:44,472][finetune_logger][INFO] - Train memory reserved: 56.00 MB
2026-06-14 22:54:44 - finetune_logger - INFO - Train memory allocated: 26.17 MB
[2026-06-14 22:54:44,472][finetune_logger][INFO] - Train memory allocated: 26.17 MB
2026-06-14 22:54:44 - finetune_logger - INFO - Current learning rate: 0.0005
[2026-06-14 22:54:44,472][finetune_logger][INFO] - Current learning rate: 0.0005
2026-06-14 22:56:28 - finetune_logger - INFO - Validation metrics: {'MAE': 19.756658999625998, 'RMSE': 73.81504927796057}
[2026-06-14 22:56:28,133][finetune_logger][INFO] - Validation metrics: {'MAE': 19.756658999625998, 'RMSE': 73.81504927796057}
2026-06-14 22:56:28 - finetune_logger - INFO - Val time: 103.66s
[2026-06-14 22:56:28,134][finetune_logger][INFO] - Val time: 103.66s
2026-06-14 22:56:28 - finetune_logger - INFO - Val memory reserved: 56.00 MB
[2026-06-14 22:56:28,134][finetune_logger][INFO] - Val memory reserved: 56.00 MB
2026-06-14 22:56:28 - finetune_logger - INFO - Val memory allocated: 26.17 MB
[2026-06-14 22:56:28,134][finetune_logger][INFO] - Val memory allocated: 26.17 MB
2026-06-14 22:56:28 - finetune_logger - INFO - Logged epoch 8 info to /public/home/202411094934/python_project/Spatio-Temporal-Library/time-series/2026-06-13/crossformer/pretrain10_finetune10/weather/time-series/seed_2/training_log.json
[2026-06-14 22:56:28,137][finetune_logger][INFO] - Logged epoch 8 info to /public/home/202411094934/python_project/Spatio-Temporal-Library/time-series/2026-06-13/crossformer/pretrain10_finetune10/weather/time-series/seed_2/training_log.json
2026-06-14 22:59:59 - finetune_logger - INFO - Test metrics: {'MAE': 10.84303766467578, 'RMSE': 40.03942214412241}
[2026-06-14 22:59:59,657][finetune_logger][INFO] - Test metrics: {'MAE': 10.84303766467578, 'RMSE': 40.03942214412241}
2026-06-14 22:59:59 - finetune_logger - INFO - Test time: 211.52s
[2026-06-14 22:59:59,657][finetune_logger][INFO] - Test time: 211.52s
2026-06-14 22:59:59 - finetune_logger - INFO - Test memory reserved: 56.00 MB
[2026-06-14 22:59:59,657][finetune_logger][INFO] - Test memory reserved: 56.00 MB
2026-06-14 22:59:59 - finetune_logger - INFO - Test memory allocated: 26.17 MB
[2026-06-14 22:59:59,657][finetune_logger][INFO] - Test memory allocated: 26.17 MB
2026-06-14 22:59:59 - finetune_logger - INFO - Epoch 9/10
[2026-06-14 22:59:59,657][finetune_logger][INFO] - Epoch 9/10
2026-06-14 23:40:34 - finetune_logger - INFO - Train loss: 17.45776909984801
[2026-06-14 23:40:34,197][finetune_logger][INFO] - Train loss: 17.45776909984801
2026-06-14 23:40:34 - finetune_logger - INFO - Train time: 2434.5387835502625s
[2026-06-14 23:40:34,197][finetune_logger][INFO] - Train time: 2434.5387835502625s
2026-06-14 23:40:34 - finetune_logger - INFO - Train memory reserved: 56.00 MB
[2026-06-14 23:40:34,197][finetune_logger][INFO] - Train memory reserved: 56.00 MB
2026-06-14 23:40:34 - finetune_logger - INFO - Train memory allocated: 26.17 MB
[2026-06-14 23:40:34,198][finetune_logger][INFO] - Train memory allocated: 26.17 MB
2026-06-14 23:40:34 - finetune_logger - INFO - Current learning rate: 0.0005
[2026-06-14 23:40:34,198][finetune_logger][INFO] - Current learning rate: 0.0005
2026-06-14 23:42:17 - finetune_logger - INFO - Validation metrics: {'MAE': 18.956875618396946, 'RMSE': 70.77560899302364}
[2026-06-14 23:42:17,624][finetune_logger][INFO] - Validation metrics: {'MAE': 18.956875618396946, 'RMSE': 70.77560899302364}
2026-06-14 23:42:17 - finetune_logger - INFO - Val time: 103.43s
[2026-06-14 23:42:17,624][finetune_logger][INFO] - Val time: 103.43s
2026-06-14 23:42:17 - finetune_logger - INFO - Val memory reserved: 56.00 MB
[2026-06-14 23:42:17,625][finetune_logger][INFO] - Val memory reserved: 56.00 MB
2026-06-14 23:42:17 - finetune_logger - INFO - Val memory allocated: 26.17 MB
[2026-06-14 23:42:17,625][finetune_logger][INFO] - Val memory allocated: 26.17 MB
2026-06-14 23:42:17 - finetune_logger - INFO - Logged epoch 9 info to /public/home/202411094934/python_project/Spatio-Temporal-Library/time-series/2026-06-13/crossformer/pretrain10_finetune10/weather/time-series/seed_2/training_log.json
[2026-06-14 23:42:17,628][finetune_logger][INFO] - Logged epoch 9 info to /public/home/202411094934/python_project/Spatio-Temporal-Library/time-series/2026-06-13/crossformer/pretrain10_finetune10/weather/time-series/seed_2/training_log.json
2026-06-14 23:45:49 - finetune_logger - INFO - Test metrics: {'MAE': 10.58878286980178, 'RMSE': 40.371959339952156}
[2026-06-14 23:45:49,393][finetune_logger][INFO] - Test metrics: {'MAE': 10.58878286980178, 'RMSE': 40.371959339952156}
2026-06-14 23:45:49 - finetune_logger - INFO - Test time: 211.76s
[2026-06-14 23:45:49,394][finetune_logger][INFO] - Test time: 211.76s
2026-06-14 23:45:49 - finetune_logger - INFO - Test memory reserved: 56.00 MB
[2026-06-14 23:45:49,394][finetune_logger][INFO] - Test memory reserved: 56.00 MB
2026-06-14 23:45:49 - finetune_logger - INFO - Test memory allocated: 26.17 MB
[2026-06-14 23:45:49,394][finetune_logger][INFO] - Test memory allocated: 26.17 MB
2026-06-14 23:45:49 - finetune_logger - INFO - Epoch 10/10
[2026-06-14 23:45:49,394][finetune_logger][INFO] - Epoch 10/10
2026-06-15 00:26:24 - finetune_logger - INFO - Train loss: 16.86029504935005
[2026-06-15 00:26:24,143][finetune_logger][INFO] - Train loss: 16.86029504935005
2026-06-15 00:26:24 - finetune_logger - INFO - Train time: 2434.748603820801s
[2026-06-15 00:26:24,144][finetune_logger][INFO] - Train time: 2434.748603820801s
2026-06-15 00:26:24 - finetune_logger - INFO - Train memory reserved: 56.00 MB
[2026-06-15 00:26:24,144][finetune_logger][INFO] - Train memory reserved: 56.00 MB
2026-06-15 00:26:24 - finetune_logger - INFO - Train memory allocated: 26.17 MB
[2026-06-15 00:26:24,144][finetune_logger][INFO] - Train memory allocated: 26.17 MB
2026-06-15 00:26:24 - finetune_logger - INFO - Current learning rate: 0.0005
[2026-06-15 00:26:24,144][finetune_logger][INFO] - Current learning rate: 0.0005
2026-06-15 00:28:07 - finetune_logger - INFO - Validation metrics: {'MAE': 20.524714582699566, 'RMSE': 76.09310090118582}
[2026-06-15 00:28:07,443][finetune_logger][INFO] - Validation metrics: {'MAE': 20.524714582699566, 'RMSE': 76.09310090118582}
2026-06-15 00:28:07 - finetune_logger - INFO - Val time: 103.30s
[2026-06-15 00:28:07,443][finetune_logger][INFO] - Val time: 103.30s
2026-06-15 00:28:07 - finetune_logger - INFO - Val memory reserved: 56.00 MB
[2026-06-15 00:28:07,443][finetune_logger][INFO] - Val memory reserved: 56.00 MB
2026-06-15 00:28:07 - finetune_logger - INFO - Val memory allocated: 26.17 MB
[2026-06-15 00:28:07,443][finetune_logger][INFO] - Val memory allocated: 26.17 MB
2026-06-15 00:28:07 - finetune_logger - INFO - Logged epoch 10 info to /public/home/202411094934/python_project/Spatio-Temporal-Library/time-series/2026-06-13/crossformer/pretrain10_finetune10/weather/time-series/seed_2/training_log.json
[2026-06-15 00:28:07,447][finetune_logger][INFO] - Logged epoch 10 info to /public/home/202411094934/python_project/Spatio-Temporal-Library/time-series/2026-06-13/crossformer/pretrain10_finetune10/weather/time-series/seed_2/training_log.json
2026-06-15 00:31:38 - finetune_logger - INFO - Test metrics: {'MAE': 11.74372474068162, 'RMSE': 43.88012298876991}
[2026-06-15 00:31:38,791][finetune_logger][INFO] - Test metrics: {'MAE': 11.74372474068162, 'RMSE': 43.88012298876991}
2026-06-15 00:31:38 - finetune_logger - INFO - Test time: 211.24s
[2026-06-15 00:31:38,791][finetune_logger][INFO] - Test time: 211.24s
2026-06-15 00:31:38 - finetune_logger - INFO - Test memory reserved: 56.00 MB
[2026-06-15 00:31:38,791][finetune_logger][INFO] - Test memory reserved: 56.00 MB
2026-06-15 00:31:38 - finetune_logger - INFO - Test memory allocated: 26.17 MB
[2026-06-15 00:31:38,791][finetune_logger][INFO] - Test memory allocated: 26.17 MB
2026-06-15 00:31:38 - finetune_logger - INFO - Training completed. Best epoch: 2, Best val loss: 18.218924
[2026-06-15 00:31:38,792][finetune_logger][INFO] - Training completed. Best epoch: 2, Best val loss: 18.218924
2026-06-15 00:31:38 - finetune_logger - INFO - Loaded checkpoint from epoch 2
[2026-06-15 00:31:38,939][finetune_logger][INFO] - Loaded checkpoint from epoch 2
2026-06-15 00:31:38 - finetune_logger - INFO - Evaluating best model on test sets...
[2026-06-15 00:31:38,940][finetune_logger][INFO] - Evaluating best model on test sets...
2026-06-15 00:35:09 - finetune_logger - INFO - Test metrics: {'MAE': 10.625208729682257, 'RMSE': 38.3182467793514}
[2026-06-15 00:35:09,822][finetune_logger][INFO] - Test metrics: {'MAE': 10.625208729682257, 'RMSE': 38.3182467793514}
2026-06-15 00:35:09 - finetune_logger - INFO - Test time: 210.88s
[2026-06-15 00:35:09,822][finetune_logger][INFO] - Test time: 210.88s
2026-06-15 00:35:09 - finetune_logger - INFO - Test memory reserved: 56.00 MB
[2026-06-15 00:35:09,822][finetune_logger][INFO] - Test memory reserved: 56.00 MB
2026-06-15 00:35:09 - finetune_logger - INFO - Test memory allocated: 26.36 MB
[2026-06-15 00:35:09,822][finetune_logger][INFO] - Test memory allocated: 26.36 MB
2026-06-15 00:35:09 - finetune_logger - INFO - Logged epoch test info to /public/home/202411094934/python_project/Spatio-Temporal-Library/time-series/2026-06-13/crossformer/pretrain10_finetune10/weather/time-series/seed_2/training_log.json
[2026-06-15 00:35:09,826][finetune_logger][INFO] - Logged epoch test info to /public/home/202411094934/python_project/Spatio-Temporal-Library/time-series/2026-06-13/crossformer/pretrain10_finetune10/weather/time-series/seed_2/training_log.json
