2026-06-19 22:17:58 - finetune_logger - INFO - Loaded pretrained checkpoint from: /public/home/202411094934/python_project/Spatio-Temporal-Library/time-series/2026-06-19/patchtst/pretrain10/exchange_rate/time-series/seed_0/jepa_pretrain_epoch_10.pth
Missing keys: []
Unexpected keys: []
[2026-06-19 22:17:58,201][finetune_logger][INFO] - Loaded pretrained checkpoint from: /public/home/202411094934/python_project/Spatio-Temporal-Library/time-series/2026-06-19/patchtst/pretrain10/exchange_rate/time-series/seed_0/jepa_pretrain_epoch_10.pth
Missing keys: []
Unexpected keys: []
2026-06-19 22:17:58 - finetune_logger - INFO - Model parameters: 733,890
[2026-06-19 22:17:58,204][finetune_logger][INFO] - Model parameters: 733,890
2026-06-19 22:17:58 - finetune_logger - INFO - Created new log file at /public/home/202411094934/python_project/Spatio-Temporal-Library/time-series/2026-06-19/patchtst/pretrain10_finetune10/exchange_rate/time-series/seed_0/training_log.json
[2026-06-19 22:17:58,206][finetune_logger][INFO] - Created new log file at /public/home/202411094934/python_project/Spatio-Temporal-Library/time-series/2026-06-19/patchtst/pretrain10_finetune10/exchange_rate/time-series/seed_0/training_log.json
2026-06-19 22:17:58 - finetune_logger - INFO - Starting training...
[2026-06-19 22:17:58,207][finetune_logger][INFO] - Starting training...
2026-06-19 22:17:58 - finetune_logger - INFO - Epoch 1/10
[2026-06-19 22:17:58,207][finetune_logger][INFO] - Epoch 1/10
2026-06-19 22:19:06 - finetune_logger - INFO - Train loss: 0.0342362057612882
[2026-06-19 22:19:06,531][finetune_logger][INFO] - Train loss: 0.0342362057612882
2026-06-19 22:19:06 - finetune_logger - INFO - Train time: 68.32335543632507s
[2026-06-19 22:19:06,531][finetune_logger][INFO] - Train time: 68.32335543632507s
2026-06-19 22:19:06 - finetune_logger - INFO - Train memory reserved: 36.00 MB
[2026-06-19 22:19:06,531][finetune_logger][INFO] - Train memory reserved: 36.00 MB
2026-06-19 22:19:06 - finetune_logger - INFO - Train memory allocated: 24.67 MB
[2026-06-19 22:19:06,531][finetune_logger][INFO] - Train memory allocated: 24.67 MB
2026-06-19 22:19:06 - finetune_logger - INFO - Current learning rate: 0.0005
[2026-06-19 22:19:06,531][finetune_logger][INFO] - Current learning rate: 0.0005
2026-06-19 22:19:09 - finetune_logger - INFO - Validation metrics: {'MAE': 0.027228521359029034, 'RMSE': 0.04010731966473588}
[2026-06-19 22:19:09,685][finetune_logger][INFO] - Validation metrics: {'MAE': 0.027228521359029034, 'RMSE': 0.04010731966473588}
2026-06-19 22:19:09 - finetune_logger - INFO - Val time: 3.15s
[2026-06-19 22:19:09,685][finetune_logger][INFO] - Val time: 3.15s
2026-06-19 22:19:09 - finetune_logger - INFO - Val memory reserved: 36.00 MB
[2026-06-19 22:19:09,686][finetune_logger][INFO] - Val memory reserved: 36.00 MB
2026-06-19 22:19:09 - finetune_logger - INFO - Val memory allocated: 24.67 MB
[2026-06-19 22:19:09,686][finetune_logger][INFO] - Val memory allocated: 24.67 MB
2026-06-19 22:19:09 - finetune_logger - INFO - Logged epoch 1 info to /public/home/202411094934/python_project/Spatio-Temporal-Library/time-series/2026-06-19/patchtst/pretrain10_finetune10/exchange_rate/time-series/seed_0/training_log.json
[2026-06-19 22:19:09,689][finetune_logger][INFO] - Logged epoch 1 info to /public/home/202411094934/python_project/Spatio-Temporal-Library/time-series/2026-06-19/patchtst/pretrain10_finetune10/exchange_rate/time-series/seed_0/training_log.json
2026-06-19 22:19:09 - finetune_logger - INFO - New best model! Val loss: 0.027229
[2026-06-19 22:19:09,689][finetune_logger][INFO] - New best model! Val loss: 0.027229
2026-06-19 22:19:17 - finetune_logger - INFO - Test metrics: {'MAE': 0.02213558860865859, 'RMSE': 0.03298430095715566}
[2026-06-19 22:19:17,456][finetune_logger][INFO] - Test metrics: {'MAE': 0.02213558860865859, 'RMSE': 0.03298430095715566}
2026-06-19 22:19:17 - finetune_logger - INFO - Test time: 7.72s
[2026-06-19 22:19:17,457][finetune_logger][INFO] - Test time: 7.72s
2026-06-19 22:19:17 - finetune_logger - INFO - Test memory reserved: 36.00 MB
[2026-06-19 22:19:17,457][finetune_logger][INFO] - Test memory reserved: 36.00 MB
2026-06-19 22:19:17 - finetune_logger - INFO - Test memory allocated: 24.67 MB
[2026-06-19 22:19:17,457][finetune_logger][INFO] - Test memory allocated: 24.67 MB
2026-06-19 22:19:17 - finetune_logger - INFO - Epoch 2/10
[2026-06-19 22:19:17,457][finetune_logger][INFO] - Epoch 2/10
2026-06-19 22:20:25 - finetune_logger - INFO - Train loss: 0.023656629825370423
[2026-06-19 22:20:25,325][finetune_logger][INFO] - Train loss: 0.023656629825370423
2026-06-19 22:20:25 - finetune_logger - INFO - Train time: 67.86741614341736s
[2026-06-19 22:20:25,325][finetune_logger][INFO] - Train time: 67.86741614341736s
2026-06-19 22:20:25 - finetune_logger - INFO - Train memory reserved: 36.00 MB
[2026-06-19 22:20:25,325][finetune_logger][INFO] - Train memory reserved: 36.00 MB
2026-06-19 22:20:25 - finetune_logger - INFO - Train memory allocated: 24.67 MB
[2026-06-19 22:20:25,325][finetune_logger][INFO] - Train memory allocated: 24.67 MB
2026-06-19 22:20:25 - finetune_logger - INFO - Current learning rate: 0.0005
[2026-06-19 22:20:25,326][finetune_logger][INFO] - Current learning rate: 0.0005
2026-06-19 22:20:28 - finetune_logger - INFO - Validation metrics: {'MAE': 0.026568921545805584, 'RMSE': 0.04036445186564154}
[2026-06-19 22:20:28,494][finetune_logger][INFO] - Validation metrics: {'MAE': 0.026568921545805584, 'RMSE': 0.04036445186564154}
2026-06-19 22:20:28 - finetune_logger - INFO - Val time: 3.17s
[2026-06-19 22:20:28,494][finetune_logger][INFO] - Val time: 3.17s
2026-06-19 22:20:28 - finetune_logger - INFO - Val memory reserved: 36.00 MB
[2026-06-19 22:20:28,494][finetune_logger][INFO] - Val memory reserved: 36.00 MB
2026-06-19 22:20:28 - finetune_logger - INFO - Val memory allocated: 24.67 MB
[2026-06-19 22:20:28,494][finetune_logger][INFO] - Val memory allocated: 24.67 MB
2026-06-19 22:20:28 - finetune_logger - INFO - Logged epoch 2 info to /public/home/202411094934/python_project/Spatio-Temporal-Library/time-series/2026-06-19/patchtst/pretrain10_finetune10/exchange_rate/time-series/seed_0/training_log.json
[2026-06-19 22:20:28,497][finetune_logger][INFO] - Logged epoch 2 info to /public/home/202411094934/python_project/Spatio-Temporal-Library/time-series/2026-06-19/patchtst/pretrain10_finetune10/exchange_rate/time-series/seed_0/training_log.json
2026-06-19 22:20:28 - finetune_logger - INFO - New best model! Val loss: 0.026569
[2026-06-19 22:20:28,497][finetune_logger][INFO] - New best model! Val loss: 0.026569
2026-06-19 22:20:36 - finetune_logger - INFO - Test metrics: {'MAE': 0.022937019570742404, 'RMSE': 0.034629599243561626}
[2026-06-19 22:20:36,260][finetune_logger][INFO] - Test metrics: {'MAE': 0.022937019570742404, 'RMSE': 0.034629599243561626}
2026-06-19 22:20:36 - finetune_logger - INFO - Test time: 7.71s
[2026-06-19 22:20:36,260][finetune_logger][INFO] - Test time: 7.71s
2026-06-19 22:20:36 - finetune_logger - INFO - Test memory reserved: 36.00 MB
[2026-06-19 22:20:36,260][finetune_logger][INFO] - Test memory reserved: 36.00 MB
2026-06-19 22:20:36 - finetune_logger - INFO - Test memory allocated: 24.67 MB
[2026-06-19 22:20:36,261][finetune_logger][INFO] - Test memory allocated: 24.67 MB
2026-06-19 22:20:36 - finetune_logger - INFO - Epoch 3/10
[2026-06-19 22:20:36,261][finetune_logger][INFO] - Epoch 3/10
2026-06-19 22:21:44 - finetune_logger - INFO - Train loss: 0.022411157909590494
[2026-06-19 22:21:44,246][finetune_logger][INFO] - Train loss: 0.022411157909590494
2026-06-19 22:21:44 - finetune_logger - INFO - Train time: 67.98448133468628s
[2026-06-19 22:21:44,246][finetune_logger][INFO] - Train time: 67.98448133468628s
2026-06-19 22:21:44 - finetune_logger - INFO - Train memory reserved: 36.00 MB
[2026-06-19 22:21:44,246][finetune_logger][INFO] - Train memory reserved: 36.00 MB
2026-06-19 22:21:44 - finetune_logger - INFO - Train memory allocated: 24.67 MB
[2026-06-19 22:21:44,246][finetune_logger][INFO] - Train memory allocated: 24.67 MB
2026-06-19 22:21:44 - finetune_logger - INFO - Current learning rate: 0.0005
[2026-06-19 22:21:44,246][finetune_logger][INFO] - Current learning rate: 0.0005
2026-06-19 22:21:47 - finetune_logger - INFO - Validation metrics: {'MAE': 0.027542823040580214, 'RMSE': 0.042101283737312}
[2026-06-19 22:21:47,437][finetune_logger][INFO] - Validation metrics: {'MAE': 0.027542823040580214, 'RMSE': 0.042101283737312}
2026-06-19 22:21:47 - finetune_logger - INFO - Val time: 3.19s
[2026-06-19 22:21:47,438][finetune_logger][INFO] - Val time: 3.19s
2026-06-19 22:21:47 - finetune_logger - INFO - Val memory reserved: 36.00 MB
[2026-06-19 22:21:47,438][finetune_logger][INFO] - Val memory reserved: 36.00 MB
2026-06-19 22:21:47 - finetune_logger - INFO - Val memory allocated: 24.67 MB
[2026-06-19 22:21:47,438][finetune_logger][INFO] - Val memory allocated: 24.67 MB
2026-06-19 22:21:47 - finetune_logger - INFO - Logged epoch 3 info to /public/home/202411094934/python_project/Spatio-Temporal-Library/time-series/2026-06-19/patchtst/pretrain10_finetune10/exchange_rate/time-series/seed_0/training_log.json
[2026-06-19 22:21:47,440][finetune_logger][INFO] - Logged epoch 3 info to /public/home/202411094934/python_project/Spatio-Temporal-Library/time-series/2026-06-19/patchtst/pretrain10_finetune10/exchange_rate/time-series/seed_0/training_log.json
2026-06-19 22:21:55 - finetune_logger - INFO - Test metrics: {'MAE': 0.02341556237034992, 'RMSE': 0.035665675633751955}
[2026-06-19 22:21:55,152][finetune_logger][INFO] - Test metrics: {'MAE': 0.02341556237034992, 'RMSE': 0.035665675633751955}
2026-06-19 22:21:55 - finetune_logger - INFO - Test time: 7.71s
[2026-06-19 22:21:55,153][finetune_logger][INFO] - Test time: 7.71s
2026-06-19 22:21:55 - finetune_logger - INFO - Test memory reserved: 36.00 MB
[2026-06-19 22:21:55,153][finetune_logger][INFO] - Test memory reserved: 36.00 MB
2026-06-19 22:21:55 - finetune_logger - INFO - Test memory allocated: 24.67 MB
[2026-06-19 22:21:55,153][finetune_logger][INFO] - Test memory allocated: 24.67 MB
2026-06-19 22:21:55 - finetune_logger - INFO - Epoch 4/10
[2026-06-19 22:21:55,153][finetune_logger][INFO] - Epoch 4/10
2026-06-19 22:23:03 - finetune_logger - INFO - Train loss: 0.021326012230353592
[2026-06-19 22:23:03,082][finetune_logger][INFO] - Train loss: 0.021326012230353592
2026-06-19 22:23:03 - finetune_logger - INFO - Train time: 67.9289140701294s
[2026-06-19 22:23:03,083][finetune_logger][INFO] - Train time: 67.9289140701294s
2026-06-19 22:23:03 - finetune_logger - INFO - Train memory reserved: 36.00 MB
[2026-06-19 22:23:03,083][finetune_logger][INFO] - Train memory reserved: 36.00 MB
2026-06-19 22:23:03 - finetune_logger - INFO - Train memory allocated: 24.67 MB
[2026-06-19 22:23:03,083][finetune_logger][INFO] - Train memory allocated: 24.67 MB
2026-06-19 22:23:03 - finetune_logger - INFO - Current learning rate: 0.0005
[2026-06-19 22:23:03,083][finetune_logger][INFO] - Current learning rate: 0.0005
2026-06-19 22:23:06 - finetune_logger - INFO - Validation metrics: {'MAE': 0.027053421278063892, 'RMSE': 0.04134457293253532}
[2026-06-19 22:23:06,250][finetune_logger][INFO] - Validation metrics: {'MAE': 0.027053421278063892, 'RMSE': 0.04134457293253532}
2026-06-19 22:23:06 - finetune_logger - INFO - Val time: 3.17s
[2026-06-19 22:23:06,251][finetune_logger][INFO] - Val time: 3.17s
2026-06-19 22:23:06 - finetune_logger - INFO - Val memory reserved: 36.00 MB
[2026-06-19 22:23:06,251][finetune_logger][INFO] - Val memory reserved: 36.00 MB
2026-06-19 22:23:06 - finetune_logger - INFO - Val memory allocated: 24.67 MB
[2026-06-19 22:23:06,251][finetune_logger][INFO] - Val memory allocated: 24.67 MB
2026-06-19 22:23:06 - finetune_logger - INFO - Logged epoch 4 info to /public/home/202411094934/python_project/Spatio-Temporal-Library/time-series/2026-06-19/patchtst/pretrain10_finetune10/exchange_rate/time-series/seed_0/training_log.json
[2026-06-19 22:23:06,254][finetune_logger][INFO] - Logged epoch 4 info to /public/home/202411094934/python_project/Spatio-Temporal-Library/time-series/2026-06-19/patchtst/pretrain10_finetune10/exchange_rate/time-series/seed_0/training_log.json
2026-06-19 22:23:13 - finetune_logger - INFO - Test metrics: {'MAE': 0.02478626292402256, 'RMSE': 0.03731813986602975}
[2026-06-19 22:23:13,961][finetune_logger][INFO] - Test metrics: {'MAE': 0.02478626292402256, 'RMSE': 0.03731813986602975}
2026-06-19 22:23:13 - finetune_logger - INFO - Test time: 7.71s
[2026-06-19 22:23:13,961][finetune_logger][INFO] - Test time: 7.71s
2026-06-19 22:23:13 - finetune_logger - INFO - Test memory reserved: 36.00 MB
[2026-06-19 22:23:13,961][finetune_logger][INFO] - Test memory reserved: 36.00 MB
2026-06-19 22:23:13 - finetune_logger - INFO - Test memory allocated: 24.67 MB
[2026-06-19 22:23:13,961][finetune_logger][INFO] - Test memory allocated: 24.67 MB
2026-06-19 22:23:13 - finetune_logger - INFO - Epoch 5/10
[2026-06-19 22:23:13,961][finetune_logger][INFO] - Epoch 5/10
2026-06-19 22:24:21 - finetune_logger - INFO - Train loss: 0.020571073687773757
[2026-06-19 22:24:21,965][finetune_logger][INFO] - Train loss: 0.020571073687773757
2026-06-19 22:24:21 - finetune_logger - INFO - Train time: 68.00348448753357s
[2026-06-19 22:24:21,965][finetune_logger][INFO] - Train time: 68.00348448753357s
2026-06-19 22:24:21 - finetune_logger - INFO - Train memory reserved: 36.00 MB
[2026-06-19 22:24:21,965][finetune_logger][INFO] - Train memory reserved: 36.00 MB
2026-06-19 22:24:21 - finetune_logger - INFO - Train memory allocated: 24.67 MB
[2026-06-19 22:24:21,966][finetune_logger][INFO] - Train memory allocated: 24.67 MB
2026-06-19 22:24:21 - finetune_logger - INFO - Current learning rate: 0.0005
[2026-06-19 22:24:21,966][finetune_logger][INFO] - Current learning rate: 0.0005
2026-06-19 22:24:25 - finetune_logger - INFO - Validation metrics: {'MAE': 0.02860609299057049, 'RMSE': 0.04334454725739025}
[2026-06-19 22:24:25,119][finetune_logger][INFO] - Validation metrics: {'MAE': 0.02860609299057049, 'RMSE': 0.04334454725739025}
2026-06-19 22:24:25 - finetune_logger - INFO - Val time: 3.15s
[2026-06-19 22:24:25,119][finetune_logger][INFO] - Val time: 3.15s
2026-06-19 22:24:25 - finetune_logger - INFO - Val memory reserved: 36.00 MB
[2026-06-19 22:24:25,119][finetune_logger][INFO] - Val memory reserved: 36.00 MB
2026-06-19 22:24:25 - finetune_logger - INFO - Val memory allocated: 24.67 MB
[2026-06-19 22:24:25,120][finetune_logger][INFO] - Val memory allocated: 24.67 MB
2026-06-19 22:24:25 - finetune_logger - INFO - Logged epoch 5 info to /public/home/202411094934/python_project/Spatio-Temporal-Library/time-series/2026-06-19/patchtst/pretrain10_finetune10/exchange_rate/time-series/seed_0/training_log.json
[2026-06-19 22:24:25,122][finetune_logger][INFO] - Logged epoch 5 info to /public/home/202411094934/python_project/Spatio-Temporal-Library/time-series/2026-06-19/patchtst/pretrain10_finetune10/exchange_rate/time-series/seed_0/training_log.json
2026-06-19 22:24:32 - finetune_logger - INFO - Test metrics: {'MAE': 0.026999452315665834, 'RMSE': 0.04061247239366776}
[2026-06-19 22:24:32,859][finetune_logger][INFO] - Test metrics: {'MAE': 0.026999452315665834, 'RMSE': 0.04061247239366776}
2026-06-19 22:24:32 - finetune_logger - INFO - Test time: 7.74s
[2026-06-19 22:24:32,859][finetune_logger][INFO] - Test time: 7.74s
2026-06-19 22:24:32 - finetune_logger - INFO - Test memory reserved: 36.00 MB
[2026-06-19 22:24:32,859][finetune_logger][INFO] - Test memory reserved: 36.00 MB
2026-06-19 22:24:32 - finetune_logger - INFO - Test memory allocated: 24.67 MB
[2026-06-19 22:24:32,859][finetune_logger][INFO] - Test memory allocated: 24.67 MB
2026-06-19 22:24:32 - finetune_logger - INFO - Epoch 6/10
[2026-06-19 22:24:32,859][finetune_logger][INFO] - Epoch 6/10
2026-06-19 22:25:41 - finetune_logger - INFO - Train loss: 0.019773034942911005
[2026-06-19 22:25:41,140][finetune_logger][INFO] - Train loss: 0.019773034942911005
2026-06-19 22:25:41 - finetune_logger - INFO - Train time: 68.28036737442017s
[2026-06-19 22:25:41,140][finetune_logger][INFO] - Train time: 68.28036737442017s
2026-06-19 22:25:41 - finetune_logger - INFO - Train memory reserved: 36.00 MB
[2026-06-19 22:25:41,140][finetune_logger][INFO] - Train memory reserved: 36.00 MB
2026-06-19 22:25:41 - finetune_logger - INFO - Train memory allocated: 24.67 MB
[2026-06-19 22:25:41,141][finetune_logger][INFO] - Train memory allocated: 24.67 MB
2026-06-19 22:25:41 - finetune_logger - INFO - Current learning rate: 0.0005
[2026-06-19 22:25:41,141][finetune_logger][INFO] - Current learning rate: 0.0005
2026-06-19 22:25:44 - finetune_logger - INFO - Validation metrics: {'MAE': 0.02630080530423648, 'RMSE': 0.039718603104293725}
[2026-06-19 22:25:44,300][finetune_logger][INFO] - Validation metrics: {'MAE': 0.02630080530423648, 'RMSE': 0.039718603104293725}
2026-06-19 22:25:44 - finetune_logger - INFO - Val time: 3.16s
[2026-06-19 22:25:44,300][finetune_logger][INFO] - Val time: 3.16s
2026-06-19 22:25:44 - finetune_logger - INFO - Val memory reserved: 36.00 MB
[2026-06-19 22:25:44,300][finetune_logger][INFO] - Val memory reserved: 36.00 MB
2026-06-19 22:25:44 - finetune_logger - INFO - Val memory allocated: 24.67 MB
[2026-06-19 22:25:44,300][finetune_logger][INFO] - Val memory allocated: 24.67 MB
2026-06-19 22:25:44 - finetune_logger - INFO - Logged epoch 6 info to /public/home/202411094934/python_project/Spatio-Temporal-Library/time-series/2026-06-19/patchtst/pretrain10_finetune10/exchange_rate/time-series/seed_0/training_log.json
[2026-06-19 22:25:44,303][finetune_logger][INFO] - Logged epoch 6 info to /public/home/202411094934/python_project/Spatio-Temporal-Library/time-series/2026-06-19/patchtst/pretrain10_finetune10/exchange_rate/time-series/seed_0/training_log.json
2026-06-19 22:25:44 - finetune_logger - INFO - New best model! Val loss: 0.026301
[2026-06-19 22:25:44,303][finetune_logger][INFO] - New best model! Val loss: 0.026301
2026-06-19 22:25:52 - finetune_logger - INFO - Test metrics: {'MAE': 0.02403576011825468, 'RMSE': 0.03615251997680277}
[2026-06-19 22:25:52,059][finetune_logger][INFO] - Test metrics: {'MAE': 0.02403576011825468, 'RMSE': 0.03615251997680277}
2026-06-19 22:25:52 - finetune_logger - INFO - Test time: 7.70s
[2026-06-19 22:25:52,060][finetune_logger][INFO] - Test time: 7.70s
2026-06-19 22:25:52 - finetune_logger - INFO - Test memory reserved: 36.00 MB
[2026-06-19 22:25:52,060][finetune_logger][INFO] - Test memory reserved: 36.00 MB
2026-06-19 22:25:52 - finetune_logger - INFO - Test memory allocated: 24.67 MB
[2026-06-19 22:25:52,060][finetune_logger][INFO] - Test memory allocated: 24.67 MB
2026-06-19 22:25:52 - finetune_logger - INFO - Epoch 7/10
[2026-06-19 22:25:52,060][finetune_logger][INFO] - Epoch 7/10
2026-06-19 22:27:00 - finetune_logger - INFO - Train loss: 0.019246143670023183
[2026-06-19 22:27:00,030][finetune_logger][INFO] - Train loss: 0.019246143670023183
2026-06-19 22:27:00 - finetune_logger - INFO - Train time: 67.96932792663574s
[2026-06-19 22:27:00,030][finetune_logger][INFO] - Train time: 67.96932792663574s
2026-06-19 22:27:00 - finetune_logger - INFO - Train memory reserved: 36.00 MB
[2026-06-19 22:27:00,030][finetune_logger][INFO] - Train memory reserved: 36.00 MB
2026-06-19 22:27:00 - finetune_logger - INFO - Train memory allocated: 24.67 MB
[2026-06-19 22:27:00,030][finetune_logger][INFO] - Train memory allocated: 24.67 MB
2026-06-19 22:27:00 - finetune_logger - INFO - Current learning rate: 0.0005
[2026-06-19 22:27:00,030][finetune_logger][INFO] - Current learning rate: 0.0005
2026-06-19 22:27:03 - finetune_logger - INFO - Validation metrics: {'MAE': 0.027725900995506186, 'RMSE': 0.042343426521711976}
[2026-06-19 22:27:03,213][finetune_logger][INFO] - Validation metrics: {'MAE': 0.027725900995506186, 'RMSE': 0.042343426521711976}
2026-06-19 22:27:03 - finetune_logger - INFO - Val time: 3.18s
[2026-06-19 22:27:03,213][finetune_logger][INFO] - Val time: 3.18s
2026-06-19 22:27:03 - finetune_logger - INFO - Val memory reserved: 36.00 MB
[2026-06-19 22:27:03,214][finetune_logger][INFO] - Val memory reserved: 36.00 MB
2026-06-19 22:27:03 - finetune_logger - INFO - Val memory allocated: 24.67 MB
[2026-06-19 22:27:03,214][finetune_logger][INFO] - Val memory allocated: 24.67 MB
2026-06-19 22:27:03 - finetune_logger - INFO - Logged epoch 7 info to /public/home/202411094934/python_project/Spatio-Temporal-Library/time-series/2026-06-19/patchtst/pretrain10_finetune10/exchange_rate/time-series/seed_0/training_log.json
[2026-06-19 22:27:03,216][finetune_logger][INFO] - Logged epoch 7 info to /public/home/202411094934/python_project/Spatio-Temporal-Library/time-series/2026-06-19/patchtst/pretrain10_finetune10/exchange_rate/time-series/seed_0/training_log.json
2026-06-19 22:27:10 - finetune_logger - INFO - Test metrics: {'MAE': 0.02470580570818268, 'RMSE': 0.03808130183451683}
[2026-06-19 22:27:10,918][finetune_logger][INFO] - Test metrics: {'MAE': 0.02470580570818268, 'RMSE': 0.03808130183451683}
2026-06-19 22:27:10 - finetune_logger - INFO - Test time: 7.70s
[2026-06-19 22:27:10,918][finetune_logger][INFO] - Test time: 7.70s
2026-06-19 22:27:10 - finetune_logger - INFO - Test memory reserved: 36.00 MB
[2026-06-19 22:27:10,918][finetune_logger][INFO] - Test memory reserved: 36.00 MB
2026-06-19 22:27:10 - finetune_logger - INFO - Test memory allocated: 24.67 MB
[2026-06-19 22:27:10,918][finetune_logger][INFO] - Test memory allocated: 24.67 MB
2026-06-19 22:27:10 - finetune_logger - INFO - Epoch 8/10
[2026-06-19 22:27:10,918][finetune_logger][INFO] - Epoch 8/10
2026-06-19 22:28:18 - finetune_logger - INFO - Train loss: 0.018633311588974317
[2026-06-19 22:28:18,951][finetune_logger][INFO] - Train loss: 0.018633311588974317
2026-06-19 22:28:18 - finetune_logger - INFO - Train time: 68.0325493812561s
[2026-06-19 22:28:18,952][finetune_logger][INFO] - Train time: 68.0325493812561s
2026-06-19 22:28:18 - finetune_logger - INFO - Train memory reserved: 36.00 MB
[2026-06-19 22:28:18,952][finetune_logger][INFO] - Train memory reserved: 36.00 MB
2026-06-19 22:28:18 - finetune_logger - INFO - Train memory allocated: 24.67 MB
[2026-06-19 22:28:18,952][finetune_logger][INFO] - Train memory allocated: 24.67 MB
2026-06-19 22:28:18 - finetune_logger - INFO - Current learning rate: 0.0005
[2026-06-19 22:28:18,952][finetune_logger][INFO] - Current learning rate: 0.0005
2026-06-19 22:28:22 - finetune_logger - INFO - Validation metrics: {'MAE': 0.02783280670657667, 'RMSE': 0.0427927587766415}
[2026-06-19 22:28:22,139][finetune_logger][INFO] - Validation metrics: {'MAE': 0.02783280670657667, 'RMSE': 0.0427927587766415}
2026-06-19 22:28:22 - finetune_logger - INFO - Val time: 3.19s
[2026-06-19 22:28:22,140][finetune_logger][INFO] - Val time: 3.19s
2026-06-19 22:28:22 - finetune_logger - INFO - Val memory reserved: 36.00 MB
[2026-06-19 22:28:22,140][finetune_logger][INFO] - Val memory reserved: 36.00 MB
2026-06-19 22:28:22 - finetune_logger - INFO - Val memory allocated: 24.67 MB
[2026-06-19 22:28:22,140][finetune_logger][INFO] - Val memory allocated: 24.67 MB
2026-06-19 22:28:22 - finetune_logger - INFO - Logged epoch 8 info to /public/home/202411094934/python_project/Spatio-Temporal-Library/time-series/2026-06-19/patchtst/pretrain10_finetune10/exchange_rate/time-series/seed_0/training_log.json
[2026-06-19 22:28:22,143][finetune_logger][INFO] - Logged epoch 8 info to /public/home/202411094934/python_project/Spatio-Temporal-Library/time-series/2026-06-19/patchtst/pretrain10_finetune10/exchange_rate/time-series/seed_0/training_log.json
2026-06-19 22:28:29 - finetune_logger - INFO - Test metrics: {'MAE': 0.02606045764420016, 'RMSE': 0.03977893412266446}
[2026-06-19 22:28:29,841][finetune_logger][INFO] - Test metrics: {'MAE': 0.02606045764420016, 'RMSE': 0.03977893412266446}
2026-06-19 22:28:29 - finetune_logger - INFO - Test time: 7.70s
[2026-06-19 22:28:29,841][finetune_logger][INFO] - Test time: 7.70s
2026-06-19 22:28:29 - finetune_logger - INFO - Test memory reserved: 36.00 MB
[2026-06-19 22:28:29,842][finetune_logger][INFO] - Test memory reserved: 36.00 MB
2026-06-19 22:28:29 - finetune_logger - INFO - Test memory allocated: 24.67 MB
[2026-06-19 22:28:29,842][finetune_logger][INFO] - Test memory allocated: 24.67 MB
2026-06-19 22:28:29 - finetune_logger - INFO - Epoch 9/10
[2026-06-19 22:28:29,842][finetune_logger][INFO] - Epoch 9/10
2026-06-19 22:29:37 - finetune_logger - INFO - Train loss: 0.018091278711478906
[2026-06-19 22:29:37,996][finetune_logger][INFO] - Train loss: 0.018091278711478906
2026-06-19 22:29:37 - finetune_logger - INFO - Train time: 68.1537537574768s
[2026-06-19 22:29:37,996][finetune_logger][INFO] - Train time: 68.1537537574768s
2026-06-19 22:29:37 - finetune_logger - INFO - Train memory reserved: 36.00 MB
[2026-06-19 22:29:37,996][finetune_logger][INFO] - Train memory reserved: 36.00 MB
2026-06-19 22:29:37 - finetune_logger - INFO - Train memory allocated: 24.67 MB
[2026-06-19 22:29:37,997][finetune_logger][INFO] - Train memory allocated: 24.67 MB
2026-06-19 22:29:37 - finetune_logger - INFO - Current learning rate: 0.0005
[2026-06-19 22:29:37,997][finetune_logger][INFO] - Current learning rate: 0.0005
2026-06-19 22:29:41 - finetune_logger - INFO - Validation metrics: {'MAE': 0.026253188191866787, 'RMSE': 0.03978366033353693}
[2026-06-19 22:29:41,182][finetune_logger][INFO] - Validation metrics: {'MAE': 0.026253188191866787, 'RMSE': 0.03978366033353693}
2026-06-19 22:29:41 - finetune_logger - INFO - Val time: 3.19s
[2026-06-19 22:29:41,182][finetune_logger][INFO] - Val time: 3.19s
2026-06-19 22:29:41 - finetune_logger - INFO - Val memory reserved: 36.00 MB
[2026-06-19 22:29:41,183][finetune_logger][INFO] - Val memory reserved: 36.00 MB
2026-06-19 22:29:41 - finetune_logger - INFO - Val memory allocated: 24.67 MB
[2026-06-19 22:29:41,183][finetune_logger][INFO] - Val memory allocated: 24.67 MB
2026-06-19 22:29:41 - finetune_logger - INFO - Logged epoch 9 info to /public/home/202411094934/python_project/Spatio-Temporal-Library/time-series/2026-06-19/patchtst/pretrain10_finetune10/exchange_rate/time-series/seed_0/training_log.json
[2026-06-19 22:29:41,186][finetune_logger][INFO] - Logged epoch 9 info to /public/home/202411094934/python_project/Spatio-Temporal-Library/time-series/2026-06-19/patchtst/pretrain10_finetune10/exchange_rate/time-series/seed_0/training_log.json
2026-06-19 22:29:41 - finetune_logger - INFO - New best model! Val loss: 0.026253
[2026-06-19 22:29:41,186][finetune_logger][INFO] - New best model! Val loss: 0.026253
2026-06-19 22:29:49 - finetune_logger - INFO - Test metrics: {'MAE': 0.025694086800677144, 'RMSE': 0.03892574194211602}
[2026-06-19 22:29:49,020][finetune_logger][INFO] - Test metrics: {'MAE': 0.025694086800677144, 'RMSE': 0.03892574194211602}
2026-06-19 22:29:49 - finetune_logger - INFO - Test time: 7.78s
[2026-06-19 22:29:49,020][finetune_logger][INFO] - Test time: 7.78s
2026-06-19 22:29:49 - finetune_logger - INFO - Test memory reserved: 36.00 MB
[2026-06-19 22:29:49,020][finetune_logger][INFO] - Test memory reserved: 36.00 MB
2026-06-19 22:29:49 - finetune_logger - INFO - Test memory allocated: 24.67 MB
[2026-06-19 22:29:49,020][finetune_logger][INFO] - Test memory allocated: 24.67 MB
2026-06-19 22:29:49 - finetune_logger - INFO - Epoch 10/10
[2026-06-19 22:29:49,021][finetune_logger][INFO] - Epoch 10/10
2026-06-19 22:30:57 - finetune_logger - INFO - Train loss: 0.01761216403928626
[2026-06-19 22:30:57,175][finetune_logger][INFO] - Train loss: 0.01761216403928626
2026-06-19 22:30:57 - finetune_logger - INFO - Train time: 68.1537675857544s
[2026-06-19 22:30:57,175][finetune_logger][INFO] - Train time: 68.1537675857544s
2026-06-19 22:30:57 - finetune_logger - INFO - Train memory reserved: 36.00 MB
[2026-06-19 22:30:57,175][finetune_logger][INFO] - Train memory reserved: 36.00 MB
2026-06-19 22:30:57 - finetune_logger - INFO - Train memory allocated: 24.67 MB
[2026-06-19 22:30:57,175][finetune_logger][INFO] - Train memory allocated: 24.67 MB
2026-06-19 22:30:57 - finetune_logger - INFO - Current learning rate: 0.0005
[2026-06-19 22:30:57,175][finetune_logger][INFO] - Current learning rate: 0.0005
2026-06-19 22:31:00 - finetune_logger - INFO - Validation metrics: {'MAE': 0.027657789870667075, 'RMSE': 0.042510957981109924}
[2026-06-19 22:31:00,325][finetune_logger][INFO] - Validation metrics: {'MAE': 0.027657789870667075, 'RMSE': 0.042510957981109924}
2026-06-19 22:31:00 - finetune_logger - INFO - Val time: 3.15s
[2026-06-19 22:31:00,326][finetune_logger][INFO] - Val time: 3.15s
2026-06-19 22:31:00 - finetune_logger - INFO - Val memory reserved: 36.00 MB
[2026-06-19 22:31:00,326][finetune_logger][INFO] - Val memory reserved: 36.00 MB
2026-06-19 22:31:00 - finetune_logger - INFO - Val memory allocated: 24.67 MB
[2026-06-19 22:31:00,326][finetune_logger][INFO] - Val memory allocated: 24.67 MB
2026-06-19 22:31:00 - finetune_logger - INFO - Logged epoch 10 info to /public/home/202411094934/python_project/Spatio-Temporal-Library/time-series/2026-06-19/patchtst/pretrain10_finetune10/exchange_rate/time-series/seed_0/training_log.json
[2026-06-19 22:31:00,329][finetune_logger][INFO] - Logged epoch 10 info to /public/home/202411094934/python_project/Spatio-Temporal-Library/time-series/2026-06-19/patchtst/pretrain10_finetune10/exchange_rate/time-series/seed_0/training_log.json
2026-06-19 22:31:08 - finetune_logger - INFO - Test metrics: {'MAE': 0.024890056095834633, 'RMSE': 0.03833093285513449}
[2026-06-19 22:31:08,071][finetune_logger][INFO] - Test metrics: {'MAE': 0.024890056095834633, 'RMSE': 0.03833093285513449}
2026-06-19 22:31:08 - finetune_logger - INFO - Test time: 7.72s
[2026-06-19 22:31:08,071][finetune_logger][INFO] - Test time: 7.72s
2026-06-19 22:31:08 - finetune_logger - INFO - Test memory reserved: 36.00 MB
[2026-06-19 22:31:08,071][finetune_logger][INFO] - Test memory reserved: 36.00 MB
2026-06-19 22:31:08 - finetune_logger - INFO - Test memory allocated: 24.67 MB
[2026-06-19 22:31:08,071][finetune_logger][INFO] - Test memory allocated: 24.67 MB
2026-06-19 22:31:08 - finetune_logger - INFO - Training completed. Best epoch: 9, Best val loss: 0.026253
[2026-06-19 22:31:08,071][finetune_logger][INFO] - Training completed. Best epoch: 9, Best val loss: 0.026253
2026-06-19 22:31:08 - finetune_logger - INFO - Loaded checkpoint from epoch 9
[2026-06-19 22:31:08,113][finetune_logger][INFO] - Loaded checkpoint from epoch 9
2026-06-19 22:31:08 - finetune_logger - INFO - Evaluating best model on test sets...
[2026-06-19 22:31:08,113][finetune_logger][INFO] - Evaluating best model on test sets...
2026-06-19 22:31:15 - finetune_logger - INFO - Test metrics: {'MAE': 0.025694086800677144, 'RMSE': 0.03892574194211602}
[2026-06-19 22:31:15,797][finetune_logger][INFO] - Test metrics: {'MAE': 0.025694086800677144, 'RMSE': 0.03892574194211602}
2026-06-19 22:31:15 - finetune_logger - INFO - Test time: 7.68s
[2026-06-19 22:31:15,797][finetune_logger][INFO] - Test time: 7.68s
2026-06-19 22:31:15 - finetune_logger - INFO - Test memory reserved: 38.00 MB
[2026-06-19 22:31:15,797][finetune_logger][INFO] - Test memory reserved: 38.00 MB
2026-06-19 22:31:15 - finetune_logger - INFO - Test memory allocated: 24.70 MB
[2026-06-19 22:31:15,798][finetune_logger][INFO] - Test memory allocated: 24.70 MB
2026-06-19 22:31:15 - finetune_logger - INFO - Logged epoch test info to /public/home/202411094934/python_project/Spatio-Temporal-Library/time-series/2026-06-19/patchtst/pretrain10_finetune10/exchange_rate/time-series/seed_0/training_log.json
[2026-06-19 22:31:15,800][finetune_logger][INFO] - Logged epoch test info to /public/home/202411094934/python_project/Spatio-Temporal-Library/time-series/2026-06-19/patchtst/pretrain10_finetune10/exchange_rate/time-series/seed_0/training_log.json
