2026-06-16 01:38:43 - pretrain_logger - INFO - Model parameters: 158,912
[2026-06-16 01:38:43,300][pretrain_logger][INFO] - Model parameters: 158,912
2026-06-16 01:38:43 - pretrain_logger - INFO - Created new log file at /public/home/202411094934/python_project/Spatio-Temporal-Library/time-series/2026-06-16/itransformer/pretrain10/etth2/time-series/seed_1/training_log.json
[2026-06-16 01:38:43,309][pretrain_logger][INFO] - Created new log file at /public/home/202411094934/python_project/Spatio-Temporal-Library/time-series/2026-06-16/itransformer/pretrain10/etth2/time-series/seed_1/training_log.json
2026-06-16 01:38:43 - pretrain_logger - INFO - Starting JEPA pretraining...
[2026-06-16 01:38:43,310][pretrain_logger][INFO] - Starting JEPA pretraining...
2026-06-16 01:41:29 - pretrain_logger - INFO - [JEPA Pretrain] Epoch 1/10, loss=0.755840, time=166.01s
[2026-06-16 01:41:29,319][pretrain_logger][INFO] - [JEPA Pretrain] Epoch 1/10, loss=0.755840, time=166.01s
2026-06-16 01:41:29 - pretrain_logger - INFO - Pretrain loss: 0.7558397265652066
[2026-06-16 01:41:29,320][pretrain_logger][INFO] - Pretrain loss: 0.7558397265652066
2026-06-16 01:41:29 - pretrain_logger - INFO - Pretrain time: 166.00942873954773s
[2026-06-16 01:41:29,320][pretrain_logger][INFO] - Pretrain time: 166.00942873954773s
2026-06-16 01:41:29 - pretrain_logger - INFO - Pretrain memory reserved: 24.00 MB
[2026-06-16 01:41:29,320][pretrain_logger][INFO] - Pretrain memory reserved: 24.00 MB
2026-06-16 01:41:29 - pretrain_logger - INFO - Pretrain memory allocated: 18.04 MB
[2026-06-16 01:41:29,320][pretrain_logger][INFO] - Pretrain memory allocated: 18.04 MB
2026-06-16 01:41:29 - pretrain_logger - INFO - Current learning rate: 0.0005
[2026-06-16 01:41:29,320][pretrain_logger][INFO] - Current learning rate: 0.0005
2026-06-16 01:41:29 - pretrain_logger - INFO - Logged epoch Pretrain 1 info to /public/home/202411094934/python_project/Spatio-Temporal-Library/time-series/2026-06-16/itransformer/pretrain10/etth2/time-series/seed_1/training_log.json
[2026-06-16 01:41:29,324][pretrain_logger][INFO] - Logged epoch Pretrain 1 info to /public/home/202411094934/python_project/Spatio-Temporal-Library/time-series/2026-06-16/itransformer/pretrain10/etth2/time-series/seed_1/training_log.json
2026-06-16 01:44:13 - pretrain_logger - INFO - [JEPA Pretrain] Epoch 2/10, loss=0.834477, time=164.65s
[2026-06-16 01:44:13,971][pretrain_logger][INFO] - [JEPA Pretrain] Epoch 2/10, loss=0.834477, time=164.65s
2026-06-16 01:44:13 - pretrain_logger - INFO - Pretrain loss: 0.8344769910395547
[2026-06-16 01:44:13,996][pretrain_logger][INFO] - Pretrain loss: 0.8344769910395547
2026-06-16 01:44:13 - pretrain_logger - INFO - Pretrain time: 164.64704537391663s
[2026-06-16 01:44:13,996][pretrain_logger][INFO] - Pretrain time: 164.64704537391663s
2026-06-16 01:44:13 - pretrain_logger - INFO - Pretrain memory reserved: 24.00 MB
[2026-06-16 01:44:13,996][pretrain_logger][INFO] - Pretrain memory reserved: 24.00 MB
2026-06-16 01:44:13 - pretrain_logger - INFO - Pretrain memory allocated: 18.04 MB
[2026-06-16 01:44:13,996][pretrain_logger][INFO] - Pretrain memory allocated: 18.04 MB
2026-06-16 01:44:13 - pretrain_logger - INFO - Current learning rate: 0.0005
[2026-06-16 01:44:13,996][pretrain_logger][INFO] - Current learning rate: 0.0005
2026-06-16 01:44:13 - pretrain_logger - INFO - Logged epoch Pretrain 2 info to /public/home/202411094934/python_project/Spatio-Temporal-Library/time-series/2026-06-16/itransformer/pretrain10/etth2/time-series/seed_1/training_log.json
[2026-06-16 01:44:13,999][pretrain_logger][INFO] - Logged epoch Pretrain 2 info to /public/home/202411094934/python_project/Spatio-Temporal-Library/time-series/2026-06-16/itransformer/pretrain10/etth2/time-series/seed_1/training_log.json
2026-06-16 01:46:58 - pretrain_logger - INFO - [JEPA Pretrain] Epoch 3/10, loss=0.816533, time=164.52s
[2026-06-16 01:46:58,524][pretrain_logger][INFO] - [JEPA Pretrain] Epoch 3/10, loss=0.816533, time=164.52s
2026-06-16 01:46:58 - pretrain_logger - INFO - Pretrain loss: 0.8165325884529028
[2026-06-16 01:46:58,524][pretrain_logger][INFO] - Pretrain loss: 0.8165325884529028
2026-06-16 01:46:58 - pretrain_logger - INFO - Pretrain time: 164.5243628025055s
[2026-06-16 01:46:58,525][pretrain_logger][INFO] - Pretrain time: 164.5243628025055s
2026-06-16 01:46:58 - pretrain_logger - INFO - Pretrain memory reserved: 24.00 MB
[2026-06-16 01:46:58,525][pretrain_logger][INFO] - Pretrain memory reserved: 24.00 MB
2026-06-16 01:46:58 - pretrain_logger - INFO - Pretrain memory allocated: 18.04 MB
[2026-06-16 01:46:58,525][pretrain_logger][INFO] - Pretrain memory allocated: 18.04 MB
2026-06-16 01:46:58 - pretrain_logger - INFO - Current learning rate: 0.0005
[2026-06-16 01:46:58,525][pretrain_logger][INFO] - Current learning rate: 0.0005
2026-06-16 01:46:58 - pretrain_logger - INFO - Logged epoch Pretrain 3 info to /public/home/202411094934/python_project/Spatio-Temporal-Library/time-series/2026-06-16/itransformer/pretrain10/etth2/time-series/seed_1/training_log.json
[2026-06-16 01:46:58,528][pretrain_logger][INFO] - Logged epoch Pretrain 3 info to /public/home/202411094934/python_project/Spatio-Temporal-Library/time-series/2026-06-16/itransformer/pretrain10/etth2/time-series/seed_1/training_log.json
2026-06-16 01:49:43 - pretrain_logger - INFO - [JEPA Pretrain] Epoch 4/10, loss=0.813253, time=164.67s
[2026-06-16 01:49:43,203][pretrain_logger][INFO] - [JEPA Pretrain] Epoch 4/10, loss=0.813253, time=164.67s
2026-06-16 01:49:43 - pretrain_logger - INFO - Pretrain loss: 0.8132531774705114
[2026-06-16 01:49:43,225][pretrain_logger][INFO] - Pretrain loss: 0.8132531774705114
2026-06-16 01:49:43 - pretrain_logger - INFO - Pretrain time: 164.6749894618988s
[2026-06-16 01:49:43,225][pretrain_logger][INFO] - Pretrain time: 164.6749894618988s
2026-06-16 01:49:43 - pretrain_logger - INFO - Pretrain memory reserved: 24.00 MB
[2026-06-16 01:49:43,225][pretrain_logger][INFO] - Pretrain memory reserved: 24.00 MB
2026-06-16 01:49:43 - pretrain_logger - INFO - Pretrain memory allocated: 18.04 MB
[2026-06-16 01:49:43,225][pretrain_logger][INFO] - Pretrain memory allocated: 18.04 MB
2026-06-16 01:49:43 - pretrain_logger - INFO - Current learning rate: 0.0005
[2026-06-16 01:49:43,225][pretrain_logger][INFO] - Current learning rate: 0.0005
2026-06-16 01:49:43 - pretrain_logger - INFO - Logged epoch Pretrain 4 info to /public/home/202411094934/python_project/Spatio-Temporal-Library/time-series/2026-06-16/itransformer/pretrain10/etth2/time-series/seed_1/training_log.json
[2026-06-16 01:49:43,228][pretrain_logger][INFO] - Logged epoch Pretrain 4 info to /public/home/202411094934/python_project/Spatio-Temporal-Library/time-series/2026-06-16/itransformer/pretrain10/etth2/time-series/seed_1/training_log.json
2026-06-16 01:52:27 - pretrain_logger - INFO - [JEPA Pretrain] Epoch 5/10, loss=0.780669, time=164.70s
[2026-06-16 01:52:27,926][pretrain_logger][INFO] - [JEPA Pretrain] Epoch 5/10, loss=0.780669, time=164.70s
2026-06-16 01:52:27 - pretrain_logger - INFO - Pretrain loss: 0.7806686457310977
[2026-06-16 01:52:27,926][pretrain_logger][INFO] - Pretrain loss: 0.7806686457310977
2026-06-16 01:52:27 - pretrain_logger - INFO - Pretrain time: 164.69741678237915s
[2026-06-16 01:52:27,927][pretrain_logger][INFO] - Pretrain time: 164.69741678237915s
2026-06-16 01:52:27 - pretrain_logger - INFO - Pretrain memory reserved: 24.00 MB
[2026-06-16 01:52:27,927][pretrain_logger][INFO] - Pretrain memory reserved: 24.00 MB
2026-06-16 01:52:27 - pretrain_logger - INFO - Pretrain memory allocated: 18.04 MB
[2026-06-16 01:52:27,927][pretrain_logger][INFO] - Pretrain memory allocated: 18.04 MB
2026-06-16 01:52:27 - pretrain_logger - INFO - Current learning rate: 0.0005
[2026-06-16 01:52:27,927][pretrain_logger][INFO] - Current learning rate: 0.0005
2026-06-16 01:52:27 - pretrain_logger - INFO - Logged epoch Pretrain 5 info to /public/home/202411094934/python_project/Spatio-Temporal-Library/time-series/2026-06-16/itransformer/pretrain10/etth2/time-series/seed_1/training_log.json
[2026-06-16 01:52:27,930][pretrain_logger][INFO] - Logged epoch Pretrain 5 info to /public/home/202411094934/python_project/Spatio-Temporal-Library/time-series/2026-06-16/itransformer/pretrain10/etth2/time-series/seed_1/training_log.json
2026-06-16 01:55:12 - pretrain_logger - INFO - [JEPA Pretrain] Epoch 6/10, loss=0.760829, time=164.42s
[2026-06-16 01:55:12,354][pretrain_logger][INFO] - [JEPA Pretrain] Epoch 6/10, loss=0.760829, time=164.42s
2026-06-16 01:55:12 - pretrain_logger - INFO - Pretrain loss: 0.7608290556505007
[2026-06-16 01:55:12,376][pretrain_logger][INFO] - Pretrain loss: 0.7608290556505007
2026-06-16 01:55:12 - pretrain_logger - INFO - Pretrain time: 164.42465782165527s
[2026-06-16 01:55:12,377][pretrain_logger][INFO] - Pretrain time: 164.42465782165527s
2026-06-16 01:55:12 - pretrain_logger - INFO - Pretrain memory reserved: 24.00 MB
[2026-06-16 01:55:12,377][pretrain_logger][INFO] - Pretrain memory reserved: 24.00 MB
2026-06-16 01:55:12 - pretrain_logger - INFO - Pretrain memory allocated: 18.04 MB
[2026-06-16 01:55:12,377][pretrain_logger][INFO] - Pretrain memory allocated: 18.04 MB
2026-06-16 01:55:12 - pretrain_logger - INFO - Current learning rate: 0.0005
[2026-06-16 01:55:12,377][pretrain_logger][INFO] - Current learning rate: 0.0005
2026-06-16 01:55:12 - pretrain_logger - INFO - Logged epoch Pretrain 6 info to /public/home/202411094934/python_project/Spatio-Temporal-Library/time-series/2026-06-16/itransformer/pretrain10/etth2/time-series/seed_1/training_log.json
[2026-06-16 01:55:12,380][pretrain_logger][INFO] - Logged epoch Pretrain 6 info to /public/home/202411094934/python_project/Spatio-Temporal-Library/time-series/2026-06-16/itransformer/pretrain10/etth2/time-series/seed_1/training_log.json
2026-06-16 01:57:57 - pretrain_logger - INFO - [JEPA Pretrain] Epoch 7/10, loss=0.733677, time=164.75s
[2026-06-16 01:57:57,134][pretrain_logger][INFO] - [JEPA Pretrain] Epoch 7/10, loss=0.733677, time=164.75s
2026-06-16 01:57:57 - pretrain_logger - INFO - Pretrain loss: 0.7336773279136923
[2026-06-16 01:57:57,135][pretrain_logger][INFO] - Pretrain loss: 0.7336773279136923
2026-06-16 01:57:57 - pretrain_logger - INFO - Pretrain time: 164.75377440452576s
[2026-06-16 01:57:57,135][pretrain_logger][INFO] - Pretrain time: 164.75377440452576s
2026-06-16 01:57:57 - pretrain_logger - INFO - Pretrain memory reserved: 24.00 MB
[2026-06-16 01:57:57,135][pretrain_logger][INFO] - Pretrain memory reserved: 24.00 MB
2026-06-16 01:57:57 - pretrain_logger - INFO - Pretrain memory allocated: 18.04 MB
[2026-06-16 01:57:57,135][pretrain_logger][INFO] - Pretrain memory allocated: 18.04 MB
2026-06-16 01:57:57 - pretrain_logger - INFO - Current learning rate: 0.0005
[2026-06-16 01:57:57,135][pretrain_logger][INFO] - Current learning rate: 0.0005
2026-06-16 01:57:57 - pretrain_logger - INFO - Logged epoch Pretrain 7 info to /public/home/202411094934/python_project/Spatio-Temporal-Library/time-series/2026-06-16/itransformer/pretrain10/etth2/time-series/seed_1/training_log.json
[2026-06-16 01:57:57,138][pretrain_logger][INFO] - Logged epoch Pretrain 7 info to /public/home/202411094934/python_project/Spatio-Temporal-Library/time-series/2026-06-16/itransformer/pretrain10/etth2/time-series/seed_1/training_log.json
2026-06-16 02:00:41 - pretrain_logger - INFO - [JEPA Pretrain] Epoch 8/10, loss=0.713839, time=164.60s
[2026-06-16 02:00:41,740][pretrain_logger][INFO] - [JEPA Pretrain] Epoch 8/10, loss=0.713839, time=164.60s
2026-06-16 02:00:41 - pretrain_logger - INFO - Pretrain loss: 0.7138393509793185
[2026-06-16 02:00:41,762][pretrain_logger][INFO] - Pretrain loss: 0.7138393509793185
2026-06-16 02:00:41 - pretrain_logger - INFO - Pretrain time: 164.6019480228424s
[2026-06-16 02:00:41,762][pretrain_logger][INFO] - Pretrain time: 164.6019480228424s
2026-06-16 02:00:41 - pretrain_logger - INFO - Pretrain memory reserved: 24.00 MB
[2026-06-16 02:00:41,762][pretrain_logger][INFO] - Pretrain memory reserved: 24.00 MB
2026-06-16 02:00:41 - pretrain_logger - INFO - Pretrain memory allocated: 18.04 MB
[2026-06-16 02:00:41,762][pretrain_logger][INFO] - Pretrain memory allocated: 18.04 MB
2026-06-16 02:00:41 - pretrain_logger - INFO - Current learning rate: 0.0005
[2026-06-16 02:00:41,763][pretrain_logger][INFO] - Current learning rate: 0.0005
2026-06-16 02:00:41 - pretrain_logger - INFO - Logged epoch Pretrain 8 info to /public/home/202411094934/python_project/Spatio-Temporal-Library/time-series/2026-06-16/itransformer/pretrain10/etth2/time-series/seed_1/training_log.json
[2026-06-16 02:00:41,765][pretrain_logger][INFO] - Logged epoch Pretrain 8 info to /public/home/202411094934/python_project/Spatio-Temporal-Library/time-series/2026-06-16/itransformer/pretrain10/etth2/time-series/seed_1/training_log.json
2026-06-16 02:03:26 - pretrain_logger - INFO - [JEPA Pretrain] Epoch 9/10, loss=0.709544, time=164.89s
[2026-06-16 02:03:26,653][pretrain_logger][INFO] - [JEPA Pretrain] Epoch 9/10, loss=0.709544, time=164.89s
2026-06-16 02:03:26 - pretrain_logger - INFO - Pretrain loss: 0.709544126167853
[2026-06-16 02:03:26,654][pretrain_logger][INFO] - Pretrain loss: 0.709544126167853
2026-06-16 02:03:26 - pretrain_logger - INFO - Pretrain time: 164.8877956867218s
[2026-06-16 02:03:26,654][pretrain_logger][INFO] - Pretrain time: 164.8877956867218s
2026-06-16 02:03:26 - pretrain_logger - INFO - Pretrain memory reserved: 24.00 MB
[2026-06-16 02:03:26,654][pretrain_logger][INFO] - Pretrain memory reserved: 24.00 MB
2026-06-16 02:03:26 - pretrain_logger - INFO - Pretrain memory allocated: 18.04 MB
[2026-06-16 02:03:26,654][pretrain_logger][INFO] - Pretrain memory allocated: 18.04 MB
2026-06-16 02:03:26 - pretrain_logger - INFO - Current learning rate: 0.0005
[2026-06-16 02:03:26,655][pretrain_logger][INFO] - Current learning rate: 0.0005
2026-06-16 02:03:26 - pretrain_logger - INFO - Logged epoch Pretrain 9 info to /public/home/202411094934/python_project/Spatio-Temporal-Library/time-series/2026-06-16/itransformer/pretrain10/etth2/time-series/seed_1/training_log.json
[2026-06-16 02:03:26,658][pretrain_logger][INFO] - Logged epoch Pretrain 9 info to /public/home/202411094934/python_project/Spatio-Temporal-Library/time-series/2026-06-16/itransformer/pretrain10/etth2/time-series/seed_1/training_log.json
2026-06-16 02:06:11 - pretrain_logger - INFO - [JEPA Pretrain] Epoch 10/10, loss=0.694510, time=164.72s
[2026-06-16 02:06:11,375][pretrain_logger][INFO] - [JEPA Pretrain] Epoch 10/10, loss=0.694510, time=164.72s
2026-06-16 02:06:11 - pretrain_logger - INFO - Pretrain loss: 0.6945101404730245
[2026-06-16 02:06:11,397][pretrain_logger][INFO] - Pretrain loss: 0.6945101404730245
2026-06-16 02:06:11 - pretrain_logger - INFO - Pretrain time: 164.71694326400757s
[2026-06-16 02:06:11,397][pretrain_logger][INFO] - Pretrain time: 164.71694326400757s
2026-06-16 02:06:11 - pretrain_logger - INFO - Pretrain memory reserved: 24.00 MB
[2026-06-16 02:06:11,397][pretrain_logger][INFO] - Pretrain memory reserved: 24.00 MB
2026-06-16 02:06:11 - pretrain_logger - INFO - Pretrain memory allocated: 18.04 MB
[2026-06-16 02:06:11,397][pretrain_logger][INFO] - Pretrain memory allocated: 18.04 MB
2026-06-16 02:06:11 - pretrain_logger - INFO - Current learning rate: 0.0005
[2026-06-16 02:06:11,398][pretrain_logger][INFO] - Current learning rate: 0.0005
2026-06-16 02:06:11 - pretrain_logger - INFO - Logged epoch Pretrain 10 info to /public/home/202411094934/python_project/Spatio-Temporal-Library/time-series/2026-06-16/itransformer/pretrain10/etth2/time-series/seed_1/training_log.json
[2026-06-16 02:06:11,400][pretrain_logger][INFO] - Logged epoch Pretrain 10 info to /public/home/202411094934/python_project/Spatio-Temporal-Library/time-series/2026-06-16/itransformer/pretrain10/etth2/time-series/seed_1/training_log.json
2026-06-16 02:06:11 - pretrain_logger - INFO - JEPA pretraining completed.
[2026-06-16 02:06:11,400][pretrain_logger][INFO] - JEPA pretraining completed.
2026-06-16 10:00:45 - pretrain_logger - INFO - Model parameters: 158,912
[2026-06-16 10:00:45,554][pretrain_logger][INFO] - Model parameters: 158,912
2026-06-16 10:00:45 - pretrain_logger - INFO - Log file already exists at /public/home/202411094934/python_project/Spatio-Temporal-Library/time-series/2026-06-16/itransformer/pretrain10/etth2/time-series/seed_1/training_log.json, appending to it.
[2026-06-16 10:00:45,563][pretrain_logger][INFO] - Log file already exists at /public/home/202411094934/python_project/Spatio-Temporal-Library/time-series/2026-06-16/itransformer/pretrain10/etth2/time-series/seed_1/training_log.json, appending to it.
2026-06-16 10:00:45 - pretrain_logger - INFO - Starting JEPA pretraining...
[2026-06-16 10:00:45,563][pretrain_logger][INFO] - Starting JEPA pretraining...
2026-06-16 10:03:31 - pretrain_logger - INFO - [JEPA Pretrain] Epoch 1/10, loss=0.755840, time=165.89s
[2026-06-16 10:03:31,449][pretrain_logger][INFO] - [JEPA Pretrain] Epoch 1/10, loss=0.755840, time=165.89s
2026-06-16 10:03:31 - pretrain_logger - INFO - Pretrain loss: 0.7558397265652066
[2026-06-16 10:03:31,450][pretrain_logger][INFO] - Pretrain loss: 0.7558397265652066
2026-06-16 10:03:31 - pretrain_logger - INFO - Pretrain time: 165.88562083244324s
[2026-06-16 10:03:31,450][pretrain_logger][INFO] - Pretrain time: 165.88562083244324s
2026-06-16 10:03:31 - pretrain_logger - INFO - Pretrain memory reserved: 24.00 MB
[2026-06-16 10:03:31,450][pretrain_logger][INFO] - Pretrain memory reserved: 24.00 MB
2026-06-16 10:03:31 - pretrain_logger - INFO - Pretrain memory allocated: 18.04 MB
[2026-06-16 10:03:31,450][pretrain_logger][INFO] - Pretrain memory allocated: 18.04 MB
2026-06-16 10:03:31 - pretrain_logger - INFO - Current learning rate: 0.0005
[2026-06-16 10:03:31,450][pretrain_logger][INFO] - Current learning rate: 0.0005
2026-06-16 10:03:31 - pretrain_logger - INFO - Logged epoch Pretrain 1 info to /public/home/202411094934/python_project/Spatio-Temporal-Library/time-series/2026-06-16/itransformer/pretrain10/etth2/time-series/seed_1/training_log.json
[2026-06-16 10:03:31,453][pretrain_logger][INFO] - Logged epoch Pretrain 1 info to /public/home/202411094934/python_project/Spatio-Temporal-Library/time-series/2026-06-16/itransformer/pretrain10/etth2/time-series/seed_1/training_log.json
2026-06-16 10:06:16 - pretrain_logger - INFO - [JEPA Pretrain] Epoch 2/10, loss=0.834477, time=165.50s
[2026-06-16 10:06:16,949][pretrain_logger][INFO] - [JEPA Pretrain] Epoch 2/10, loss=0.834477, time=165.50s
2026-06-16 10:06:16 - pretrain_logger - INFO - Pretrain loss: 0.8344769910395547
[2026-06-16 10:06:16,973][pretrain_logger][INFO] - Pretrain loss: 0.8344769910395547
2026-06-16 10:06:16 - pretrain_logger - INFO - Pretrain time: 165.49540519714355s
[2026-06-16 10:06:16,973][pretrain_logger][INFO] - Pretrain time: 165.49540519714355s
2026-06-16 10:06:16 - pretrain_logger - INFO - Pretrain memory reserved: 24.00 MB
[2026-06-16 10:06:16,973][pretrain_logger][INFO] - Pretrain memory reserved: 24.00 MB
2026-06-16 10:06:16 - pretrain_logger - INFO - Pretrain memory allocated: 18.04 MB
[2026-06-16 10:06:16,973][pretrain_logger][INFO] - Pretrain memory allocated: 18.04 MB
2026-06-16 10:06:16 - pretrain_logger - INFO - Current learning rate: 0.0005
[2026-06-16 10:06:16,973][pretrain_logger][INFO] - Current learning rate: 0.0005
2026-06-16 10:06:16 - pretrain_logger - INFO - Logged epoch Pretrain 2 info to /public/home/202411094934/python_project/Spatio-Temporal-Library/time-series/2026-06-16/itransformer/pretrain10/etth2/time-series/seed_1/training_log.json
[2026-06-16 10:06:16,976][pretrain_logger][INFO] - Logged epoch Pretrain 2 info to /public/home/202411094934/python_project/Spatio-Temporal-Library/time-series/2026-06-16/itransformer/pretrain10/etth2/time-series/seed_1/training_log.json
2026-06-16 10:09:01 - pretrain_logger - INFO - [JEPA Pretrain] Epoch 3/10, loss=0.816533, time=164.70s
[2026-06-16 10:09:01,672][pretrain_logger][INFO] - [JEPA Pretrain] Epoch 3/10, loss=0.816533, time=164.70s
2026-06-16 10:09:01 - pretrain_logger - INFO - Pretrain loss: 0.8165325884529028
[2026-06-16 10:09:01,673][pretrain_logger][INFO] - Pretrain loss: 0.8165325884529028
2026-06-16 10:09:01 - pretrain_logger - INFO - Pretrain time: 164.6956672668457s
[2026-06-16 10:09:01,673][pretrain_logger][INFO] - Pretrain time: 164.6956672668457s
2026-06-16 10:09:01 - pretrain_logger - INFO - Pretrain memory reserved: 24.00 MB
[2026-06-16 10:09:01,673][pretrain_logger][INFO] - Pretrain memory reserved: 24.00 MB
2026-06-16 10:09:01 - pretrain_logger - INFO - Pretrain memory allocated: 18.04 MB
[2026-06-16 10:09:01,673][pretrain_logger][INFO] - Pretrain memory allocated: 18.04 MB
2026-06-16 10:09:01 - pretrain_logger - INFO - Current learning rate: 0.0005
[2026-06-16 10:09:01,673][pretrain_logger][INFO] - Current learning rate: 0.0005
2026-06-16 10:09:01 - pretrain_logger - INFO - Logged epoch Pretrain 3 info to /public/home/202411094934/python_project/Spatio-Temporal-Library/time-series/2026-06-16/itransformer/pretrain10/etth2/time-series/seed_1/training_log.json
[2026-06-16 10:09:01,676][pretrain_logger][INFO] - Logged epoch Pretrain 3 info to /public/home/202411094934/python_project/Spatio-Temporal-Library/time-series/2026-06-16/itransformer/pretrain10/etth2/time-series/seed_1/training_log.json
2026-06-16 10:11:46 - pretrain_logger - INFO - [JEPA Pretrain] Epoch 4/10, loss=0.813253, time=164.67s
[2026-06-16 10:11:46,345][pretrain_logger][INFO] - [JEPA Pretrain] Epoch 4/10, loss=0.813253, time=164.67s
2026-06-16 10:11:46 - pretrain_logger - INFO - Pretrain loss: 0.8132531774705114
[2026-06-16 10:11:46,368][pretrain_logger][INFO] - Pretrain loss: 0.8132531774705114
2026-06-16 10:11:46 - pretrain_logger - INFO - Pretrain time: 164.66956424713135s
[2026-06-16 10:11:46,369][pretrain_logger][INFO] - Pretrain time: 164.66956424713135s
2026-06-16 10:11:46 - pretrain_logger - INFO - Pretrain memory reserved: 24.00 MB
[2026-06-16 10:11:46,369][pretrain_logger][INFO] - Pretrain memory reserved: 24.00 MB
2026-06-16 10:11:46 - pretrain_logger - INFO - Pretrain memory allocated: 18.04 MB
[2026-06-16 10:11:46,369][pretrain_logger][INFO] - Pretrain memory allocated: 18.04 MB
2026-06-16 10:11:46 - pretrain_logger - INFO - Current learning rate: 0.0005
[2026-06-16 10:11:46,369][pretrain_logger][INFO] - Current learning rate: 0.0005
2026-06-16 10:11:46 - pretrain_logger - INFO - Logged epoch Pretrain 4 info to /public/home/202411094934/python_project/Spatio-Temporal-Library/time-series/2026-06-16/itransformer/pretrain10/etth2/time-series/seed_1/training_log.json
[2026-06-16 10:11:46,371][pretrain_logger][INFO] - Logged epoch Pretrain 4 info to /public/home/202411094934/python_project/Spatio-Temporal-Library/time-series/2026-06-16/itransformer/pretrain10/etth2/time-series/seed_1/training_log.json
2026-06-16 10:14:31 - pretrain_logger - INFO - [JEPA Pretrain] Epoch 5/10, loss=0.780669, time=165.54s
[2026-06-16 10:14:31,912][pretrain_logger][INFO] - [JEPA Pretrain] Epoch 5/10, loss=0.780669, time=165.54s
2026-06-16 10:14:31 - pretrain_logger - INFO - Pretrain loss: 0.7806686457310977
[2026-06-16 10:14:31,913][pretrain_logger][INFO] - Pretrain loss: 0.7806686457310977
2026-06-16 10:14:31 - pretrain_logger - INFO - Pretrain time: 165.5403664112091s
[2026-06-16 10:14:31,913][pretrain_logger][INFO] - Pretrain time: 165.5403664112091s
2026-06-16 10:14:31 - pretrain_logger - INFO - Pretrain memory reserved: 24.00 MB
[2026-06-16 10:14:31,913][pretrain_logger][INFO] - Pretrain memory reserved: 24.00 MB
2026-06-16 10:14:31 - pretrain_logger - INFO - Pretrain memory allocated: 18.04 MB
[2026-06-16 10:14:31,913][pretrain_logger][INFO] - Pretrain memory allocated: 18.04 MB
2026-06-16 10:14:31 - pretrain_logger - INFO - Current learning rate: 0.0005
[2026-06-16 10:14:31,913][pretrain_logger][INFO] - Current learning rate: 0.0005
2026-06-16 10:14:31 - pretrain_logger - INFO - Logged epoch Pretrain 5 info to /public/home/202411094934/python_project/Spatio-Temporal-Library/time-series/2026-06-16/itransformer/pretrain10/etth2/time-series/seed_1/training_log.json
[2026-06-16 10:14:31,916][pretrain_logger][INFO] - Logged epoch Pretrain 5 info to /public/home/202411094934/python_project/Spatio-Temporal-Library/time-series/2026-06-16/itransformer/pretrain10/etth2/time-series/seed_1/training_log.json
2026-06-16 10:17:17 - pretrain_logger - INFO - [JEPA Pretrain] Epoch 6/10, loss=0.760829, time=165.74s
[2026-06-16 10:17:17,661][pretrain_logger][INFO] - [JEPA Pretrain] Epoch 6/10, loss=0.760829, time=165.74s
2026-06-16 10:17:17 - pretrain_logger - INFO - Pretrain loss: 0.7608290556505007
[2026-06-16 10:17:17,684][pretrain_logger][INFO] - Pretrain loss: 0.7608290556505007
2026-06-16 10:17:17 - pretrain_logger - INFO - Pretrain time: 165.7446928024292s
[2026-06-16 10:17:17,684][pretrain_logger][INFO] - Pretrain time: 165.7446928024292s
2026-06-16 10:17:17 - pretrain_logger - INFO - Pretrain memory reserved: 24.00 MB
[2026-06-16 10:17:17,684][pretrain_logger][INFO] - Pretrain memory reserved: 24.00 MB
2026-06-16 10:17:17 - pretrain_logger - INFO - Pretrain memory allocated: 18.04 MB
[2026-06-16 10:17:17,684][pretrain_logger][INFO] - Pretrain memory allocated: 18.04 MB
2026-06-16 10:17:17 - pretrain_logger - INFO - Current learning rate: 0.0005
[2026-06-16 10:17:17,685][pretrain_logger][INFO] - Current learning rate: 0.0005
2026-06-16 10:17:17 - pretrain_logger - INFO - Logged epoch Pretrain 6 info to /public/home/202411094934/python_project/Spatio-Temporal-Library/time-series/2026-06-16/itransformer/pretrain10/etth2/time-series/seed_1/training_log.json
[2026-06-16 10:17:17,688][pretrain_logger][INFO] - Logged epoch Pretrain 6 info to /public/home/202411094934/python_project/Spatio-Temporal-Library/time-series/2026-06-16/itransformer/pretrain10/etth2/time-series/seed_1/training_log.json
2026-06-16 10:20:03 - pretrain_logger - INFO - [JEPA Pretrain] Epoch 7/10, loss=0.733677, time=165.31s
[2026-06-16 10:20:03,002][pretrain_logger][INFO] - [JEPA Pretrain] Epoch 7/10, loss=0.733677, time=165.31s
2026-06-16 10:20:03 - pretrain_logger - INFO - Pretrain loss: 0.7336773279136923
[2026-06-16 10:20:03,003][pretrain_logger][INFO] - Pretrain loss: 0.7336773279136923
2026-06-16 10:20:03 - pretrain_logger - INFO - Pretrain time: 165.31411981582642s
[2026-06-16 10:20:03,003][pretrain_logger][INFO] - Pretrain time: 165.31411981582642s
2026-06-16 10:20:03 - pretrain_logger - INFO - Pretrain memory reserved: 24.00 MB
[2026-06-16 10:20:03,003][pretrain_logger][INFO] - Pretrain memory reserved: 24.00 MB
2026-06-16 10:20:03 - pretrain_logger - INFO - Pretrain memory allocated: 18.04 MB
[2026-06-16 10:20:03,003][pretrain_logger][INFO] - Pretrain memory allocated: 18.04 MB
2026-06-16 10:20:03 - pretrain_logger - INFO - Current learning rate: 0.0005
[2026-06-16 10:20:03,003][pretrain_logger][INFO] - Current learning rate: 0.0005
2026-06-16 10:20:03 - pretrain_logger - INFO - Logged epoch Pretrain 7 info to /public/home/202411094934/python_project/Spatio-Temporal-Library/time-series/2026-06-16/itransformer/pretrain10/etth2/time-series/seed_1/training_log.json
[2026-06-16 10:20:03,006][pretrain_logger][INFO] - Logged epoch Pretrain 7 info to /public/home/202411094934/python_project/Spatio-Temporal-Library/time-series/2026-06-16/itransformer/pretrain10/etth2/time-series/seed_1/training_log.json
2026-06-16 10:22:48 - pretrain_logger - INFO - [JEPA Pretrain] Epoch 8/10, loss=0.713839, time=165.55s
[2026-06-16 10:22:48,552][pretrain_logger][INFO] - [JEPA Pretrain] Epoch 8/10, loss=0.713839, time=165.55s
2026-06-16 10:22:48 - pretrain_logger - INFO - Pretrain loss: 0.7138393509793185
[2026-06-16 10:22:48,576][pretrain_logger][INFO] - Pretrain loss: 0.7138393509793185
2026-06-16 10:22:48 - pretrain_logger - INFO - Pretrain time: 165.54608035087585s
[2026-06-16 10:22:48,576][pretrain_logger][INFO] - Pretrain time: 165.54608035087585s
2026-06-16 10:22:48 - pretrain_logger - INFO - Pretrain memory reserved: 24.00 MB
[2026-06-16 10:22:48,576][pretrain_logger][INFO] - Pretrain memory reserved: 24.00 MB
2026-06-16 10:22:48 - pretrain_logger - INFO - Pretrain memory allocated: 18.04 MB
[2026-06-16 10:22:48,576][pretrain_logger][INFO] - Pretrain memory allocated: 18.04 MB
2026-06-16 10:22:48 - pretrain_logger - INFO - Current learning rate: 0.0005
[2026-06-16 10:22:48,576][pretrain_logger][INFO] - Current learning rate: 0.0005
2026-06-16 10:22:48 - pretrain_logger - INFO - Logged epoch Pretrain 8 info to /public/home/202411094934/python_project/Spatio-Temporal-Library/time-series/2026-06-16/itransformer/pretrain10/etth2/time-series/seed_1/training_log.json
[2026-06-16 10:22:48,579][pretrain_logger][INFO] - Logged epoch Pretrain 8 info to /public/home/202411094934/python_project/Spatio-Temporal-Library/time-series/2026-06-16/itransformer/pretrain10/etth2/time-series/seed_1/training_log.json
2026-06-16 10:25:34 - pretrain_logger - INFO - [JEPA Pretrain] Epoch 9/10, loss=0.709544, time=165.44s
[2026-06-16 10:25:34,021][pretrain_logger][INFO] - [JEPA Pretrain] Epoch 9/10, loss=0.709544, time=165.44s
2026-06-16 10:25:34 - pretrain_logger - INFO - Pretrain loss: 0.709544126167853
[2026-06-16 10:25:34,022][pretrain_logger][INFO] - Pretrain loss: 0.709544126167853
2026-06-16 10:25:34 - pretrain_logger - INFO - Pretrain time: 165.44116377830505s
[2026-06-16 10:25:34,022][pretrain_logger][INFO] - Pretrain time: 165.44116377830505s
2026-06-16 10:25:34 - pretrain_logger - INFO - Pretrain memory reserved: 24.00 MB
[2026-06-16 10:25:34,022][pretrain_logger][INFO] - Pretrain memory reserved: 24.00 MB
2026-06-16 10:25:34 - pretrain_logger - INFO - Pretrain memory allocated: 18.04 MB
[2026-06-16 10:25:34,022][pretrain_logger][INFO] - Pretrain memory allocated: 18.04 MB
2026-06-16 10:25:34 - pretrain_logger - INFO - Current learning rate: 0.0005
[2026-06-16 10:25:34,022][pretrain_logger][INFO] - Current learning rate: 0.0005
2026-06-16 10:25:34 - pretrain_logger - INFO - Logged epoch Pretrain 9 info to /public/home/202411094934/python_project/Spatio-Temporal-Library/time-series/2026-06-16/itransformer/pretrain10/etth2/time-series/seed_1/training_log.json
[2026-06-16 10:25:34,025][pretrain_logger][INFO] - Logged epoch Pretrain 9 info to /public/home/202411094934/python_project/Spatio-Temporal-Library/time-series/2026-06-16/itransformer/pretrain10/etth2/time-series/seed_1/training_log.json
2026-06-16 10:28:19 - pretrain_logger - INFO - [JEPA Pretrain] Epoch 10/10, loss=0.694510, time=165.43s
[2026-06-16 10:28:19,458][pretrain_logger][INFO] - [JEPA Pretrain] Epoch 10/10, loss=0.694510, time=165.43s
2026-06-16 10:28:19 - pretrain_logger - INFO - Pretrain loss: 0.6945101404730245
[2026-06-16 10:28:19,481][pretrain_logger][INFO] - Pretrain loss: 0.6945101404730245
2026-06-16 10:28:19 - pretrain_logger - INFO - Pretrain time: 165.43270921707153s
[2026-06-16 10:28:19,482][pretrain_logger][INFO] - Pretrain time: 165.43270921707153s
2026-06-16 10:28:19 - pretrain_logger - INFO - Pretrain memory reserved: 24.00 MB
[2026-06-16 10:28:19,482][pretrain_logger][INFO] - Pretrain memory reserved: 24.00 MB
2026-06-16 10:28:19 - pretrain_logger - INFO - Pretrain memory allocated: 18.04 MB
[2026-06-16 10:28:19,482][pretrain_logger][INFO] - Pretrain memory allocated: 18.04 MB
2026-06-16 10:28:19 - pretrain_logger - INFO - Current learning rate: 0.0005
[2026-06-16 10:28:19,482][pretrain_logger][INFO] - Current learning rate: 0.0005
2026-06-16 10:28:19 - pretrain_logger - INFO - Logged epoch Pretrain 10 info to /public/home/202411094934/python_project/Spatio-Temporal-Library/time-series/2026-06-16/itransformer/pretrain10/etth2/time-series/seed_1/training_log.json
[2026-06-16 10:28:19,485][pretrain_logger][INFO] - Logged epoch Pretrain 10 info to /public/home/202411094934/python_project/Spatio-Temporal-Library/time-series/2026-06-16/itransformer/pretrain10/etth2/time-series/seed_1/training_log.json
2026-06-16 10:28:19 - pretrain_logger - INFO - JEPA pretraining completed.
[2026-06-16 10:28:19,485][pretrain_logger][INFO] - JEPA pretraining completed.
