2026-06-16 02:32:59 - finetune_logger - INFO - Loaded pretrained checkpoint from: /public/home/202411094934/python_project/Spatio-Temporal-Library/time-series/2026-06-16/itransformer/pretrain10/ettm2/time-series/seed_0/jepa_pretrain_epoch_10.pth
Missing keys: []
Unexpected keys: []
[2026-06-16 02:32:59,945][finetune_logger][INFO] - Loaded pretrained checkpoint from: /public/home/202411094934/python_project/Spatio-Temporal-Library/time-series/2026-06-16/itransformer/pretrain10/ettm2/time-series/seed_0/jepa_pretrain_epoch_10.pth
Missing keys: []
Unexpected keys: []
2026-06-16 02:32:59 - finetune_logger - INFO - Model parameters: 158,912
[2026-06-16 02:32:59,947][finetune_logger][INFO] - Model parameters: 158,912
2026-06-16 02:32:59 - finetune_logger - INFO - Created new log file at /public/home/202411094934/python_project/Spatio-Temporal-Library/time-series/2026-06-16/itransformer/pretrain10_finetune10/ettm2/time-series/seed_0/training_log.json
[2026-06-16 02:32:59,950][finetune_logger][INFO] - Created new log file at /public/home/202411094934/python_project/Spatio-Temporal-Library/time-series/2026-06-16/itransformer/pretrain10_finetune10/ettm2/time-series/seed_0/training_log.json
2026-06-16 02:32:59 - finetune_logger - INFO - Starting training...
[2026-06-16 02:32:59,950][finetune_logger][INFO] - Starting training...
2026-06-16 02:32:59 - finetune_logger - INFO - Epoch 1/10
[2026-06-16 02:32:59,950][finetune_logger][INFO] - Epoch 1/10
2026-06-16 02:41:32 - finetune_logger - INFO - Train loss: 1.9687745231387064
[2026-06-16 02:41:32,539][finetune_logger][INFO] - Train loss: 1.9687745231387064
2026-06-16 02:41:32 - finetune_logger - INFO - Train time: 512.5880315303802s
[2026-06-16 02:41:32,539][finetune_logger][INFO] - Train time: 512.5880315303802s
2026-06-16 02:41:32 - finetune_logger - INFO - Train memory reserved: 24.00 MB
[2026-06-16 02:41:32,539][finetune_logger][INFO] - Train memory reserved: 24.00 MB
2026-06-16 02:41:32 - finetune_logger - INFO - Train memory allocated: 18.10 MB
[2026-06-16 02:41:32,540][finetune_logger][INFO] - Train memory allocated: 18.10 MB
2026-06-16 02:41:32 - finetune_logger - INFO - Current learning rate: 0.0005
[2026-06-16 02:41:32,540][finetune_logger][INFO] - Current learning rate: 0.0005
2026-06-16 02:42:43 - finetune_logger - INFO - Validation metrics: {'MAE': 1.9923473459955914, 'RMSE': 2.8919639376286064}
[2026-06-16 02:42:43,602][finetune_logger][INFO] - Validation metrics: {'MAE': 1.9923473459955914, 'RMSE': 2.8919639376286064}
2026-06-16 02:42:43 - finetune_logger - INFO - Val time: 71.06s
[2026-06-16 02:42:43,602][finetune_logger][INFO] - Val time: 71.06s
2026-06-16 02:42:43 - finetune_logger - INFO - Val memory reserved: 24.00 MB
[2026-06-16 02:42:43,602][finetune_logger][INFO] - Val memory reserved: 24.00 MB
2026-06-16 02:42:43 - finetune_logger - INFO - Val memory allocated: 18.10 MB
[2026-06-16 02:42:43,602][finetune_logger][INFO] - Val memory allocated: 18.10 MB
2026-06-16 02:42:43 - finetune_logger - INFO - Logged epoch 1 info to /public/home/202411094934/python_project/Spatio-Temporal-Library/time-series/2026-06-16/itransformer/pretrain10_finetune10/ettm2/time-series/seed_0/training_log.json
[2026-06-16 02:42:43,606][finetune_logger][INFO] - Logged epoch 1 info to /public/home/202411094934/python_project/Spatio-Temporal-Library/time-series/2026-06-16/itransformer/pretrain10_finetune10/ettm2/time-series/seed_0/training_log.json
2026-06-16 02:42:43 - finetune_logger - INFO - New best model! Val loss: 1.992347
[2026-06-16 02:42:43,606][finetune_logger][INFO] - New best model! Val loss: 1.992347
2026-06-16 02:43:54 - finetune_logger - INFO - Test metrics: {'MAE': 2.12883735281916, 'RMSE': 3.212055233929147}
[2026-06-16 02:43:54,622][finetune_logger][INFO] - Test metrics: {'MAE': 2.12883735281916, 'RMSE': 3.212055233929147}
2026-06-16 02:43:54 - finetune_logger - INFO - Test time: 70.97s
[2026-06-16 02:43:54,622][finetune_logger][INFO] - Test time: 70.97s
2026-06-16 02:43:54 - finetune_logger - INFO - Test memory reserved: 24.00 MB
[2026-06-16 02:43:54,622][finetune_logger][INFO] - Test memory reserved: 24.00 MB
2026-06-16 02:43:54 - finetune_logger - INFO - Test memory allocated: 18.10 MB
[2026-06-16 02:43:54,623][finetune_logger][INFO] - Test memory allocated: 18.10 MB
2026-06-16 02:43:54 - finetune_logger - INFO - Epoch 2/10
[2026-06-16 02:43:54,623][finetune_logger][INFO] - Epoch 2/10
2026-06-16 02:52:26 - finetune_logger - INFO - Train loss: 1.8391072762080052
[2026-06-16 02:52:26,754][finetune_logger][INFO] - Train loss: 1.8391072762080052
2026-06-16 02:52:26 - finetune_logger - INFO - Train time: 512.1306664943695s
[2026-06-16 02:52:26,754][finetune_logger][INFO] - Train time: 512.1306664943695s
2026-06-16 02:52:26 - finetune_logger - INFO - Train memory reserved: 24.00 MB
[2026-06-16 02:52:26,754][finetune_logger][INFO] - Train memory reserved: 24.00 MB
2026-06-16 02:52:26 - finetune_logger - INFO - Train memory allocated: 18.10 MB
[2026-06-16 02:52:26,754][finetune_logger][INFO] - Train memory allocated: 18.10 MB
2026-06-16 02:52:26 - finetune_logger - INFO - Current learning rate: 0.0005
[2026-06-16 02:52:26,755][finetune_logger][INFO] - Current learning rate: 0.0005
2026-06-16 02:53:37 - finetune_logger - INFO - Validation metrics: {'MAE': 1.96577476938195, 'RMSE': 2.8564474376000213}
[2026-06-16 02:53:37,934][finetune_logger][INFO] - Validation metrics: {'MAE': 1.96577476938195, 'RMSE': 2.8564474376000213}
2026-06-16 02:53:37 - finetune_logger - INFO - Val time: 71.18s
[2026-06-16 02:53:37,934][finetune_logger][INFO] - Val time: 71.18s
2026-06-16 02:53:37 - finetune_logger - INFO - Val memory reserved: 24.00 MB
[2026-06-16 02:53:37,934][finetune_logger][INFO] - Val memory reserved: 24.00 MB
2026-06-16 02:53:37 - finetune_logger - INFO - Val memory allocated: 18.10 MB
[2026-06-16 02:53:37,934][finetune_logger][INFO] - Val memory allocated: 18.10 MB
2026-06-16 02:53:37 - finetune_logger - INFO - Logged epoch 2 info to /public/home/202411094934/python_project/Spatio-Temporal-Library/time-series/2026-06-16/itransformer/pretrain10_finetune10/ettm2/time-series/seed_0/training_log.json
[2026-06-16 02:53:37,937][finetune_logger][INFO] - Logged epoch 2 info to /public/home/202411094934/python_project/Spatio-Temporal-Library/time-series/2026-06-16/itransformer/pretrain10_finetune10/ettm2/time-series/seed_0/training_log.json
2026-06-16 02:53:37 - finetune_logger - INFO - New best model! Val loss: 1.965775
[2026-06-16 02:53:37,937][finetune_logger][INFO] - New best model! Val loss: 1.965775
2026-06-16 02:54:49 - finetune_logger - INFO - Test metrics: {'MAE': 2.122706498816132, 'RMSE': 3.215015941009088}
[2026-06-16 02:54:49,055][finetune_logger][INFO] - Test metrics: {'MAE': 2.122706498816132, 'RMSE': 3.215015941009088}
2026-06-16 02:54:49 - finetune_logger - INFO - Test time: 71.07s
[2026-06-16 02:54:49,055][finetune_logger][INFO] - Test time: 71.07s
2026-06-16 02:54:49 - finetune_logger - INFO - Test memory reserved: 24.00 MB
[2026-06-16 02:54:49,055][finetune_logger][INFO] - Test memory reserved: 24.00 MB
2026-06-16 02:54:49 - finetune_logger - INFO - Test memory allocated: 18.10 MB
[2026-06-16 02:54:49,055][finetune_logger][INFO] - Test memory allocated: 18.10 MB
2026-06-16 02:54:49 - finetune_logger - INFO - Epoch 3/10
[2026-06-16 02:54:49,056][finetune_logger][INFO] - Epoch 3/10
2026-06-16 03:03:21 - finetune_logger - INFO - Train loss: 1.7903337435678093
[2026-06-16 03:03:21,114][finetune_logger][INFO] - Train loss: 1.7903337435678093
2026-06-16 03:03:21 - finetune_logger - INFO - Train time: 512.0580458641052s
[2026-06-16 03:03:21,114][finetune_logger][INFO] - Train time: 512.0580458641052s
2026-06-16 03:03:21 - finetune_logger - INFO - Train memory reserved: 24.00 MB
[2026-06-16 03:03:21,114][finetune_logger][INFO] - Train memory reserved: 24.00 MB
2026-06-16 03:03:21 - finetune_logger - INFO - Train memory allocated: 18.10 MB
[2026-06-16 03:03:21,115][finetune_logger][INFO] - Train memory allocated: 18.10 MB
2026-06-16 03:03:21 - finetune_logger - INFO - Current learning rate: 0.0005
[2026-06-16 03:03:21,115][finetune_logger][INFO] - Current learning rate: 0.0005
2026-06-16 03:04:32 - finetune_logger - INFO - Validation metrics: {'MAE': 1.9659398442736906, 'RMSE': 2.856523040533606}
[2026-06-16 03:04:32,268][finetune_logger][INFO] - Validation metrics: {'MAE': 1.9659398442736906, 'RMSE': 2.856523040533606}
2026-06-16 03:04:32 - finetune_logger - INFO - Val time: 71.15s
[2026-06-16 03:04:32,269][finetune_logger][INFO] - Val time: 71.15s
2026-06-16 03:04:32 - finetune_logger - INFO - Val memory reserved: 24.00 MB
[2026-06-16 03:04:32,269][finetune_logger][INFO] - Val memory reserved: 24.00 MB
2026-06-16 03:04:32 - finetune_logger - INFO - Val memory allocated: 18.10 MB
[2026-06-16 03:04:32,269][finetune_logger][INFO] - Val memory allocated: 18.10 MB
2026-06-16 03:04:32 - finetune_logger - INFO - Logged epoch 3 info to /public/home/202411094934/python_project/Spatio-Temporal-Library/time-series/2026-06-16/itransformer/pretrain10_finetune10/ettm2/time-series/seed_0/training_log.json
[2026-06-16 03:04:32,272][finetune_logger][INFO] - Logged epoch 3 info to /public/home/202411094934/python_project/Spatio-Temporal-Library/time-series/2026-06-16/itransformer/pretrain10_finetune10/ettm2/time-series/seed_0/training_log.json
2026-06-16 03:05:43 - finetune_logger - INFO - Test metrics: {'MAE': 2.117247986830579, 'RMSE': 3.20299579959627}
[2026-06-16 03:05:43,344][finetune_logger][INFO] - Test metrics: {'MAE': 2.117247986830579, 'RMSE': 3.20299579959627}
2026-06-16 03:05:43 - finetune_logger - INFO - Test time: 71.07s
[2026-06-16 03:05:43,344][finetune_logger][INFO] - Test time: 71.07s
2026-06-16 03:05:43 - finetune_logger - INFO - Test memory reserved: 24.00 MB
[2026-06-16 03:05:43,344][finetune_logger][INFO] - Test memory reserved: 24.00 MB
2026-06-16 03:05:43 - finetune_logger - INFO - Test memory allocated: 18.10 MB
[2026-06-16 03:05:43,344][finetune_logger][INFO] - Test memory allocated: 18.10 MB
2026-06-16 03:05:43 - finetune_logger - INFO - Epoch 4/10
[2026-06-16 03:05:43,344][finetune_logger][INFO] - Epoch 4/10
2026-06-16 03:14:15 - finetune_logger - INFO - Train loss: 1.7540843989389812
[2026-06-16 03:14:15,590][finetune_logger][INFO] - Train loss: 1.7540843989389812
2026-06-16 03:14:15 - finetune_logger - INFO - Train time: 512.2449328899384s
[2026-06-16 03:14:15,590][finetune_logger][INFO] - Train time: 512.2449328899384s
2026-06-16 03:14:15 - finetune_logger - INFO - Train memory reserved: 24.00 MB
[2026-06-16 03:14:15,590][finetune_logger][INFO] - Train memory reserved: 24.00 MB
2026-06-16 03:14:15 - finetune_logger - INFO - Train memory allocated: 18.10 MB
[2026-06-16 03:14:15,590][finetune_logger][INFO] - Train memory allocated: 18.10 MB
2026-06-16 03:14:15 - finetune_logger - INFO - Current learning rate: 0.0005
[2026-06-16 03:14:15,590][finetune_logger][INFO] - Current learning rate: 0.0005
2026-06-16 03:15:26 - finetune_logger - INFO - Validation metrics: {'MAE': 1.986650764682898, 'RMSE': 2.8936491926035024}
[2026-06-16 03:15:26,875][finetune_logger][INFO] - Validation metrics: {'MAE': 1.986650764682898, 'RMSE': 2.8936491926035024}
2026-06-16 03:15:26 - finetune_logger - INFO - Val time: 71.28s
[2026-06-16 03:15:26,876][finetune_logger][INFO] - Val time: 71.28s
2026-06-16 03:15:26 - finetune_logger - INFO - Val memory reserved: 24.00 MB
[2026-06-16 03:15:26,876][finetune_logger][INFO] - Val memory reserved: 24.00 MB
2026-06-16 03:15:26 - finetune_logger - INFO - Val memory allocated: 18.10 MB
[2026-06-16 03:15:26,876][finetune_logger][INFO] - Val memory allocated: 18.10 MB
2026-06-16 03:15:26 - finetune_logger - INFO - Logged epoch 4 info to /public/home/202411094934/python_project/Spatio-Temporal-Library/time-series/2026-06-16/itransformer/pretrain10_finetune10/ettm2/time-series/seed_0/training_log.json
[2026-06-16 03:15:26,879][finetune_logger][INFO] - Logged epoch 4 info to /public/home/202411094934/python_project/Spatio-Temporal-Library/time-series/2026-06-16/itransformer/pretrain10_finetune10/ettm2/time-series/seed_0/training_log.json
2026-06-16 03:16:38 - finetune_logger - INFO - Test metrics: {'MAE': 2.13382298953788, 'RMSE': 3.2297472942155716}
[2026-06-16 03:16:38,150][finetune_logger][INFO] - Test metrics: {'MAE': 2.13382298953788, 'RMSE': 3.2297472942155716}
2026-06-16 03:16:38 - finetune_logger - INFO - Test time: 71.27s
[2026-06-16 03:16:38,150][finetune_logger][INFO] - Test time: 71.27s
2026-06-16 03:16:38 - finetune_logger - INFO - Test memory reserved: 24.00 MB
[2026-06-16 03:16:38,150][finetune_logger][INFO] - Test memory reserved: 24.00 MB
2026-06-16 03:16:38 - finetune_logger - INFO - Test memory allocated: 18.10 MB
[2026-06-16 03:16:38,150][finetune_logger][INFO] - Test memory allocated: 18.10 MB
2026-06-16 03:16:38 - finetune_logger - INFO - Epoch 5/10
[2026-06-16 03:16:38,150][finetune_logger][INFO] - Epoch 5/10
2026-06-16 03:25:10 - finetune_logger - INFO - Train loss: 1.7229016853115526
[2026-06-16 03:25:10,327][finetune_logger][INFO] - Train loss: 1.7229016853115526
2026-06-16 03:25:10 - finetune_logger - INFO - Train time: 512.1760666370392s
[2026-06-16 03:25:10,327][finetune_logger][INFO] - Train time: 512.1760666370392s
2026-06-16 03:25:10 - finetune_logger - INFO - Train memory reserved: 24.00 MB
[2026-06-16 03:25:10,327][finetune_logger][INFO] - Train memory reserved: 24.00 MB
2026-06-16 03:25:10 - finetune_logger - INFO - Train memory allocated: 18.10 MB
[2026-06-16 03:25:10,327][finetune_logger][INFO] - Train memory allocated: 18.10 MB
2026-06-16 03:25:10 - finetune_logger - INFO - Current learning rate: 0.0005
[2026-06-16 03:25:10,327][finetune_logger][INFO] - Current learning rate: 0.0005
2026-06-16 03:26:21 - finetune_logger - INFO - Validation metrics: {'MAE': 1.9932813647001826, 'RMSE': 2.8969661074006408}
[2026-06-16 03:26:21,441][finetune_logger][INFO] - Validation metrics: {'MAE': 1.9932813647001826, 'RMSE': 2.8969661074006408}
2026-06-16 03:26:21 - finetune_logger - INFO - Val time: 71.11s
[2026-06-16 03:26:21,442][finetune_logger][INFO] - Val time: 71.11s
2026-06-16 03:26:21 - finetune_logger - INFO - Val memory reserved: 24.00 MB
[2026-06-16 03:26:21,442][finetune_logger][INFO] - Val memory reserved: 24.00 MB
2026-06-16 03:26:21 - finetune_logger - INFO - Val memory allocated: 18.10 MB
[2026-06-16 03:26:21,442][finetune_logger][INFO] - Val memory allocated: 18.10 MB
2026-06-16 03:26:21 - finetune_logger - INFO - Logged epoch 5 info to /public/home/202411094934/python_project/Spatio-Temporal-Library/time-series/2026-06-16/itransformer/pretrain10_finetune10/ettm2/time-series/seed_0/training_log.json
[2026-06-16 03:26:21,445][finetune_logger][INFO] - Logged epoch 5 info to /public/home/202411094934/python_project/Spatio-Temporal-Library/time-series/2026-06-16/itransformer/pretrain10_finetune10/ettm2/time-series/seed_0/training_log.json
2026-06-16 03:27:32 - finetune_logger - INFO - Test metrics: {'MAE': 2.145943513225571, 'RMSE': 3.2504991426713494}
[2026-06-16 03:27:32,616][finetune_logger][INFO] - Test metrics: {'MAE': 2.145943513225571, 'RMSE': 3.2504991426713494}
2026-06-16 03:27:32 - finetune_logger - INFO - Test time: 71.17s
[2026-06-16 03:27:32,616][finetune_logger][INFO] - Test time: 71.17s
2026-06-16 03:27:32 - finetune_logger - INFO - Test memory reserved: 24.00 MB
[2026-06-16 03:27:32,616][finetune_logger][INFO] - Test memory reserved: 24.00 MB
2026-06-16 03:27:32 - finetune_logger - INFO - Test memory allocated: 18.10 MB
[2026-06-16 03:27:32,616][finetune_logger][INFO] - Test memory allocated: 18.10 MB
2026-06-16 03:27:32 - finetune_logger - INFO - Epoch 6/10
[2026-06-16 03:27:32,616][finetune_logger][INFO] - Epoch 6/10
2026-06-16 03:36:04 - finetune_logger - INFO - Train loss: 1.6993630597141713
[2026-06-16 03:36:04,998][finetune_logger][INFO] - Train loss: 1.6993630597141713
2026-06-16 03:36:04 - finetune_logger - INFO - Train time: 512.3813562393188s
[2026-06-16 03:36:04,998][finetune_logger][INFO] - Train time: 512.3813562393188s
2026-06-16 03:36:04 - finetune_logger - INFO - Train memory reserved: 24.00 MB
[2026-06-16 03:36:04,999][finetune_logger][INFO] - Train memory reserved: 24.00 MB
2026-06-16 03:36:04 - finetune_logger - INFO - Train memory allocated: 18.10 MB
[2026-06-16 03:36:04,999][finetune_logger][INFO] - Train memory allocated: 18.10 MB
2026-06-16 03:36:04 - finetune_logger - INFO - Current learning rate: 0.0005
[2026-06-16 03:36:04,999][finetune_logger][INFO] - Current learning rate: 0.0005
2026-06-16 03:37:16 - finetune_logger - INFO - Validation metrics: {'MAE': 1.9782762398467932, 'RMSE': 2.88165779328589}
[2026-06-16 03:37:16,008][finetune_logger][INFO] - Validation metrics: {'MAE': 1.9782762398467932, 'RMSE': 2.88165779328589}
2026-06-16 03:37:16 - finetune_logger - INFO - Val time: 71.01s
[2026-06-16 03:37:16,008][finetune_logger][INFO] - Val time: 71.01s
2026-06-16 03:37:16 - finetune_logger - INFO - Val memory reserved: 24.00 MB
[2026-06-16 03:37:16,008][finetune_logger][INFO] - Val memory reserved: 24.00 MB
2026-06-16 03:37:16 - finetune_logger - INFO - Val memory allocated: 18.10 MB
[2026-06-16 03:37:16,009][finetune_logger][INFO] - Val memory allocated: 18.10 MB
2026-06-16 03:37:16 - finetune_logger - INFO - Logged epoch 6 info to /public/home/202411094934/python_project/Spatio-Temporal-Library/time-series/2026-06-16/itransformer/pretrain10_finetune10/ettm2/time-series/seed_0/training_log.json
[2026-06-16 03:37:16,012][finetune_logger][INFO] - Logged epoch 6 info to /public/home/202411094934/python_project/Spatio-Temporal-Library/time-series/2026-06-16/itransformer/pretrain10_finetune10/ettm2/time-series/seed_0/training_log.json
2026-06-16 03:38:27 - finetune_logger - INFO - Test metrics: {'MAE': 2.1514204890369464, 'RMSE': 3.265242126291715}
[2026-06-16 03:38:27,205][finetune_logger][INFO] - Test metrics: {'MAE': 2.1514204890369464, 'RMSE': 3.265242126291715}
2026-06-16 03:38:27 - finetune_logger - INFO - Test time: 71.19s
[2026-06-16 03:38:27,205][finetune_logger][INFO] - Test time: 71.19s
2026-06-16 03:38:27 - finetune_logger - INFO - Test memory reserved: 24.00 MB
[2026-06-16 03:38:27,205][finetune_logger][INFO] - Test memory reserved: 24.00 MB
2026-06-16 03:38:27 - finetune_logger - INFO - Test memory allocated: 18.10 MB
[2026-06-16 03:38:27,205][finetune_logger][INFO] - Test memory allocated: 18.10 MB
2026-06-16 03:38:27 - finetune_logger - INFO - Epoch 7/10
[2026-06-16 03:38:27,205][finetune_logger][INFO] - Epoch 7/10
2026-06-16 03:46:59 - finetune_logger - INFO - Train loss: 1.6761456624548725
[2026-06-16 03:46:59,948][finetune_logger][INFO] - Train loss: 1.6761456624548725
2026-06-16 03:46:59 - finetune_logger - INFO - Train time: 512.7419788837433s
[2026-06-16 03:46:59,948][finetune_logger][INFO] - Train time: 512.7419788837433s
2026-06-16 03:46:59 - finetune_logger - INFO - Train memory reserved: 24.00 MB
[2026-06-16 03:46:59,948][finetune_logger][INFO] - Train memory reserved: 24.00 MB
2026-06-16 03:46:59 - finetune_logger - INFO - Train memory allocated: 18.10 MB
[2026-06-16 03:46:59,948][finetune_logger][INFO] - Train memory allocated: 18.10 MB
2026-06-16 03:46:59 - finetune_logger - INFO - Current learning rate: 0.0005
[2026-06-16 03:46:59,948][finetune_logger][INFO] - Current learning rate: 0.0005
2026-06-16 03:48:11 - finetune_logger - INFO - Validation metrics: {'MAE': 2.0024987431615826, 'RMSE': 2.914118320562028}
[2026-06-16 03:48:11,186][finetune_logger][INFO] - Validation metrics: {'MAE': 2.0024987431615826, 'RMSE': 2.914118320562028}
2026-06-16 03:48:11 - finetune_logger - INFO - Val time: 71.24s
[2026-06-16 03:48:11,187][finetune_logger][INFO] - Val time: 71.24s
2026-06-16 03:48:11 - finetune_logger - INFO - Val memory reserved: 24.00 MB
[2026-06-16 03:48:11,187][finetune_logger][INFO] - Val memory reserved: 24.00 MB
2026-06-16 03:48:11 - finetune_logger - INFO - Val memory allocated: 18.10 MB
[2026-06-16 03:48:11,187][finetune_logger][INFO] - Val memory allocated: 18.10 MB
2026-06-16 03:48:11 - finetune_logger - INFO - Logged epoch 7 info to /public/home/202411094934/python_project/Spatio-Temporal-Library/time-series/2026-06-16/itransformer/pretrain10_finetune10/ettm2/time-series/seed_0/training_log.json
[2026-06-16 03:48:11,190][finetune_logger][INFO] - Logged epoch 7 info to /public/home/202411094934/python_project/Spatio-Temporal-Library/time-series/2026-06-16/itransformer/pretrain10_finetune10/ettm2/time-series/seed_0/training_log.json
2026-06-16 03:49:22 - finetune_logger - INFO - Test metrics: {'MAE': 2.1412554836569555, 'RMSE': 3.24274027957105}
[2026-06-16 03:49:22,585][finetune_logger][INFO] - Test metrics: {'MAE': 2.1412554836569555, 'RMSE': 3.24274027957105}
2026-06-16 03:49:22 - finetune_logger - INFO - Test time: 71.39s
[2026-06-16 03:49:22,586][finetune_logger][INFO] - Test time: 71.39s
2026-06-16 03:49:22 - finetune_logger - INFO - Test memory reserved: 24.00 MB
[2026-06-16 03:49:22,586][finetune_logger][INFO] - Test memory reserved: 24.00 MB
2026-06-16 03:49:22 - finetune_logger - INFO - Test memory allocated: 18.10 MB
[2026-06-16 03:49:22,586][finetune_logger][INFO] - Test memory allocated: 18.10 MB
2026-06-16 03:49:22 - finetune_logger - INFO - Epoch 8/10
[2026-06-16 03:49:22,586][finetune_logger][INFO] - Epoch 8/10
2026-06-16 03:57:54 - finetune_logger - INFO - Train loss: 1.657154049959859
[2026-06-16 03:57:54,622][finetune_logger][INFO] - Train loss: 1.657154049959859
2026-06-16 03:57:54 - finetune_logger - INFO - Train time: 512.0351407527924s
[2026-06-16 03:57:54,622][finetune_logger][INFO] - Train time: 512.0351407527924s
2026-06-16 03:57:54 - finetune_logger - INFO - Train memory reserved: 24.00 MB
[2026-06-16 03:57:54,622][finetune_logger][INFO] - Train memory reserved: 24.00 MB
2026-06-16 03:57:54 - finetune_logger - INFO - Train memory allocated: 18.10 MB
[2026-06-16 03:57:54,622][finetune_logger][INFO] - Train memory allocated: 18.10 MB
2026-06-16 03:57:54 - finetune_logger - INFO - Current learning rate: 0.0005
[2026-06-16 03:57:54,622][finetune_logger][INFO] - Current learning rate: 0.0005
2026-06-16 03:59:05 - finetune_logger - INFO - Validation metrics: {'MAE': 1.9765174764873683, 'RMSE': 2.8884321005356175}
[2026-06-16 03:59:05,749][finetune_logger][INFO] - Validation metrics: {'MAE': 1.9765174764873683, 'RMSE': 2.8884321005356175}
2026-06-16 03:59:05 - finetune_logger - INFO - Val time: 71.13s
[2026-06-16 03:59:05,749][finetune_logger][INFO] - Val time: 71.13s
2026-06-16 03:59:05 - finetune_logger - INFO - Val memory reserved: 24.00 MB
[2026-06-16 03:59:05,750][finetune_logger][INFO] - Val memory reserved: 24.00 MB
2026-06-16 03:59:05 - finetune_logger - INFO - Val memory allocated: 18.10 MB
[2026-06-16 03:59:05,750][finetune_logger][INFO] - Val memory allocated: 18.10 MB
2026-06-16 03:59:05 - finetune_logger - INFO - Logged epoch 8 info to /public/home/202411094934/python_project/Spatio-Temporal-Library/time-series/2026-06-16/itransformer/pretrain10_finetune10/ettm2/time-series/seed_0/training_log.json
[2026-06-16 03:59:05,753][finetune_logger][INFO] - Logged epoch 8 info to /public/home/202411094934/python_project/Spatio-Temporal-Library/time-series/2026-06-16/itransformer/pretrain10_finetune10/ettm2/time-series/seed_0/training_log.json
2026-06-16 04:00:16 - finetune_logger - INFO - Test metrics: {'MAE': 2.157523851933286, 'RMSE': 3.2725475775100317}
[2026-06-16 04:00:16,969][finetune_logger][INFO] - Test metrics: {'MAE': 2.157523851933286, 'RMSE': 3.2725475775100317}
2026-06-16 04:00:16 - finetune_logger - INFO - Test time: 71.22s
[2026-06-16 04:00:16,969][finetune_logger][INFO] - Test time: 71.22s
2026-06-16 04:00:16 - finetune_logger - INFO - Test memory reserved: 24.00 MB
[2026-06-16 04:00:16,969][finetune_logger][INFO] - Test memory reserved: 24.00 MB
2026-06-16 04:00:16 - finetune_logger - INFO - Test memory allocated: 18.10 MB
[2026-06-16 04:00:16,969][finetune_logger][INFO] - Test memory allocated: 18.10 MB
2026-06-16 04:00:16 - finetune_logger - INFO - Epoch 9/10
[2026-06-16 04:00:16,970][finetune_logger][INFO] - Epoch 9/10
2026-06-16 04:08:49 - finetune_logger - INFO - Train loss: 1.6385415570778554
[2026-06-16 04:08:49,333][finetune_logger][INFO] - Train loss: 1.6385415570778554
2026-06-16 04:08:49 - finetune_logger - INFO - Train time: 512.3628389835358s
[2026-06-16 04:08:49,333][finetune_logger][INFO] - Train time: 512.3628389835358s
2026-06-16 04:08:49 - finetune_logger - INFO - Train memory reserved: 24.00 MB
[2026-06-16 04:08:49,333][finetune_logger][INFO] - Train memory reserved: 24.00 MB
2026-06-16 04:08:49 - finetune_logger - INFO - Train memory allocated: 18.10 MB
[2026-06-16 04:08:49,333][finetune_logger][INFO] - Train memory allocated: 18.10 MB
2026-06-16 04:08:49 - finetune_logger - INFO - Current learning rate: 0.0005
[2026-06-16 04:08:49,334][finetune_logger][INFO] - Current learning rate: 0.0005
2026-06-16 04:10:00 - finetune_logger - INFO - Validation metrics: {'MAE': 1.9986835749901688, 'RMSE': 2.9191039484234085}
[2026-06-16 04:10:00,371][finetune_logger][INFO] - Validation metrics: {'MAE': 1.9986835749901688, 'RMSE': 2.9191039484234085}
2026-06-16 04:10:00 - finetune_logger - INFO - Val time: 71.04s
[2026-06-16 04:10:00,371][finetune_logger][INFO] - Val time: 71.04s
2026-06-16 04:10:00 - finetune_logger - INFO - Val memory reserved: 24.00 MB
[2026-06-16 04:10:00,372][finetune_logger][INFO] - Val memory reserved: 24.00 MB
2026-06-16 04:10:00 - finetune_logger - INFO - Val memory allocated: 18.10 MB
[2026-06-16 04:10:00,372][finetune_logger][INFO] - Val memory allocated: 18.10 MB
2026-06-16 04:10:00 - finetune_logger - INFO - Logged epoch 9 info to /public/home/202411094934/python_project/Spatio-Temporal-Library/time-series/2026-06-16/itransformer/pretrain10_finetune10/ettm2/time-series/seed_0/training_log.json
[2026-06-16 04:10:00,375][finetune_logger][INFO] - Logged epoch 9 info to /public/home/202411094934/python_project/Spatio-Temporal-Library/time-series/2026-06-16/itransformer/pretrain10_finetune10/ettm2/time-series/seed_0/training_log.json
2026-06-16 04:11:11 - finetune_logger - INFO - Test metrics: {'MAE': 2.1644800071392605, 'RMSE': 3.2852566897260567}
[2026-06-16 04:11:11,354][finetune_logger][INFO] - Test metrics: {'MAE': 2.1644800071392605, 'RMSE': 3.2852566897260567}
2026-06-16 04:11:11 - finetune_logger - INFO - Test time: 70.98s
[2026-06-16 04:11:11,355][finetune_logger][INFO] - Test time: 70.98s
2026-06-16 04:11:11 - finetune_logger - INFO - Test memory reserved: 24.00 MB
[2026-06-16 04:11:11,355][finetune_logger][INFO] - Test memory reserved: 24.00 MB
2026-06-16 04:11:11 - finetune_logger - INFO - Test memory allocated: 18.10 MB
[2026-06-16 04:11:11,355][finetune_logger][INFO] - Test memory allocated: 18.10 MB
2026-06-16 04:11:11 - finetune_logger - INFO - Epoch 10/10
[2026-06-16 04:11:11,355][finetune_logger][INFO] - Epoch 10/10
2026-06-16 04:19:43 - finetune_logger - INFO - Train loss: 1.624628974098352
[2026-06-16 04:19:43,390][finetune_logger][INFO] - Train loss: 1.624628974098352
2026-06-16 04:19:43 - finetune_logger - INFO - Train time: 512.0340349674225s
[2026-06-16 04:19:43,390][finetune_logger][INFO] - Train time: 512.0340349674225s
2026-06-16 04:19:43 - finetune_logger - INFO - Train memory reserved: 24.00 MB
[2026-06-16 04:19:43,390][finetune_logger][INFO] - Train memory reserved: 24.00 MB
2026-06-16 04:19:43 - finetune_logger - INFO - Train memory allocated: 18.10 MB
[2026-06-16 04:19:43,390][finetune_logger][INFO] - Train memory allocated: 18.10 MB
2026-06-16 04:19:43 - finetune_logger - INFO - Current learning rate: 0.0005
[2026-06-16 04:19:43,390][finetune_logger][INFO] - Current learning rate: 0.0005
2026-06-16 04:20:54 - finetune_logger - INFO - Validation metrics: {'MAE': 2.029766638454614, 'RMSE': 2.9616390290177725}
[2026-06-16 04:20:54,454][finetune_logger][INFO] - Validation metrics: {'MAE': 2.029766638454614, 'RMSE': 2.9616390290177725}
2026-06-16 04:20:54 - finetune_logger - INFO - Val time: 71.06s
[2026-06-16 04:20:54,455][finetune_logger][INFO] - Val time: 71.06s
2026-06-16 04:20:54 - finetune_logger - INFO - Val memory reserved: 24.00 MB
[2026-06-16 04:20:54,455][finetune_logger][INFO] - Val memory reserved: 24.00 MB
2026-06-16 04:20:54 - finetune_logger - INFO - Val memory allocated: 18.10 MB
[2026-06-16 04:20:54,455][finetune_logger][INFO] - Val memory allocated: 18.10 MB
2026-06-16 04:20:54 - finetune_logger - INFO - Logged epoch 10 info to /public/home/202411094934/python_project/Spatio-Temporal-Library/time-series/2026-06-16/itransformer/pretrain10_finetune10/ettm2/time-series/seed_0/training_log.json
[2026-06-16 04:20:54,460][finetune_logger][INFO] - Logged epoch 10 info to /public/home/202411094934/python_project/Spatio-Temporal-Library/time-series/2026-06-16/itransformer/pretrain10_finetune10/ettm2/time-series/seed_0/training_log.json
2026-06-16 04:22:05 - finetune_logger - INFO - Test metrics: {'MAE': 2.189386632042471, 'RMSE': 3.322605179406998}
[2026-06-16 04:22:05,537][finetune_logger][INFO] - Test metrics: {'MAE': 2.189386632042471, 'RMSE': 3.322605179406998}
2026-06-16 04:22:05 - finetune_logger - INFO - Test time: 71.05s
[2026-06-16 04:22:05,537][finetune_logger][INFO] - Test time: 71.05s
2026-06-16 04:22:05 - finetune_logger - INFO - Test memory reserved: 24.00 MB
[2026-06-16 04:22:05,537][finetune_logger][INFO] - Test memory reserved: 24.00 MB
2026-06-16 04:22:05 - finetune_logger - INFO - Test memory allocated: 18.10 MB
[2026-06-16 04:22:05,537][finetune_logger][INFO] - Test memory allocated: 18.10 MB
2026-06-16 04:22:05 - finetune_logger - INFO - Training completed. Best epoch: 2, Best val loss: 1.965775
[2026-06-16 04:22:05,537][finetune_logger][INFO] - Training completed. Best epoch: 2, Best val loss: 1.965775
2026-06-16 04:22:05 - finetune_logger - INFO - Loaded checkpoint from epoch 2
[2026-06-16 04:22:05,570][finetune_logger][INFO] - Loaded checkpoint from epoch 2
2026-06-16 04:22:05 - finetune_logger - INFO - Evaluating best model on test sets...
[2026-06-16 04:22:05,570][finetune_logger][INFO] - Evaluating best model on test sets...
2026-06-16 04:23:16 - finetune_logger - INFO - Test metrics: {'MAE': 2.122706498816132, 'RMSE': 3.215015941009088}
[2026-06-16 04:23:16,611][finetune_logger][INFO] - Test metrics: {'MAE': 2.122706498816132, 'RMSE': 3.215015941009088}
2026-06-16 04:23:16 - finetune_logger - INFO - Test time: 71.04s
[2026-06-16 04:23:16,611][finetune_logger][INFO] - Test time: 71.04s
2026-06-16 04:23:16 - finetune_logger - INFO - Test memory reserved: 26.00 MB
[2026-06-16 04:23:16,612][finetune_logger][INFO] - Test memory reserved: 26.00 MB
2026-06-16 04:23:16 - finetune_logger - INFO - Test memory allocated: 18.14 MB
[2026-06-16 04:23:16,612][finetune_logger][INFO] - Test memory allocated: 18.14 MB
2026-06-16 04:23:16 - finetune_logger - INFO - Logged epoch test info to /public/home/202411094934/python_project/Spatio-Temporal-Library/time-series/2026-06-16/itransformer/pretrain10_finetune10/ettm2/time-series/seed_0/training_log.json
[2026-06-16 04:23:16,615][finetune_logger][INFO] - Logged epoch test info to /public/home/202411094934/python_project/Spatio-Temporal-Library/time-series/2026-06-16/itransformer/pretrain10_finetune10/ettm2/time-series/seed_0/training_log.json
2026-06-16 10:56:02 - finetune_logger - INFO - Loaded pretrained checkpoint from: /public/home/202411094934/python_project/Spatio-Temporal-Library/time-series/2026-06-16/itransformer/pretrain10/ettm2/time-series/seed_0/jepa_pretrain_epoch_10.pth
Missing keys: []
Unexpected keys: []
[2026-06-16 10:56:02,213][finetune_logger][INFO] - Loaded pretrained checkpoint from: /public/home/202411094934/python_project/Spatio-Temporal-Library/time-series/2026-06-16/itransformer/pretrain10/ettm2/time-series/seed_0/jepa_pretrain_epoch_10.pth
Missing keys: []
Unexpected keys: []
2026-06-16 10:56:02 - finetune_logger - INFO - Model parameters: 158,912
[2026-06-16 10:56:02,216][finetune_logger][INFO] - Model parameters: 158,912
2026-06-16 10:56:02 - finetune_logger - INFO - Log file already exists at /public/home/202411094934/python_project/Spatio-Temporal-Library/time-series/2026-06-16/itransformer/pretrain10_finetune10/ettm2/time-series/seed_0/training_log.json, appending to it.
[2026-06-16 10:56:02,218][finetune_logger][INFO] - Log file already exists at /public/home/202411094934/python_project/Spatio-Temporal-Library/time-series/2026-06-16/itransformer/pretrain10_finetune10/ettm2/time-series/seed_0/training_log.json, appending to it.
2026-06-16 10:56:02 - finetune_logger - INFO - Starting training...
[2026-06-16 10:56:02,218][finetune_logger][INFO] - Starting training...
2026-06-16 10:56:02 - finetune_logger - INFO - Epoch 1/10
[2026-06-16 10:56:02,218][finetune_logger][INFO] - Epoch 1/10
2026-06-16 11:04:26 - finetune_logger - INFO - Train loss: 1.9687745231387064
[2026-06-16 11:04:26,594][finetune_logger][INFO] - Train loss: 1.9687745231387064
2026-06-16 11:04:26 - finetune_logger - INFO - Train time: 504.3751494884491s
[2026-06-16 11:04:26,594][finetune_logger][INFO] - Train time: 504.3751494884491s
2026-06-16 11:04:26 - finetune_logger - INFO - Train memory reserved: 24.00 MB
[2026-06-16 11:04:26,594][finetune_logger][INFO] - Train memory reserved: 24.00 MB
2026-06-16 11:04:26 - finetune_logger - INFO - Train memory allocated: 18.10 MB
[2026-06-16 11:04:26,594][finetune_logger][INFO] - Train memory allocated: 18.10 MB
2026-06-16 11:04:26 - finetune_logger - INFO - Current learning rate: 0.0005
[2026-06-16 11:04:26,594][finetune_logger][INFO] - Current learning rate: 0.0005
2026-06-16 11:05:37 - finetune_logger - INFO - Validation metrics: {'MAE': 1.9923473459955914, 'RMSE': 2.8919639376286064}
[2026-06-16 11:05:37,318][finetune_logger][INFO] - Validation metrics: {'MAE': 1.9923473459955914, 'RMSE': 2.8919639376286064}
2026-06-16 11:05:37 - finetune_logger - INFO - Val time: 70.72s
[2026-06-16 11:05:37,318][finetune_logger][INFO] - Val time: 70.72s
2026-06-16 11:05:37 - finetune_logger - INFO - Val memory reserved: 24.00 MB
[2026-06-16 11:05:37,318][finetune_logger][INFO] - Val memory reserved: 24.00 MB
2026-06-16 11:05:37 - finetune_logger - INFO - Val memory allocated: 18.10 MB
[2026-06-16 11:05:37,318][finetune_logger][INFO] - Val memory allocated: 18.10 MB
2026-06-16 11:05:37 - finetune_logger - INFO - Logged epoch 1 info to /public/home/202411094934/python_project/Spatio-Temporal-Library/time-series/2026-06-16/itransformer/pretrain10_finetune10/ettm2/time-series/seed_0/training_log.json
[2026-06-16 11:05:37,321][finetune_logger][INFO] - Logged epoch 1 info to /public/home/202411094934/python_project/Spatio-Temporal-Library/time-series/2026-06-16/itransformer/pretrain10_finetune10/ettm2/time-series/seed_0/training_log.json
2026-06-16 11:05:37 - finetune_logger - INFO - New best model! Val loss: 1.992347
[2026-06-16 11:05:37,321][finetune_logger][INFO] - New best model! Val loss: 1.992347
2026-06-16 11:06:47 - finetune_logger - INFO - Test metrics: {'MAE': 2.12883735281916, 'RMSE': 3.212055233929147}
[2026-06-16 11:06:47,975][finetune_logger][INFO] - Test metrics: {'MAE': 2.12883735281916, 'RMSE': 3.212055233929147}
2026-06-16 11:06:47 - finetune_logger - INFO - Test time: 70.61s
[2026-06-16 11:06:47,976][finetune_logger][INFO] - Test time: 70.61s
2026-06-16 11:06:47 - finetune_logger - INFO - Test memory reserved: 24.00 MB
[2026-06-16 11:06:47,976][finetune_logger][INFO] - Test memory reserved: 24.00 MB
2026-06-16 11:06:47 - finetune_logger - INFO - Test memory allocated: 18.10 MB
[2026-06-16 11:06:47,976][finetune_logger][INFO] - Test memory allocated: 18.10 MB
2026-06-16 11:06:47 - finetune_logger - INFO - Epoch 2/10
[2026-06-16 11:06:47,976][finetune_logger][INFO] - Epoch 2/10
2026-06-16 11:15:12 - finetune_logger - INFO - Train loss: 1.8391072762080052
[2026-06-16 11:15:12,676][finetune_logger][INFO] - Train loss: 1.8391072762080052
2026-06-16 11:15:12 - finetune_logger - INFO - Train time: 504.69922375679016s
[2026-06-16 11:15:12,676][finetune_logger][INFO] - Train time: 504.69922375679016s
2026-06-16 11:15:12 - finetune_logger - INFO - Train memory reserved: 24.00 MB
[2026-06-16 11:15:12,676][finetune_logger][INFO] - Train memory reserved: 24.00 MB
2026-06-16 11:15:12 - finetune_logger - INFO - Train memory allocated: 18.10 MB
[2026-06-16 11:15:12,676][finetune_logger][INFO] - Train memory allocated: 18.10 MB
2026-06-16 11:15:12 - finetune_logger - INFO - Current learning rate: 0.0005
[2026-06-16 11:15:12,676][finetune_logger][INFO] - Current learning rate: 0.0005
2026-06-16 11:16:23 - finetune_logger - INFO - Validation metrics: {'MAE': 1.96577476938195, 'RMSE': 2.8564474376000213}
[2026-06-16 11:16:23,369][finetune_logger][INFO] - Validation metrics: {'MAE': 1.96577476938195, 'RMSE': 2.8564474376000213}
2026-06-16 11:16:23 - finetune_logger - INFO - Val time: 70.69s
[2026-06-16 11:16:23,370][finetune_logger][INFO] - Val time: 70.69s
2026-06-16 11:16:23 - finetune_logger - INFO - Val memory reserved: 24.00 MB
[2026-06-16 11:16:23,370][finetune_logger][INFO] - Val memory reserved: 24.00 MB
2026-06-16 11:16:23 - finetune_logger - INFO - Val memory allocated: 18.10 MB
[2026-06-16 11:16:23,370][finetune_logger][INFO] - Val memory allocated: 18.10 MB
2026-06-16 11:16:23 - finetune_logger - INFO - Logged epoch 2 info to /public/home/202411094934/python_project/Spatio-Temporal-Library/time-series/2026-06-16/itransformer/pretrain10_finetune10/ettm2/time-series/seed_0/training_log.json
[2026-06-16 11:16:23,373][finetune_logger][INFO] - Logged epoch 2 info to /public/home/202411094934/python_project/Spatio-Temporal-Library/time-series/2026-06-16/itransformer/pretrain10_finetune10/ettm2/time-series/seed_0/training_log.json
2026-06-16 11:16:23 - finetune_logger - INFO - New best model! Val loss: 1.965775
[2026-06-16 11:16:23,373][finetune_logger][INFO] - New best model! Val loss: 1.965775
2026-06-16 11:17:33 - finetune_logger - INFO - Test metrics: {'MAE': 2.122706498816132, 'RMSE': 3.215015941009088}
[2026-06-16 11:17:33,914][finetune_logger][INFO] - Test metrics: {'MAE': 2.122706498816132, 'RMSE': 3.215015941009088}
2026-06-16 11:17:33 - finetune_logger - INFO - Test time: 70.49s
[2026-06-16 11:17:33,915][finetune_logger][INFO] - Test time: 70.49s
2026-06-16 11:17:33 - finetune_logger - INFO - Test memory reserved: 24.00 MB
[2026-06-16 11:17:33,915][finetune_logger][INFO] - Test memory reserved: 24.00 MB
2026-06-16 11:17:33 - finetune_logger - INFO - Test memory allocated: 18.10 MB
[2026-06-16 11:17:33,915][finetune_logger][INFO] - Test memory allocated: 18.10 MB
2026-06-16 11:17:33 - finetune_logger - INFO - Epoch 3/10
[2026-06-16 11:17:33,915][finetune_logger][INFO] - Epoch 3/10
2026-06-16 11:25:58 - finetune_logger - INFO - Train loss: 1.7903337435678093
[2026-06-16 11:25:58,279][finetune_logger][INFO] - Train loss: 1.7903337435678093
2026-06-16 11:25:58 - finetune_logger - INFO - Train time: 504.36352729797363s
[2026-06-16 11:25:58,279][finetune_logger][INFO] - Train time: 504.36352729797363s
2026-06-16 11:25:58 - finetune_logger - INFO - Train memory reserved: 24.00 MB
[2026-06-16 11:25:58,279][finetune_logger][INFO] - Train memory reserved: 24.00 MB
2026-06-16 11:25:58 - finetune_logger - INFO - Train memory allocated: 18.10 MB
[2026-06-16 11:25:58,280][finetune_logger][INFO] - Train memory allocated: 18.10 MB
2026-06-16 11:25:58 - finetune_logger - INFO - Current learning rate: 0.0005
[2026-06-16 11:25:58,280][finetune_logger][INFO] - Current learning rate: 0.0005
2026-06-16 11:27:08 - finetune_logger - INFO - Validation metrics: {'MAE': 1.9659398442736906, 'RMSE': 2.856523040533606}
[2026-06-16 11:27:08,923][finetune_logger][INFO] - Validation metrics: {'MAE': 1.9659398442736906, 'RMSE': 2.856523040533606}
2026-06-16 11:27:08 - finetune_logger - INFO - Val time: 70.64s
[2026-06-16 11:27:08,924][finetune_logger][INFO] - Val time: 70.64s
2026-06-16 11:27:08 - finetune_logger - INFO - Val memory reserved: 24.00 MB
[2026-06-16 11:27:08,924][finetune_logger][INFO] - Val memory reserved: 24.00 MB
2026-06-16 11:27:08 - finetune_logger - INFO - Val memory allocated: 18.10 MB
[2026-06-16 11:27:08,924][finetune_logger][INFO] - Val memory allocated: 18.10 MB
2026-06-16 11:27:08 - finetune_logger - INFO - Logged epoch 3 info to /public/home/202411094934/python_project/Spatio-Temporal-Library/time-series/2026-06-16/itransformer/pretrain10_finetune10/ettm2/time-series/seed_0/training_log.json
[2026-06-16 11:27:08,927][finetune_logger][INFO] - Logged epoch 3 info to /public/home/202411094934/python_project/Spatio-Temporal-Library/time-series/2026-06-16/itransformer/pretrain10_finetune10/ettm2/time-series/seed_0/training_log.json
2026-06-16 11:28:19 - finetune_logger - INFO - Test metrics: {'MAE': 2.117247986830579, 'RMSE': 3.20299579959627}
[2026-06-16 11:28:19,642][finetune_logger][INFO] - Test metrics: {'MAE': 2.117247986830579, 'RMSE': 3.20299579959627}
2026-06-16 11:28:19 - finetune_logger - INFO - Test time: 70.71s
[2026-06-16 11:28:19,643][finetune_logger][INFO] - Test time: 70.71s
2026-06-16 11:28:19 - finetune_logger - INFO - Test memory reserved: 24.00 MB
[2026-06-16 11:28:19,643][finetune_logger][INFO] - Test memory reserved: 24.00 MB
2026-06-16 11:28:19 - finetune_logger - INFO - Test memory allocated: 18.10 MB
[2026-06-16 11:28:19,643][finetune_logger][INFO] - Test memory allocated: 18.10 MB
2026-06-16 11:28:19 - finetune_logger - INFO - Epoch 4/10
[2026-06-16 11:28:19,643][finetune_logger][INFO] - Epoch 4/10
2026-06-16 11:36:43 - finetune_logger - INFO - Train loss: 1.7540843989389812
[2026-06-16 11:36:43,527][finetune_logger][INFO] - Train loss: 1.7540843989389812
2026-06-16 11:36:43 - finetune_logger - INFO - Train time: 503.8832426071167s
[2026-06-16 11:36:43,527][finetune_logger][INFO] - Train time: 503.8832426071167s
2026-06-16 11:36:43 - finetune_logger - INFO - Train memory reserved: 24.00 MB
[2026-06-16 11:36:43,527][finetune_logger][INFO] - Train memory reserved: 24.00 MB
2026-06-16 11:36:43 - finetune_logger - INFO - Train memory allocated: 18.10 MB
[2026-06-16 11:36:43,527][finetune_logger][INFO] - Train memory allocated: 18.10 MB
2026-06-16 11:36:43 - finetune_logger - INFO - Current learning rate: 0.0005
[2026-06-16 11:36:43,528][finetune_logger][INFO] - Current learning rate: 0.0005
2026-06-16 11:37:54 - finetune_logger - INFO - Validation metrics: {'MAE': 1.986650764682898, 'RMSE': 2.8936491926035024}
[2026-06-16 11:37:54,253][finetune_logger][INFO] - Validation metrics: {'MAE': 1.986650764682898, 'RMSE': 2.8936491926035024}
2026-06-16 11:37:54 - finetune_logger - INFO - Val time: 70.72s
[2026-06-16 11:37:54,253][finetune_logger][INFO] - Val time: 70.72s
2026-06-16 11:37:54 - finetune_logger - INFO - Val memory reserved: 24.00 MB
[2026-06-16 11:37:54,253][finetune_logger][INFO] - Val memory reserved: 24.00 MB
2026-06-16 11:37:54 - finetune_logger - INFO - Val memory allocated: 18.10 MB
[2026-06-16 11:37:54,253][finetune_logger][INFO] - Val memory allocated: 18.10 MB
2026-06-16 11:37:54 - finetune_logger - INFO - Logged epoch 4 info to /public/home/202411094934/python_project/Spatio-Temporal-Library/time-series/2026-06-16/itransformer/pretrain10_finetune10/ettm2/time-series/seed_0/training_log.json
[2026-06-16 11:37:54,256][finetune_logger][INFO] - Logged epoch 4 info to /public/home/202411094934/python_project/Spatio-Temporal-Library/time-series/2026-06-16/itransformer/pretrain10_finetune10/ettm2/time-series/seed_0/training_log.json
2026-06-16 11:39:04 - finetune_logger - INFO - Test metrics: {'MAE': 2.13382298953788, 'RMSE': 3.2297472942155716}
[2026-06-16 11:39:04,930][finetune_logger][INFO] - Test metrics: {'MAE': 2.13382298953788, 'RMSE': 3.2297472942155716}
2026-06-16 11:39:04 - finetune_logger - INFO - Test time: 70.67s
[2026-06-16 11:39:04,931][finetune_logger][INFO] - Test time: 70.67s
2026-06-16 11:39:04 - finetune_logger - INFO - Test memory reserved: 24.00 MB
[2026-06-16 11:39:04,931][finetune_logger][INFO] - Test memory reserved: 24.00 MB
2026-06-16 11:39:04 - finetune_logger - INFO - Test memory allocated: 18.10 MB
[2026-06-16 11:39:04,931][finetune_logger][INFO] - Test memory allocated: 18.10 MB
2026-06-16 11:39:04 - finetune_logger - INFO - Epoch 5/10
[2026-06-16 11:39:04,931][finetune_logger][INFO] - Epoch 5/10
2026-06-16 11:47:28 - finetune_logger - INFO - Train loss: 1.7229016853115526
[2026-06-16 11:47:28,700][finetune_logger][INFO] - Train loss: 1.7229016853115526
2026-06-16 11:47:28 - finetune_logger - INFO - Train time: 503.7683928012848s
[2026-06-16 11:47:28,700][finetune_logger][INFO] - Train time: 503.7683928012848s
2026-06-16 11:47:28 - finetune_logger - INFO - Train memory reserved: 24.00 MB
[2026-06-16 11:47:28,700][finetune_logger][INFO] - Train memory reserved: 24.00 MB
2026-06-16 11:47:28 - finetune_logger - INFO - Train memory allocated: 18.10 MB
[2026-06-16 11:47:28,701][finetune_logger][INFO] - Train memory allocated: 18.10 MB
2026-06-16 11:47:28 - finetune_logger - INFO - Current learning rate: 0.0005
[2026-06-16 11:47:28,701][finetune_logger][INFO] - Current learning rate: 0.0005
2026-06-16 11:48:39 - finetune_logger - INFO - Validation metrics: {'MAE': 1.9932813647001826, 'RMSE': 2.8969661074006408}
[2026-06-16 11:48:39,374][finetune_logger][INFO] - Validation metrics: {'MAE': 1.9932813647001826, 'RMSE': 2.8969661074006408}
2026-06-16 11:48:39 - finetune_logger - INFO - Val time: 70.67s
[2026-06-16 11:48:39,374][finetune_logger][INFO] - Val time: 70.67s
2026-06-16 11:48:39 - finetune_logger - INFO - Val memory reserved: 24.00 MB
[2026-06-16 11:48:39,374][finetune_logger][INFO] - Val memory reserved: 24.00 MB
2026-06-16 11:48:39 - finetune_logger - INFO - Val memory allocated: 18.10 MB
[2026-06-16 11:48:39,374][finetune_logger][INFO] - Val memory allocated: 18.10 MB
2026-06-16 11:48:39 - finetune_logger - INFO - Logged epoch 5 info to /public/home/202411094934/python_project/Spatio-Temporal-Library/time-series/2026-06-16/itransformer/pretrain10_finetune10/ettm2/time-series/seed_0/training_log.json
[2026-06-16 11:48:39,377][finetune_logger][INFO] - Logged epoch 5 info to /public/home/202411094934/python_project/Spatio-Temporal-Library/time-series/2026-06-16/itransformer/pretrain10_finetune10/ettm2/time-series/seed_0/training_log.json
2026-06-16 11:49:49 - finetune_logger - INFO - Test metrics: {'MAE': 2.145943513225571, 'RMSE': 3.2504991426713494}
[2026-06-16 11:49:49,973][finetune_logger][INFO] - Test metrics: {'MAE': 2.145943513225571, 'RMSE': 3.2504991426713494}
2026-06-16 11:49:49 - finetune_logger - INFO - Test time: 70.60s
[2026-06-16 11:49:49,974][finetune_logger][INFO] - Test time: 70.60s
2026-06-16 11:49:49 - finetune_logger - INFO - Test memory reserved: 24.00 MB
[2026-06-16 11:49:49,974][finetune_logger][INFO] - Test memory reserved: 24.00 MB
2026-06-16 11:49:49 - finetune_logger - INFO - Test memory allocated: 18.10 MB
[2026-06-16 11:49:49,974][finetune_logger][INFO] - Test memory allocated: 18.10 MB
2026-06-16 11:49:49 - finetune_logger - INFO - Epoch 6/10
[2026-06-16 11:49:49,974][finetune_logger][INFO] - Epoch 6/10
2026-06-16 11:58:14 - finetune_logger - INFO - Train loss: 1.6993630597141713
[2026-06-16 11:58:14,929][finetune_logger][INFO] - Train loss: 1.6993630597141713
2026-06-16 11:58:14 - finetune_logger - INFO - Train time: 504.9546899795532s
[2026-06-16 11:58:14,930][finetune_logger][INFO] - Train time: 504.9546899795532s
2026-06-16 11:58:14 - finetune_logger - INFO - Train memory reserved: 24.00 MB
[2026-06-16 11:58:14,930][finetune_logger][INFO] - Train memory reserved: 24.00 MB
2026-06-16 11:58:14 - finetune_logger - INFO - Train memory allocated: 18.10 MB
[2026-06-16 11:58:14,930][finetune_logger][INFO] - Train memory allocated: 18.10 MB
2026-06-16 11:58:14 - finetune_logger - INFO - Current learning rate: 0.0005
[2026-06-16 11:58:14,930][finetune_logger][INFO] - Current learning rate: 0.0005
2026-06-16 11:59:25 - finetune_logger - INFO - Validation metrics: {'MAE': 1.9782762398467932, 'RMSE': 2.88165779328589}
[2026-06-16 11:59:25,574][finetune_logger][INFO] - Validation metrics: {'MAE': 1.9782762398467932, 'RMSE': 2.88165779328589}
2026-06-16 11:59:25 - finetune_logger - INFO - Val time: 70.64s
[2026-06-16 11:59:25,574][finetune_logger][INFO] - Val time: 70.64s
2026-06-16 11:59:25 - finetune_logger - INFO - Val memory reserved: 24.00 MB
[2026-06-16 11:59:25,575][finetune_logger][INFO] - Val memory reserved: 24.00 MB
2026-06-16 11:59:25 - finetune_logger - INFO - Val memory allocated: 18.10 MB
[2026-06-16 11:59:25,575][finetune_logger][INFO] - Val memory allocated: 18.10 MB
2026-06-16 11:59:25 - finetune_logger - INFO - Logged epoch 6 info to /public/home/202411094934/python_project/Spatio-Temporal-Library/time-series/2026-06-16/itransformer/pretrain10_finetune10/ettm2/time-series/seed_0/training_log.json
[2026-06-16 11:59:25,578][finetune_logger][INFO] - Logged epoch 6 info to /public/home/202411094934/python_project/Spatio-Temporal-Library/time-series/2026-06-16/itransformer/pretrain10_finetune10/ettm2/time-series/seed_0/training_log.json
2026-06-16 12:00:36 - finetune_logger - INFO - Test metrics: {'MAE': 2.1514204890369464, 'RMSE': 3.265242126291715}
[2026-06-16 12:00:36,218][finetune_logger][INFO] - Test metrics: {'MAE': 2.1514204890369464, 'RMSE': 3.265242126291715}
2026-06-16 12:00:36 - finetune_logger - INFO - Test time: 70.64s
[2026-06-16 12:00:36,218][finetune_logger][INFO] - Test time: 70.64s
2026-06-16 12:00:36 - finetune_logger - INFO - Test memory reserved: 24.00 MB
[2026-06-16 12:00:36,218][finetune_logger][INFO] - Test memory reserved: 24.00 MB
2026-06-16 12:00:36 - finetune_logger - INFO - Test memory allocated: 18.10 MB
[2026-06-16 12:00:36,219][finetune_logger][INFO] - Test memory allocated: 18.10 MB
2026-06-16 12:00:36 - finetune_logger - INFO - Epoch 7/10
[2026-06-16 12:00:36,219][finetune_logger][INFO] - Epoch 7/10
2026-06-16 12:09:00 - finetune_logger - INFO - Train loss: 1.6761456624548725
[2026-06-16 12:09:00,673][finetune_logger][INFO] - Train loss: 1.6761456624548725
2026-06-16 12:09:00 - finetune_logger - INFO - Train time: 504.45416951179504s
[2026-06-16 12:09:00,674][finetune_logger][INFO] - Train time: 504.45416951179504s
2026-06-16 12:09:00 - finetune_logger - INFO - Train memory reserved: 24.00 MB
[2026-06-16 12:09:00,674][finetune_logger][INFO] - Train memory reserved: 24.00 MB
2026-06-16 12:09:00 - finetune_logger - INFO - Train memory allocated: 18.10 MB
[2026-06-16 12:09:00,674][finetune_logger][INFO] - Train memory allocated: 18.10 MB
2026-06-16 12:09:00 - finetune_logger - INFO - Current learning rate: 0.0005
[2026-06-16 12:09:00,674][finetune_logger][INFO] - Current learning rate: 0.0005
2026-06-16 12:10:11 - finetune_logger - INFO - Validation metrics: {'MAE': 2.0024987431615826, 'RMSE': 2.914118320562028}
[2026-06-16 12:10:11,294][finetune_logger][INFO] - Validation metrics: {'MAE': 2.0024987431615826, 'RMSE': 2.914118320562028}
2026-06-16 12:10:11 - finetune_logger - INFO - Val time: 70.62s
[2026-06-16 12:10:11,294][finetune_logger][INFO] - Val time: 70.62s
2026-06-16 12:10:11 - finetune_logger - INFO - Val memory reserved: 24.00 MB
[2026-06-16 12:10:11,295][finetune_logger][INFO] - Val memory reserved: 24.00 MB
2026-06-16 12:10:11 - finetune_logger - INFO - Val memory allocated: 18.10 MB
[2026-06-16 12:10:11,295][finetune_logger][INFO] - Val memory allocated: 18.10 MB
2026-06-16 12:10:11 - finetune_logger - INFO - Logged epoch 7 info to /public/home/202411094934/python_project/Spatio-Temporal-Library/time-series/2026-06-16/itransformer/pretrain10_finetune10/ettm2/time-series/seed_0/training_log.json
[2026-06-16 12:10:11,298][finetune_logger][INFO] - Logged epoch 7 info to /public/home/202411094934/python_project/Spatio-Temporal-Library/time-series/2026-06-16/itransformer/pretrain10_finetune10/ettm2/time-series/seed_0/training_log.json
2026-06-16 12:11:22 - finetune_logger - INFO - Test metrics: {'MAE': 2.1412554836569555, 'RMSE': 3.24274027957105}
[2026-06-16 12:11:22,136][finetune_logger][INFO] - Test metrics: {'MAE': 2.1412554836569555, 'RMSE': 3.24274027957105}
2026-06-16 12:11:22 - finetune_logger - INFO - Test time: 70.84s
[2026-06-16 12:11:22,137][finetune_logger][INFO] - Test time: 70.84s
2026-06-16 12:11:22 - finetune_logger - INFO - Test memory reserved: 24.00 MB
[2026-06-16 12:11:22,137][finetune_logger][INFO] - Test memory reserved: 24.00 MB
2026-06-16 12:11:22 - finetune_logger - INFO - Test memory allocated: 18.10 MB
[2026-06-16 12:11:22,137][finetune_logger][INFO] - Test memory allocated: 18.10 MB
2026-06-16 12:11:22 - finetune_logger - INFO - Epoch 8/10
[2026-06-16 12:11:22,137][finetune_logger][INFO] - Epoch 8/10
2026-06-16 12:19:46 - finetune_logger - INFO - Train loss: 1.657154049959859
[2026-06-16 12:19:46,524][finetune_logger][INFO] - Train loss: 1.657154049959859
2026-06-16 12:19:46 - finetune_logger - INFO - Train time: 504.386278629303s
[2026-06-16 12:19:46,524][finetune_logger][INFO] - Train time: 504.386278629303s
2026-06-16 12:19:46 - finetune_logger - INFO - Train memory reserved: 24.00 MB
[2026-06-16 12:19:46,524][finetune_logger][INFO] - Train memory reserved: 24.00 MB
2026-06-16 12:19:46 - finetune_logger - INFO - Train memory allocated: 18.10 MB
[2026-06-16 12:19:46,524][finetune_logger][INFO] - Train memory allocated: 18.10 MB
2026-06-16 12:19:46 - finetune_logger - INFO - Current learning rate: 0.0005
[2026-06-16 12:19:46,524][finetune_logger][INFO] - Current learning rate: 0.0005
2026-06-16 12:20:57 - finetune_logger - INFO - Validation metrics: {'MAE': 1.9765174764873683, 'RMSE': 2.8884321005356175}
[2026-06-16 12:20:57,219][finetune_logger][INFO] - Validation metrics: {'MAE': 1.9765174764873683, 'RMSE': 2.8884321005356175}
2026-06-16 12:20:57 - finetune_logger - INFO - Val time: 70.69s
[2026-06-16 12:20:57,219][finetune_logger][INFO] - Val time: 70.69s
2026-06-16 12:20:57 - finetune_logger - INFO - Val memory reserved: 24.00 MB
[2026-06-16 12:20:57,219][finetune_logger][INFO] - Val memory reserved: 24.00 MB
2026-06-16 12:20:57 - finetune_logger - INFO - Val memory allocated: 18.10 MB
[2026-06-16 12:20:57,219][finetune_logger][INFO] - Val memory allocated: 18.10 MB
2026-06-16 12:20:57 - finetune_logger - INFO - Logged epoch 8 info to /public/home/202411094934/python_project/Spatio-Temporal-Library/time-series/2026-06-16/itransformer/pretrain10_finetune10/ettm2/time-series/seed_0/training_log.json
[2026-06-16 12:20:57,223][finetune_logger][INFO] - Logged epoch 8 info to /public/home/202411094934/python_project/Spatio-Temporal-Library/time-series/2026-06-16/itransformer/pretrain10_finetune10/ettm2/time-series/seed_0/training_log.json
2026-06-16 12:22:07 - finetune_logger - INFO - Test metrics: {'MAE': 2.157523851933286, 'RMSE': 3.2725475775100317}
[2026-06-16 12:22:07,986][finetune_logger][INFO] - Test metrics: {'MAE': 2.157523851933286, 'RMSE': 3.2725475775100317}
2026-06-16 12:22:07 - finetune_logger - INFO - Test time: 70.76s
[2026-06-16 12:22:07,986][finetune_logger][INFO] - Test time: 70.76s
2026-06-16 12:22:07 - finetune_logger - INFO - Test memory reserved: 24.00 MB
[2026-06-16 12:22:07,986][finetune_logger][INFO] - Test memory reserved: 24.00 MB
2026-06-16 12:22:07 - finetune_logger - INFO - Test memory allocated: 18.10 MB
[2026-06-16 12:22:07,986][finetune_logger][INFO] - Test memory allocated: 18.10 MB
2026-06-16 12:22:07 - finetune_logger - INFO - Epoch 9/10
[2026-06-16 12:22:07,987][finetune_logger][INFO] - Epoch 9/10
2026-06-16 12:30:31 - finetune_logger - INFO - Train loss: 1.6385415570778554
[2026-06-16 12:30:31,802][finetune_logger][INFO] - Train loss: 1.6385415570778554
2026-06-16 12:30:31 - finetune_logger - INFO - Train time: 503.81484961509705s
[2026-06-16 12:30:31,802][finetune_logger][INFO] - Train time: 503.81484961509705s
2026-06-16 12:30:31 - finetune_logger - INFO - Train memory reserved: 24.00 MB
[2026-06-16 12:30:31,802][finetune_logger][INFO] - Train memory reserved: 24.00 MB
2026-06-16 12:30:31 - finetune_logger - INFO - Train memory allocated: 18.10 MB
[2026-06-16 12:30:31,803][finetune_logger][INFO] - Train memory allocated: 18.10 MB
2026-06-16 12:30:31 - finetune_logger - INFO - Current learning rate: 0.0005
[2026-06-16 12:30:31,803][finetune_logger][INFO] - Current learning rate: 0.0005
2026-06-16 12:31:42 - finetune_logger - INFO - Validation metrics: {'MAE': 1.9986835749901688, 'RMSE': 2.9191039484234085}
[2026-06-16 12:31:42,438][finetune_logger][INFO] - Validation metrics: {'MAE': 1.9986835749901688, 'RMSE': 2.9191039484234085}
2026-06-16 12:31:42 - finetune_logger - INFO - Val time: 70.64s
[2026-06-16 12:31:42,439][finetune_logger][INFO] - Val time: 70.64s
2026-06-16 12:31:42 - finetune_logger - INFO - Val memory reserved: 24.00 MB
[2026-06-16 12:31:42,439][finetune_logger][INFO] - Val memory reserved: 24.00 MB
2026-06-16 12:31:42 - finetune_logger - INFO - Val memory allocated: 18.10 MB
[2026-06-16 12:31:42,439][finetune_logger][INFO] - Val memory allocated: 18.10 MB
2026-06-16 12:31:42 - finetune_logger - INFO - Logged epoch 9 info to /public/home/202411094934/python_project/Spatio-Temporal-Library/time-series/2026-06-16/itransformer/pretrain10_finetune10/ettm2/time-series/seed_0/training_log.json
[2026-06-16 12:31:42,442][finetune_logger][INFO] - Logged epoch 9 info to /public/home/202411094934/python_project/Spatio-Temporal-Library/time-series/2026-06-16/itransformer/pretrain10_finetune10/ettm2/time-series/seed_0/training_log.json
2026-06-16 12:32:53 - finetune_logger - INFO - Test metrics: {'MAE': 2.1644800071392605, 'RMSE': 3.2852566897260567}
[2026-06-16 12:32:53,295][finetune_logger][INFO] - Test metrics: {'MAE': 2.1644800071392605, 'RMSE': 3.2852566897260567}
2026-06-16 12:32:53 - finetune_logger - INFO - Test time: 70.85s
[2026-06-16 12:32:53,295][finetune_logger][INFO] - Test time: 70.85s
2026-06-16 12:32:53 - finetune_logger - INFO - Test memory reserved: 24.00 MB
[2026-06-16 12:32:53,295][finetune_logger][INFO] - Test memory reserved: 24.00 MB
2026-06-16 12:32:53 - finetune_logger - INFO - Test memory allocated: 18.10 MB
[2026-06-16 12:32:53,295][finetune_logger][INFO] - Test memory allocated: 18.10 MB
2026-06-16 12:32:53 - finetune_logger - INFO - Epoch 10/10
[2026-06-16 12:32:53,295][finetune_logger][INFO] - Epoch 10/10
2026-06-16 12:41:17 - finetune_logger - INFO - Train loss: 1.624628974098352
[2026-06-16 12:41:17,786][finetune_logger][INFO] - Train loss: 1.624628974098352
2026-06-16 12:41:17 - finetune_logger - INFO - Train time: 504.4900977611542s
[2026-06-16 12:41:17,786][finetune_logger][INFO] - Train time: 504.4900977611542s
2026-06-16 12:41:17 - finetune_logger - INFO - Train memory reserved: 24.00 MB
[2026-06-16 12:41:17,786][finetune_logger][INFO] - Train memory reserved: 24.00 MB
2026-06-16 12:41:17 - finetune_logger - INFO - Train memory allocated: 18.10 MB
[2026-06-16 12:41:17,787][finetune_logger][INFO] - Train memory allocated: 18.10 MB
2026-06-16 12:41:17 - finetune_logger - INFO - Current learning rate: 0.0005
[2026-06-16 12:41:17,787][finetune_logger][INFO] - Current learning rate: 0.0005
2026-06-16 12:42:28 - finetune_logger - INFO - Validation metrics: {'MAE': 2.029766638454614, 'RMSE': 2.9616390290177725}
[2026-06-16 12:42:28,466][finetune_logger][INFO] - Validation metrics: {'MAE': 2.029766638454614, 'RMSE': 2.9616390290177725}
2026-06-16 12:42:28 - finetune_logger - INFO - Val time: 70.68s
[2026-06-16 12:42:28,466][finetune_logger][INFO] - Val time: 70.68s
2026-06-16 12:42:28 - finetune_logger - INFO - Val memory reserved: 24.00 MB
[2026-06-16 12:42:28,467][finetune_logger][INFO] - Val memory reserved: 24.00 MB
2026-06-16 12:42:28 - finetune_logger - INFO - Val memory allocated: 18.10 MB
[2026-06-16 12:42:28,467][finetune_logger][INFO] - Val memory allocated: 18.10 MB
2026-06-16 12:42:28 - finetune_logger - INFO - Logged epoch 10 info to /public/home/202411094934/python_project/Spatio-Temporal-Library/time-series/2026-06-16/itransformer/pretrain10_finetune10/ettm2/time-series/seed_0/training_log.json
[2026-06-16 12:42:28,470][finetune_logger][INFO] - Logged epoch 10 info to /public/home/202411094934/python_project/Spatio-Temporal-Library/time-series/2026-06-16/itransformer/pretrain10_finetune10/ettm2/time-series/seed_0/training_log.json
2026-06-16 12:43:39 - finetune_logger - INFO - Test metrics: {'MAE': 2.189386632042471, 'RMSE': 3.322605179406998}
[2026-06-16 12:43:39,219][finetune_logger][INFO] - Test metrics: {'MAE': 2.189386632042471, 'RMSE': 3.322605179406998}
2026-06-16 12:43:39 - finetune_logger - INFO - Test time: 70.73s
[2026-06-16 12:43:39,220][finetune_logger][INFO] - Test time: 70.73s
2026-06-16 12:43:39 - finetune_logger - INFO - Test memory reserved: 24.00 MB
[2026-06-16 12:43:39,220][finetune_logger][INFO] - Test memory reserved: 24.00 MB
2026-06-16 12:43:39 - finetune_logger - INFO - Test memory allocated: 18.10 MB
[2026-06-16 12:43:39,220][finetune_logger][INFO] - Test memory allocated: 18.10 MB
2026-06-16 12:43:39 - finetune_logger - INFO - Training completed. Best epoch: 2, Best val loss: 1.965775
[2026-06-16 12:43:39,220][finetune_logger][INFO] - Training completed. Best epoch: 2, Best val loss: 1.965775
2026-06-16 12:43:39 - finetune_logger - INFO - Loaded checkpoint from epoch 2
[2026-06-16 12:43:39,249][finetune_logger][INFO] - Loaded checkpoint from epoch 2
2026-06-16 12:43:39 - finetune_logger - INFO - Evaluating best model on test sets...
[2026-06-16 12:43:39,250][finetune_logger][INFO] - Evaluating best model on test sets...
2026-06-16 12:44:49 - finetune_logger - INFO - Test metrics: {'MAE': 2.122706498816132, 'RMSE': 3.215015941009088}
[2026-06-16 12:44:49,939][finetune_logger][INFO] - Test metrics: {'MAE': 2.122706498816132, 'RMSE': 3.215015941009088}
2026-06-16 12:44:49 - finetune_logger - INFO - Test time: 70.69s
[2026-06-16 12:44:49,939][finetune_logger][INFO] - Test time: 70.69s
2026-06-16 12:44:49 - finetune_logger - INFO - Test memory reserved: 26.00 MB
[2026-06-16 12:44:49,940][finetune_logger][INFO] - Test memory reserved: 26.00 MB
2026-06-16 12:44:49 - finetune_logger - INFO - Test memory allocated: 18.14 MB
[2026-06-16 12:44:49,940][finetune_logger][INFO] - Test memory allocated: 18.14 MB
2026-06-16 12:44:49 - finetune_logger - INFO - Logged epoch test info to /public/home/202411094934/python_project/Spatio-Temporal-Library/time-series/2026-06-16/itransformer/pretrain10_finetune10/ettm2/time-series/seed_0/training_log.json
[2026-06-16 12:44:49,943][finetune_logger][INFO] - Logged epoch test info to /public/home/202411094934/python_project/Spatio-Temporal-Library/time-series/2026-06-16/itransformer/pretrain10_finetune10/ettm2/time-series/seed_0/training_log.json
