2026-06-16 02:33:43 - pretrain_logger - INFO - Model parameters: 158,912
[2026-06-16 02:33:43,657][pretrain_logger][INFO] - Model parameters: 158,912
2026-06-16 02:33:43 - pretrain_logger - INFO - Created new log file at /public/home/202411094934/python_project/Spatio-Temporal-Library/time-series/2026-06-16/itransformer/pretrain10/exchange_rate/time-series/seed_1/training_log.json
[2026-06-16 02:33:43,667][pretrain_logger][INFO] - Created new log file at /public/home/202411094934/python_project/Spatio-Temporal-Library/time-series/2026-06-16/itransformer/pretrain10/exchange_rate/time-series/seed_1/training_log.json
2026-06-16 02:33:43 - pretrain_logger - INFO - Starting JEPA pretraining...
[2026-06-16 02:33:43,667][pretrain_logger][INFO] - Starting JEPA pretraining...
2026-06-16 02:35:24 - pretrain_logger - INFO - [JEPA Pretrain] Epoch 1/10, loss=0.874760, time=100.48s
[2026-06-16 02:35:24,146][pretrain_logger][INFO] - [JEPA Pretrain] Epoch 1/10, loss=0.874760, time=100.48s
2026-06-16 02:35:24 - pretrain_logger - INFO - Pretrain loss: 0.8747596036218344
[2026-06-16 02:35:24,147][pretrain_logger][INFO] - Pretrain loss: 0.8747596036218344
2026-06-16 02:35:24 - pretrain_logger - INFO - Pretrain time: 100.47904896736145s
[2026-06-16 02:35:24,147][pretrain_logger][INFO] - Pretrain time: 100.47904896736145s
2026-06-16 02:35:24 - pretrain_logger - INFO - Pretrain memory reserved: 26.00 MB
[2026-06-16 02:35:24,147][pretrain_logger][INFO] - Pretrain memory reserved: 26.00 MB
2026-06-16 02:35:24 - pretrain_logger - INFO - Pretrain memory allocated: 18.04 MB
[2026-06-16 02:35:24,147][pretrain_logger][INFO] - Pretrain memory allocated: 18.04 MB
2026-06-16 02:35:24 - pretrain_logger - INFO - Current learning rate: 0.0005
[2026-06-16 02:35:24,147][pretrain_logger][INFO] - Current learning rate: 0.0005
2026-06-16 02:35:24 - pretrain_logger - INFO - Logged epoch Pretrain 1 info to /public/home/202411094934/python_project/Spatio-Temporal-Library/time-series/2026-06-16/itransformer/pretrain10/exchange_rate/time-series/seed_1/training_log.json
[2026-06-16 02:35:24,151][pretrain_logger][INFO] - Logged epoch Pretrain 1 info to /public/home/202411094934/python_project/Spatio-Temporal-Library/time-series/2026-06-16/itransformer/pretrain10/exchange_rate/time-series/seed_1/training_log.json
2026-06-16 02:37:04 - pretrain_logger - INFO - [JEPA Pretrain] Epoch 2/10, loss=0.827461, time=99.93s
[2026-06-16 02:37:04,084][pretrain_logger][INFO] - [JEPA Pretrain] Epoch 2/10, loss=0.827461, time=99.93s
2026-06-16 02:37:04 - pretrain_logger - INFO - Pretrain loss: 0.8274613712454518
[2026-06-16 02:37:04,108][pretrain_logger][INFO] - Pretrain loss: 0.8274613712454518
2026-06-16 02:37:04 - pretrain_logger - INFO - Pretrain time: 99.93365168571472s
[2026-06-16 02:37:04,108][pretrain_logger][INFO] - Pretrain time: 99.93365168571472s
2026-06-16 02:37:04 - pretrain_logger - INFO - Pretrain memory reserved: 26.00 MB
[2026-06-16 02:37:04,108][pretrain_logger][INFO] - Pretrain memory reserved: 26.00 MB
2026-06-16 02:37:04 - pretrain_logger - INFO - Pretrain memory allocated: 18.04 MB
[2026-06-16 02:37:04,108][pretrain_logger][INFO] - Pretrain memory allocated: 18.04 MB
2026-06-16 02:37:04 - pretrain_logger - INFO - Current learning rate: 0.0005
[2026-06-16 02:37:04,108][pretrain_logger][INFO] - Current learning rate: 0.0005
2026-06-16 02:37:04 - pretrain_logger - INFO - Logged epoch Pretrain 2 info to /public/home/202411094934/python_project/Spatio-Temporal-Library/time-series/2026-06-16/itransformer/pretrain10/exchange_rate/time-series/seed_1/training_log.json
[2026-06-16 02:37:04,111][pretrain_logger][INFO] - Logged epoch Pretrain 2 info to /public/home/202411094934/python_project/Spatio-Temporal-Library/time-series/2026-06-16/itransformer/pretrain10/exchange_rate/time-series/seed_1/training_log.json
2026-06-16 02:38:44 - pretrain_logger - INFO - [JEPA Pretrain] Epoch 3/10, loss=0.820857, time=100.08s
[2026-06-16 02:38:44,194][pretrain_logger][INFO] - [JEPA Pretrain] Epoch 3/10, loss=0.820857, time=100.08s
2026-06-16 02:38:44 - pretrain_logger - INFO - Pretrain loss: 0.8208568303645388
[2026-06-16 02:38:44,195][pretrain_logger][INFO] - Pretrain loss: 0.8208568303645388
2026-06-16 02:38:44 - pretrain_logger - INFO - Pretrain time: 100.08295178413391s
[2026-06-16 02:38:44,195][pretrain_logger][INFO] - Pretrain time: 100.08295178413391s
2026-06-16 02:38:44 - pretrain_logger - INFO - Pretrain memory reserved: 26.00 MB
[2026-06-16 02:38:44,195][pretrain_logger][INFO] - Pretrain memory reserved: 26.00 MB
2026-06-16 02:38:44 - pretrain_logger - INFO - Pretrain memory allocated: 18.04 MB
[2026-06-16 02:38:44,195][pretrain_logger][INFO] - Pretrain memory allocated: 18.04 MB
2026-06-16 02:38:44 - pretrain_logger - INFO - Current learning rate: 0.0005
[2026-06-16 02:38:44,195][pretrain_logger][INFO] - Current learning rate: 0.0005
2026-06-16 02:38:44 - pretrain_logger - INFO - Logged epoch Pretrain 3 info to /public/home/202411094934/python_project/Spatio-Temporal-Library/time-series/2026-06-16/itransformer/pretrain10/exchange_rate/time-series/seed_1/training_log.json
[2026-06-16 02:38:44,198][pretrain_logger][INFO] - Logged epoch Pretrain 3 info to /public/home/202411094934/python_project/Spatio-Temporal-Library/time-series/2026-06-16/itransformer/pretrain10/exchange_rate/time-series/seed_1/training_log.json
2026-06-16 02:40:24 - pretrain_logger - INFO - [JEPA Pretrain] Epoch 4/10, loss=0.815116, time=100.06s
[2026-06-16 02:40:24,257][pretrain_logger][INFO] - [JEPA Pretrain] Epoch 4/10, loss=0.815116, time=100.06s
2026-06-16 02:40:24 - pretrain_logger - INFO - Pretrain loss: 0.815116370049647
[2026-06-16 02:40:24,280][pretrain_logger][INFO] - Pretrain loss: 0.815116370049647
2026-06-16 02:40:24 - pretrain_logger - INFO - Pretrain time: 100.0593774318695s
[2026-06-16 02:40:24,280][pretrain_logger][INFO] - Pretrain time: 100.0593774318695s
2026-06-16 02:40:24 - pretrain_logger - INFO - Pretrain memory reserved: 26.00 MB
[2026-06-16 02:40:24,280][pretrain_logger][INFO] - Pretrain memory reserved: 26.00 MB
2026-06-16 02:40:24 - pretrain_logger - INFO - Pretrain memory allocated: 18.04 MB
[2026-06-16 02:40:24,280][pretrain_logger][INFO] - Pretrain memory allocated: 18.04 MB
2026-06-16 02:40:24 - pretrain_logger - INFO - Current learning rate: 0.0005
[2026-06-16 02:40:24,280][pretrain_logger][INFO] - Current learning rate: 0.0005
2026-06-16 02:40:24 - pretrain_logger - INFO - Logged epoch Pretrain 4 info to /public/home/202411094934/python_project/Spatio-Temporal-Library/time-series/2026-06-16/itransformer/pretrain10/exchange_rate/time-series/seed_1/training_log.json
[2026-06-16 02:40:24,283][pretrain_logger][INFO] - Logged epoch Pretrain 4 info to /public/home/202411094934/python_project/Spatio-Temporal-Library/time-series/2026-06-16/itransformer/pretrain10/exchange_rate/time-series/seed_1/training_log.json
2026-06-16 02:42:04 - pretrain_logger - INFO - [JEPA Pretrain] Epoch 5/10, loss=0.811188, time=99.78s
[2026-06-16 02:42:04,067][pretrain_logger][INFO] - [JEPA Pretrain] Epoch 5/10, loss=0.811188, time=99.78s
2026-06-16 02:42:04 - pretrain_logger - INFO - Pretrain loss: 0.8111876012120749
[2026-06-16 02:42:04,068][pretrain_logger][INFO] - Pretrain loss: 0.8111876012120749
2026-06-16 02:42:04 - pretrain_logger - INFO - Pretrain time: 99.78385758399963s
[2026-06-16 02:42:04,068][pretrain_logger][INFO] - Pretrain time: 99.78385758399963s
2026-06-16 02:42:04 - pretrain_logger - INFO - Pretrain memory reserved: 26.00 MB
[2026-06-16 02:42:04,068][pretrain_logger][INFO] - Pretrain memory reserved: 26.00 MB
2026-06-16 02:42:04 - pretrain_logger - INFO - Pretrain memory allocated: 18.04 MB
[2026-06-16 02:42:04,068][pretrain_logger][INFO] - Pretrain memory allocated: 18.04 MB
2026-06-16 02:42:04 - pretrain_logger - INFO - Current learning rate: 0.0005
[2026-06-16 02:42:04,068][pretrain_logger][INFO] - Current learning rate: 0.0005
2026-06-16 02:42:04 - pretrain_logger - INFO - Logged epoch Pretrain 5 info to /public/home/202411094934/python_project/Spatio-Temporal-Library/time-series/2026-06-16/itransformer/pretrain10/exchange_rate/time-series/seed_1/training_log.json
[2026-06-16 02:42:04,071][pretrain_logger][INFO] - Logged epoch Pretrain 5 info to /public/home/202411094934/python_project/Spatio-Temporal-Library/time-series/2026-06-16/itransformer/pretrain10/exchange_rate/time-series/seed_1/training_log.json
2026-06-16 02:43:43 - pretrain_logger - INFO - [JEPA Pretrain] Epoch 6/10, loss=0.808359, time=99.82s
[2026-06-16 02:43:43,887][pretrain_logger][INFO] - [JEPA Pretrain] Epoch 6/10, loss=0.808359, time=99.82s
2026-06-16 02:43:43 - pretrain_logger - INFO - Pretrain loss: 0.8083593249203038
[2026-06-16 02:43:43,910][pretrain_logger][INFO] - Pretrain loss: 0.8083593249203038
2026-06-16 02:43:43 - pretrain_logger - INFO - Pretrain time: 99.81589078903198s
[2026-06-16 02:43:43,910][pretrain_logger][INFO] - Pretrain time: 99.81589078903198s
2026-06-16 02:43:43 - pretrain_logger - INFO - Pretrain memory reserved: 26.00 MB
[2026-06-16 02:43:43,910][pretrain_logger][INFO] - Pretrain memory reserved: 26.00 MB
2026-06-16 02:43:43 - pretrain_logger - INFO - Pretrain memory allocated: 18.04 MB
[2026-06-16 02:43:43,910][pretrain_logger][INFO] - Pretrain memory allocated: 18.04 MB
2026-06-16 02:43:43 - pretrain_logger - INFO - Current learning rate: 0.0005
[2026-06-16 02:43:43,910][pretrain_logger][INFO] - Current learning rate: 0.0005
2026-06-16 02:43:43 - pretrain_logger - INFO - Logged epoch Pretrain 6 info to /public/home/202411094934/python_project/Spatio-Temporal-Library/time-series/2026-06-16/itransformer/pretrain10/exchange_rate/time-series/seed_1/training_log.json
[2026-06-16 02:43:43,913][pretrain_logger][INFO] - Logged epoch Pretrain 6 info to /public/home/202411094934/python_project/Spatio-Temporal-Library/time-series/2026-06-16/itransformer/pretrain10/exchange_rate/time-series/seed_1/training_log.json
2026-06-16 02:45:24 - pretrain_logger - INFO - [JEPA Pretrain] Epoch 7/10, loss=0.804618, time=100.19s
[2026-06-16 02:45:24,101][pretrain_logger][INFO] - [JEPA Pretrain] Epoch 7/10, loss=0.804618, time=100.19s
2026-06-16 02:45:24 - pretrain_logger - INFO - Pretrain loss: 0.8046178589398101
[2026-06-16 02:45:24,102][pretrain_logger][INFO] - Pretrain loss: 0.8046178589398101
2026-06-16 02:45:24 - pretrain_logger - INFO - Pretrain time: 100.18811249732971s
[2026-06-16 02:45:24,102][pretrain_logger][INFO] - Pretrain time: 100.18811249732971s
2026-06-16 02:45:24 - pretrain_logger - INFO - Pretrain memory reserved: 26.00 MB
[2026-06-16 02:45:24,102][pretrain_logger][INFO] - Pretrain memory reserved: 26.00 MB
2026-06-16 02:45:24 - pretrain_logger - INFO - Pretrain memory allocated: 18.04 MB
[2026-06-16 02:45:24,102][pretrain_logger][INFO] - Pretrain memory allocated: 18.04 MB
2026-06-16 02:45:24 - pretrain_logger - INFO - Current learning rate: 0.0005
[2026-06-16 02:45:24,103][pretrain_logger][INFO] - Current learning rate: 0.0005
2026-06-16 02:45:24 - pretrain_logger - INFO - Logged epoch Pretrain 7 info to /public/home/202411094934/python_project/Spatio-Temporal-Library/time-series/2026-06-16/itransformer/pretrain10/exchange_rate/time-series/seed_1/training_log.json
[2026-06-16 02:45:24,105][pretrain_logger][INFO] - Logged epoch Pretrain 7 info to /public/home/202411094934/python_project/Spatio-Temporal-Library/time-series/2026-06-16/itransformer/pretrain10/exchange_rate/time-series/seed_1/training_log.json
2026-06-16 02:47:04 - pretrain_logger - INFO - [JEPA Pretrain] Epoch 8/10, loss=0.801783, time=100.22s
[2026-06-16 02:47:04,322][pretrain_logger][INFO] - [JEPA Pretrain] Epoch 8/10, loss=0.801783, time=100.22s
2026-06-16 02:47:04 - pretrain_logger - INFO - Pretrain loss: 0.8017830748252477
[2026-06-16 02:47:04,345][pretrain_logger][INFO] - Pretrain loss: 0.8017830748252477
2026-06-16 02:47:04 - pretrain_logger - INFO - Pretrain time: 100.2168219089508s
[2026-06-16 02:47:04,345][pretrain_logger][INFO] - Pretrain time: 100.2168219089508s
2026-06-16 02:47:04 - pretrain_logger - INFO - Pretrain memory reserved: 26.00 MB
[2026-06-16 02:47:04,345][pretrain_logger][INFO] - Pretrain memory reserved: 26.00 MB
2026-06-16 02:47:04 - pretrain_logger - INFO - Pretrain memory allocated: 18.04 MB
[2026-06-16 02:47:04,345][pretrain_logger][INFO] - Pretrain memory allocated: 18.04 MB
2026-06-16 02:47:04 - pretrain_logger - INFO - Current learning rate: 0.0005
[2026-06-16 02:47:04,345][pretrain_logger][INFO] - Current learning rate: 0.0005
2026-06-16 02:47:04 - pretrain_logger - INFO - Logged epoch Pretrain 8 info to /public/home/202411094934/python_project/Spatio-Temporal-Library/time-series/2026-06-16/itransformer/pretrain10/exchange_rate/time-series/seed_1/training_log.json
[2026-06-16 02:47:04,348][pretrain_logger][INFO] - Logged epoch Pretrain 8 info to /public/home/202411094934/python_project/Spatio-Temporal-Library/time-series/2026-06-16/itransformer/pretrain10/exchange_rate/time-series/seed_1/training_log.json
2026-06-16 02:48:44 - pretrain_logger - INFO - [JEPA Pretrain] Epoch 9/10, loss=0.800979, time=100.34s
[2026-06-16 02:48:44,684][pretrain_logger][INFO] - [JEPA Pretrain] Epoch 9/10, loss=0.800979, time=100.34s
2026-06-16 02:48:44 - pretrain_logger - INFO - Pretrain loss: 0.8009793816511543
[2026-06-16 02:48:44,685][pretrain_logger][INFO] - Pretrain loss: 0.8009793816511543
2026-06-16 02:48:44 - pretrain_logger - INFO - Pretrain time: 100.33602547645569s
[2026-06-16 02:48:44,685][pretrain_logger][INFO] - Pretrain time: 100.33602547645569s
2026-06-16 02:48:44 - pretrain_logger - INFO - Pretrain memory reserved: 26.00 MB
[2026-06-16 02:48:44,685][pretrain_logger][INFO] - Pretrain memory reserved: 26.00 MB
2026-06-16 02:48:44 - pretrain_logger - INFO - Pretrain memory allocated: 18.04 MB
[2026-06-16 02:48:44,685][pretrain_logger][INFO] - Pretrain memory allocated: 18.04 MB
2026-06-16 02:48:44 - pretrain_logger - INFO - Current learning rate: 0.0005
[2026-06-16 02:48:44,685][pretrain_logger][INFO] - Current learning rate: 0.0005
2026-06-16 02:48:44 - pretrain_logger - INFO - Logged epoch Pretrain 9 info to /public/home/202411094934/python_project/Spatio-Temporal-Library/time-series/2026-06-16/itransformer/pretrain10/exchange_rate/time-series/seed_1/training_log.json
[2026-06-16 02:48:44,688][pretrain_logger][INFO] - Logged epoch Pretrain 9 info to /public/home/202411094934/python_project/Spatio-Temporal-Library/time-series/2026-06-16/itransformer/pretrain10/exchange_rate/time-series/seed_1/training_log.json
2026-06-16 02:50:24 - pretrain_logger - INFO - [JEPA Pretrain] Epoch 10/10, loss=0.799239, time=100.09s
[2026-06-16 02:50:24,779][pretrain_logger][INFO] - [JEPA Pretrain] Epoch 10/10, loss=0.799239, time=100.09s
2026-06-16 02:50:24 - pretrain_logger - INFO - Pretrain loss: 0.7992387618987403
[2026-06-16 02:50:24,801][pretrain_logger][INFO] - Pretrain loss: 0.7992387618987403
2026-06-16 02:50:24 - pretrain_logger - INFO - Pretrain time: 100.0899703502655s
[2026-06-16 02:50:24,801][pretrain_logger][INFO] - Pretrain time: 100.0899703502655s
2026-06-16 02:50:24 - pretrain_logger - INFO - Pretrain memory reserved: 26.00 MB
[2026-06-16 02:50:24,801][pretrain_logger][INFO] - Pretrain memory reserved: 26.00 MB
2026-06-16 02:50:24 - pretrain_logger - INFO - Pretrain memory allocated: 18.04 MB
[2026-06-16 02:50:24,801][pretrain_logger][INFO] - Pretrain memory allocated: 18.04 MB
2026-06-16 02:50:24 - pretrain_logger - INFO - Current learning rate: 0.0005
[2026-06-16 02:50:24,801][pretrain_logger][INFO] - Current learning rate: 0.0005
2026-06-16 02:50:24 - pretrain_logger - INFO - Logged epoch Pretrain 10 info to /public/home/202411094934/python_project/Spatio-Temporal-Library/time-series/2026-06-16/itransformer/pretrain10/exchange_rate/time-series/seed_1/training_log.json
[2026-06-16 02:50:24,804][pretrain_logger][INFO] - Logged epoch Pretrain 10 info to /public/home/202411094934/python_project/Spatio-Temporal-Library/time-series/2026-06-16/itransformer/pretrain10/exchange_rate/time-series/seed_1/training_log.json
2026-06-16 02:50:24 - pretrain_logger - INFO - JEPA pretraining completed.
[2026-06-16 02:50:24,804][pretrain_logger][INFO] - JEPA pretraining completed.
2026-06-16 10:55:02 - pretrain_logger - INFO - Model parameters: 158,912
[2026-06-16 10:55:02,636][pretrain_logger][INFO] - Model parameters: 158,912
2026-06-16 10:55:02 - pretrain_logger - INFO - Log file already exists at /public/home/202411094934/python_project/Spatio-Temporal-Library/time-series/2026-06-16/itransformer/pretrain10/exchange_rate/time-series/seed_1/training_log.json, appending to it.
[2026-06-16 10:55:02,647][pretrain_logger][INFO] - Log file already exists at /public/home/202411094934/python_project/Spatio-Temporal-Library/time-series/2026-06-16/itransformer/pretrain10/exchange_rate/time-series/seed_1/training_log.json, appending to it.
2026-06-16 10:55:02 - pretrain_logger - INFO - Starting JEPA pretraining...
[2026-06-16 10:55:02,647][pretrain_logger][INFO] - Starting JEPA pretraining...
2026-06-16 10:56:42 - pretrain_logger - INFO - [JEPA Pretrain] Epoch 1/10, loss=0.874760, time=99.38s
[2026-06-16 10:56:42,025][pretrain_logger][INFO] - [JEPA Pretrain] Epoch 1/10, loss=0.874760, time=99.38s
2026-06-16 10:56:42 - pretrain_logger - INFO - Pretrain loss: 0.8747596036218344
[2026-06-16 10:56:42,026][pretrain_logger][INFO] - Pretrain loss: 0.8747596036218344
2026-06-16 10:56:42 - pretrain_logger - INFO - Pretrain time: 99.37789011001587s
[2026-06-16 10:56:42,026][pretrain_logger][INFO] - Pretrain time: 99.37789011001587s
2026-06-16 10:56:42 - pretrain_logger - INFO - Pretrain memory reserved: 26.00 MB
[2026-06-16 10:56:42,026][pretrain_logger][INFO] - Pretrain memory reserved: 26.00 MB
2026-06-16 10:56:42 - pretrain_logger - INFO - Pretrain memory allocated: 18.04 MB
[2026-06-16 10:56:42,026][pretrain_logger][INFO] - Pretrain memory allocated: 18.04 MB
2026-06-16 10:56:42 - pretrain_logger - INFO - Current learning rate: 0.0005
[2026-06-16 10:56:42,026][pretrain_logger][INFO] - Current learning rate: 0.0005
2026-06-16 10:56:42 - pretrain_logger - INFO - Logged epoch Pretrain 1 info to /public/home/202411094934/python_project/Spatio-Temporal-Library/time-series/2026-06-16/itransformer/pretrain10/exchange_rate/time-series/seed_1/training_log.json
[2026-06-16 10:56:42,028][pretrain_logger][INFO] - Logged epoch Pretrain 1 info to /public/home/202411094934/python_project/Spatio-Temporal-Library/time-series/2026-06-16/itransformer/pretrain10/exchange_rate/time-series/seed_1/training_log.json
2026-06-16 10:58:21 - pretrain_logger - INFO - [JEPA Pretrain] Epoch 2/10, loss=0.827461, time=98.97s
[2026-06-16 10:58:21,001][pretrain_logger][INFO] - [JEPA Pretrain] Epoch 2/10, loss=0.827461, time=98.97s
2026-06-16 10:58:21 - pretrain_logger - INFO - Pretrain loss: 0.8274613712454518
[2026-06-16 10:58:21,025][pretrain_logger][INFO] - Pretrain loss: 0.8274613712454518
2026-06-16 10:58:21 - pretrain_logger - INFO - Pretrain time: 98.9722797870636s
[2026-06-16 10:58:21,025][pretrain_logger][INFO] - Pretrain time: 98.9722797870636s
2026-06-16 10:58:21 - pretrain_logger - INFO - Pretrain memory reserved: 26.00 MB
[2026-06-16 10:58:21,025][pretrain_logger][INFO] - Pretrain memory reserved: 26.00 MB
2026-06-16 10:58:21 - pretrain_logger - INFO - Pretrain memory allocated: 18.04 MB
[2026-06-16 10:58:21,025][pretrain_logger][INFO] - Pretrain memory allocated: 18.04 MB
2026-06-16 10:58:21 - pretrain_logger - INFO - Current learning rate: 0.0005
[2026-06-16 10:58:21,025][pretrain_logger][INFO] - Current learning rate: 0.0005
2026-06-16 10:58:21 - pretrain_logger - INFO - Logged epoch Pretrain 2 info to /public/home/202411094934/python_project/Spatio-Temporal-Library/time-series/2026-06-16/itransformer/pretrain10/exchange_rate/time-series/seed_1/training_log.json
[2026-06-16 10:58:21,028][pretrain_logger][INFO] - Logged epoch Pretrain 2 info to /public/home/202411094934/python_project/Spatio-Temporal-Library/time-series/2026-06-16/itransformer/pretrain10/exchange_rate/time-series/seed_1/training_log.json
2026-06-16 10:59:59 - pretrain_logger - INFO - [JEPA Pretrain] Epoch 3/10, loss=0.820857, time=98.96s
[2026-06-16 10:59:59,986][pretrain_logger][INFO] - [JEPA Pretrain] Epoch 3/10, loss=0.820857, time=98.96s
2026-06-16 10:59:59 - pretrain_logger - INFO - Pretrain loss: 0.8208568303645388
[2026-06-16 10:59:59,987][pretrain_logger][INFO] - Pretrain loss: 0.8208568303645388
2026-06-16 10:59:59 - pretrain_logger - INFO - Pretrain time: 98.95855021476746s
[2026-06-16 10:59:59,987][pretrain_logger][INFO] - Pretrain time: 98.95855021476746s
2026-06-16 10:59:59 - pretrain_logger - INFO - Pretrain memory reserved: 26.00 MB
[2026-06-16 10:59:59,987][pretrain_logger][INFO] - Pretrain memory reserved: 26.00 MB
2026-06-16 10:59:59 - pretrain_logger - INFO - Pretrain memory allocated: 18.04 MB
[2026-06-16 10:59:59,987][pretrain_logger][INFO] - Pretrain memory allocated: 18.04 MB
2026-06-16 10:59:59 - pretrain_logger - INFO - Current learning rate: 0.0005
[2026-06-16 10:59:59,988][pretrain_logger][INFO] - Current learning rate: 0.0005
2026-06-16 10:59:59 - pretrain_logger - INFO - Logged epoch Pretrain 3 info to /public/home/202411094934/python_project/Spatio-Temporal-Library/time-series/2026-06-16/itransformer/pretrain10/exchange_rate/time-series/seed_1/training_log.json
[2026-06-16 10:59:59,990][pretrain_logger][INFO] - Logged epoch Pretrain 3 info to /public/home/202411094934/python_project/Spatio-Temporal-Library/time-series/2026-06-16/itransformer/pretrain10/exchange_rate/time-series/seed_1/training_log.json
2026-06-16 11:01:38 - pretrain_logger - INFO - [JEPA Pretrain] Epoch 4/10, loss=0.815116, time=98.57s
[2026-06-16 11:01:38,559][pretrain_logger][INFO] - [JEPA Pretrain] Epoch 4/10, loss=0.815116, time=98.57s
2026-06-16 11:01:38 - pretrain_logger - INFO - Pretrain loss: 0.815116370049647
[2026-06-16 11:01:38,583][pretrain_logger][INFO] - Pretrain loss: 0.815116370049647
2026-06-16 11:01:38 - pretrain_logger - INFO - Pretrain time: 98.5687882900238s
[2026-06-16 11:01:38,583][pretrain_logger][INFO] - Pretrain time: 98.5687882900238s
2026-06-16 11:01:38 - pretrain_logger - INFO - Pretrain memory reserved: 26.00 MB
[2026-06-16 11:01:38,583][pretrain_logger][INFO] - Pretrain memory reserved: 26.00 MB
2026-06-16 11:01:38 - pretrain_logger - INFO - Pretrain memory allocated: 18.04 MB
[2026-06-16 11:01:38,583][pretrain_logger][INFO] - Pretrain memory allocated: 18.04 MB
2026-06-16 11:01:38 - pretrain_logger - INFO - Current learning rate: 0.0005
[2026-06-16 11:01:38,583][pretrain_logger][INFO] - Current learning rate: 0.0005
2026-06-16 11:01:38 - pretrain_logger - INFO - Logged epoch Pretrain 4 info to /public/home/202411094934/python_project/Spatio-Temporal-Library/time-series/2026-06-16/itransformer/pretrain10/exchange_rate/time-series/seed_1/training_log.json
[2026-06-16 11:01:38,586][pretrain_logger][INFO] - Logged epoch Pretrain 4 info to /public/home/202411094934/python_project/Spatio-Temporal-Library/time-series/2026-06-16/itransformer/pretrain10/exchange_rate/time-series/seed_1/training_log.json
2026-06-16 11:03:17 - pretrain_logger - INFO - [JEPA Pretrain] Epoch 5/10, loss=0.811188, time=98.71s
[2026-06-16 11:03:17,296][pretrain_logger][INFO] - [JEPA Pretrain] Epoch 5/10, loss=0.811188, time=98.71s
2026-06-16 11:03:17 - pretrain_logger - INFO - Pretrain loss: 0.8111876012120749
[2026-06-16 11:03:17,297][pretrain_logger][INFO] - Pretrain loss: 0.8111876012120749
2026-06-16 11:03:17 - pretrain_logger - INFO - Pretrain time: 98.71049070358276s
[2026-06-16 11:03:17,297][pretrain_logger][INFO] - Pretrain time: 98.71049070358276s
2026-06-16 11:03:17 - pretrain_logger - INFO - Pretrain memory reserved: 26.00 MB
[2026-06-16 11:03:17,297][pretrain_logger][INFO] - Pretrain memory reserved: 26.00 MB
2026-06-16 11:03:17 - pretrain_logger - INFO - Pretrain memory allocated: 18.04 MB
[2026-06-16 11:03:17,298][pretrain_logger][INFO] - Pretrain memory allocated: 18.04 MB
2026-06-16 11:03:17 - pretrain_logger - INFO - Current learning rate: 0.0005
[2026-06-16 11:03:17,298][pretrain_logger][INFO] - Current learning rate: 0.0005
2026-06-16 11:03:17 - pretrain_logger - INFO - Logged epoch Pretrain 5 info to /public/home/202411094934/python_project/Spatio-Temporal-Library/time-series/2026-06-16/itransformer/pretrain10/exchange_rate/time-series/seed_1/training_log.json
[2026-06-16 11:03:17,300][pretrain_logger][INFO] - Logged epoch Pretrain 5 info to /public/home/202411094934/python_project/Spatio-Temporal-Library/time-series/2026-06-16/itransformer/pretrain10/exchange_rate/time-series/seed_1/training_log.json
2026-06-16 11:04:56 - pretrain_logger - INFO - [JEPA Pretrain] Epoch 6/10, loss=0.808359, time=99.01s
[2026-06-16 11:04:56,306][pretrain_logger][INFO] - [JEPA Pretrain] Epoch 6/10, loss=0.808359, time=99.01s
2026-06-16 11:04:56 - pretrain_logger - INFO - Pretrain loss: 0.8083593249203038
[2026-06-16 11:04:56,329][pretrain_logger][INFO] - Pretrain loss: 0.8083593249203038
2026-06-16 11:04:56 - pretrain_logger - INFO - Pretrain time: 99.005131483078s
[2026-06-16 11:04:56,329][pretrain_logger][INFO] - Pretrain time: 99.005131483078s
2026-06-16 11:04:56 - pretrain_logger - INFO - Pretrain memory reserved: 26.00 MB
[2026-06-16 11:04:56,329][pretrain_logger][INFO] - Pretrain memory reserved: 26.00 MB
2026-06-16 11:04:56 - pretrain_logger - INFO - Pretrain memory allocated: 18.04 MB
[2026-06-16 11:04:56,329][pretrain_logger][INFO] - Pretrain memory allocated: 18.04 MB
2026-06-16 11:04:56 - pretrain_logger - INFO - Current learning rate: 0.0005
[2026-06-16 11:04:56,330][pretrain_logger][INFO] - Current learning rate: 0.0005
2026-06-16 11:04:56 - pretrain_logger - INFO - Logged epoch Pretrain 6 info to /public/home/202411094934/python_project/Spatio-Temporal-Library/time-series/2026-06-16/itransformer/pretrain10/exchange_rate/time-series/seed_1/training_log.json
[2026-06-16 11:04:56,332][pretrain_logger][INFO] - Logged epoch Pretrain 6 info to /public/home/202411094934/python_project/Spatio-Temporal-Library/time-series/2026-06-16/itransformer/pretrain10/exchange_rate/time-series/seed_1/training_log.json
2026-06-16 11:06:35 - pretrain_logger - INFO - [JEPA Pretrain] Epoch 7/10, loss=0.804618, time=98.81s
[2026-06-16 11:06:35,138][pretrain_logger][INFO] - [JEPA Pretrain] Epoch 7/10, loss=0.804618, time=98.81s
2026-06-16 11:06:35 - pretrain_logger - INFO - Pretrain loss: 0.8046178589398101
[2026-06-16 11:06:35,139][pretrain_logger][INFO] - Pretrain loss: 0.8046178589398101
2026-06-16 11:06:35 - pretrain_logger - INFO - Pretrain time: 98.80575489997864s
[2026-06-16 11:06:35,139][pretrain_logger][INFO] - Pretrain time: 98.80575489997864s
2026-06-16 11:06:35 - pretrain_logger - INFO - Pretrain memory reserved: 26.00 MB
[2026-06-16 11:06:35,139][pretrain_logger][INFO] - Pretrain memory reserved: 26.00 MB
2026-06-16 11:06:35 - pretrain_logger - INFO - Pretrain memory allocated: 18.04 MB
[2026-06-16 11:06:35,139][pretrain_logger][INFO] - Pretrain memory allocated: 18.04 MB
2026-06-16 11:06:35 - pretrain_logger - INFO - Current learning rate: 0.0005
[2026-06-16 11:06:35,140][pretrain_logger][INFO] - Current learning rate: 0.0005
2026-06-16 11:06:35 - pretrain_logger - INFO - Logged epoch Pretrain 7 info to /public/home/202411094934/python_project/Spatio-Temporal-Library/time-series/2026-06-16/itransformer/pretrain10/exchange_rate/time-series/seed_1/training_log.json
[2026-06-16 11:06:35,143][pretrain_logger][INFO] - Logged epoch Pretrain 7 info to /public/home/202411094934/python_project/Spatio-Temporal-Library/time-series/2026-06-16/itransformer/pretrain10/exchange_rate/time-series/seed_1/training_log.json
2026-06-16 11:08:14 - pretrain_logger - INFO - [JEPA Pretrain] Epoch 8/10, loss=0.801783, time=99.05s
[2026-06-16 11:08:14,197][pretrain_logger][INFO] - [JEPA Pretrain] Epoch 8/10, loss=0.801783, time=99.05s
2026-06-16 11:08:14 - pretrain_logger - INFO - Pretrain loss: 0.8017830748252477
[2026-06-16 11:08:14,221][pretrain_logger][INFO] - Pretrain loss: 0.8017830748252477
2026-06-16 11:08:14 - pretrain_logger - INFO - Pretrain time: 99.05417346954346s
[2026-06-16 11:08:14,221][pretrain_logger][INFO] - Pretrain time: 99.05417346954346s
2026-06-16 11:08:14 - pretrain_logger - INFO - Pretrain memory reserved: 26.00 MB
[2026-06-16 11:08:14,221][pretrain_logger][INFO] - Pretrain memory reserved: 26.00 MB
2026-06-16 11:08:14 - pretrain_logger - INFO - Pretrain memory allocated: 18.04 MB
[2026-06-16 11:08:14,221][pretrain_logger][INFO] - Pretrain memory allocated: 18.04 MB
2026-06-16 11:08:14 - pretrain_logger - INFO - Current learning rate: 0.0005
[2026-06-16 11:08:14,221][pretrain_logger][INFO] - Current learning rate: 0.0005
2026-06-16 11:08:14 - pretrain_logger - INFO - Logged epoch Pretrain 8 info to /public/home/202411094934/python_project/Spatio-Temporal-Library/time-series/2026-06-16/itransformer/pretrain10/exchange_rate/time-series/seed_1/training_log.json
[2026-06-16 11:08:14,224][pretrain_logger][INFO] - Logged epoch Pretrain 8 info to /public/home/202411094934/python_project/Spatio-Temporal-Library/time-series/2026-06-16/itransformer/pretrain10/exchange_rate/time-series/seed_1/training_log.json
2026-06-16 11:09:53 - pretrain_logger - INFO - [JEPA Pretrain] Epoch 9/10, loss=0.800979, time=98.92s
[2026-06-16 11:09:53,142][pretrain_logger][INFO] - [JEPA Pretrain] Epoch 9/10, loss=0.800979, time=98.92s
2026-06-16 11:09:53 - pretrain_logger - INFO - Pretrain loss: 0.8009793816511543
[2026-06-16 11:09:53,142][pretrain_logger][INFO] - Pretrain loss: 0.8009793816511543
2026-06-16 11:09:53 - pretrain_logger - INFO - Pretrain time: 98.91761803627014s
[2026-06-16 11:09:53,142][pretrain_logger][INFO] - Pretrain time: 98.91761803627014s
2026-06-16 11:09:53 - pretrain_logger - INFO - Pretrain memory reserved: 26.00 MB
[2026-06-16 11:09:53,143][pretrain_logger][INFO] - Pretrain memory reserved: 26.00 MB
2026-06-16 11:09:53 - pretrain_logger - INFO - Pretrain memory allocated: 18.04 MB
[2026-06-16 11:09:53,143][pretrain_logger][INFO] - Pretrain memory allocated: 18.04 MB
2026-06-16 11:09:53 - pretrain_logger - INFO - Current learning rate: 0.0005
[2026-06-16 11:09:53,143][pretrain_logger][INFO] - Current learning rate: 0.0005
2026-06-16 11:09:53 - pretrain_logger - INFO - Logged epoch Pretrain 9 info to /public/home/202411094934/python_project/Spatio-Temporal-Library/time-series/2026-06-16/itransformer/pretrain10/exchange_rate/time-series/seed_1/training_log.json
[2026-06-16 11:09:53,146][pretrain_logger][INFO] - Logged epoch Pretrain 9 info to /public/home/202411094934/python_project/Spatio-Temporal-Library/time-series/2026-06-16/itransformer/pretrain10/exchange_rate/time-series/seed_1/training_log.json
2026-06-16 11:11:32 - pretrain_logger - INFO - [JEPA Pretrain] Epoch 10/10, loss=0.799239, time=99.14s
[2026-06-16 11:11:32,285][pretrain_logger][INFO] - [JEPA Pretrain] Epoch 10/10, loss=0.799239, time=99.14s
2026-06-16 11:11:32 - pretrain_logger - INFO - Pretrain loss: 0.7992387618987403
[2026-06-16 11:11:32,308][pretrain_logger][INFO] - Pretrain loss: 0.7992387618987403
2026-06-16 11:11:32 - pretrain_logger - INFO - Pretrain time: 99.13872861862183s
[2026-06-16 11:11:32,309][pretrain_logger][INFO] - Pretrain time: 99.13872861862183s
2026-06-16 11:11:32 - pretrain_logger - INFO - Pretrain memory reserved: 26.00 MB
[2026-06-16 11:11:32,309][pretrain_logger][INFO] - Pretrain memory reserved: 26.00 MB
2026-06-16 11:11:32 - pretrain_logger - INFO - Pretrain memory allocated: 18.04 MB
[2026-06-16 11:11:32,309][pretrain_logger][INFO] - Pretrain memory allocated: 18.04 MB
2026-06-16 11:11:32 - pretrain_logger - INFO - Current learning rate: 0.0005
[2026-06-16 11:11:32,309][pretrain_logger][INFO] - Current learning rate: 0.0005
2026-06-16 11:11:32 - pretrain_logger - INFO - Logged epoch Pretrain 10 info to /public/home/202411094934/python_project/Spatio-Temporal-Library/time-series/2026-06-16/itransformer/pretrain10/exchange_rate/time-series/seed_1/training_log.json
[2026-06-16 11:11:32,312][pretrain_logger][INFO] - Logged epoch Pretrain 10 info to /public/home/202411094934/python_project/Spatio-Temporal-Library/time-series/2026-06-16/itransformer/pretrain10/exchange_rate/time-series/seed_1/training_log.json
2026-06-16 11:11:32 - pretrain_logger - INFO - JEPA pretraining completed.
[2026-06-16 11:11:32,312][pretrain_logger][INFO] - JEPA pretraining completed.
