2026-06-16 01:26:45 - finetune_logger - INFO - Loaded pretrained checkpoint from: /public/home/202411094934/python_project/Spatio-Temporal-Library/time-series/2026-06-16/itransformer/pretrain10/pulse/time-series/seed_0/jepa_pretrain_epoch_10.pth
Missing keys: []
Unexpected keys: []
[2026-06-16 01:26:45,843][finetune_logger][INFO] - Loaded pretrained checkpoint from: /public/home/202411094934/python_project/Spatio-Temporal-Library/time-series/2026-06-16/itransformer/pretrain10/pulse/time-series/seed_0/jepa_pretrain_epoch_10.pth
Missing keys: []
Unexpected keys: []
2026-06-16 01:26:45 - finetune_logger - INFO - Model parameters: 158,912
[2026-06-16 01:26:45,846][finetune_logger][INFO] - Model parameters: 158,912
2026-06-16 01:26:46 - finetune_logger - INFO - Created new log file at /public/home/202411094934/python_project/Spatio-Temporal-Library/time-series/2026-06-16/itransformer/pretrain10_finetune10/pulse/time-series/seed_0/training_log.json
[2026-06-16 01:26:46,820][finetune_logger][INFO] - Created new log file at /public/home/202411094934/python_project/Spatio-Temporal-Library/time-series/2026-06-16/itransformer/pretrain10_finetune10/pulse/time-series/seed_0/training_log.json
2026-06-16 01:26:46 - finetune_logger - INFO - Starting training...
[2026-06-16 01:26:46,820][finetune_logger][INFO] - Starting training...
2026-06-16 01:26:46 - finetune_logger - INFO - Epoch 1/10
[2026-06-16 01:26:46,820][finetune_logger][INFO] - Epoch 1/10
2026-06-16 01:30:06 - finetune_logger - INFO - Train loss: 0.03735311276703863
[2026-06-16 01:30:06,483][finetune_logger][INFO] - Train loss: 0.03735311276703863
2026-06-16 01:30:06 - finetune_logger - INFO - Train time: 199.66281270980835s
[2026-06-16 01:30:06,484][finetune_logger][INFO] - Train time: 199.66281270980835s
2026-06-16 01:30:06 - finetune_logger - INFO - Train memory reserved: 24.00 MB
[2026-06-16 01:30:06,484][finetune_logger][INFO] - Train memory reserved: 24.00 MB
2026-06-16 01:30:06 - finetune_logger - INFO - Train memory allocated: 18.10 MB
[2026-06-16 01:30:06,484][finetune_logger][INFO] - Train memory allocated: 18.10 MB
2026-06-16 01:30:06 - finetune_logger - INFO - Current learning rate: 0.0005
[2026-06-16 01:30:06,484][finetune_logger][INFO] - Current learning rate: 0.0005
2026-06-16 01:30:17 - finetune_logger - INFO - Validation metrics: {'MAE': 0.03303998708084537, 'RMSE': 0.17946605577339048}
[2026-06-16 01:30:17,846][finetune_logger][INFO] - Validation metrics: {'MAE': 0.03303998708084537, 'RMSE': 0.17946605577339048}
2026-06-16 01:30:17 - finetune_logger - INFO - Val time: 11.36s
[2026-06-16 01:30:17,846][finetune_logger][INFO] - Val time: 11.36s
2026-06-16 01:30:17 - finetune_logger - INFO - Val memory reserved: 24.00 MB
[2026-06-16 01:30:17,846][finetune_logger][INFO] - Val memory reserved: 24.00 MB
2026-06-16 01:30:17 - finetune_logger - INFO - Val memory allocated: 18.10 MB
[2026-06-16 01:30:17,846][finetune_logger][INFO] - Val memory allocated: 18.10 MB
2026-06-16 01:30:17 - finetune_logger - INFO - Logged epoch 1 info to /public/home/202411094934/python_project/Spatio-Temporal-Library/time-series/2026-06-16/itransformer/pretrain10_finetune10/pulse/time-series/seed_0/training_log.json
[2026-06-16 01:30:17,850][finetune_logger][INFO] - Logged epoch 1 info to /public/home/202411094934/python_project/Spatio-Temporal-Library/time-series/2026-06-16/itransformer/pretrain10_finetune10/pulse/time-series/seed_0/training_log.json
2026-06-16 01:30:17 - finetune_logger - INFO - New best model! Val loss: 0.033040
[2026-06-16 01:30:17,850][finetune_logger][INFO] - New best model! Val loss: 0.033040
2026-06-16 01:30:41 - finetune_logger - INFO - Test metrics: {'MAE': 0.0330288618086814, 'RMSE': 0.17943633584696042}
[2026-06-16 01:30:41,358][finetune_logger][INFO] - Test metrics: {'MAE': 0.0330288618086814, 'RMSE': 0.17943633584696042}
2026-06-16 01:30:41 - finetune_logger - INFO - Test time: 23.47s
[2026-06-16 01:30:41,358][finetune_logger][INFO] - Test time: 23.47s
2026-06-16 01:30:41 - finetune_logger - INFO - Test memory reserved: 24.00 MB
[2026-06-16 01:30:41,358][finetune_logger][INFO] - Test memory reserved: 24.00 MB
2026-06-16 01:30:41 - finetune_logger - INFO - Test memory allocated: 18.10 MB
[2026-06-16 01:30:41,358][finetune_logger][INFO] - Test memory allocated: 18.10 MB
2026-06-16 01:30:41 - finetune_logger - INFO - Epoch 2/10
[2026-06-16 01:30:41,358][finetune_logger][INFO] - Epoch 2/10
2026-06-16 01:34:00 - finetune_logger - INFO - Train loss: 0.032820686381398095
[2026-06-16 01:34:00,037][finetune_logger][INFO] - Train loss: 0.032820686381398095
2026-06-16 01:34:00 - finetune_logger - INFO - Train time: 198.67870950698853s
[2026-06-16 01:34:00,038][finetune_logger][INFO] - Train time: 198.67870950698853s
2026-06-16 01:34:00 - finetune_logger - INFO - Train memory reserved: 24.00 MB
[2026-06-16 01:34:00,038][finetune_logger][INFO] - Train memory reserved: 24.00 MB
2026-06-16 01:34:00 - finetune_logger - INFO - Train memory allocated: 18.10 MB
[2026-06-16 01:34:00,038][finetune_logger][INFO] - Train memory allocated: 18.10 MB
2026-06-16 01:34:00 - finetune_logger - INFO - Current learning rate: 0.0005
[2026-06-16 01:34:00,038][finetune_logger][INFO] - Current learning rate: 0.0005
2026-06-16 01:34:11 - finetune_logger - INFO - Validation metrics: {'MAE': 0.03307300288347581, 'RMSE': 0.17948702179258372}
[2026-06-16 01:34:11,317][finetune_logger][INFO] - Validation metrics: {'MAE': 0.03307300288347581, 'RMSE': 0.17948702179258372}
2026-06-16 01:34:11 - finetune_logger - INFO - Val time: 11.28s
[2026-06-16 01:34:11,318][finetune_logger][INFO] - Val time: 11.28s
2026-06-16 01:34:11 - finetune_logger - INFO - Val memory reserved: 24.00 MB
[2026-06-16 01:34:11,318][finetune_logger][INFO] - Val memory reserved: 24.00 MB
2026-06-16 01:34:11 - finetune_logger - INFO - Val memory allocated: 18.10 MB
[2026-06-16 01:34:11,318][finetune_logger][INFO] - Val memory allocated: 18.10 MB
2026-06-16 01:34:11 - finetune_logger - INFO - Logged epoch 2 info to /public/home/202411094934/python_project/Spatio-Temporal-Library/time-series/2026-06-16/itransformer/pretrain10_finetune10/pulse/time-series/seed_0/training_log.json
[2026-06-16 01:34:11,321][finetune_logger][INFO] - Logged epoch 2 info to /public/home/202411094934/python_project/Spatio-Temporal-Library/time-series/2026-06-16/itransformer/pretrain10_finetune10/pulse/time-series/seed_0/training_log.json
2026-06-16 01:34:34 - finetune_logger - INFO - Test metrics: {'MAE': 0.03306189338478913, 'RMSE': 0.17945724276500052}
[2026-06-16 01:34:34,755][finetune_logger][INFO] - Test metrics: {'MAE': 0.03306189338478913, 'RMSE': 0.17945724276500052}
2026-06-16 01:34:34 - finetune_logger - INFO - Test time: 23.43s
[2026-06-16 01:34:34,756][finetune_logger][INFO] - Test time: 23.43s
2026-06-16 01:34:34 - finetune_logger - INFO - Test memory reserved: 24.00 MB
[2026-06-16 01:34:34,756][finetune_logger][INFO] - Test memory reserved: 24.00 MB
2026-06-16 01:34:34 - finetune_logger - INFO - Test memory allocated: 18.10 MB
[2026-06-16 01:34:34,756][finetune_logger][INFO] - Test memory allocated: 18.10 MB
2026-06-16 01:34:34 - finetune_logger - INFO - Epoch 3/10
[2026-06-16 01:34:34,756][finetune_logger][INFO] - Epoch 3/10
2026-06-16 01:37:53 - finetune_logger - INFO - Train loss: 0.03271095468108803
[2026-06-16 01:37:53,863][finetune_logger][INFO] - Train loss: 0.03271095468108803
2026-06-16 01:37:53 - finetune_logger - INFO - Train time: 199.1069097518921s
[2026-06-16 01:37:53,864][finetune_logger][INFO] - Train time: 199.1069097518921s
2026-06-16 01:37:53 - finetune_logger - INFO - Train memory reserved: 24.00 MB
[2026-06-16 01:37:53,864][finetune_logger][INFO] - Train memory reserved: 24.00 MB
2026-06-16 01:37:53 - finetune_logger - INFO - Train memory allocated: 18.10 MB
[2026-06-16 01:37:53,864][finetune_logger][INFO] - Train memory allocated: 18.10 MB
2026-06-16 01:37:53 - finetune_logger - INFO - Current learning rate: 0.0005
[2026-06-16 01:37:53,864][finetune_logger][INFO] - Current learning rate: 0.0005
2026-06-16 01:38:05 - finetune_logger - INFO - Validation metrics: {'MAE': 0.03290416622443667, 'RMSE': 0.1794446147956958}
[2026-06-16 01:38:05,135][finetune_logger][INFO] - Validation metrics: {'MAE': 0.03290416622443667, 'RMSE': 0.1794446147956958}
2026-06-16 01:38:05 - finetune_logger - INFO - Val time: 11.27s
[2026-06-16 01:38:05,136][finetune_logger][INFO] - Val time: 11.27s
2026-06-16 01:38:05 - finetune_logger - INFO - Val memory reserved: 24.00 MB
[2026-06-16 01:38:05,136][finetune_logger][INFO] - Val memory reserved: 24.00 MB
2026-06-16 01:38:05 - finetune_logger - INFO - Val memory allocated: 18.10 MB
[2026-06-16 01:38:05,136][finetune_logger][INFO] - Val memory allocated: 18.10 MB
2026-06-16 01:38:05 - finetune_logger - INFO - Logged epoch 3 info to /public/home/202411094934/python_project/Spatio-Temporal-Library/time-series/2026-06-16/itransformer/pretrain10_finetune10/pulse/time-series/seed_0/training_log.json
[2026-06-16 01:38:05,139][finetune_logger][INFO] - Logged epoch 3 info to /public/home/202411094934/python_project/Spatio-Temporal-Library/time-series/2026-06-16/itransformer/pretrain10_finetune10/pulse/time-series/seed_0/training_log.json
2026-06-16 01:38:05 - finetune_logger - INFO - New best model! Val loss: 0.032904
[2026-06-16 01:38:05,139][finetune_logger][INFO] - New best model! Val loss: 0.032904
2026-06-16 01:38:28 - finetune_logger - INFO - Test metrics: {'MAE': 0.03289308218019336, 'RMSE': 0.17941494288845622}
[2026-06-16 01:38:28,482][finetune_logger][INFO] - Test metrics: {'MAE': 0.03289308218019336, 'RMSE': 0.17941494288845622}
2026-06-16 01:38:28 - finetune_logger - INFO - Test time: 23.30s
[2026-06-16 01:38:28,482][finetune_logger][INFO] - Test time: 23.30s
2026-06-16 01:38:28 - finetune_logger - INFO - Test memory reserved: 24.00 MB
[2026-06-16 01:38:28,482][finetune_logger][INFO] - Test memory reserved: 24.00 MB
2026-06-16 01:38:28 - finetune_logger - INFO - Test memory allocated: 18.10 MB
[2026-06-16 01:38:28,482][finetune_logger][INFO] - Test memory allocated: 18.10 MB
2026-06-16 01:38:28 - finetune_logger - INFO - Epoch 4/10
[2026-06-16 01:38:28,482][finetune_logger][INFO] - Epoch 4/10
2026-06-16 01:41:47 - finetune_logger - INFO - Train loss: 0.03265463834721333
[2026-06-16 01:41:47,290][finetune_logger][INFO] - Train loss: 0.03265463834721333
2026-06-16 01:41:47 - finetune_logger - INFO - Train time: 198.8066327571869s
[2026-06-16 01:41:47,291][finetune_logger][INFO] - Train time: 198.8066327571869s
2026-06-16 01:41:47 - finetune_logger - INFO - Train memory reserved: 24.00 MB
[2026-06-16 01:41:47,291][finetune_logger][INFO] - Train memory reserved: 24.00 MB
2026-06-16 01:41:47 - finetune_logger - INFO - Train memory allocated: 18.10 MB
[2026-06-16 01:41:47,291][finetune_logger][INFO] - Train memory allocated: 18.10 MB
2026-06-16 01:41:47 - finetune_logger - INFO - Current learning rate: 0.0005
[2026-06-16 01:41:47,291][finetune_logger][INFO] - Current learning rate: 0.0005
2026-06-16 01:41:58 - finetune_logger - INFO - Validation metrics: {'MAE': 0.032800062468280586, 'RMSE': 0.17945219826561631}
[2026-06-16 01:41:58,648][finetune_logger][INFO] - Validation metrics: {'MAE': 0.032800062468280586, 'RMSE': 0.17945219826561631}
2026-06-16 01:41:58 - finetune_logger - INFO - Val time: 11.36s
[2026-06-16 01:41:58,649][finetune_logger][INFO] - Val time: 11.36s
2026-06-16 01:41:58 - finetune_logger - INFO - Val memory reserved: 24.00 MB
[2026-06-16 01:41:58,649][finetune_logger][INFO] - Val memory reserved: 24.00 MB
2026-06-16 01:41:58 - finetune_logger - INFO - Val memory allocated: 18.10 MB
[2026-06-16 01:41:58,649][finetune_logger][INFO] - Val memory allocated: 18.10 MB
2026-06-16 01:41:58 - finetune_logger - INFO - Logged epoch 4 info to /public/home/202411094934/python_project/Spatio-Temporal-Library/time-series/2026-06-16/itransformer/pretrain10_finetune10/pulse/time-series/seed_0/training_log.json
[2026-06-16 01:41:58,652][finetune_logger][INFO] - Logged epoch 4 info to /public/home/202411094934/python_project/Spatio-Temporal-Library/time-series/2026-06-16/itransformer/pretrain10_finetune10/pulse/time-series/seed_0/training_log.json
2026-06-16 01:41:58 - finetune_logger - INFO - New best model! Val loss: 0.032800
[2026-06-16 01:41:58,652][finetune_logger][INFO] - New best model! Val loss: 0.032800
2026-06-16 01:42:21 - finetune_logger - INFO - Test metrics: {'MAE': 0.0327889766678393, 'RMSE': 0.17942259596568702}
[2026-06-16 01:42:21,955][finetune_logger][INFO] - Test metrics: {'MAE': 0.0327889766678393, 'RMSE': 0.17942259596568702}
2026-06-16 01:42:21 - finetune_logger - INFO - Test time: 23.26s
[2026-06-16 01:42:21,955][finetune_logger][INFO] - Test time: 23.26s
2026-06-16 01:42:21 - finetune_logger - INFO - Test memory reserved: 24.00 MB
[2026-06-16 01:42:21,956][finetune_logger][INFO] - Test memory reserved: 24.00 MB
2026-06-16 01:42:21 - finetune_logger - INFO - Test memory allocated: 18.10 MB
[2026-06-16 01:42:21,956][finetune_logger][INFO] - Test memory allocated: 18.10 MB
2026-06-16 01:42:21 - finetune_logger - INFO - Epoch 5/10
[2026-06-16 01:42:21,956][finetune_logger][INFO] - Epoch 5/10
2026-06-16 01:45:40 - finetune_logger - INFO - Train loss: 0.032611440368221466
[2026-06-16 01:45:40,682][finetune_logger][INFO] - Train loss: 0.032611440368221466
2026-06-16 01:45:40 - finetune_logger - INFO - Train time: 198.7260720729828s
[2026-06-16 01:45:40,683][finetune_logger][INFO] - Train time: 198.7260720729828s
2026-06-16 01:45:40 - finetune_logger - INFO - Train memory reserved: 24.00 MB
[2026-06-16 01:45:40,683][finetune_logger][INFO] - Train memory reserved: 24.00 MB
2026-06-16 01:45:40 - finetune_logger - INFO - Train memory allocated: 18.10 MB
[2026-06-16 01:45:40,683][finetune_logger][INFO] - Train memory allocated: 18.10 MB
2026-06-16 01:45:40 - finetune_logger - INFO - Current learning rate: 0.0005
[2026-06-16 01:45:40,683][finetune_logger][INFO] - Current learning rate: 0.0005
2026-06-16 01:45:51 - finetune_logger - INFO - Validation metrics: {'MAE': 0.03278300605479467, 'RMSE': 0.17945903827433576}
[2026-06-16 01:45:51,940][finetune_logger][INFO] - Validation metrics: {'MAE': 0.03278300605479467, 'RMSE': 0.17945903827433576}
2026-06-16 01:45:51 - finetune_logger - INFO - Val time: 11.26s
[2026-06-16 01:45:51,940][finetune_logger][INFO] - Val time: 11.26s
2026-06-16 01:45:51 - finetune_logger - INFO - Val memory reserved: 24.00 MB
[2026-06-16 01:45:51,940][finetune_logger][INFO] - Val memory reserved: 24.00 MB
2026-06-16 01:45:51 - finetune_logger - INFO - Val memory allocated: 18.10 MB
[2026-06-16 01:45:51,941][finetune_logger][INFO] - Val memory allocated: 18.10 MB
2026-06-16 01:45:51 - finetune_logger - INFO - Logged epoch 5 info to /public/home/202411094934/python_project/Spatio-Temporal-Library/time-series/2026-06-16/itransformer/pretrain10_finetune10/pulse/time-series/seed_0/training_log.json
[2026-06-16 01:45:51,944][finetune_logger][INFO] - Logged epoch 5 info to /public/home/202411094934/python_project/Spatio-Temporal-Library/time-series/2026-06-16/itransformer/pretrain10_finetune10/pulse/time-series/seed_0/training_log.json
2026-06-16 01:45:51 - finetune_logger - INFO - New best model! Val loss: 0.032783
[2026-06-16 01:45:51,944][finetune_logger][INFO] - New best model! Val loss: 0.032783
2026-06-16 01:46:15 - finetune_logger - INFO - Test metrics: {'MAE': 0.03277195151323307, 'RMSE': 0.1794295576131231}
[2026-06-16 01:46:15,269][finetune_logger][INFO] - Test metrics: {'MAE': 0.03277195151323307, 'RMSE': 0.1794295576131231}
2026-06-16 01:46:15 - finetune_logger - INFO - Test time: 23.28s
[2026-06-16 01:46:15,269][finetune_logger][INFO] - Test time: 23.28s
2026-06-16 01:46:15 - finetune_logger - INFO - Test memory reserved: 24.00 MB
[2026-06-16 01:46:15,269][finetune_logger][INFO] - Test memory reserved: 24.00 MB
2026-06-16 01:46:15 - finetune_logger - INFO - Test memory allocated: 18.10 MB
[2026-06-16 01:46:15,269][finetune_logger][INFO] - Test memory allocated: 18.10 MB
2026-06-16 01:46:15 - finetune_logger - INFO - Epoch 6/10
[2026-06-16 01:46:15,269][finetune_logger][INFO] - Epoch 6/10
2026-06-16 01:49:34 - finetune_logger - INFO - Train loss: 0.03237281296159636
[2026-06-16 01:49:34,160][finetune_logger][INFO] - Train loss: 0.03237281296159636
2026-06-16 01:49:34 - finetune_logger - INFO - Train time: 198.89017033576965s
[2026-06-16 01:49:34,160][finetune_logger][INFO] - Train time: 198.89017033576965s
2026-06-16 01:49:34 - finetune_logger - INFO - Train memory reserved: 24.00 MB
[2026-06-16 01:49:34,160][finetune_logger][INFO] - Train memory reserved: 24.00 MB
2026-06-16 01:49:34 - finetune_logger - INFO - Train memory allocated: 18.10 MB
[2026-06-16 01:49:34,161][finetune_logger][INFO] - Train memory allocated: 18.10 MB
2026-06-16 01:49:34 - finetune_logger - INFO - Current learning rate: 0.0005
[2026-06-16 01:49:34,161][finetune_logger][INFO] - Current learning rate: 0.0005
2026-06-16 01:49:45 - finetune_logger - INFO - Validation metrics: {'MAE': 0.031931952929342984, 'RMSE': 0.17396544744300627}
[2026-06-16 01:49:45,473][finetune_logger][INFO] - Validation metrics: {'MAE': 0.031931952929342984, 'RMSE': 0.17396544744300627}
2026-06-16 01:49:45 - finetune_logger - INFO - Val time: 11.31s
[2026-06-16 01:49:45,473][finetune_logger][INFO] - Val time: 11.31s
2026-06-16 01:49:45 - finetune_logger - INFO - Val memory reserved: 24.00 MB
[2026-06-16 01:49:45,474][finetune_logger][INFO] - Val memory reserved: 24.00 MB
2026-06-16 01:49:45 - finetune_logger - INFO - Val memory allocated: 18.10 MB
[2026-06-16 01:49:45,474][finetune_logger][INFO] - Val memory allocated: 18.10 MB
2026-06-16 01:49:45 - finetune_logger - INFO - Logged epoch 6 info to /public/home/202411094934/python_project/Spatio-Temporal-Library/time-series/2026-06-16/itransformer/pretrain10_finetune10/pulse/time-series/seed_0/training_log.json
[2026-06-16 01:49:45,477][finetune_logger][INFO] - Logged epoch 6 info to /public/home/202411094934/python_project/Spatio-Temporal-Library/time-series/2026-06-16/itransformer/pretrain10_finetune10/pulse/time-series/seed_0/training_log.json
2026-06-16 01:49:45 - finetune_logger - INFO - New best model! Val loss: 0.031932
[2026-06-16 01:49:45,477][finetune_logger][INFO] - New best model! Val loss: 0.031932
2026-06-16 01:50:08 - finetune_logger - INFO - Test metrics: {'MAE': 0.03192217805197794, 'RMSE': 0.17394400099826982}
[2026-06-16 01:50:08,934][finetune_logger][INFO] - Test metrics: {'MAE': 0.03192217805197794, 'RMSE': 0.17394400099826982}
2026-06-16 01:50:08 - finetune_logger - INFO - Test time: 23.41s
[2026-06-16 01:50:08,934][finetune_logger][INFO] - Test time: 23.41s
2026-06-16 01:50:08 - finetune_logger - INFO - Test memory reserved: 24.00 MB
[2026-06-16 01:50:08,934][finetune_logger][INFO] - Test memory reserved: 24.00 MB
2026-06-16 01:50:08 - finetune_logger - INFO - Test memory allocated: 18.10 MB
[2026-06-16 01:50:08,934][finetune_logger][INFO] - Test memory allocated: 18.10 MB
2026-06-16 01:50:08 - finetune_logger - INFO - Epoch 7/10
[2026-06-16 01:50:08,935][finetune_logger][INFO] - Epoch 7/10
2026-06-16 01:53:27 - finetune_logger - INFO - Train loss: 0.031743251992116216
[2026-06-16 01:53:27,707][finetune_logger][INFO] - Train loss: 0.031743251992116216
2026-06-16 01:53:27 - finetune_logger - INFO - Train time: 198.77211689949036s
[2026-06-16 01:53:27,707][finetune_logger][INFO] - Train time: 198.77211689949036s
2026-06-16 01:53:27 - finetune_logger - INFO - Train memory reserved: 24.00 MB
[2026-06-16 01:53:27,708][finetune_logger][INFO] - Train memory reserved: 24.00 MB
2026-06-16 01:53:27 - finetune_logger - INFO - Train memory allocated: 18.10 MB
[2026-06-16 01:53:27,708][finetune_logger][INFO] - Train memory allocated: 18.10 MB
2026-06-16 01:53:27 - finetune_logger - INFO - Current learning rate: 0.0005
[2026-06-16 01:53:27,708][finetune_logger][INFO] - Current learning rate: 0.0005
2026-06-16 01:53:39 - finetune_logger - INFO - Validation metrics: {'MAE': 0.031822561415013634, 'RMSE': 0.1739840769900118}
[2026-06-16 01:53:39,015][finetune_logger][INFO] - Validation metrics: {'MAE': 0.031822561415013634, 'RMSE': 0.1739840769900118}
2026-06-16 01:53:39 - finetune_logger - INFO - Val time: 11.31s
[2026-06-16 01:53:39,015][finetune_logger][INFO] - Val time: 11.31s
2026-06-16 01:53:39 - finetune_logger - INFO - Val memory reserved: 24.00 MB
[2026-06-16 01:53:39,015][finetune_logger][INFO] - Val memory reserved: 24.00 MB
2026-06-16 01:53:39 - finetune_logger - INFO - Val memory allocated: 18.10 MB
[2026-06-16 01:53:39,015][finetune_logger][INFO] - Val memory allocated: 18.10 MB
2026-06-16 01:53:39 - finetune_logger - INFO - Logged epoch 7 info to /public/home/202411094934/python_project/Spatio-Temporal-Library/time-series/2026-06-16/itransformer/pretrain10_finetune10/pulse/time-series/seed_0/training_log.json
[2026-06-16 01:53:39,019][finetune_logger][INFO] - Logged epoch 7 info to /public/home/202411094934/python_project/Spatio-Temporal-Library/time-series/2026-06-16/itransformer/pretrain10_finetune10/pulse/time-series/seed_0/training_log.json
2026-06-16 01:53:39 - finetune_logger - INFO - New best model! Val loss: 0.031823
[2026-06-16 01:53:39,019][finetune_logger][INFO] - New best model! Val loss: 0.031823
2026-06-16 01:54:02 - finetune_logger - INFO - Test metrics: {'MAE': 0.0318128659694552, 'RMSE': 0.17396289226667447}
[2026-06-16 01:54:02,353][finetune_logger][INFO] - Test metrics: {'MAE': 0.0318128659694552, 'RMSE': 0.17396289226667447}
2026-06-16 01:54:02 - finetune_logger - INFO - Test time: 23.29s
[2026-06-16 01:54:02,353][finetune_logger][INFO] - Test time: 23.29s
2026-06-16 01:54:02 - finetune_logger - INFO - Test memory reserved: 24.00 MB
[2026-06-16 01:54:02,353][finetune_logger][INFO] - Test memory reserved: 24.00 MB
2026-06-16 01:54:02 - finetune_logger - INFO - Test memory allocated: 18.10 MB
[2026-06-16 01:54:02,353][finetune_logger][INFO] - Test memory allocated: 18.10 MB
2026-06-16 01:54:02 - finetune_logger - INFO - Epoch 8/10
[2026-06-16 01:54:02,353][finetune_logger][INFO] - Epoch 8/10
2026-06-16 01:57:21 - finetune_logger - INFO - Train loss: 0.03167815835704014
[2026-06-16 01:57:21,284][finetune_logger][INFO] - Train loss: 0.03167815835704014
2026-06-16 01:57:21 - finetune_logger - INFO - Train time: 198.93053197860718s
[2026-06-16 01:57:21,285][finetune_logger][INFO] - Train time: 198.93053197860718s
2026-06-16 01:57:21 - finetune_logger - INFO - Train memory reserved: 24.00 MB
[2026-06-16 01:57:21,285][finetune_logger][INFO] - Train memory reserved: 24.00 MB
2026-06-16 01:57:21 - finetune_logger - INFO - Train memory allocated: 18.10 MB
[2026-06-16 01:57:21,285][finetune_logger][INFO] - Train memory allocated: 18.10 MB
2026-06-16 01:57:21 - finetune_logger - INFO - Current learning rate: 0.0005
[2026-06-16 01:57:21,285][finetune_logger][INFO] - Current learning rate: 0.0005
2026-06-16 01:57:32 - finetune_logger - INFO - Validation metrics: {'MAE': 0.03169936386916398, 'RMSE': 0.1740044142912143}
[2026-06-16 01:57:32,725][finetune_logger][INFO] - Validation metrics: {'MAE': 0.03169936386916398, 'RMSE': 0.1740044142912143}
2026-06-16 01:57:32 - finetune_logger - INFO - Val time: 11.44s
[2026-06-16 01:57:32,725][finetune_logger][INFO] - Val time: 11.44s
2026-06-16 01:57:32 - finetune_logger - INFO - Val memory reserved: 24.00 MB
[2026-06-16 01:57:32,725][finetune_logger][INFO] - Val memory reserved: 24.00 MB
2026-06-16 01:57:32 - finetune_logger - INFO - Val memory allocated: 18.10 MB
[2026-06-16 01:57:32,725][finetune_logger][INFO] - Val memory allocated: 18.10 MB
2026-06-16 01:57:32 - finetune_logger - INFO - Logged epoch 8 info to /public/home/202411094934/python_project/Spatio-Temporal-Library/time-series/2026-06-16/itransformer/pretrain10_finetune10/pulse/time-series/seed_0/training_log.json
[2026-06-16 01:57:32,728][finetune_logger][INFO] - Logged epoch 8 info to /public/home/202411094934/python_project/Spatio-Temporal-Library/time-series/2026-06-16/itransformer/pretrain10_finetune10/pulse/time-series/seed_0/training_log.json
2026-06-16 01:57:32 - finetune_logger - INFO - New best model! Val loss: 0.031699
[2026-06-16 01:57:32,729][finetune_logger][INFO] - New best model! Val loss: 0.031699
2026-06-16 01:57:56 - finetune_logger - INFO - Test metrics: {'MAE': 0.03168971515515548, 'RMSE': 0.1739831644549308}
[2026-06-16 01:57:56,123][finetune_logger][INFO] - Test metrics: {'MAE': 0.03168971515515548, 'RMSE': 0.1739831644549308}
2026-06-16 01:57:56 - finetune_logger - INFO - Test time: 23.35s
[2026-06-16 01:57:56,124][finetune_logger][INFO] - Test time: 23.35s
2026-06-16 01:57:56 - finetune_logger - INFO - Test memory reserved: 24.00 MB
[2026-06-16 01:57:56,124][finetune_logger][INFO] - Test memory reserved: 24.00 MB
2026-06-16 01:57:56 - finetune_logger - INFO - Test memory allocated: 18.10 MB
[2026-06-16 01:57:56,124][finetune_logger][INFO] - Test memory allocated: 18.10 MB
2026-06-16 01:57:56 - finetune_logger - INFO - Epoch 9/10
[2026-06-16 01:57:56,124][finetune_logger][INFO] - Epoch 9/10
2026-06-16 02:01:14 - finetune_logger - INFO - Train loss: 0.03164153109312582
[2026-06-16 02:01:14,981][finetune_logger][INFO] - Train loss: 0.03164153109312582
2026-06-16 02:01:14 - finetune_logger - INFO - Train time: 198.85690426826477s
[2026-06-16 02:01:14,982][finetune_logger][INFO] - Train time: 198.85690426826477s
2026-06-16 02:01:14 - finetune_logger - INFO - Train memory reserved: 24.00 MB
[2026-06-16 02:01:14,982][finetune_logger][INFO] - Train memory reserved: 24.00 MB
2026-06-16 02:01:14 - finetune_logger - INFO - Train memory allocated: 18.10 MB
[2026-06-16 02:01:14,982][finetune_logger][INFO] - Train memory allocated: 18.10 MB
2026-06-16 02:01:14 - finetune_logger - INFO - Current learning rate: 0.0005
[2026-06-16 02:01:14,982][finetune_logger][INFO] - Current learning rate: 0.0005
2026-06-16 02:01:26 - finetune_logger - INFO - Validation metrics: {'MAE': 0.03174546809605498, 'RMSE': 0.17403721695386895}
[2026-06-16 02:01:26,264][finetune_logger][INFO] - Validation metrics: {'MAE': 0.03174546809605498, 'RMSE': 0.17403721695386895}
2026-06-16 02:01:26 - finetune_logger - INFO - Val time: 11.28s
[2026-06-16 02:01:26,265][finetune_logger][INFO] - Val time: 11.28s
2026-06-16 02:01:26 - finetune_logger - INFO - Val memory reserved: 24.00 MB
[2026-06-16 02:01:26,265][finetune_logger][INFO] - Val memory reserved: 24.00 MB
2026-06-16 02:01:26 - finetune_logger - INFO - Val memory allocated: 18.10 MB
[2026-06-16 02:01:26,265][finetune_logger][INFO] - Val memory allocated: 18.10 MB
2026-06-16 02:01:26 - finetune_logger - INFO - Logged epoch 9 info to /public/home/202411094934/python_project/Spatio-Temporal-Library/time-series/2026-06-16/itransformer/pretrain10_finetune10/pulse/time-series/seed_0/training_log.json
[2026-06-16 02:01:26,268][finetune_logger][INFO] - Logged epoch 9 info to /public/home/202411094934/python_project/Spatio-Temporal-Library/time-series/2026-06-16/itransformer/pretrain10_finetune10/pulse/time-series/seed_0/training_log.json
2026-06-16 02:01:49 - finetune_logger - INFO - Test metrics: {'MAE': 0.03173575670233296, 'RMSE': 0.1740157918892644}
[2026-06-16 02:01:49,761][finetune_logger][INFO] - Test metrics: {'MAE': 0.03173575670233296, 'RMSE': 0.1740157918892644}
2026-06-16 02:01:49 - finetune_logger - INFO - Test time: 23.49s
[2026-06-16 02:01:49,761][finetune_logger][INFO] - Test time: 23.49s
2026-06-16 02:01:49 - finetune_logger - INFO - Test memory reserved: 24.00 MB
[2026-06-16 02:01:49,761][finetune_logger][INFO] - Test memory reserved: 24.00 MB
2026-06-16 02:01:49 - finetune_logger - INFO - Test memory allocated: 18.10 MB
[2026-06-16 02:01:49,761][finetune_logger][INFO] - Test memory allocated: 18.10 MB
2026-06-16 02:01:49 - finetune_logger - INFO - Epoch 10/10
[2026-06-16 02:01:49,761][finetune_logger][INFO] - Epoch 10/10
2026-06-16 02:05:08 - finetune_logger - INFO - Train loss: 0.031616685810563504
[2026-06-16 02:05:08,587][finetune_logger][INFO] - Train loss: 0.031616685810563504
2026-06-16 02:05:08 - finetune_logger - INFO - Train time: 198.82487559318542s
[2026-06-16 02:05:08,587][finetune_logger][INFO] - Train time: 198.82487559318542s
2026-06-16 02:05:08 - finetune_logger - INFO - Train memory reserved: 24.00 MB
[2026-06-16 02:05:08,587][finetune_logger][INFO] - Train memory reserved: 24.00 MB
2026-06-16 02:05:08 - finetune_logger - INFO - Train memory allocated: 18.10 MB
[2026-06-16 02:05:08,587][finetune_logger][INFO] - Train memory allocated: 18.10 MB
2026-06-16 02:05:08 - finetune_logger - INFO - Current learning rate: 0.0005
[2026-06-16 02:05:08,587][finetune_logger][INFO] - Current learning rate: 0.0005
2026-06-16 02:05:19 - finetune_logger - INFO - Validation metrics: {'MAE': 0.0318418294137989, 'RMSE': 0.17394796654710107}
[2026-06-16 02:05:19,890][finetune_logger][INFO] - Validation metrics: {'MAE': 0.0318418294137989, 'RMSE': 0.17394796654710107}
2026-06-16 02:05:19 - finetune_logger - INFO - Val time: 11.30s
[2026-06-16 02:05:19,890][finetune_logger][INFO] - Val time: 11.30s
2026-06-16 02:05:19 - finetune_logger - INFO - Val memory reserved: 24.00 MB
[2026-06-16 02:05:19,890][finetune_logger][INFO] - Val memory reserved: 24.00 MB
2026-06-16 02:05:19 - finetune_logger - INFO - Val memory allocated: 18.10 MB
[2026-06-16 02:05:19,890][finetune_logger][INFO] - Val memory allocated: 18.10 MB
2026-06-16 02:05:19 - finetune_logger - INFO - Logged epoch 10 info to /public/home/202411094934/python_project/Spatio-Temporal-Library/time-series/2026-06-16/itransformer/pretrain10_finetune10/pulse/time-series/seed_0/training_log.json
[2026-06-16 02:05:19,894][finetune_logger][INFO] - Logged epoch 10 info to /public/home/202411094934/python_project/Spatio-Temporal-Library/time-series/2026-06-16/itransformer/pretrain10_finetune10/pulse/time-series/seed_0/training_log.json
2026-06-16 02:05:43 - finetune_logger - INFO - Test metrics: {'MAE': 0.03183215591902329, 'RMSE': 0.17392682736125284}
[2026-06-16 02:05:43,321][finetune_logger][INFO] - Test metrics: {'MAE': 0.03183215591902329, 'RMSE': 0.17392682736125284}
2026-06-16 02:05:43 - finetune_logger - INFO - Test time: 23.41s
[2026-06-16 02:05:43,321][finetune_logger][INFO] - Test time: 23.41s
2026-06-16 02:05:43 - finetune_logger - INFO - Test memory reserved: 24.00 MB
[2026-06-16 02:05:43,321][finetune_logger][INFO] - Test memory reserved: 24.00 MB
2026-06-16 02:05:43 - finetune_logger - INFO - Test memory allocated: 18.10 MB
[2026-06-16 02:05:43,321][finetune_logger][INFO] - Test memory allocated: 18.10 MB
2026-06-16 02:05:43 - finetune_logger - INFO - Training completed. Best epoch: 8, Best val loss: 0.031699
[2026-06-16 02:05:43,321][finetune_logger][INFO] - Training completed. Best epoch: 8, Best val loss: 0.031699
2026-06-16 02:05:43 - finetune_logger - INFO - Loaded checkpoint from epoch 8
[2026-06-16 02:05:43,354][finetune_logger][INFO] - Loaded checkpoint from epoch 8
2026-06-16 02:05:43 - finetune_logger - INFO - Evaluating best model on test sets...
[2026-06-16 02:05:43,354][finetune_logger][INFO] - Evaluating best model on test sets...
2026-06-16 02:06:07 - finetune_logger - INFO - Test metrics: {'MAE': 0.03168971515515548, 'RMSE': 0.1739831644549308}
[2026-06-16 02:06:07,374][finetune_logger][INFO] - Test metrics: {'MAE': 0.03168971515515548, 'RMSE': 0.1739831644549308}
2026-06-16 02:06:07 - finetune_logger - INFO - Test time: 24.02s
[2026-06-16 02:06:07,374][finetune_logger][INFO] - Test time: 24.02s
2026-06-16 02:06:07 - finetune_logger - INFO - Test memory reserved: 26.00 MB
[2026-06-16 02:06:07,375][finetune_logger][INFO] - Test memory reserved: 26.00 MB
2026-06-16 02:06:07 - finetune_logger - INFO - Test memory allocated: 18.14 MB
[2026-06-16 02:06:07,375][finetune_logger][INFO] - Test memory allocated: 18.14 MB
2026-06-16 02:06:07 - finetune_logger - INFO - Logged epoch test info to /public/home/202411094934/python_project/Spatio-Temporal-Library/time-series/2026-06-16/itransformer/pretrain10_finetune10/pulse/time-series/seed_0/training_log.json
[2026-06-16 02:06:07,378][finetune_logger][INFO] - Logged epoch test info to /public/home/202411094934/python_project/Spatio-Temporal-Library/time-series/2026-06-16/itransformer/pretrain10_finetune10/pulse/time-series/seed_0/training_log.json
2026-06-16 09:50:00 - finetune_logger - INFO - Loaded pretrained checkpoint from: /public/home/202411094934/python_project/Spatio-Temporal-Library/time-series/2026-06-16/itransformer/pretrain10/pulse/time-series/seed_0/jepa_pretrain_epoch_10.pth
Missing keys: []
Unexpected keys: []
[2026-06-16 09:50:00,543][finetune_logger][INFO] - Loaded pretrained checkpoint from: /public/home/202411094934/python_project/Spatio-Temporal-Library/time-series/2026-06-16/itransformer/pretrain10/pulse/time-series/seed_0/jepa_pretrain_epoch_10.pth
Missing keys: []
Unexpected keys: []
2026-06-16 09:50:00 - finetune_logger - INFO - Model parameters: 158,912
[2026-06-16 09:50:00,546][finetune_logger][INFO] - Model parameters: 158,912
2026-06-16 09:50:01 - finetune_logger - INFO - Log file already exists at /public/home/202411094934/python_project/Spatio-Temporal-Library/time-series/2026-06-16/itransformer/pretrain10_finetune10/pulse/time-series/seed_0/training_log.json, appending to it.
[2026-06-16 09:50:01,519][finetune_logger][INFO] - Log file already exists at /public/home/202411094934/python_project/Spatio-Temporal-Library/time-series/2026-06-16/itransformer/pretrain10_finetune10/pulse/time-series/seed_0/training_log.json, appending to it.
2026-06-16 09:50:01 - finetune_logger - INFO - Starting training...
[2026-06-16 09:50:01,519][finetune_logger][INFO] - Starting training...
2026-06-16 09:50:01 - finetune_logger - INFO - Epoch 1/10
[2026-06-16 09:50:01,519][finetune_logger][INFO] - Epoch 1/10
2026-06-16 09:53:22 - finetune_logger - INFO - Train loss: 0.03735311276703863
[2026-06-16 09:53:22,741][finetune_logger][INFO] - Train loss: 0.03735311276703863
2026-06-16 09:53:22 - finetune_logger - INFO - Train time: 201.22107124328613s
[2026-06-16 09:53:22,741][finetune_logger][INFO] - Train time: 201.22107124328613s
2026-06-16 09:53:22 - finetune_logger - INFO - Train memory reserved: 24.00 MB
[2026-06-16 09:53:22,741][finetune_logger][INFO] - Train memory reserved: 24.00 MB
2026-06-16 09:53:22 - finetune_logger - INFO - Train memory allocated: 18.10 MB
[2026-06-16 09:53:22,741][finetune_logger][INFO] - Train memory allocated: 18.10 MB
2026-06-16 09:53:22 - finetune_logger - INFO - Current learning rate: 0.0005
[2026-06-16 09:53:22,741][finetune_logger][INFO] - Current learning rate: 0.0005
2026-06-16 09:53:34 - finetune_logger - INFO - Validation metrics: {'MAE': 0.03303998708084537, 'RMSE': 0.17946605577339048}
[2026-06-16 09:53:34,157][finetune_logger][INFO] - Validation metrics: {'MAE': 0.03303998708084537, 'RMSE': 0.17946605577339048}
2026-06-16 09:53:34 - finetune_logger - INFO - Val time: 11.41s
[2026-06-16 09:53:34,157][finetune_logger][INFO] - Val time: 11.41s
2026-06-16 09:53:34 - finetune_logger - INFO - Val memory reserved: 24.00 MB
[2026-06-16 09:53:34,157][finetune_logger][INFO] - Val memory reserved: 24.00 MB
2026-06-16 09:53:34 - finetune_logger - INFO - Val memory allocated: 18.10 MB
[2026-06-16 09:53:34,157][finetune_logger][INFO] - Val memory allocated: 18.10 MB
2026-06-16 09:53:34 - finetune_logger - INFO - Logged epoch 1 info to /public/home/202411094934/python_project/Spatio-Temporal-Library/time-series/2026-06-16/itransformer/pretrain10_finetune10/pulse/time-series/seed_0/training_log.json
[2026-06-16 09:53:34,160][finetune_logger][INFO] - Logged epoch 1 info to /public/home/202411094934/python_project/Spatio-Temporal-Library/time-series/2026-06-16/itransformer/pretrain10_finetune10/pulse/time-series/seed_0/training_log.json
2026-06-16 09:53:34 - finetune_logger - INFO - New best model! Val loss: 0.033040
[2026-06-16 09:53:34,161][finetune_logger][INFO] - New best model! Val loss: 0.033040
2026-06-16 09:53:57 - finetune_logger - INFO - Test metrics: {'MAE': 0.0330288618086814, 'RMSE': 0.17943633584696042}
[2026-06-16 09:53:57,714][finetune_logger][INFO] - Test metrics: {'MAE': 0.0330288618086814, 'RMSE': 0.17943633584696042}
2026-06-16 09:53:57 - finetune_logger - INFO - Test time: 23.51s
[2026-06-16 09:53:57,714][finetune_logger][INFO] - Test time: 23.51s
2026-06-16 09:53:57 - finetune_logger - INFO - Test memory reserved: 24.00 MB
[2026-06-16 09:53:57,715][finetune_logger][INFO] - Test memory reserved: 24.00 MB
2026-06-16 09:53:57 - finetune_logger - INFO - Test memory allocated: 18.10 MB
[2026-06-16 09:53:57,715][finetune_logger][INFO] - Test memory allocated: 18.10 MB
2026-06-16 09:53:57 - finetune_logger - INFO - Epoch 2/10
[2026-06-16 09:53:57,715][finetune_logger][INFO] - Epoch 2/10
2026-06-16 09:57:16 - finetune_logger - INFO - Train loss: 0.032820686381398095
[2026-06-16 09:57:16,902][finetune_logger][INFO] - Train loss: 0.032820686381398095
2026-06-16 09:57:16 - finetune_logger - INFO - Train time: 199.18723702430725s
[2026-06-16 09:57:16,903][finetune_logger][INFO] - Train time: 199.18723702430725s
2026-06-16 09:57:16 - finetune_logger - INFO - Train memory reserved: 24.00 MB
[2026-06-16 09:57:16,903][finetune_logger][INFO] - Train memory reserved: 24.00 MB
2026-06-16 09:57:16 - finetune_logger - INFO - Train memory allocated: 18.10 MB
[2026-06-16 09:57:16,903][finetune_logger][INFO] - Train memory allocated: 18.10 MB
2026-06-16 09:57:16 - finetune_logger - INFO - Current learning rate: 0.0005
[2026-06-16 09:57:16,903][finetune_logger][INFO] - Current learning rate: 0.0005
2026-06-16 09:57:28 - finetune_logger - INFO - Validation metrics: {'MAE': 0.03307300288347581, 'RMSE': 0.17948702179258372}
[2026-06-16 09:57:28,228][finetune_logger][INFO] - Validation metrics: {'MAE': 0.03307300288347581, 'RMSE': 0.17948702179258372}
2026-06-16 09:57:28 - finetune_logger - INFO - Val time: 11.32s
[2026-06-16 09:57:28,228][finetune_logger][INFO] - Val time: 11.32s
2026-06-16 09:57:28 - finetune_logger - INFO - Val memory reserved: 24.00 MB
[2026-06-16 09:57:28,229][finetune_logger][INFO] - Val memory reserved: 24.00 MB
2026-06-16 09:57:28 - finetune_logger - INFO - Val memory allocated: 18.10 MB
[2026-06-16 09:57:28,229][finetune_logger][INFO] - Val memory allocated: 18.10 MB
2026-06-16 09:57:28 - finetune_logger - INFO - Logged epoch 2 info to /public/home/202411094934/python_project/Spatio-Temporal-Library/time-series/2026-06-16/itransformer/pretrain10_finetune10/pulse/time-series/seed_0/training_log.json
[2026-06-16 09:57:28,232][finetune_logger][INFO] - Logged epoch 2 info to /public/home/202411094934/python_project/Spatio-Temporal-Library/time-series/2026-06-16/itransformer/pretrain10_finetune10/pulse/time-series/seed_0/training_log.json
2026-06-16 09:57:51 - finetune_logger - INFO - Test metrics: {'MAE': 0.03306189338478913, 'RMSE': 0.17945724276500052}
[2026-06-16 09:57:51,691][finetune_logger][INFO] - Test metrics: {'MAE': 0.03306189338478913, 'RMSE': 0.17945724276500052}
2026-06-16 09:57:51 - finetune_logger - INFO - Test time: 23.46s
[2026-06-16 09:57:51,691][finetune_logger][INFO] - Test time: 23.46s
2026-06-16 09:57:51 - finetune_logger - INFO - Test memory reserved: 24.00 MB
[2026-06-16 09:57:51,691][finetune_logger][INFO] - Test memory reserved: 24.00 MB
2026-06-16 09:57:51 - finetune_logger - INFO - Test memory allocated: 18.10 MB
[2026-06-16 09:57:51,691][finetune_logger][INFO] - Test memory allocated: 18.10 MB
2026-06-16 09:57:51 - finetune_logger - INFO - Epoch 3/10
[2026-06-16 09:57:51,691][finetune_logger][INFO] - Epoch 3/10
2026-06-16 10:01:11 - finetune_logger - INFO - Train loss: 0.03271095468108803
[2026-06-16 10:01:11,113][finetune_logger][INFO] - Train loss: 0.03271095468108803
2026-06-16 10:01:11 - finetune_logger - INFO - Train time: 199.42144918441772s
[2026-06-16 10:01:11,114][finetune_logger][INFO] - Train time: 199.42144918441772s
2026-06-16 10:01:11 - finetune_logger - INFO - Train memory reserved: 24.00 MB
[2026-06-16 10:01:11,114][finetune_logger][INFO] - Train memory reserved: 24.00 MB
2026-06-16 10:01:11 - finetune_logger - INFO - Train memory allocated: 18.10 MB
[2026-06-16 10:01:11,114][finetune_logger][INFO] - Train memory allocated: 18.10 MB
2026-06-16 10:01:11 - finetune_logger - INFO - Current learning rate: 0.0005
[2026-06-16 10:01:11,114][finetune_logger][INFO] - Current learning rate: 0.0005
2026-06-16 10:01:22 - finetune_logger - INFO - Validation metrics: {'MAE': 0.03290416622443667, 'RMSE': 0.1794446147956958}
[2026-06-16 10:01:22,495][finetune_logger][INFO] - Validation metrics: {'MAE': 0.03290416622443667, 'RMSE': 0.1794446147956958}
2026-06-16 10:01:22 - finetune_logger - INFO - Val time: 11.38s
[2026-06-16 10:01:22,496][finetune_logger][INFO] - Val time: 11.38s
2026-06-16 10:01:22 - finetune_logger - INFO - Val memory reserved: 24.00 MB
[2026-06-16 10:01:22,496][finetune_logger][INFO] - Val memory reserved: 24.00 MB
2026-06-16 10:01:22 - finetune_logger - INFO - Val memory allocated: 18.10 MB
[2026-06-16 10:01:22,496][finetune_logger][INFO] - Val memory allocated: 18.10 MB
2026-06-16 10:01:22 - finetune_logger - INFO - Logged epoch 3 info to /public/home/202411094934/python_project/Spatio-Temporal-Library/time-series/2026-06-16/itransformer/pretrain10_finetune10/pulse/time-series/seed_0/training_log.json
[2026-06-16 10:01:22,499][finetune_logger][INFO] - Logged epoch 3 info to /public/home/202411094934/python_project/Spatio-Temporal-Library/time-series/2026-06-16/itransformer/pretrain10_finetune10/pulse/time-series/seed_0/training_log.json
2026-06-16 10:01:22 - finetune_logger - INFO - New best model! Val loss: 0.032904
[2026-06-16 10:01:22,499][finetune_logger][INFO] - New best model! Val loss: 0.032904
2026-06-16 10:01:46 - finetune_logger - INFO - Test metrics: {'MAE': 0.03289308218019336, 'RMSE': 0.17941494288845622}
[2026-06-16 10:01:46,012][finetune_logger][INFO] - Test metrics: {'MAE': 0.03289308218019336, 'RMSE': 0.17941494288845622}
2026-06-16 10:01:46 - finetune_logger - INFO - Test time: 23.47s
[2026-06-16 10:01:46,012][finetune_logger][INFO] - Test time: 23.47s
2026-06-16 10:01:46 - finetune_logger - INFO - Test memory reserved: 24.00 MB
[2026-06-16 10:01:46,012][finetune_logger][INFO] - Test memory reserved: 24.00 MB
2026-06-16 10:01:46 - finetune_logger - INFO - Test memory allocated: 18.10 MB
[2026-06-16 10:01:46,012][finetune_logger][INFO] - Test memory allocated: 18.10 MB
2026-06-16 10:01:46 - finetune_logger - INFO - Epoch 4/10
[2026-06-16 10:01:46,012][finetune_logger][INFO] - Epoch 4/10
2026-06-16 10:05:05 - finetune_logger - INFO - Train loss: 0.03265463834721333
[2026-06-16 10:05:05,864][finetune_logger][INFO] - Train loss: 0.03265463834721333
2026-06-16 10:05:05 - finetune_logger - INFO - Train time: 199.85135793685913s
[2026-06-16 10:05:05,865][finetune_logger][INFO] - Train time: 199.85135793685913s
2026-06-16 10:05:05 - finetune_logger - INFO - Train memory reserved: 24.00 MB
[2026-06-16 10:05:05,865][finetune_logger][INFO] - Train memory reserved: 24.00 MB
2026-06-16 10:05:05 - finetune_logger - INFO - Train memory allocated: 18.10 MB
[2026-06-16 10:05:05,865][finetune_logger][INFO] - Train memory allocated: 18.10 MB
2026-06-16 10:05:05 - finetune_logger - INFO - Current learning rate: 0.0005
[2026-06-16 10:05:05,865][finetune_logger][INFO] - Current learning rate: 0.0005
2026-06-16 10:05:17 - finetune_logger - INFO - Validation metrics: {'MAE': 0.032800062468280586, 'RMSE': 0.17945219826561631}
[2026-06-16 10:05:17,583][finetune_logger][INFO] - Validation metrics: {'MAE': 0.032800062468280586, 'RMSE': 0.17945219826561631}
2026-06-16 10:05:17 - finetune_logger - INFO - Val time: 11.72s
[2026-06-16 10:05:17,583][finetune_logger][INFO] - Val time: 11.72s
2026-06-16 10:05:17 - finetune_logger - INFO - Val memory reserved: 24.00 MB
[2026-06-16 10:05:17,583][finetune_logger][INFO] - Val memory reserved: 24.00 MB
2026-06-16 10:05:17 - finetune_logger - INFO - Val memory allocated: 18.10 MB
[2026-06-16 10:05:17,583][finetune_logger][INFO] - Val memory allocated: 18.10 MB
2026-06-16 10:05:17 - finetune_logger - INFO - Logged epoch 4 info to /public/home/202411094934/python_project/Spatio-Temporal-Library/time-series/2026-06-16/itransformer/pretrain10_finetune10/pulse/time-series/seed_0/training_log.json
[2026-06-16 10:05:17,587][finetune_logger][INFO] - Logged epoch 4 info to /public/home/202411094934/python_project/Spatio-Temporal-Library/time-series/2026-06-16/itransformer/pretrain10_finetune10/pulse/time-series/seed_0/training_log.json
2026-06-16 10:05:17 - finetune_logger - INFO - New best model! Val loss: 0.032800
[2026-06-16 10:05:17,587][finetune_logger][INFO] - New best model! Val loss: 0.032800
2026-06-16 10:05:41 - finetune_logger - INFO - Test metrics: {'MAE': 0.0327889766678393, 'RMSE': 0.17942259596568702}
[2026-06-16 10:05:41,111][finetune_logger][INFO] - Test metrics: {'MAE': 0.0327889766678393, 'RMSE': 0.17942259596568702}
2026-06-16 10:05:41 - finetune_logger - INFO - Test time: 23.48s
[2026-06-16 10:05:41,112][finetune_logger][INFO] - Test time: 23.48s
2026-06-16 10:05:41 - finetune_logger - INFO - Test memory reserved: 24.00 MB
[2026-06-16 10:05:41,112][finetune_logger][INFO] - Test memory reserved: 24.00 MB
2026-06-16 10:05:41 - finetune_logger - INFO - Test memory allocated: 18.10 MB
[2026-06-16 10:05:41,112][finetune_logger][INFO] - Test memory allocated: 18.10 MB
2026-06-16 10:05:41 - finetune_logger - INFO - Epoch 5/10
[2026-06-16 10:05:41,112][finetune_logger][INFO] - Epoch 5/10
2026-06-16 10:09:01 - finetune_logger - INFO - Train loss: 0.032611440368221466
[2026-06-16 10:09:01,218][finetune_logger][INFO] - Train loss: 0.032611440368221466
2026-06-16 10:09:01 - finetune_logger - INFO - Train time: 200.10515785217285s
[2026-06-16 10:09:01,218][finetune_logger][INFO] - Train time: 200.10515785217285s
2026-06-16 10:09:01 - finetune_logger - INFO - Train memory reserved: 24.00 MB
[2026-06-16 10:09:01,218][finetune_logger][INFO] - Train memory reserved: 24.00 MB
2026-06-16 10:09:01 - finetune_logger - INFO - Train memory allocated: 18.10 MB
[2026-06-16 10:09:01,218][finetune_logger][INFO] - Train memory allocated: 18.10 MB
2026-06-16 10:09:01 - finetune_logger - INFO - Current learning rate: 0.0005
[2026-06-16 10:09:01,218][finetune_logger][INFO] - Current learning rate: 0.0005
2026-06-16 10:09:12 - finetune_logger - INFO - Validation metrics: {'MAE': 0.03278300605479467, 'RMSE': 0.17945903827433576}
[2026-06-16 10:09:12,551][finetune_logger][INFO] - Validation metrics: {'MAE': 0.03278300605479467, 'RMSE': 0.17945903827433576}
2026-06-16 10:09:12 - finetune_logger - INFO - Val time: 11.33s
[2026-06-16 10:09:12,552][finetune_logger][INFO] - Val time: 11.33s
2026-06-16 10:09:12 - finetune_logger - INFO - Val memory reserved: 24.00 MB
[2026-06-16 10:09:12,552][finetune_logger][INFO] - Val memory reserved: 24.00 MB
2026-06-16 10:09:12 - finetune_logger - INFO - Val memory allocated: 18.10 MB
[2026-06-16 10:09:12,552][finetune_logger][INFO] - Val memory allocated: 18.10 MB
2026-06-16 10:09:12 - finetune_logger - INFO - Logged epoch 5 info to /public/home/202411094934/python_project/Spatio-Temporal-Library/time-series/2026-06-16/itransformer/pretrain10_finetune10/pulse/time-series/seed_0/training_log.json
[2026-06-16 10:09:12,555][finetune_logger][INFO] - Logged epoch 5 info to /public/home/202411094934/python_project/Spatio-Temporal-Library/time-series/2026-06-16/itransformer/pretrain10_finetune10/pulse/time-series/seed_0/training_log.json
2026-06-16 10:09:12 - finetune_logger - INFO - New best model! Val loss: 0.032783
[2026-06-16 10:09:12,556][finetune_logger][INFO] - New best model! Val loss: 0.032783
2026-06-16 10:09:36 - finetune_logger - INFO - Test metrics: {'MAE': 0.03277195151323307, 'RMSE': 0.1794295576131231}
[2026-06-16 10:09:36,111][finetune_logger][INFO] - Test metrics: {'MAE': 0.03277195151323307, 'RMSE': 0.1794295576131231}
2026-06-16 10:09:36 - finetune_logger - INFO - Test time: 23.51s
[2026-06-16 10:09:36,112][finetune_logger][INFO] - Test time: 23.51s
2026-06-16 10:09:36 - finetune_logger - INFO - Test memory reserved: 24.00 MB
[2026-06-16 10:09:36,112][finetune_logger][INFO] - Test memory reserved: 24.00 MB
2026-06-16 10:09:36 - finetune_logger - INFO - Test memory allocated: 18.10 MB
[2026-06-16 10:09:36,112][finetune_logger][INFO] - Test memory allocated: 18.10 MB
2026-06-16 10:09:36 - finetune_logger - INFO - Epoch 6/10
[2026-06-16 10:09:36,112][finetune_logger][INFO] - Epoch 6/10
2026-06-16 10:12:56 - finetune_logger - INFO - Train loss: 0.03237281296159636
[2026-06-16 10:12:56,230][finetune_logger][INFO] - Train loss: 0.03237281296159636
2026-06-16 10:12:56 - finetune_logger - INFO - Train time: 200.11779379844666s
[2026-06-16 10:12:56,231][finetune_logger][INFO] - Train time: 200.11779379844666s
2026-06-16 10:12:56 - finetune_logger - INFO - Train memory reserved: 24.00 MB
[2026-06-16 10:12:56,231][finetune_logger][INFO] - Train memory reserved: 24.00 MB
2026-06-16 10:12:56 - finetune_logger - INFO - Train memory allocated: 18.10 MB
[2026-06-16 10:12:56,231][finetune_logger][INFO] - Train memory allocated: 18.10 MB
2026-06-16 10:12:56 - finetune_logger - INFO - Current learning rate: 0.0005
[2026-06-16 10:12:56,231][finetune_logger][INFO] - Current learning rate: 0.0005
2026-06-16 10:13:07 - finetune_logger - INFO - Validation metrics: {'MAE': 0.031931952929342984, 'RMSE': 0.17396544744300627}
[2026-06-16 10:13:07,665][finetune_logger][INFO] - Validation metrics: {'MAE': 0.031931952929342984, 'RMSE': 0.17396544744300627}
2026-06-16 10:13:07 - finetune_logger - INFO - Val time: 11.43s
[2026-06-16 10:13:07,665][finetune_logger][INFO] - Val time: 11.43s
2026-06-16 10:13:07 - finetune_logger - INFO - Val memory reserved: 24.00 MB
[2026-06-16 10:13:07,665][finetune_logger][INFO] - Val memory reserved: 24.00 MB
2026-06-16 10:13:07 - finetune_logger - INFO - Val memory allocated: 18.10 MB
[2026-06-16 10:13:07,666][finetune_logger][INFO] - Val memory allocated: 18.10 MB
2026-06-16 10:13:07 - finetune_logger - INFO - Logged epoch 6 info to /public/home/202411094934/python_project/Spatio-Temporal-Library/time-series/2026-06-16/itransformer/pretrain10_finetune10/pulse/time-series/seed_0/training_log.json
[2026-06-16 10:13:07,668][finetune_logger][INFO] - Logged epoch 6 info to /public/home/202411094934/python_project/Spatio-Temporal-Library/time-series/2026-06-16/itransformer/pretrain10_finetune10/pulse/time-series/seed_0/training_log.json
2026-06-16 10:13:07 - finetune_logger - INFO - New best model! Val loss: 0.031932
[2026-06-16 10:13:07,669][finetune_logger][INFO] - New best model! Val loss: 0.031932
2026-06-16 10:13:31 - finetune_logger - INFO - Test metrics: {'MAE': 0.03192217805197794, 'RMSE': 0.17394400099826982}
[2026-06-16 10:13:31,296][finetune_logger][INFO] - Test metrics: {'MAE': 0.03192217805197794, 'RMSE': 0.17394400099826982}
2026-06-16 10:13:31 - finetune_logger - INFO - Test time: 23.58s
[2026-06-16 10:13:31,296][finetune_logger][INFO] - Test time: 23.58s
2026-06-16 10:13:31 - finetune_logger - INFO - Test memory reserved: 24.00 MB
[2026-06-16 10:13:31,296][finetune_logger][INFO] - Test memory reserved: 24.00 MB
2026-06-16 10:13:31 - finetune_logger - INFO - Test memory allocated: 18.10 MB
[2026-06-16 10:13:31,296][finetune_logger][INFO] - Test memory allocated: 18.10 MB
2026-06-16 10:13:31 - finetune_logger - INFO - Epoch 7/10
[2026-06-16 10:13:31,296][finetune_logger][INFO] - Epoch 7/10
2026-06-16 10:16:51 - finetune_logger - INFO - Train loss: 0.031743251992116216
[2026-06-16 10:16:51,063][finetune_logger][INFO] - Train loss: 0.031743251992116216
2026-06-16 10:16:51 - finetune_logger - INFO - Train time: 199.76649975776672s
[2026-06-16 10:16:51,064][finetune_logger][INFO] - Train time: 199.76649975776672s
2026-06-16 10:16:51 - finetune_logger - INFO - Train memory reserved: 24.00 MB
[2026-06-16 10:16:51,064][finetune_logger][INFO] - Train memory reserved: 24.00 MB
2026-06-16 10:16:51 - finetune_logger - INFO - Train memory allocated: 18.10 MB
[2026-06-16 10:16:51,064][finetune_logger][INFO] - Train memory allocated: 18.10 MB
2026-06-16 10:16:51 - finetune_logger - INFO - Current learning rate: 0.0005
[2026-06-16 10:16:51,064][finetune_logger][INFO] - Current learning rate: 0.0005
2026-06-16 10:17:02 - finetune_logger - INFO - Validation metrics: {'MAE': 0.031822561415013634, 'RMSE': 0.1739840769900118}
[2026-06-16 10:17:02,511][finetune_logger][INFO] - Validation metrics: {'MAE': 0.031822561415013634, 'RMSE': 0.1739840769900118}
2026-06-16 10:17:02 - finetune_logger - INFO - Val time: 11.45s
[2026-06-16 10:17:02,511][finetune_logger][INFO] - Val time: 11.45s
2026-06-16 10:17:02 - finetune_logger - INFO - Val memory reserved: 24.00 MB
[2026-06-16 10:17:02,511][finetune_logger][INFO] - Val memory reserved: 24.00 MB
2026-06-16 10:17:02 - finetune_logger - INFO - Val memory allocated: 18.10 MB
[2026-06-16 10:17:02,512][finetune_logger][INFO] - Val memory allocated: 18.10 MB
2026-06-16 10:17:02 - finetune_logger - INFO - Logged epoch 7 info to /public/home/202411094934/python_project/Spatio-Temporal-Library/time-series/2026-06-16/itransformer/pretrain10_finetune10/pulse/time-series/seed_0/training_log.json
[2026-06-16 10:17:02,515][finetune_logger][INFO] - Logged epoch 7 info to /public/home/202411094934/python_project/Spatio-Temporal-Library/time-series/2026-06-16/itransformer/pretrain10_finetune10/pulse/time-series/seed_0/training_log.json
2026-06-16 10:17:02 - finetune_logger - INFO - New best model! Val loss: 0.031823
[2026-06-16 10:17:02,515][finetune_logger][INFO] - New best model! Val loss: 0.031823
2026-06-16 10:17:26 - finetune_logger - INFO - Test metrics: {'MAE': 0.0318128659694552, 'RMSE': 0.17396289226667447}
[2026-06-16 10:17:26,112][finetune_logger][INFO] - Test metrics: {'MAE': 0.0318128659694552, 'RMSE': 0.17396289226667447}
2026-06-16 10:17:26 - finetune_logger - INFO - Test time: 23.55s
[2026-06-16 10:17:26,112][finetune_logger][INFO] - Test time: 23.55s
2026-06-16 10:17:26 - finetune_logger - INFO - Test memory reserved: 24.00 MB
[2026-06-16 10:17:26,112][finetune_logger][INFO] - Test memory reserved: 24.00 MB
2026-06-16 10:17:26 - finetune_logger - INFO - Test memory allocated: 18.10 MB
[2026-06-16 10:17:26,112][finetune_logger][INFO] - Test memory allocated: 18.10 MB
2026-06-16 10:17:26 - finetune_logger - INFO - Epoch 8/10
[2026-06-16 10:17:26,112][finetune_logger][INFO] - Epoch 8/10
2026-06-16 10:20:45 - finetune_logger - INFO - Train loss: 0.03167815835704014
[2026-06-16 10:20:45,960][finetune_logger][INFO] - Train loss: 0.03167815835704014
2026-06-16 10:20:45 - finetune_logger - INFO - Train time: 199.8478546142578s
[2026-06-16 10:20:45,961][finetune_logger][INFO] - Train time: 199.8478546142578s
2026-06-16 10:20:45 - finetune_logger - INFO - Train memory reserved: 24.00 MB
[2026-06-16 10:20:45,961][finetune_logger][INFO] - Train memory reserved: 24.00 MB
2026-06-16 10:20:45 - finetune_logger - INFO - Train memory allocated: 18.10 MB
[2026-06-16 10:20:45,961][finetune_logger][INFO] - Train memory allocated: 18.10 MB
2026-06-16 10:20:45 - finetune_logger - INFO - Current learning rate: 0.0005
[2026-06-16 10:20:45,961][finetune_logger][INFO] - Current learning rate: 0.0005
2026-06-16 10:20:57 - finetune_logger - INFO - Validation metrics: {'MAE': 0.03169936386916398, 'RMSE': 0.1740044142912143}
[2026-06-16 10:20:57,317][finetune_logger][INFO] - Validation metrics: {'MAE': 0.03169936386916398, 'RMSE': 0.1740044142912143}
2026-06-16 10:20:57 - finetune_logger - INFO - Val time: 11.36s
[2026-06-16 10:20:57,317][finetune_logger][INFO] - Val time: 11.36s
2026-06-16 10:20:57 - finetune_logger - INFO - Val memory reserved: 24.00 MB
[2026-06-16 10:20:57,317][finetune_logger][INFO] - Val memory reserved: 24.00 MB
2026-06-16 10:20:57 - finetune_logger - INFO - Val memory allocated: 18.10 MB
[2026-06-16 10:20:57,318][finetune_logger][INFO] - Val memory allocated: 18.10 MB
2026-06-16 10:20:57 - finetune_logger - INFO - Logged epoch 8 info to /public/home/202411094934/python_project/Spatio-Temporal-Library/time-series/2026-06-16/itransformer/pretrain10_finetune10/pulse/time-series/seed_0/training_log.json
[2026-06-16 10:20:57,321][finetune_logger][INFO] - Logged epoch 8 info to /public/home/202411094934/python_project/Spatio-Temporal-Library/time-series/2026-06-16/itransformer/pretrain10_finetune10/pulse/time-series/seed_0/training_log.json
2026-06-16 10:20:57 - finetune_logger - INFO - New best model! Val loss: 0.031699
[2026-06-16 10:20:57,321][finetune_logger][INFO] - New best model! Val loss: 0.031699
2026-06-16 10:21:20 - finetune_logger - INFO - Test metrics: {'MAE': 0.03168971515515548, 'RMSE': 0.1739831644549308}
[2026-06-16 10:21:20,887][finetune_logger][INFO] - Test metrics: {'MAE': 0.03168971515515548, 'RMSE': 0.1739831644549308}
2026-06-16 10:21:20 - finetune_logger - INFO - Test time: 23.52s
[2026-06-16 10:21:20,887][finetune_logger][INFO] - Test time: 23.52s
2026-06-16 10:21:20 - finetune_logger - INFO - Test memory reserved: 24.00 MB
[2026-06-16 10:21:20,887][finetune_logger][INFO] - Test memory reserved: 24.00 MB
2026-06-16 10:21:20 - finetune_logger - INFO - Test memory allocated: 18.10 MB
[2026-06-16 10:21:20,888][finetune_logger][INFO] - Test memory allocated: 18.10 MB
2026-06-16 10:21:20 - finetune_logger - INFO - Epoch 9/10
[2026-06-16 10:21:20,888][finetune_logger][INFO] - Epoch 9/10
2026-06-16 10:24:41 - finetune_logger - INFO - Train loss: 0.03164153109312582
[2026-06-16 10:24:41,055][finetune_logger][INFO] - Train loss: 0.03164153109312582
2026-06-16 10:24:41 - finetune_logger - INFO - Train time: 200.16720843315125s
[2026-06-16 10:24:41,056][finetune_logger][INFO] - Train time: 200.16720843315125s
2026-06-16 10:24:41 - finetune_logger - INFO - Train memory reserved: 24.00 MB
[2026-06-16 10:24:41,056][finetune_logger][INFO] - Train memory reserved: 24.00 MB
2026-06-16 10:24:41 - finetune_logger - INFO - Train memory allocated: 18.10 MB
[2026-06-16 10:24:41,056][finetune_logger][INFO] - Train memory allocated: 18.10 MB
2026-06-16 10:24:41 - finetune_logger - INFO - Current learning rate: 0.0005
[2026-06-16 10:24:41,056][finetune_logger][INFO] - Current learning rate: 0.0005
2026-06-16 10:24:52 - finetune_logger - INFO - Validation metrics: {'MAE': 0.03174546809605498, 'RMSE': 0.17403721695386895}
[2026-06-16 10:24:52,426][finetune_logger][INFO] - Validation metrics: {'MAE': 0.03174546809605498, 'RMSE': 0.17403721695386895}
2026-06-16 10:24:52 - finetune_logger - INFO - Val time: 11.37s
[2026-06-16 10:24:52,426][finetune_logger][INFO] - Val time: 11.37s
2026-06-16 10:24:52 - finetune_logger - INFO - Val memory reserved: 24.00 MB
[2026-06-16 10:24:52,426][finetune_logger][INFO] - Val memory reserved: 24.00 MB
2026-06-16 10:24:52 - finetune_logger - INFO - Val memory allocated: 18.10 MB
[2026-06-16 10:24:52,426][finetune_logger][INFO] - Val memory allocated: 18.10 MB
2026-06-16 10:24:52 - finetune_logger - INFO - Logged epoch 9 info to /public/home/202411094934/python_project/Spatio-Temporal-Library/time-series/2026-06-16/itransformer/pretrain10_finetune10/pulse/time-series/seed_0/training_log.json
[2026-06-16 10:24:52,429][finetune_logger][INFO] - Logged epoch 9 info to /public/home/202411094934/python_project/Spatio-Temporal-Library/time-series/2026-06-16/itransformer/pretrain10_finetune10/pulse/time-series/seed_0/training_log.json
2026-06-16 10:25:16 - finetune_logger - INFO - Test metrics: {'MAE': 0.03173575670233296, 'RMSE': 0.1740157918892644}
[2026-06-16 10:25:16,016][finetune_logger][INFO] - Test metrics: {'MAE': 0.03173575670233296, 'RMSE': 0.1740157918892644}
2026-06-16 10:25:16 - finetune_logger - INFO - Test time: 23.59s
[2026-06-16 10:25:16,016][finetune_logger][INFO] - Test time: 23.59s
2026-06-16 10:25:16 - finetune_logger - INFO - Test memory reserved: 24.00 MB
[2026-06-16 10:25:16,016][finetune_logger][INFO] - Test memory reserved: 24.00 MB
2026-06-16 10:25:16 - finetune_logger - INFO - Test memory allocated: 18.10 MB
[2026-06-16 10:25:16,017][finetune_logger][INFO] - Test memory allocated: 18.10 MB
2026-06-16 10:25:16 - finetune_logger - INFO - Epoch 10/10
[2026-06-16 10:25:16,017][finetune_logger][INFO] - Epoch 10/10
2026-06-16 10:28:36 - finetune_logger - INFO - Train loss: 0.031616685810563504
[2026-06-16 10:28:36,073][finetune_logger][INFO] - Train loss: 0.031616685810563504
2026-06-16 10:28:36 - finetune_logger - INFO - Train time: 200.0560019016266s
[2026-06-16 10:28:36,073][finetune_logger][INFO] - Train time: 200.0560019016266s
2026-06-16 10:28:36 - finetune_logger - INFO - Train memory reserved: 24.00 MB
[2026-06-16 10:28:36,074][finetune_logger][INFO] - Train memory reserved: 24.00 MB
2026-06-16 10:28:36 - finetune_logger - INFO - Train memory allocated: 18.10 MB
[2026-06-16 10:28:36,074][finetune_logger][INFO] - Train memory allocated: 18.10 MB
2026-06-16 10:28:36 - finetune_logger - INFO - Current learning rate: 0.0005
[2026-06-16 10:28:36,074][finetune_logger][INFO] - Current learning rate: 0.0005
2026-06-16 10:28:47 - finetune_logger - INFO - Validation metrics: {'MAE': 0.0318418294137989, 'RMSE': 0.17394796654710107}
[2026-06-16 10:28:47,438][finetune_logger][INFO] - Validation metrics: {'MAE': 0.0318418294137989, 'RMSE': 0.17394796654710107}
2026-06-16 10:28:47 - finetune_logger - INFO - Val time: 11.36s
[2026-06-16 10:28:47,438][finetune_logger][INFO] - Val time: 11.36s
2026-06-16 10:28:47 - finetune_logger - INFO - Val memory reserved: 24.00 MB
[2026-06-16 10:28:47,438][finetune_logger][INFO] - Val memory reserved: 24.00 MB
2026-06-16 10:28:47 - finetune_logger - INFO - Val memory allocated: 18.10 MB
[2026-06-16 10:28:47,438][finetune_logger][INFO] - Val memory allocated: 18.10 MB
2026-06-16 10:28:47 - finetune_logger - INFO - Logged epoch 10 info to /public/home/202411094934/python_project/Spatio-Temporal-Library/time-series/2026-06-16/itransformer/pretrain10_finetune10/pulse/time-series/seed_0/training_log.json
[2026-06-16 10:28:47,442][finetune_logger][INFO] - Logged epoch 10 info to /public/home/202411094934/python_project/Spatio-Temporal-Library/time-series/2026-06-16/itransformer/pretrain10_finetune10/pulse/time-series/seed_0/training_log.json
2026-06-16 10:29:10 - finetune_logger - INFO - Test metrics: {'MAE': 0.03183215591902329, 'RMSE': 0.17392682736125284}
[2026-06-16 10:29:10,933][finetune_logger][INFO] - Test metrics: {'MAE': 0.03183215591902329, 'RMSE': 0.17392682736125284}
2026-06-16 10:29:10 - finetune_logger - INFO - Test time: 23.47s
[2026-06-16 10:29:10,933][finetune_logger][INFO] - Test time: 23.47s
2026-06-16 10:29:10 - finetune_logger - INFO - Test memory reserved: 24.00 MB
[2026-06-16 10:29:10,933][finetune_logger][INFO] - Test memory reserved: 24.00 MB
2026-06-16 10:29:10 - finetune_logger - INFO - Test memory allocated: 18.10 MB
[2026-06-16 10:29:10,933][finetune_logger][INFO] - Test memory allocated: 18.10 MB
2026-06-16 10:29:10 - finetune_logger - INFO - Training completed. Best epoch: 8, Best val loss: 0.031699
[2026-06-16 10:29:10,933][finetune_logger][INFO] - Training completed. Best epoch: 8, Best val loss: 0.031699
2026-06-16 10:29:10 - finetune_logger - INFO - Loaded checkpoint from epoch 8
[2026-06-16 10:29:10,963][finetune_logger][INFO] - Loaded checkpoint from epoch 8
2026-06-16 10:29:10 - finetune_logger - INFO - Evaluating best model on test sets...
[2026-06-16 10:29:10,963][finetune_logger][INFO] - Evaluating best model on test sets...
2026-06-16 10:29:34 - finetune_logger - INFO - Test metrics: {'MAE': 0.03168971515515548, 'RMSE': 0.1739831644549308}
[2026-06-16 10:29:34,322][finetune_logger][INFO] - Test metrics: {'MAE': 0.03168971515515548, 'RMSE': 0.1739831644549308}
2026-06-16 10:29:34 - finetune_logger - INFO - Test time: 23.36s
[2026-06-16 10:29:34,323][finetune_logger][INFO] - Test time: 23.36s
2026-06-16 10:29:34 - finetune_logger - INFO - Test memory reserved: 26.00 MB
[2026-06-16 10:29:34,323][finetune_logger][INFO] - Test memory reserved: 26.00 MB
2026-06-16 10:29:34 - finetune_logger - INFO - Test memory allocated: 18.14 MB
[2026-06-16 10:29:34,323][finetune_logger][INFO] - Test memory allocated: 18.14 MB
2026-06-16 10:29:34 - finetune_logger - INFO - Logged epoch test info to /public/home/202411094934/python_project/Spatio-Temporal-Library/time-series/2026-06-16/itransformer/pretrain10_finetune10/pulse/time-series/seed_0/training_log.json
[2026-06-16 10:29:34,326][finetune_logger][INFO] - Logged epoch test info to /public/home/202411094934/python_project/Spatio-Temporal-Library/time-series/2026-06-16/itransformer/pretrain10_finetune10/pulse/time-series/seed_0/training_log.json
