2026-06-24 20:14:22 - finetune_logger - INFO - No pretrained checkpoint is provided. Finetuning from scratch.
[2026-06-24 20:14:22,713][finetune_logger][INFO] - No pretrained checkpoint is provided. Finetuning from scratch.
2026-06-24 20:14:22 - finetune_logger - INFO - Model parameters: 646,657
[2026-06-24 20:14:22,717][finetune_logger][INFO] - Model parameters: 646,657
2026-06-24 20:14:22 - finetune_logger - INFO - Created new log file at /public/home/202411094934/python_project/Spatio-Temporal-Library/time-series/2026-06-24/fedformer/finetune20/electricity/time-series/seed_1/training_log.json
[2026-06-24 20:14:22,721][finetune_logger][INFO] - Created new log file at /public/home/202411094934/python_project/Spatio-Temporal-Library/time-series/2026-06-24/fedformer/finetune20/electricity/time-series/seed_1/training_log.json
2026-06-24 20:14:22 - finetune_logger - INFO - Starting training...
[2026-06-24 20:14:22,721][finetune_logger][INFO] - Starting training...
2026-06-24 20:14:22 - finetune_logger - INFO - Epoch 1/20
[2026-06-24 20:14:22,721][finetune_logger][INFO] - Epoch 1/20
2026-06-24 22:12:50 - finetune_logger - INFO - Train loss: 315.6502370580636
[2026-06-24 22:12:50,573][finetune_logger][INFO] - Train loss: 315.6502370580636
2026-06-24 22:12:50 - finetune_logger - INFO - Train time: 7107.85103726387s
[2026-06-24 22:12:50,574][finetune_logger][INFO] - Train time: 7107.85103726387s
2026-06-24 22:12:50 - finetune_logger - INFO - Train memory reserved: 94.00 MB
[2026-06-24 22:12:50,574][finetune_logger][INFO] - Train memory reserved: 94.00 MB
2026-06-24 22:12:50 - finetune_logger - INFO - Train memory allocated: 25.80 MB
[2026-06-24 22:12:50,574][finetune_logger][INFO] - Train memory allocated: 25.80 MB
2026-06-24 22:12:50 - finetune_logger - INFO - Current learning rate: 0.0005
[2026-06-24 22:12:50,574][finetune_logger][INFO] - Current learning rate: 0.0005
2026-06-24 22:16:39 - finetune_logger - INFO - Validation metrics: {'MAE': 233.98181581517204, 'RMSE': 1783.2577765727801}
[2026-06-24 22:16:39,307][finetune_logger][INFO] - Validation metrics: {'MAE': 233.98181581517204, 'RMSE': 1783.2577765727801}
2026-06-24 22:16:39 - finetune_logger - INFO - Val time: 228.73s
[2026-06-24 22:16:39,307][finetune_logger][INFO] - Val time: 228.73s
2026-06-24 22:16:39 - finetune_logger - INFO - Val memory reserved: 94.00 MB
[2026-06-24 22:16:39,307][finetune_logger][INFO] - Val memory reserved: 94.00 MB
2026-06-24 22:16:39 - finetune_logger - INFO - Val memory allocated: 25.80 MB
[2026-06-24 22:16:39,308][finetune_logger][INFO] - Val memory allocated: 25.80 MB
2026-06-24 22:16:39 - finetune_logger - INFO - Logged epoch 1 info to /public/home/202411094934/python_project/Spatio-Temporal-Library/time-series/2026-06-24/fedformer/finetune20/electricity/time-series/seed_1/training_log.json
[2026-06-24 22:16:39,311][finetune_logger][INFO] - Logged epoch 1 info to /public/home/202411094934/python_project/Spatio-Temporal-Library/time-series/2026-06-24/fedformer/finetune20/electricity/time-series/seed_1/training_log.json
2026-06-24 22:16:39 - finetune_logger - INFO - New best model! Val loss: 233.981816
[2026-06-24 22:16:39,312][finetune_logger][INFO] - New best model! Val loss: 233.981816
2026-06-24 22:24:40 - finetune_logger - INFO - Test metrics: {'MAE': 297.2290268233825, 'RMSE': 2557.663372730797}
[2026-06-24 22:24:40,391][finetune_logger][INFO] - Test metrics: {'MAE': 297.2290268233825, 'RMSE': 2557.663372730797}
2026-06-24 22:24:40 - finetune_logger - INFO - Test time: 481.01s
[2026-06-24 22:24:40,392][finetune_logger][INFO] - Test time: 481.01s
2026-06-24 22:24:40 - finetune_logger - INFO - Test memory reserved: 94.00 MB
[2026-06-24 22:24:40,392][finetune_logger][INFO] - Test memory reserved: 94.00 MB
2026-06-24 22:24:40 - finetune_logger - INFO - Test memory allocated: 25.80 MB
[2026-06-24 22:24:40,392][finetune_logger][INFO] - Test memory allocated: 25.80 MB
2026-06-24 22:24:40 - finetune_logger - INFO - Epoch 2/20
[2026-06-24 22:24:40,392][finetune_logger][INFO] - Epoch 2/20
2026-06-25 00:24:36 - finetune_logger - INFO - Train loss: 257.79108295460253
[2026-06-25 00:24:36,664][finetune_logger][INFO] - Train loss: 257.79108295460253
2026-06-25 00:24:36 - finetune_logger - INFO - Train time: 7196.27028632164s
[2026-06-25 00:24:36,664][finetune_logger][INFO] - Train time: 7196.27028632164s
2026-06-25 00:24:36 - finetune_logger - INFO - Train memory reserved: 94.00 MB
[2026-06-25 00:24:36,664][finetune_logger][INFO] - Train memory reserved: 94.00 MB
2026-06-25 00:24:36 - finetune_logger - INFO - Train memory allocated: 25.80 MB
[2026-06-25 00:24:36,665][finetune_logger][INFO] - Train memory allocated: 25.80 MB
2026-06-25 00:24:36 - finetune_logger - INFO - Current learning rate: 0.0005
[2026-06-25 00:24:36,665][finetune_logger][INFO] - Current learning rate: 0.0005
2026-06-25 00:28:25 - finetune_logger - INFO - Validation metrics: {'MAE': 235.455789229543, 'RMSE': 1773.4611880910795}
[2026-06-25 00:28:25,298][finetune_logger][INFO] - Validation metrics: {'MAE': 235.455789229543, 'RMSE': 1773.4611880910795}
2026-06-25 00:28:25 - finetune_logger - INFO - Val time: 228.63s
[2026-06-25 00:28:25,299][finetune_logger][INFO] - Val time: 228.63s
2026-06-25 00:28:25 - finetune_logger - INFO - Val memory reserved: 94.00 MB
[2026-06-25 00:28:25,299][finetune_logger][INFO] - Val memory reserved: 94.00 MB
2026-06-25 00:28:25 - finetune_logger - INFO - Val memory allocated: 25.80 MB
[2026-06-25 00:28:25,299][finetune_logger][INFO] - Val memory allocated: 25.80 MB
2026-06-25 00:28:25 - finetune_logger - INFO - Logged epoch 2 info to /public/home/202411094934/python_project/Spatio-Temporal-Library/time-series/2026-06-24/fedformer/finetune20/electricity/time-series/seed_1/training_log.json
[2026-06-25 00:28:25,302][finetune_logger][INFO] - Logged epoch 2 info to /public/home/202411094934/python_project/Spatio-Temporal-Library/time-series/2026-06-24/fedformer/finetune20/electricity/time-series/seed_1/training_log.json
2026-06-25 00:36:27 - finetune_logger - INFO - Test metrics: {'MAE': 282.7195031752891, 'RMSE': 2375.102951119888}
[2026-06-25 00:36:27,311][finetune_logger][INFO] - Test metrics: {'MAE': 282.7195031752891, 'RMSE': 2375.102951119888}
2026-06-25 00:36:27 - finetune_logger - INFO - Test time: 482.01s
[2026-06-25 00:36:27,311][finetune_logger][INFO] - Test time: 482.01s
2026-06-25 00:36:27 - finetune_logger - INFO - Test memory reserved: 94.00 MB
[2026-06-25 00:36:27,312][finetune_logger][INFO] - Test memory reserved: 94.00 MB
2026-06-25 00:36:27 - finetune_logger - INFO - Test memory allocated: 25.80 MB
[2026-06-25 00:36:27,312][finetune_logger][INFO] - Test memory allocated: 25.80 MB
2026-06-25 00:36:27 - finetune_logger - INFO - Epoch 3/20
[2026-06-25 00:36:27,312][finetune_logger][INFO] - Epoch 3/20
2026-06-25 02:36:24 - finetune_logger - INFO - Train loss: 243.1746493061851
[2026-06-25 02:36:24,108][finetune_logger][INFO] - Train loss: 243.1746493061851
2026-06-25 02:36:24 - finetune_logger - INFO - Train time: 7196.79542183876s
[2026-06-25 02:36:24,108][finetune_logger][INFO] - Train time: 7196.79542183876s
2026-06-25 02:36:24 - finetune_logger - INFO - Train memory reserved: 94.00 MB
[2026-06-25 02:36:24,109][finetune_logger][INFO] - Train memory reserved: 94.00 MB
2026-06-25 02:36:24 - finetune_logger - INFO - Train memory allocated: 25.80 MB
[2026-06-25 02:36:24,109][finetune_logger][INFO] - Train memory allocated: 25.80 MB
2026-06-25 02:36:24 - finetune_logger - INFO - Current learning rate: 0.0005
[2026-06-25 02:36:24,109][finetune_logger][INFO] - Current learning rate: 0.0005
2026-06-25 02:40:12 - finetune_logger - INFO - Validation metrics: {'MAE': 232.41410645173713, 'RMSE': 1775.263777626438}
[2026-06-25 02:40:12,509][finetune_logger][INFO] - Validation metrics: {'MAE': 232.41410645173713, 'RMSE': 1775.263777626438}
2026-06-25 02:40:12 - finetune_logger - INFO - Val time: 228.40s
[2026-06-25 02:40:12,510][finetune_logger][INFO] - Val time: 228.40s
2026-06-25 02:40:12 - finetune_logger - INFO - Val memory reserved: 94.00 MB
[2026-06-25 02:40:12,510][finetune_logger][INFO] - Val memory reserved: 94.00 MB
2026-06-25 02:40:12 - finetune_logger - INFO - Val memory allocated: 25.80 MB
[2026-06-25 02:40:12,510][finetune_logger][INFO] - Val memory allocated: 25.80 MB
2026-06-25 02:40:12 - finetune_logger - INFO - Logged epoch 3 info to /public/home/202411094934/python_project/Spatio-Temporal-Library/time-series/2026-06-24/fedformer/finetune20/electricity/time-series/seed_1/training_log.json
[2026-06-25 02:40:12,513][finetune_logger][INFO] - Logged epoch 3 info to /public/home/202411094934/python_project/Spatio-Temporal-Library/time-series/2026-06-24/fedformer/finetune20/electricity/time-series/seed_1/training_log.json
2026-06-25 02:40:12 - finetune_logger - INFO - New best model! Val loss: 232.414106
[2026-06-25 02:40:12,513][finetune_logger][INFO] - New best model! Val loss: 232.414106
2026-06-25 02:48:13 - finetune_logger - INFO - Test metrics: {'MAE': 294.04949395309416, 'RMSE': 2500.26572142262}
[2026-06-25 02:48:13,627][finetune_logger][INFO] - Test metrics: {'MAE': 294.04949395309416, 'RMSE': 2500.26572142262}
2026-06-25 02:48:13 - finetune_logger - INFO - Test time: 481.05s
[2026-06-25 02:48:13,627][finetune_logger][INFO] - Test time: 481.05s
2026-06-25 02:48:13 - finetune_logger - INFO - Test memory reserved: 94.00 MB
[2026-06-25 02:48:13,627][finetune_logger][INFO] - Test memory reserved: 94.00 MB
2026-06-25 02:48:13 - finetune_logger - INFO - Test memory allocated: 25.80 MB
[2026-06-25 02:48:13,627][finetune_logger][INFO] - Test memory allocated: 25.80 MB
2026-06-25 02:48:13 - finetune_logger - INFO - Epoch 4/20
[2026-06-25 02:48:13,627][finetune_logger][INFO] - Epoch 4/20
2026-06-25 04:48:01 - finetune_logger - INFO - Train loss: 236.24270608032896
[2026-06-25 04:48:01,827][finetune_logger][INFO] - Train loss: 236.24270608032896
2026-06-25 04:48:01 - finetune_logger - INFO - Train time: 7188.197411298752s
[2026-06-25 04:48:01,827][finetune_logger][INFO] - Train time: 7188.197411298752s
2026-06-25 04:48:01 - finetune_logger - INFO - Train memory reserved: 94.00 MB
[2026-06-25 04:48:01,827][finetune_logger][INFO] - Train memory reserved: 94.00 MB
2026-06-25 04:48:01 - finetune_logger - INFO - Train memory allocated: 25.80 MB
[2026-06-25 04:48:01,827][finetune_logger][INFO] - Train memory allocated: 25.80 MB
2026-06-25 04:48:01 - finetune_logger - INFO - Current learning rate: 0.0005
[2026-06-25 04:48:01,827][finetune_logger][INFO] - Current learning rate: 0.0005
2026-06-25 04:51:49 - finetune_logger - INFO - Validation metrics: {'MAE': 238.5153021175982, 'RMSE': 1879.8194718852756}
[2026-06-25 04:51:49,374][finetune_logger][INFO] - Validation metrics: {'MAE': 238.5153021175982, 'RMSE': 1879.8194718852756}
2026-06-25 04:51:49 - finetune_logger - INFO - Val time: 227.55s
[2026-06-25 04:51:49,374][finetune_logger][INFO] - Val time: 227.55s
2026-06-25 04:51:49 - finetune_logger - INFO - Val memory reserved: 94.00 MB
[2026-06-25 04:51:49,375][finetune_logger][INFO] - Val memory reserved: 94.00 MB
2026-06-25 04:51:49 - finetune_logger - INFO - Val memory allocated: 25.80 MB
[2026-06-25 04:51:49,375][finetune_logger][INFO] - Val memory allocated: 25.80 MB
2026-06-25 04:51:49 - finetune_logger - INFO - Logged epoch 4 info to /public/home/202411094934/python_project/Spatio-Temporal-Library/time-series/2026-06-24/fedformer/finetune20/electricity/time-series/seed_1/training_log.json
[2026-06-25 04:51:49,378][finetune_logger][INFO] - Logged epoch 4 info to /public/home/202411094934/python_project/Spatio-Temporal-Library/time-series/2026-06-24/fedformer/finetune20/electricity/time-series/seed_1/training_log.json
2026-06-25 04:59:52 - finetune_logger - INFO - Test metrics: {'MAE': 286.44967493202233, 'RMSE': 2438.858381408114}
[2026-06-25 04:59:52,421][finetune_logger][INFO] - Test metrics: {'MAE': 286.44967493202233, 'RMSE': 2438.858381408114}
2026-06-25 04:59:52 - finetune_logger - INFO - Test time: 483.04s
[2026-06-25 04:59:52,422][finetune_logger][INFO] - Test time: 483.04s
2026-06-25 04:59:52 - finetune_logger - INFO - Test memory reserved: 94.00 MB
[2026-06-25 04:59:52,422][finetune_logger][INFO] - Test memory reserved: 94.00 MB
2026-06-25 04:59:52 - finetune_logger - INFO - Test memory allocated: 25.80 MB
[2026-06-25 04:59:52,422][finetune_logger][INFO] - Test memory allocated: 25.80 MB
2026-06-25 04:59:52 - finetune_logger - INFO - Epoch 5/20
[2026-06-25 04:59:52,422][finetune_logger][INFO] - Epoch 5/20
2026-06-25 06:59:39 - finetune_logger - INFO - Train loss: 231.02680895284809
[2026-06-25 06:59:39,370][finetune_logger][INFO] - Train loss: 231.02680895284809
2026-06-25 06:59:39 - finetune_logger - INFO - Train time: 7186.946457147598s
[2026-06-25 06:59:39,371][finetune_logger][INFO] - Train time: 7186.946457147598s
2026-06-25 06:59:39 - finetune_logger - INFO - Train memory reserved: 94.00 MB
[2026-06-25 06:59:39,371][finetune_logger][INFO] - Train memory reserved: 94.00 MB
2026-06-25 06:59:39 - finetune_logger - INFO - Train memory allocated: 25.80 MB
[2026-06-25 06:59:39,371][finetune_logger][INFO] - Train memory allocated: 25.80 MB
2026-06-25 06:59:39 - finetune_logger - INFO - Current learning rate: 0.0005
[2026-06-25 06:59:39,371][finetune_logger][INFO] - Current learning rate: 0.0005
2026-06-25 07:03:27 - finetune_logger - INFO - Validation metrics: {'MAE': 250.13167652009625, 'RMSE': 2006.587889391448}
[2026-06-25 07:03:27,594][finetune_logger][INFO] - Validation metrics: {'MAE': 250.13167652009625, 'RMSE': 2006.587889391448}
2026-06-25 07:03:27 - finetune_logger - INFO - Val time: 228.22s
[2026-06-25 07:03:27,595][finetune_logger][INFO] - Val time: 228.22s
2026-06-25 07:03:27 - finetune_logger - INFO - Val memory reserved: 94.00 MB
[2026-06-25 07:03:27,595][finetune_logger][INFO] - Val memory reserved: 94.00 MB
2026-06-25 07:03:27 - finetune_logger - INFO - Val memory allocated: 25.80 MB
[2026-06-25 07:03:27,595][finetune_logger][INFO] - Val memory allocated: 25.80 MB
2026-06-25 07:03:27 - finetune_logger - INFO - Logged epoch 5 info to /public/home/202411094934/python_project/Spatio-Temporal-Library/time-series/2026-06-24/fedformer/finetune20/electricity/time-series/seed_1/training_log.json
[2026-06-25 07:03:27,598][finetune_logger][INFO] - Logged epoch 5 info to /public/home/202411094934/python_project/Spatio-Temporal-Library/time-series/2026-06-24/fedformer/finetune20/electricity/time-series/seed_1/training_log.json
2026-06-25 07:11:30 - finetune_logger - INFO - Test metrics: {'MAE': 297.8241103598748, 'RMSE': 2565.742120284534}
[2026-06-25 07:11:30,303][finetune_logger][INFO] - Test metrics: {'MAE': 297.8241103598748, 'RMSE': 2565.742120284534}
2026-06-25 07:11:30 - finetune_logger - INFO - Test time: 482.70s
[2026-06-25 07:11:30,303][finetune_logger][INFO] - Test time: 482.70s
2026-06-25 07:11:30 - finetune_logger - INFO - Test memory reserved: 94.00 MB
[2026-06-25 07:11:30,303][finetune_logger][INFO] - Test memory reserved: 94.00 MB
2026-06-25 07:11:30 - finetune_logger - INFO - Test memory allocated: 25.80 MB
[2026-06-25 07:11:30,303][finetune_logger][INFO] - Test memory allocated: 25.80 MB
2026-06-25 07:11:30 - finetune_logger - INFO - Epoch 6/20
[2026-06-25 07:11:30,304][finetune_logger][INFO] - Epoch 6/20
2026-06-25 09:11:01 - finetune_logger - INFO - Train loss: 226.29608091100133
[2026-06-25 09:11:01,149][finetune_logger][INFO] - Train loss: 226.29608091100133
2026-06-25 09:11:01 - finetune_logger - INFO - Train time: 7170.843407154083s
[2026-06-25 09:11:01,149][finetune_logger][INFO] - Train time: 7170.843407154083s
2026-06-25 09:11:01 - finetune_logger - INFO - Train memory reserved: 94.00 MB
[2026-06-25 09:11:01,149][finetune_logger][INFO] - Train memory reserved: 94.00 MB
2026-06-25 09:11:01 - finetune_logger - INFO - Train memory allocated: 25.80 MB
[2026-06-25 09:11:01,150][finetune_logger][INFO] - Train memory allocated: 25.80 MB
2026-06-25 09:11:01 - finetune_logger - INFO - Current learning rate: 0.0005
[2026-06-25 09:11:01,150][finetune_logger][INFO] - Current learning rate: 0.0005
2026-06-25 09:14:51 - finetune_logger - INFO - Validation metrics: {'MAE': 233.47877388723236, 'RMSE': 1793.6470098170232}
[2026-06-25 09:14:51,191][finetune_logger][INFO] - Validation metrics: {'MAE': 233.47877388723236, 'RMSE': 1793.6470098170232}
2026-06-25 09:14:51 - finetune_logger - INFO - Val time: 230.04s
[2026-06-25 09:14:51,191][finetune_logger][INFO] - Val time: 230.04s
2026-06-25 09:14:51 - finetune_logger - INFO - Val memory reserved: 94.00 MB
[2026-06-25 09:14:51,191][finetune_logger][INFO] - Val memory reserved: 94.00 MB
2026-06-25 09:14:51 - finetune_logger - INFO - Val memory allocated: 25.80 MB
[2026-06-25 09:14:51,191][finetune_logger][INFO] - Val memory allocated: 25.80 MB
2026-06-25 09:14:51 - finetune_logger - INFO - Logged epoch 6 info to /public/home/202411094934/python_project/Spatio-Temporal-Library/time-series/2026-06-24/fedformer/finetune20/electricity/time-series/seed_1/training_log.json
[2026-06-25 09:14:51,195][finetune_logger][INFO] - Logged epoch 6 info to /public/home/202411094934/python_project/Spatio-Temporal-Library/time-series/2026-06-24/fedformer/finetune20/electricity/time-series/seed_1/training_log.json
2026-06-25 09:22:53 - finetune_logger - INFO - Test metrics: {'MAE': 290.88096791445054, 'RMSE': 2484.2870702452065}
[2026-06-25 09:22:53,125][finetune_logger][INFO] - Test metrics: {'MAE': 290.88096791445054, 'RMSE': 2484.2870702452065}
2026-06-25 09:22:53 - finetune_logger - INFO - Test time: 481.93s
[2026-06-25 09:22:53,125][finetune_logger][INFO] - Test time: 481.93s
2026-06-25 09:22:53 - finetune_logger - INFO - Test memory reserved: 94.00 MB
[2026-06-25 09:22:53,125][finetune_logger][INFO] - Test memory reserved: 94.00 MB
2026-06-25 09:22:53 - finetune_logger - INFO - Test memory allocated: 25.80 MB
[2026-06-25 09:22:53,125][finetune_logger][INFO] - Test memory allocated: 25.80 MB
2026-06-25 09:22:53 - finetune_logger - INFO - Epoch 7/20
[2026-06-25 09:22:53,125][finetune_logger][INFO] - Epoch 7/20
2026-06-25 11:22:20 - finetune_logger - INFO - Train loss: 223.2808711909149
[2026-06-25 11:22:20,348][finetune_logger][INFO] - Train loss: 223.2808711909149
2026-06-25 11:22:20 - finetune_logger - INFO - Train time: 7167.221051931381s
[2026-06-25 11:22:20,349][finetune_logger][INFO] - Train time: 7167.221051931381s
2026-06-25 11:22:20 - finetune_logger - INFO - Train memory reserved: 94.00 MB
[2026-06-25 11:22:20,349][finetune_logger][INFO] - Train memory reserved: 94.00 MB
2026-06-25 11:22:20 - finetune_logger - INFO - Train memory allocated: 25.80 MB
[2026-06-25 11:22:20,349][finetune_logger][INFO] - Train memory allocated: 25.80 MB
2026-06-25 11:22:20 - finetune_logger - INFO - Current learning rate: 0.0005
[2026-06-25 11:22:20,349][finetune_logger][INFO] - Current learning rate: 0.0005
2026-06-25 11:26:09 - finetune_logger - INFO - Validation metrics: {'MAE': 240.12881582159702, 'RMSE': 1866.8487988281238}
[2026-06-25 11:26:09,277][finetune_logger][INFO] - Validation metrics: {'MAE': 240.12881582159702, 'RMSE': 1866.8487988281238}
2026-06-25 11:26:09 - finetune_logger - INFO - Val time: 228.93s
[2026-06-25 11:26:09,278][finetune_logger][INFO] - Val time: 228.93s
2026-06-25 11:26:09 - finetune_logger - INFO - Val memory reserved: 94.00 MB
[2026-06-25 11:26:09,278][finetune_logger][INFO] - Val memory reserved: 94.00 MB
2026-06-25 11:26:09 - finetune_logger - INFO - Val memory allocated: 25.80 MB
[2026-06-25 11:26:09,278][finetune_logger][INFO] - Val memory allocated: 25.80 MB
2026-06-25 11:26:09 - finetune_logger - INFO - Logged epoch 7 info to /public/home/202411094934/python_project/Spatio-Temporal-Library/time-series/2026-06-24/fedformer/finetune20/electricity/time-series/seed_1/training_log.json
[2026-06-25 11:26:09,281][finetune_logger][INFO] - Logged epoch 7 info to /public/home/202411094934/python_project/Spatio-Temporal-Library/time-series/2026-06-24/fedformer/finetune20/electricity/time-series/seed_1/training_log.json
2026-06-25 11:34:11 - finetune_logger - INFO - Test metrics: {'MAE': 291.3712751366829, 'RMSE': 2512.38751421838}
[2026-06-25 11:34:11,799][finetune_logger][INFO] - Test metrics: {'MAE': 291.3712751366829, 'RMSE': 2512.38751421838}
2026-06-25 11:34:11 - finetune_logger - INFO - Test time: 482.52s
[2026-06-25 11:34:11,800][finetune_logger][INFO] - Test time: 482.52s
2026-06-25 11:34:11 - finetune_logger - INFO - Test memory reserved: 94.00 MB
[2026-06-25 11:34:11,800][finetune_logger][INFO] - Test memory reserved: 94.00 MB
2026-06-25 11:34:11 - finetune_logger - INFO - Test memory allocated: 25.80 MB
[2026-06-25 11:34:11,800][finetune_logger][INFO] - Test memory allocated: 25.80 MB
2026-06-25 11:34:11 - finetune_logger - INFO - Epoch 8/20
[2026-06-25 11:34:11,800][finetune_logger][INFO] - Epoch 8/20
2026-06-25 13:33:37 - finetune_logger - INFO - Train loss: 221.85780487421877
[2026-06-25 13:33:37,155][finetune_logger][INFO] - Train loss: 221.85780487421877
2026-06-25 13:33:37 - finetune_logger - INFO - Train time: 7165.354199409485s
[2026-06-25 13:33:37,156][finetune_logger][INFO] - Train time: 7165.354199409485s
2026-06-25 13:33:37 - finetune_logger - INFO - Train memory reserved: 94.00 MB
[2026-06-25 13:33:37,156][finetune_logger][INFO] - Train memory reserved: 94.00 MB
2026-06-25 13:33:37 - finetune_logger - INFO - Train memory allocated: 25.80 MB
[2026-06-25 13:33:37,156][finetune_logger][INFO] - Train memory allocated: 25.80 MB
2026-06-25 13:33:37 - finetune_logger - INFO - Current learning rate: 0.0005
[2026-06-25 13:33:37,156][finetune_logger][INFO] - Current learning rate: 0.0005
2026-06-25 13:37:25 - finetune_logger - INFO - Validation metrics: {'MAE': 230.52102659847847, 'RMSE': 1797.9251121761934}
[2026-06-25 13:37:25,078][finetune_logger][INFO] - Validation metrics: {'MAE': 230.52102659847847, 'RMSE': 1797.9251121761934}
2026-06-25 13:37:25 - finetune_logger - INFO - Val time: 227.92s
[2026-06-25 13:37:25,078][finetune_logger][INFO] - Val time: 227.92s
2026-06-25 13:37:25 - finetune_logger - INFO - Val memory reserved: 94.00 MB
[2026-06-25 13:37:25,078][finetune_logger][INFO] - Val memory reserved: 94.00 MB
2026-06-25 13:37:25 - finetune_logger - INFO - Val memory allocated: 25.80 MB
[2026-06-25 13:37:25,079][finetune_logger][INFO] - Val memory allocated: 25.80 MB
2026-06-25 13:37:25 - finetune_logger - INFO - Logged epoch 8 info to /public/home/202411094934/python_project/Spatio-Temporal-Library/time-series/2026-06-24/fedformer/finetune20/electricity/time-series/seed_1/training_log.json
[2026-06-25 13:37:25,082][finetune_logger][INFO] - Logged epoch 8 info to /public/home/202411094934/python_project/Spatio-Temporal-Library/time-series/2026-06-24/fedformer/finetune20/electricity/time-series/seed_1/training_log.json
2026-06-25 13:37:25 - finetune_logger - INFO - New best model! Val loss: 230.521027
[2026-06-25 13:37:25,082][finetune_logger][INFO] - New best model! Val loss: 230.521027
2026-06-25 13:45:27 - finetune_logger - INFO - Test metrics: {'MAE': 287.5577984065694, 'RMSE': 2509.603324388818}
[2026-06-25 13:45:27,971][finetune_logger][INFO] - Test metrics: {'MAE': 287.5577984065694, 'RMSE': 2509.603324388818}
2026-06-25 13:45:27 - finetune_logger - INFO - Test time: 482.82s
[2026-06-25 13:45:27,971][finetune_logger][INFO] - Test time: 482.82s
2026-06-25 13:45:27 - finetune_logger - INFO - Test memory reserved: 94.00 MB
[2026-06-25 13:45:27,971][finetune_logger][INFO] - Test memory reserved: 94.00 MB
2026-06-25 13:45:27 - finetune_logger - INFO - Test memory allocated: 25.80 MB
[2026-06-25 13:45:27,972][finetune_logger][INFO] - Test memory allocated: 25.80 MB
2026-06-25 13:45:27 - finetune_logger - INFO - Epoch 9/20
[2026-06-25 13:45:27,972][finetune_logger][INFO] - Epoch 9/20
2026-06-25 15:44:54 - finetune_logger - INFO - Train loss: 219.5124601177254
[2026-06-25 15:44:54,827][finetune_logger][INFO] - Train loss: 219.5124601177254
2026-06-25 15:44:54 - finetune_logger - INFO - Train time: 7166.8546414375305s
[2026-06-25 15:44:54,827][finetune_logger][INFO] - Train time: 7166.8546414375305s
2026-06-25 15:44:54 - finetune_logger - INFO - Train memory reserved: 94.00 MB
[2026-06-25 15:44:54,828][finetune_logger][INFO] - Train memory reserved: 94.00 MB
2026-06-25 15:44:54 - finetune_logger - INFO - Train memory allocated: 25.80 MB
[2026-06-25 15:44:54,828][finetune_logger][INFO] - Train memory allocated: 25.80 MB
2026-06-25 15:44:54 - finetune_logger - INFO - Current learning rate: 0.0005
[2026-06-25 15:44:54,828][finetune_logger][INFO] - Current learning rate: 0.0005
2026-06-25 15:48:42 - finetune_logger - INFO - Validation metrics: {'MAE': 234.36029152317985, 'RMSE': 1804.950156841073}
[2026-06-25 15:48:42,835][finetune_logger][INFO] - Validation metrics: {'MAE': 234.36029152317985, 'RMSE': 1804.950156841073}
2026-06-25 15:48:42 - finetune_logger - INFO - Val time: 228.01s
[2026-06-25 15:48:42,836][finetune_logger][INFO] - Val time: 228.01s
2026-06-25 15:48:42 - finetune_logger - INFO - Val memory reserved: 94.00 MB
[2026-06-25 15:48:42,836][finetune_logger][INFO] - Val memory reserved: 94.00 MB
2026-06-25 15:48:42 - finetune_logger - INFO - Val memory allocated: 25.80 MB
[2026-06-25 15:48:42,836][finetune_logger][INFO] - Val memory allocated: 25.80 MB
2026-06-25 15:48:42 - finetune_logger - INFO - Logged epoch 9 info to /public/home/202411094934/python_project/Spatio-Temporal-Library/time-series/2026-06-24/fedformer/finetune20/electricity/time-series/seed_1/training_log.json
[2026-06-25 15:48:42,839][finetune_logger][INFO] - Logged epoch 9 info to /public/home/202411094934/python_project/Spatio-Temporal-Library/time-series/2026-06-24/fedformer/finetune20/electricity/time-series/seed_1/training_log.json
2026-06-25 15:56:43 - finetune_logger - INFO - Test metrics: {'MAE': 291.87797371460624, 'RMSE': 2533.7806246303894}
[2026-06-25 15:56:43,945][finetune_logger][INFO] - Test metrics: {'MAE': 291.87797371460624, 'RMSE': 2533.7806246303894}
2026-06-25 15:56:43 - finetune_logger - INFO - Test time: 481.11s
[2026-06-25 15:56:43,945][finetune_logger][INFO] - Test time: 481.11s
2026-06-25 15:56:43 - finetune_logger - INFO - Test memory reserved: 94.00 MB
[2026-06-25 15:56:43,946][finetune_logger][INFO] - Test memory reserved: 94.00 MB
2026-06-25 15:56:43 - finetune_logger - INFO - Test memory allocated: 25.80 MB
[2026-06-25 15:56:43,946][finetune_logger][INFO] - Test memory allocated: 25.80 MB
2026-06-25 15:56:43 - finetune_logger - INFO - Epoch 10/20
[2026-06-25 15:56:43,946][finetune_logger][INFO] - Epoch 10/20
2026-06-25 17:56:12 - finetune_logger - INFO - Train loss: 217.81977334631296
[2026-06-25 17:56:12,029][finetune_logger][INFO] - Train loss: 217.81977334631296
2026-06-25 17:56:12 - finetune_logger - INFO - Train time: 7168.081498622894s
[2026-06-25 17:56:12,029][finetune_logger][INFO] - Train time: 7168.081498622894s
2026-06-25 17:56:12 - finetune_logger - INFO - Train memory reserved: 94.00 MB
[2026-06-25 17:56:12,030][finetune_logger][INFO] - Train memory reserved: 94.00 MB
2026-06-25 17:56:12 - finetune_logger - INFO - Train memory allocated: 25.80 MB
[2026-06-25 17:56:12,030][finetune_logger][INFO] - Train memory allocated: 25.80 MB
2026-06-25 17:56:12 - finetune_logger - INFO - Current learning rate: 0.0005
[2026-06-25 17:56:12,030][finetune_logger][INFO] - Current learning rate: 0.0005
2026-06-25 18:00:01 - finetune_logger - INFO - Validation metrics: {'MAE': 244.76275573730476, 'RMSE': 1941.8730040604462}
[2026-06-25 18:00:01,187][finetune_logger][INFO] - Validation metrics: {'MAE': 244.76275573730476, 'RMSE': 1941.8730040604462}
2026-06-25 18:00:01 - finetune_logger - INFO - Val time: 229.16s
[2026-06-25 18:00:01,187][finetune_logger][INFO] - Val time: 229.16s
2026-06-25 18:00:01 - finetune_logger - INFO - Val memory reserved: 94.00 MB
[2026-06-25 18:00:01,188][finetune_logger][INFO] - Val memory reserved: 94.00 MB
2026-06-25 18:00:01 - finetune_logger - INFO - Val memory allocated: 25.80 MB
[2026-06-25 18:00:01,188][finetune_logger][INFO] - Val memory allocated: 25.80 MB
2026-06-25 18:00:01 - finetune_logger - INFO - Logged epoch 10 info to /public/home/202411094934/python_project/Spatio-Temporal-Library/time-series/2026-06-24/fedformer/finetune20/electricity/time-series/seed_1/training_log.json
[2026-06-25 18:00:01,191][finetune_logger][INFO] - Logged epoch 10 info to /public/home/202411094934/python_project/Spatio-Temporal-Library/time-series/2026-06-24/fedformer/finetune20/electricity/time-series/seed_1/training_log.json
2026-06-25 18:08:02 - finetune_logger - INFO - Test metrics: {'MAE': 299.46454474538774, 'RMSE': 2619.4447941582835}
[2026-06-25 18:08:02,493][finetune_logger][INFO] - Test metrics: {'MAE': 299.46454474538774, 'RMSE': 2619.4447941582835}
2026-06-25 18:08:02 - finetune_logger - INFO - Test time: 481.27s
[2026-06-25 18:08:02,493][finetune_logger][INFO] - Test time: 481.27s
2026-06-25 18:08:02 - finetune_logger - INFO - Test memory reserved: 94.00 MB
[2026-06-25 18:08:02,493][finetune_logger][INFO] - Test memory reserved: 94.00 MB
2026-06-25 18:08:02 - finetune_logger - INFO - Test memory allocated: 25.80 MB
[2026-06-25 18:08:02,493][finetune_logger][INFO] - Test memory allocated: 25.80 MB
2026-06-25 18:08:02 - finetune_logger - INFO - Epoch 11/20
[2026-06-25 18:08:02,493][finetune_logger][INFO] - Epoch 11/20
2026-06-25 20:07:03 - finetune_logger - INFO - Train loss: 212.54648561808904
[2026-06-25 20:07:03,970][finetune_logger][INFO] - Train loss: 212.54648561808904
2026-06-25 20:07:03 - finetune_logger - INFO - Train time: 7141.474844694138s
[2026-06-25 20:07:03,970][finetune_logger][INFO] - Train time: 7141.474844694138s
2026-06-25 20:07:03 - finetune_logger - INFO - Train memory reserved: 94.00 MB
[2026-06-25 20:07:03,970][finetune_logger][INFO] - Train memory reserved: 94.00 MB
2026-06-25 20:07:03 - finetune_logger - INFO - Train memory allocated: 25.80 MB
[2026-06-25 20:07:03,970][finetune_logger][INFO] - Train memory allocated: 25.80 MB
2026-06-25 20:07:03 - finetune_logger - INFO - Current learning rate: 0.00025
[2026-06-25 20:07:03,971][finetune_logger][INFO] - Current learning rate: 0.00025
2026-06-25 20:10:53 - finetune_logger - INFO - Validation metrics: {'MAE': 238.85236835038066, 'RMSE': 1838.2790836502786}
[2026-06-25 20:10:53,202][finetune_logger][INFO] - Validation metrics: {'MAE': 238.85236835038066, 'RMSE': 1838.2790836502786}
2026-06-25 20:10:53 - finetune_logger - INFO - Val time: 229.23s
[2026-06-25 20:10:53,202][finetune_logger][INFO] - Val time: 229.23s
2026-06-25 20:10:53 - finetune_logger - INFO - Val memory reserved: 94.00 MB
[2026-06-25 20:10:53,202][finetune_logger][INFO] - Val memory reserved: 94.00 MB
2026-06-25 20:10:53 - finetune_logger - INFO - Val memory allocated: 25.80 MB
[2026-06-25 20:10:53,202][finetune_logger][INFO] - Val memory allocated: 25.80 MB
2026-06-25 20:10:53 - finetune_logger - INFO - Logged epoch 11 info to /public/home/202411094934/python_project/Spatio-Temporal-Library/time-series/2026-06-24/fedformer/finetune20/electricity/time-series/seed_1/training_log.json
[2026-06-25 20:10:53,206][finetune_logger][INFO] - Logged epoch 11 info to /public/home/202411094934/python_project/Spatio-Temporal-Library/time-series/2026-06-24/fedformer/finetune20/electricity/time-series/seed_1/training_log.json
2026-06-25 20:18:55 - finetune_logger - INFO - Test metrics: {'MAE': 294.6444570070147, 'RMSE': 2548.4654275639887}
[2026-06-25 20:18:55,092][finetune_logger][INFO] - Test metrics: {'MAE': 294.6444570070147, 'RMSE': 2548.4654275639887}
2026-06-25 20:18:55 - finetune_logger - INFO - Test time: 481.89s
[2026-06-25 20:18:55,093][finetune_logger][INFO] - Test time: 481.89s
2026-06-25 20:18:55 - finetune_logger - INFO - Test memory reserved: 94.00 MB
[2026-06-25 20:18:55,093][finetune_logger][INFO] - Test memory reserved: 94.00 MB
2026-06-25 20:18:55 - finetune_logger - INFO - Test memory allocated: 25.80 MB
[2026-06-25 20:18:55,093][finetune_logger][INFO] - Test memory allocated: 25.80 MB
2026-06-25 20:18:55 - finetune_logger - INFO - Epoch 12/20
[2026-06-25 20:18:55,093][finetune_logger][INFO] - Epoch 12/20
2026-06-25 22:18:18 - finetune_logger - INFO - Train loss: 210.7143821323421
[2026-06-25 22:18:18,217][finetune_logger][INFO] - Train loss: 210.7143821323421
2026-06-25 22:18:18 - finetune_logger - INFO - Train time: 7163.123430967331s
[2026-06-25 22:18:18,218][finetune_logger][INFO] - Train time: 7163.123430967331s
2026-06-25 22:18:18 - finetune_logger - INFO - Train memory reserved: 94.00 MB
[2026-06-25 22:18:18,218][finetune_logger][INFO] - Train memory reserved: 94.00 MB
2026-06-25 22:18:18 - finetune_logger - INFO - Train memory allocated: 25.80 MB
[2026-06-25 22:18:18,218][finetune_logger][INFO] - Train memory allocated: 25.80 MB
2026-06-25 22:18:18 - finetune_logger - INFO - Current learning rate: 0.00025
[2026-06-25 22:18:18,218][finetune_logger][INFO] - Current learning rate: 0.00025
2026-06-25 22:22:07 - finetune_logger - INFO - Validation metrics: {'MAE': 235.71006267989293, 'RMSE': 1819.5100969109762}
[2026-06-25 22:22:07,401][finetune_logger][INFO] - Validation metrics: {'MAE': 235.71006267989293, 'RMSE': 1819.5100969109762}
2026-06-25 22:22:07 - finetune_logger - INFO - Val time: 229.18s
[2026-06-25 22:22:07,401][finetune_logger][INFO] - Val time: 229.18s
2026-06-25 22:22:07 - finetune_logger - INFO - Val memory reserved: 94.00 MB
[2026-06-25 22:22:07,401][finetune_logger][INFO] - Val memory reserved: 94.00 MB
2026-06-25 22:22:07 - finetune_logger - INFO - Val memory allocated: 25.80 MB
[2026-06-25 22:22:07,401][finetune_logger][INFO] - Val memory allocated: 25.80 MB
2026-06-25 22:22:07 - finetune_logger - INFO - Logged epoch 12 info to /public/home/202411094934/python_project/Spatio-Temporal-Library/time-series/2026-06-24/fedformer/finetune20/electricity/time-series/seed_1/training_log.json
[2026-06-25 22:22:07,404][finetune_logger][INFO] - Logged epoch 12 info to /public/home/202411094934/python_project/Spatio-Temporal-Library/time-series/2026-06-24/fedformer/finetune20/electricity/time-series/seed_1/training_log.json
2026-06-25 22:30:09 - finetune_logger - INFO - Test metrics: {'MAE': 292.2511098292941, 'RMSE': 2534.6709006316773}
[2026-06-25 22:30:09,336][finetune_logger][INFO] - Test metrics: {'MAE': 292.2511098292941, 'RMSE': 2534.6709006316773}
2026-06-25 22:30:09 - finetune_logger - INFO - Test time: 481.93s
[2026-06-25 22:30:09,336][finetune_logger][INFO] - Test time: 481.93s
2026-06-25 22:30:09 - finetune_logger - INFO - Test memory reserved: 94.00 MB
[2026-06-25 22:30:09,337][finetune_logger][INFO] - Test memory reserved: 94.00 MB
2026-06-25 22:30:09 - finetune_logger - INFO - Test memory allocated: 25.80 MB
[2026-06-25 22:30:09,337][finetune_logger][INFO] - Test memory allocated: 25.80 MB
2026-06-25 22:30:09 - finetune_logger - INFO - Epoch 13/20
[2026-06-25 22:30:09,337][finetune_logger][INFO] - Epoch 13/20
2026-06-26 00:27:07 - finetune_logger - INFO - Train loss: 209.52115097167447
[2026-06-26 00:27:07,813][finetune_logger][INFO] - Train loss: 209.52115097167447
2026-06-26 00:27:07 - finetune_logger - INFO - Train time: 7018.474910259247s
[2026-06-26 00:27:07,814][finetune_logger][INFO] - Train time: 7018.474910259247s
2026-06-26 00:27:07 - finetune_logger - INFO - Train memory reserved: 94.00 MB
[2026-06-26 00:27:07,814][finetune_logger][INFO] - Train memory reserved: 94.00 MB
2026-06-26 00:27:07 - finetune_logger - INFO - Train memory allocated: 25.80 MB
[2026-06-26 00:27:07,814][finetune_logger][INFO] - Train memory allocated: 25.80 MB
2026-06-26 00:27:07 - finetune_logger - INFO - Current learning rate: 0.00025
[2026-06-26 00:27:07,814][finetune_logger][INFO] - Current learning rate: 0.00025
2026-06-26 00:30:56 - finetune_logger - INFO - Validation metrics: {'MAE': 239.1130293868219, 'RMSE': 1886.523044664883}
[2026-06-26 00:30:56,907][finetune_logger][INFO] - Validation metrics: {'MAE': 239.1130293868219, 'RMSE': 1886.523044664883}
2026-06-26 00:30:56 - finetune_logger - INFO - Val time: 229.09s
[2026-06-26 00:30:56,908][finetune_logger][INFO] - Val time: 229.09s
2026-06-26 00:30:56 - finetune_logger - INFO - Val memory reserved: 94.00 MB
[2026-06-26 00:30:56,908][finetune_logger][INFO] - Val memory reserved: 94.00 MB
2026-06-26 00:30:56 - finetune_logger - INFO - Val memory allocated: 25.80 MB
[2026-06-26 00:30:56,908][finetune_logger][INFO] - Val memory allocated: 25.80 MB
2026-06-26 00:30:56 - finetune_logger - INFO - Logged epoch 13 info to /public/home/202411094934/python_project/Spatio-Temporal-Library/time-series/2026-06-24/fedformer/finetune20/electricity/time-series/seed_1/training_log.json
[2026-06-26 00:30:56,911][finetune_logger][INFO] - Logged epoch 13 info to /public/home/202411094934/python_project/Spatio-Temporal-Library/time-series/2026-06-24/fedformer/finetune20/electricity/time-series/seed_1/training_log.json
2026-06-26 00:38:59 - finetune_logger - INFO - Test metrics: {'MAE': 296.7596019290028, 'RMSE': 2619.449227222005}
[2026-06-26 00:38:59,005][finetune_logger][INFO] - Test metrics: {'MAE': 296.7596019290028, 'RMSE': 2619.449227222005}
2026-06-26 00:38:59 - finetune_logger - INFO - Test time: 482.09s
[2026-06-26 00:38:59,005][finetune_logger][INFO] - Test time: 482.09s
2026-06-26 00:38:59 - finetune_logger - INFO - Test memory reserved: 94.00 MB
[2026-06-26 00:38:59,005][finetune_logger][INFO] - Test memory reserved: 94.00 MB
2026-06-26 00:38:59 - finetune_logger - INFO - Test memory allocated: 25.80 MB
[2026-06-26 00:38:59,005][finetune_logger][INFO] - Test memory allocated: 25.80 MB
2026-06-26 00:38:59 - finetune_logger - INFO - Epoch 14/20
[2026-06-26 00:38:59,005][finetune_logger][INFO] - Epoch 14/20
2026-06-26 02:38:23 - finetune_logger - INFO - Train loss: 209.11568142213807
[2026-06-26 02:38:23,368][finetune_logger][INFO] - Train loss: 209.11568142213807
2026-06-26 02:38:23 - finetune_logger - INFO - Train time: 7164.361727952957s
[2026-06-26 02:38:23,369][finetune_logger][INFO] - Train time: 7164.361727952957s
2026-06-26 02:38:23 - finetune_logger - INFO - Train memory reserved: 94.00 MB
[2026-06-26 02:38:23,369][finetune_logger][INFO] - Train memory reserved: 94.00 MB
2026-06-26 02:38:23 - finetune_logger - INFO - Train memory allocated: 25.80 MB
[2026-06-26 02:38:23,369][finetune_logger][INFO] - Train memory allocated: 25.80 MB
2026-06-26 02:38:23 - finetune_logger - INFO - Current learning rate: 0.00025
[2026-06-26 02:38:23,369][finetune_logger][INFO] - Current learning rate: 0.00025
2026-06-26 02:42:12 - finetune_logger - INFO - Validation metrics: {'MAE': 235.666212126079, 'RMSE': 1819.523505499589}
[2026-06-26 02:42:12,145][finetune_logger][INFO] - Validation metrics: {'MAE': 235.666212126079, 'RMSE': 1819.523505499589}
2026-06-26 02:42:12 - finetune_logger - INFO - Val time: 228.78s
[2026-06-26 02:42:12,146][finetune_logger][INFO] - Val time: 228.78s
2026-06-26 02:42:12 - finetune_logger - INFO - Val memory reserved: 94.00 MB
[2026-06-26 02:42:12,146][finetune_logger][INFO] - Val memory reserved: 94.00 MB
2026-06-26 02:42:12 - finetune_logger - INFO - Val memory allocated: 25.80 MB
[2026-06-26 02:42:12,146][finetune_logger][INFO] - Val memory allocated: 25.80 MB
2026-06-26 02:42:12 - finetune_logger - INFO - Logged epoch 14 info to /public/home/202411094934/python_project/Spatio-Temporal-Library/time-series/2026-06-24/fedformer/finetune20/electricity/time-series/seed_1/training_log.json
[2026-06-26 02:42:12,151][finetune_logger][INFO] - Logged epoch 14 info to /public/home/202411094934/python_project/Spatio-Temporal-Library/time-series/2026-06-24/fedformer/finetune20/electricity/time-series/seed_1/training_log.json
2026-06-26 02:50:11 - finetune_logger - INFO - Test metrics: {'MAE': 293.24126431735635, 'RMSE': 2595.103369199123}
[2026-06-26 02:50:11,991][finetune_logger][INFO] - Test metrics: {'MAE': 293.24126431735635, 'RMSE': 2595.103369199123}
2026-06-26 02:50:11 - finetune_logger - INFO - Test time: 479.84s
[2026-06-26 02:50:11,992][finetune_logger][INFO] - Test time: 479.84s
2026-06-26 02:50:11 - finetune_logger - INFO - Test memory reserved: 94.00 MB
[2026-06-26 02:50:11,992][finetune_logger][INFO] - Test memory reserved: 94.00 MB
2026-06-26 02:50:11 - finetune_logger - INFO - Test memory allocated: 25.80 MB
[2026-06-26 02:50:11,992][finetune_logger][INFO] - Test memory allocated: 25.80 MB
2026-06-26 02:50:11 - finetune_logger - INFO - Epoch 15/20
[2026-06-26 02:50:11,992][finetune_logger][INFO] - Epoch 15/20
2026-06-26 04:49:20 - finetune_logger - INFO - Train loss: 208.2657954182438
[2026-06-26 04:49:20,725][finetune_logger][INFO] - Train loss: 208.2657954182438
2026-06-26 04:49:20 - finetune_logger - INFO - Train time: 7148.731325149536s
[2026-06-26 04:49:20,725][finetune_logger][INFO] - Train time: 7148.731325149536s
2026-06-26 04:49:20 - finetune_logger - INFO - Train memory reserved: 94.00 MB
[2026-06-26 04:49:20,725][finetune_logger][INFO] - Train memory reserved: 94.00 MB
2026-06-26 04:49:20 - finetune_logger - INFO - Train memory allocated: 25.80 MB
[2026-06-26 04:49:20,726][finetune_logger][INFO] - Train memory allocated: 25.80 MB
2026-06-26 04:49:20 - finetune_logger - INFO - Current learning rate: 0.00025
[2026-06-26 04:49:20,726][finetune_logger][INFO] - Current learning rate: 0.00025
2026-06-26 04:53:09 - finetune_logger - INFO - Validation metrics: {'MAE': 239.37310178736666, 'RMSE': 1858.6548088764391}
[2026-06-26 04:53:09,178][finetune_logger][INFO] - Validation metrics: {'MAE': 239.37310178736666, 'RMSE': 1858.6548088764391}
2026-06-26 04:53:09 - finetune_logger - INFO - Val time: 228.45s
[2026-06-26 04:53:09,178][finetune_logger][INFO] - Val time: 228.45s
2026-06-26 04:53:09 - finetune_logger - INFO - Val memory reserved: 94.00 MB
[2026-06-26 04:53:09,178][finetune_logger][INFO] - Val memory reserved: 94.00 MB
2026-06-26 04:53:09 - finetune_logger - INFO - Val memory allocated: 25.80 MB
[2026-06-26 04:53:09,178][finetune_logger][INFO] - Val memory allocated: 25.80 MB
2026-06-26 04:53:09 - finetune_logger - INFO - Logged epoch 15 info to /public/home/202411094934/python_project/Spatio-Temporal-Library/time-series/2026-06-24/fedformer/finetune20/electricity/time-series/seed_1/training_log.json
[2026-06-26 04:53:09,183][finetune_logger][INFO] - Logged epoch 15 info to /public/home/202411094934/python_project/Spatio-Temporal-Library/time-series/2026-06-24/fedformer/finetune20/electricity/time-series/seed_1/training_log.json
2026-06-26 05:01:10 - finetune_logger - INFO - Test metrics: {'MAE': 297.4056792414433, 'RMSE': 2611.2096856393205}
[2026-06-26 05:01:10,266][finetune_logger][INFO] - Test metrics: {'MAE': 297.4056792414433, 'RMSE': 2611.2096856393205}
2026-06-26 05:01:10 - finetune_logger - INFO - Test time: 481.08s
[2026-06-26 05:01:10,266][finetune_logger][INFO] - Test time: 481.08s
2026-06-26 05:01:10 - finetune_logger - INFO - Test memory reserved: 94.00 MB
[2026-06-26 05:01:10,266][finetune_logger][INFO] - Test memory reserved: 94.00 MB
2026-06-26 05:01:10 - finetune_logger - INFO - Test memory allocated: 25.80 MB
[2026-06-26 05:01:10,266][finetune_logger][INFO] - Test memory allocated: 25.80 MB
2026-06-26 05:01:10 - finetune_logger - INFO - Epoch 16/20
[2026-06-26 05:01:10,266][finetune_logger][INFO] - Epoch 16/20
2026-06-26 06:58:10 - finetune_logger - INFO - Train loss: 207.70438389001367
[2026-06-26 06:58:10,622][finetune_logger][INFO] - Train loss: 207.70438389001367
2026-06-26 06:58:10 - finetune_logger - INFO - Train time: 7020.354134082794s
[2026-06-26 06:58:10,622][finetune_logger][INFO] - Train time: 7020.354134082794s
2026-06-26 06:58:10 - finetune_logger - INFO - Train memory reserved: 94.00 MB
[2026-06-26 06:58:10,623][finetune_logger][INFO] - Train memory reserved: 94.00 MB
2026-06-26 06:58:10 - finetune_logger - INFO - Train memory allocated: 25.80 MB
[2026-06-26 06:58:10,623][finetune_logger][INFO] - Train memory allocated: 25.80 MB
2026-06-26 06:58:10 - finetune_logger - INFO - Current learning rate: 0.00025
[2026-06-26 06:58:10,623][finetune_logger][INFO] - Current learning rate: 0.00025
2026-06-26 07:01:59 - finetune_logger - INFO - Validation metrics: {'MAE': 238.04236287006535, 'RMSE': 1845.0263083367545}
[2026-06-26 07:01:59,106][finetune_logger][INFO] - Validation metrics: {'MAE': 238.04236287006535, 'RMSE': 1845.0263083367545}
2026-06-26 07:01:59 - finetune_logger - INFO - Val time: 228.48s
[2026-06-26 07:01:59,106][finetune_logger][INFO] - Val time: 228.48s
2026-06-26 07:01:59 - finetune_logger - INFO - Val memory reserved: 94.00 MB
[2026-06-26 07:01:59,107][finetune_logger][INFO] - Val memory reserved: 94.00 MB
2026-06-26 07:01:59 - finetune_logger - INFO - Val memory allocated: 25.80 MB
[2026-06-26 07:01:59,107][finetune_logger][INFO] - Val memory allocated: 25.80 MB
2026-06-26 07:01:59 - finetune_logger - INFO - Logged epoch 16 info to /public/home/202411094934/python_project/Spatio-Temporal-Library/time-series/2026-06-24/fedformer/finetune20/electricity/time-series/seed_1/training_log.json
[2026-06-26 07:01:59,111][finetune_logger][INFO] - Logged epoch 16 info to /public/home/202411094934/python_project/Spatio-Temporal-Library/time-series/2026-06-24/fedformer/finetune20/electricity/time-series/seed_1/training_log.json
2026-06-26 07:09:59 - finetune_logger - INFO - Test metrics: {'MAE': 297.2662212965305, 'RMSE': 2622.60363419678}
[2026-06-26 07:09:59,249][finetune_logger][INFO] - Test metrics: {'MAE': 297.2662212965305, 'RMSE': 2622.60363419678}
2026-06-26 07:09:59 - finetune_logger - INFO - Test time: 480.14s
[2026-06-26 07:09:59,250][finetune_logger][INFO] - Test time: 480.14s
2026-06-26 07:09:59 - finetune_logger - INFO - Test memory reserved: 94.00 MB
[2026-06-26 07:09:59,250][finetune_logger][INFO] - Test memory reserved: 94.00 MB
2026-06-26 07:09:59 - finetune_logger - INFO - Test memory allocated: 25.80 MB
[2026-06-26 07:09:59,250][finetune_logger][INFO] - Test memory allocated: 25.80 MB
2026-06-26 07:09:59 - finetune_logger - INFO - Epoch 17/20
[2026-06-26 07:09:59,250][finetune_logger][INFO] - Epoch 17/20
2026-06-26 09:06:55 - finetune_logger - INFO - Train loss: 206.71616256922968
[2026-06-26 09:06:55,194][finetune_logger][INFO] - Train loss: 206.71616256922968
2026-06-26 09:06:55 - finetune_logger - INFO - Train time: 7015.942281484604s
[2026-06-26 09:06:55,195][finetune_logger][INFO] - Train time: 7015.942281484604s
2026-06-26 09:06:55 - finetune_logger - INFO - Train memory reserved: 94.00 MB
[2026-06-26 09:06:55,195][finetune_logger][INFO] - Train memory reserved: 94.00 MB
2026-06-26 09:06:55 - finetune_logger - INFO - Train memory allocated: 25.80 MB
[2026-06-26 09:06:55,196][finetune_logger][INFO] - Train memory allocated: 25.80 MB
2026-06-26 09:06:55 - finetune_logger - INFO - Current learning rate: 0.00025
[2026-06-26 09:06:55,196][finetune_logger][INFO] - Current learning rate: 0.00025
2026-06-26 09:10:43 - finetune_logger - INFO - Validation metrics: {'MAE': 241.4483290694386, 'RMSE': 1864.118486867797}
[2026-06-26 09:10:43,413][finetune_logger][INFO] - Validation metrics: {'MAE': 241.4483290694386, 'RMSE': 1864.118486867797}
2026-06-26 09:10:43 - finetune_logger - INFO - Val time: 228.22s
[2026-06-26 09:10:43,413][finetune_logger][INFO] - Val time: 228.22s
2026-06-26 09:10:43 - finetune_logger - INFO - Val memory reserved: 94.00 MB
[2026-06-26 09:10:43,413][finetune_logger][INFO] - Val memory reserved: 94.00 MB
2026-06-26 09:10:43 - finetune_logger - INFO - Val memory allocated: 25.80 MB
[2026-06-26 09:10:43,413][finetune_logger][INFO] - Val memory allocated: 25.80 MB
2026-06-26 09:10:43 - finetune_logger - INFO - Logged epoch 17 info to /public/home/202411094934/python_project/Spatio-Temporal-Library/time-series/2026-06-24/fedformer/finetune20/electricity/time-series/seed_1/training_log.json
[2026-06-26 09:10:43,417][finetune_logger][INFO] - Logged epoch 17 info to /public/home/202411094934/python_project/Spatio-Temporal-Library/time-series/2026-06-24/fedformer/finetune20/electricity/time-series/seed_1/training_log.json
2026-06-26 09:18:45 - finetune_logger - INFO - Test metrics: {'MAE': 298.6382062487997, 'RMSE': 2624.0283425713587}
[2026-06-26 09:18:45,322][finetune_logger][INFO] - Test metrics: {'MAE': 298.6382062487997, 'RMSE': 2624.0283425713587}
2026-06-26 09:18:45 - finetune_logger - INFO - Test time: 481.90s
[2026-06-26 09:18:45,322][finetune_logger][INFO] - Test time: 481.90s
2026-06-26 09:18:45 - finetune_logger - INFO - Test memory reserved: 94.00 MB
[2026-06-26 09:18:45,322][finetune_logger][INFO] - Test memory reserved: 94.00 MB
2026-06-26 09:18:45 - finetune_logger - INFO - Test memory allocated: 25.80 MB
[2026-06-26 09:18:45,322][finetune_logger][INFO] - Test memory allocated: 25.80 MB
2026-06-26 09:18:45 - finetune_logger - INFO - Epoch 18/20
[2026-06-26 09:18:45,322][finetune_logger][INFO] - Epoch 18/20
2026-06-26 11:15:49 - finetune_logger - INFO - Train loss: 205.96397392422864
[2026-06-26 11:15:49,385][finetune_logger][INFO] - Train loss: 205.96397392422864
2026-06-26 11:15:49 - finetune_logger - INFO - Train time: 7024.061095952988s
[2026-06-26 11:15:49,385][finetune_logger][INFO] - Train time: 7024.061095952988s
2026-06-26 11:15:49 - finetune_logger - INFO - Train memory reserved: 94.00 MB
[2026-06-26 11:15:49,386][finetune_logger][INFO] - Train memory reserved: 94.00 MB
2026-06-26 11:15:49 - finetune_logger - INFO - Train memory allocated: 25.80 MB
[2026-06-26 11:15:49,386][finetune_logger][INFO] - Train memory allocated: 25.80 MB
2026-06-26 11:15:49 - finetune_logger - INFO - Current learning rate: 0.00025
[2026-06-26 11:15:49,386][finetune_logger][INFO] - Current learning rate: 0.00025
2026-06-26 11:19:36 - finetune_logger - INFO - Validation metrics: {'MAE': 233.27489145379326, 'RMSE': 1780.2393416940804}
[2026-06-26 11:19:36,984][finetune_logger][INFO] - Validation metrics: {'MAE': 233.27489145379326, 'RMSE': 1780.2393416940804}
2026-06-26 11:19:36 - finetune_logger - INFO - Val time: 227.60s
[2026-06-26 11:19:36,985][finetune_logger][INFO] - Val time: 227.60s
2026-06-26 11:19:36 - finetune_logger - INFO - Val memory reserved: 94.00 MB
[2026-06-26 11:19:36,985][finetune_logger][INFO] - Val memory reserved: 94.00 MB
2026-06-26 11:19:36 - finetune_logger - INFO - Val memory allocated: 25.80 MB
[2026-06-26 11:19:36,985][finetune_logger][INFO] - Val memory allocated: 25.80 MB
2026-06-26 11:19:36 - finetune_logger - INFO - Logged epoch 18 info to /public/home/202411094934/python_project/Spatio-Temporal-Library/time-series/2026-06-24/fedformer/finetune20/electricity/time-series/seed_1/training_log.json
[2026-06-26 11:19:36,988][finetune_logger][INFO] - Logged epoch 18 info to /public/home/202411094934/python_project/Spatio-Temporal-Library/time-series/2026-06-24/fedformer/finetune20/electricity/time-series/seed_1/training_log.json
2026-06-26 11:27:38 - finetune_logger - INFO - Test metrics: {'MAE': 294.28805278079284, 'RMSE': 2583.2415645561928}
[2026-06-26 11:27:38,562][finetune_logger][INFO] - Test metrics: {'MAE': 294.28805278079284, 'RMSE': 2583.2415645561928}
2026-06-26 11:27:38 - finetune_logger - INFO - Test time: 481.57s
[2026-06-26 11:27:38,562][finetune_logger][INFO] - Test time: 481.57s
2026-06-26 11:27:38 - finetune_logger - INFO - Test memory reserved: 94.00 MB
[2026-06-26 11:27:38,562][finetune_logger][INFO] - Test memory reserved: 94.00 MB
2026-06-26 11:27:38 - finetune_logger - INFO - Test memory allocated: 25.80 MB
[2026-06-26 11:27:38,563][finetune_logger][INFO] - Test memory allocated: 25.80 MB
2026-06-26 11:27:38 - finetune_logger - INFO - Epoch 19/20
[2026-06-26 11:27:38,563][finetune_logger][INFO] - Epoch 19/20
2026-06-26 13:24:59 - finetune_logger - INFO - Train loss: 205.44108367329977
[2026-06-26 13:24:59,546][finetune_logger][INFO] - Train loss: 205.44108367329977
2026-06-26 13:24:59 - finetune_logger - INFO - Train time: 7040.982216119766s
[2026-06-26 13:24:59,546][finetune_logger][INFO] - Train time: 7040.982216119766s
2026-06-26 13:24:59 - finetune_logger - INFO - Train memory reserved: 94.00 MB
[2026-06-26 13:24:59,546][finetune_logger][INFO] - Train memory reserved: 94.00 MB
2026-06-26 13:24:59 - finetune_logger - INFO - Train memory allocated: 25.80 MB
[2026-06-26 13:24:59,546][finetune_logger][INFO] - Train memory allocated: 25.80 MB
2026-06-26 13:24:59 - finetune_logger - INFO - Current learning rate: 0.00025
[2026-06-26 13:24:59,546][finetune_logger][INFO] - Current learning rate: 0.00025
2026-06-26 13:28:48 - finetune_logger - INFO - Validation metrics: {'MAE': 234.8302101151312, 'RMSE': 1787.0778102641839}
[2026-06-26 13:28:48,264][finetune_logger][INFO] - Validation metrics: {'MAE': 234.8302101151312, 'RMSE': 1787.0778102641839}
2026-06-26 13:28:48 - finetune_logger - INFO - Val time: 228.72s
[2026-06-26 13:28:48,265][finetune_logger][INFO] - Val time: 228.72s
2026-06-26 13:28:48 - finetune_logger - INFO - Val memory reserved: 94.00 MB
[2026-06-26 13:28:48,265][finetune_logger][INFO] - Val memory reserved: 94.00 MB
2026-06-26 13:28:48 - finetune_logger - INFO - Val memory allocated: 25.80 MB
[2026-06-26 13:28:48,265][finetune_logger][INFO] - Val memory allocated: 25.80 MB
2026-06-26 13:28:48 - finetune_logger - INFO - Logged epoch 19 info to /public/home/202411094934/python_project/Spatio-Temporal-Library/time-series/2026-06-24/fedformer/finetune20/electricity/time-series/seed_1/training_log.json
[2026-06-26 13:28:48,270][finetune_logger][INFO] - Logged epoch 19 info to /public/home/202411094934/python_project/Spatio-Temporal-Library/time-series/2026-06-24/fedformer/finetune20/electricity/time-series/seed_1/training_log.json
2026-06-26 13:36:50 - finetune_logger - INFO - Test metrics: {'MAE': 298.06992873551013, 'RMSE': 2619.3383316701224}
[2026-06-26 13:36:50,059][finetune_logger][INFO] - Test metrics: {'MAE': 298.06992873551013, 'RMSE': 2619.3383316701224}
2026-06-26 13:36:50 - finetune_logger - INFO - Test time: 481.79s
[2026-06-26 13:36:50,059][finetune_logger][INFO] - Test time: 481.79s
2026-06-26 13:36:50 - finetune_logger - INFO - Test memory reserved: 94.00 MB
[2026-06-26 13:36:50,059][finetune_logger][INFO] - Test memory reserved: 94.00 MB
2026-06-26 13:36:50 - finetune_logger - INFO - Test memory allocated: 25.80 MB
[2026-06-26 13:36:50,059][finetune_logger][INFO] - Test memory allocated: 25.80 MB
2026-06-26 13:36:50 - finetune_logger - INFO - Epoch 20/20
[2026-06-26 13:36:50,060][finetune_logger][INFO] - Epoch 20/20
2026-06-26 15:34:06 - finetune_logger - INFO - Train loss: 204.66422485058962
[2026-06-26 15:34:06,923][finetune_logger][INFO] - Train loss: 204.66422485058962
2026-06-26 15:34:06 - finetune_logger - INFO - Train time: 7036.862770795822s
[2026-06-26 15:34:06,923][finetune_logger][INFO] - Train time: 7036.862770795822s
2026-06-26 15:34:06 - finetune_logger - INFO - Train memory reserved: 94.00 MB
[2026-06-26 15:34:06,924][finetune_logger][INFO] - Train memory reserved: 94.00 MB
2026-06-26 15:34:06 - finetune_logger - INFO - Train memory allocated: 25.80 MB
[2026-06-26 15:34:06,924][finetune_logger][INFO] - Train memory allocated: 25.80 MB
2026-06-26 15:34:06 - finetune_logger - INFO - Current learning rate: 0.00025
[2026-06-26 15:34:06,924][finetune_logger][INFO] - Current learning rate: 0.00025
2026-06-26 15:37:55 - finetune_logger - INFO - Validation metrics: {'MAE': 237.43159222090804, 'RMSE': 1786.5584253443678}
[2026-06-26 15:37:55,245][finetune_logger][INFO] - Validation metrics: {'MAE': 237.43159222090804, 'RMSE': 1786.5584253443678}
2026-06-26 15:37:55 - finetune_logger - INFO - Val time: 228.32s
[2026-06-26 15:37:55,245][finetune_logger][INFO] - Val time: 228.32s
2026-06-26 15:37:55 - finetune_logger - INFO - Val memory reserved: 94.00 MB
[2026-06-26 15:37:55,245][finetune_logger][INFO] - Val memory reserved: 94.00 MB
2026-06-26 15:37:55 - finetune_logger - INFO - Val memory allocated: 25.80 MB
[2026-06-26 15:37:55,246][finetune_logger][INFO] - Val memory allocated: 25.80 MB
2026-06-26 15:37:55 - finetune_logger - INFO - Logged epoch 20 info to /public/home/202411094934/python_project/Spatio-Temporal-Library/time-series/2026-06-24/fedformer/finetune20/electricity/time-series/seed_1/training_log.json
[2026-06-26 15:37:55,249][finetune_logger][INFO] - Logged epoch 20 info to /public/home/202411094934/python_project/Spatio-Temporal-Library/time-series/2026-06-24/fedformer/finetune20/electricity/time-series/seed_1/training_log.json
2026-06-26 15:45:55 - finetune_logger - INFO - Test metrics: {'MAE': 297.65592600900834, 'RMSE': 2601.440740848555}
[2026-06-26 15:45:55,748][finetune_logger][INFO] - Test metrics: {'MAE': 297.65592600900834, 'RMSE': 2601.440740848555}
2026-06-26 15:45:55 - finetune_logger - INFO - Test time: 480.47s
[2026-06-26 15:45:55,749][finetune_logger][INFO] - Test time: 480.47s
2026-06-26 15:45:55 - finetune_logger - INFO - Test memory reserved: 94.00 MB
[2026-06-26 15:45:55,749][finetune_logger][INFO] - Test memory reserved: 94.00 MB
2026-06-26 15:45:55 - finetune_logger - INFO - Test memory allocated: 25.80 MB
[2026-06-26 15:45:55,749][finetune_logger][INFO] - Test memory allocated: 25.80 MB
2026-06-26 15:45:55 - finetune_logger - INFO - Training completed. Best epoch: 8, Best val loss: 230.521027
[2026-06-26 15:45:55,749][finetune_logger][INFO] - Training completed. Best epoch: 8, Best val loss: 230.521027
2026-06-26 15:45:55 - finetune_logger - INFO - Loaded checkpoint from epoch 8
[2026-06-26 15:45:55,791][finetune_logger][INFO] - Loaded checkpoint from epoch 8
2026-06-26 15:45:55 - finetune_logger - INFO - Evaluating best model on test sets...
[2026-06-26 15:45:55,792][finetune_logger][INFO] - Evaluating best model on test sets...
2026-06-26 15:53:54 - finetune_logger - INFO - Test metrics: {'MAE': 287.5577984065694, 'RMSE': 2509.603324388818}
[2026-06-26 15:53:54,194][finetune_logger][INFO] - Test metrics: {'MAE': 287.5577984065694, 'RMSE': 2509.603324388818}
2026-06-26 15:53:54 - finetune_logger - INFO - Test time: 478.40s
[2026-06-26 15:53:54,194][finetune_logger][INFO] - Test time: 478.40s
2026-06-26 15:53:54 - finetune_logger - INFO - Test memory reserved: 94.00 MB
[2026-06-26 15:53:54,194][finetune_logger][INFO] - Test memory reserved: 94.00 MB
2026-06-26 15:53:54 - finetune_logger - INFO - Test memory allocated: 25.83 MB
[2026-06-26 15:53:54,194][finetune_logger][INFO] - Test memory allocated: 25.83 MB
2026-06-26 15:53:54 - finetune_logger - INFO - Logged epoch test info to /public/home/202411094934/python_project/Spatio-Temporal-Library/time-series/2026-06-24/fedformer/finetune20/electricity/time-series/seed_1/training_log.json
[2026-06-26 15:53:54,198][finetune_logger][INFO] - Logged epoch test info to /public/home/202411094934/python_project/Spatio-Temporal-Library/time-series/2026-06-24/fedformer/finetune20/electricity/time-series/seed_1/training_log.json
