2026-06-16 02:54:43 - pretrain_logger - INFO - Model parameters: 158,912
[2026-06-16 02:54:43,284][pretrain_logger][INFO] - Model parameters: 158,912
2026-06-16 02:54:43 - pretrain_logger - INFO - Created new log file at /public/home/202411094934/python_project/Spatio-Temporal-Library/time-series/2026-06-16/itransformer/pretrain10/weather/time-series/seed_1/training_log.json
[2026-06-16 02:54:43,294][pretrain_logger][INFO] - Created new log file at /public/home/202411094934/python_project/Spatio-Temporal-Library/time-series/2026-06-16/itransformer/pretrain10/weather/time-series/seed_1/training_log.json
2026-06-16 02:54:43 - pretrain_logger - INFO - Starting JEPA pretraining...
[2026-06-16 02:54:43,294][pretrain_logger][INFO] - Starting JEPA pretraining...
2026-06-16 03:06:59 - pretrain_logger - INFO - [JEPA Pretrain] Epoch 1/10, loss=1.053448, time=736.37s
[2026-06-16 03:06:59,663][pretrain_logger][INFO] - [JEPA Pretrain] Epoch 1/10, loss=1.053448, time=736.37s
2026-06-16 03:06:59 - pretrain_logger - INFO - Pretrain loss: 1.0534483535786012
[2026-06-16 03:06:59,663][pretrain_logger][INFO] - Pretrain loss: 1.0534483535786012
2026-06-16 03:06:59 - pretrain_logger - INFO - Pretrain time: 736.3687362670898s
[2026-06-16 03:06:59,664][pretrain_logger][INFO] - Pretrain time: 736.3687362670898s
2026-06-16 03:06:59 - pretrain_logger - INFO - Pretrain memory reserved: 28.00 MB
[2026-06-16 03:06:59,664][pretrain_logger][INFO] - Pretrain memory reserved: 28.00 MB
2026-06-16 03:06:59 - pretrain_logger - INFO - Pretrain memory allocated: 18.04 MB
[2026-06-16 03:06:59,664][pretrain_logger][INFO] - Pretrain memory allocated: 18.04 MB
2026-06-16 03:06:59 - pretrain_logger - INFO - Current learning rate: 0.0005
[2026-06-16 03:06:59,664][pretrain_logger][INFO] - Current learning rate: 0.0005
2026-06-16 03:06:59 - pretrain_logger - INFO - Logged epoch Pretrain 1 info to /public/home/202411094934/python_project/Spatio-Temporal-Library/time-series/2026-06-16/itransformer/pretrain10/weather/time-series/seed_1/training_log.json
[2026-06-16 03:06:59,669][pretrain_logger][INFO] - Logged epoch Pretrain 1 info to /public/home/202411094934/python_project/Spatio-Temporal-Library/time-series/2026-06-16/itransformer/pretrain10/weather/time-series/seed_1/training_log.json
2026-06-16 03:19:19 - pretrain_logger - INFO - [JEPA Pretrain] Epoch 2/10, loss=0.898210, time=739.60s
[2026-06-16 03:19:19,266][pretrain_logger][INFO] - [JEPA Pretrain] Epoch 2/10, loss=0.898210, time=739.60s
2026-06-16 03:19:19 - pretrain_logger - INFO - Pretrain loss: 0.8982099183448831
[2026-06-16 03:19:19,289][pretrain_logger][INFO] - Pretrain loss: 0.8982099183448831
2026-06-16 03:19:19 - pretrain_logger - INFO - Pretrain time: 739.5969326496124s
[2026-06-16 03:19:19,289][pretrain_logger][INFO] - Pretrain time: 739.5969326496124s
2026-06-16 03:19:19 - pretrain_logger - INFO - Pretrain memory reserved: 28.00 MB
[2026-06-16 03:19:19,289][pretrain_logger][INFO] - Pretrain memory reserved: 28.00 MB
2026-06-16 03:19:19 - pretrain_logger - INFO - Pretrain memory allocated: 18.04 MB
[2026-06-16 03:19:19,289][pretrain_logger][INFO] - Pretrain memory allocated: 18.04 MB
2026-06-16 03:19:19 - pretrain_logger - INFO - Current learning rate: 0.0005
[2026-06-16 03:19:19,289][pretrain_logger][INFO] - Current learning rate: 0.0005
2026-06-16 03:19:19 - pretrain_logger - INFO - Logged epoch Pretrain 2 info to /public/home/202411094934/python_project/Spatio-Temporal-Library/time-series/2026-06-16/itransformer/pretrain10/weather/time-series/seed_1/training_log.json
[2026-06-16 03:19:19,292][pretrain_logger][INFO] - Logged epoch Pretrain 2 info to /public/home/202411094934/python_project/Spatio-Temporal-Library/time-series/2026-06-16/itransformer/pretrain10/weather/time-series/seed_1/training_log.json
2026-06-16 03:31:39 - pretrain_logger - INFO - [JEPA Pretrain] Epoch 3/10, loss=0.830952, time=739.76s
[2026-06-16 03:31:39,049][pretrain_logger][INFO] - [JEPA Pretrain] Epoch 3/10, loss=0.830952, time=739.76s
2026-06-16 03:31:39 - pretrain_logger - INFO - Pretrain loss: 0.8309519753660554
[2026-06-16 03:31:39,049][pretrain_logger][INFO] - Pretrain loss: 0.8309519753660554
2026-06-16 03:31:39 - pretrain_logger - INFO - Pretrain time: 739.7565832138062s
[2026-06-16 03:31:39,049][pretrain_logger][INFO] - Pretrain time: 739.7565832138062s
2026-06-16 03:31:39 - pretrain_logger - INFO - Pretrain memory reserved: 28.00 MB
[2026-06-16 03:31:39,050][pretrain_logger][INFO] - Pretrain memory reserved: 28.00 MB
2026-06-16 03:31:39 - pretrain_logger - INFO - Pretrain memory allocated: 18.04 MB
[2026-06-16 03:31:39,050][pretrain_logger][INFO] - Pretrain memory allocated: 18.04 MB
2026-06-16 03:31:39 - pretrain_logger - INFO - Current learning rate: 0.0005
[2026-06-16 03:31:39,050][pretrain_logger][INFO] - Current learning rate: 0.0005
2026-06-16 03:31:39 - pretrain_logger - INFO - Logged epoch Pretrain 3 info to /public/home/202411094934/python_project/Spatio-Temporal-Library/time-series/2026-06-16/itransformer/pretrain10/weather/time-series/seed_1/training_log.json
[2026-06-16 03:31:39,054][pretrain_logger][INFO] - Logged epoch Pretrain 3 info to /public/home/202411094934/python_project/Spatio-Temporal-Library/time-series/2026-06-16/itransformer/pretrain10/weather/time-series/seed_1/training_log.json
2026-06-16 03:43:58 - pretrain_logger - INFO - [JEPA Pretrain] Epoch 4/10, loss=0.785602, time=739.40s
[2026-06-16 03:43:58,452][pretrain_logger][INFO] - [JEPA Pretrain] Epoch 4/10, loss=0.785602, time=739.40s
2026-06-16 03:43:58 - pretrain_logger - INFO - Pretrain loss: 0.7856020268356205
[2026-06-16 03:43:58,474][pretrain_logger][INFO] - Pretrain loss: 0.7856020268356205
2026-06-16 03:43:58 - pretrain_logger - INFO - Pretrain time: 739.3979954719543s
[2026-06-16 03:43:58,475][pretrain_logger][INFO] - Pretrain time: 739.3979954719543s
2026-06-16 03:43:58 - pretrain_logger - INFO - Pretrain memory reserved: 28.00 MB
[2026-06-16 03:43:58,475][pretrain_logger][INFO] - Pretrain memory reserved: 28.00 MB
2026-06-16 03:43:58 - pretrain_logger - INFO - Pretrain memory allocated: 18.04 MB
[2026-06-16 03:43:58,475][pretrain_logger][INFO] - Pretrain memory allocated: 18.04 MB
2026-06-16 03:43:58 - pretrain_logger - INFO - Current learning rate: 0.0005
[2026-06-16 03:43:58,475][pretrain_logger][INFO] - Current learning rate: 0.0005
2026-06-16 03:43:58 - pretrain_logger - INFO - Logged epoch Pretrain 4 info to /public/home/202411094934/python_project/Spatio-Temporal-Library/time-series/2026-06-16/itransformer/pretrain10/weather/time-series/seed_1/training_log.json
[2026-06-16 03:43:58,478][pretrain_logger][INFO] - Logged epoch Pretrain 4 info to /public/home/202411094934/python_project/Spatio-Temporal-Library/time-series/2026-06-16/itransformer/pretrain10/weather/time-series/seed_1/training_log.json
2026-06-16 03:56:18 - pretrain_logger - INFO - [JEPA Pretrain] Epoch 5/10, loss=0.743726, time=739.63s
[2026-06-16 03:56:18,106][pretrain_logger][INFO] - [JEPA Pretrain] Epoch 5/10, loss=0.743726, time=739.63s
2026-06-16 03:56:18 - pretrain_logger - INFO - Pretrain loss: 0.7437256993239714
[2026-06-16 03:56:18,107][pretrain_logger][INFO] - Pretrain loss: 0.7437256993239714
2026-06-16 03:56:18 - pretrain_logger - INFO - Pretrain time: 739.6281125545502s
[2026-06-16 03:56:18,107][pretrain_logger][INFO] - Pretrain time: 739.6281125545502s
2026-06-16 03:56:18 - pretrain_logger - INFO - Pretrain memory reserved: 28.00 MB
[2026-06-16 03:56:18,107][pretrain_logger][INFO] - Pretrain memory reserved: 28.00 MB
2026-06-16 03:56:18 - pretrain_logger - INFO - Pretrain memory allocated: 18.04 MB
[2026-06-16 03:56:18,107][pretrain_logger][INFO] - Pretrain memory allocated: 18.04 MB
2026-06-16 03:56:18 - pretrain_logger - INFO - Current learning rate: 0.0005
[2026-06-16 03:56:18,107][pretrain_logger][INFO] - Current learning rate: 0.0005
2026-06-16 03:56:18 - pretrain_logger - INFO - Logged epoch Pretrain 5 info to /public/home/202411094934/python_project/Spatio-Temporal-Library/time-series/2026-06-16/itransformer/pretrain10/weather/time-series/seed_1/training_log.json
[2026-06-16 03:56:18,110][pretrain_logger][INFO] - Logged epoch Pretrain 5 info to /public/home/202411094934/python_project/Spatio-Temporal-Library/time-series/2026-06-16/itransformer/pretrain10/weather/time-series/seed_1/training_log.json
2026-06-16 04:08:38 - pretrain_logger - INFO - [JEPA Pretrain] Epoch 6/10, loss=0.709943, time=740.07s
[2026-06-16 04:08:38,177][pretrain_logger][INFO] - [JEPA Pretrain] Epoch 6/10, loss=0.709943, time=740.07s
2026-06-16 04:08:38 - pretrain_logger - INFO - Pretrain loss: 0.7099431886997226
[2026-06-16 04:08:38,199][pretrain_logger][INFO] - Pretrain loss: 0.7099431886997226
2026-06-16 04:08:38 - pretrain_logger - INFO - Pretrain time: 740.0666663646698s
[2026-06-16 04:08:38,199][pretrain_logger][INFO] - Pretrain time: 740.0666663646698s
2026-06-16 04:08:38 - pretrain_logger - INFO - Pretrain memory reserved: 28.00 MB
[2026-06-16 04:08:38,199][pretrain_logger][INFO] - Pretrain memory reserved: 28.00 MB
2026-06-16 04:08:38 - pretrain_logger - INFO - Pretrain memory allocated: 18.04 MB
[2026-06-16 04:08:38,199][pretrain_logger][INFO] - Pretrain memory allocated: 18.04 MB
2026-06-16 04:08:38 - pretrain_logger - INFO - Current learning rate: 0.0005
[2026-06-16 04:08:38,200][pretrain_logger][INFO] - Current learning rate: 0.0005
2026-06-16 04:08:38 - pretrain_logger - INFO - Logged epoch Pretrain 6 info to /public/home/202411094934/python_project/Spatio-Temporal-Library/time-series/2026-06-16/itransformer/pretrain10/weather/time-series/seed_1/training_log.json
[2026-06-16 04:08:38,203][pretrain_logger][INFO] - Logged epoch Pretrain 6 info to /public/home/202411094934/python_project/Spatio-Temporal-Library/time-series/2026-06-16/itransformer/pretrain10/weather/time-series/seed_1/training_log.json
2026-06-16 04:20:58 - pretrain_logger - INFO - [JEPA Pretrain] Epoch 7/10, loss=0.682874, time=739.87s
[2026-06-16 04:20:58,075][pretrain_logger][INFO] - [JEPA Pretrain] Epoch 7/10, loss=0.682874, time=739.87s
2026-06-16 04:20:58 - pretrain_logger - INFO - Pretrain loss: 0.6828742974315062
[2026-06-16 04:20:58,076][pretrain_logger][INFO] - Pretrain loss: 0.6828742974315062
2026-06-16 04:20:58 - pretrain_logger - INFO - Pretrain time: 739.8724842071533s
[2026-06-16 04:20:58,076][pretrain_logger][INFO] - Pretrain time: 739.8724842071533s
2026-06-16 04:20:58 - pretrain_logger - INFO - Pretrain memory reserved: 28.00 MB
[2026-06-16 04:20:58,076][pretrain_logger][INFO] - Pretrain memory reserved: 28.00 MB
2026-06-16 04:20:58 - pretrain_logger - INFO - Pretrain memory allocated: 18.04 MB
[2026-06-16 04:20:58,076][pretrain_logger][INFO] - Pretrain memory allocated: 18.04 MB
2026-06-16 04:20:58 - pretrain_logger - INFO - Current learning rate: 0.0005
[2026-06-16 04:20:58,076][pretrain_logger][INFO] - Current learning rate: 0.0005
2026-06-16 04:20:58 - pretrain_logger - INFO - Logged epoch Pretrain 7 info to /public/home/202411094934/python_project/Spatio-Temporal-Library/time-series/2026-06-16/itransformer/pretrain10/weather/time-series/seed_1/training_log.json
[2026-06-16 04:20:58,079][pretrain_logger][INFO] - Logged epoch Pretrain 7 info to /public/home/202411094934/python_project/Spatio-Temporal-Library/time-series/2026-06-16/itransformer/pretrain10/weather/time-series/seed_1/training_log.json
2026-06-16 04:33:18 - pretrain_logger - INFO - [JEPA Pretrain] Epoch 8/10, loss=0.663348, time=740.05s
[2026-06-16 04:33:18,131][pretrain_logger][INFO] - [JEPA Pretrain] Epoch 8/10, loss=0.663348, time=740.05s
2026-06-16 04:33:18 - pretrain_logger - INFO - Pretrain loss: 0.6633480913053607
[2026-06-16 04:33:18,155][pretrain_logger][INFO] - Pretrain loss: 0.6633480913053607
2026-06-16 04:33:18 - pretrain_logger - INFO - Pretrain time: 740.0515584945679s
[2026-06-16 04:33:18,155][pretrain_logger][INFO] - Pretrain time: 740.0515584945679s
2026-06-16 04:33:18 - pretrain_logger - INFO - Pretrain memory reserved: 28.00 MB
[2026-06-16 04:33:18,155][pretrain_logger][INFO] - Pretrain memory reserved: 28.00 MB
2026-06-16 04:33:18 - pretrain_logger - INFO - Pretrain memory allocated: 18.04 MB
[2026-06-16 04:33:18,155][pretrain_logger][INFO] - Pretrain memory allocated: 18.04 MB
2026-06-16 04:33:18 - pretrain_logger - INFO - Current learning rate: 0.0005
[2026-06-16 04:33:18,155][pretrain_logger][INFO] - Current learning rate: 0.0005
2026-06-16 04:33:18 - pretrain_logger - INFO - Logged epoch Pretrain 8 info to /public/home/202411094934/python_project/Spatio-Temporal-Library/time-series/2026-06-16/itransformer/pretrain10/weather/time-series/seed_1/training_log.json
[2026-06-16 04:33:18,159][pretrain_logger][INFO] - Logged epoch Pretrain 8 info to /public/home/202411094934/python_project/Spatio-Temporal-Library/time-series/2026-06-16/itransformer/pretrain10/weather/time-series/seed_1/training_log.json
2026-06-16 04:45:37 - pretrain_logger - INFO - [JEPA Pretrain] Epoch 9/10, loss=0.644115, time=739.73s
[2026-06-16 04:45:37,884][pretrain_logger][INFO] - [JEPA Pretrain] Epoch 9/10, loss=0.644115, time=739.73s
2026-06-16 04:45:37 - pretrain_logger - INFO - Pretrain loss: 0.6441151457044418
[2026-06-16 04:45:37,885][pretrain_logger][INFO] - Pretrain loss: 0.6441151457044418
2026-06-16 04:45:37 - pretrain_logger - INFO - Pretrain time: 739.7254235744476s
[2026-06-16 04:45:37,885][pretrain_logger][INFO] - Pretrain time: 739.7254235744476s
2026-06-16 04:45:37 - pretrain_logger - INFO - Pretrain memory reserved: 28.00 MB
[2026-06-16 04:45:37,885][pretrain_logger][INFO] - Pretrain memory reserved: 28.00 MB
2026-06-16 04:45:37 - pretrain_logger - INFO - Pretrain memory allocated: 18.04 MB
[2026-06-16 04:45:37,885][pretrain_logger][INFO] - Pretrain memory allocated: 18.04 MB
2026-06-16 04:45:37 - pretrain_logger - INFO - Current learning rate: 0.0005
[2026-06-16 04:45:37,885][pretrain_logger][INFO] - Current learning rate: 0.0005
2026-06-16 04:45:37 - pretrain_logger - INFO - Logged epoch Pretrain 9 info to /public/home/202411094934/python_project/Spatio-Temporal-Library/time-series/2026-06-16/itransformer/pretrain10/weather/time-series/seed_1/training_log.json
[2026-06-16 04:45:37,888][pretrain_logger][INFO] - Logged epoch Pretrain 9 info to /public/home/202411094934/python_project/Spatio-Temporal-Library/time-series/2026-06-16/itransformer/pretrain10/weather/time-series/seed_1/training_log.json
2026-06-16 04:57:57 - pretrain_logger - INFO - [JEPA Pretrain] Epoch 10/10, loss=0.628184, time=739.45s
[2026-06-16 04:57:57,335][pretrain_logger][INFO] - [JEPA Pretrain] Epoch 10/10, loss=0.628184, time=739.45s
2026-06-16 04:57:57 - pretrain_logger - INFO - Pretrain loss: 0.6281840507202204
[2026-06-16 04:57:57,358][pretrain_logger][INFO] - Pretrain loss: 0.6281840507202204
2026-06-16 04:57:57 - pretrain_logger - INFO - Pretrain time: 739.4462242126465s
[2026-06-16 04:57:57,358][pretrain_logger][INFO] - Pretrain time: 739.4462242126465s
2026-06-16 04:57:57 - pretrain_logger - INFO - Pretrain memory reserved: 28.00 MB
[2026-06-16 04:57:57,358][pretrain_logger][INFO] - Pretrain memory reserved: 28.00 MB
2026-06-16 04:57:57 - pretrain_logger - INFO - Pretrain memory allocated: 18.04 MB
[2026-06-16 04:57:57,358][pretrain_logger][INFO] - Pretrain memory allocated: 18.04 MB
2026-06-16 04:57:57 - pretrain_logger - INFO - Current learning rate: 0.0005
[2026-06-16 04:57:57,358][pretrain_logger][INFO] - Current learning rate: 0.0005
2026-06-16 04:57:57 - pretrain_logger - INFO - Logged epoch Pretrain 10 info to /public/home/202411094934/python_project/Spatio-Temporal-Library/time-series/2026-06-16/itransformer/pretrain10/weather/time-series/seed_1/training_log.json
[2026-06-16 04:57:57,361][pretrain_logger][INFO] - Logged epoch Pretrain 10 info to /public/home/202411094934/python_project/Spatio-Temporal-Library/time-series/2026-06-16/itransformer/pretrain10/weather/time-series/seed_1/training_log.json
2026-06-16 04:57:57 - pretrain_logger - INFO - JEPA pretraining completed.
[2026-06-16 04:57:57,361][pretrain_logger][INFO] - JEPA pretraining completed.
2026-06-16 11:19:02 - pretrain_logger - INFO - Model parameters: 158,912
[2026-06-16 11:19:02,781][pretrain_logger][INFO] - Model parameters: 158,912
2026-06-16 11:19:02 - pretrain_logger - INFO - Log file already exists at /public/home/202411094934/python_project/Spatio-Temporal-Library/time-series/2026-06-16/itransformer/pretrain10/weather/time-series/seed_1/training_log.json, appending to it.
[2026-06-16 11:19:02,790][pretrain_logger][INFO] - Log file already exists at /public/home/202411094934/python_project/Spatio-Temporal-Library/time-series/2026-06-16/itransformer/pretrain10/weather/time-series/seed_1/training_log.json, appending to it.
2026-06-16 11:19:02 - pretrain_logger - INFO - Starting JEPA pretraining...
[2026-06-16 11:19:02,790][pretrain_logger][INFO] - Starting JEPA pretraining...
2026-06-16 11:31:23 - pretrain_logger - INFO - [JEPA Pretrain] Epoch 1/10, loss=1.053448, time=740.33s
[2026-06-16 11:31:23,123][pretrain_logger][INFO] - [JEPA Pretrain] Epoch 1/10, loss=1.053448, time=740.33s
2026-06-16 11:31:23 - pretrain_logger - INFO - Pretrain loss: 1.0534483535786012
[2026-06-16 11:31:23,124][pretrain_logger][INFO] - Pretrain loss: 1.0534483535786012
2026-06-16 11:31:23 - pretrain_logger - INFO - Pretrain time: 740.3323042392731s
[2026-06-16 11:31:23,124][pretrain_logger][INFO] - Pretrain time: 740.3323042392731s
2026-06-16 11:31:23 - pretrain_logger - INFO - Pretrain memory reserved: 28.00 MB
[2026-06-16 11:31:23,124][pretrain_logger][INFO] - Pretrain memory reserved: 28.00 MB
2026-06-16 11:31:23 - pretrain_logger - INFO - Pretrain memory allocated: 18.04 MB
[2026-06-16 11:31:23,124][pretrain_logger][INFO] - Pretrain memory allocated: 18.04 MB
2026-06-16 11:31:23 - pretrain_logger - INFO - Current learning rate: 0.0005
[2026-06-16 11:31:23,124][pretrain_logger][INFO] - Current learning rate: 0.0005
2026-06-16 11:31:23 - pretrain_logger - INFO - Logged epoch Pretrain 1 info to /public/home/202411094934/python_project/Spatio-Temporal-Library/time-series/2026-06-16/itransformer/pretrain10/weather/time-series/seed_1/training_log.json
[2026-06-16 11:31:23,126][pretrain_logger][INFO] - Logged epoch Pretrain 1 info to /public/home/202411094934/python_project/Spatio-Temporal-Library/time-series/2026-06-16/itransformer/pretrain10/weather/time-series/seed_1/training_log.json
2026-06-16 11:43:49 - pretrain_logger - INFO - [JEPA Pretrain] Epoch 2/10, loss=0.898210, time=746.44s
[2026-06-16 11:43:49,562][pretrain_logger][INFO] - [JEPA Pretrain] Epoch 2/10, loss=0.898210, time=746.44s
2026-06-16 11:43:49 - pretrain_logger - INFO - Pretrain loss: 0.8982099183448831
[2026-06-16 11:43:49,587][pretrain_logger][INFO] - Pretrain loss: 0.8982099183448831
2026-06-16 11:43:49 - pretrain_logger - INFO - Pretrain time: 746.435845375061s
[2026-06-16 11:43:49,587][pretrain_logger][INFO] - Pretrain time: 746.435845375061s
2026-06-16 11:43:49 - pretrain_logger - INFO - Pretrain memory reserved: 28.00 MB
[2026-06-16 11:43:49,587][pretrain_logger][INFO] - Pretrain memory reserved: 28.00 MB
2026-06-16 11:43:49 - pretrain_logger - INFO - Pretrain memory allocated: 18.04 MB
[2026-06-16 11:43:49,587][pretrain_logger][INFO] - Pretrain memory allocated: 18.04 MB
2026-06-16 11:43:49 - pretrain_logger - INFO - Current learning rate: 0.0005
[2026-06-16 11:43:49,587][pretrain_logger][INFO] - Current learning rate: 0.0005
2026-06-16 11:43:49 - pretrain_logger - INFO - Logged epoch Pretrain 2 info to /public/home/202411094934/python_project/Spatio-Temporal-Library/time-series/2026-06-16/itransformer/pretrain10/weather/time-series/seed_1/training_log.json
[2026-06-16 11:43:49,590][pretrain_logger][INFO] - Logged epoch Pretrain 2 info to /public/home/202411094934/python_project/Spatio-Temporal-Library/time-series/2026-06-16/itransformer/pretrain10/weather/time-series/seed_1/training_log.json
2026-06-16 11:56:15 - pretrain_logger - INFO - [JEPA Pretrain] Epoch 3/10, loss=0.830952, time=745.96s
[2026-06-16 11:56:15,554][pretrain_logger][INFO] - [JEPA Pretrain] Epoch 3/10, loss=0.830952, time=745.96s
2026-06-16 11:56:15 - pretrain_logger - INFO - Pretrain loss: 0.8309519753660554
[2026-06-16 11:56:15,555][pretrain_logger][INFO] - Pretrain loss: 0.8309519753660554
2026-06-16 11:56:15 - pretrain_logger - INFO - Pretrain time: 745.9643149375916s
[2026-06-16 11:56:15,555][pretrain_logger][INFO] - Pretrain time: 745.9643149375916s
2026-06-16 11:56:15 - pretrain_logger - INFO - Pretrain memory reserved: 28.00 MB
[2026-06-16 11:56:15,555][pretrain_logger][INFO] - Pretrain memory reserved: 28.00 MB
2026-06-16 11:56:15 - pretrain_logger - INFO - Pretrain memory allocated: 18.04 MB
[2026-06-16 11:56:15,555][pretrain_logger][INFO] - Pretrain memory allocated: 18.04 MB
2026-06-16 11:56:15 - pretrain_logger - INFO - Current learning rate: 0.0005
[2026-06-16 11:56:15,555][pretrain_logger][INFO] - Current learning rate: 0.0005
2026-06-16 11:56:15 - pretrain_logger - INFO - Logged epoch Pretrain 3 info to /public/home/202411094934/python_project/Spatio-Temporal-Library/time-series/2026-06-16/itransformer/pretrain10/weather/time-series/seed_1/training_log.json
[2026-06-16 11:56:15,559][pretrain_logger][INFO] - Logged epoch Pretrain 3 info to /public/home/202411094934/python_project/Spatio-Temporal-Library/time-series/2026-06-16/itransformer/pretrain10/weather/time-series/seed_1/training_log.json
2026-06-16 12:08:42 - pretrain_logger - INFO - [JEPA Pretrain] Epoch 4/10, loss=0.785602, time=746.49s
[2026-06-16 12:08:42,053][pretrain_logger][INFO] - [JEPA Pretrain] Epoch 4/10, loss=0.785602, time=746.49s
2026-06-16 12:08:42 - pretrain_logger - INFO - Pretrain loss: 0.7856020268356205
[2026-06-16 12:08:42,076][pretrain_logger][INFO] - Pretrain loss: 0.7856020268356205
2026-06-16 12:08:42 - pretrain_logger - INFO - Pretrain time: 746.4938304424286s
[2026-06-16 12:08:42,077][pretrain_logger][INFO] - Pretrain time: 746.4938304424286s
2026-06-16 12:08:42 - pretrain_logger - INFO - Pretrain memory reserved: 28.00 MB
[2026-06-16 12:08:42,077][pretrain_logger][INFO] - Pretrain memory reserved: 28.00 MB
2026-06-16 12:08:42 - pretrain_logger - INFO - Pretrain memory allocated: 18.04 MB
[2026-06-16 12:08:42,077][pretrain_logger][INFO] - Pretrain memory allocated: 18.04 MB
2026-06-16 12:08:42 - pretrain_logger - INFO - Current learning rate: 0.0005
[2026-06-16 12:08:42,077][pretrain_logger][INFO] - Current learning rate: 0.0005
2026-06-16 12:08:42 - pretrain_logger - INFO - Logged epoch Pretrain 4 info to /public/home/202411094934/python_project/Spatio-Temporal-Library/time-series/2026-06-16/itransformer/pretrain10/weather/time-series/seed_1/training_log.json
[2026-06-16 12:08:42,080][pretrain_logger][INFO] - Logged epoch Pretrain 4 info to /public/home/202411094934/python_project/Spatio-Temporal-Library/time-series/2026-06-16/itransformer/pretrain10/weather/time-series/seed_1/training_log.json
2026-06-16 12:21:09 - pretrain_logger - INFO - [JEPA Pretrain] Epoch 5/10, loss=0.743726, time=746.96s
[2026-06-16 12:21:09,038][pretrain_logger][INFO] - [JEPA Pretrain] Epoch 5/10, loss=0.743726, time=746.96s
2026-06-16 12:21:09 - pretrain_logger - INFO - Pretrain loss: 0.7437256993239714
[2026-06-16 12:21:09,038][pretrain_logger][INFO] - Pretrain loss: 0.7437256993239714
2026-06-16 12:21:09 - pretrain_logger - INFO - Pretrain time: 746.9574165344238s
[2026-06-16 12:21:09,039][pretrain_logger][INFO] - Pretrain time: 746.9574165344238s
2026-06-16 12:21:09 - pretrain_logger - INFO - Pretrain memory reserved: 28.00 MB
[2026-06-16 12:21:09,039][pretrain_logger][INFO] - Pretrain memory reserved: 28.00 MB
2026-06-16 12:21:09 - pretrain_logger - INFO - Pretrain memory allocated: 18.04 MB
[2026-06-16 12:21:09,039][pretrain_logger][INFO] - Pretrain memory allocated: 18.04 MB
2026-06-16 12:21:09 - pretrain_logger - INFO - Current learning rate: 0.0005
[2026-06-16 12:21:09,039][pretrain_logger][INFO] - Current learning rate: 0.0005
2026-06-16 12:21:09 - pretrain_logger - INFO - Logged epoch Pretrain 5 info to /public/home/202411094934/python_project/Spatio-Temporal-Library/time-series/2026-06-16/itransformer/pretrain10/weather/time-series/seed_1/training_log.json
[2026-06-16 12:21:09,042][pretrain_logger][INFO] - Logged epoch Pretrain 5 info to /public/home/202411094934/python_project/Spatio-Temporal-Library/time-series/2026-06-16/itransformer/pretrain10/weather/time-series/seed_1/training_log.json
2026-06-16 12:33:35 - pretrain_logger - INFO - [JEPA Pretrain] Epoch 6/10, loss=0.709943, time=746.16s
[2026-06-16 12:33:35,205][pretrain_logger][INFO] - [JEPA Pretrain] Epoch 6/10, loss=0.709943, time=746.16s
2026-06-16 12:33:35 - pretrain_logger - INFO - Pretrain loss: 0.7099431886997226
[2026-06-16 12:33:35,229][pretrain_logger][INFO] - Pretrain loss: 0.7099431886997226
2026-06-16 12:33:35 - pretrain_logger - INFO - Pretrain time: 746.1633012294769s
[2026-06-16 12:33:35,229][pretrain_logger][INFO] - Pretrain time: 746.1633012294769s
2026-06-16 12:33:35 - pretrain_logger - INFO - Pretrain memory reserved: 28.00 MB
[2026-06-16 12:33:35,229][pretrain_logger][INFO] - Pretrain memory reserved: 28.00 MB
2026-06-16 12:33:35 - pretrain_logger - INFO - Pretrain memory allocated: 18.04 MB
[2026-06-16 12:33:35,229][pretrain_logger][INFO] - Pretrain memory allocated: 18.04 MB
2026-06-16 12:33:35 - pretrain_logger - INFO - Current learning rate: 0.0005
[2026-06-16 12:33:35,229][pretrain_logger][INFO] - Current learning rate: 0.0005
2026-06-16 12:33:35 - pretrain_logger - INFO - Logged epoch Pretrain 6 info to /public/home/202411094934/python_project/Spatio-Temporal-Library/time-series/2026-06-16/itransformer/pretrain10/weather/time-series/seed_1/training_log.json
[2026-06-16 12:33:35,232][pretrain_logger][INFO] - Logged epoch Pretrain 6 info to /public/home/202411094934/python_project/Spatio-Temporal-Library/time-series/2026-06-16/itransformer/pretrain10/weather/time-series/seed_1/training_log.json
2026-06-16 12:46:01 - pretrain_logger - INFO - [JEPA Pretrain] Epoch 7/10, loss=0.682874, time=745.91s
[2026-06-16 12:46:01,143][pretrain_logger][INFO] - [JEPA Pretrain] Epoch 7/10, loss=0.682874, time=745.91s
2026-06-16 12:46:01 - pretrain_logger - INFO - Pretrain loss: 0.6828742974315062
[2026-06-16 12:46:01,144][pretrain_logger][INFO] - Pretrain loss: 0.6828742974315062
2026-06-16 12:46:01 - pretrain_logger - INFO - Pretrain time: 745.9106729030609s
[2026-06-16 12:46:01,144][pretrain_logger][INFO] - Pretrain time: 745.9106729030609s
2026-06-16 12:46:01 - pretrain_logger - INFO - Pretrain memory reserved: 28.00 MB
[2026-06-16 12:46:01,144][pretrain_logger][INFO] - Pretrain memory reserved: 28.00 MB
2026-06-16 12:46:01 - pretrain_logger - INFO - Pretrain memory allocated: 18.04 MB
[2026-06-16 12:46:01,144][pretrain_logger][INFO] - Pretrain memory allocated: 18.04 MB
2026-06-16 12:46:01 - pretrain_logger - INFO - Current learning rate: 0.0005
[2026-06-16 12:46:01,144][pretrain_logger][INFO] - Current learning rate: 0.0005
2026-06-16 12:46:01 - pretrain_logger - INFO - Logged epoch Pretrain 7 info to /public/home/202411094934/python_project/Spatio-Temporal-Library/time-series/2026-06-16/itransformer/pretrain10/weather/time-series/seed_1/training_log.json
[2026-06-16 12:46:01,147][pretrain_logger][INFO] - Logged epoch Pretrain 7 info to /public/home/202411094934/python_project/Spatio-Temporal-Library/time-series/2026-06-16/itransformer/pretrain10/weather/time-series/seed_1/training_log.json
2026-06-16 12:58:27 - pretrain_logger - INFO - [JEPA Pretrain] Epoch 8/10, loss=0.663348, time=746.52s
[2026-06-16 12:58:27,671][pretrain_logger][INFO] - [JEPA Pretrain] Epoch 8/10, loss=0.663348, time=746.52s
2026-06-16 12:58:27 - pretrain_logger - INFO - Pretrain loss: 0.6633480913053607
[2026-06-16 12:58:27,695][pretrain_logger][INFO] - Pretrain loss: 0.6633480913053607
2026-06-16 12:58:27 - pretrain_logger - INFO - Pretrain time: 746.523713350296s
[2026-06-16 12:58:27,695][pretrain_logger][INFO] - Pretrain time: 746.523713350296s
2026-06-16 12:58:27 - pretrain_logger - INFO - Pretrain memory reserved: 28.00 MB
[2026-06-16 12:58:27,695][pretrain_logger][INFO] - Pretrain memory reserved: 28.00 MB
2026-06-16 12:58:27 - pretrain_logger - INFO - Pretrain memory allocated: 18.04 MB
[2026-06-16 12:58:27,695][pretrain_logger][INFO] - Pretrain memory allocated: 18.04 MB
2026-06-16 12:58:27 - pretrain_logger - INFO - Current learning rate: 0.0005
[2026-06-16 12:58:27,695][pretrain_logger][INFO] - Current learning rate: 0.0005
2026-06-16 12:58:27 - pretrain_logger - INFO - Logged epoch Pretrain 8 info to /public/home/202411094934/python_project/Spatio-Temporal-Library/time-series/2026-06-16/itransformer/pretrain10/weather/time-series/seed_1/training_log.json
[2026-06-16 12:58:27,699][pretrain_logger][INFO] - Logged epoch Pretrain 8 info to /public/home/202411094934/python_project/Spatio-Temporal-Library/time-series/2026-06-16/itransformer/pretrain10/weather/time-series/seed_1/training_log.json
2026-06-16 13:10:53 - pretrain_logger - INFO - [JEPA Pretrain] Epoch 9/10, loss=0.644115, time=745.86s
[2026-06-16 13:10:53,559][pretrain_logger][INFO] - [JEPA Pretrain] Epoch 9/10, loss=0.644115, time=745.86s
2026-06-16 13:10:53 - pretrain_logger - INFO - Pretrain loss: 0.6441151457044418
[2026-06-16 13:10:53,559][pretrain_logger][INFO] - Pretrain loss: 0.6441151457044418
2026-06-16 13:10:53 - pretrain_logger - INFO - Pretrain time: 745.8599278926849s
[2026-06-16 13:10:53,560][pretrain_logger][INFO] - Pretrain time: 745.8599278926849s
2026-06-16 13:10:53 - pretrain_logger - INFO - Pretrain memory reserved: 28.00 MB
[2026-06-16 13:10:53,560][pretrain_logger][INFO] - Pretrain memory reserved: 28.00 MB
2026-06-16 13:10:53 - pretrain_logger - INFO - Pretrain memory allocated: 18.04 MB
[2026-06-16 13:10:53,560][pretrain_logger][INFO] - Pretrain memory allocated: 18.04 MB
2026-06-16 13:10:53 - pretrain_logger - INFO - Current learning rate: 0.0005
[2026-06-16 13:10:53,560][pretrain_logger][INFO] - Current learning rate: 0.0005
2026-06-16 13:10:53 - pretrain_logger - INFO - Logged epoch Pretrain 9 info to /public/home/202411094934/python_project/Spatio-Temporal-Library/time-series/2026-06-16/itransformer/pretrain10/weather/time-series/seed_1/training_log.json
[2026-06-16 13:10:53,563][pretrain_logger][INFO] - Logged epoch Pretrain 9 info to /public/home/202411094934/python_project/Spatio-Temporal-Library/time-series/2026-06-16/itransformer/pretrain10/weather/time-series/seed_1/training_log.json
2026-06-16 13:23:17 - pretrain_logger - INFO - [JEPA Pretrain] Epoch 10/10, loss=0.628184, time=743.55s
[2026-06-16 13:23:17,110][pretrain_logger][INFO] - [JEPA Pretrain] Epoch 10/10, loss=0.628184, time=743.55s
2026-06-16 13:23:17 - pretrain_logger - INFO - Pretrain loss: 0.6281840507202204
[2026-06-16 13:23:17,134][pretrain_logger][INFO] - Pretrain loss: 0.6281840507202204
2026-06-16 13:23:17 - pretrain_logger - INFO - Pretrain time: 743.547061920166s
[2026-06-16 13:23:17,134][pretrain_logger][INFO] - Pretrain time: 743.547061920166s
2026-06-16 13:23:17 - pretrain_logger - INFO - Pretrain memory reserved: 28.00 MB
[2026-06-16 13:23:17,134][pretrain_logger][INFO] - Pretrain memory reserved: 28.00 MB
2026-06-16 13:23:17 - pretrain_logger - INFO - Pretrain memory allocated: 18.04 MB
[2026-06-16 13:23:17,134][pretrain_logger][INFO] - Pretrain memory allocated: 18.04 MB
2026-06-16 13:23:17 - pretrain_logger - INFO - Current learning rate: 0.0005
[2026-06-16 13:23:17,135][pretrain_logger][INFO] - Current learning rate: 0.0005
2026-06-16 13:23:17 - pretrain_logger - INFO - Logged epoch Pretrain 10 info to /public/home/202411094934/python_project/Spatio-Temporal-Library/time-series/2026-06-16/itransformer/pretrain10/weather/time-series/seed_1/training_log.json
[2026-06-16 13:23:17,137][pretrain_logger][INFO] - Logged epoch Pretrain 10 info to /public/home/202411094934/python_project/Spatio-Temporal-Library/time-series/2026-06-16/itransformer/pretrain10/weather/time-series/seed_1/training_log.json
2026-06-16 13:23:17 - pretrain_logger - INFO - JEPA pretraining completed.
[2026-06-16 13:23:17,137][pretrain_logger][INFO] - JEPA pretraining completed.
