2026-06-23 12:18:26 - pretrain_logger - INFO - Model parameters: 183,489
[2026-06-23 12:18:26,206][pretrain_logger][INFO] - Model parameters: 183,489
2026-06-23 12:18:27 - pretrain_logger - INFO - Created new log file at /public/home/202411094934/python_project/Spatio-Temporal-Library/time-series/2026-06-23/autoformer/pretrain10/pulse/time-series/seed_0/training_log.json
[2026-06-23 12:18:27,268][pretrain_logger][INFO] - Created new log file at /public/home/202411094934/python_project/Spatio-Temporal-Library/time-series/2026-06-23/autoformer/pretrain10/pulse/time-series/seed_0/training_log.json
2026-06-23 12:18:27 - pretrain_logger - INFO - Starting JEPA pretraining...
[2026-06-23 12:18:27,268][pretrain_logger][INFO] - Starting JEPA pretraining...
2026-06-23 12:26:12 - pretrain_logger - INFO - [JEPA Pretrain] Epoch 1/10, loss=1.020928, time=465.32s
[2026-06-23 12:26:12,584][pretrain_logger][INFO] - [JEPA Pretrain] Epoch 1/10, loss=1.020928, time=465.32s
2026-06-23 12:26:12 - pretrain_logger - INFO - Pretrain loss: 1.0209280938961678
[2026-06-23 12:26:12,585][pretrain_logger][INFO] - Pretrain loss: 1.0209280938961678
2026-06-23 12:26:12 - pretrain_logger - INFO - Pretrain time: 465.31599831581116s
[2026-06-23 12:26:12,585][pretrain_logger][INFO] - Pretrain time: 465.31599831581116s
2026-06-23 12:26:12 - pretrain_logger - INFO - Pretrain memory reserved: 52.00 MB
[2026-06-23 12:26:12,585][pretrain_logger][INFO] - Pretrain memory reserved: 52.00 MB
2026-06-23 12:26:12 - pretrain_logger - INFO - Pretrain memory allocated: 20.04 MB
[2026-06-23 12:26:12,585][pretrain_logger][INFO] - Pretrain memory allocated: 20.04 MB
2026-06-23 12:26:12 - pretrain_logger - INFO - Current learning rate: 0.0005
[2026-06-23 12:26:12,585][pretrain_logger][INFO] - Current learning rate: 0.0005
2026-06-23 12:26:12 - pretrain_logger - INFO - Logged epoch Pretrain 1 info to /public/home/202411094934/python_project/Spatio-Temporal-Library/time-series/2026-06-23/autoformer/pretrain10/pulse/time-series/seed_0/training_log.json
[2026-06-23 12:26:12,588][pretrain_logger][INFO] - Logged epoch Pretrain 1 info to /public/home/202411094934/python_project/Spatio-Temporal-Library/time-series/2026-06-23/autoformer/pretrain10/pulse/time-series/seed_0/training_log.json
2026-06-23 12:34:00 - pretrain_logger - INFO - [JEPA Pretrain] Epoch 2/10, loss=0.860349, time=467.64s
[2026-06-23 12:34:00,231][pretrain_logger][INFO] - [JEPA Pretrain] Epoch 2/10, loss=0.860349, time=467.64s
2026-06-23 12:34:00 - pretrain_logger - INFO - Pretrain loss: 0.8603486893566423
[2026-06-23 12:34:00,249][pretrain_logger][INFO] - Pretrain loss: 0.8603486893566423
2026-06-23 12:34:00 - pretrain_logger - INFO - Pretrain time: 467.64227080345154s
[2026-06-23 12:34:00,249][pretrain_logger][INFO] - Pretrain time: 467.64227080345154s
2026-06-23 12:34:00 - pretrain_logger - INFO - Pretrain memory reserved: 52.00 MB
[2026-06-23 12:34:00,249][pretrain_logger][INFO] - Pretrain memory reserved: 52.00 MB
2026-06-23 12:34:00 - pretrain_logger - INFO - Pretrain memory allocated: 20.04 MB
[2026-06-23 12:34:00,249][pretrain_logger][INFO] - Pretrain memory allocated: 20.04 MB
2026-06-23 12:34:00 - pretrain_logger - INFO - Current learning rate: 0.0005
[2026-06-23 12:34:00,249][pretrain_logger][INFO] - Current learning rate: 0.0005
2026-06-23 12:34:00 - pretrain_logger - INFO - Logged epoch Pretrain 2 info to /public/home/202411094934/python_project/Spatio-Temporal-Library/time-series/2026-06-23/autoformer/pretrain10/pulse/time-series/seed_0/training_log.json
[2026-06-23 12:34:00,252][pretrain_logger][INFO] - Logged epoch Pretrain 2 info to /public/home/202411094934/python_project/Spatio-Temporal-Library/time-series/2026-06-23/autoformer/pretrain10/pulse/time-series/seed_0/training_log.json
2026-06-23 12:41:47 - pretrain_logger - INFO - [JEPA Pretrain] Epoch 3/10, loss=0.764994, time=467.73s
[2026-06-23 12:41:47,982][pretrain_logger][INFO] - [JEPA Pretrain] Epoch 3/10, loss=0.764994, time=467.73s
2026-06-23 12:41:47 - pretrain_logger - INFO - Pretrain loss: 0.7649944878439771
[2026-06-23 12:41:47,983][pretrain_logger][INFO] - Pretrain loss: 0.7649944878439771
2026-06-23 12:41:47 - pretrain_logger - INFO - Pretrain time: 467.73021960258484s
[2026-06-23 12:41:47,983][pretrain_logger][INFO] - Pretrain time: 467.73021960258484s
2026-06-23 12:41:47 - pretrain_logger - INFO - Pretrain memory reserved: 52.00 MB
[2026-06-23 12:41:47,983][pretrain_logger][INFO] - Pretrain memory reserved: 52.00 MB
2026-06-23 12:41:47 - pretrain_logger - INFO - Pretrain memory allocated: 20.04 MB
[2026-06-23 12:41:47,983][pretrain_logger][INFO] - Pretrain memory allocated: 20.04 MB
2026-06-23 12:41:47 - pretrain_logger - INFO - Current learning rate: 0.0005
[2026-06-23 12:41:47,984][pretrain_logger][INFO] - Current learning rate: 0.0005
2026-06-23 12:41:47 - pretrain_logger - INFO - Logged epoch Pretrain 3 info to /public/home/202411094934/python_project/Spatio-Temporal-Library/time-series/2026-06-23/autoformer/pretrain10/pulse/time-series/seed_0/training_log.json
[2026-06-23 12:41:47,986][pretrain_logger][INFO] - Logged epoch Pretrain 3 info to /public/home/202411094934/python_project/Spatio-Temporal-Library/time-series/2026-06-23/autoformer/pretrain10/pulse/time-series/seed_0/training_log.json
2026-06-23 12:49:34 - pretrain_logger - INFO - [JEPA Pretrain] Epoch 4/10, loss=0.695280, time=466.52s
[2026-06-23 12:49:34,509][pretrain_logger][INFO] - [JEPA Pretrain] Epoch 4/10, loss=0.695280, time=466.52s
2026-06-23 12:49:34 - pretrain_logger - INFO - Pretrain loss: 0.695280012411391
[2026-06-23 12:49:34,527][pretrain_logger][INFO] - Pretrain loss: 0.695280012411391
2026-06-23 12:49:34 - pretrain_logger - INFO - Pretrain time: 466.5224606990814s
[2026-06-23 12:49:34,527][pretrain_logger][INFO] - Pretrain time: 466.5224606990814s
2026-06-23 12:49:34 - pretrain_logger - INFO - Pretrain memory reserved: 52.00 MB
[2026-06-23 12:49:34,527][pretrain_logger][INFO] - Pretrain memory reserved: 52.00 MB
2026-06-23 12:49:34 - pretrain_logger - INFO - Pretrain memory allocated: 20.04 MB
[2026-06-23 12:49:34,527][pretrain_logger][INFO] - Pretrain memory allocated: 20.04 MB
2026-06-23 12:49:34 - pretrain_logger - INFO - Current learning rate: 0.0005
[2026-06-23 12:49:34,527][pretrain_logger][INFO] - Current learning rate: 0.0005
2026-06-23 12:49:34 - pretrain_logger - INFO - Logged epoch Pretrain 4 info to /public/home/202411094934/python_project/Spatio-Temporal-Library/time-series/2026-06-23/autoformer/pretrain10/pulse/time-series/seed_0/training_log.json
[2026-06-23 12:49:34,530][pretrain_logger][INFO] - Logged epoch Pretrain 4 info to /public/home/202411094934/python_project/Spatio-Temporal-Library/time-series/2026-06-23/autoformer/pretrain10/pulse/time-series/seed_0/training_log.json
2026-06-23 12:57:19 - pretrain_logger - INFO - [JEPA Pretrain] Epoch 5/10, loss=0.672532, time=464.69s
[2026-06-23 12:57:19,217][pretrain_logger][INFO] - [JEPA Pretrain] Epoch 5/10, loss=0.672532, time=464.69s
2026-06-23 12:57:19 - pretrain_logger - INFO - Pretrain loss: 0.6725317728393676
[2026-06-23 12:57:19,217][pretrain_logger][INFO] - Pretrain loss: 0.6725317728393676
2026-06-23 12:57:19 - pretrain_logger - INFO - Pretrain time: 464.68631410598755s
[2026-06-23 12:57:19,217][pretrain_logger][INFO] - Pretrain time: 464.68631410598755s
2026-06-23 12:57:19 - pretrain_logger - INFO - Pretrain memory reserved: 52.00 MB
[2026-06-23 12:57:19,217][pretrain_logger][INFO] - Pretrain memory reserved: 52.00 MB
2026-06-23 12:57:19 - pretrain_logger - INFO - Pretrain memory allocated: 20.04 MB
[2026-06-23 12:57:19,218][pretrain_logger][INFO] - Pretrain memory allocated: 20.04 MB
2026-06-23 12:57:19 - pretrain_logger - INFO - Current learning rate: 0.0005
[2026-06-23 12:57:19,218][pretrain_logger][INFO] - Current learning rate: 0.0005
2026-06-23 12:57:19 - pretrain_logger - INFO - Logged epoch Pretrain 5 info to /public/home/202411094934/python_project/Spatio-Temporal-Library/time-series/2026-06-23/autoformer/pretrain10/pulse/time-series/seed_0/training_log.json
[2026-06-23 12:57:19,220][pretrain_logger][INFO] - Logged epoch Pretrain 5 info to /public/home/202411094934/python_project/Spatio-Temporal-Library/time-series/2026-06-23/autoformer/pretrain10/pulse/time-series/seed_0/training_log.json
2026-06-23 13:05:06 - pretrain_logger - INFO - [JEPA Pretrain] Epoch 6/10, loss=0.663657, time=467.26s
[2026-06-23 13:05:06,484][pretrain_logger][INFO] - [JEPA Pretrain] Epoch 6/10, loss=0.663657, time=467.26s
2026-06-23 13:05:06 - pretrain_logger - INFO - Pretrain loss: 0.6636573773811127
[2026-06-23 13:05:06,502][pretrain_logger][INFO] - Pretrain loss: 0.6636573773811127
2026-06-23 13:05:06 - pretrain_logger - INFO - Pretrain time: 467.2639493942261s
[2026-06-23 13:05:06,502][pretrain_logger][INFO] - Pretrain time: 467.2639493942261s
2026-06-23 13:05:06 - pretrain_logger - INFO - Pretrain memory reserved: 52.00 MB
[2026-06-23 13:05:06,502][pretrain_logger][INFO] - Pretrain memory reserved: 52.00 MB
2026-06-23 13:05:06 - pretrain_logger - INFO - Pretrain memory allocated: 20.04 MB
[2026-06-23 13:05:06,503][pretrain_logger][INFO] - Pretrain memory allocated: 20.04 MB
2026-06-23 13:05:06 - pretrain_logger - INFO - Current learning rate: 0.0005
[2026-06-23 13:05:06,503][pretrain_logger][INFO] - Current learning rate: 0.0005
2026-06-23 13:05:06 - pretrain_logger - INFO - Logged epoch Pretrain 6 info to /public/home/202411094934/python_project/Spatio-Temporal-Library/time-series/2026-06-23/autoformer/pretrain10/pulse/time-series/seed_0/training_log.json
[2026-06-23 13:05:06,505][pretrain_logger][INFO] - Logged epoch Pretrain 6 info to /public/home/202411094934/python_project/Spatio-Temporal-Library/time-series/2026-06-23/autoformer/pretrain10/pulse/time-series/seed_0/training_log.json
2026-06-23 13:12:53 - pretrain_logger - INFO - [JEPA Pretrain] Epoch 7/10, loss=0.663680, time=467.20s
[2026-06-23 13:12:53,701][pretrain_logger][INFO] - [JEPA Pretrain] Epoch 7/10, loss=0.663680, time=467.20s
2026-06-23 13:12:53 - pretrain_logger - INFO - Pretrain loss: 0.663680071469087
[2026-06-23 13:12:53,702][pretrain_logger][INFO] - Pretrain loss: 0.663680071469087
2026-06-23 13:12:53 - pretrain_logger - INFO - Pretrain time: 467.1957824230194s
[2026-06-23 13:12:53,702][pretrain_logger][INFO] - Pretrain time: 467.1957824230194s
2026-06-23 13:12:53 - pretrain_logger - INFO - Pretrain memory reserved: 52.00 MB
[2026-06-23 13:12:53,702][pretrain_logger][INFO] - Pretrain memory reserved: 52.00 MB
2026-06-23 13:12:53 - pretrain_logger - INFO - Pretrain memory allocated: 20.04 MB
[2026-06-23 13:12:53,702][pretrain_logger][INFO] - Pretrain memory allocated: 20.04 MB
2026-06-23 13:12:53 - pretrain_logger - INFO - Current learning rate: 0.0005
[2026-06-23 13:12:53,702][pretrain_logger][INFO] - Current learning rate: 0.0005
2026-06-23 13:12:53 - pretrain_logger - INFO - Logged epoch Pretrain 7 info to /public/home/202411094934/python_project/Spatio-Temporal-Library/time-series/2026-06-23/autoformer/pretrain10/pulse/time-series/seed_0/training_log.json
[2026-06-23 13:12:53,705][pretrain_logger][INFO] - Logged epoch Pretrain 7 info to /public/home/202411094934/python_project/Spatio-Temporal-Library/time-series/2026-06-23/autoformer/pretrain10/pulse/time-series/seed_0/training_log.json
2026-06-23 13:20:41 - pretrain_logger - INFO - [JEPA Pretrain] Epoch 8/10, loss=0.665535, time=467.29s
[2026-06-23 13:20:41,000][pretrain_logger][INFO] - [JEPA Pretrain] Epoch 8/10, loss=0.665535, time=467.29s
2026-06-23 13:20:41 - pretrain_logger - INFO - Pretrain loss: 0.6655348862982444
[2026-06-23 13:20:41,017][pretrain_logger][INFO] - Pretrain loss: 0.6655348862982444
2026-06-23 13:20:41 - pretrain_logger - INFO - Pretrain time: 467.2944483757019s
[2026-06-23 13:20:41,017][pretrain_logger][INFO] - Pretrain time: 467.2944483757019s
2026-06-23 13:20:41 - pretrain_logger - INFO - Pretrain memory reserved: 52.00 MB
[2026-06-23 13:20:41,017][pretrain_logger][INFO] - Pretrain memory reserved: 52.00 MB
2026-06-23 13:20:41 - pretrain_logger - INFO - Pretrain memory allocated: 20.04 MB
[2026-06-23 13:20:41,018][pretrain_logger][INFO] - Pretrain memory allocated: 20.04 MB
2026-06-23 13:20:41 - pretrain_logger - INFO - Current learning rate: 0.0005
[2026-06-23 13:20:41,018][pretrain_logger][INFO] - Current learning rate: 0.0005
2026-06-23 13:20:41 - pretrain_logger - INFO - Logged epoch Pretrain 8 info to /public/home/202411094934/python_project/Spatio-Temporal-Library/time-series/2026-06-23/autoformer/pretrain10/pulse/time-series/seed_0/training_log.json
[2026-06-23 13:20:41,020][pretrain_logger][INFO] - Logged epoch Pretrain 8 info to /public/home/202411094934/python_project/Spatio-Temporal-Library/time-series/2026-06-23/autoformer/pretrain10/pulse/time-series/seed_0/training_log.json
2026-06-23 13:28:28 - pretrain_logger - INFO - [JEPA Pretrain] Epoch 9/10, loss=0.667088, time=467.68s
[2026-06-23 13:28:28,702][pretrain_logger][INFO] - [JEPA Pretrain] Epoch 9/10, loss=0.667088, time=467.68s
2026-06-23 13:28:28 - pretrain_logger - INFO - Pretrain loss: 0.6670880498518363
[2026-06-23 13:28:28,702][pretrain_logger][INFO] - Pretrain loss: 0.6670880498518363
2026-06-23 13:28:28 - pretrain_logger - INFO - Pretrain time: 467.6813395023346s
[2026-06-23 13:28:28,703][pretrain_logger][INFO] - Pretrain time: 467.6813395023346s
2026-06-23 13:28:28 - pretrain_logger - INFO - Pretrain memory reserved: 52.00 MB
[2026-06-23 13:28:28,703][pretrain_logger][INFO] - Pretrain memory reserved: 52.00 MB
2026-06-23 13:28:28 - pretrain_logger - INFO - Pretrain memory allocated: 20.04 MB
[2026-06-23 13:28:28,703][pretrain_logger][INFO] - Pretrain memory allocated: 20.04 MB
2026-06-23 13:28:28 - pretrain_logger - INFO - Current learning rate: 0.0005
[2026-06-23 13:28:28,703][pretrain_logger][INFO] - Current learning rate: 0.0005
2026-06-23 13:28:28 - pretrain_logger - INFO - Logged epoch Pretrain 9 info to /public/home/202411094934/python_project/Spatio-Temporal-Library/time-series/2026-06-23/autoformer/pretrain10/pulse/time-series/seed_0/training_log.json
[2026-06-23 13:28:28,706][pretrain_logger][INFO] - Logged epoch Pretrain 9 info to /public/home/202411094934/python_project/Spatio-Temporal-Library/time-series/2026-06-23/autoformer/pretrain10/pulse/time-series/seed_0/training_log.json
2026-06-23 13:36:16 - pretrain_logger - INFO - [JEPA Pretrain] Epoch 10/10, loss=0.665770, time=467.60s
[2026-06-23 13:36:16,310][pretrain_logger][INFO] - [JEPA Pretrain] Epoch 10/10, loss=0.665770, time=467.60s
2026-06-23 13:36:16 - pretrain_logger - INFO - Pretrain loss: 0.66576972350765
[2026-06-23 13:36:16,328][pretrain_logger][INFO] - Pretrain loss: 0.66576972350765
2026-06-23 13:36:16 - pretrain_logger - INFO - Pretrain time: 467.60448122024536s
[2026-06-23 13:36:16,329][pretrain_logger][INFO] - Pretrain time: 467.60448122024536s
2026-06-23 13:36:16 - pretrain_logger - INFO - Pretrain memory reserved: 52.00 MB
[2026-06-23 13:36:16,329][pretrain_logger][INFO] - Pretrain memory reserved: 52.00 MB
2026-06-23 13:36:16 - pretrain_logger - INFO - Pretrain memory allocated: 20.04 MB
[2026-06-23 13:36:16,329][pretrain_logger][INFO] - Pretrain memory allocated: 20.04 MB
2026-06-23 13:36:16 - pretrain_logger - INFO - Current learning rate: 0.0005
[2026-06-23 13:36:16,329][pretrain_logger][INFO] - Current learning rate: 0.0005
2026-06-23 13:36:16 - pretrain_logger - INFO - Logged epoch Pretrain 10 info to /public/home/202411094934/python_project/Spatio-Temporal-Library/time-series/2026-06-23/autoformer/pretrain10/pulse/time-series/seed_0/training_log.json
[2026-06-23 13:36:16,332][pretrain_logger][INFO] - Logged epoch Pretrain 10 info to /public/home/202411094934/python_project/Spatio-Temporal-Library/time-series/2026-06-23/autoformer/pretrain10/pulse/time-series/seed_0/training_log.json
2026-06-23 13:36:16 - pretrain_logger - INFO - JEPA pretraining completed.
[2026-06-23 13:36:16,332][pretrain_logger][INFO] - JEPA pretraining completed.
