2026-06-19 00:42:38 - pretrain_logger - INFO - Model parameters: 651,842
[2026-06-19 00:42:38,368][pretrain_logger][INFO] - Model parameters: 651,842
2026-06-19 00:42:38 - pretrain_logger - INFO - Created new log file at /public/home/202411094934/python_project/Spatio-Temporal-Library/time-series/2026-06-19/patchtst/pretrain10/etth2/time-series/seed_2/training_log.json
[2026-06-19 00:42:38,379][pretrain_logger][INFO] - Created new log file at /public/home/202411094934/python_project/Spatio-Temporal-Library/time-series/2026-06-19/patchtst/pretrain10/etth2/time-series/seed_2/training_log.json
2026-06-19 00:42:38 - pretrain_logger - INFO - Starting JEPA pretraining...
[2026-06-19 00:42:38,379][pretrain_logger][INFO] - Starting JEPA pretraining...
2026-06-19 01:40:36 - pretrain_logger - INFO - Model parameters: 651,842
[2026-06-19 01:40:36,705][pretrain_logger][INFO] - Model parameters: 651,842
2026-06-19 01:40:36 - pretrain_logger - INFO - Log file already exists at /public/home/202411094934/python_project/Spatio-Temporal-Library/time-series/2026-06-19/patchtst/pretrain10/etth2/time-series/seed_2/training_log.json, appending to it.
[2026-06-19 01:40:36,970][pretrain_logger][INFO] - Log file already exists at /public/home/202411094934/python_project/Spatio-Temporal-Library/time-series/2026-06-19/patchtst/pretrain10/etth2/time-series/seed_2/training_log.json, appending to it.
2026-06-19 01:40:36 - pretrain_logger - INFO - Starting JEPA pretraining...
[2026-06-19 01:40:36,970][pretrain_logger][INFO] - Starting JEPA pretraining...
2026-06-19 01:42:39 - pretrain_logger - INFO - [JEPA Pretrain] Epoch 1/10, loss=2.231955, time=122.14s
[2026-06-19 01:42:39,108][pretrain_logger][INFO] - [JEPA Pretrain] Epoch 1/10, loss=2.231955, time=122.14s
2026-06-19 01:42:39 - pretrain_logger - INFO - Pretrain loss: 2.231955284168119
[2026-06-19 01:42:39,108][pretrain_logger][INFO] - Pretrain loss: 2.231955284168119
2026-06-19 01:42:39 - pretrain_logger - INFO - Pretrain time: 122.13728857040405s
[2026-06-19 01:42:39,108][pretrain_logger][INFO] - Pretrain time: 122.13728857040405s
2026-06-19 01:42:39 - pretrain_logger - INFO - Pretrain memory reserved: 88.00 MB
[2026-06-19 01:42:39,109][pretrain_logger][INFO] - Pretrain memory reserved: 88.00 MB
2026-06-19 01:42:39 - pretrain_logger - INFO - Pretrain memory allocated: 19.35 MB
[2026-06-19 01:42:39,109][pretrain_logger][INFO] - Pretrain memory allocated: 19.35 MB
2026-06-19 01:42:39 - pretrain_logger - INFO - Current learning rate: 0.0005
[2026-06-19 01:42:39,109][pretrain_logger][INFO] - Current learning rate: 0.0005
2026-06-19 01:42:39 - pretrain_logger - INFO - Logged epoch Pretrain 1 info to /public/home/202411094934/python_project/Spatio-Temporal-Library/time-series/2026-06-19/patchtst/pretrain10/etth2/time-series/seed_2/training_log.json
[2026-06-19 01:42:39,114][pretrain_logger][INFO] - Logged epoch Pretrain 1 info to /public/home/202411094934/python_project/Spatio-Temporal-Library/time-series/2026-06-19/patchtst/pretrain10/etth2/time-series/seed_2/training_log.json
2026-06-19 01:44:41 - pretrain_logger - INFO - [JEPA Pretrain] Epoch 2/10, loss=1.400991, time=122.28s
[2026-06-19 01:44:41,396][pretrain_logger][INFO] - [JEPA Pretrain] Epoch 2/10, loss=1.400991, time=122.28s
2026-06-19 01:44:41 - pretrain_logger - INFO - Pretrain loss: 1.4009910104455214
[2026-06-19 01:44:41,414][pretrain_logger][INFO] - Pretrain loss: 1.4009910104455214
2026-06-19 01:44:41 - pretrain_logger - INFO - Pretrain time: 122.28209328651428s
[2026-06-19 01:44:41,414][pretrain_logger][INFO] - Pretrain time: 122.28209328651428s
2026-06-19 01:44:41 - pretrain_logger - INFO - Pretrain memory reserved: 88.00 MB
[2026-06-19 01:44:41,414][pretrain_logger][INFO] - Pretrain memory reserved: 88.00 MB
2026-06-19 01:44:41 - pretrain_logger - INFO - Pretrain memory allocated: 19.35 MB
[2026-06-19 01:44:41,415][pretrain_logger][INFO] - Pretrain memory allocated: 19.35 MB
2026-06-19 01:44:41 - pretrain_logger - INFO - Current learning rate: 0.0005
[2026-06-19 01:44:41,415][pretrain_logger][INFO] - Current learning rate: 0.0005
2026-06-19 01:44:41 - pretrain_logger - INFO - Logged epoch Pretrain 2 info to /public/home/202411094934/python_project/Spatio-Temporal-Library/time-series/2026-06-19/patchtst/pretrain10/etth2/time-series/seed_2/training_log.json
[2026-06-19 01:44:41,417][pretrain_logger][INFO] - Logged epoch Pretrain 2 info to /public/home/202411094934/python_project/Spatio-Temporal-Library/time-series/2026-06-19/patchtst/pretrain10/etth2/time-series/seed_2/training_log.json
2026-06-19 01:46:43 - pretrain_logger - INFO - [JEPA Pretrain] Epoch 3/10, loss=1.247310, time=121.97s
[2026-06-19 01:46:43,392][pretrain_logger][INFO] - [JEPA Pretrain] Epoch 3/10, loss=1.247310, time=121.97s
2026-06-19 01:46:43 - pretrain_logger - INFO - Pretrain loss: 1.247309589080317
[2026-06-19 01:46:43,392][pretrain_logger][INFO] - Pretrain loss: 1.247309589080317
2026-06-19 01:46:43 - pretrain_logger - INFO - Pretrain time: 121.97466468811035s
[2026-06-19 01:46:43,393][pretrain_logger][INFO] - Pretrain time: 121.97466468811035s
2026-06-19 01:46:43 - pretrain_logger - INFO - Pretrain memory reserved: 88.00 MB
[2026-06-19 01:46:43,393][pretrain_logger][INFO] - Pretrain memory reserved: 88.00 MB
2026-06-19 01:46:43 - pretrain_logger - INFO - Pretrain memory allocated: 19.35 MB
[2026-06-19 01:46:43,393][pretrain_logger][INFO] - Pretrain memory allocated: 19.35 MB
2026-06-19 01:46:43 - pretrain_logger - INFO - Current learning rate: 0.0005
[2026-06-19 01:46:43,393][pretrain_logger][INFO] - Current learning rate: 0.0005
2026-06-19 01:46:43 - pretrain_logger - INFO - Logged epoch Pretrain 3 info to /public/home/202411094934/python_project/Spatio-Temporal-Library/time-series/2026-06-19/patchtst/pretrain10/etth2/time-series/seed_2/training_log.json
[2026-06-19 01:46:43,396][pretrain_logger][INFO] - Logged epoch Pretrain 3 info to /public/home/202411094934/python_project/Spatio-Temporal-Library/time-series/2026-06-19/patchtst/pretrain10/etth2/time-series/seed_2/training_log.json
2026-06-19 01:48:45 - pretrain_logger - INFO - [JEPA Pretrain] Epoch 4/10, loss=1.024390, time=121.83s
[2026-06-19 01:48:45,222][pretrain_logger][INFO] - [JEPA Pretrain] Epoch 4/10, loss=1.024390, time=121.83s
2026-06-19 01:48:45 - pretrain_logger - INFO - Pretrain loss: 1.024390370687983
[2026-06-19 01:48:45,239][pretrain_logger][INFO] - Pretrain loss: 1.024390370687983
2026-06-19 01:48:45 - pretrain_logger - INFO - Pretrain time: 121.82563018798828s
[2026-06-19 01:48:45,239][pretrain_logger][INFO] - Pretrain time: 121.82563018798828s
2026-06-19 01:48:45 - pretrain_logger - INFO - Pretrain memory reserved: 88.00 MB
[2026-06-19 01:48:45,239][pretrain_logger][INFO] - Pretrain memory reserved: 88.00 MB
2026-06-19 01:48:45 - pretrain_logger - INFO - Pretrain memory allocated: 19.35 MB
[2026-06-19 01:48:45,239][pretrain_logger][INFO] - Pretrain memory allocated: 19.35 MB
2026-06-19 01:48:45 - pretrain_logger - INFO - Current learning rate: 0.0005
[2026-06-19 01:48:45,240][pretrain_logger][INFO] - Current learning rate: 0.0005
2026-06-19 01:48:45 - pretrain_logger - INFO - Logged epoch Pretrain 4 info to /public/home/202411094934/python_project/Spatio-Temporal-Library/time-series/2026-06-19/patchtst/pretrain10/etth2/time-series/seed_2/training_log.json
[2026-06-19 01:48:45,242][pretrain_logger][INFO] - Logged epoch Pretrain 4 info to /public/home/202411094934/python_project/Spatio-Temporal-Library/time-series/2026-06-19/patchtst/pretrain10/etth2/time-series/seed_2/training_log.json
2026-06-19 01:50:47 - pretrain_logger - INFO - [JEPA Pretrain] Epoch 5/10, loss=0.910919, time=122.00s
[2026-06-19 01:50:47,242][pretrain_logger][INFO] - [JEPA Pretrain] Epoch 5/10, loss=0.910919, time=122.00s
2026-06-19 01:50:47 - pretrain_logger - INFO - Pretrain loss: 0.9109193620329191
[2026-06-19 01:50:47,242][pretrain_logger][INFO] - Pretrain loss: 0.9109193620329191
2026-06-19 01:50:47 - pretrain_logger - INFO - Pretrain time: 121.99993109703064s
[2026-06-19 01:50:47,243][pretrain_logger][INFO] - Pretrain time: 121.99993109703064s
2026-06-19 01:50:47 - pretrain_logger - INFO - Pretrain memory reserved: 88.00 MB
[2026-06-19 01:50:47,243][pretrain_logger][INFO] - Pretrain memory reserved: 88.00 MB
2026-06-19 01:50:47 - pretrain_logger - INFO - Pretrain memory allocated: 19.35 MB
[2026-06-19 01:50:47,243][pretrain_logger][INFO] - Pretrain memory allocated: 19.35 MB
2026-06-19 01:50:47 - pretrain_logger - INFO - Current learning rate: 0.0005
[2026-06-19 01:50:47,243][pretrain_logger][INFO] - Current learning rate: 0.0005
2026-06-19 01:50:47 - pretrain_logger - INFO - Logged epoch Pretrain 5 info to /public/home/202411094934/python_project/Spatio-Temporal-Library/time-series/2026-06-19/patchtst/pretrain10/etth2/time-series/seed_2/training_log.json
[2026-06-19 01:50:47,246][pretrain_logger][INFO] - Logged epoch Pretrain 5 info to /public/home/202411094934/python_project/Spatio-Temporal-Library/time-series/2026-06-19/patchtst/pretrain10/etth2/time-series/seed_2/training_log.json
2026-06-19 01:52:49 - pretrain_logger - INFO - [JEPA Pretrain] Epoch 6/10, loss=0.833896, time=122.06s
[2026-06-19 01:52:49,309][pretrain_logger][INFO] - [JEPA Pretrain] Epoch 6/10, loss=0.833896, time=122.06s
2026-06-19 01:52:49 - pretrain_logger - INFO - Pretrain loss: 0.8338955850102103
[2026-06-19 01:52:49,327][pretrain_logger][INFO] - Pretrain loss: 0.8338955850102103
2026-06-19 01:52:49 - pretrain_logger - INFO - Pretrain time: 122.06322026252747s
[2026-06-19 01:52:49,328][pretrain_logger][INFO] - Pretrain time: 122.06322026252747s
2026-06-19 01:52:49 - pretrain_logger - INFO - Pretrain memory reserved: 88.00 MB
[2026-06-19 01:52:49,328][pretrain_logger][INFO] - Pretrain memory reserved: 88.00 MB
2026-06-19 01:52:49 - pretrain_logger - INFO - Pretrain memory allocated: 19.35 MB
[2026-06-19 01:52:49,328][pretrain_logger][INFO] - Pretrain memory allocated: 19.35 MB
2026-06-19 01:52:49 - pretrain_logger - INFO - Current learning rate: 0.0005
[2026-06-19 01:52:49,328][pretrain_logger][INFO] - Current learning rate: 0.0005
2026-06-19 01:52:49 - pretrain_logger - INFO - Logged epoch Pretrain 6 info to /public/home/202411094934/python_project/Spatio-Temporal-Library/time-series/2026-06-19/patchtst/pretrain10/etth2/time-series/seed_2/training_log.json
[2026-06-19 01:52:49,330][pretrain_logger][INFO] - Logged epoch Pretrain 6 info to /public/home/202411094934/python_project/Spatio-Temporal-Library/time-series/2026-06-19/patchtst/pretrain10/etth2/time-series/seed_2/training_log.json
2026-06-19 01:54:51 - pretrain_logger - INFO - [JEPA Pretrain] Epoch 7/10, loss=0.769569, time=121.69s
[2026-06-19 01:54:51,022][pretrain_logger][INFO] - [JEPA Pretrain] Epoch 7/10, loss=0.769569, time=121.69s
2026-06-19 01:54:51 - pretrain_logger - INFO - Pretrain loss: 0.7695692375648866
[2026-06-19 01:54:51,022][pretrain_logger][INFO] - Pretrain loss: 0.7695692375648866
2026-06-19 01:54:51 - pretrain_logger - INFO - Pretrain time: 121.69096565246582s
[2026-06-19 01:54:51,022][pretrain_logger][INFO] - Pretrain time: 121.69096565246582s
2026-06-19 01:54:51 - pretrain_logger - INFO - Pretrain memory reserved: 88.00 MB
[2026-06-19 01:54:51,022][pretrain_logger][INFO] - Pretrain memory reserved: 88.00 MB
2026-06-19 01:54:51 - pretrain_logger - INFO - Pretrain memory allocated: 19.35 MB
[2026-06-19 01:54:51,023][pretrain_logger][INFO] - Pretrain memory allocated: 19.35 MB
2026-06-19 01:54:51 - pretrain_logger - INFO - Current learning rate: 0.0005
[2026-06-19 01:54:51,023][pretrain_logger][INFO] - Current learning rate: 0.0005
2026-06-19 01:54:51 - pretrain_logger - INFO - Logged epoch Pretrain 7 info to /public/home/202411094934/python_project/Spatio-Temporal-Library/time-series/2026-06-19/patchtst/pretrain10/etth2/time-series/seed_2/training_log.json
[2026-06-19 01:54:51,025][pretrain_logger][INFO] - Logged epoch Pretrain 7 info to /public/home/202411094934/python_project/Spatio-Temporal-Library/time-series/2026-06-19/patchtst/pretrain10/etth2/time-series/seed_2/training_log.json
2026-06-19 01:56:52 - pretrain_logger - INFO - [JEPA Pretrain] Epoch 8/10, loss=0.738115, time=121.93s
[2026-06-19 01:56:52,956][pretrain_logger][INFO] - [JEPA Pretrain] Epoch 8/10, loss=0.738115, time=121.93s
2026-06-19 01:56:52 - pretrain_logger - INFO - Pretrain loss: 0.7381146761584879
[2026-06-19 01:56:52,973][pretrain_logger][INFO] - Pretrain loss: 0.7381146761584879
2026-06-19 01:56:52 - pretrain_logger - INFO - Pretrain time: 121.93012237548828s
[2026-06-19 01:56:52,974][pretrain_logger][INFO] - Pretrain time: 121.93012237548828s
2026-06-19 01:56:52 - pretrain_logger - INFO - Pretrain memory reserved: 88.00 MB
[2026-06-19 01:56:52,974][pretrain_logger][INFO] - Pretrain memory reserved: 88.00 MB
2026-06-19 01:56:52 - pretrain_logger - INFO - Pretrain memory allocated: 19.35 MB
[2026-06-19 01:56:52,974][pretrain_logger][INFO] - Pretrain memory allocated: 19.35 MB
2026-06-19 01:56:52 - pretrain_logger - INFO - Current learning rate: 0.0005
[2026-06-19 01:56:52,974][pretrain_logger][INFO] - Current learning rate: 0.0005
2026-06-19 01:56:52 - pretrain_logger - INFO - Logged epoch Pretrain 8 info to /public/home/202411094934/python_project/Spatio-Temporal-Library/time-series/2026-06-19/patchtst/pretrain10/etth2/time-series/seed_2/training_log.json
[2026-06-19 01:56:52,977][pretrain_logger][INFO] - Logged epoch Pretrain 8 info to /public/home/202411094934/python_project/Spatio-Temporal-Library/time-series/2026-06-19/patchtst/pretrain10/etth2/time-series/seed_2/training_log.json
2026-06-19 12:27:03 - pretrain_logger - INFO - Model parameters: 651,842
[2026-06-19 12:27:03,904][pretrain_logger][INFO] - Model parameters: 651,842
2026-06-19 12:27:03 - pretrain_logger - INFO - Log file already exists at /public/home/202411094934/python_project/Spatio-Temporal-Library/time-series/2026-06-19/patchtst/pretrain10/etth2/time-series/seed_2/training_log.json, appending to it.
[2026-06-19 12:27:03,913][pretrain_logger][INFO] - Log file already exists at /public/home/202411094934/python_project/Spatio-Temporal-Library/time-series/2026-06-19/patchtst/pretrain10/etth2/time-series/seed_2/training_log.json, appending to it.
2026-06-19 12:27:03 - pretrain_logger - INFO - Starting JEPA pretraining...
[2026-06-19 12:27:03,913][pretrain_logger][INFO] - Starting JEPA pretraining...
2026-06-19 12:28:42 - pretrain_logger - INFO - Model parameters: 651,842
[2026-06-19 12:28:42,997][pretrain_logger][INFO] - Model parameters: 651,842
2026-06-19 12:28:43 - pretrain_logger - INFO - Log file already exists at /public/home/202411094934/python_project/Spatio-Temporal-Library/time-series/2026-06-19/patchtst/pretrain10/etth2/time-series/seed_2/training_log.json, appending to it.
[2026-06-19 12:28:43,008][pretrain_logger][INFO] - Log file already exists at /public/home/202411094934/python_project/Spatio-Temporal-Library/time-series/2026-06-19/patchtst/pretrain10/etth2/time-series/seed_2/training_log.json, appending to it.
2026-06-19 12:28:43 - pretrain_logger - INFO - Starting JEPA pretraining...
[2026-06-19 12:28:43,009][pretrain_logger][INFO] - Starting JEPA pretraining...
2026-06-19 12:30:44 - pretrain_logger - INFO - [JEPA Pretrain] Epoch 1/10, loss=2.231955, time=121.57s
[2026-06-19 12:30:44,575][pretrain_logger][INFO] - [JEPA Pretrain] Epoch 1/10, loss=2.231955, time=121.57s
2026-06-19 12:30:44 - pretrain_logger - INFO - Pretrain loss: 2.231955284168119
[2026-06-19 12:30:44,575][pretrain_logger][INFO] - Pretrain loss: 2.231955284168119
2026-06-19 12:30:44 - pretrain_logger - INFO - Pretrain time: 121.5659761428833s
[2026-06-19 12:30:44,576][pretrain_logger][INFO] - Pretrain time: 121.5659761428833s
2026-06-19 12:30:44 - pretrain_logger - INFO - Pretrain memory reserved: 88.00 MB
[2026-06-19 12:30:44,576][pretrain_logger][INFO] - Pretrain memory reserved: 88.00 MB
2026-06-19 12:30:44 - pretrain_logger - INFO - Pretrain memory allocated: 19.35 MB
[2026-06-19 12:30:44,576][pretrain_logger][INFO] - Pretrain memory allocated: 19.35 MB
2026-06-19 12:30:44 - pretrain_logger - INFO - Current learning rate: 0.0005
[2026-06-19 12:30:44,576][pretrain_logger][INFO] - Current learning rate: 0.0005
2026-06-19 12:30:44 - pretrain_logger - INFO - Logged epoch Pretrain 1 info to /public/home/202411094934/python_project/Spatio-Temporal-Library/time-series/2026-06-19/patchtst/pretrain10/etth2/time-series/seed_2/training_log.json
[2026-06-19 12:30:44,578][pretrain_logger][INFO] - Logged epoch Pretrain 1 info to /public/home/202411094934/python_project/Spatio-Temporal-Library/time-series/2026-06-19/patchtst/pretrain10/etth2/time-series/seed_2/training_log.json
2026-06-19 12:32:45 - pretrain_logger - INFO - [JEPA Pretrain] Epoch 2/10, loss=1.400991, time=121.20s
[2026-06-19 12:32:45,776][pretrain_logger][INFO] - [JEPA Pretrain] Epoch 2/10, loss=1.400991, time=121.20s
2026-06-19 12:32:45 - pretrain_logger - INFO - Pretrain loss: 1.4009910104455214
[2026-06-19 12:32:45,796][pretrain_logger][INFO] - Pretrain loss: 1.4009910104455214
2026-06-19 12:32:45 - pretrain_logger - INFO - Pretrain time: 121.19745802879333s
[2026-06-19 12:32:45,796][pretrain_logger][INFO] - Pretrain time: 121.19745802879333s
2026-06-19 12:32:45 - pretrain_logger - INFO - Pretrain memory reserved: 88.00 MB
[2026-06-19 12:32:45,796][pretrain_logger][INFO] - Pretrain memory reserved: 88.00 MB
2026-06-19 12:32:45 - pretrain_logger - INFO - Pretrain memory allocated: 19.35 MB
[2026-06-19 12:32:45,796][pretrain_logger][INFO] - Pretrain memory allocated: 19.35 MB
2026-06-19 12:32:45 - pretrain_logger - INFO - Current learning rate: 0.0005
[2026-06-19 12:32:45,796][pretrain_logger][INFO] - Current learning rate: 0.0005
2026-06-19 12:32:45 - pretrain_logger - INFO - Logged epoch Pretrain 2 info to /public/home/202411094934/python_project/Spatio-Temporal-Library/time-series/2026-06-19/patchtst/pretrain10/etth2/time-series/seed_2/training_log.json
[2026-06-19 12:32:45,799][pretrain_logger][INFO] - Logged epoch Pretrain 2 info to /public/home/202411094934/python_project/Spatio-Temporal-Library/time-series/2026-06-19/patchtst/pretrain10/etth2/time-series/seed_2/training_log.json
2026-06-19 12:34:46 - pretrain_logger - INFO - [JEPA Pretrain] Epoch 3/10, loss=1.247310, time=121.12s
[2026-06-19 12:34:46,915][pretrain_logger][INFO] - [JEPA Pretrain] Epoch 3/10, loss=1.247310, time=121.12s
2026-06-19 12:34:46 - pretrain_logger - INFO - Pretrain loss: 1.247309589080317
[2026-06-19 12:34:46,916][pretrain_logger][INFO] - Pretrain loss: 1.247309589080317
2026-06-19 12:34:46 - pretrain_logger - INFO - Pretrain time: 121.11595320701599s
[2026-06-19 12:34:46,916][pretrain_logger][INFO] - Pretrain time: 121.11595320701599s
2026-06-19 12:34:46 - pretrain_logger - INFO - Pretrain memory reserved: 88.00 MB
[2026-06-19 12:34:46,916][pretrain_logger][INFO] - Pretrain memory reserved: 88.00 MB
2026-06-19 12:34:46 - pretrain_logger - INFO - Pretrain memory allocated: 19.35 MB
[2026-06-19 12:34:46,916][pretrain_logger][INFO] - Pretrain memory allocated: 19.35 MB
2026-06-19 12:34:46 - pretrain_logger - INFO - Current learning rate: 0.0005
[2026-06-19 12:34:46,916][pretrain_logger][INFO] - Current learning rate: 0.0005
2026-06-19 12:34:46 - pretrain_logger - INFO - Logged epoch Pretrain 3 info to /public/home/202411094934/python_project/Spatio-Temporal-Library/time-series/2026-06-19/patchtst/pretrain10/etth2/time-series/seed_2/training_log.json
[2026-06-19 12:34:46,919][pretrain_logger][INFO] - Logged epoch Pretrain 3 info to /public/home/202411094934/python_project/Spatio-Temporal-Library/time-series/2026-06-19/patchtst/pretrain10/etth2/time-series/seed_2/training_log.json
2026-06-19 12:36:47 - pretrain_logger - INFO - [JEPA Pretrain] Epoch 4/10, loss=1.024390, time=120.92s
[2026-06-19 12:36:47,839][pretrain_logger][INFO] - [JEPA Pretrain] Epoch 4/10, loss=1.024390, time=120.92s
2026-06-19 12:36:47 - pretrain_logger - INFO - Pretrain loss: 1.024390370687983
[2026-06-19 12:36:47,858][pretrain_logger][INFO] - Pretrain loss: 1.024390370687983
2026-06-19 12:36:47 - pretrain_logger - INFO - Pretrain time: 120.91954708099365s
[2026-06-19 12:36:47,858][pretrain_logger][INFO] - Pretrain time: 120.91954708099365s
2026-06-19 12:36:47 - pretrain_logger - INFO - Pretrain memory reserved: 88.00 MB
[2026-06-19 12:36:47,858][pretrain_logger][INFO] - Pretrain memory reserved: 88.00 MB
2026-06-19 12:36:47 - pretrain_logger - INFO - Pretrain memory allocated: 19.35 MB
[2026-06-19 12:36:47,858][pretrain_logger][INFO] - Pretrain memory allocated: 19.35 MB
2026-06-19 12:36:47 - pretrain_logger - INFO - Current learning rate: 0.0005
[2026-06-19 12:36:47,858][pretrain_logger][INFO] - Current learning rate: 0.0005
2026-06-19 12:36:47 - pretrain_logger - INFO - Logged epoch Pretrain 4 info to /public/home/202411094934/python_project/Spatio-Temporal-Library/time-series/2026-06-19/patchtst/pretrain10/etth2/time-series/seed_2/training_log.json
[2026-06-19 12:36:47,861][pretrain_logger][INFO] - Logged epoch Pretrain 4 info to /public/home/202411094934/python_project/Spatio-Temporal-Library/time-series/2026-06-19/patchtst/pretrain10/etth2/time-series/seed_2/training_log.json
2026-06-19 12:38:49 - pretrain_logger - INFO - [JEPA Pretrain] Epoch 5/10, loss=0.910919, time=121.20s
[2026-06-19 12:38:49,065][pretrain_logger][INFO] - [JEPA Pretrain] Epoch 5/10, loss=0.910919, time=121.20s
2026-06-19 12:38:49 - pretrain_logger - INFO - Pretrain loss: 0.9109193620329191
[2026-06-19 12:38:49,065][pretrain_logger][INFO] - Pretrain loss: 0.9109193620329191
2026-06-19 12:38:49 - pretrain_logger - INFO - Pretrain time: 121.20374059677124s
[2026-06-19 12:38:49,066][pretrain_logger][INFO] - Pretrain time: 121.20374059677124s
2026-06-19 12:38:49 - pretrain_logger - INFO - Pretrain memory reserved: 88.00 MB
[2026-06-19 12:38:49,066][pretrain_logger][INFO] - Pretrain memory reserved: 88.00 MB
2026-06-19 12:38:49 - pretrain_logger - INFO - Pretrain memory allocated: 19.35 MB
[2026-06-19 12:38:49,066][pretrain_logger][INFO] - Pretrain memory allocated: 19.35 MB
2026-06-19 12:38:49 - pretrain_logger - INFO - Current learning rate: 0.0005
[2026-06-19 12:38:49,066][pretrain_logger][INFO] - Current learning rate: 0.0005
2026-06-19 12:38:49 - pretrain_logger - INFO - Logged epoch Pretrain 5 info to /public/home/202411094934/python_project/Spatio-Temporal-Library/time-series/2026-06-19/patchtst/pretrain10/etth2/time-series/seed_2/training_log.json
[2026-06-19 12:38:49,069][pretrain_logger][INFO] - Logged epoch Pretrain 5 info to /public/home/202411094934/python_project/Spatio-Temporal-Library/time-series/2026-06-19/patchtst/pretrain10/etth2/time-series/seed_2/training_log.json
2026-06-19 12:40:50 - pretrain_logger - INFO - [JEPA Pretrain] Epoch 6/10, loss=0.833896, time=121.12s
[2026-06-19 12:40:50,185][pretrain_logger][INFO] - [JEPA Pretrain] Epoch 6/10, loss=0.833896, time=121.12s
2026-06-19 12:40:50 - pretrain_logger - INFO - Pretrain loss: 0.8338955850102103
[2026-06-19 12:40:50,204][pretrain_logger][INFO] - Pretrain loss: 0.8338955850102103
2026-06-19 12:40:50 - pretrain_logger - INFO - Pretrain time: 121.11526346206665s
[2026-06-19 12:40:50,204][pretrain_logger][INFO] - Pretrain time: 121.11526346206665s
2026-06-19 12:40:50 - pretrain_logger - INFO - Pretrain memory reserved: 88.00 MB
[2026-06-19 12:40:50,205][pretrain_logger][INFO] - Pretrain memory reserved: 88.00 MB
2026-06-19 12:40:50 - pretrain_logger - INFO - Pretrain memory allocated: 19.35 MB
[2026-06-19 12:40:50,205][pretrain_logger][INFO] - Pretrain memory allocated: 19.35 MB
2026-06-19 12:40:50 - pretrain_logger - INFO - Current learning rate: 0.0005
[2026-06-19 12:40:50,205][pretrain_logger][INFO] - Current learning rate: 0.0005
2026-06-19 12:40:50 - pretrain_logger - INFO - Logged epoch Pretrain 6 info to /public/home/202411094934/python_project/Spatio-Temporal-Library/time-series/2026-06-19/patchtst/pretrain10/etth2/time-series/seed_2/training_log.json
[2026-06-19 12:40:50,208][pretrain_logger][INFO] - Logged epoch Pretrain 6 info to /public/home/202411094934/python_project/Spatio-Temporal-Library/time-series/2026-06-19/patchtst/pretrain10/etth2/time-series/seed_2/training_log.json
2026-06-19 12:42:51 - pretrain_logger - INFO - [JEPA Pretrain] Epoch 7/10, loss=0.769569, time=121.04s
[2026-06-19 12:42:51,244][pretrain_logger][INFO] - [JEPA Pretrain] Epoch 7/10, loss=0.769569, time=121.04s
2026-06-19 12:42:51 - pretrain_logger - INFO - Pretrain loss: 0.7695692375648866
[2026-06-19 12:42:51,244][pretrain_logger][INFO] - Pretrain loss: 0.7695692375648866
2026-06-19 12:42:51 - pretrain_logger - INFO - Pretrain time: 121.03518295288086s
[2026-06-19 12:42:51,244][pretrain_logger][INFO] - Pretrain time: 121.03518295288086s
2026-06-19 12:42:51 - pretrain_logger - INFO - Pretrain memory reserved: 88.00 MB
[2026-06-19 12:42:51,244][pretrain_logger][INFO] - Pretrain memory reserved: 88.00 MB
2026-06-19 12:42:51 - pretrain_logger - INFO - Pretrain memory allocated: 19.35 MB
[2026-06-19 12:42:51,244][pretrain_logger][INFO] - Pretrain memory allocated: 19.35 MB
2026-06-19 12:42:51 - pretrain_logger - INFO - Current learning rate: 0.0005
[2026-06-19 12:42:51,245][pretrain_logger][INFO] - Current learning rate: 0.0005
2026-06-19 12:42:51 - pretrain_logger - INFO - Logged epoch Pretrain 7 info to /public/home/202411094934/python_project/Spatio-Temporal-Library/time-series/2026-06-19/patchtst/pretrain10/etth2/time-series/seed_2/training_log.json
[2026-06-19 12:42:51,248][pretrain_logger][INFO] - Logged epoch Pretrain 7 info to /public/home/202411094934/python_project/Spatio-Temporal-Library/time-series/2026-06-19/patchtst/pretrain10/etth2/time-series/seed_2/training_log.json
2026-06-19 12:44:52 - pretrain_logger - INFO - [JEPA Pretrain] Epoch 8/10, loss=0.738115, time=121.15s
[2026-06-19 12:44:52,403][pretrain_logger][INFO] - [JEPA Pretrain] Epoch 8/10, loss=0.738115, time=121.15s
2026-06-19 12:44:52 - pretrain_logger - INFO - Pretrain loss: 0.7381146761584879
[2026-06-19 12:44:52,422][pretrain_logger][INFO] - Pretrain loss: 0.7381146761584879
2026-06-19 12:44:52 - pretrain_logger - INFO - Pretrain time: 121.15491008758545s
[2026-06-19 12:44:52,422][pretrain_logger][INFO] - Pretrain time: 121.15491008758545s
2026-06-19 12:44:52 - pretrain_logger - INFO - Pretrain memory reserved: 88.00 MB
[2026-06-19 12:44:52,422][pretrain_logger][INFO] - Pretrain memory reserved: 88.00 MB
2026-06-19 12:44:52 - pretrain_logger - INFO - Pretrain memory allocated: 19.35 MB
[2026-06-19 12:44:52,422][pretrain_logger][INFO] - Pretrain memory allocated: 19.35 MB
2026-06-19 12:44:52 - pretrain_logger - INFO - Current learning rate: 0.0005
[2026-06-19 12:44:52,422][pretrain_logger][INFO] - Current learning rate: 0.0005
2026-06-19 12:44:52 - pretrain_logger - INFO - Logged epoch Pretrain 8 info to /public/home/202411094934/python_project/Spatio-Temporal-Library/time-series/2026-06-19/patchtst/pretrain10/etth2/time-series/seed_2/training_log.json
[2026-06-19 12:44:52,425][pretrain_logger][INFO] - Logged epoch Pretrain 8 info to /public/home/202411094934/python_project/Spatio-Temporal-Library/time-series/2026-06-19/patchtst/pretrain10/etth2/time-series/seed_2/training_log.json
2026-06-19 12:46:53 - pretrain_logger - INFO - [JEPA Pretrain] Epoch 9/10, loss=0.723257, time=121.05s
[2026-06-19 12:46:53,478][pretrain_logger][INFO] - [JEPA Pretrain] Epoch 9/10, loss=0.723257, time=121.05s
2026-06-19 12:46:53 - pretrain_logger - INFO - Pretrain loss: 0.7232573390682329
[2026-06-19 12:46:53,478][pretrain_logger][INFO] - Pretrain loss: 0.7232573390682329
2026-06-19 12:46:53 - pretrain_logger - INFO - Pretrain time: 121.05205750465393s
[2026-06-19 12:46:53,478][pretrain_logger][INFO] - Pretrain time: 121.05205750465393s
2026-06-19 12:46:53 - pretrain_logger - INFO - Pretrain memory reserved: 88.00 MB
[2026-06-19 12:46:53,478][pretrain_logger][INFO] - Pretrain memory reserved: 88.00 MB
2026-06-19 12:46:53 - pretrain_logger - INFO - Pretrain memory allocated: 19.35 MB
[2026-06-19 12:46:53,478][pretrain_logger][INFO] - Pretrain memory allocated: 19.35 MB
2026-06-19 12:46:53 - pretrain_logger - INFO - Current learning rate: 0.0005
[2026-06-19 12:46:53,479][pretrain_logger][INFO] - Current learning rate: 0.0005
2026-06-19 12:46:53 - pretrain_logger - INFO - Logged epoch Pretrain 9 info to /public/home/202411094934/python_project/Spatio-Temporal-Library/time-series/2026-06-19/patchtst/pretrain10/etth2/time-series/seed_2/training_log.json
[2026-06-19 12:46:53,482][pretrain_logger][INFO] - Logged epoch Pretrain 9 info to /public/home/202411094934/python_project/Spatio-Temporal-Library/time-series/2026-06-19/patchtst/pretrain10/etth2/time-series/seed_2/training_log.json
2026-06-19 12:48:54 - pretrain_logger - INFO - [JEPA Pretrain] Epoch 10/10, loss=0.729819, time=121.13s
[2026-06-19 12:48:54,611][pretrain_logger][INFO] - [JEPA Pretrain] Epoch 10/10, loss=0.729819, time=121.13s
2026-06-19 12:48:54 - pretrain_logger - INFO - Pretrain loss: 0.72981946656373
[2026-06-19 12:48:54,629][pretrain_logger][INFO] - Pretrain loss: 0.72981946656373
2026-06-19 12:48:54 - pretrain_logger - INFO - Pretrain time: 121.12970995903015s
[2026-06-19 12:48:54,629][pretrain_logger][INFO] - Pretrain time: 121.12970995903015s
2026-06-19 12:48:54 - pretrain_logger - INFO - Pretrain memory reserved: 88.00 MB
[2026-06-19 12:48:54,630][pretrain_logger][INFO] - Pretrain memory reserved: 88.00 MB
2026-06-19 12:48:54 - pretrain_logger - INFO - Pretrain memory allocated: 19.35 MB
[2026-06-19 12:48:54,630][pretrain_logger][INFO] - Pretrain memory allocated: 19.35 MB
2026-06-19 12:48:54 - pretrain_logger - INFO - Current learning rate: 0.0005
[2026-06-19 12:48:54,630][pretrain_logger][INFO] - Current learning rate: 0.0005
2026-06-19 12:48:54 - pretrain_logger - INFO - Logged epoch Pretrain 10 info to /public/home/202411094934/python_project/Spatio-Temporal-Library/time-series/2026-06-19/patchtst/pretrain10/etth2/time-series/seed_2/training_log.json
[2026-06-19 12:48:54,633][pretrain_logger][INFO] - Logged epoch Pretrain 10 info to /public/home/202411094934/python_project/Spatio-Temporal-Library/time-series/2026-06-19/patchtst/pretrain10/etth2/time-series/seed_2/training_log.json
2026-06-19 12:48:54 - pretrain_logger - INFO - JEPA pretraining completed.
[2026-06-19 12:48:54,633][pretrain_logger][INFO] - JEPA pretraining completed.
