2026-06-16 04:23:02 - pretrain_logger - INFO - Model parameters: 158,912
[2026-06-16 04:23:02,628][pretrain_logger][INFO] - Model parameters: 158,912
2026-06-16 04:23:02 - pretrain_logger - INFO - Created new log file at /public/home/202411094934/python_project/Spatio-Temporal-Library/time-series/2026-06-16/itransformer/pretrain10/ettm1/time-series/seed_2/training_log.json
[2026-06-16 04:23:02,709][pretrain_logger][INFO] - Created new log file at /public/home/202411094934/python_project/Spatio-Temporal-Library/time-series/2026-06-16/itransformer/pretrain10/ettm1/time-series/seed_2/training_log.json
2026-06-16 04:23:02 - pretrain_logger - INFO - Starting JEPA pretraining...
[2026-06-16 04:23:02,709][pretrain_logger][INFO] - Starting JEPA pretraining...
2026-06-16 04:33:56 - pretrain_logger - INFO - [JEPA Pretrain] Epoch 1/10, loss=0.703927, time=654.19s
[2026-06-16 04:33:56,900][pretrain_logger][INFO] - [JEPA Pretrain] Epoch 1/10, loss=0.703927, time=654.19s
2026-06-16 04:33:56 - pretrain_logger - INFO - Pretrain loss: 0.7039272944923065
[2026-06-16 04:33:56,900][pretrain_logger][INFO] - Pretrain loss: 0.7039272944923065
2026-06-16 04:33:56 - pretrain_logger - INFO - Pretrain time: 654.1906170845032s
[2026-06-16 04:33:56,901][pretrain_logger][INFO] - Pretrain time: 654.1906170845032s
2026-06-16 04:33:56 - pretrain_logger - INFO - Pretrain memory reserved: 24.00 MB
[2026-06-16 04:33:56,901][pretrain_logger][INFO] - Pretrain memory reserved: 24.00 MB
2026-06-16 04:33:56 - pretrain_logger - INFO - Pretrain memory allocated: 18.04 MB
[2026-06-16 04:33:56,901][pretrain_logger][INFO] - Pretrain memory allocated: 18.04 MB
2026-06-16 04:33:56 - pretrain_logger - INFO - Current learning rate: 0.0005
[2026-06-16 04:33:56,901][pretrain_logger][INFO] - Current learning rate: 0.0005
2026-06-16 04:33:56 - pretrain_logger - INFO - Logged epoch Pretrain 1 info to /public/home/202411094934/python_project/Spatio-Temporal-Library/time-series/2026-06-16/itransformer/pretrain10/ettm1/time-series/seed_2/training_log.json
[2026-06-16 04:33:56,905][pretrain_logger][INFO] - Logged epoch Pretrain 1 info to /public/home/202411094934/python_project/Spatio-Temporal-Library/time-series/2026-06-16/itransformer/pretrain10/ettm1/time-series/seed_2/training_log.json
2026-06-16 04:44:51 - pretrain_logger - INFO - [JEPA Pretrain] Epoch 2/10, loss=0.587303, time=654.54s
[2026-06-16 04:44:51,441][pretrain_logger][INFO] - [JEPA Pretrain] Epoch 2/10, loss=0.587303, time=654.54s
2026-06-16 04:44:51 - pretrain_logger - INFO - Pretrain loss: 0.5873028627378108
[2026-06-16 04:44:51,464][pretrain_logger][INFO] - Pretrain loss: 0.5873028627378108
2026-06-16 04:44:51 - pretrain_logger - INFO - Pretrain time: 654.5358147621155s
[2026-06-16 04:44:51,464][pretrain_logger][INFO] - Pretrain time: 654.5358147621155s
2026-06-16 04:44:51 - pretrain_logger - INFO - Pretrain memory reserved: 24.00 MB
[2026-06-16 04:44:51,464][pretrain_logger][INFO] - Pretrain memory reserved: 24.00 MB
2026-06-16 04:44:51 - pretrain_logger - INFO - Pretrain memory allocated: 18.04 MB
[2026-06-16 04:44:51,464][pretrain_logger][INFO] - Pretrain memory allocated: 18.04 MB
2026-06-16 04:44:51 - pretrain_logger - INFO - Current learning rate: 0.0005
[2026-06-16 04:44:51,464][pretrain_logger][INFO] - Current learning rate: 0.0005
2026-06-16 04:44:51 - pretrain_logger - INFO - Logged epoch Pretrain 2 info to /public/home/202411094934/python_project/Spatio-Temporal-Library/time-series/2026-06-16/itransformer/pretrain10/ettm1/time-series/seed_2/training_log.json
[2026-06-16 04:44:51,467][pretrain_logger][INFO] - Logged epoch Pretrain 2 info to /public/home/202411094934/python_project/Spatio-Temporal-Library/time-series/2026-06-16/itransformer/pretrain10/ettm1/time-series/seed_2/training_log.json
2026-06-16 04:55:45 - pretrain_logger - INFO - [JEPA Pretrain] Epoch 3/10, loss=0.518124, time=654.35s
[2026-06-16 04:55:45,819][pretrain_logger][INFO] - [JEPA Pretrain] Epoch 3/10, loss=0.518124, time=654.35s
2026-06-16 04:55:45 - pretrain_logger - INFO - Pretrain loss: 0.5181242399079351
[2026-06-16 04:55:45,819][pretrain_logger][INFO] - Pretrain loss: 0.5181242399079351
2026-06-16 04:55:45 - pretrain_logger - INFO - Pretrain time: 654.3516268730164s
[2026-06-16 04:55:45,820][pretrain_logger][INFO] - Pretrain time: 654.3516268730164s
2026-06-16 04:55:45 - pretrain_logger - INFO - Pretrain memory reserved: 24.00 MB
[2026-06-16 04:55:45,820][pretrain_logger][INFO] - Pretrain memory reserved: 24.00 MB
2026-06-16 04:55:45 - pretrain_logger - INFO - Pretrain memory allocated: 18.04 MB
[2026-06-16 04:55:45,820][pretrain_logger][INFO] - Pretrain memory allocated: 18.04 MB
2026-06-16 04:55:45 - pretrain_logger - INFO - Current learning rate: 0.0005
[2026-06-16 04:55:45,820][pretrain_logger][INFO] - Current learning rate: 0.0005
2026-06-16 04:55:45 - pretrain_logger - INFO - Logged epoch Pretrain 3 info to /public/home/202411094934/python_project/Spatio-Temporal-Library/time-series/2026-06-16/itransformer/pretrain10/ettm1/time-series/seed_2/training_log.json
[2026-06-16 04:55:45,823][pretrain_logger][INFO] - Logged epoch Pretrain 3 info to /public/home/202411094934/python_project/Spatio-Temporal-Library/time-series/2026-06-16/itransformer/pretrain10/ettm1/time-series/seed_2/training_log.json
2026-06-16 05:06:40 - pretrain_logger - INFO - [JEPA Pretrain] Epoch 4/10, loss=0.465296, time=654.56s
[2026-06-16 05:06:40,384][pretrain_logger][INFO] - [JEPA Pretrain] Epoch 4/10, loss=0.465296, time=654.56s
2026-06-16 05:06:40 - pretrain_logger - INFO - Pretrain loss: 0.465296155100941
[2026-06-16 05:06:40,406][pretrain_logger][INFO] - Pretrain loss: 0.465296155100941
2026-06-16 05:06:40 - pretrain_logger - INFO - Pretrain time: 654.5612332820892s
[2026-06-16 05:06:40,406][pretrain_logger][INFO] - Pretrain time: 654.5612332820892s
2026-06-16 05:06:40 - pretrain_logger - INFO - Pretrain memory reserved: 24.00 MB
[2026-06-16 05:06:40,406][pretrain_logger][INFO] - Pretrain memory reserved: 24.00 MB
2026-06-16 05:06:40 - pretrain_logger - INFO - Pretrain memory allocated: 18.04 MB
[2026-06-16 05:06:40,406][pretrain_logger][INFO] - Pretrain memory allocated: 18.04 MB
2026-06-16 05:06:40 - pretrain_logger - INFO - Current learning rate: 0.0005
[2026-06-16 05:06:40,406][pretrain_logger][INFO] - Current learning rate: 0.0005
2026-06-16 05:06:40 - pretrain_logger - INFO - Logged epoch Pretrain 4 info to /public/home/202411094934/python_project/Spatio-Temporal-Library/time-series/2026-06-16/itransformer/pretrain10/ettm1/time-series/seed_2/training_log.json
[2026-06-16 05:06:40,409][pretrain_logger][INFO] - Logged epoch Pretrain 4 info to /public/home/202411094934/python_project/Spatio-Temporal-Library/time-series/2026-06-16/itransformer/pretrain10/ettm1/time-series/seed_2/training_log.json
2026-06-16 05:17:35 - pretrain_logger - INFO - [JEPA Pretrain] Epoch 5/10, loss=0.432918, time=654.89s
[2026-06-16 05:17:35,298][pretrain_logger][INFO] - [JEPA Pretrain] Epoch 5/10, loss=0.432918, time=654.89s
2026-06-16 05:17:35 - pretrain_logger - INFO - Pretrain loss: 0.4329177112646949
[2026-06-16 05:17:35,299][pretrain_logger][INFO] - Pretrain loss: 0.4329177112646949
2026-06-16 05:17:35 - pretrain_logger - INFO - Pretrain time: 654.8888068199158s
[2026-06-16 05:17:35,299][pretrain_logger][INFO] - Pretrain time: 654.8888068199158s
2026-06-16 05:17:35 - pretrain_logger - INFO - Pretrain memory reserved: 24.00 MB
[2026-06-16 05:17:35,299][pretrain_logger][INFO] - Pretrain memory reserved: 24.00 MB
2026-06-16 05:17:35 - pretrain_logger - INFO - Pretrain memory allocated: 18.04 MB
[2026-06-16 05:17:35,299][pretrain_logger][INFO] - Pretrain memory allocated: 18.04 MB
2026-06-16 05:17:35 - pretrain_logger - INFO - Current learning rate: 0.0005
[2026-06-16 05:17:35,300][pretrain_logger][INFO] - Current learning rate: 0.0005
2026-06-16 05:17:35 - pretrain_logger - INFO - Logged epoch Pretrain 5 info to /public/home/202411094934/python_project/Spatio-Temporal-Library/time-series/2026-06-16/itransformer/pretrain10/ettm1/time-series/seed_2/training_log.json
[2026-06-16 05:17:35,303][pretrain_logger][INFO] - Logged epoch Pretrain 5 info to /public/home/202411094934/python_project/Spatio-Temporal-Library/time-series/2026-06-16/itransformer/pretrain10/ettm1/time-series/seed_2/training_log.json
2026-06-16 05:28:29 - pretrain_logger - INFO - [JEPA Pretrain] Epoch 6/10, loss=0.399285, time=654.35s
[2026-06-16 05:28:29,650][pretrain_logger][INFO] - [JEPA Pretrain] Epoch 6/10, loss=0.399285, time=654.35s
2026-06-16 05:28:29 - pretrain_logger - INFO - Pretrain loss: 0.3992849455745323
[2026-06-16 05:28:29,671][pretrain_logger][INFO] - Pretrain loss: 0.3992849455745323
2026-06-16 05:28:29 - pretrain_logger - INFO - Pretrain time: 654.346780538559s
[2026-06-16 05:28:29,672][pretrain_logger][INFO] - Pretrain time: 654.346780538559s
2026-06-16 05:28:29 - pretrain_logger - INFO - Pretrain memory reserved: 24.00 MB
[2026-06-16 05:28:29,672][pretrain_logger][INFO] - Pretrain memory reserved: 24.00 MB
2026-06-16 05:28:29 - pretrain_logger - INFO - Pretrain memory allocated: 18.04 MB
[2026-06-16 05:28:29,672][pretrain_logger][INFO] - Pretrain memory allocated: 18.04 MB
2026-06-16 05:28:29 - pretrain_logger - INFO - Current learning rate: 0.0005
[2026-06-16 05:28:29,672][pretrain_logger][INFO] - Current learning rate: 0.0005
2026-06-16 05:28:29 - pretrain_logger - INFO - Logged epoch Pretrain 6 info to /public/home/202411094934/python_project/Spatio-Temporal-Library/time-series/2026-06-16/itransformer/pretrain10/ettm1/time-series/seed_2/training_log.json
[2026-06-16 05:28:29,675][pretrain_logger][INFO] - Logged epoch Pretrain 6 info to /public/home/202411094934/python_project/Spatio-Temporal-Library/time-series/2026-06-16/itransformer/pretrain10/ettm1/time-series/seed_2/training_log.json
2026-06-16 05:39:25 - pretrain_logger - INFO - [JEPA Pretrain] Epoch 7/10, loss=0.374984, time=655.47s
[2026-06-16 05:39:25,148][pretrain_logger][INFO] - [JEPA Pretrain] Epoch 7/10, loss=0.374984, time=655.47s
2026-06-16 05:39:25 - pretrain_logger - INFO - Pretrain loss: 0.3749837398876565
[2026-06-16 05:39:25,148][pretrain_logger][INFO] - Pretrain loss: 0.3749837398876565
2026-06-16 05:39:25 - pretrain_logger - INFO - Pretrain time: 655.4728963375092s
[2026-06-16 05:39:25,149][pretrain_logger][INFO] - Pretrain time: 655.4728963375092s
2026-06-16 05:39:25 - pretrain_logger - INFO - Pretrain memory reserved: 24.00 MB
[2026-06-16 05:39:25,149][pretrain_logger][INFO] - Pretrain memory reserved: 24.00 MB
2026-06-16 05:39:25 - pretrain_logger - INFO - Pretrain memory allocated: 18.04 MB
[2026-06-16 05:39:25,149][pretrain_logger][INFO] - Pretrain memory allocated: 18.04 MB
2026-06-16 05:39:25 - pretrain_logger - INFO - Current learning rate: 0.0005
[2026-06-16 05:39:25,149][pretrain_logger][INFO] - Current learning rate: 0.0005
2026-06-16 05:39:25 - pretrain_logger - INFO - Logged epoch Pretrain 7 info to /public/home/202411094934/python_project/Spatio-Temporal-Library/time-series/2026-06-16/itransformer/pretrain10/ettm1/time-series/seed_2/training_log.json
[2026-06-16 05:39:25,152][pretrain_logger][INFO] - Logged epoch Pretrain 7 info to /public/home/202411094934/python_project/Spatio-Temporal-Library/time-series/2026-06-16/itransformer/pretrain10/ettm1/time-series/seed_2/training_log.json
2026-06-16 05:50:20 - pretrain_logger - INFO - [JEPA Pretrain] Epoch 8/10, loss=0.348990, time=654.89s
[2026-06-16 05:50:20,044][pretrain_logger][INFO] - [JEPA Pretrain] Epoch 8/10, loss=0.348990, time=654.89s
2026-06-16 05:50:20 - pretrain_logger - INFO - Pretrain loss: 0.34899047416720114
[2026-06-16 05:50:20,067][pretrain_logger][INFO] - Pretrain loss: 0.34899047416720114
2026-06-16 05:50:20 - pretrain_logger - INFO - Pretrain time: 654.8918838500977s
[2026-06-16 05:50:20,067][pretrain_logger][INFO] - Pretrain time: 654.8918838500977s
2026-06-16 05:50:20 - pretrain_logger - INFO - Pretrain memory reserved: 24.00 MB
[2026-06-16 05:50:20,068][pretrain_logger][INFO] - Pretrain memory reserved: 24.00 MB
2026-06-16 05:50:20 - pretrain_logger - INFO - Pretrain memory allocated: 18.04 MB
[2026-06-16 05:50:20,068][pretrain_logger][INFO] - Pretrain memory allocated: 18.04 MB
2026-06-16 05:50:20 - pretrain_logger - INFO - Current learning rate: 0.0005
[2026-06-16 05:50:20,068][pretrain_logger][INFO] - Current learning rate: 0.0005
2026-06-16 05:50:20 - pretrain_logger - INFO - Logged epoch Pretrain 8 info to /public/home/202411094934/python_project/Spatio-Temporal-Library/time-series/2026-06-16/itransformer/pretrain10/ettm1/time-series/seed_2/training_log.json
[2026-06-16 05:50:20,072][pretrain_logger][INFO] - Logged epoch Pretrain 8 info to /public/home/202411094934/python_project/Spatio-Temporal-Library/time-series/2026-06-16/itransformer/pretrain10/ettm1/time-series/seed_2/training_log.json
2026-06-16 06:01:14 - pretrain_logger - INFO - [JEPA Pretrain] Epoch 9/10, loss=0.334065, time=654.59s
[2026-06-16 06:01:14,666][pretrain_logger][INFO] - [JEPA Pretrain] Epoch 9/10, loss=0.334065, time=654.59s
2026-06-16 06:01:14 - pretrain_logger - INFO - Pretrain loss: 0.33406486586550804
[2026-06-16 06:01:14,666][pretrain_logger][INFO] - Pretrain loss: 0.33406486586550804
2026-06-16 06:01:14 - pretrain_logger - INFO - Pretrain time: 654.5935459136963s
[2026-06-16 06:01:14,666][pretrain_logger][INFO] - Pretrain time: 654.5935459136963s
2026-06-16 06:01:14 - pretrain_logger - INFO - Pretrain memory reserved: 24.00 MB
[2026-06-16 06:01:14,667][pretrain_logger][INFO] - Pretrain memory reserved: 24.00 MB
2026-06-16 06:01:14 - pretrain_logger - INFO - Pretrain memory allocated: 18.04 MB
[2026-06-16 06:01:14,667][pretrain_logger][INFO] - Pretrain memory allocated: 18.04 MB
2026-06-16 06:01:14 - pretrain_logger - INFO - Current learning rate: 0.0005
[2026-06-16 06:01:14,667][pretrain_logger][INFO] - Current learning rate: 0.0005
2026-06-16 06:01:14 - pretrain_logger - INFO - Logged epoch Pretrain 9 info to /public/home/202411094934/python_project/Spatio-Temporal-Library/time-series/2026-06-16/itransformer/pretrain10/ettm1/time-series/seed_2/training_log.json
[2026-06-16 06:01:14,670][pretrain_logger][INFO] - Logged epoch Pretrain 9 info to /public/home/202411094934/python_project/Spatio-Temporal-Library/time-series/2026-06-16/itransformer/pretrain10/ettm1/time-series/seed_2/training_log.json
2026-06-16 06:12:09 - pretrain_logger - INFO - [JEPA Pretrain] Epoch 10/10, loss=0.321950, time=654.64s
[2026-06-16 06:12:09,311][pretrain_logger][INFO] - [JEPA Pretrain] Epoch 10/10, loss=0.321950, time=654.64s
2026-06-16 06:12:09 - pretrain_logger - INFO - Pretrain loss: 0.3219502134953663
[2026-06-16 06:12:09,333][pretrain_logger][INFO] - Pretrain loss: 0.3219502134953663
2026-06-16 06:12:09 - pretrain_logger - INFO - Pretrain time: 654.6411752700806s
[2026-06-16 06:12:09,333][pretrain_logger][INFO] - Pretrain time: 654.6411752700806s
2026-06-16 06:12:09 - pretrain_logger - INFO - Pretrain memory reserved: 24.00 MB
[2026-06-16 06:12:09,333][pretrain_logger][INFO] - Pretrain memory reserved: 24.00 MB
2026-06-16 06:12:09 - pretrain_logger - INFO - Pretrain memory allocated: 18.04 MB
[2026-06-16 06:12:09,333][pretrain_logger][INFO] - Pretrain memory allocated: 18.04 MB
2026-06-16 06:12:09 - pretrain_logger - INFO - Current learning rate: 0.0005
[2026-06-16 06:12:09,333][pretrain_logger][INFO] - Current learning rate: 0.0005
2026-06-16 06:12:09 - pretrain_logger - INFO - Logged epoch Pretrain 10 info to /public/home/202411094934/python_project/Spatio-Temporal-Library/time-series/2026-06-16/itransformer/pretrain10/ettm1/time-series/seed_2/training_log.json
[2026-06-16 06:12:09,336][pretrain_logger][INFO] - Logged epoch Pretrain 10 info to /public/home/202411094934/python_project/Spatio-Temporal-Library/time-series/2026-06-16/itransformer/pretrain10/ettm1/time-series/seed_2/training_log.json
2026-06-16 06:12:09 - pretrain_logger - INFO - JEPA pretraining completed.
[2026-06-16 06:12:09,336][pretrain_logger][INFO] - JEPA pretraining completed.
2026-06-16 12:46:45 - pretrain_logger - INFO - Model parameters: 158,912
[2026-06-16 12:46:45,959][pretrain_logger][INFO] - Model parameters: 158,912
2026-06-16 12:46:45 - pretrain_logger - INFO - Log file already exists at /public/home/202411094934/python_project/Spatio-Temporal-Library/time-series/2026-06-16/itransformer/pretrain10/ettm1/time-series/seed_2/training_log.json, appending to it.
[2026-06-16 12:46:45,970][pretrain_logger][INFO] - Log file already exists at /public/home/202411094934/python_project/Spatio-Temporal-Library/time-series/2026-06-16/itransformer/pretrain10/ettm1/time-series/seed_2/training_log.json, appending to it.
2026-06-16 12:46:45 - pretrain_logger - INFO - Starting JEPA pretraining...
[2026-06-16 12:46:45,970][pretrain_logger][INFO] - Starting JEPA pretraining...
2026-06-16 12:57:50 - pretrain_logger - INFO - [JEPA Pretrain] Epoch 1/10, loss=0.703927, time=664.37s
[2026-06-16 12:57:50,344][pretrain_logger][INFO] - [JEPA Pretrain] Epoch 1/10, loss=0.703927, time=664.37s
2026-06-16 12:57:50 - pretrain_logger - INFO - Pretrain loss: 0.7039272944923065
[2026-06-16 12:57:50,345][pretrain_logger][INFO] - Pretrain loss: 0.7039272944923065
2026-06-16 12:57:50 - pretrain_logger - INFO - Pretrain time: 664.3732826709747s
[2026-06-16 12:57:50,345][pretrain_logger][INFO] - Pretrain time: 664.3732826709747s
2026-06-16 12:57:50 - pretrain_logger - INFO - Pretrain memory reserved: 24.00 MB
[2026-06-16 12:57:50,345][pretrain_logger][INFO] - Pretrain memory reserved: 24.00 MB
2026-06-16 12:57:50 - pretrain_logger - INFO - Pretrain memory allocated: 18.04 MB
[2026-06-16 12:57:50,345][pretrain_logger][INFO] - Pretrain memory allocated: 18.04 MB
2026-06-16 12:57:50 - pretrain_logger - INFO - Current learning rate: 0.0005
[2026-06-16 12:57:50,345][pretrain_logger][INFO] - Current learning rate: 0.0005
2026-06-16 12:57:50 - pretrain_logger - INFO - Logged epoch Pretrain 1 info to /public/home/202411094934/python_project/Spatio-Temporal-Library/time-series/2026-06-16/itransformer/pretrain10/ettm1/time-series/seed_2/training_log.json
[2026-06-16 12:57:50,351][pretrain_logger][INFO] - Logged epoch Pretrain 1 info to /public/home/202411094934/python_project/Spatio-Temporal-Library/time-series/2026-06-16/itransformer/pretrain10/ettm1/time-series/seed_2/training_log.json
2026-06-16 13:08:55 - pretrain_logger - INFO - [JEPA Pretrain] Epoch 2/10, loss=0.587303, time=665.46s
[2026-06-16 13:08:55,813][pretrain_logger][INFO] - [JEPA Pretrain] Epoch 2/10, loss=0.587303, time=665.46s
2026-06-16 13:08:55 - pretrain_logger - INFO - Pretrain loss: 0.5873028627378108
[2026-06-16 13:08:55,839][pretrain_logger][INFO] - Pretrain loss: 0.5873028627378108
2026-06-16 13:08:55 - pretrain_logger - INFO - Pretrain time: 665.4615726470947s
[2026-06-16 13:08:55,839][pretrain_logger][INFO] - Pretrain time: 665.4615726470947s
2026-06-16 13:08:55 - pretrain_logger - INFO - Pretrain memory reserved: 24.00 MB
[2026-06-16 13:08:55,839][pretrain_logger][INFO] - Pretrain memory reserved: 24.00 MB
2026-06-16 13:08:55 - pretrain_logger - INFO - Pretrain memory allocated: 18.04 MB
[2026-06-16 13:08:55,840][pretrain_logger][INFO] - Pretrain memory allocated: 18.04 MB
2026-06-16 13:08:55 - pretrain_logger - INFO - Current learning rate: 0.0005
[2026-06-16 13:08:55,840][pretrain_logger][INFO] - Current learning rate: 0.0005
2026-06-16 13:08:55 - pretrain_logger - INFO - Logged epoch Pretrain 2 info to /public/home/202411094934/python_project/Spatio-Temporal-Library/time-series/2026-06-16/itransformer/pretrain10/ettm1/time-series/seed_2/training_log.json
[2026-06-16 13:08:55,843][pretrain_logger][INFO] - Logged epoch Pretrain 2 info to /public/home/202411094934/python_project/Spatio-Temporal-Library/time-series/2026-06-16/itransformer/pretrain10/ettm1/time-series/seed_2/training_log.json
2026-06-16 13:19:54 - pretrain_logger - INFO - [JEPA Pretrain] Epoch 3/10, loss=0.518124, time=658.50s
[2026-06-16 13:19:54,343][pretrain_logger][INFO] - [JEPA Pretrain] Epoch 3/10, loss=0.518124, time=658.50s
2026-06-16 13:19:54 - pretrain_logger - INFO - Pretrain loss: 0.5181242399079351
[2026-06-16 13:19:54,344][pretrain_logger][INFO] - Pretrain loss: 0.5181242399079351
2026-06-16 13:19:54 - pretrain_logger - INFO - Pretrain time: 658.5001401901245s
[2026-06-16 13:19:54,344][pretrain_logger][INFO] - Pretrain time: 658.5001401901245s
2026-06-16 13:19:54 - pretrain_logger - INFO - Pretrain memory reserved: 24.00 MB
[2026-06-16 13:19:54,344][pretrain_logger][INFO] - Pretrain memory reserved: 24.00 MB
2026-06-16 13:19:54 - pretrain_logger - INFO - Pretrain memory allocated: 18.04 MB
[2026-06-16 13:19:54,344][pretrain_logger][INFO] - Pretrain memory allocated: 18.04 MB
2026-06-16 13:19:54 - pretrain_logger - INFO - Current learning rate: 0.0005
[2026-06-16 13:19:54,344][pretrain_logger][INFO] - Current learning rate: 0.0005
2026-06-16 13:19:54 - pretrain_logger - INFO - Logged epoch Pretrain 3 info to /public/home/202411094934/python_project/Spatio-Temporal-Library/time-series/2026-06-16/itransformer/pretrain10/ettm1/time-series/seed_2/training_log.json
[2026-06-16 13:19:54,347][pretrain_logger][INFO] - Logged epoch Pretrain 3 info to /public/home/202411094934/python_project/Spatio-Temporal-Library/time-series/2026-06-16/itransformer/pretrain10/ettm1/time-series/seed_2/training_log.json
2026-06-16 13:31:00 - pretrain_logger - INFO - [JEPA Pretrain] Epoch 4/10, loss=0.465296, time=665.87s
[2026-06-16 13:31:00,216][pretrain_logger][INFO] - [JEPA Pretrain] Epoch 4/10, loss=0.465296, time=665.87s
2026-06-16 13:31:00 - pretrain_logger - INFO - Pretrain loss: 0.465296155100941
[2026-06-16 13:31:00,242][pretrain_logger][INFO] - Pretrain loss: 0.465296155100941
2026-06-16 13:31:00 - pretrain_logger - INFO - Pretrain time: 665.8684365749359s
[2026-06-16 13:31:00,242][pretrain_logger][INFO] - Pretrain time: 665.8684365749359s
2026-06-16 13:31:00 - pretrain_logger - INFO - Pretrain memory reserved: 24.00 MB
[2026-06-16 13:31:00,242][pretrain_logger][INFO] - Pretrain memory reserved: 24.00 MB
2026-06-16 13:31:00 - pretrain_logger - INFO - Pretrain memory allocated: 18.04 MB
[2026-06-16 13:31:00,242][pretrain_logger][INFO] - Pretrain memory allocated: 18.04 MB
2026-06-16 13:31:00 - pretrain_logger - INFO - Current learning rate: 0.0005
[2026-06-16 13:31:00,242][pretrain_logger][INFO] - Current learning rate: 0.0005
2026-06-16 13:31:00 - pretrain_logger - INFO - Logged epoch Pretrain 4 info to /public/home/202411094934/python_project/Spatio-Temporal-Library/time-series/2026-06-16/itransformer/pretrain10/ettm1/time-series/seed_2/training_log.json
[2026-06-16 13:31:00,245][pretrain_logger][INFO] - Logged epoch Pretrain 4 info to /public/home/202411094934/python_project/Spatio-Temporal-Library/time-series/2026-06-16/itransformer/pretrain10/ettm1/time-series/seed_2/training_log.json
2026-06-16 13:42:06 - pretrain_logger - INFO - [JEPA Pretrain] Epoch 5/10, loss=0.432918, time=666.06s
[2026-06-16 13:42:06,305][pretrain_logger][INFO] - [JEPA Pretrain] Epoch 5/10, loss=0.432918, time=666.06s
2026-06-16 13:42:06 - pretrain_logger - INFO - Pretrain loss: 0.4329177112646949
[2026-06-16 13:42:06,306][pretrain_logger][INFO] - Pretrain loss: 0.4329177112646949
2026-06-16 13:42:06 - pretrain_logger - INFO - Pretrain time: 666.0597398281097s
[2026-06-16 13:42:06,306][pretrain_logger][INFO] - Pretrain time: 666.0597398281097s
2026-06-16 13:42:06 - pretrain_logger - INFO - Pretrain memory reserved: 24.00 MB
[2026-06-16 13:42:06,306][pretrain_logger][INFO] - Pretrain memory reserved: 24.00 MB
2026-06-16 13:42:06 - pretrain_logger - INFO - Pretrain memory allocated: 18.04 MB
[2026-06-16 13:42:06,306][pretrain_logger][INFO] - Pretrain memory allocated: 18.04 MB
2026-06-16 13:42:06 - pretrain_logger - INFO - Current learning rate: 0.0005
[2026-06-16 13:42:06,306][pretrain_logger][INFO] - Current learning rate: 0.0005
2026-06-16 13:42:06 - pretrain_logger - INFO - Logged epoch Pretrain 5 info to /public/home/202411094934/python_project/Spatio-Temporal-Library/time-series/2026-06-16/itransformer/pretrain10/ettm1/time-series/seed_2/training_log.json
[2026-06-16 13:42:06,310][pretrain_logger][INFO] - Logged epoch Pretrain 5 info to /public/home/202411094934/python_project/Spatio-Temporal-Library/time-series/2026-06-16/itransformer/pretrain10/ettm1/time-series/seed_2/training_log.json
2026-06-16 13:53:11 - pretrain_logger - INFO - [JEPA Pretrain] Epoch 6/10, loss=0.399285, time=665.53s
[2026-06-16 13:53:11,836][pretrain_logger][INFO] - [JEPA Pretrain] Epoch 6/10, loss=0.399285, time=665.53s
2026-06-16 13:53:11 - pretrain_logger - INFO - Pretrain loss: 0.3992849455745323
[2026-06-16 13:53:11,861][pretrain_logger][INFO] - Pretrain loss: 0.3992849455745323
2026-06-16 13:53:11 - pretrain_logger - INFO - Pretrain time: 665.5265996456146s
[2026-06-16 13:53:11,862][pretrain_logger][INFO] - Pretrain time: 665.5265996456146s
2026-06-16 13:53:11 - pretrain_logger - INFO - Pretrain memory reserved: 24.00 MB
[2026-06-16 13:53:11,862][pretrain_logger][INFO] - Pretrain memory reserved: 24.00 MB
2026-06-16 13:53:11 - pretrain_logger - INFO - Pretrain memory allocated: 18.04 MB
[2026-06-16 13:53:11,862][pretrain_logger][INFO] - Pretrain memory allocated: 18.04 MB
2026-06-16 13:53:11 - pretrain_logger - INFO - Current learning rate: 0.0005
[2026-06-16 13:53:11,862][pretrain_logger][INFO] - Current learning rate: 0.0005
2026-06-16 13:53:11 - pretrain_logger - INFO - Logged epoch Pretrain 6 info to /public/home/202411094934/python_project/Spatio-Temporal-Library/time-series/2026-06-16/itransformer/pretrain10/ettm1/time-series/seed_2/training_log.json
[2026-06-16 13:53:11,865][pretrain_logger][INFO] - Logged epoch Pretrain 6 info to /public/home/202411094934/python_project/Spatio-Temporal-Library/time-series/2026-06-16/itransformer/pretrain10/ettm1/time-series/seed_2/training_log.json
2026-06-16 14:04:18 - pretrain_logger - INFO - [JEPA Pretrain] Epoch 7/10, loss=0.374984, time=666.65s
[2026-06-16 14:04:18,511][pretrain_logger][INFO] - [JEPA Pretrain] Epoch 7/10, loss=0.374984, time=666.65s
2026-06-16 14:04:18 - pretrain_logger - INFO - Pretrain loss: 0.3749837398876565
[2026-06-16 14:04:18,511][pretrain_logger][INFO] - Pretrain loss: 0.3749837398876565
2026-06-16 14:04:18 - pretrain_logger - INFO - Pretrain time: 666.6458466053009s
[2026-06-16 14:04:18,512][pretrain_logger][INFO] - Pretrain time: 666.6458466053009s
2026-06-16 14:04:18 - pretrain_logger - INFO - Pretrain memory reserved: 24.00 MB
[2026-06-16 14:04:18,512][pretrain_logger][INFO] - Pretrain memory reserved: 24.00 MB
2026-06-16 14:04:18 - pretrain_logger - INFO - Pretrain memory allocated: 18.04 MB
[2026-06-16 14:04:18,512][pretrain_logger][INFO] - Pretrain memory allocated: 18.04 MB
2026-06-16 14:04:18 - pretrain_logger - INFO - Current learning rate: 0.0005
[2026-06-16 14:04:18,512][pretrain_logger][INFO] - Current learning rate: 0.0005
2026-06-16 14:04:18 - pretrain_logger - INFO - Logged epoch Pretrain 7 info to /public/home/202411094934/python_project/Spatio-Temporal-Library/time-series/2026-06-16/itransformer/pretrain10/ettm1/time-series/seed_2/training_log.json
[2026-06-16 14:04:18,515][pretrain_logger][INFO] - Logged epoch Pretrain 7 info to /public/home/202411094934/python_project/Spatio-Temporal-Library/time-series/2026-06-16/itransformer/pretrain10/ettm1/time-series/seed_2/training_log.json
2026-06-16 14:15:24 - pretrain_logger - INFO - [JEPA Pretrain] Epoch 8/10, loss=0.348990, time=665.91s
[2026-06-16 14:15:24,423][pretrain_logger][INFO] - [JEPA Pretrain] Epoch 8/10, loss=0.348990, time=665.91s
2026-06-16 14:15:24 - pretrain_logger - INFO - Pretrain loss: 0.34899047416720114
[2026-06-16 14:15:24,448][pretrain_logger][INFO] - Pretrain loss: 0.34899047416720114
2026-06-16 14:15:24 - pretrain_logger - INFO - Pretrain time: 665.9070167541504s
[2026-06-16 14:15:24,448][pretrain_logger][INFO] - Pretrain time: 665.9070167541504s
2026-06-16 14:15:24 - pretrain_logger - INFO - Pretrain memory reserved: 24.00 MB
[2026-06-16 14:15:24,448][pretrain_logger][INFO] - Pretrain memory reserved: 24.00 MB
2026-06-16 14:15:24 - pretrain_logger - INFO - Pretrain memory allocated: 18.04 MB
[2026-06-16 14:15:24,448][pretrain_logger][INFO] - Pretrain memory allocated: 18.04 MB
2026-06-16 14:15:24 - pretrain_logger - INFO - Current learning rate: 0.0005
[2026-06-16 14:15:24,448][pretrain_logger][INFO] - Current learning rate: 0.0005
2026-06-16 14:15:24 - pretrain_logger - INFO - Logged epoch Pretrain 8 info to /public/home/202411094934/python_project/Spatio-Temporal-Library/time-series/2026-06-16/itransformer/pretrain10/ettm1/time-series/seed_2/training_log.json
[2026-06-16 14:15:24,451][pretrain_logger][INFO] - Logged epoch Pretrain 8 info to /public/home/202411094934/python_project/Spatio-Temporal-Library/time-series/2026-06-16/itransformer/pretrain10/ettm1/time-series/seed_2/training_log.json
2026-06-16 14:26:30 - pretrain_logger - INFO - [JEPA Pretrain] Epoch 9/10, loss=0.334065, time=665.90s
[2026-06-16 14:26:30,356][pretrain_logger][INFO] - [JEPA Pretrain] Epoch 9/10, loss=0.334065, time=665.90s
2026-06-16 14:26:30 - pretrain_logger - INFO - Pretrain loss: 0.33406486586550804
[2026-06-16 14:26:30,356][pretrain_logger][INFO] - Pretrain loss: 0.33406486586550804
2026-06-16 14:26:30 - pretrain_logger - INFO - Pretrain time: 665.9042510986328s
[2026-06-16 14:26:30,357][pretrain_logger][INFO] - Pretrain time: 665.9042510986328s
2026-06-16 14:26:30 - pretrain_logger - INFO - Pretrain memory reserved: 24.00 MB
[2026-06-16 14:26:30,357][pretrain_logger][INFO] - Pretrain memory reserved: 24.00 MB
2026-06-16 14:26:30 - pretrain_logger - INFO - Pretrain memory allocated: 18.04 MB
[2026-06-16 14:26:30,357][pretrain_logger][INFO] - Pretrain memory allocated: 18.04 MB
2026-06-16 14:26:30 - pretrain_logger - INFO - Current learning rate: 0.0005
[2026-06-16 14:26:30,357][pretrain_logger][INFO] - Current learning rate: 0.0005
2026-06-16 14:26:30 - pretrain_logger - INFO - Logged epoch Pretrain 9 info to /public/home/202411094934/python_project/Spatio-Temporal-Library/time-series/2026-06-16/itransformer/pretrain10/ettm1/time-series/seed_2/training_log.json
[2026-06-16 14:26:30,360][pretrain_logger][INFO] - Logged epoch Pretrain 9 info to /public/home/202411094934/python_project/Spatio-Temporal-Library/time-series/2026-06-16/itransformer/pretrain10/ettm1/time-series/seed_2/training_log.json
2026-06-16 14:37:35 - pretrain_logger - INFO - [JEPA Pretrain] Epoch 10/10, loss=0.321950, time=665.40s
[2026-06-16 14:37:35,761][pretrain_logger][INFO] - [JEPA Pretrain] Epoch 10/10, loss=0.321950, time=665.40s
2026-06-16 14:37:35 - pretrain_logger - INFO - Pretrain loss: 0.3219502134953663
[2026-06-16 14:37:35,787][pretrain_logger][INFO] - Pretrain loss: 0.3219502134953663
2026-06-16 14:37:35 - pretrain_logger - INFO - Pretrain time: 665.4010651111603s
[2026-06-16 14:37:35,787][pretrain_logger][INFO] - Pretrain time: 665.4010651111603s
2026-06-16 14:37:35 - pretrain_logger - INFO - Pretrain memory reserved: 24.00 MB
[2026-06-16 14:37:35,787][pretrain_logger][INFO] - Pretrain memory reserved: 24.00 MB
2026-06-16 14:37:35 - pretrain_logger - INFO - Pretrain memory allocated: 18.04 MB
[2026-06-16 14:37:35,787][pretrain_logger][INFO] - Pretrain memory allocated: 18.04 MB
2026-06-16 14:37:35 - pretrain_logger - INFO - Current learning rate: 0.0005
[2026-06-16 14:37:35,787][pretrain_logger][INFO] - Current learning rate: 0.0005
2026-06-16 14:37:35 - pretrain_logger - INFO - Logged epoch Pretrain 10 info to /public/home/202411094934/python_project/Spatio-Temporal-Library/time-series/2026-06-16/itransformer/pretrain10/ettm1/time-series/seed_2/training_log.json
[2026-06-16 14:37:35,791][pretrain_logger][INFO] - Logged epoch Pretrain 10 info to /public/home/202411094934/python_project/Spatio-Temporal-Library/time-series/2026-06-16/itransformer/pretrain10/ettm1/time-series/seed_2/training_log.json
2026-06-16 14:37:35 - pretrain_logger - INFO - JEPA pretraining completed.
[2026-06-16 14:37:35,791][pretrain_logger][INFO] - JEPA pretraining completed.
