2026-06-24 20:14:20 - pretrain_logger - INFO - Model parameters: 646,657
[2026-06-24 20:14:20,931][pretrain_logger][INFO] - Model parameters: 646,657
2026-06-24 20:14:20 - pretrain_logger - INFO - Created new log file at /public/home/202411094934/python_project/Spatio-Temporal-Library/time-series/2026-06-24/fedformer/pretrain10/electricity/time-series/seed_0/training_log.json
[2026-06-24 20:14:20,935][pretrain_logger][INFO] - Created new log file at /public/home/202411094934/python_project/Spatio-Temporal-Library/time-series/2026-06-24/fedformer/pretrain10/electricity/time-series/seed_0/training_log.json
2026-06-24 20:14:20 - pretrain_logger - INFO - Starting JEPA pretraining...
[2026-06-24 20:14:20,935][pretrain_logger][INFO] - Starting JEPA pretraining...
2026-06-24 21:18:22 - pretrain_logger - INFO - [JEPA Pretrain] Epoch 1/10, loss=0.441398, time=3841.25s
[2026-06-24 21:18:22,189][pretrain_logger][INFO] - [JEPA Pretrain] Epoch 1/10, loss=0.441398, time=3841.25s
2026-06-24 21:18:22 - pretrain_logger - INFO - Pretrain loss: 0.44139799048913886
[2026-06-24 21:18:22,192][pretrain_logger][INFO] - Pretrain loss: 0.44139799048913886
2026-06-24 21:18:22 - pretrain_logger - INFO - Pretrain time: 3841.25408744812s
[2026-06-24 21:18:22,192][pretrain_logger][INFO] - Pretrain time: 3841.25408744812s
2026-06-24 21:18:22 - pretrain_logger - INFO - Pretrain memory reserved: 100.00 MB
[2026-06-24 21:18:22,192][pretrain_logger][INFO] - Pretrain memory reserved: 100.00 MB
2026-06-24 21:18:22 - pretrain_logger - INFO - Pretrain memory allocated: 22.65 MB
[2026-06-24 21:18:22,192][pretrain_logger][INFO] - Pretrain memory allocated: 22.65 MB
2026-06-24 21:18:22 - pretrain_logger - INFO - Current learning rate: 0.0005
[2026-06-24 21:18:22,192][pretrain_logger][INFO] - Current learning rate: 0.0005
2026-06-24 21:18:22 - pretrain_logger - INFO - Logged epoch Pretrain 1 info to /public/home/202411094934/python_project/Spatio-Temporal-Library/time-series/2026-06-24/fedformer/pretrain10/electricity/time-series/seed_0/training_log.json
[2026-06-24 21:18:22,196][pretrain_logger][INFO] - Logged epoch Pretrain 1 info to /public/home/202411094934/python_project/Spatio-Temporal-Library/time-series/2026-06-24/fedformer/pretrain10/electricity/time-series/seed_0/training_log.json
2026-06-24 22:23:12 - pretrain_logger - INFO - [JEPA Pretrain] Epoch 2/10, loss=0.235081, time=3890.12s
[2026-06-24 22:23:12,321][pretrain_logger][INFO] - [JEPA Pretrain] Epoch 2/10, loss=0.235081, time=3890.12s
2026-06-24 22:23:12 - pretrain_logger - INFO - Pretrain loss: 0.23508128500601072
[2026-06-24 22:23:12,346][pretrain_logger][INFO] - Pretrain loss: 0.23508128500601072
2026-06-24 22:23:12 - pretrain_logger - INFO - Pretrain time: 3890.12482714653s
[2026-06-24 22:23:12,346][pretrain_logger][INFO] - Pretrain time: 3890.12482714653s
2026-06-24 22:23:12 - pretrain_logger - INFO - Pretrain memory reserved: 100.00 MB
[2026-06-24 22:23:12,347][pretrain_logger][INFO] - Pretrain memory reserved: 100.00 MB
2026-06-24 22:23:12 - pretrain_logger - INFO - Pretrain memory allocated: 22.65 MB
[2026-06-24 22:23:12,347][pretrain_logger][INFO] - Pretrain memory allocated: 22.65 MB
2026-06-24 22:23:12 - pretrain_logger - INFO - Current learning rate: 0.0005
[2026-06-24 22:23:12,347][pretrain_logger][INFO] - Current learning rate: 0.0005
2026-06-24 22:23:12 - pretrain_logger - INFO - Logged epoch Pretrain 2 info to /public/home/202411094934/python_project/Spatio-Temporal-Library/time-series/2026-06-24/fedformer/pretrain10/electricity/time-series/seed_0/training_log.json
[2026-06-24 22:23:12,349][pretrain_logger][INFO] - Logged epoch Pretrain 2 info to /public/home/202411094934/python_project/Spatio-Temporal-Library/time-series/2026-06-24/fedformer/pretrain10/electricity/time-series/seed_0/training_log.json
2026-06-24 23:28:02 - pretrain_logger - INFO - [JEPA Pretrain] Epoch 3/10, loss=0.213783, time=3890.26s
[2026-06-24 23:28:02,613][pretrain_logger][INFO] - [JEPA Pretrain] Epoch 3/10, loss=0.213783, time=3890.26s
2026-06-24 23:28:02 - pretrain_logger - INFO - Pretrain loss: 0.21378341115944874
[2026-06-24 23:28:02,616][pretrain_logger][INFO] - Pretrain loss: 0.21378341115944874
2026-06-24 23:28:02 - pretrain_logger - INFO - Pretrain time: 3890.263611316681s
[2026-06-24 23:28:02,616][pretrain_logger][INFO] - Pretrain time: 3890.263611316681s
2026-06-24 23:28:02 - pretrain_logger - INFO - Pretrain memory reserved: 100.00 MB
[2026-06-24 23:28:02,616][pretrain_logger][INFO] - Pretrain memory reserved: 100.00 MB
2026-06-24 23:28:02 - pretrain_logger - INFO - Pretrain memory allocated: 22.65 MB
[2026-06-24 23:28:02,616][pretrain_logger][INFO] - Pretrain memory allocated: 22.65 MB
2026-06-24 23:28:02 - pretrain_logger - INFO - Current learning rate: 0.0005
[2026-06-24 23:28:02,616][pretrain_logger][INFO] - Current learning rate: 0.0005
2026-06-24 23:28:02 - pretrain_logger - INFO - Logged epoch Pretrain 3 info to /public/home/202411094934/python_project/Spatio-Temporal-Library/time-series/2026-06-24/fedformer/pretrain10/electricity/time-series/seed_0/training_log.json
[2026-06-24 23:28:02,619][pretrain_logger][INFO] - Logged epoch Pretrain 3 info to /public/home/202411094934/python_project/Spatio-Temporal-Library/time-series/2026-06-24/fedformer/pretrain10/electricity/time-series/seed_0/training_log.json
2026-06-25 00:32:53 - pretrain_logger - INFO - [JEPA Pretrain] Epoch 4/10, loss=0.196557, time=3891.19s
[2026-06-25 00:32:53,810][pretrain_logger][INFO] - [JEPA Pretrain] Epoch 4/10, loss=0.196557, time=3891.19s
2026-06-25 00:32:53 - pretrain_logger - INFO - Pretrain loss: 0.19655740579667388
[2026-06-25 00:32:53,833][pretrain_logger][INFO] - Pretrain loss: 0.19655740579667388
2026-06-25 00:32:53 - pretrain_logger - INFO - Pretrain time: 3891.1898815631866s
[2026-06-25 00:32:53,833][pretrain_logger][INFO] - Pretrain time: 3891.1898815631866s
2026-06-25 00:32:53 - pretrain_logger - INFO - Pretrain memory reserved: 100.00 MB
[2026-06-25 00:32:53,833][pretrain_logger][INFO] - Pretrain memory reserved: 100.00 MB
2026-06-25 00:32:53 - pretrain_logger - INFO - Pretrain memory allocated: 22.65 MB
[2026-06-25 00:32:53,833][pretrain_logger][INFO] - Pretrain memory allocated: 22.65 MB
2026-06-25 00:32:53 - pretrain_logger - INFO - Current learning rate: 0.0005
[2026-06-25 00:32:53,834][pretrain_logger][INFO] - Current learning rate: 0.0005
2026-06-25 00:32:53 - pretrain_logger - INFO - Logged epoch Pretrain 4 info to /public/home/202411094934/python_project/Spatio-Temporal-Library/time-series/2026-06-24/fedformer/pretrain10/electricity/time-series/seed_0/training_log.json
[2026-06-25 00:32:53,837][pretrain_logger][INFO] - Logged epoch Pretrain 4 info to /public/home/202411094934/python_project/Spatio-Temporal-Library/time-series/2026-06-24/fedformer/pretrain10/electricity/time-series/seed_0/training_log.json
2026-06-25 01:37:46 - pretrain_logger - INFO - [JEPA Pretrain] Epoch 5/10, loss=0.187120, time=3892.95s
[2026-06-25 01:37:46,782][pretrain_logger][INFO] - [JEPA Pretrain] Epoch 5/10, loss=0.187120, time=3892.95s
2026-06-25 01:37:46 - pretrain_logger - INFO - Pretrain loss: 0.18711954806698172
[2026-06-25 01:37:46,785][pretrain_logger][INFO] - Pretrain loss: 0.18711954806698172
2026-06-25 01:37:46 - pretrain_logger - INFO - Pretrain time: 3892.9454069137573s
[2026-06-25 01:37:46,785][pretrain_logger][INFO] - Pretrain time: 3892.9454069137573s
2026-06-25 01:37:46 - pretrain_logger - INFO - Pretrain memory reserved: 100.00 MB
[2026-06-25 01:37:46,785][pretrain_logger][INFO] - Pretrain memory reserved: 100.00 MB
2026-06-25 01:37:46 - pretrain_logger - INFO - Pretrain memory allocated: 22.65 MB
[2026-06-25 01:37:46,785][pretrain_logger][INFO] - Pretrain memory allocated: 22.65 MB
2026-06-25 01:37:46 - pretrain_logger - INFO - Current learning rate: 0.0005
[2026-06-25 01:37:46,785][pretrain_logger][INFO] - Current learning rate: 0.0005
2026-06-25 01:37:46 - pretrain_logger - INFO - Logged epoch Pretrain 5 info to /public/home/202411094934/python_project/Spatio-Temporal-Library/time-series/2026-06-24/fedformer/pretrain10/electricity/time-series/seed_0/training_log.json
[2026-06-25 01:37:46,789][pretrain_logger][INFO] - Logged epoch Pretrain 5 info to /public/home/202411094934/python_project/Spatio-Temporal-Library/time-series/2026-06-24/fedformer/pretrain10/electricity/time-series/seed_0/training_log.json
2026-06-25 02:42:34 - pretrain_logger - INFO - [JEPA Pretrain] Epoch 6/10, loss=0.182968, time=3887.85s
[2026-06-25 02:42:34,642][pretrain_logger][INFO] - [JEPA Pretrain] Epoch 6/10, loss=0.182968, time=3887.85s
2026-06-25 02:42:34 - pretrain_logger - INFO - Pretrain loss: 0.18296782997313935
[2026-06-25 02:42:34,668][pretrain_logger][INFO] - Pretrain loss: 0.18296782997313935
2026-06-25 02:42:34 - pretrain_logger - INFO - Pretrain time: 3887.8523604869843s
[2026-06-25 02:42:34,668][pretrain_logger][INFO] - Pretrain time: 3887.8523604869843s
2026-06-25 02:42:34 - pretrain_logger - INFO - Pretrain memory reserved: 100.00 MB
[2026-06-25 02:42:34,668][pretrain_logger][INFO] - Pretrain memory reserved: 100.00 MB
2026-06-25 02:42:34 - pretrain_logger - INFO - Pretrain memory allocated: 22.65 MB
[2026-06-25 02:42:34,668][pretrain_logger][INFO] - Pretrain memory allocated: 22.65 MB
2026-06-25 02:42:34 - pretrain_logger - INFO - Current learning rate: 0.0005
[2026-06-25 02:42:34,668][pretrain_logger][INFO] - Current learning rate: 0.0005
2026-06-25 02:42:34 - pretrain_logger - INFO - Logged epoch Pretrain 6 info to /public/home/202411094934/python_project/Spatio-Temporal-Library/time-series/2026-06-24/fedformer/pretrain10/electricity/time-series/seed_0/training_log.json
[2026-06-25 02:42:34,672][pretrain_logger][INFO] - Logged epoch Pretrain 6 info to /public/home/202411094934/python_project/Spatio-Temporal-Library/time-series/2026-06-24/fedformer/pretrain10/electricity/time-series/seed_0/training_log.json
2026-06-25 03:47:16 - pretrain_logger - INFO - [JEPA Pretrain] Epoch 7/10, loss=0.180717, time=3881.39s
[2026-06-25 03:47:16,063][pretrain_logger][INFO] - [JEPA Pretrain] Epoch 7/10, loss=0.180717, time=3881.39s
2026-06-25 03:47:16 - pretrain_logger - INFO - Pretrain loss: 0.18071722706019885
[2026-06-25 03:47:16,066][pretrain_logger][INFO] - Pretrain loss: 0.18071722706019885
2026-06-25 03:47:16 - pretrain_logger - INFO - Pretrain time: 3881.3913264274597s
[2026-06-25 03:47:16,066][pretrain_logger][INFO] - Pretrain time: 3881.3913264274597s
2026-06-25 03:47:16 - pretrain_logger - INFO - Pretrain memory reserved: 100.00 MB
[2026-06-25 03:47:16,066][pretrain_logger][INFO] - Pretrain memory reserved: 100.00 MB
2026-06-25 03:47:16 - pretrain_logger - INFO - Pretrain memory allocated: 22.65 MB
[2026-06-25 03:47:16,066][pretrain_logger][INFO] - Pretrain memory allocated: 22.65 MB
2026-06-25 03:47:16 - pretrain_logger - INFO - Current learning rate: 0.0005
[2026-06-25 03:47:16,066][pretrain_logger][INFO] - Current learning rate: 0.0005
2026-06-25 03:47:16 - pretrain_logger - INFO - Logged epoch Pretrain 7 info to /public/home/202411094934/python_project/Spatio-Temporal-Library/time-series/2026-06-24/fedformer/pretrain10/electricity/time-series/seed_0/training_log.json
[2026-06-25 03:47:16,069][pretrain_logger][INFO] - Logged epoch Pretrain 7 info to /public/home/202411094934/python_project/Spatio-Temporal-Library/time-series/2026-06-24/fedformer/pretrain10/electricity/time-series/seed_0/training_log.json
2026-06-25 04:52:03 - pretrain_logger - INFO - [JEPA Pretrain] Epoch 8/10, loss=0.181434, time=3887.87s
[2026-06-25 04:52:03,938][pretrain_logger][INFO] - [JEPA Pretrain] Epoch 8/10, loss=0.181434, time=3887.87s
2026-06-25 04:52:03 - pretrain_logger - INFO - Pretrain loss: 0.18143352745532063
[2026-06-25 04:52:03,964][pretrain_logger][INFO] - Pretrain loss: 0.18143352745532063
2026-06-25 04:52:03 - pretrain_logger - INFO - Pretrain time: 3887.8691148757935s
[2026-06-25 04:52:03,964][pretrain_logger][INFO] - Pretrain time: 3887.8691148757935s
2026-06-25 04:52:03 - pretrain_logger - INFO - Pretrain memory reserved: 100.00 MB
[2026-06-25 04:52:03,964][pretrain_logger][INFO] - Pretrain memory reserved: 100.00 MB
2026-06-25 04:52:03 - pretrain_logger - INFO - Pretrain memory allocated: 22.65 MB
[2026-06-25 04:52:03,964][pretrain_logger][INFO] - Pretrain memory allocated: 22.65 MB
2026-06-25 04:52:03 - pretrain_logger - INFO - Current learning rate: 0.0005
[2026-06-25 04:52:03,964][pretrain_logger][INFO] - Current learning rate: 0.0005
2026-06-25 04:52:03 - pretrain_logger - INFO - Logged epoch Pretrain 8 info to /public/home/202411094934/python_project/Spatio-Temporal-Library/time-series/2026-06-24/fedformer/pretrain10/electricity/time-series/seed_0/training_log.json
[2026-06-25 04:52:03,969][pretrain_logger][INFO] - Logged epoch Pretrain 8 info to /public/home/202411094934/python_project/Spatio-Temporal-Library/time-series/2026-06-24/fedformer/pretrain10/electricity/time-series/seed_0/training_log.json
2026-06-25 05:56:49 - pretrain_logger - INFO - [JEPA Pretrain] Epoch 9/10, loss=0.185217, time=3885.18s
[2026-06-25 05:56:49,146][pretrain_logger][INFO] - [JEPA Pretrain] Epoch 9/10, loss=0.185217, time=3885.18s
2026-06-25 05:56:49 - pretrain_logger - INFO - Pretrain loss: 0.18521736730984587
[2026-06-25 05:56:49,149][pretrain_logger][INFO] - Pretrain loss: 0.18521736730984587
2026-06-25 05:56:49 - pretrain_logger - INFO - Pretrain time: 3885.177284002304s
[2026-06-25 05:56:49,149][pretrain_logger][INFO] - Pretrain time: 3885.177284002304s
2026-06-25 05:56:49 - pretrain_logger - INFO - Pretrain memory reserved: 100.00 MB
[2026-06-25 05:56:49,149][pretrain_logger][INFO] - Pretrain memory reserved: 100.00 MB
2026-06-25 05:56:49 - pretrain_logger - INFO - Pretrain memory allocated: 22.65 MB
[2026-06-25 05:56:49,149][pretrain_logger][INFO] - Pretrain memory allocated: 22.65 MB
2026-06-25 05:56:49 - pretrain_logger - INFO - Current learning rate: 0.0005
[2026-06-25 05:56:49,149][pretrain_logger][INFO] - Current learning rate: 0.0005
2026-06-25 05:56:49 - pretrain_logger - INFO - Logged epoch Pretrain 9 info to /public/home/202411094934/python_project/Spatio-Temporal-Library/time-series/2026-06-24/fedformer/pretrain10/electricity/time-series/seed_0/training_log.json
[2026-06-25 05:56:49,153][pretrain_logger][INFO] - Logged epoch Pretrain 9 info to /public/home/202411094934/python_project/Spatio-Temporal-Library/time-series/2026-06-24/fedformer/pretrain10/electricity/time-series/seed_0/training_log.json
2026-06-25 07:01:36 - pretrain_logger - INFO - [JEPA Pretrain] Epoch 10/10, loss=0.191446, time=3887.76s
[2026-06-25 07:01:36,911][pretrain_logger][INFO] - [JEPA Pretrain] Epoch 10/10, loss=0.191446, time=3887.76s
2026-06-25 07:01:36 - pretrain_logger - INFO - Pretrain loss: 0.1914460866610932
[2026-06-25 07:01:36,936][pretrain_logger][INFO] - Pretrain loss: 0.1914460866610932
2026-06-25 07:01:36 - pretrain_logger - INFO - Pretrain time: 3887.757491350174s
[2026-06-25 07:01:36,937][pretrain_logger][INFO] - Pretrain time: 3887.757491350174s
2026-06-25 07:01:36 - pretrain_logger - INFO - Pretrain memory reserved: 100.00 MB
[2026-06-25 07:01:36,937][pretrain_logger][INFO] - Pretrain memory reserved: 100.00 MB
2026-06-25 07:01:36 - pretrain_logger - INFO - Pretrain memory allocated: 22.65 MB
[2026-06-25 07:01:36,937][pretrain_logger][INFO] - Pretrain memory allocated: 22.65 MB
2026-06-25 07:01:36 - pretrain_logger - INFO - Current learning rate: 0.0005
[2026-06-25 07:01:36,937][pretrain_logger][INFO] - Current learning rate: 0.0005
2026-06-25 07:01:36 - pretrain_logger - INFO - Logged epoch Pretrain 10 info to /public/home/202411094934/python_project/Spatio-Temporal-Library/time-series/2026-06-24/fedformer/pretrain10/electricity/time-series/seed_0/training_log.json
[2026-06-25 07:01:36,941][pretrain_logger][INFO] - Logged epoch Pretrain 10 info to /public/home/202411094934/python_project/Spatio-Temporal-Library/time-series/2026-06-24/fedformer/pretrain10/electricity/time-series/seed_0/training_log.json
2026-06-25 07:01:36 - pretrain_logger - INFO - JEPA pretraining completed.
[2026-06-25 07:01:36,941][pretrain_logger][INFO] - JEPA pretraining completed.
