2026-06-23 12:41:30 - finetune_logger - INFO - Loaded pretrained checkpoint from: /public/home/202411094934/python_project/Spatio-Temporal-Library/time-series/2026-06-23/autoformer/pretrain10/exchange_rate/time-series/seed_2/jepa_pretrain_epoch_10.pth
Missing keys: []
Unexpected keys: []
[2026-06-23 12:41:30,730][finetune_logger][INFO] - Loaded pretrained checkpoint from: /public/home/202411094934/python_project/Spatio-Temporal-Library/time-series/2026-06-23/autoformer/pretrain10/exchange_rate/time-series/seed_2/jepa_pretrain_epoch_10.pth
Missing keys: []
Unexpected keys: []
2026-06-23 12:41:30 - finetune_logger - INFO - Model parameters: 189,320
[2026-06-23 12:41:30,733][finetune_logger][INFO] - Model parameters: 189,320
2026-06-23 12:41:30 - finetune_logger - INFO - Created new log file at /public/home/202411094934/python_project/Spatio-Temporal-Library/time-series/2026-06-23/autoformer/pretrain10_finetune10/exchange_rate/time-series/seed_2/training_log.json
[2026-06-23 12:41:30,735][finetune_logger][INFO] - Created new log file at /public/home/202411094934/python_project/Spatio-Temporal-Library/time-series/2026-06-23/autoformer/pretrain10_finetune10/exchange_rate/time-series/seed_2/training_log.json
2026-06-23 12:41:30 - finetune_logger - INFO - Starting training...
[2026-06-23 12:41:30,736][finetune_logger][INFO] - Starting training...
2026-06-23 12:41:30 - finetune_logger - INFO - Epoch 1/10
[2026-06-23 12:41:30,736][finetune_logger][INFO] - Epoch 1/10
2026-06-23 12:47:31 - finetune_logger - INFO - Train loss: 0.06295122991093456
[2026-06-23 12:47:31,327][finetune_logger][INFO] - Train loss: 0.06295122991093456
2026-06-23 12:47:31 - finetune_logger - INFO - Train time: 360.5909388065338s
[2026-06-23 12:47:31,328][finetune_logger][INFO] - Train time: 360.5909388065338s
2026-06-23 12:47:31 - finetune_logger - INFO - Train memory reserved: 40.00 MB
[2026-06-23 12:47:31,328][finetune_logger][INFO] - Train memory reserved: 40.00 MB
2026-06-23 12:47:31 - finetune_logger - INFO - Train memory allocated: 20.88 MB
[2026-06-23 12:47:31,328][finetune_logger][INFO] - Train memory allocated: 20.88 MB
2026-06-23 12:47:31 - finetune_logger - INFO - Current learning rate: 0.0005
[2026-06-23 12:47:31,328][finetune_logger][INFO] - Current learning rate: 0.0005
2026-06-23 12:47:44 - finetune_logger - INFO - Validation metrics: {'MAE': 0.031484246983472484, 'RMSE': 0.04438283784726027}
[2026-06-23 12:47:44,402][finetune_logger][INFO] - Validation metrics: {'MAE': 0.031484246983472484, 'RMSE': 0.04438283784726027}
2026-06-23 12:47:44 - finetune_logger - INFO - Val time: 13.07s
[2026-06-23 12:47:44,402][finetune_logger][INFO] - Val time: 13.07s
2026-06-23 12:47:44 - finetune_logger - INFO - Val memory reserved: 40.00 MB
[2026-06-23 12:47:44,402][finetune_logger][INFO] - Val memory reserved: 40.00 MB
2026-06-23 12:47:44 - finetune_logger - INFO - Val memory allocated: 20.88 MB
[2026-06-23 12:47:44,402][finetune_logger][INFO] - Val memory allocated: 20.88 MB
2026-06-23 12:47:44 - finetune_logger - INFO - Logged epoch 1 info to /public/home/202411094934/python_project/Spatio-Temporal-Library/time-series/2026-06-23/autoformer/pretrain10_finetune10/exchange_rate/time-series/seed_2/training_log.json
[2026-06-23 12:47:44,406][finetune_logger][INFO] - Logged epoch 1 info to /public/home/202411094934/python_project/Spatio-Temporal-Library/time-series/2026-06-23/autoformer/pretrain10_finetune10/exchange_rate/time-series/seed_2/training_log.json
2026-06-23 12:47:44 - finetune_logger - INFO - New best model! Val loss: 0.031484
[2026-06-23 12:47:44,406][finetune_logger][INFO] - New best model! Val loss: 0.031484
2026-06-23 12:48:16 - finetune_logger - INFO - Test metrics: {'MAE': 0.030355336367818665, 'RMSE': 0.043644152107188645}
[2026-06-23 12:48:16,995][finetune_logger][INFO] - Test metrics: {'MAE': 0.030355336367818665, 'RMSE': 0.043644152107188645}
2026-06-23 12:48:16 - finetune_logger - INFO - Test time: 32.54s
[2026-06-23 12:48:16,995][finetune_logger][INFO] - Test time: 32.54s
2026-06-23 12:48:16 - finetune_logger - INFO - Test memory reserved: 40.00 MB
[2026-06-23 12:48:16,995][finetune_logger][INFO] - Test memory reserved: 40.00 MB
2026-06-23 12:48:16 - finetune_logger - INFO - Test memory allocated: 20.88 MB
[2026-06-23 12:48:16,995][finetune_logger][INFO] - Test memory allocated: 20.88 MB
2026-06-23 12:48:16 - finetune_logger - INFO - Epoch 2/10
[2026-06-23 12:48:16,996][finetune_logger][INFO] - Epoch 2/10
2026-06-23 12:54:17 - finetune_logger - INFO - Train loss: 0.03478228575085816
[2026-06-23 12:54:17,595][finetune_logger][INFO] - Train loss: 0.03478228575085816
2026-06-23 12:54:17 - finetune_logger - INFO - Train time: 360.5986740589142s
[2026-06-23 12:54:17,595][finetune_logger][INFO] - Train time: 360.5986740589142s
2026-06-23 12:54:17 - finetune_logger - INFO - Train memory reserved: 40.00 MB
[2026-06-23 12:54:17,595][finetune_logger][INFO] - Train memory reserved: 40.00 MB
2026-06-23 12:54:17 - finetune_logger - INFO - Train memory allocated: 20.88 MB
[2026-06-23 12:54:17,595][finetune_logger][INFO] - Train memory allocated: 20.88 MB
2026-06-23 12:54:17 - finetune_logger - INFO - Current learning rate: 0.0005
[2026-06-23 12:54:17,595][finetune_logger][INFO] - Current learning rate: 0.0005
2026-06-23 12:54:30 - finetune_logger - INFO - Validation metrics: {'MAE': 0.029628525278855043, 'RMSE': 0.042540707619894126}
[2026-06-23 12:54:30,604][finetune_logger][INFO] - Validation metrics: {'MAE': 0.029628525278855043, 'RMSE': 0.042540707619894126}
2026-06-23 12:54:30 - finetune_logger - INFO - Val time: 13.01s
[2026-06-23 12:54:30,604][finetune_logger][INFO] - Val time: 13.01s
2026-06-23 12:54:30 - finetune_logger - INFO - Val memory reserved: 40.00 MB
[2026-06-23 12:54:30,604][finetune_logger][INFO] - Val memory reserved: 40.00 MB
2026-06-23 12:54:30 - finetune_logger - INFO - Val memory allocated: 20.88 MB
[2026-06-23 12:54:30,604][finetune_logger][INFO] - Val memory allocated: 20.88 MB
2026-06-23 12:54:30 - finetune_logger - INFO - Logged epoch 2 info to /public/home/202411094934/python_project/Spatio-Temporal-Library/time-series/2026-06-23/autoformer/pretrain10_finetune10/exchange_rate/time-series/seed_2/training_log.json
[2026-06-23 12:54:30,607][finetune_logger][INFO] - Logged epoch 2 info to /public/home/202411094934/python_project/Spatio-Temporal-Library/time-series/2026-06-23/autoformer/pretrain10_finetune10/exchange_rate/time-series/seed_2/training_log.json
2026-06-23 12:54:30 - finetune_logger - INFO - New best model! Val loss: 0.029629
[2026-06-23 12:54:30,607][finetune_logger][INFO] - New best model! Val loss: 0.029629
2026-06-23 12:55:03 - finetune_logger - INFO - Test metrics: {'MAE': 0.02548303826096103, 'RMSE': 0.03755297182905894}
[2026-06-23 12:55:03,046][finetune_logger][INFO] - Test metrics: {'MAE': 0.02548303826096103, 'RMSE': 0.03755297182905894}
2026-06-23 12:55:03 - finetune_logger - INFO - Test time: 32.39s
[2026-06-23 12:55:03,046][finetune_logger][INFO] - Test time: 32.39s
2026-06-23 12:55:03 - finetune_logger - INFO - Test memory reserved: 40.00 MB
[2026-06-23 12:55:03,046][finetune_logger][INFO] - Test memory reserved: 40.00 MB
2026-06-23 12:55:03 - finetune_logger - INFO - Test memory allocated: 20.88 MB
[2026-06-23 12:55:03,047][finetune_logger][INFO] - Test memory allocated: 20.88 MB
2026-06-23 12:55:03 - finetune_logger - INFO - Epoch 3/10
[2026-06-23 12:55:03,047][finetune_logger][INFO] - Epoch 3/10
2026-06-23 13:01:03 - finetune_logger - INFO - Train loss: 0.02916245550783693
[2026-06-23 13:01:03,518][finetune_logger][INFO] - Train loss: 0.02916245550783693
2026-06-23 13:01:03 - finetune_logger - INFO - Train time: 360.47040939331055s
[2026-06-23 13:01:03,518][finetune_logger][INFO] - Train time: 360.47040939331055s
2026-06-23 13:01:03 - finetune_logger - INFO - Train memory reserved: 40.00 MB
[2026-06-23 13:01:03,518][finetune_logger][INFO] - Train memory reserved: 40.00 MB
2026-06-23 13:01:03 - finetune_logger - INFO - Train memory allocated: 20.88 MB
[2026-06-23 13:01:03,518][finetune_logger][INFO] - Train memory allocated: 20.88 MB
2026-06-23 13:01:03 - finetune_logger - INFO - Current learning rate: 0.0005
[2026-06-23 13:01:03,518][finetune_logger][INFO] - Current learning rate: 0.0005
2026-06-23 13:01:16 - finetune_logger - INFO - Validation metrics: {'MAE': 0.02924126070585275, 'RMSE': 0.041912591381083615}
[2026-06-23 13:01:16,528][finetune_logger][INFO] - Validation metrics: {'MAE': 0.02924126070585275, 'RMSE': 0.041912591381083615}
2026-06-23 13:01:16 - finetune_logger - INFO - Val time: 13.01s
[2026-06-23 13:01:16,528][finetune_logger][INFO] - Val time: 13.01s
2026-06-23 13:01:16 - finetune_logger - INFO - Val memory reserved: 40.00 MB
[2026-06-23 13:01:16,528][finetune_logger][INFO] - Val memory reserved: 40.00 MB
2026-06-23 13:01:16 - finetune_logger - INFO - Val memory allocated: 20.88 MB
[2026-06-23 13:01:16,528][finetune_logger][INFO] - Val memory allocated: 20.88 MB
2026-06-23 13:01:16 - finetune_logger - INFO - Logged epoch 3 info to /public/home/202411094934/python_project/Spatio-Temporal-Library/time-series/2026-06-23/autoformer/pretrain10_finetune10/exchange_rate/time-series/seed_2/training_log.json
[2026-06-23 13:01:16,531][finetune_logger][INFO] - Logged epoch 3 info to /public/home/202411094934/python_project/Spatio-Temporal-Library/time-series/2026-06-23/autoformer/pretrain10_finetune10/exchange_rate/time-series/seed_2/training_log.json
2026-06-23 13:01:16 - finetune_logger - INFO - New best model! Val loss: 0.029241
[2026-06-23 13:01:16,531][finetune_logger][INFO] - New best model! Val loss: 0.029241
2026-06-23 13:01:49 - finetune_logger - INFO - Test metrics: {'MAE': 0.024306962607705467, 'RMSE': 0.035467976962121894}
[2026-06-23 13:01:49,109][finetune_logger][INFO] - Test metrics: {'MAE': 0.024306962607705467, 'RMSE': 0.035467976962121894}
2026-06-23 13:01:49 - finetune_logger - INFO - Test time: 32.52s
[2026-06-23 13:01:49,109][finetune_logger][INFO] - Test time: 32.52s
2026-06-23 13:01:49 - finetune_logger - INFO - Test memory reserved: 40.00 MB
[2026-06-23 13:01:49,109][finetune_logger][INFO] - Test memory reserved: 40.00 MB
2026-06-23 13:01:49 - finetune_logger - INFO - Test memory allocated: 20.88 MB
[2026-06-23 13:01:49,109][finetune_logger][INFO] - Test memory allocated: 20.88 MB
2026-06-23 13:01:49 - finetune_logger - INFO - Epoch 4/10
[2026-06-23 13:01:49,109][finetune_logger][INFO] - Epoch 4/10
2026-06-23 13:07:48 - finetune_logger - INFO - Train loss: 0.027192473105601384
[2026-06-23 13:07:48,267][finetune_logger][INFO] - Train loss: 0.027192473105601384
2026-06-23 13:07:48 - finetune_logger - INFO - Train time: 359.15719628334045s
[2026-06-23 13:07:48,267][finetune_logger][INFO] - Train time: 359.15719628334045s
2026-06-23 13:07:48 - finetune_logger - INFO - Train memory reserved: 40.00 MB
[2026-06-23 13:07:48,268][finetune_logger][INFO] - Train memory reserved: 40.00 MB
2026-06-23 13:07:48 - finetune_logger - INFO - Train memory allocated: 20.88 MB
[2026-06-23 13:07:48,268][finetune_logger][INFO] - Train memory allocated: 20.88 MB
2026-06-23 13:07:48 - finetune_logger - INFO - Current learning rate: 0.0005
[2026-06-23 13:07:48,268][finetune_logger][INFO] - Current learning rate: 0.0005
2026-06-23 13:08:01 - finetune_logger - INFO - Validation metrics: {'MAE': 0.027604453195308586, 'RMSE': 0.04023790270623342}
[2026-06-23 13:08:01,293][finetune_logger][INFO] - Validation metrics: {'MAE': 0.027604453195308586, 'RMSE': 0.04023790270623342}
2026-06-23 13:08:01 - finetune_logger - INFO - Val time: 13.03s
[2026-06-23 13:08:01,294][finetune_logger][INFO] - Val time: 13.03s
2026-06-23 13:08:01 - finetune_logger - INFO - Val memory reserved: 40.00 MB
[2026-06-23 13:08:01,294][finetune_logger][INFO] - Val memory reserved: 40.00 MB
2026-06-23 13:08:01 - finetune_logger - INFO - Val memory allocated: 20.88 MB
[2026-06-23 13:08:01,294][finetune_logger][INFO] - Val memory allocated: 20.88 MB
2026-06-23 13:08:01 - finetune_logger - INFO - Logged epoch 4 info to /public/home/202411094934/python_project/Spatio-Temporal-Library/time-series/2026-06-23/autoformer/pretrain10_finetune10/exchange_rate/time-series/seed_2/training_log.json
[2026-06-23 13:08:01,296][finetune_logger][INFO] - Logged epoch 4 info to /public/home/202411094934/python_project/Spatio-Temporal-Library/time-series/2026-06-23/autoformer/pretrain10_finetune10/exchange_rate/time-series/seed_2/training_log.json
2026-06-23 13:08:01 - finetune_logger - INFO - New best model! Val loss: 0.027604
[2026-06-23 13:08:01,297][finetune_logger][INFO] - New best model! Val loss: 0.027604
2026-06-23 13:08:33 - finetune_logger - INFO - Test metrics: {'MAE': 0.023960599794400277, 'RMSE': 0.03530430928523991}
[2026-06-23 13:08:33,996][finetune_logger][INFO] - Test metrics: {'MAE': 0.023960599794400277, 'RMSE': 0.03530430928523991}
2026-06-23 13:08:33 - finetune_logger - INFO - Test time: 32.65s
[2026-06-23 13:08:33,996][finetune_logger][INFO] - Test time: 32.65s
2026-06-23 13:08:33 - finetune_logger - INFO - Test memory reserved: 40.00 MB
[2026-06-23 13:08:33,996][finetune_logger][INFO] - Test memory reserved: 40.00 MB
2026-06-23 13:08:33 - finetune_logger - INFO - Test memory allocated: 20.88 MB
[2026-06-23 13:08:33,996][finetune_logger][INFO] - Test memory allocated: 20.88 MB
2026-06-23 13:08:33 - finetune_logger - INFO - Epoch 5/10
[2026-06-23 13:08:33,996][finetune_logger][INFO] - Epoch 5/10
2026-06-23 13:14:34 - finetune_logger - INFO - Train loss: 0.026131418637696857
[2026-06-23 13:14:34,623][finetune_logger][INFO] - Train loss: 0.026131418637696857
2026-06-23 13:14:34 - finetune_logger - INFO - Train time: 360.6264452934265s
[2026-06-23 13:14:34,624][finetune_logger][INFO] - Train time: 360.6264452934265s
2026-06-23 13:14:34 - finetune_logger - INFO - Train memory reserved: 40.00 MB
[2026-06-23 13:14:34,624][finetune_logger][INFO] - Train memory reserved: 40.00 MB
2026-06-23 13:14:34 - finetune_logger - INFO - Train memory allocated: 20.88 MB
[2026-06-23 13:14:34,624][finetune_logger][INFO] - Train memory allocated: 20.88 MB
2026-06-23 13:14:34 - finetune_logger - INFO - Current learning rate: 0.0005
[2026-06-23 13:14:34,624][finetune_logger][INFO] - Current learning rate: 0.0005
2026-06-23 13:14:47 - finetune_logger - INFO - Validation metrics: {'MAE': 0.0319824121062964, 'RMSE': 0.04543841737239188}
[2026-06-23 13:14:47,603][finetune_logger][INFO] - Validation metrics: {'MAE': 0.0319824121062964, 'RMSE': 0.04543841737239188}
2026-06-23 13:14:47 - finetune_logger - INFO - Val time: 12.98s
[2026-06-23 13:14:47,604][finetune_logger][INFO] - Val time: 12.98s
2026-06-23 13:14:47 - finetune_logger - INFO - Val memory reserved: 40.00 MB
[2026-06-23 13:14:47,604][finetune_logger][INFO] - Val memory reserved: 40.00 MB
2026-06-23 13:14:47 - finetune_logger - INFO - Val memory allocated: 20.88 MB
[2026-06-23 13:14:47,604][finetune_logger][INFO] - Val memory allocated: 20.88 MB
2026-06-23 13:14:47 - finetune_logger - INFO - Logged epoch 5 info to /public/home/202411094934/python_project/Spatio-Temporal-Library/time-series/2026-06-23/autoformer/pretrain10_finetune10/exchange_rate/time-series/seed_2/training_log.json
[2026-06-23 13:14:47,607][finetune_logger][INFO] - Logged epoch 5 info to /public/home/202411094934/python_project/Spatio-Temporal-Library/time-series/2026-06-23/autoformer/pretrain10_finetune10/exchange_rate/time-series/seed_2/training_log.json
2026-06-23 13:15:20 - finetune_logger - INFO - Test metrics: {'MAE': 0.025944168823093295, 'RMSE': 0.03844537176678094}
[2026-06-23 13:15:20,190][finetune_logger][INFO] - Test metrics: {'MAE': 0.025944168823093295, 'RMSE': 0.03844537176678094}
2026-06-23 13:15:20 - finetune_logger - INFO - Test time: 32.58s
[2026-06-23 13:15:20,190][finetune_logger][INFO] - Test time: 32.58s
2026-06-23 13:15:20 - finetune_logger - INFO - Test memory reserved: 40.00 MB
[2026-06-23 13:15:20,190][finetune_logger][INFO] - Test memory reserved: 40.00 MB
2026-06-23 13:15:20 - finetune_logger - INFO - Test memory allocated: 20.88 MB
[2026-06-23 13:15:20,191][finetune_logger][INFO] - Test memory allocated: 20.88 MB
2026-06-23 13:15:20 - finetune_logger - INFO - Epoch 6/10
[2026-06-23 13:15:20,191][finetune_logger][INFO] - Epoch 6/10
2026-06-23 13:21:20 - finetune_logger - INFO - Train loss: 0.025354343839100173
[2026-06-23 13:21:20,609][finetune_logger][INFO] - Train loss: 0.025354343839100173
2026-06-23 13:21:20 - finetune_logger - INFO - Train time: 360.41739797592163s
[2026-06-23 13:21:20,609][finetune_logger][INFO] - Train time: 360.41739797592163s
2026-06-23 13:21:20 - finetune_logger - INFO - Train memory reserved: 40.00 MB
[2026-06-23 13:21:20,609][finetune_logger][INFO] - Train memory reserved: 40.00 MB
2026-06-23 13:21:20 - finetune_logger - INFO - Train memory allocated: 20.88 MB
[2026-06-23 13:21:20,609][finetune_logger][INFO] - Train memory allocated: 20.88 MB
2026-06-23 13:21:20 - finetune_logger - INFO - Current learning rate: 0.0005
[2026-06-23 13:21:20,609][finetune_logger][INFO] - Current learning rate: 0.0005
2026-06-23 13:21:33 - finetune_logger - INFO - Validation metrics: {'MAE': 0.026560078730536407, 'RMSE': 0.03937282232904647}
[2026-06-23 13:21:33,594][finetune_logger][INFO] - Validation metrics: {'MAE': 0.026560078730536407, 'RMSE': 0.03937282232904647}
2026-06-23 13:21:33 - finetune_logger - INFO - Val time: 12.98s
[2026-06-23 13:21:33,595][finetune_logger][INFO] - Val time: 12.98s
2026-06-23 13:21:33 - finetune_logger - INFO - Val memory reserved: 40.00 MB
[2026-06-23 13:21:33,595][finetune_logger][INFO] - Val memory reserved: 40.00 MB
2026-06-23 13:21:33 - finetune_logger - INFO - Val memory allocated: 20.88 MB
[2026-06-23 13:21:33,595][finetune_logger][INFO] - Val memory allocated: 20.88 MB
2026-06-23 13:21:33 - finetune_logger - INFO - Logged epoch 6 info to /public/home/202411094934/python_project/Spatio-Temporal-Library/time-series/2026-06-23/autoformer/pretrain10_finetune10/exchange_rate/time-series/seed_2/training_log.json
[2026-06-23 13:21:33,598][finetune_logger][INFO] - Logged epoch 6 info to /public/home/202411094934/python_project/Spatio-Temporal-Library/time-series/2026-06-23/autoformer/pretrain10_finetune10/exchange_rate/time-series/seed_2/training_log.json
2026-06-23 13:21:33 - finetune_logger - INFO - New best model! Val loss: 0.026560
[2026-06-23 13:21:33,598][finetune_logger][INFO] - New best model! Val loss: 0.026560
2026-06-23 13:22:06 - finetune_logger - INFO - Test metrics: {'MAE': 0.024254294197794183, 'RMSE': 0.03555622728632861}
[2026-06-23 13:22:06,123][finetune_logger][INFO] - Test metrics: {'MAE': 0.024254294197794183, 'RMSE': 0.03555622728632861}
2026-06-23 13:22:06 - finetune_logger - INFO - Test time: 32.47s
[2026-06-23 13:22:06,123][finetune_logger][INFO] - Test time: 32.47s
2026-06-23 13:22:06 - finetune_logger - INFO - Test memory reserved: 40.00 MB
[2026-06-23 13:22:06,123][finetune_logger][INFO] - Test memory reserved: 40.00 MB
2026-06-23 13:22:06 - finetune_logger - INFO - Test memory allocated: 20.88 MB
[2026-06-23 13:22:06,124][finetune_logger][INFO] - Test memory allocated: 20.88 MB
2026-06-23 13:22:06 - finetune_logger - INFO - Epoch 7/10
[2026-06-23 13:22:06,124][finetune_logger][INFO] - Epoch 7/10
2026-06-23 13:28:06 - finetune_logger - INFO - Train loss: 0.024554615668087344
[2026-06-23 13:28:06,724][finetune_logger][INFO] - Train loss: 0.024554615668087344
2026-06-23 13:28:06 - finetune_logger - INFO - Train time: 360.5995628833771s
[2026-06-23 13:28:06,724][finetune_logger][INFO] - Train time: 360.5995628833771s
2026-06-23 13:28:06 - finetune_logger - INFO - Train memory reserved: 40.00 MB
[2026-06-23 13:28:06,724][finetune_logger][INFO] - Train memory reserved: 40.00 MB
2026-06-23 13:28:06 - finetune_logger - INFO - Train memory allocated: 20.88 MB
[2026-06-23 13:28:06,724][finetune_logger][INFO] - Train memory allocated: 20.88 MB
2026-06-23 13:28:06 - finetune_logger - INFO - Current learning rate: 0.0005
[2026-06-23 13:28:06,724][finetune_logger][INFO] - Current learning rate: 0.0005
2026-06-23 13:28:19 - finetune_logger - INFO - Validation metrics: {'MAE': 0.027292623575295428, 'RMSE': 0.04007628686340978}
[2026-06-23 13:28:19,741][finetune_logger][INFO] - Validation metrics: {'MAE': 0.027292623575295428, 'RMSE': 0.04007628686340978}
2026-06-23 13:28:19 - finetune_logger - INFO - Val time: 13.02s
[2026-06-23 13:28:19,741][finetune_logger][INFO] - Val time: 13.02s
2026-06-23 13:28:19 - finetune_logger - INFO - Val memory reserved: 40.00 MB
[2026-06-23 13:28:19,742][finetune_logger][INFO] - Val memory reserved: 40.00 MB
2026-06-23 13:28:19 - finetune_logger - INFO - Val memory allocated: 20.88 MB
[2026-06-23 13:28:19,742][finetune_logger][INFO] - Val memory allocated: 20.88 MB
2026-06-23 13:28:19 - finetune_logger - INFO - Logged epoch 7 info to /public/home/202411094934/python_project/Spatio-Temporal-Library/time-series/2026-06-23/autoformer/pretrain10_finetune10/exchange_rate/time-series/seed_2/training_log.json
[2026-06-23 13:28:19,745][finetune_logger][INFO] - Logged epoch 7 info to /public/home/202411094934/python_project/Spatio-Temporal-Library/time-series/2026-06-23/autoformer/pretrain10_finetune10/exchange_rate/time-series/seed_2/training_log.json
2026-06-23 13:28:52 - finetune_logger - INFO - Test metrics: {'MAE': 0.02378930539538187, 'RMSE': 0.03569545672434274}
[2026-06-23 13:28:52,228][finetune_logger][INFO] - Test metrics: {'MAE': 0.02378930539538187, 'RMSE': 0.03569545672434274}
2026-06-23 13:28:52 - finetune_logger - INFO - Test time: 32.48s
[2026-06-23 13:28:52,229][finetune_logger][INFO] - Test time: 32.48s
2026-06-23 13:28:52 - finetune_logger - INFO - Test memory reserved: 40.00 MB
[2026-06-23 13:28:52,229][finetune_logger][INFO] - Test memory reserved: 40.00 MB
2026-06-23 13:28:52 - finetune_logger - INFO - Test memory allocated: 20.88 MB
[2026-06-23 13:28:52,229][finetune_logger][INFO] - Test memory allocated: 20.88 MB
2026-06-23 13:28:52 - finetune_logger - INFO - Epoch 8/10
[2026-06-23 13:28:52,229][finetune_logger][INFO] - Epoch 8/10
2026-06-23 13:34:52 - finetune_logger - INFO - Train loss: 0.02390636096482266
[2026-06-23 13:34:52,744][finetune_logger][INFO] - Train loss: 0.02390636096482266
2026-06-23 13:34:52 - finetune_logger - INFO - Train time: 360.51413798332214s
[2026-06-23 13:34:52,744][finetune_logger][INFO] - Train time: 360.51413798332214s
2026-06-23 13:34:52 - finetune_logger - INFO - Train memory reserved: 40.00 MB
[2026-06-23 13:34:52,744][finetune_logger][INFO] - Train memory reserved: 40.00 MB
2026-06-23 13:34:52 - finetune_logger - INFO - Train memory allocated: 20.88 MB
[2026-06-23 13:34:52,744][finetune_logger][INFO] - Train memory allocated: 20.88 MB
2026-06-23 13:34:52 - finetune_logger - INFO - Current learning rate: 0.0005
[2026-06-23 13:34:52,744][finetune_logger][INFO] - Current learning rate: 0.0005
2026-06-23 13:35:05 - finetune_logger - INFO - Validation metrics: {'MAE': 0.0257126721007301, 'RMSE': 0.03814786910699684}
[2026-06-23 13:35:05,785][finetune_logger][INFO] - Validation metrics: {'MAE': 0.0257126721007301, 'RMSE': 0.03814786910699684}
2026-06-23 13:35:05 - finetune_logger - INFO - Val time: 13.04s
[2026-06-23 13:35:05,785][finetune_logger][INFO] - Val time: 13.04s
2026-06-23 13:35:05 - finetune_logger - INFO - Val memory reserved: 40.00 MB
[2026-06-23 13:35:05,785][finetune_logger][INFO] - Val memory reserved: 40.00 MB
2026-06-23 13:35:05 - finetune_logger - INFO - Val memory allocated: 20.88 MB
[2026-06-23 13:35:05,785][finetune_logger][INFO] - Val memory allocated: 20.88 MB
2026-06-23 13:35:05 - finetune_logger - INFO - Logged epoch 8 info to /public/home/202411094934/python_project/Spatio-Temporal-Library/time-series/2026-06-23/autoformer/pretrain10_finetune10/exchange_rate/time-series/seed_2/training_log.json
[2026-06-23 13:35:05,788][finetune_logger][INFO] - Logged epoch 8 info to /public/home/202411094934/python_project/Spatio-Temporal-Library/time-series/2026-06-23/autoformer/pretrain10_finetune10/exchange_rate/time-series/seed_2/training_log.json
2026-06-23 13:35:05 - finetune_logger - INFO - New best model! Val loss: 0.025713
[2026-06-23 13:35:05,788][finetune_logger][INFO] - New best model! Val loss: 0.025713
2026-06-23 13:35:38 - finetune_logger - INFO - Test metrics: {'MAE': 0.024128110390421748, 'RMSE': 0.03616145789134016}
[2026-06-23 13:35:38,380][finetune_logger][INFO] - Test metrics: {'MAE': 0.024128110390421748, 'RMSE': 0.03616145789134016}
2026-06-23 13:35:38 - finetune_logger - INFO - Test time: 32.54s
[2026-06-23 13:35:38,380][finetune_logger][INFO] - Test time: 32.54s
2026-06-23 13:35:38 - finetune_logger - INFO - Test memory reserved: 40.00 MB
[2026-06-23 13:35:38,380][finetune_logger][INFO] - Test memory reserved: 40.00 MB
2026-06-23 13:35:38 - finetune_logger - INFO - Test memory allocated: 20.88 MB
[2026-06-23 13:35:38,381][finetune_logger][INFO] - Test memory allocated: 20.88 MB
2026-06-23 13:35:38 - finetune_logger - INFO - Epoch 9/10
[2026-06-23 13:35:38,381][finetune_logger][INFO] - Epoch 9/10
2026-06-23 13:41:38 - finetune_logger - INFO - Train loss: 0.023295742877087678
[2026-06-23 13:41:38,996][finetune_logger][INFO] - Train loss: 0.023295742877087678
2026-06-23 13:41:38 - finetune_logger - INFO - Train time: 360.61474680900574s
[2026-06-23 13:41:38,996][finetune_logger][INFO] - Train time: 360.61474680900574s
2026-06-23 13:41:38 - finetune_logger - INFO - Train memory reserved: 40.00 MB
[2026-06-23 13:41:38,996][finetune_logger][INFO] - Train memory reserved: 40.00 MB
2026-06-23 13:41:38 - finetune_logger - INFO - Train memory allocated: 20.88 MB
[2026-06-23 13:41:38,997][finetune_logger][INFO] - Train memory allocated: 20.88 MB
2026-06-23 13:41:38 - finetune_logger - INFO - Current learning rate: 0.0005
[2026-06-23 13:41:38,997][finetune_logger][INFO] - Current learning rate: 0.0005
2026-06-23 13:41:52 - finetune_logger - INFO - Validation metrics: {'MAE': 0.026372160519997218, 'RMSE': 0.03910261179296442}
[2026-06-23 13:41:52,038][finetune_logger][INFO] - Validation metrics: {'MAE': 0.026372160519997218, 'RMSE': 0.03910261179296442}
2026-06-23 13:41:52 - finetune_logger - INFO - Val time: 13.04s
[2026-06-23 13:41:52,038][finetune_logger][INFO] - Val time: 13.04s
2026-06-23 13:41:52 - finetune_logger - INFO - Val memory reserved: 40.00 MB
[2026-06-23 13:41:52,038][finetune_logger][INFO] - Val memory reserved: 40.00 MB
2026-06-23 13:41:52 - finetune_logger - INFO - Val memory allocated: 20.88 MB
[2026-06-23 13:41:52,039][finetune_logger][INFO] - Val memory allocated: 20.88 MB
2026-06-23 13:41:52 - finetune_logger - INFO - Logged epoch 9 info to /public/home/202411094934/python_project/Spatio-Temporal-Library/time-series/2026-06-23/autoformer/pretrain10_finetune10/exchange_rate/time-series/seed_2/training_log.json
[2026-06-23 13:41:52,041][finetune_logger][INFO] - Logged epoch 9 info to /public/home/202411094934/python_project/Spatio-Temporal-Library/time-series/2026-06-23/autoformer/pretrain10_finetune10/exchange_rate/time-series/seed_2/training_log.json
2026-06-23 13:42:24 - finetune_logger - INFO - Test metrics: {'MAE': 0.024497702076391584, 'RMSE': 0.036449161481224096}
[2026-06-23 13:42:24,621][finetune_logger][INFO] - Test metrics: {'MAE': 0.024497702076391584, 'RMSE': 0.036449161481224096}
2026-06-23 13:42:24 - finetune_logger - INFO - Test time: 32.58s
[2026-06-23 13:42:24,621][finetune_logger][INFO] - Test time: 32.58s
2026-06-23 13:42:24 - finetune_logger - INFO - Test memory reserved: 40.00 MB
[2026-06-23 13:42:24,621][finetune_logger][INFO] - Test memory reserved: 40.00 MB
2026-06-23 13:42:24 - finetune_logger - INFO - Test memory allocated: 20.88 MB
[2026-06-23 13:42:24,621][finetune_logger][INFO] - Test memory allocated: 20.88 MB
2026-06-23 13:42:24 - finetune_logger - INFO - Epoch 10/10
[2026-06-23 13:42:24,621][finetune_logger][INFO] - Epoch 10/10
2026-06-23 13:48:24 - finetune_logger - INFO - Train loss: 0.02280684586168967
[2026-06-23 13:48:24,897][finetune_logger][INFO] - Train loss: 0.02280684586168967
2026-06-23 13:48:24 - finetune_logger - INFO - Train time: 360.27469062805176s
[2026-06-23 13:48:24,897][finetune_logger][INFO] - Train time: 360.27469062805176s
2026-06-23 13:48:24 - finetune_logger - INFO - Train memory reserved: 40.00 MB
[2026-06-23 13:48:24,897][finetune_logger][INFO] - Train memory reserved: 40.00 MB
2026-06-23 13:48:24 - finetune_logger - INFO - Train memory allocated: 20.88 MB
[2026-06-23 13:48:24,897][finetune_logger][INFO] - Train memory allocated: 20.88 MB
2026-06-23 13:48:24 - finetune_logger - INFO - Current learning rate: 0.0005
[2026-06-23 13:48:24,897][finetune_logger][INFO] - Current learning rate: 0.0005
2026-06-23 13:48:37 - finetune_logger - INFO - Validation metrics: {'MAE': 0.02788487201923169, 'RMSE': 0.04074615198252329}
[2026-06-23 13:48:37,882][finetune_logger][INFO] - Validation metrics: {'MAE': 0.02788487201923169, 'RMSE': 0.04074615198252329}
2026-06-23 13:48:37 - finetune_logger - INFO - Val time: 12.98s
[2026-06-23 13:48:37,883][finetune_logger][INFO] - Val time: 12.98s
2026-06-23 13:48:37 - finetune_logger - INFO - Val memory reserved: 40.00 MB
[2026-06-23 13:48:37,883][finetune_logger][INFO] - Val memory reserved: 40.00 MB
2026-06-23 13:48:37 - finetune_logger - INFO - Val memory allocated: 20.88 MB
[2026-06-23 13:48:37,883][finetune_logger][INFO] - Val memory allocated: 20.88 MB
2026-06-23 13:48:37 - finetune_logger - INFO - Logged epoch 10 info to /public/home/202411094934/python_project/Spatio-Temporal-Library/time-series/2026-06-23/autoformer/pretrain10_finetune10/exchange_rate/time-series/seed_2/training_log.json
[2026-06-23 13:48:37,886][finetune_logger][INFO] - Logged epoch 10 info to /public/home/202411094934/python_project/Spatio-Temporal-Library/time-series/2026-06-23/autoformer/pretrain10_finetune10/exchange_rate/time-series/seed_2/training_log.json
2026-06-23 13:49:10 - finetune_logger - INFO - Test metrics: {'MAE': 0.024148251344833, 'RMSE': 0.03613908703533248}
[2026-06-23 13:49:10,457][finetune_logger][INFO] - Test metrics: {'MAE': 0.024148251344833, 'RMSE': 0.03613908703533248}
2026-06-23 13:49:10 - finetune_logger - INFO - Test time: 32.54s
[2026-06-23 13:49:10,457][finetune_logger][INFO] - Test time: 32.54s
2026-06-23 13:49:10 - finetune_logger - INFO - Test memory reserved: 40.00 MB
[2026-06-23 13:49:10,458][finetune_logger][INFO] - Test memory reserved: 40.00 MB
2026-06-23 13:49:10 - finetune_logger - INFO - Test memory allocated: 20.88 MB
[2026-06-23 13:49:10,458][finetune_logger][INFO] - Test memory allocated: 20.88 MB
2026-06-23 13:49:10 - finetune_logger - INFO - Training completed. Best epoch: 8, Best val loss: 0.025713
[2026-06-23 13:49:10,458][finetune_logger][INFO] - Training completed. Best epoch: 8, Best val loss: 0.025713
2026-06-23 13:49:10 - finetune_logger - INFO - Loaded checkpoint from epoch 8
[2026-06-23 13:49:10,495][finetune_logger][INFO] - Loaded checkpoint from epoch 8
2026-06-23 13:49:10 - finetune_logger - INFO - Evaluating best model on test sets...
[2026-06-23 13:49:10,495][finetune_logger][INFO] - Evaluating best model on test sets...
2026-06-23 13:49:42 - finetune_logger - INFO - Test metrics: {'MAE': 0.024128110390421748, 'RMSE': 0.03616145789134016}
[2026-06-23 13:49:42,866][finetune_logger][INFO] - Test metrics: {'MAE': 0.024128110390421748, 'RMSE': 0.03616145789134016}
2026-06-23 13:49:42 - finetune_logger - INFO - Test time: 32.37s
[2026-06-23 13:49:42,867][finetune_logger][INFO] - Test time: 32.37s
2026-06-23 13:49:42 - finetune_logger - INFO - Test memory reserved: 60.00 MB
[2026-06-23 13:49:42,867][finetune_logger][INFO] - Test memory reserved: 60.00 MB
2026-06-23 13:49:42 - finetune_logger - INFO - Test memory allocated: 20.92 MB
[2026-06-23 13:49:42,867][finetune_logger][INFO] - Test memory allocated: 20.92 MB
2026-06-23 13:49:42 - finetune_logger - INFO - Logged epoch test info to /public/home/202411094934/python_project/Spatio-Temporal-Library/time-series/2026-06-23/autoformer/pretrain10_finetune10/exchange_rate/time-series/seed_2/training_log.json
[2026-06-23 13:49:42,870][finetune_logger][INFO] - Logged epoch test info to /public/home/202411094934/python_project/Spatio-Temporal-Library/time-series/2026-06-23/autoformer/pretrain10_finetune10/exchange_rate/time-series/seed_2/training_log.json
