2026-06-13 21:28:59 - pretrain_logger - INFO - Model parameters: 812,384
[2026-06-13 21:28:59,204][pretrain_logger][INFO] - Model parameters: 812,384
2026-06-13 21:29:00 - pretrain_logger - INFO - Created new log file at /public/home/202411094934/python_project/Spatio-Temporal-Library/time-series/2026-06-13/crossformer/pretrain10/pulse/time-series/seed_0/training_log.json
[2026-06-13 21:29:00,266][pretrain_logger][INFO] - Created new log file at /public/home/202411094934/python_project/Spatio-Temporal-Library/time-series/2026-06-13/crossformer/pretrain10/pulse/time-series/seed_0/training_log.json
2026-06-13 21:29:00 - pretrain_logger - INFO - Starting JEPA pretraining...
[2026-06-13 21:29:00,266][pretrain_logger][INFO] - Starting JEPA pretraining...
2026-06-13 21:31:42 - pretrain_logger - INFO - Model parameters: 812,384
[2026-06-13 21:31:42,292][pretrain_logger][INFO] - Model parameters: 812,384
2026-06-13 21:31:43 - pretrain_logger - INFO - Log file already exists at /public/home/202411094934/python_project/Spatio-Temporal-Library/time-series/2026-06-13/crossformer/pretrain10/pulse/time-series/seed_0/training_log.json, appending to it.
[2026-06-13 21:31:43,350][pretrain_logger][INFO] - Log file already exists at /public/home/202411094934/python_project/Spatio-Temporal-Library/time-series/2026-06-13/crossformer/pretrain10/pulse/time-series/seed_0/training_log.json, appending to it.
2026-06-13 21:31:43 - pretrain_logger - INFO - Starting JEPA pretraining...
[2026-06-13 21:31:43,350][pretrain_logger][INFO] - Starting JEPA pretraining...
2026-06-13 21:39:06 - pretrain_logger - INFO - [JEPA Pretrain] Epoch 1/10, loss=0.310994, time=443.19s
[2026-06-13 21:39:06,536][pretrain_logger][INFO] - [JEPA Pretrain] Epoch 1/10, loss=0.310994, time=443.19s
2026-06-13 21:39:06 - pretrain_logger - INFO - Pretrain loss: 0.31099438403207036
[2026-06-13 21:39:06,537][pretrain_logger][INFO] - Pretrain loss: 0.31099438403207036
2026-06-13 21:39:06 - pretrain_logger - INFO - Pretrain time: 443.18588304519653s
[2026-06-13 21:39:06,537][pretrain_logger][INFO] - Pretrain time: 443.18588304519653s
2026-06-13 21:39:06 - pretrain_logger - INFO - Pretrain memory reserved: 34.00 MB
[2026-06-13 21:39:06,537][pretrain_logger][INFO] - Pretrain memory reserved: 34.00 MB
2026-06-13 21:39:06 - pretrain_logger - INFO - Pretrain memory allocated: 21.99 MB
[2026-06-13 21:39:06,538][pretrain_logger][INFO] - Pretrain memory allocated: 21.99 MB
2026-06-13 21:39:06 - pretrain_logger - INFO - Current learning rate: 0.0005
[2026-06-13 21:39:06,538][pretrain_logger][INFO] - Current learning rate: 0.0005
2026-06-13 21:39:06 - pretrain_logger - INFO - Logged epoch Pretrain 1 info to /public/home/202411094934/python_project/Spatio-Temporal-Library/time-series/2026-06-13/crossformer/pretrain10/pulse/time-series/seed_0/training_log.json
[2026-06-13 21:39:06,542][pretrain_logger][INFO] - Logged epoch Pretrain 1 info to /public/home/202411094934/python_project/Spatio-Temporal-Library/time-series/2026-06-13/crossformer/pretrain10/pulse/time-series/seed_0/training_log.json
2026-06-13 21:46:28 - pretrain_logger - INFO - [JEPA Pretrain] Epoch 2/10, loss=0.215956, time=441.52s
[2026-06-13 21:46:28,066][pretrain_logger][INFO] - [JEPA Pretrain] Epoch 2/10, loss=0.215956, time=441.52s
2026-06-13 21:46:28 - pretrain_logger - INFO - Pretrain loss: 0.21595602748436368
[2026-06-13 21:46:28,126][pretrain_logger][INFO] - Pretrain loss: 0.21595602748436368
2026-06-13 21:46:28 - pretrain_logger - INFO - Pretrain time: 441.5243287086487s
[2026-06-13 21:46:28,126][pretrain_logger][INFO] - Pretrain time: 441.5243287086487s
2026-06-13 21:46:28 - pretrain_logger - INFO - Pretrain memory reserved: 34.00 MB
[2026-06-13 21:46:28,126][pretrain_logger][INFO] - Pretrain memory reserved: 34.00 MB
2026-06-13 21:46:28 - pretrain_logger - INFO - Pretrain memory allocated: 21.99 MB
[2026-06-13 21:46:28,126][pretrain_logger][INFO] - Pretrain memory allocated: 21.99 MB
2026-06-13 21:46:28 - pretrain_logger - INFO - Current learning rate: 0.0005
[2026-06-13 21:46:28,126][pretrain_logger][INFO] - Current learning rate: 0.0005
2026-06-13 21:46:28 - pretrain_logger - INFO - Logged epoch Pretrain 2 info to /public/home/202411094934/python_project/Spatio-Temporal-Library/time-series/2026-06-13/crossformer/pretrain10/pulse/time-series/seed_0/training_log.json
[2026-06-13 21:46:28,129][pretrain_logger][INFO] - Logged epoch Pretrain 2 info to /public/home/202411094934/python_project/Spatio-Temporal-Library/time-series/2026-06-13/crossformer/pretrain10/pulse/time-series/seed_0/training_log.json
2026-06-13 21:53:48 - pretrain_logger - INFO - [JEPA Pretrain] Epoch 3/10, loss=0.180212, time=440.87s
[2026-06-13 21:53:48,994][pretrain_logger][INFO] - [JEPA Pretrain] Epoch 3/10, loss=0.180212, time=440.87s
2026-06-13 21:53:48 - pretrain_logger - INFO - Pretrain loss: 0.18021223935572514
[2026-06-13 21:53:48,995][pretrain_logger][INFO] - Pretrain loss: 0.18021223935572514
2026-06-13 21:53:48 - pretrain_logger - INFO - Pretrain time: 440.86507534980774s
[2026-06-13 21:53:48,995][pretrain_logger][INFO] - Pretrain time: 440.86507534980774s
2026-06-13 21:53:48 - pretrain_logger - INFO - Pretrain memory reserved: 34.00 MB
[2026-06-13 21:53:48,995][pretrain_logger][INFO] - Pretrain memory reserved: 34.00 MB
2026-06-13 21:53:48 - pretrain_logger - INFO - Pretrain memory allocated: 21.99 MB
[2026-06-13 21:53:48,995][pretrain_logger][INFO] - Pretrain memory allocated: 21.99 MB
2026-06-13 21:53:48 - pretrain_logger - INFO - Current learning rate: 0.0005
[2026-06-13 21:53:48,996][pretrain_logger][INFO] - Current learning rate: 0.0005
2026-06-13 21:53:48 - pretrain_logger - INFO - Logged epoch Pretrain 3 info to /public/home/202411094934/python_project/Spatio-Temporal-Library/time-series/2026-06-13/crossformer/pretrain10/pulse/time-series/seed_0/training_log.json
[2026-06-13 21:53:48,999][pretrain_logger][INFO] - Logged epoch Pretrain 3 info to /public/home/202411094934/python_project/Spatio-Temporal-Library/time-series/2026-06-13/crossformer/pretrain10/pulse/time-series/seed_0/training_log.json
2026-06-13 22:01:10 - pretrain_logger - INFO - [JEPA Pretrain] Epoch 4/10, loss=0.184622, time=441.22s
[2026-06-13 22:01:10,215][pretrain_logger][INFO] - [JEPA Pretrain] Epoch 4/10, loss=0.184622, time=441.22s
2026-06-13 22:01:10 - pretrain_logger - INFO - Pretrain loss: 0.1846216644111997
[2026-06-13 22:01:10,274][pretrain_logger][INFO] - Pretrain loss: 0.1846216644111997
2026-06-13 22:01:10 - pretrain_logger - INFO - Pretrain time: 441.2157361507416s
[2026-06-13 22:01:10,274][pretrain_logger][INFO] - Pretrain time: 441.2157361507416s
2026-06-13 22:01:10 - pretrain_logger - INFO - Pretrain memory reserved: 34.00 MB
[2026-06-13 22:01:10,275][pretrain_logger][INFO] - Pretrain memory reserved: 34.00 MB
2026-06-13 22:01:10 - pretrain_logger - INFO - Pretrain memory allocated: 21.99 MB
[2026-06-13 22:01:10,275][pretrain_logger][INFO] - Pretrain memory allocated: 21.99 MB
2026-06-13 22:01:10 - pretrain_logger - INFO - Current learning rate: 0.0005
[2026-06-13 22:01:10,275][pretrain_logger][INFO] - Current learning rate: 0.0005
2026-06-13 22:01:10 - pretrain_logger - INFO - Logged epoch Pretrain 4 info to /public/home/202411094934/python_project/Spatio-Temporal-Library/time-series/2026-06-13/crossformer/pretrain10/pulse/time-series/seed_0/training_log.json
[2026-06-13 22:01:10,278][pretrain_logger][INFO] - Logged epoch Pretrain 4 info to /public/home/202411094934/python_project/Spatio-Temporal-Library/time-series/2026-06-13/crossformer/pretrain10/pulse/time-series/seed_0/training_log.json
2026-06-13 22:08:30 - pretrain_logger - INFO - [JEPA Pretrain] Epoch 5/10, loss=0.166595, time=440.42s
[2026-06-13 22:08:30,699][pretrain_logger][INFO] - [JEPA Pretrain] Epoch 5/10, loss=0.166595, time=440.42s
2026-06-13 22:08:30 - pretrain_logger - INFO - Pretrain loss: 0.16659542191522883
[2026-06-13 22:08:30,700][pretrain_logger][INFO] - Pretrain loss: 0.16659542191522883
2026-06-13 22:08:30 - pretrain_logger - INFO - Pretrain time: 440.4212257862091s
[2026-06-13 22:08:30,700][pretrain_logger][INFO] - Pretrain time: 440.4212257862091s
2026-06-13 22:08:30 - pretrain_logger - INFO - Pretrain memory reserved: 34.00 MB
[2026-06-13 22:08:30,700][pretrain_logger][INFO] - Pretrain memory reserved: 34.00 MB
2026-06-13 22:08:30 - pretrain_logger - INFO - Pretrain memory allocated: 21.99 MB
[2026-06-13 22:08:30,701][pretrain_logger][INFO] - Pretrain memory allocated: 21.99 MB
2026-06-13 22:08:30 - pretrain_logger - INFO - Current learning rate: 0.0005
[2026-06-13 22:08:30,701][pretrain_logger][INFO] - Current learning rate: 0.0005
2026-06-13 22:08:30 - pretrain_logger - INFO - Logged epoch Pretrain 5 info to /public/home/202411094934/python_project/Spatio-Temporal-Library/time-series/2026-06-13/crossformer/pretrain10/pulse/time-series/seed_0/training_log.json
[2026-06-13 22:08:30,704][pretrain_logger][INFO] - Logged epoch Pretrain 5 info to /public/home/202411094934/python_project/Spatio-Temporal-Library/time-series/2026-06-13/crossformer/pretrain10/pulse/time-series/seed_0/training_log.json
2026-06-13 22:15:51 - pretrain_logger - INFO - [JEPA Pretrain] Epoch 6/10, loss=0.143133, time=440.94s
[2026-06-13 22:15:51,643][pretrain_logger][INFO] - [JEPA Pretrain] Epoch 6/10, loss=0.143133, time=440.94s
2026-06-13 22:15:51 - pretrain_logger - INFO - Pretrain loss: 0.14313331776345617
[2026-06-13 22:15:51,702][pretrain_logger][INFO] - Pretrain loss: 0.14313331776345617
2026-06-13 22:15:51 - pretrain_logger - INFO - Pretrain time: 440.9391610622406s
[2026-06-13 22:15:51,702][pretrain_logger][INFO] - Pretrain time: 440.9391610622406s
2026-06-13 22:15:51 - pretrain_logger - INFO - Pretrain memory reserved: 34.00 MB
[2026-06-13 22:15:51,702][pretrain_logger][INFO] - Pretrain memory reserved: 34.00 MB
2026-06-13 22:15:51 - pretrain_logger - INFO - Pretrain memory allocated: 21.99 MB
[2026-06-13 22:15:51,702][pretrain_logger][INFO] - Pretrain memory allocated: 21.99 MB
2026-06-13 22:15:51 - pretrain_logger - INFO - Current learning rate: 0.0005
[2026-06-13 22:15:51,702][pretrain_logger][INFO] - Current learning rate: 0.0005
2026-06-13 22:15:51 - pretrain_logger - INFO - Logged epoch Pretrain 6 info to /public/home/202411094934/python_project/Spatio-Temporal-Library/time-series/2026-06-13/crossformer/pretrain10/pulse/time-series/seed_0/training_log.json
[2026-06-13 22:15:51,705][pretrain_logger][INFO] - Logged epoch Pretrain 6 info to /public/home/202411094934/python_project/Spatio-Temporal-Library/time-series/2026-06-13/crossformer/pretrain10/pulse/time-series/seed_0/training_log.json
2026-06-13 22:23:12 - pretrain_logger - INFO - [JEPA Pretrain] Epoch 7/10, loss=0.131013, time=441.00s
[2026-06-13 22:23:12,708][pretrain_logger][INFO] - [JEPA Pretrain] Epoch 7/10, loss=0.131013, time=441.00s
2026-06-13 22:23:12 - pretrain_logger - INFO - Pretrain loss: 0.13101333474442903
[2026-06-13 22:23:12,709][pretrain_logger][INFO] - Pretrain loss: 0.13101333474442903
2026-06-13 22:23:12 - pretrain_logger - INFO - Pretrain time: 441.00203943252563s
[2026-06-13 22:23:12,709][pretrain_logger][INFO] - Pretrain time: 441.00203943252563s
2026-06-13 22:23:12 - pretrain_logger - INFO - Pretrain memory reserved: 34.00 MB
[2026-06-13 22:23:12,709][pretrain_logger][INFO] - Pretrain memory reserved: 34.00 MB
2026-06-13 22:23:12 - pretrain_logger - INFO - Pretrain memory allocated: 21.99 MB
[2026-06-13 22:23:12,709][pretrain_logger][INFO] - Pretrain memory allocated: 21.99 MB
2026-06-13 22:23:12 - pretrain_logger - INFO - Current learning rate: 0.0005
[2026-06-13 22:23:12,709][pretrain_logger][INFO] - Current learning rate: 0.0005
2026-06-13 22:23:12 - pretrain_logger - INFO - Logged epoch Pretrain 7 info to /public/home/202411094934/python_project/Spatio-Temporal-Library/time-series/2026-06-13/crossformer/pretrain10/pulse/time-series/seed_0/training_log.json
[2026-06-13 22:23:12,712][pretrain_logger][INFO] - Logged epoch Pretrain 7 info to /public/home/202411094934/python_project/Spatio-Temporal-Library/time-series/2026-06-13/crossformer/pretrain10/pulse/time-series/seed_0/training_log.json
2026-06-13 22:30:33 - pretrain_logger - INFO - [JEPA Pretrain] Epoch 8/10, loss=0.126822, time=441.10s
[2026-06-13 22:30:33,809][pretrain_logger][INFO] - [JEPA Pretrain] Epoch 8/10, loss=0.126822, time=441.10s
2026-06-13 22:30:33 - pretrain_logger - INFO - Pretrain loss: 0.1268220314229557
[2026-06-13 22:30:33,867][pretrain_logger][INFO] - Pretrain loss: 0.1268220314229557
2026-06-13 22:30:33 - pretrain_logger - INFO - Pretrain time: 441.0966432094574s
[2026-06-13 22:30:33,868][pretrain_logger][INFO] - Pretrain time: 441.0966432094574s
2026-06-13 22:30:33 - pretrain_logger - INFO - Pretrain memory reserved: 34.00 MB
[2026-06-13 22:30:33,868][pretrain_logger][INFO] - Pretrain memory reserved: 34.00 MB
2026-06-13 22:30:33 - pretrain_logger - INFO - Pretrain memory allocated: 21.99 MB
[2026-06-13 22:30:33,868][pretrain_logger][INFO] - Pretrain memory allocated: 21.99 MB
2026-06-13 22:30:33 - pretrain_logger - INFO - Current learning rate: 0.0005
[2026-06-13 22:30:33,868][pretrain_logger][INFO] - Current learning rate: 0.0005
2026-06-13 22:30:33 - pretrain_logger - INFO - Logged epoch Pretrain 8 info to /public/home/202411094934/python_project/Spatio-Temporal-Library/time-series/2026-06-13/crossformer/pretrain10/pulse/time-series/seed_0/training_log.json
[2026-06-13 22:30:33,871][pretrain_logger][INFO] - Logged epoch Pretrain 8 info to /public/home/202411094934/python_project/Spatio-Temporal-Library/time-series/2026-06-13/crossformer/pretrain10/pulse/time-series/seed_0/training_log.json
2026-06-13 22:37:54 - pretrain_logger - INFO - [JEPA Pretrain] Epoch 9/10, loss=0.125344, time=441.10s
[2026-06-13 22:37:54,968][pretrain_logger][INFO] - [JEPA Pretrain] Epoch 9/10, loss=0.125344, time=441.10s
2026-06-13 22:37:54 - pretrain_logger - INFO - Pretrain loss: 0.12534370937480396
[2026-06-13 22:37:54,969][pretrain_logger][INFO] - Pretrain loss: 0.12534370937480396
2026-06-13 22:37:54 - pretrain_logger - INFO - Pretrain time: 441.09690594673157s
[2026-06-13 22:37:54,969][pretrain_logger][INFO] - Pretrain time: 441.09690594673157s
2026-06-13 22:37:54 - pretrain_logger - INFO - Pretrain memory reserved: 34.00 MB
[2026-06-13 22:37:54,969][pretrain_logger][INFO] - Pretrain memory reserved: 34.00 MB
2026-06-13 22:37:54 - pretrain_logger - INFO - Pretrain memory allocated: 21.99 MB
[2026-06-13 22:37:54,969][pretrain_logger][INFO] - Pretrain memory allocated: 21.99 MB
2026-06-13 22:37:54 - pretrain_logger - INFO - Current learning rate: 0.0005
[2026-06-13 22:37:54,969][pretrain_logger][INFO] - Current learning rate: 0.0005
2026-06-13 22:37:54 - pretrain_logger - INFO - Logged epoch Pretrain 9 info to /public/home/202411094934/python_project/Spatio-Temporal-Library/time-series/2026-06-13/crossformer/pretrain10/pulse/time-series/seed_0/training_log.json
[2026-06-13 22:37:54,972][pretrain_logger][INFO] - Logged epoch Pretrain 9 info to /public/home/202411094934/python_project/Spatio-Temporal-Library/time-series/2026-06-13/crossformer/pretrain10/pulse/time-series/seed_0/training_log.json
2026-06-13 22:45:16 - pretrain_logger - INFO - [JEPA Pretrain] Epoch 10/10, loss=0.121506, time=441.48s
[2026-06-13 22:45:16,448][pretrain_logger][INFO] - [JEPA Pretrain] Epoch 10/10, loss=0.121506, time=441.48s
2026-06-13 22:45:16 - pretrain_logger - INFO - Pretrain loss: 0.1215063570482639
[2026-06-13 22:45:16,507][pretrain_logger][INFO] - Pretrain loss: 0.1215063570482639
2026-06-13 22:45:16 - pretrain_logger - INFO - Pretrain time: 441.4756164550781s
[2026-06-13 22:45:16,507][pretrain_logger][INFO] - Pretrain time: 441.4756164550781s
2026-06-13 22:45:16 - pretrain_logger - INFO - Pretrain memory reserved: 34.00 MB
[2026-06-13 22:45:16,507][pretrain_logger][INFO] - Pretrain memory reserved: 34.00 MB
2026-06-13 22:45:16 - pretrain_logger - INFO - Pretrain memory allocated: 21.99 MB
[2026-06-13 22:45:16,507][pretrain_logger][INFO] - Pretrain memory allocated: 21.99 MB
2026-06-13 22:45:16 - pretrain_logger - INFO - Current learning rate: 0.0005
[2026-06-13 22:45:16,507][pretrain_logger][INFO] - Current learning rate: 0.0005
2026-06-13 22:45:16 - pretrain_logger - INFO - Logged epoch Pretrain 10 info to /public/home/202411094934/python_project/Spatio-Temporal-Library/time-series/2026-06-13/crossformer/pretrain10/pulse/time-series/seed_0/training_log.json
[2026-06-13 22:45:16,510][pretrain_logger][INFO] - Logged epoch Pretrain 10 info to /public/home/202411094934/python_project/Spatio-Temporal-Library/time-series/2026-06-13/crossformer/pretrain10/pulse/time-series/seed_0/training_log.json
2026-06-13 22:45:16 - pretrain_logger - INFO - JEPA pretraining completed.
[2026-06-13 22:45:16,511][pretrain_logger][INFO] - JEPA pretraining completed.
