2026-06-23 12:17:03 - finetune_logger - INFO - Loaded pretrained checkpoint from: /public/home/202411094934/python_project/Spatio-Temporal-Library/time-series/2026-06-23/autoformer/pretrain10/ettm2/time-series/seed_2/jepa_pretrain_epoch_10.pth
Missing keys: []
Unexpected keys: []
[2026-06-23 12:17:03,836][finetune_logger][INFO] - Loaded pretrained checkpoint from: /public/home/202411094934/python_project/Spatio-Temporal-Library/time-series/2026-06-23/autoformer/pretrain10/ettm2/time-series/seed_2/jepa_pretrain_epoch_10.pth
Missing keys: []
Unexpected keys: []
2026-06-23 12:17:03 - finetune_logger - INFO - Model parameters: 188,487
[2026-06-23 12:17:03,839][finetune_logger][INFO] - Model parameters: 188,487
2026-06-23 12:17:03 - finetune_logger - INFO - Created new log file at /public/home/202411094934/python_project/Spatio-Temporal-Library/time-series/2026-06-23/autoformer/pretrain10_finetune10/ettm2/time-series/seed_2/training_log.json
[2026-06-23 12:17:03,842][finetune_logger][INFO] - Created new log file at /public/home/202411094934/python_project/Spatio-Temporal-Library/time-series/2026-06-23/autoformer/pretrain10_finetune10/ettm2/time-series/seed_2/training_log.json
2026-06-23 12:17:03 - finetune_logger - INFO - Starting training...
[2026-06-23 12:17:03,842][finetune_logger][INFO] - Starting training...
2026-06-23 12:17:03 - finetune_logger - INFO - Epoch 1/10
[2026-06-23 12:17:03,842][finetune_logger][INFO] - Epoch 1/10
2026-06-23 12:57:28 - finetune_logger - INFO - Train loss: 2.283599602952
[2026-06-23 12:57:28,437][finetune_logger][INFO] - Train loss: 2.283599602952
2026-06-23 12:57:28 - finetune_logger - INFO - Train time: 2424.59468626976s
[2026-06-23 12:57:28,438][finetune_logger][INFO] - Train time: 2424.59468626976s
2026-06-23 12:57:28 - finetune_logger - INFO - Train memory reserved: 40.00 MB
[2026-06-23 12:57:28,438][finetune_logger][INFO] - Train memory reserved: 40.00 MB
2026-06-23 12:57:28 - finetune_logger - INFO - Train memory allocated: 20.88 MB
[2026-06-23 12:57:28,438][finetune_logger][INFO] - Train memory allocated: 20.88 MB
2026-06-23 12:57:28 - finetune_logger - INFO - Current learning rate: 0.0005
[2026-06-23 12:57:28,438][finetune_logger][INFO] - Current learning rate: 0.0005
2026-06-23 13:02:16 - finetune_logger - INFO - Validation metrics: {'MAE': 2.148012397218365, 'RMSE': 3.0674384992386283}
[2026-06-23 13:02:16,590][finetune_logger][INFO] - Validation metrics: {'MAE': 2.148012397218365, 'RMSE': 3.0674384992386283}
2026-06-23 13:02:16 - finetune_logger - INFO - Val time: 288.15s
[2026-06-23 13:02:16,591][finetune_logger][INFO] - Val time: 288.15s
2026-06-23 13:02:16 - finetune_logger - INFO - Val memory reserved: 40.00 MB
[2026-06-23 13:02:16,591][finetune_logger][INFO] - Val memory reserved: 40.00 MB
2026-06-23 13:02:16 - finetune_logger - INFO - Val memory allocated: 20.88 MB
[2026-06-23 13:02:16,591][finetune_logger][INFO] - Val memory allocated: 20.88 MB
2026-06-23 13:02:16 - finetune_logger - INFO - Logged epoch 1 info to /public/home/202411094934/python_project/Spatio-Temporal-Library/time-series/2026-06-23/autoformer/pretrain10_finetune10/ettm2/time-series/seed_2/training_log.json
[2026-06-23 13:02:16,594][finetune_logger][INFO] - Logged epoch 1 info to /public/home/202411094934/python_project/Spatio-Temporal-Library/time-series/2026-06-23/autoformer/pretrain10_finetune10/ettm2/time-series/seed_2/training_log.json
2026-06-23 13:02:16 - finetune_logger - INFO - New best model! Val loss: 2.148012
[2026-06-23 13:02:16,595][finetune_logger][INFO] - New best model! Val loss: 2.148012
2026-06-23 13:07:05 - finetune_logger - INFO - Test metrics: {'MAE': 2.340898237342693, 'RMSE': 3.4195864676899967}
[2026-06-23 13:07:05,271][finetune_logger][INFO] - Test metrics: {'MAE': 2.340898237342693, 'RMSE': 3.4195864676899967}
2026-06-23 13:07:05 - finetune_logger - INFO - Test time: 288.62s
[2026-06-23 13:07:05,272][finetune_logger][INFO] - Test time: 288.62s
2026-06-23 13:07:05 - finetune_logger - INFO - Test memory reserved: 40.00 MB
[2026-06-23 13:07:05,272][finetune_logger][INFO] - Test memory reserved: 40.00 MB
2026-06-23 13:07:05 - finetune_logger - INFO - Test memory allocated: 20.88 MB
[2026-06-23 13:07:05,272][finetune_logger][INFO] - Test memory allocated: 20.88 MB
2026-06-23 13:07:05 - finetune_logger - INFO - Epoch 2/10
[2026-06-23 13:07:05,272][finetune_logger][INFO] - Epoch 2/10
2026-06-23 13:47:54 - finetune_logger - INFO - Train loss: 2.1141183808878004
[2026-06-23 13:47:54,714][finetune_logger][INFO] - Train loss: 2.1141183808878004
2026-06-23 13:47:54 - finetune_logger - INFO - Train time: 2449.44149184227s
[2026-06-23 13:47:54,714][finetune_logger][INFO] - Train time: 2449.44149184227s
2026-06-23 13:47:54 - finetune_logger - INFO - Train memory reserved: 40.00 MB
[2026-06-23 13:47:54,714][finetune_logger][INFO] - Train memory reserved: 40.00 MB
2026-06-23 13:47:54 - finetune_logger - INFO - Train memory allocated: 20.88 MB
[2026-06-23 13:47:54,715][finetune_logger][INFO] - Train memory allocated: 20.88 MB
2026-06-23 13:47:54 - finetune_logger - INFO - Current learning rate: 0.0005
[2026-06-23 13:47:54,715][finetune_logger][INFO] - Current learning rate: 0.0005
2026-06-23 13:52:43 - finetune_logger - INFO - Validation metrics: {'MAE': 2.156917608816055, 'RMSE': 3.0652196078632667}
[2026-06-23 13:52:43,828][finetune_logger][INFO] - Validation metrics: {'MAE': 2.156917608816055, 'RMSE': 3.0652196078632667}
2026-06-23 13:52:43 - finetune_logger - INFO - Val time: 289.11s
[2026-06-23 13:52:43,829][finetune_logger][INFO] - Val time: 289.11s
2026-06-23 13:52:43 - finetune_logger - INFO - Val memory reserved: 40.00 MB
[2026-06-23 13:52:43,829][finetune_logger][INFO] - Val memory reserved: 40.00 MB
2026-06-23 13:52:43 - finetune_logger - INFO - Val memory allocated: 20.88 MB
[2026-06-23 13:52:43,829][finetune_logger][INFO] - Val memory allocated: 20.88 MB
2026-06-23 13:52:43 - finetune_logger - INFO - Logged epoch 2 info to /public/home/202411094934/python_project/Spatio-Temporal-Library/time-series/2026-06-23/autoformer/pretrain10_finetune10/ettm2/time-series/seed_2/training_log.json
[2026-06-23 13:52:43,832][finetune_logger][INFO] - Logged epoch 2 info to /public/home/202411094934/python_project/Spatio-Temporal-Library/time-series/2026-06-23/autoformer/pretrain10_finetune10/ettm2/time-series/seed_2/training_log.json
2026-06-23 13:57:33 - finetune_logger - INFO - Test metrics: {'MAE': 2.357262913518325, 'RMSE': 3.4342189913689216}
[2026-06-23 13:57:33,106][finetune_logger][INFO] - Test metrics: {'MAE': 2.357262913518325, 'RMSE': 3.4342189913689216}
2026-06-23 13:57:33 - finetune_logger - INFO - Test time: 289.27s
[2026-06-23 13:57:33,108][finetune_logger][INFO] - Test time: 289.27s
2026-06-23 13:57:33 - finetune_logger - INFO - Test memory reserved: 40.00 MB
[2026-06-23 13:57:33,108][finetune_logger][INFO] - Test memory reserved: 40.00 MB
2026-06-23 13:57:33 - finetune_logger - INFO - Test memory allocated: 20.88 MB
[2026-06-23 13:57:33,108][finetune_logger][INFO] - Test memory allocated: 20.88 MB
2026-06-23 13:57:33 - finetune_logger - INFO - Epoch 3/10
[2026-06-23 13:57:33,108][finetune_logger][INFO] - Epoch 3/10
2026-06-23 14:38:19 - finetune_logger - INFO - Train loss: 2.0262145514512993
[2026-06-23 14:38:19,097][finetune_logger][INFO] - Train loss: 2.0262145514512993
2026-06-23 14:38:19 - finetune_logger - INFO - Train time: 2445.9879987239838s
[2026-06-23 14:38:19,097][finetune_logger][INFO] - Train time: 2445.9879987239838s
2026-06-23 14:38:19 - finetune_logger - INFO - Train memory reserved: 40.00 MB
[2026-06-23 14:38:19,097][finetune_logger][INFO] - Train memory reserved: 40.00 MB
2026-06-23 14:38:19 - finetune_logger - INFO - Train memory allocated: 20.88 MB
[2026-06-23 14:38:19,097][finetune_logger][INFO] - Train memory allocated: 20.88 MB
2026-06-23 14:38:19 - finetune_logger - INFO - Current learning rate: 0.0005
[2026-06-23 14:38:19,097][finetune_logger][INFO] - Current learning rate: 0.0005
2026-06-23 14:43:08 - finetune_logger - INFO - Validation metrics: {'MAE': 2.285943810536593, 'RMSE': 3.228700826044256}
[2026-06-23 14:43:08,287][finetune_logger][INFO] - Validation metrics: {'MAE': 2.285943810536593, 'RMSE': 3.228700826044256}
2026-06-23 14:43:08 - finetune_logger - INFO - Val time: 289.19s
[2026-06-23 14:43:08,287][finetune_logger][INFO] - Val time: 289.19s
2026-06-23 14:43:08 - finetune_logger - INFO - Val memory reserved: 40.00 MB
[2026-06-23 14:43:08,287][finetune_logger][INFO] - Val memory reserved: 40.00 MB
2026-06-23 14:43:08 - finetune_logger - INFO - Val memory allocated: 20.88 MB
[2026-06-23 14:43:08,288][finetune_logger][INFO] - Val memory allocated: 20.88 MB
2026-06-23 14:43:08 - finetune_logger - INFO - Logged epoch 3 info to /public/home/202411094934/python_project/Spatio-Temporal-Library/time-series/2026-06-23/autoformer/pretrain10_finetune10/ettm2/time-series/seed_2/training_log.json
[2026-06-23 14:43:08,290][finetune_logger][INFO] - Logged epoch 3 info to /public/home/202411094934/python_project/Spatio-Temporal-Library/time-series/2026-06-23/autoformer/pretrain10_finetune10/ettm2/time-series/seed_2/training_log.json
2026-06-23 14:47:57 - finetune_logger - INFO - Test metrics: {'MAE': 2.5797323676781128, 'RMSE': 3.7279026178799315}
[2026-06-23 14:47:57,009][finetune_logger][INFO] - Test metrics: {'MAE': 2.5797323676781128, 'RMSE': 3.7279026178799315}
2026-06-23 14:47:57 - finetune_logger - INFO - Test time: 288.72s
[2026-06-23 14:47:57,010][finetune_logger][INFO] - Test time: 288.72s
2026-06-23 14:47:57 - finetune_logger - INFO - Test memory reserved: 40.00 MB
[2026-06-23 14:47:57,010][finetune_logger][INFO] - Test memory reserved: 40.00 MB
2026-06-23 14:47:57 - finetune_logger - INFO - Test memory allocated: 20.88 MB
[2026-06-23 14:47:57,010][finetune_logger][INFO] - Test memory allocated: 20.88 MB
2026-06-23 14:47:57 - finetune_logger - INFO - Epoch 4/10
[2026-06-23 14:47:57,010][finetune_logger][INFO] - Epoch 4/10
2026-06-23 15:28:46 - finetune_logger - INFO - Train loss: 1.9678436129716035
[2026-06-23 15:28:46,712][finetune_logger][INFO] - Train loss: 1.9678436129716035
2026-06-23 15:28:46 - finetune_logger - INFO - Train time: 2449.701175928116s
[2026-06-23 15:28:46,712][finetune_logger][INFO] - Train time: 2449.701175928116s
2026-06-23 15:28:46 - finetune_logger - INFO - Train memory reserved: 40.00 MB
[2026-06-23 15:28:46,712][finetune_logger][INFO] - Train memory reserved: 40.00 MB
2026-06-23 15:28:46 - finetune_logger - INFO - Train memory allocated: 20.88 MB
[2026-06-23 15:28:46,712][finetune_logger][INFO] - Train memory allocated: 20.88 MB
2026-06-23 15:28:46 - finetune_logger - INFO - Current learning rate: 0.0005
[2026-06-23 15:28:46,712][finetune_logger][INFO] - Current learning rate: 0.0005
2026-06-23 15:33:35 - finetune_logger - INFO - Validation metrics: {'MAE': 2.3001788220826667, 'RMSE': 3.2588955115594747}
[2026-06-23 15:33:35,688][finetune_logger][INFO] - Validation metrics: {'MAE': 2.3001788220826667, 'RMSE': 3.2588955115594747}
2026-06-23 15:33:35 - finetune_logger - INFO - Val time: 288.98s
[2026-06-23 15:33:35,688][finetune_logger][INFO] - Val time: 288.98s
2026-06-23 15:33:35 - finetune_logger - INFO - Val memory reserved: 40.00 MB
[2026-06-23 15:33:35,689][finetune_logger][INFO] - Val memory reserved: 40.00 MB
2026-06-23 15:33:35 - finetune_logger - INFO - Val memory allocated: 20.88 MB
[2026-06-23 15:33:35,689][finetune_logger][INFO] - Val memory allocated: 20.88 MB
2026-06-23 15:33:35 - finetune_logger - INFO - Logged epoch 4 info to /public/home/202411094934/python_project/Spatio-Temporal-Library/time-series/2026-06-23/autoformer/pretrain10_finetune10/ettm2/time-series/seed_2/training_log.json
[2026-06-23 15:33:35,691][finetune_logger][INFO] - Logged epoch 4 info to /public/home/202411094934/python_project/Spatio-Temporal-Library/time-series/2026-06-23/autoformer/pretrain10_finetune10/ettm2/time-series/seed_2/training_log.json
2026-06-23 15:38:24 - finetune_logger - INFO - Test metrics: {'MAE': 2.622235697870304, 'RMSE': 3.7748585395055363}
[2026-06-23 15:38:24,544][finetune_logger][INFO] - Test metrics: {'MAE': 2.622235697870304, 'RMSE': 3.7748585395055363}
2026-06-23 15:38:24 - finetune_logger - INFO - Test time: 288.85s
[2026-06-23 15:38:24,544][finetune_logger][INFO] - Test time: 288.85s
2026-06-23 15:38:24 - finetune_logger - INFO - Test memory reserved: 40.00 MB
[2026-06-23 15:38:24,544][finetune_logger][INFO] - Test memory reserved: 40.00 MB
2026-06-23 15:38:24 - finetune_logger - INFO - Test memory allocated: 20.88 MB
[2026-06-23 15:38:24,544][finetune_logger][INFO] - Test memory allocated: 20.88 MB
2026-06-23 15:38:24 - finetune_logger - INFO - Epoch 5/10
[2026-06-23 15:38:24,544][finetune_logger][INFO] - Epoch 5/10
2026-06-23 16:19:06 - finetune_logger - INFO - Train loss: 1.9191460988956295
[2026-06-23 16:19:06,192][finetune_logger][INFO] - Train loss: 1.9191460988956295
2026-06-23 16:19:06 - finetune_logger - INFO - Train time: 2441.647480249405s
[2026-06-23 16:19:06,192][finetune_logger][INFO] - Train time: 2441.647480249405s
2026-06-23 16:19:06 - finetune_logger - INFO - Train memory reserved: 40.00 MB
[2026-06-23 16:19:06,193][finetune_logger][INFO] - Train memory reserved: 40.00 MB
2026-06-23 16:19:06 - finetune_logger - INFO - Train memory allocated: 20.88 MB
[2026-06-23 16:19:06,193][finetune_logger][INFO] - Train memory allocated: 20.88 MB
2026-06-23 16:19:06 - finetune_logger - INFO - Current learning rate: 0.0005
[2026-06-23 16:19:06,193][finetune_logger][INFO] - Current learning rate: 0.0005
2026-06-23 16:23:55 - finetune_logger - INFO - Validation metrics: {'MAE': 2.320982061784833, 'RMSE': 3.276943787425767}
[2026-06-23 16:23:55,188][finetune_logger][INFO] - Validation metrics: {'MAE': 2.320982061784833, 'RMSE': 3.276943787425767}
2026-06-23 16:23:55 - finetune_logger - INFO - Val time: 289.00s
[2026-06-23 16:23:55,189][finetune_logger][INFO] - Val time: 289.00s
2026-06-23 16:23:55 - finetune_logger - INFO - Val memory reserved: 40.00 MB
[2026-06-23 16:23:55,189][finetune_logger][INFO] - Val memory reserved: 40.00 MB
2026-06-23 16:23:55 - finetune_logger - INFO - Val memory allocated: 20.88 MB
[2026-06-23 16:23:55,189][finetune_logger][INFO] - Val memory allocated: 20.88 MB
2026-06-23 16:23:55 - finetune_logger - INFO - Logged epoch 5 info to /public/home/202411094934/python_project/Spatio-Temporal-Library/time-series/2026-06-23/autoformer/pretrain10_finetune10/ettm2/time-series/seed_2/training_log.json
[2026-06-23 16:23:55,192][finetune_logger][INFO] - Logged epoch 5 info to /public/home/202411094934/python_project/Spatio-Temporal-Library/time-series/2026-06-23/autoformer/pretrain10_finetune10/ettm2/time-series/seed_2/training_log.json
2026-06-23 16:28:43 - finetune_logger - INFO - Test metrics: {'MAE': 2.709935368530709, 'RMSE': 3.8832865089508743}
[2026-06-23 16:28:43,641][finetune_logger][INFO] - Test metrics: {'MAE': 2.709935368530709, 'RMSE': 3.8832865089508743}
2026-06-23 16:28:43 - finetune_logger - INFO - Test time: 288.45s
[2026-06-23 16:28:43,642][finetune_logger][INFO] - Test time: 288.45s
2026-06-23 16:28:43 - finetune_logger - INFO - Test memory reserved: 40.00 MB
[2026-06-23 16:28:43,642][finetune_logger][INFO] - Test memory reserved: 40.00 MB
2026-06-23 16:28:43 - finetune_logger - INFO - Test memory allocated: 20.88 MB
[2026-06-23 16:28:43,642][finetune_logger][INFO] - Test memory allocated: 20.88 MB
2026-06-23 16:28:43 - finetune_logger - INFO - Epoch 6/10
[2026-06-23 16:28:43,642][finetune_logger][INFO] - Epoch 6/10
2026-06-23 17:09:33 - finetune_logger - INFO - Train loss: 1.8850793690066863
[2026-06-23 17:09:33,321][finetune_logger][INFO] - Train loss: 1.8850793690066863
2026-06-23 17:09:33 - finetune_logger - INFO - Train time: 2449.67848777771s
[2026-06-23 17:09:33,321][finetune_logger][INFO] - Train time: 2449.67848777771s
2026-06-23 17:09:33 - finetune_logger - INFO - Train memory reserved: 40.00 MB
[2026-06-23 17:09:33,322][finetune_logger][INFO] - Train memory reserved: 40.00 MB
2026-06-23 17:09:33 - finetune_logger - INFO - Train memory allocated: 20.88 MB
[2026-06-23 17:09:33,322][finetune_logger][INFO] - Train memory allocated: 20.88 MB
2026-06-23 17:09:33 - finetune_logger - INFO - Current learning rate: 0.0005
[2026-06-23 17:09:33,322][finetune_logger][INFO] - Current learning rate: 0.0005
2026-06-23 17:14:22 - finetune_logger - INFO - Validation metrics: {'MAE': 2.3705495750750605, 'RMSE': 3.3182110076367755}
[2026-06-23 17:14:22,399][finetune_logger][INFO] - Validation metrics: {'MAE': 2.3705495750750605, 'RMSE': 3.3182110076367755}
2026-06-23 17:14:22 - finetune_logger - INFO - Val time: 289.08s
[2026-06-23 17:14:22,399][finetune_logger][INFO] - Val time: 289.08s
2026-06-23 17:14:22 - finetune_logger - INFO - Val memory reserved: 40.00 MB
[2026-06-23 17:14:22,399][finetune_logger][INFO] - Val memory reserved: 40.00 MB
2026-06-23 17:14:22 - finetune_logger - INFO - Val memory allocated: 20.88 MB
[2026-06-23 17:14:22,399][finetune_logger][INFO] - Val memory allocated: 20.88 MB
2026-06-23 17:14:22 - finetune_logger - INFO - Logged epoch 6 info to /public/home/202411094934/python_project/Spatio-Temporal-Library/time-series/2026-06-23/autoformer/pretrain10_finetune10/ettm2/time-series/seed_2/training_log.json
[2026-06-23 17:14:22,402][finetune_logger][INFO] - Logged epoch 6 info to /public/home/202411094934/python_project/Spatio-Temporal-Library/time-series/2026-06-23/autoformer/pretrain10_finetune10/ettm2/time-series/seed_2/training_log.json
2026-06-23 17:19:11 - finetune_logger - INFO - Test metrics: {'MAE': 2.8279957196472467, 'RMSE': 4.01974083868284}
[2026-06-23 17:19:11,771][finetune_logger][INFO] - Test metrics: {'MAE': 2.8279957196472467, 'RMSE': 4.01974083868284}
2026-06-23 17:19:11 - finetune_logger - INFO - Test time: 289.37s
[2026-06-23 17:19:11,772][finetune_logger][INFO] - Test time: 289.37s
2026-06-23 17:19:11 - finetune_logger - INFO - Test memory reserved: 40.00 MB
[2026-06-23 17:19:11,772][finetune_logger][INFO] - Test memory reserved: 40.00 MB
2026-06-23 17:19:11 - finetune_logger - INFO - Test memory allocated: 20.88 MB
[2026-06-23 17:19:11,772][finetune_logger][INFO] - Test memory allocated: 20.88 MB
2026-06-23 17:19:11 - finetune_logger - INFO - Epoch 7/10
[2026-06-23 17:19:11,772][finetune_logger][INFO] - Epoch 7/10
2026-06-23 18:00:02 - finetune_logger - INFO - Train loss: 1.8522571790689175
[2026-06-23 18:00:02,163][finetune_logger][INFO] - Train loss: 1.8522571790689175
2026-06-23 18:00:02 - finetune_logger - INFO - Train time: 2450.390636444092s
[2026-06-23 18:00:02,164][finetune_logger][INFO] - Train time: 2450.390636444092s
2026-06-23 18:00:02 - finetune_logger - INFO - Train memory reserved: 40.00 MB
[2026-06-23 18:00:02,164][finetune_logger][INFO] - Train memory reserved: 40.00 MB
2026-06-23 18:00:02 - finetune_logger - INFO - Train memory allocated: 20.88 MB
[2026-06-23 18:00:02,164][finetune_logger][INFO] - Train memory allocated: 20.88 MB
2026-06-23 18:00:02 - finetune_logger - INFO - Current learning rate: 0.0005
[2026-06-23 18:00:02,164][finetune_logger][INFO] - Current learning rate: 0.0005
2026-06-23 18:04:51 - finetune_logger - INFO - Validation metrics: {'MAE': 2.3066386892379707, 'RMSE': 3.253603993221978}
[2026-06-23 18:04:51,034][finetune_logger][INFO] - Validation metrics: {'MAE': 2.3066386892379707, 'RMSE': 3.253603993221978}
2026-06-23 18:04:51 - finetune_logger - INFO - Val time: 288.87s
[2026-06-23 18:04:51,034][finetune_logger][INFO] - Val time: 288.87s
2026-06-23 18:04:51 - finetune_logger - INFO - Val memory reserved: 40.00 MB
[2026-06-23 18:04:51,035][finetune_logger][INFO] - Val memory reserved: 40.00 MB
2026-06-23 18:04:51 - finetune_logger - INFO - Val memory allocated: 20.88 MB
[2026-06-23 18:04:51,035][finetune_logger][INFO] - Val memory allocated: 20.88 MB
2026-06-23 18:04:51 - finetune_logger - INFO - Logged epoch 7 info to /public/home/202411094934/python_project/Spatio-Temporal-Library/time-series/2026-06-23/autoformer/pretrain10_finetune10/ettm2/time-series/seed_2/training_log.json
[2026-06-23 18:04:51,038][finetune_logger][INFO] - Logged epoch 7 info to /public/home/202411094934/python_project/Spatio-Temporal-Library/time-series/2026-06-23/autoformer/pretrain10_finetune10/ettm2/time-series/seed_2/training_log.json
2026-06-23 18:09:40 - finetune_logger - INFO - Test metrics: {'MAE': 2.748560324511003, 'RMSE': 3.9748600505586844}
[2026-06-23 18:09:40,933][finetune_logger][INFO] - Test metrics: {'MAE': 2.748560324511003, 'RMSE': 3.9748600505586844}
2026-06-23 18:09:40 - finetune_logger - INFO - Test time: 289.89s
[2026-06-23 18:09:40,933][finetune_logger][INFO] - Test time: 289.89s
2026-06-23 18:09:40 - finetune_logger - INFO - Test memory reserved: 40.00 MB
[2026-06-23 18:09:40,933][finetune_logger][INFO] - Test memory reserved: 40.00 MB
2026-06-23 18:09:40 - finetune_logger - INFO - Test memory allocated: 20.88 MB
[2026-06-23 18:09:40,933][finetune_logger][INFO] - Test memory allocated: 20.88 MB
2026-06-23 18:09:40 - finetune_logger - INFO - Epoch 8/10
[2026-06-23 18:09:40,933][finetune_logger][INFO] - Epoch 8/10
2026-06-23 18:50:28 - finetune_logger - INFO - Train loss: 1.8282377380147266
[2026-06-23 18:50:28,558][finetune_logger][INFO] - Train loss: 1.8282377380147266
2026-06-23 18:50:28 - finetune_logger - INFO - Train time: 2447.6243097782135s
[2026-06-23 18:50:28,558][finetune_logger][INFO] - Train time: 2447.6243097782135s
2026-06-23 18:50:28 - finetune_logger - INFO - Train memory reserved: 40.00 MB
[2026-06-23 18:50:28,559][finetune_logger][INFO] - Train memory reserved: 40.00 MB
2026-06-23 18:50:28 - finetune_logger - INFO - Train memory allocated: 20.88 MB
[2026-06-23 18:50:28,559][finetune_logger][INFO] - Train memory allocated: 20.88 MB
2026-06-23 18:50:28 - finetune_logger - INFO - Current learning rate: 0.0005
[2026-06-23 18:50:28,559][finetune_logger][INFO] - Current learning rate: 0.0005
2026-06-23 18:55:17 - finetune_logger - INFO - Validation metrics: {'MAE': 2.338799918189997, 'RMSE': 3.3055171190554873}
[2026-06-23 18:55:17,359][finetune_logger][INFO] - Validation metrics: {'MAE': 2.338799918189997, 'RMSE': 3.3055171190554873}
2026-06-23 18:55:17 - finetune_logger - INFO - Val time: 288.80s
[2026-06-23 18:55:17,359][finetune_logger][INFO] - Val time: 288.80s
2026-06-23 18:55:17 - finetune_logger - INFO - Val memory reserved: 40.00 MB
[2026-06-23 18:55:17,359][finetune_logger][INFO] - Val memory reserved: 40.00 MB
2026-06-23 18:55:17 - finetune_logger - INFO - Val memory allocated: 20.88 MB
[2026-06-23 18:55:17,360][finetune_logger][INFO] - Val memory allocated: 20.88 MB
2026-06-23 18:55:17 - finetune_logger - INFO - Logged epoch 8 info to /public/home/202411094934/python_project/Spatio-Temporal-Library/time-series/2026-06-23/autoformer/pretrain10_finetune10/ettm2/time-series/seed_2/training_log.json
[2026-06-23 18:55:17,363][finetune_logger][INFO] - Logged epoch 8 info to /public/home/202411094934/python_project/Spatio-Temporal-Library/time-series/2026-06-23/autoformer/pretrain10_finetune10/ettm2/time-series/seed_2/training_log.json
2026-06-23 19:00:06 - finetune_logger - INFO - Test metrics: {'MAE': 2.706383679868711, 'RMSE': 3.906272590493711}
[2026-06-23 19:00:06,034][finetune_logger][INFO] - Test metrics: {'MAE': 2.706383679868711, 'RMSE': 3.906272590493711}
2026-06-23 19:00:06 - finetune_logger - INFO - Test time: 288.67s
[2026-06-23 19:00:06,035][finetune_logger][INFO] - Test time: 288.67s
2026-06-23 19:00:06 - finetune_logger - INFO - Test memory reserved: 40.00 MB
[2026-06-23 19:00:06,035][finetune_logger][INFO] - Test memory reserved: 40.00 MB
2026-06-23 19:00:06 - finetune_logger - INFO - Test memory allocated: 20.88 MB
[2026-06-23 19:00:06,035][finetune_logger][INFO] - Test memory allocated: 20.88 MB
2026-06-23 19:00:06 - finetune_logger - INFO - Epoch 9/10
[2026-06-23 19:00:06,035][finetune_logger][INFO] - Epoch 9/10
2026-06-23 19:40:54 - finetune_logger - INFO - Train loss: 1.8009375107147598
[2026-06-23 19:40:54,942][finetune_logger][INFO] - Train loss: 1.8009375107147598
2026-06-23 19:40:54 - finetune_logger - INFO - Train time: 2448.9058167934418s
[2026-06-23 19:40:54,942][finetune_logger][INFO] - Train time: 2448.9058167934418s
2026-06-23 19:40:54 - finetune_logger - INFO - Train memory reserved: 40.00 MB
[2026-06-23 19:40:54,942][finetune_logger][INFO] - Train memory reserved: 40.00 MB
2026-06-23 19:40:54 - finetune_logger - INFO - Train memory allocated: 20.88 MB
[2026-06-23 19:40:54,942][finetune_logger][INFO] - Train memory allocated: 20.88 MB
2026-06-23 19:40:54 - finetune_logger - INFO - Current learning rate: 0.0005
[2026-06-23 19:40:54,942][finetune_logger][INFO] - Current learning rate: 0.0005
2026-06-23 19:45:43 - finetune_logger - INFO - Validation metrics: {'MAE': 2.300844218071665, 'RMSE': 3.2635805356677237}
[2026-06-23 19:45:43,560][finetune_logger][INFO] - Validation metrics: {'MAE': 2.300844218071665, 'RMSE': 3.2635805356677237}
2026-06-23 19:45:43 - finetune_logger - INFO - Val time: 288.62s
[2026-06-23 19:45:43,560][finetune_logger][INFO] - Val time: 288.62s
2026-06-23 19:45:43 - finetune_logger - INFO - Val memory reserved: 40.00 MB
[2026-06-23 19:45:43,560][finetune_logger][INFO] - Val memory reserved: 40.00 MB
2026-06-23 19:45:43 - finetune_logger - INFO - Val memory allocated: 20.88 MB
[2026-06-23 19:45:43,560][finetune_logger][INFO] - Val memory allocated: 20.88 MB
2026-06-23 19:45:43 - finetune_logger - INFO - Logged epoch 9 info to /public/home/202411094934/python_project/Spatio-Temporal-Library/time-series/2026-06-23/autoformer/pretrain10_finetune10/ettm2/time-series/seed_2/training_log.json
[2026-06-23 19:45:43,563][finetune_logger][INFO] - Logged epoch 9 info to /public/home/202411094934/python_project/Spatio-Temporal-Library/time-series/2026-06-23/autoformer/pretrain10_finetune10/ettm2/time-series/seed_2/training_log.json
2026-06-23 19:50:32 - finetune_logger - INFO - Test metrics: {'MAE': 2.6384532291308185, 'RMSE': 3.817509031137025}
[2026-06-23 19:50:32,912][finetune_logger][INFO] - Test metrics: {'MAE': 2.6384532291308185, 'RMSE': 3.817509031137025}
2026-06-23 19:50:32 - finetune_logger - INFO - Test time: 289.35s
[2026-06-23 19:50:32,912][finetune_logger][INFO] - Test time: 289.35s
2026-06-23 19:50:32 - finetune_logger - INFO - Test memory reserved: 40.00 MB
[2026-06-23 19:50:32,912][finetune_logger][INFO] - Test memory reserved: 40.00 MB
2026-06-23 19:50:32 - finetune_logger - INFO - Test memory allocated: 20.88 MB
[2026-06-23 19:50:32,912][finetune_logger][INFO] - Test memory allocated: 20.88 MB
2026-06-23 19:50:32 - finetune_logger - INFO - Epoch 10/10
[2026-06-23 19:50:32,912][finetune_logger][INFO] - Epoch 10/10
2026-06-23 20:31:20 - finetune_logger - INFO - Train loss: 1.778954464649786
[2026-06-23 20:31:20,539][finetune_logger][INFO] - Train loss: 1.778954464649786
2026-06-23 20:31:20 - finetune_logger - INFO - Train time: 2447.626247406006s
[2026-06-23 20:31:20,540][finetune_logger][INFO] - Train time: 2447.626247406006s
2026-06-23 20:31:20 - finetune_logger - INFO - Train memory reserved: 40.00 MB
[2026-06-23 20:31:20,540][finetune_logger][INFO] - Train memory reserved: 40.00 MB
2026-06-23 20:31:20 - finetune_logger - INFO - Train memory allocated: 20.88 MB
[2026-06-23 20:31:20,540][finetune_logger][INFO] - Train memory allocated: 20.88 MB
2026-06-23 20:31:20 - finetune_logger - INFO - Current learning rate: 0.0005
[2026-06-23 20:31:20,540][finetune_logger][INFO] - Current learning rate: 0.0005
2026-06-23 20:36:10 - finetune_logger - INFO - Validation metrics: {'MAE': 2.3678833190779818, 'RMSE': 3.342404616762693}
[2026-06-23 20:36:10,011][finetune_logger][INFO] - Validation metrics: {'MAE': 2.3678833190779818, 'RMSE': 3.342404616762693}
2026-06-23 20:36:10 - finetune_logger - INFO - Val time: 289.47s
[2026-06-23 20:36:10,012][finetune_logger][INFO] - Val time: 289.47s
2026-06-23 20:36:10 - finetune_logger - INFO - Val memory reserved: 40.00 MB
[2026-06-23 20:36:10,012][finetune_logger][INFO] - Val memory reserved: 40.00 MB
2026-06-23 20:36:10 - finetune_logger - INFO - Val memory allocated: 20.88 MB
[2026-06-23 20:36:10,012][finetune_logger][INFO] - Val memory allocated: 20.88 MB
2026-06-23 20:36:10 - finetune_logger - INFO - Logged epoch 10 info to /public/home/202411094934/python_project/Spatio-Temporal-Library/time-series/2026-06-23/autoformer/pretrain10_finetune10/ettm2/time-series/seed_2/training_log.json
[2026-06-23 20:36:10,015][finetune_logger][INFO] - Logged epoch 10 info to /public/home/202411094934/python_project/Spatio-Temporal-Library/time-series/2026-06-23/autoformer/pretrain10_finetune10/ettm2/time-series/seed_2/training_log.json
2026-06-23 20:40:58 - finetune_logger - INFO - Test metrics: {'MAE': 2.7872257824373716, 'RMSE': 4.013749575614907}
[2026-06-23 20:40:58,622][finetune_logger][INFO] - Test metrics: {'MAE': 2.7872257824373716, 'RMSE': 4.013749575614907}
2026-06-23 20:40:58 - finetune_logger - INFO - Test time: 288.58s
[2026-06-23 20:40:58,623][finetune_logger][INFO] - Test time: 288.58s
2026-06-23 20:40:58 - finetune_logger - INFO - Test memory reserved: 40.00 MB
[2026-06-23 20:40:58,623][finetune_logger][INFO] - Test memory reserved: 40.00 MB
2026-06-23 20:40:58 - finetune_logger - INFO - Test memory allocated: 20.88 MB
[2026-06-23 20:40:58,623][finetune_logger][INFO] - Test memory allocated: 20.88 MB
2026-06-23 20:40:58 - finetune_logger - INFO - Training completed. Best epoch: 1, Best val loss: 2.148012
[2026-06-23 20:40:58,623][finetune_logger][INFO] - Training completed. Best epoch: 1, Best val loss: 2.148012
2026-06-23 20:40:58 - finetune_logger - INFO - Loaded checkpoint from epoch 1
[2026-06-23 20:40:58,660][finetune_logger][INFO] - Loaded checkpoint from epoch 1
2026-06-23 20:40:58 - finetune_logger - INFO - Evaluating best model on test sets...
[2026-06-23 20:40:58,660][finetune_logger][INFO] - Evaluating best model on test sets...
2026-06-23 20:45:48 - finetune_logger - INFO - Test metrics: {'MAE': 2.340898237342693, 'RMSE': 3.4195864676899967}
[2026-06-23 20:45:48,207][finetune_logger][INFO] - Test metrics: {'MAE': 2.340898237342693, 'RMSE': 3.4195864676899967}
2026-06-23 20:45:48 - finetune_logger - INFO - Test time: 289.55s
[2026-06-23 20:45:48,207][finetune_logger][INFO] - Test time: 289.55s
2026-06-23 20:45:48 - finetune_logger - INFO - Test memory reserved: 60.00 MB
[2026-06-23 20:45:48,208][finetune_logger][INFO] - Test memory reserved: 60.00 MB
2026-06-23 20:45:48 - finetune_logger - INFO - Test memory allocated: 20.91 MB
[2026-06-23 20:45:48,208][finetune_logger][INFO] - Test memory allocated: 20.91 MB
2026-06-23 20:45:48 - finetune_logger - INFO - Logged epoch test info to /public/home/202411094934/python_project/Spatio-Temporal-Library/time-series/2026-06-23/autoformer/pretrain10_finetune10/ettm2/time-series/seed_2/training_log.json
[2026-06-23 20:45:48,211][finetune_logger][INFO] - Logged epoch test info to /public/home/202411094934/python_project/Spatio-Temporal-Library/time-series/2026-06-23/autoformer/pretrain10_finetune10/ettm2/time-series/seed_2/training_log.json
