2026-06-19 22:05:10 - finetune_logger - INFO - No pretrained checkpoint is provided. Finetuning from scratch.
[2026-06-19 22:05:10,625][finetune_logger][INFO] - No pretrained checkpoint is provided. Finetuning from scratch.
2026-06-19 22:05:10 - finetune_logger - INFO - Model parameters: 733,890
[2026-06-19 22:05:10,628][finetune_logger][INFO] - Model parameters: 733,890
2026-06-19 22:05:10 - finetune_logger - INFO - Created new log file at /public/home/202411094934/python_project/Spatio-Temporal-Library/time-series/2026-06-19/patchtst/finetune20/exchange_rate/time-series/seed_2/training_log.json
[2026-06-19 22:05:10,630][finetune_logger][INFO] - Created new log file at /public/home/202411094934/python_project/Spatio-Temporal-Library/time-series/2026-06-19/patchtst/finetune20/exchange_rate/time-series/seed_2/training_log.json
2026-06-19 22:05:10 - finetune_logger - INFO - Starting training...
[2026-06-19 22:05:10,630][finetune_logger][INFO] - Starting training...
2026-06-19 22:05:10 - finetune_logger - INFO - Epoch 1/20
[2026-06-19 22:05:10,630][finetune_logger][INFO] - Epoch 1/20
2026-06-19 22:06:20 - finetune_logger - INFO - Train loss: 0.029040791696826083
[2026-06-19 22:06:20,050][finetune_logger][INFO] - Train loss: 0.029040791696826083
2026-06-19 22:06:20 - finetune_logger - INFO - Train time: 69.41948795318604s
[2026-06-19 22:06:20,051][finetune_logger][INFO] - Train time: 69.41948795318604s
2026-06-19 22:06:20 - finetune_logger - INFO - Train memory reserved: 36.00 MB
[2026-06-19 22:06:20,051][finetune_logger][INFO] - Train memory reserved: 36.00 MB
2026-06-19 22:06:20 - finetune_logger - INFO - Train memory allocated: 24.67 MB
[2026-06-19 22:06:20,051][finetune_logger][INFO] - Train memory allocated: 24.67 MB
2026-06-19 22:06:20 - finetune_logger - INFO - Current learning rate: 0.0005
[2026-06-19 22:06:20,051][finetune_logger][INFO] - Current learning rate: 0.0005
2026-06-19 22:06:23 - finetune_logger - INFO - Validation metrics: {'MAE': 0.026277334803333916, 'RMSE': 0.03843330586732732}
[2026-06-19 22:06:23,288][finetune_logger][INFO] - Validation metrics: {'MAE': 0.026277334803333916, 'RMSE': 0.03843330586732732}
2026-06-19 22:06:23 - finetune_logger - INFO - Val time: 3.24s
[2026-06-19 22:06:23,288][finetune_logger][INFO] - Val time: 3.24s
2026-06-19 22:06:23 - finetune_logger - INFO - Val memory reserved: 36.00 MB
[2026-06-19 22:06:23,289][finetune_logger][INFO] - Val memory reserved: 36.00 MB
2026-06-19 22:06:23 - finetune_logger - INFO - Val memory allocated: 24.67 MB
[2026-06-19 22:06:23,289][finetune_logger][INFO] - Val memory allocated: 24.67 MB
2026-06-19 22:06:23 - finetune_logger - INFO - Logged epoch 1 info to /public/home/202411094934/python_project/Spatio-Temporal-Library/time-series/2026-06-19/patchtst/finetune20/exchange_rate/time-series/seed_2/training_log.json
[2026-06-19 22:06:23,292][finetune_logger][INFO] - Logged epoch 1 info to /public/home/202411094934/python_project/Spatio-Temporal-Library/time-series/2026-06-19/patchtst/finetune20/exchange_rate/time-series/seed_2/training_log.json
2026-06-19 22:06:23 - finetune_logger - INFO - New best model! Val loss: 0.026277
[2026-06-19 22:06:23,293][finetune_logger][INFO] - New best model! Val loss: 0.026277
2026-06-19 22:06:31 - finetune_logger - INFO - Test metrics: {'MAE': 0.022441086384373473, 'RMSE': 0.03363195076861863}
[2026-06-19 22:06:31,125][finetune_logger][INFO] - Test metrics: {'MAE': 0.022441086384373473, 'RMSE': 0.03363195076861863}
2026-06-19 22:06:31 - finetune_logger - INFO - Test time: 7.78s
[2026-06-19 22:06:31,125][finetune_logger][INFO] - Test time: 7.78s
2026-06-19 22:06:31 - finetune_logger - INFO - Test memory reserved: 36.00 MB
[2026-06-19 22:06:31,125][finetune_logger][INFO] - Test memory reserved: 36.00 MB
2026-06-19 22:06:31 - finetune_logger - INFO - Test memory allocated: 24.67 MB
[2026-06-19 22:06:31,125][finetune_logger][INFO] - Test memory allocated: 24.67 MB
2026-06-19 22:06:31 - finetune_logger - INFO - Epoch 2/20
[2026-06-19 22:06:31,125][finetune_logger][INFO] - Epoch 2/20
2026-06-19 22:07:39 - finetune_logger - INFO - Train loss: 0.023190500957948713
[2026-06-19 22:07:39,176][finetune_logger][INFO] - Train loss: 0.023190500957948713
2026-06-19 22:07:39 - finetune_logger - INFO - Train time: 68.05010032653809s
[2026-06-19 22:07:39,176][finetune_logger][INFO] - Train time: 68.05010032653809s
2026-06-19 22:07:39 - finetune_logger - INFO - Train memory reserved: 36.00 MB
[2026-06-19 22:07:39,176][finetune_logger][INFO] - Train memory reserved: 36.00 MB
2026-06-19 22:07:39 - finetune_logger - INFO - Train memory allocated: 24.67 MB
[2026-06-19 22:07:39,176][finetune_logger][INFO] - Train memory allocated: 24.67 MB
2026-06-19 22:07:39 - finetune_logger - INFO - Current learning rate: 0.0005
[2026-06-19 22:07:39,176][finetune_logger][INFO] - Current learning rate: 0.0005
2026-06-19 22:07:42 - finetune_logger - INFO - Validation metrics: {'MAE': 0.026601180078732103, 'RMSE': 0.040512124328294506}
[2026-06-19 22:07:42,354][finetune_logger][INFO] - Validation metrics: {'MAE': 0.026601180078732103, 'RMSE': 0.040512124328294506}
2026-06-19 22:07:42 - finetune_logger - INFO - Val time: 3.18s
[2026-06-19 22:07:42,354][finetune_logger][INFO] - Val time: 3.18s
2026-06-19 22:07:42 - finetune_logger - INFO - Val memory reserved: 36.00 MB
[2026-06-19 22:07:42,354][finetune_logger][INFO] - Val memory reserved: 36.00 MB
2026-06-19 22:07:42 - finetune_logger - INFO - Val memory allocated: 24.67 MB
[2026-06-19 22:07:42,354][finetune_logger][INFO] - Val memory allocated: 24.67 MB
2026-06-19 22:07:42 - finetune_logger - INFO - Logged epoch 2 info to /public/home/202411094934/python_project/Spatio-Temporal-Library/time-series/2026-06-19/patchtst/finetune20/exchange_rate/time-series/seed_2/training_log.json
[2026-06-19 22:07:42,357][finetune_logger][INFO] - Logged epoch 2 info to /public/home/202411094934/python_project/Spatio-Temporal-Library/time-series/2026-06-19/patchtst/finetune20/exchange_rate/time-series/seed_2/training_log.json
2026-06-19 22:07:50 - finetune_logger - INFO - Test metrics: {'MAE': 0.023141848513579494, 'RMSE': 0.03443440276822894}
[2026-06-19 22:07:50,144][finetune_logger][INFO] - Test metrics: {'MAE': 0.023141848513579494, 'RMSE': 0.03443440276822894}
2026-06-19 22:07:50 - finetune_logger - INFO - Test time: 7.79s
[2026-06-19 22:07:50,144][finetune_logger][INFO] - Test time: 7.79s
2026-06-19 22:07:50 - finetune_logger - INFO - Test memory reserved: 36.00 MB
[2026-06-19 22:07:50,144][finetune_logger][INFO] - Test memory reserved: 36.00 MB
2026-06-19 22:07:50 - finetune_logger - INFO - Test memory allocated: 24.67 MB
[2026-06-19 22:07:50,144][finetune_logger][INFO] - Test memory allocated: 24.67 MB
2026-06-19 22:07:50 - finetune_logger - INFO - Epoch 3/20
[2026-06-19 22:07:50,144][finetune_logger][INFO] - Epoch 3/20
2026-06-19 22:08:58 - finetune_logger - INFO - Train loss: 0.021754331379109062
[2026-06-19 22:08:58,235][finetune_logger][INFO] - Train loss: 0.021754331379109062
2026-06-19 22:08:58 - finetune_logger - INFO - Train time: 68.09033179283142s
[2026-06-19 22:08:58,235][finetune_logger][INFO] - Train time: 68.09033179283142s
2026-06-19 22:08:58 - finetune_logger - INFO - Train memory reserved: 36.00 MB
[2026-06-19 22:08:58,235][finetune_logger][INFO] - Train memory reserved: 36.00 MB
2026-06-19 22:08:58 - finetune_logger - INFO - Train memory allocated: 24.67 MB
[2026-06-19 22:08:58,236][finetune_logger][INFO] - Train memory allocated: 24.67 MB
2026-06-19 22:08:58 - finetune_logger - INFO - Current learning rate: 0.0005
[2026-06-19 22:08:58,236][finetune_logger][INFO] - Current learning rate: 0.0005
2026-06-19 22:09:01 - finetune_logger - INFO - Validation metrics: {'MAE': 0.027625330855281162, 'RMSE': 0.042420124190731746}
[2026-06-19 22:09:01,415][finetune_logger][INFO] - Validation metrics: {'MAE': 0.027625330855281162, 'RMSE': 0.042420124190731746}
2026-06-19 22:09:01 - finetune_logger - INFO - Val time: 3.18s
[2026-06-19 22:09:01,415][finetune_logger][INFO] - Val time: 3.18s
2026-06-19 22:09:01 - finetune_logger - INFO - Val memory reserved: 36.00 MB
[2026-06-19 22:09:01,415][finetune_logger][INFO] - Val memory reserved: 36.00 MB
2026-06-19 22:09:01 - finetune_logger - INFO - Val memory allocated: 24.67 MB
[2026-06-19 22:09:01,415][finetune_logger][INFO] - Val memory allocated: 24.67 MB
2026-06-19 22:09:01 - finetune_logger - INFO - Logged epoch 3 info to /public/home/202411094934/python_project/Spatio-Temporal-Library/time-series/2026-06-19/patchtst/finetune20/exchange_rate/time-series/seed_2/training_log.json
[2026-06-19 22:09:01,418][finetune_logger][INFO] - Logged epoch 3 info to /public/home/202411094934/python_project/Spatio-Temporal-Library/time-series/2026-06-19/patchtst/finetune20/exchange_rate/time-series/seed_2/training_log.json
2026-06-19 22:09:09 - finetune_logger - INFO - Test metrics: {'MAE': 0.024590032892095322, 'RMSE': 0.03703012526524545}
[2026-06-19 22:09:09,211][finetune_logger][INFO] - Test metrics: {'MAE': 0.024590032892095322, 'RMSE': 0.03703012526524545}
2026-06-19 22:09:09 - finetune_logger - INFO - Test time: 7.79s
[2026-06-19 22:09:09,211][finetune_logger][INFO] - Test time: 7.79s
2026-06-19 22:09:09 - finetune_logger - INFO - Test memory reserved: 36.00 MB
[2026-06-19 22:09:09,211][finetune_logger][INFO] - Test memory reserved: 36.00 MB
2026-06-19 22:09:09 - finetune_logger - INFO - Test memory allocated: 24.67 MB
[2026-06-19 22:09:09,211][finetune_logger][INFO] - Test memory allocated: 24.67 MB
2026-06-19 22:09:09 - finetune_logger - INFO - Epoch 4/20
[2026-06-19 22:09:09,211][finetune_logger][INFO] - Epoch 4/20
2026-06-19 22:10:17 - finetune_logger - INFO - Train loss: 0.02037726885473706
[2026-06-19 22:10:17,352][finetune_logger][INFO] - Train loss: 0.02037726885473706
2026-06-19 22:10:17 - finetune_logger - INFO - Train time: 68.13975405693054s
[2026-06-19 22:10:17,352][finetune_logger][INFO] - Train time: 68.13975405693054s
2026-06-19 22:10:17 - finetune_logger - INFO - Train memory reserved: 36.00 MB
[2026-06-19 22:10:17,352][finetune_logger][INFO] - Train memory reserved: 36.00 MB
2026-06-19 22:10:17 - finetune_logger - INFO - Train memory allocated: 24.67 MB
[2026-06-19 22:10:17,352][finetune_logger][INFO] - Train memory allocated: 24.67 MB
2026-06-19 22:10:17 - finetune_logger - INFO - Current learning rate: 0.0005
[2026-06-19 22:10:17,352][finetune_logger][INFO] - Current learning rate: 0.0005
2026-06-19 22:10:20 - finetune_logger - INFO - Validation metrics: {'MAE': 0.02776008540353408, 'RMSE': 0.04207854202131986}
[2026-06-19 22:10:20,519][finetune_logger][INFO] - Validation metrics: {'MAE': 0.02776008540353408, 'RMSE': 0.04207854202131986}
2026-06-19 22:10:20 - finetune_logger - INFO - Val time: 3.17s
[2026-06-19 22:10:20,519][finetune_logger][INFO] - Val time: 3.17s
2026-06-19 22:10:20 - finetune_logger - INFO - Val memory reserved: 36.00 MB
[2026-06-19 22:10:20,519][finetune_logger][INFO] - Val memory reserved: 36.00 MB
2026-06-19 22:10:20 - finetune_logger - INFO - Val memory allocated: 24.67 MB
[2026-06-19 22:10:20,519][finetune_logger][INFO] - Val memory allocated: 24.67 MB
2026-06-19 22:10:20 - finetune_logger - INFO - Logged epoch 4 info to /public/home/202411094934/python_project/Spatio-Temporal-Library/time-series/2026-06-19/patchtst/finetune20/exchange_rate/time-series/seed_2/training_log.json
[2026-06-19 22:10:20,522][finetune_logger][INFO] - Logged epoch 4 info to /public/home/202411094934/python_project/Spatio-Temporal-Library/time-series/2026-06-19/patchtst/finetune20/exchange_rate/time-series/seed_2/training_log.json
2026-06-19 22:10:28 - finetune_logger - INFO - Test metrics: {'MAE': 0.0227739534950874, 'RMSE': 0.03466102154188665}
[2026-06-19 22:10:28,270][finetune_logger][INFO] - Test metrics: {'MAE': 0.0227739534950874, 'RMSE': 0.03466102154188665}
2026-06-19 22:10:28 - finetune_logger - INFO - Test time: 7.75s
[2026-06-19 22:10:28,270][finetune_logger][INFO] - Test time: 7.75s
2026-06-19 22:10:28 - finetune_logger - INFO - Test memory reserved: 36.00 MB
[2026-06-19 22:10:28,270][finetune_logger][INFO] - Test memory reserved: 36.00 MB
2026-06-19 22:10:28 - finetune_logger - INFO - Test memory allocated: 24.67 MB
[2026-06-19 22:10:28,270][finetune_logger][INFO] - Test memory allocated: 24.67 MB
2026-06-19 22:10:28 - finetune_logger - INFO - Epoch 5/20
[2026-06-19 22:10:28,270][finetune_logger][INFO] - Epoch 5/20
2026-06-19 22:11:36 - finetune_logger - INFO - Train loss: 0.019289042256533665
[2026-06-19 22:11:36,322][finetune_logger][INFO] - Train loss: 0.019289042256533665
2026-06-19 22:11:36 - finetune_logger - INFO - Train time: 68.05089807510376s
[2026-06-19 22:11:36,322][finetune_logger][INFO] - Train time: 68.05089807510376s
2026-06-19 22:11:36 - finetune_logger - INFO - Train memory reserved: 36.00 MB
[2026-06-19 22:11:36,322][finetune_logger][INFO] - Train memory reserved: 36.00 MB
2026-06-19 22:11:36 - finetune_logger - INFO - Train memory allocated: 24.67 MB
[2026-06-19 22:11:36,322][finetune_logger][INFO] - Train memory allocated: 24.67 MB
2026-06-19 22:11:36 - finetune_logger - INFO - Current learning rate: 0.0005
[2026-06-19 22:11:36,322][finetune_logger][INFO] - Current learning rate: 0.0005
2026-06-19 22:11:39 - finetune_logger - INFO - Validation metrics: {'MAE': 0.027552453906573415, 'RMSE': 0.04256149964632969}
[2026-06-19 22:11:39,496][finetune_logger][INFO] - Validation metrics: {'MAE': 0.027552453906573415, 'RMSE': 0.04256149964632969}
2026-06-19 22:11:39 - finetune_logger - INFO - Val time: 3.17s
[2026-06-19 22:11:39,496][finetune_logger][INFO] - Val time: 3.17s
2026-06-19 22:11:39 - finetune_logger - INFO - Val memory reserved: 36.00 MB
[2026-06-19 22:11:39,496][finetune_logger][INFO] - Val memory reserved: 36.00 MB
2026-06-19 22:11:39 - finetune_logger - INFO - Val memory allocated: 24.67 MB
[2026-06-19 22:11:39,496][finetune_logger][INFO] - Val memory allocated: 24.67 MB
2026-06-19 22:11:39 - finetune_logger - INFO - Logged epoch 5 info to /public/home/202411094934/python_project/Spatio-Temporal-Library/time-series/2026-06-19/patchtst/finetune20/exchange_rate/time-series/seed_2/training_log.json
[2026-06-19 22:11:39,499][finetune_logger][INFO] - Logged epoch 5 info to /public/home/202411094934/python_project/Spatio-Temporal-Library/time-series/2026-06-19/patchtst/finetune20/exchange_rate/time-series/seed_2/training_log.json
2026-06-19 22:11:47 - finetune_logger - INFO - Test metrics: {'MAE': 0.025048986010259296, 'RMSE': 0.037951383814864036}
[2026-06-19 22:11:47,269][finetune_logger][INFO] - Test metrics: {'MAE': 0.025048986010259296, 'RMSE': 0.037951383814864036}
2026-06-19 22:11:47 - finetune_logger - INFO - Test time: 7.77s
[2026-06-19 22:11:47,269][finetune_logger][INFO] - Test time: 7.77s
2026-06-19 22:11:47 - finetune_logger - INFO - Test memory reserved: 36.00 MB
[2026-06-19 22:11:47,269][finetune_logger][INFO] - Test memory reserved: 36.00 MB
2026-06-19 22:11:47 - finetune_logger - INFO - Test memory allocated: 24.67 MB
[2026-06-19 22:11:47,270][finetune_logger][INFO] - Test memory allocated: 24.67 MB
2026-06-19 22:11:47 - finetune_logger - INFO - Epoch 6/20
[2026-06-19 22:11:47,270][finetune_logger][INFO] - Epoch 6/20
2026-06-19 22:12:55 - finetune_logger - INFO - Train loss: 0.018284465245150133
[2026-06-19 22:12:55,290][finetune_logger][INFO] - Train loss: 0.018284465245150133
2026-06-19 22:12:55 - finetune_logger - INFO - Train time: 68.01939678192139s
[2026-06-19 22:12:55,290][finetune_logger][INFO] - Train time: 68.01939678192139s
2026-06-19 22:12:55 - finetune_logger - INFO - Train memory reserved: 36.00 MB
[2026-06-19 22:12:55,290][finetune_logger][INFO] - Train memory reserved: 36.00 MB
2026-06-19 22:12:55 - finetune_logger - INFO - Train memory allocated: 24.67 MB
[2026-06-19 22:12:55,290][finetune_logger][INFO] - Train memory allocated: 24.67 MB
2026-06-19 22:12:55 - finetune_logger - INFO - Current learning rate: 0.0005
[2026-06-19 22:12:55,290][finetune_logger][INFO] - Current learning rate: 0.0005
2026-06-19 22:12:58 - finetune_logger - INFO - Validation metrics: {'MAE': 0.030653357176224964, 'RMSE': 0.04754960619905594}
[2026-06-19 22:12:58,523][finetune_logger][INFO] - Validation metrics: {'MAE': 0.030653357176224964, 'RMSE': 0.04754960619905594}
2026-06-19 22:12:58 - finetune_logger - INFO - Val time: 3.23s
[2026-06-19 22:12:58,523][finetune_logger][INFO] - Val time: 3.23s
2026-06-19 22:12:58 - finetune_logger - INFO - Val memory reserved: 36.00 MB
[2026-06-19 22:12:58,523][finetune_logger][INFO] - Val memory reserved: 36.00 MB
2026-06-19 22:12:58 - finetune_logger - INFO - Val memory allocated: 24.67 MB
[2026-06-19 22:12:58,523][finetune_logger][INFO] - Val memory allocated: 24.67 MB
2026-06-19 22:12:58 - finetune_logger - INFO - Logged epoch 6 info to /public/home/202411094934/python_project/Spatio-Temporal-Library/time-series/2026-06-19/patchtst/finetune20/exchange_rate/time-series/seed_2/training_log.json
[2026-06-19 22:12:58,526][finetune_logger][INFO] - Logged epoch 6 info to /public/home/202411094934/python_project/Spatio-Temporal-Library/time-series/2026-06-19/patchtst/finetune20/exchange_rate/time-series/seed_2/training_log.json
2026-06-19 22:13:06 - finetune_logger - INFO - Test metrics: {'MAE': 0.028036736621656996, 'RMSE': 0.04323182566403833}
[2026-06-19 22:13:06,319][finetune_logger][INFO] - Test metrics: {'MAE': 0.028036736621656996, 'RMSE': 0.04323182566403833}
2026-06-19 22:13:06 - finetune_logger - INFO - Test time: 7.79s
[2026-06-19 22:13:06,319][finetune_logger][INFO] - Test time: 7.79s
2026-06-19 22:13:06 - finetune_logger - INFO - Test memory reserved: 36.00 MB
[2026-06-19 22:13:06,319][finetune_logger][INFO] - Test memory reserved: 36.00 MB
2026-06-19 22:13:06 - finetune_logger - INFO - Test memory allocated: 24.67 MB
[2026-06-19 22:13:06,320][finetune_logger][INFO] - Test memory allocated: 24.67 MB
2026-06-19 22:13:06 - finetune_logger - INFO - Epoch 7/20
[2026-06-19 22:13:06,320][finetune_logger][INFO] - Epoch 7/20
2026-06-19 22:14:14 - finetune_logger - INFO - Train loss: 0.01742643126009524
[2026-06-19 22:14:14,366][finetune_logger][INFO] - Train loss: 0.01742643126009524
2026-06-19 22:14:14 - finetune_logger - INFO - Train time: 68.04607462882996s
[2026-06-19 22:14:14,366][finetune_logger][INFO] - Train time: 68.04607462882996s
2026-06-19 22:14:14 - finetune_logger - INFO - Train memory reserved: 36.00 MB
[2026-06-19 22:14:14,367][finetune_logger][INFO] - Train memory reserved: 36.00 MB
2026-06-19 22:14:14 - finetune_logger - INFO - Train memory allocated: 24.67 MB
[2026-06-19 22:14:14,367][finetune_logger][INFO] - Train memory allocated: 24.67 MB
2026-06-19 22:14:14 - finetune_logger - INFO - Current learning rate: 0.0005
[2026-06-19 22:14:14,367][finetune_logger][INFO] - Current learning rate: 0.0005
2026-06-19 22:14:17 - finetune_logger - INFO - Validation metrics: {'MAE': 0.028756111430718927, 'RMSE': 0.04429329397753023}
[2026-06-19 22:14:17,547][finetune_logger][INFO] - Validation metrics: {'MAE': 0.028756111430718927, 'RMSE': 0.04429329397753023}
2026-06-19 22:14:17 - finetune_logger - INFO - Val time: 3.18s
[2026-06-19 22:14:17,547][finetune_logger][INFO] - Val time: 3.18s
2026-06-19 22:14:17 - finetune_logger - INFO - Val memory reserved: 36.00 MB
[2026-06-19 22:14:17,547][finetune_logger][INFO] - Val memory reserved: 36.00 MB
2026-06-19 22:14:17 - finetune_logger - INFO - Val memory allocated: 24.67 MB
[2026-06-19 22:14:17,547][finetune_logger][INFO] - Val memory allocated: 24.67 MB
2026-06-19 22:14:17 - finetune_logger - INFO - Logged epoch 7 info to /public/home/202411094934/python_project/Spatio-Temporal-Library/time-series/2026-06-19/patchtst/finetune20/exchange_rate/time-series/seed_2/training_log.json
[2026-06-19 22:14:17,550][finetune_logger][INFO] - Logged epoch 7 info to /public/home/202411094934/python_project/Spatio-Temporal-Library/time-series/2026-06-19/patchtst/finetune20/exchange_rate/time-series/seed_2/training_log.json
2026-06-19 22:14:25 - finetune_logger - INFO - Test metrics: {'MAE': 0.027024504805979885, 'RMSE': 0.04221342130758662}
[2026-06-19 22:14:25,293][finetune_logger][INFO] - Test metrics: {'MAE': 0.027024504805979885, 'RMSE': 0.04221342130758662}
2026-06-19 22:14:25 - finetune_logger - INFO - Test time: 7.74s
[2026-06-19 22:14:25,293][finetune_logger][INFO] - Test time: 7.74s
2026-06-19 22:14:25 - finetune_logger - INFO - Test memory reserved: 36.00 MB
[2026-06-19 22:14:25,294][finetune_logger][INFO] - Test memory reserved: 36.00 MB
2026-06-19 22:14:25 - finetune_logger - INFO - Test memory allocated: 24.67 MB
[2026-06-19 22:14:25,294][finetune_logger][INFO] - Test memory allocated: 24.67 MB
2026-06-19 22:14:25 - finetune_logger - INFO - Epoch 8/20
[2026-06-19 22:14:25,294][finetune_logger][INFO] - Epoch 8/20
2026-06-19 22:15:33 - finetune_logger - INFO - Train loss: 0.016701386962417516
[2026-06-19 22:15:33,347][finetune_logger][INFO] - Train loss: 0.016701386962417516
2026-06-19 22:15:33 - finetune_logger - INFO - Train time: 68.05312156677246s
[2026-06-19 22:15:33,348][finetune_logger][INFO] - Train time: 68.05312156677246s
2026-06-19 22:15:33 - finetune_logger - INFO - Train memory reserved: 36.00 MB
[2026-06-19 22:15:33,348][finetune_logger][INFO] - Train memory reserved: 36.00 MB
2026-06-19 22:15:33 - finetune_logger - INFO - Train memory allocated: 24.67 MB
[2026-06-19 22:15:33,348][finetune_logger][INFO] - Train memory allocated: 24.67 MB
2026-06-19 22:15:33 - finetune_logger - INFO - Current learning rate: 0.0005
[2026-06-19 22:15:33,348][finetune_logger][INFO] - Current learning rate: 0.0005
2026-06-19 22:15:36 - finetune_logger - INFO - Validation metrics: {'MAE': 0.031950562288818034, 'RMSE': 0.049642894146723245}
[2026-06-19 22:15:36,545][finetune_logger][INFO] - Validation metrics: {'MAE': 0.031950562288818034, 'RMSE': 0.049642894146723245}
2026-06-19 22:15:36 - finetune_logger - INFO - Val time: 3.20s
[2026-06-19 22:15:36,545][finetune_logger][INFO] - Val time: 3.20s
2026-06-19 22:15:36 - finetune_logger - INFO - Val memory reserved: 36.00 MB
[2026-06-19 22:15:36,546][finetune_logger][INFO] - Val memory reserved: 36.00 MB
2026-06-19 22:15:36 - finetune_logger - INFO - Val memory allocated: 24.67 MB
[2026-06-19 22:15:36,546][finetune_logger][INFO] - Val memory allocated: 24.67 MB
2026-06-19 22:15:36 - finetune_logger - INFO - Logged epoch 8 info to /public/home/202411094934/python_project/Spatio-Temporal-Library/time-series/2026-06-19/patchtst/finetune20/exchange_rate/time-series/seed_2/training_log.json
[2026-06-19 22:15:36,548][finetune_logger][INFO] - Logged epoch 8 info to /public/home/202411094934/python_project/Spatio-Temporal-Library/time-series/2026-06-19/patchtst/finetune20/exchange_rate/time-series/seed_2/training_log.json
2026-06-19 22:15:44 - finetune_logger - INFO - Test metrics: {'MAE': 0.02932327705851012, 'RMSE': 0.04518396754990778}
[2026-06-19 22:15:44,309][finetune_logger][INFO] - Test metrics: {'MAE': 0.02932327705851012, 'RMSE': 0.04518396754990778}
2026-06-19 22:15:44 - finetune_logger - INFO - Test time: 7.76s
[2026-06-19 22:15:44,309][finetune_logger][INFO] - Test time: 7.76s
2026-06-19 22:15:44 - finetune_logger - INFO - Test memory reserved: 36.00 MB
[2026-06-19 22:15:44,310][finetune_logger][INFO] - Test memory reserved: 36.00 MB
2026-06-19 22:15:44 - finetune_logger - INFO - Test memory allocated: 24.67 MB
[2026-06-19 22:15:44,310][finetune_logger][INFO] - Test memory allocated: 24.67 MB
2026-06-19 22:15:44 - finetune_logger - INFO - Epoch 9/20
[2026-06-19 22:15:44,310][finetune_logger][INFO] - Epoch 9/20
2026-06-19 22:16:52 - finetune_logger - INFO - Train loss: 0.016058995880726623
[2026-06-19 22:16:52,319][finetune_logger][INFO] - Train loss: 0.016058995880726623
2026-06-19 22:16:52 - finetune_logger - INFO - Train time: 68.0093092918396s
[2026-06-19 22:16:52,320][finetune_logger][INFO] - Train time: 68.0093092918396s
2026-06-19 22:16:52 - finetune_logger - INFO - Train memory reserved: 36.00 MB
[2026-06-19 22:16:52,320][finetune_logger][INFO] - Train memory reserved: 36.00 MB
2026-06-19 22:16:52 - finetune_logger - INFO - Train memory allocated: 24.67 MB
[2026-06-19 22:16:52,320][finetune_logger][INFO] - Train memory allocated: 24.67 MB
2026-06-19 22:16:52 - finetune_logger - INFO - Current learning rate: 0.0005
[2026-06-19 22:16:52,320][finetune_logger][INFO] - Current learning rate: 0.0005
2026-06-19 22:16:55 - finetune_logger - INFO - Validation metrics: {'MAE': 0.029397780584841667, 'RMSE': 0.044947950965604555}
[2026-06-19 22:16:55,494][finetune_logger][INFO] - Validation metrics: {'MAE': 0.029397780584841667, 'RMSE': 0.044947950965604555}
2026-06-19 22:16:55 - finetune_logger - INFO - Val time: 3.17s
[2026-06-19 22:16:55,495][finetune_logger][INFO] - Val time: 3.17s
2026-06-19 22:16:55 - finetune_logger - INFO - Val memory reserved: 36.00 MB
[2026-06-19 22:16:55,495][finetune_logger][INFO] - Val memory reserved: 36.00 MB
2026-06-19 22:16:55 - finetune_logger - INFO - Val memory allocated: 24.67 MB
[2026-06-19 22:16:55,495][finetune_logger][INFO] - Val memory allocated: 24.67 MB
2026-06-19 22:16:55 - finetune_logger - INFO - Logged epoch 9 info to /public/home/202411094934/python_project/Spatio-Temporal-Library/time-series/2026-06-19/patchtst/finetune20/exchange_rate/time-series/seed_2/training_log.json
[2026-06-19 22:16:55,498][finetune_logger][INFO] - Logged epoch 9 info to /public/home/202411094934/python_project/Spatio-Temporal-Library/time-series/2026-06-19/patchtst/finetune20/exchange_rate/time-series/seed_2/training_log.json
2026-06-19 22:17:03 - finetune_logger - INFO - Test metrics: {'MAE': 0.0254005558694465, 'RMSE': 0.038743916853283815}
[2026-06-19 22:17:03,240][finetune_logger][INFO] - Test metrics: {'MAE': 0.0254005558694465, 'RMSE': 0.038743916853283815}
2026-06-19 22:17:03 - finetune_logger - INFO - Test time: 7.74s
[2026-06-19 22:17:03,241][finetune_logger][INFO] - Test time: 7.74s
2026-06-19 22:17:03 - finetune_logger - INFO - Test memory reserved: 36.00 MB
[2026-06-19 22:17:03,241][finetune_logger][INFO] - Test memory reserved: 36.00 MB
2026-06-19 22:17:03 - finetune_logger - INFO - Test memory allocated: 24.67 MB
[2026-06-19 22:17:03,241][finetune_logger][INFO] - Test memory allocated: 24.67 MB
2026-06-19 22:17:03 - finetune_logger - INFO - Epoch 10/20
[2026-06-19 22:17:03,241][finetune_logger][INFO] - Epoch 10/20
2026-06-19 22:18:11 - finetune_logger - INFO - Train loss: 0.015500496287500047
[2026-06-19 22:18:11,336][finetune_logger][INFO] - Train loss: 0.015500496287500047
2026-06-19 22:18:11 - finetune_logger - INFO - Train time: 68.09494209289551s
[2026-06-19 22:18:11,337][finetune_logger][INFO] - Train time: 68.09494209289551s
2026-06-19 22:18:11 - finetune_logger - INFO - Train memory reserved: 36.00 MB
[2026-06-19 22:18:11,337][finetune_logger][INFO] - Train memory reserved: 36.00 MB
2026-06-19 22:18:11 - finetune_logger - INFO - Train memory allocated: 24.67 MB
[2026-06-19 22:18:11,337][finetune_logger][INFO] - Train memory allocated: 24.67 MB
2026-06-19 22:18:11 - finetune_logger - INFO - Current learning rate: 0.0005
[2026-06-19 22:18:11,337][finetune_logger][INFO] - Current learning rate: 0.0005
2026-06-19 22:18:14 - finetune_logger - INFO - Validation metrics: {'MAE': 0.030547048870629617, 'RMSE': 0.047092650648554495}
[2026-06-19 22:18:14,489][finetune_logger][INFO] - Validation metrics: {'MAE': 0.030547048870629617, 'RMSE': 0.047092650648554495}
2026-06-19 22:18:14 - finetune_logger - INFO - Val time: 3.15s
[2026-06-19 22:18:14,489][finetune_logger][INFO] - Val time: 3.15s
2026-06-19 22:18:14 - finetune_logger - INFO - Val memory reserved: 36.00 MB
[2026-06-19 22:18:14,490][finetune_logger][INFO] - Val memory reserved: 36.00 MB
2026-06-19 22:18:14 - finetune_logger - INFO - Val memory allocated: 24.67 MB
[2026-06-19 22:18:14,490][finetune_logger][INFO] - Val memory allocated: 24.67 MB
2026-06-19 22:18:14 - finetune_logger - INFO - Logged epoch 10 info to /public/home/202411094934/python_project/Spatio-Temporal-Library/time-series/2026-06-19/patchtst/finetune20/exchange_rate/time-series/seed_2/training_log.json
[2026-06-19 22:18:14,492][finetune_logger][INFO] - Logged epoch 10 info to /public/home/202411094934/python_project/Spatio-Temporal-Library/time-series/2026-06-19/patchtst/finetune20/exchange_rate/time-series/seed_2/training_log.json
2026-06-19 22:18:22 - finetune_logger - INFO - Test metrics: {'MAE': 0.026389998643912508, 'RMSE': 0.040667257249602864}
[2026-06-19 22:18:22,266][finetune_logger][INFO] - Test metrics: {'MAE': 0.026389998643912508, 'RMSE': 0.040667257249602864}
2026-06-19 22:18:22 - finetune_logger - INFO - Test time: 7.75s
[2026-06-19 22:18:22,266][finetune_logger][INFO] - Test time: 7.75s
2026-06-19 22:18:22 - finetune_logger - INFO - Test memory reserved: 36.00 MB
[2026-06-19 22:18:22,266][finetune_logger][INFO] - Test memory reserved: 36.00 MB
2026-06-19 22:18:22 - finetune_logger - INFO - Test memory allocated: 24.67 MB
[2026-06-19 22:18:22,266][finetune_logger][INFO] - Test memory allocated: 24.67 MB
2026-06-19 22:18:22 - finetune_logger - INFO - Epoch 11/20
[2026-06-19 22:18:22,266][finetune_logger][INFO] - Epoch 11/20
2026-06-19 22:19:30 - finetune_logger - INFO - Train loss: 0.014147916254462146
[2026-06-19 22:19:30,371][finetune_logger][INFO] - Train loss: 0.014147916254462146
2026-06-19 22:19:30 - finetune_logger - INFO - Train time: 68.10399556159973s
[2026-06-19 22:19:30,371][finetune_logger][INFO] - Train time: 68.10399556159973s
2026-06-19 22:19:30 - finetune_logger - INFO - Train memory reserved: 36.00 MB
[2026-06-19 22:19:30,371][finetune_logger][INFO] - Train memory reserved: 36.00 MB
2026-06-19 22:19:30 - finetune_logger - INFO - Train memory allocated: 24.67 MB
[2026-06-19 22:19:30,371][finetune_logger][INFO] - Train memory allocated: 24.67 MB
2026-06-19 22:19:30 - finetune_logger - INFO - Current learning rate: 0.00025
[2026-06-19 22:19:30,371][finetune_logger][INFO] - Current learning rate: 0.00025
2026-06-19 22:19:33 - finetune_logger - INFO - Validation metrics: {'MAE': 0.032113610885326375, 'RMSE': 0.050021795046776785}
[2026-06-19 22:19:33,546][finetune_logger][INFO] - Validation metrics: {'MAE': 0.032113610885326375, 'RMSE': 0.050021795046776785}
2026-06-19 22:19:33 - finetune_logger - INFO - Val time: 3.17s
[2026-06-19 22:19:33,546][finetune_logger][INFO] - Val time: 3.17s
2026-06-19 22:19:33 - finetune_logger - INFO - Val memory reserved: 36.00 MB
[2026-06-19 22:19:33,546][finetune_logger][INFO] - Val memory reserved: 36.00 MB
2026-06-19 22:19:33 - finetune_logger - INFO - Val memory allocated: 24.67 MB
[2026-06-19 22:19:33,547][finetune_logger][INFO] - Val memory allocated: 24.67 MB
2026-06-19 22:19:33 - finetune_logger - INFO - Logged epoch 11 info to /public/home/202411094934/python_project/Spatio-Temporal-Library/time-series/2026-06-19/patchtst/finetune20/exchange_rate/time-series/seed_2/training_log.json
[2026-06-19 22:19:33,549][finetune_logger][INFO] - Logged epoch 11 info to /public/home/202411094934/python_project/Spatio-Temporal-Library/time-series/2026-06-19/patchtst/finetune20/exchange_rate/time-series/seed_2/training_log.json
2026-06-19 22:19:41 - finetune_logger - INFO - Test metrics: {'MAE': 0.028765129221638614, 'RMSE': 0.044347641727285794}
[2026-06-19 22:19:41,360][finetune_logger][INFO] - Test metrics: {'MAE': 0.028765129221638614, 'RMSE': 0.044347641727285794}
2026-06-19 22:19:41 - finetune_logger - INFO - Test time: 7.81s
[2026-06-19 22:19:41,361][finetune_logger][INFO] - Test time: 7.81s
2026-06-19 22:19:41 - finetune_logger - INFO - Test memory reserved: 36.00 MB
[2026-06-19 22:19:41,361][finetune_logger][INFO] - Test memory reserved: 36.00 MB
2026-06-19 22:19:41 - finetune_logger - INFO - Test memory allocated: 24.67 MB
[2026-06-19 22:19:41,361][finetune_logger][INFO] - Test memory allocated: 24.67 MB
2026-06-19 22:19:41 - finetune_logger - INFO - Epoch 12/20
[2026-06-19 22:19:41,361][finetune_logger][INFO] - Epoch 12/20
2026-06-19 22:20:49 - finetune_logger - INFO - Train loss: 0.013826361915838577
[2026-06-19 22:20:49,432][finetune_logger][INFO] - Train loss: 0.013826361915838577
2026-06-19 22:20:49 - finetune_logger - INFO - Train time: 68.07044053077698s
[2026-06-19 22:20:49,432][finetune_logger][INFO] - Train time: 68.07044053077698s
2026-06-19 22:20:49 - finetune_logger - INFO - Train memory reserved: 36.00 MB
[2026-06-19 22:20:49,432][finetune_logger][INFO] - Train memory reserved: 36.00 MB
2026-06-19 22:20:49 - finetune_logger - INFO - Train memory allocated: 24.67 MB
[2026-06-19 22:20:49,432][finetune_logger][INFO] - Train memory allocated: 24.67 MB
2026-06-19 22:20:49 - finetune_logger - INFO - Current learning rate: 0.00025
[2026-06-19 22:20:49,432][finetune_logger][INFO] - Current learning rate: 0.00025
2026-06-19 22:20:52 - finetune_logger - INFO - Validation metrics: {'MAE': 0.02810354794470029, 'RMSE': 0.04319637720556432}
[2026-06-19 22:20:52,611][finetune_logger][INFO] - Validation metrics: {'MAE': 0.02810354794470029, 'RMSE': 0.04319637720556432}
2026-06-19 22:20:52 - finetune_logger - INFO - Val time: 3.18s
[2026-06-19 22:20:52,611][finetune_logger][INFO] - Val time: 3.18s
2026-06-19 22:20:52 - finetune_logger - INFO - Val memory reserved: 36.00 MB
[2026-06-19 22:20:52,611][finetune_logger][INFO] - Val memory reserved: 36.00 MB
2026-06-19 22:20:52 - finetune_logger - INFO - Val memory allocated: 24.67 MB
[2026-06-19 22:20:52,612][finetune_logger][INFO] - Val memory allocated: 24.67 MB
2026-06-19 22:20:52 - finetune_logger - INFO - Logged epoch 12 info to /public/home/202411094934/python_project/Spatio-Temporal-Library/time-series/2026-06-19/patchtst/finetune20/exchange_rate/time-series/seed_2/training_log.json
[2026-06-19 22:20:52,614][finetune_logger][INFO] - Logged epoch 12 info to /public/home/202411094934/python_project/Spatio-Temporal-Library/time-series/2026-06-19/patchtst/finetune20/exchange_rate/time-series/seed_2/training_log.json
2026-06-19 22:21:00 - finetune_logger - INFO - Test metrics: {'MAE': 0.024813477213706647, 'RMSE': 0.03689387978402351}
[2026-06-19 22:21:00,410][finetune_logger][INFO] - Test metrics: {'MAE': 0.024813477213706647, 'RMSE': 0.03689387978402351}
2026-06-19 22:21:00 - finetune_logger - INFO - Test time: 7.79s
[2026-06-19 22:21:00,410][finetune_logger][INFO] - Test time: 7.79s
2026-06-19 22:21:00 - finetune_logger - INFO - Test memory reserved: 36.00 MB
[2026-06-19 22:21:00,410][finetune_logger][INFO] - Test memory reserved: 36.00 MB
2026-06-19 22:21:00 - finetune_logger - INFO - Test memory allocated: 24.67 MB
[2026-06-19 22:21:00,410][finetune_logger][INFO] - Test memory allocated: 24.67 MB
2026-06-19 22:21:00 - finetune_logger - INFO - Epoch 13/20
[2026-06-19 22:21:00,410][finetune_logger][INFO] - Epoch 13/20
2026-06-19 22:22:08 - finetune_logger - INFO - Train loss: 0.01347453500010815
[2026-06-19 22:22:08,517][finetune_logger][INFO] - Train loss: 0.01347453500010815
2026-06-19 22:22:08 - finetune_logger - INFO - Train time: 68.10668706893921s
[2026-06-19 22:22:08,518][finetune_logger][INFO] - Train time: 68.10668706893921s
2026-06-19 22:22:08 - finetune_logger - INFO - Train memory reserved: 36.00 MB
[2026-06-19 22:22:08,518][finetune_logger][INFO] - Train memory reserved: 36.00 MB
2026-06-19 22:22:08 - finetune_logger - INFO - Train memory allocated: 24.67 MB
[2026-06-19 22:22:08,518][finetune_logger][INFO] - Train memory allocated: 24.67 MB
2026-06-19 22:22:08 - finetune_logger - INFO - Current learning rate: 0.00025
[2026-06-19 22:22:08,518][finetune_logger][INFO] - Current learning rate: 0.00025
2026-06-19 22:22:11 - finetune_logger - INFO - Validation metrics: {'MAE': 0.028340381955279832, 'RMSE': 0.043898112738641984}
[2026-06-19 22:22:11,697][finetune_logger][INFO] - Validation metrics: {'MAE': 0.028340381955279832, 'RMSE': 0.043898112738641984}
2026-06-19 22:22:11 - finetune_logger - INFO - Val time: 3.18s
[2026-06-19 22:22:11,697][finetune_logger][INFO] - Val time: 3.18s
2026-06-19 22:22:11 - finetune_logger - INFO - Val memory reserved: 36.00 MB
[2026-06-19 22:22:11,697][finetune_logger][INFO] - Val memory reserved: 36.00 MB
2026-06-19 22:22:11 - finetune_logger - INFO - Val memory allocated: 24.67 MB
[2026-06-19 22:22:11,698][finetune_logger][INFO] - Val memory allocated: 24.67 MB
2026-06-19 22:22:11 - finetune_logger - INFO - Logged epoch 13 info to /public/home/202411094934/python_project/Spatio-Temporal-Library/time-series/2026-06-19/patchtst/finetune20/exchange_rate/time-series/seed_2/training_log.json
[2026-06-19 22:22:11,701][finetune_logger][INFO] - Logged epoch 13 info to /public/home/202411094934/python_project/Spatio-Temporal-Library/time-series/2026-06-19/patchtst/finetune20/exchange_rate/time-series/seed_2/training_log.json
2026-06-19 22:22:19 - finetune_logger - INFO - Test metrics: {'MAE': 0.024617819674018337, 'RMSE': 0.03654299344855674}
[2026-06-19 22:22:19,468][finetune_logger][INFO] - Test metrics: {'MAE': 0.024617819674018337, 'RMSE': 0.03654299344855674}
2026-06-19 22:22:19 - finetune_logger - INFO - Test time: 7.77s
[2026-06-19 22:22:19,469][finetune_logger][INFO] - Test time: 7.77s
2026-06-19 22:22:19 - finetune_logger - INFO - Test memory reserved: 36.00 MB
[2026-06-19 22:22:19,469][finetune_logger][INFO] - Test memory reserved: 36.00 MB
2026-06-19 22:22:19 - finetune_logger - INFO - Test memory allocated: 24.67 MB
[2026-06-19 22:22:19,469][finetune_logger][INFO] - Test memory allocated: 24.67 MB
2026-06-19 22:22:19 - finetune_logger - INFO - Epoch 14/20
[2026-06-19 22:22:19,469][finetune_logger][INFO] - Epoch 14/20
2026-06-19 22:23:27 - finetune_logger - INFO - Train loss: 0.013337016704122363
[2026-06-19 22:23:27,537][finetune_logger][INFO] - Train loss: 0.013337016704122363
2026-06-19 22:23:27 - finetune_logger - INFO - Train time: 68.06744647026062s
[2026-06-19 22:23:27,537][finetune_logger][INFO] - Train time: 68.06744647026062s
2026-06-19 22:23:27 - finetune_logger - INFO - Train memory reserved: 36.00 MB
[2026-06-19 22:23:27,537][finetune_logger][INFO] - Train memory reserved: 36.00 MB
2026-06-19 22:23:27 - finetune_logger - INFO - Train memory allocated: 24.67 MB
[2026-06-19 22:23:27,537][finetune_logger][INFO] - Train memory allocated: 24.67 MB
2026-06-19 22:23:27 - finetune_logger - INFO - Current learning rate: 0.00025
[2026-06-19 22:23:27,538][finetune_logger][INFO] - Current learning rate: 0.00025
2026-06-19 22:23:30 - finetune_logger - INFO - Validation metrics: {'MAE': 0.028860254916797584, 'RMSE': 0.04444415743275734}
[2026-06-19 22:23:30,739][finetune_logger][INFO] - Validation metrics: {'MAE': 0.028860254916797584, 'RMSE': 0.04444415743275734}
2026-06-19 22:23:30 - finetune_logger - INFO - Val time: 3.20s
[2026-06-19 22:23:30,739][finetune_logger][INFO] - Val time: 3.20s
2026-06-19 22:23:30 - finetune_logger - INFO - Val memory reserved: 36.00 MB
[2026-06-19 22:23:30,739][finetune_logger][INFO] - Val memory reserved: 36.00 MB
2026-06-19 22:23:30 - finetune_logger - INFO - Val memory allocated: 24.67 MB
[2026-06-19 22:23:30,739][finetune_logger][INFO] - Val memory allocated: 24.67 MB
2026-06-19 22:23:30 - finetune_logger - INFO - Logged epoch 14 info to /public/home/202411094934/python_project/Spatio-Temporal-Library/time-series/2026-06-19/patchtst/finetune20/exchange_rate/time-series/seed_2/training_log.json
[2026-06-19 22:23:30,742][finetune_logger][INFO] - Logged epoch 14 info to /public/home/202411094934/python_project/Spatio-Temporal-Library/time-series/2026-06-19/patchtst/finetune20/exchange_rate/time-series/seed_2/training_log.json
2026-06-19 22:23:38 - finetune_logger - INFO - Test metrics: {'MAE': 0.025393965118417287, 'RMSE': 0.038173867724069534}
[2026-06-19 22:23:38,538][finetune_logger][INFO] - Test metrics: {'MAE': 0.025393965118417287, 'RMSE': 0.038173867724069534}
2026-06-19 22:23:38 - finetune_logger - INFO - Test time: 7.80s
[2026-06-19 22:23:38,539][finetune_logger][INFO] - Test time: 7.80s
2026-06-19 22:23:38 - finetune_logger - INFO - Test memory reserved: 36.00 MB
[2026-06-19 22:23:38,539][finetune_logger][INFO] - Test memory reserved: 36.00 MB
2026-06-19 22:23:38 - finetune_logger - INFO - Test memory allocated: 24.67 MB
[2026-06-19 22:23:38,539][finetune_logger][INFO] - Test memory allocated: 24.67 MB
2026-06-19 22:23:38 - finetune_logger - INFO - Epoch 15/20
[2026-06-19 22:23:38,539][finetune_logger][INFO] - Epoch 15/20
2026-06-19 22:24:46 - finetune_logger - INFO - Train loss: 0.013112692853334147
[2026-06-19 22:24:46,589][finetune_logger][INFO] - Train loss: 0.013112692853334147
2026-06-19 22:24:46 - finetune_logger - INFO - Train time: 68.04942750930786s
[2026-06-19 22:24:46,589][finetune_logger][INFO] - Train time: 68.04942750930786s
2026-06-19 22:24:46 - finetune_logger - INFO - Train memory reserved: 36.00 MB
[2026-06-19 22:24:46,589][finetune_logger][INFO] - Train memory reserved: 36.00 MB
2026-06-19 22:24:46 - finetune_logger - INFO - Train memory allocated: 24.67 MB
[2026-06-19 22:24:46,589][finetune_logger][INFO] - Train memory allocated: 24.67 MB
2026-06-19 22:24:46 - finetune_logger - INFO - Current learning rate: 0.00025
[2026-06-19 22:24:46,589][finetune_logger][INFO] - Current learning rate: 0.00025
2026-06-19 22:24:49 - finetune_logger - INFO - Validation metrics: {'MAE': 0.02963562967777842, 'RMSE': 0.04562785757509309}
[2026-06-19 22:24:49,776][finetune_logger][INFO] - Validation metrics: {'MAE': 0.02963562967777842, 'RMSE': 0.04562785757509309}
2026-06-19 22:24:49 - finetune_logger - INFO - Val time: 3.19s
[2026-06-19 22:24:49,776][finetune_logger][INFO] - Val time: 3.19s
2026-06-19 22:24:49 - finetune_logger - INFO - Val memory reserved: 36.00 MB
[2026-06-19 22:24:49,776][finetune_logger][INFO] - Val memory reserved: 36.00 MB
2026-06-19 22:24:49 - finetune_logger - INFO - Val memory allocated: 24.67 MB
[2026-06-19 22:24:49,776][finetune_logger][INFO] - Val memory allocated: 24.67 MB
2026-06-19 22:24:49 - finetune_logger - INFO - Logged epoch 15 info to /public/home/202411094934/python_project/Spatio-Temporal-Library/time-series/2026-06-19/patchtst/finetune20/exchange_rate/time-series/seed_2/training_log.json
[2026-06-19 22:24:49,779][finetune_logger][INFO] - Logged epoch 15 info to /public/home/202411094934/python_project/Spatio-Temporal-Library/time-series/2026-06-19/patchtst/finetune20/exchange_rate/time-series/seed_2/training_log.json
2026-06-19 22:24:57 - finetune_logger - INFO - Test metrics: {'MAE': 0.02681138634068673, 'RMSE': 0.04203390774517502}
[2026-06-19 22:24:57,527][finetune_logger][INFO] - Test metrics: {'MAE': 0.02681138634068673, 'RMSE': 0.04203390774517502}
2026-06-19 22:24:57 - finetune_logger - INFO - Test time: 7.75s
[2026-06-19 22:24:57,528][finetune_logger][INFO] - Test time: 7.75s
2026-06-19 22:24:57 - finetune_logger - INFO - Test memory reserved: 36.00 MB
[2026-06-19 22:24:57,528][finetune_logger][INFO] - Test memory reserved: 36.00 MB
2026-06-19 22:24:57 - finetune_logger - INFO - Test memory allocated: 24.67 MB
[2026-06-19 22:24:57,528][finetune_logger][INFO] - Test memory allocated: 24.67 MB
2026-06-19 22:24:57 - finetune_logger - INFO - Epoch 16/20
[2026-06-19 22:24:57,528][finetune_logger][INFO] - Epoch 16/20
2026-06-19 22:26:05 - finetune_logger - INFO - Train loss: 0.01288361720412171
[2026-06-19 22:26:05,601][finetune_logger][INFO] - Train loss: 0.01288361720412171
2026-06-19 22:26:05 - finetune_logger - INFO - Train time: 68.0723168849945s
[2026-06-19 22:26:05,601][finetune_logger][INFO] - Train time: 68.0723168849945s
2026-06-19 22:26:05 - finetune_logger - INFO - Train memory reserved: 36.00 MB
[2026-06-19 22:26:05,601][finetune_logger][INFO] - Train memory reserved: 36.00 MB
2026-06-19 22:26:05 - finetune_logger - INFO - Train memory allocated: 24.67 MB
[2026-06-19 22:26:05,601][finetune_logger][INFO] - Train memory allocated: 24.67 MB
2026-06-19 22:26:05 - finetune_logger - INFO - Current learning rate: 0.00025
[2026-06-19 22:26:05,601][finetune_logger][INFO] - Current learning rate: 0.00025
2026-06-19 22:26:08 - finetune_logger - INFO - Validation metrics: {'MAE': 0.028195136410015705, 'RMSE': 0.04327125249663835}
[2026-06-19 22:26:08,801][finetune_logger][INFO] - Validation metrics: {'MAE': 0.028195136410015705, 'RMSE': 0.04327125249663835}
2026-06-19 22:26:08 - finetune_logger - INFO - Val time: 3.20s
[2026-06-19 22:26:08,801][finetune_logger][INFO] - Val time: 3.20s
2026-06-19 22:26:08 - finetune_logger - INFO - Val memory reserved: 36.00 MB
[2026-06-19 22:26:08,801][finetune_logger][INFO] - Val memory reserved: 36.00 MB
2026-06-19 22:26:08 - finetune_logger - INFO - Val memory allocated: 24.67 MB
[2026-06-19 22:26:08,801][finetune_logger][INFO] - Val memory allocated: 24.67 MB
2026-06-19 22:26:08 - finetune_logger - INFO - Logged epoch 16 info to /public/home/202411094934/python_project/Spatio-Temporal-Library/time-series/2026-06-19/patchtst/finetune20/exchange_rate/time-series/seed_2/training_log.json
[2026-06-19 22:26:08,804][finetune_logger][INFO] - Logged epoch 16 info to /public/home/202411094934/python_project/Spatio-Temporal-Library/time-series/2026-06-19/patchtst/finetune20/exchange_rate/time-series/seed_2/training_log.json
2026-06-19 22:26:16 - finetune_logger - INFO - Test metrics: {'MAE': 0.025000200452890097, 'RMSE': 0.03742420786985816}
[2026-06-19 22:26:16,570][finetune_logger][INFO] - Test metrics: {'MAE': 0.025000200452890097, 'RMSE': 0.03742420786985816}
2026-06-19 22:26:16 - finetune_logger - INFO - Test time: 7.77s
[2026-06-19 22:26:16,570][finetune_logger][INFO] - Test time: 7.77s
2026-06-19 22:26:16 - finetune_logger - INFO - Test memory reserved: 36.00 MB
[2026-06-19 22:26:16,570][finetune_logger][INFO] - Test memory reserved: 36.00 MB
2026-06-19 22:26:16 - finetune_logger - INFO - Test memory allocated: 24.67 MB
[2026-06-19 22:26:16,571][finetune_logger][INFO] - Test memory allocated: 24.67 MB
2026-06-19 22:26:16 - finetune_logger - INFO - Epoch 17/20
[2026-06-19 22:26:16,571][finetune_logger][INFO] - Epoch 17/20
2026-06-19 22:27:24 - finetune_logger - INFO - Train loss: 0.012714938416725536
[2026-06-19 22:27:24,596][finetune_logger][INFO] - Train loss: 0.012714938416725536
2026-06-19 22:27:24 - finetune_logger - INFO - Train time: 68.02467465400696s
[2026-06-19 22:27:24,596][finetune_logger][INFO] - Train time: 68.02467465400696s
2026-06-19 22:27:24 - finetune_logger - INFO - Train memory reserved: 36.00 MB
[2026-06-19 22:27:24,596][finetune_logger][INFO] - Train memory reserved: 36.00 MB
2026-06-19 22:27:24 - finetune_logger - INFO - Train memory allocated: 24.67 MB
[2026-06-19 22:27:24,596][finetune_logger][INFO] - Train memory allocated: 24.67 MB
2026-06-19 22:27:24 - finetune_logger - INFO - Current learning rate: 0.00025
[2026-06-19 22:27:24,596][finetune_logger][INFO] - Current learning rate: 0.00025
2026-06-19 22:27:27 - finetune_logger - INFO - Validation metrics: {'MAE': 0.03135524219675935, 'RMSE': 0.04853411075505412}
[2026-06-19 22:27:27,775][finetune_logger][INFO] - Validation metrics: {'MAE': 0.03135524219675935, 'RMSE': 0.04853411075505412}
2026-06-19 22:27:27 - finetune_logger - INFO - Val time: 3.18s
[2026-06-19 22:27:27,775][finetune_logger][INFO] - Val time: 3.18s
2026-06-19 22:27:27 - finetune_logger - INFO - Val memory reserved: 36.00 MB
[2026-06-19 22:27:27,775][finetune_logger][INFO] - Val memory reserved: 36.00 MB
2026-06-19 22:27:27 - finetune_logger - INFO - Val memory allocated: 24.67 MB
[2026-06-19 22:27:27,776][finetune_logger][INFO] - Val memory allocated: 24.67 MB
2026-06-19 22:27:27 - finetune_logger - INFO - Logged epoch 17 info to /public/home/202411094934/python_project/Spatio-Temporal-Library/time-series/2026-06-19/patchtst/finetune20/exchange_rate/time-series/seed_2/training_log.json
[2026-06-19 22:27:27,779][finetune_logger][INFO] - Logged epoch 17 info to /public/home/202411094934/python_project/Spatio-Temporal-Library/time-series/2026-06-19/patchtst/finetune20/exchange_rate/time-series/seed_2/training_log.json
2026-06-19 22:27:35 - finetune_logger - INFO - Test metrics: {'MAE': 0.028048692582045502, 'RMSE': 0.04279915135076752}
[2026-06-19 22:27:35,514][finetune_logger][INFO] - Test metrics: {'MAE': 0.028048692582045502, 'RMSE': 0.04279915135076752}
2026-06-19 22:27:35 - finetune_logger - INFO - Test time: 7.73s
[2026-06-19 22:27:35,514][finetune_logger][INFO] - Test time: 7.73s
2026-06-19 22:27:35 - finetune_logger - INFO - Test memory reserved: 36.00 MB
[2026-06-19 22:27:35,514][finetune_logger][INFO] - Test memory reserved: 36.00 MB
2026-06-19 22:27:35 - finetune_logger - INFO - Test memory allocated: 24.67 MB
[2026-06-19 22:27:35,515][finetune_logger][INFO] - Test memory allocated: 24.67 MB
2026-06-19 22:27:35 - finetune_logger - INFO - Epoch 18/20
[2026-06-19 22:27:35,515][finetune_logger][INFO] - Epoch 18/20
2026-06-19 22:28:43 - finetune_logger - INFO - Train loss: 0.01251942351610762
[2026-06-19 22:28:43,552][finetune_logger][INFO] - Train loss: 0.01251942351610762
2026-06-19 22:28:43 - finetune_logger - INFO - Train time: 68.03662753105164s
[2026-06-19 22:28:43,552][finetune_logger][INFO] - Train time: 68.03662753105164s
2026-06-19 22:28:43 - finetune_logger - INFO - Train memory reserved: 36.00 MB
[2026-06-19 22:28:43,552][finetune_logger][INFO] - Train memory reserved: 36.00 MB
2026-06-19 22:28:43 - finetune_logger - INFO - Train memory allocated: 24.67 MB
[2026-06-19 22:28:43,552][finetune_logger][INFO] - Train memory allocated: 24.67 MB
2026-06-19 22:28:43 - finetune_logger - INFO - Current learning rate: 0.00025
[2026-06-19 22:28:43,552][finetune_logger][INFO] - Current learning rate: 0.00025
2026-06-19 22:28:46 - finetune_logger - INFO - Validation metrics: {'MAE': 0.03139372585826437, 'RMSE': 0.04824150199992637}
[2026-06-19 22:28:46,762][finetune_logger][INFO] - Validation metrics: {'MAE': 0.03139372585826437, 'RMSE': 0.04824150199992637}
2026-06-19 22:28:46 - finetune_logger - INFO - Val time: 3.21s
[2026-06-19 22:28:46,763][finetune_logger][INFO] - Val time: 3.21s
2026-06-19 22:28:46 - finetune_logger - INFO - Val memory reserved: 36.00 MB
[2026-06-19 22:28:46,763][finetune_logger][INFO] - Val memory reserved: 36.00 MB
2026-06-19 22:28:46 - finetune_logger - INFO - Val memory allocated: 24.67 MB
[2026-06-19 22:28:46,763][finetune_logger][INFO] - Val memory allocated: 24.67 MB
2026-06-19 22:28:46 - finetune_logger - INFO - Logged epoch 18 info to /public/home/202411094934/python_project/Spatio-Temporal-Library/time-series/2026-06-19/patchtst/finetune20/exchange_rate/time-series/seed_2/training_log.json
[2026-06-19 22:28:46,766][finetune_logger][INFO] - Logged epoch 18 info to /public/home/202411094934/python_project/Spatio-Temporal-Library/time-series/2026-06-19/patchtst/finetune20/exchange_rate/time-series/seed_2/training_log.json
2026-06-19 22:28:54 - finetune_logger - INFO - Test metrics: {'MAE': 0.027384925044224285, 'RMSE': 0.04193087322991101}
[2026-06-19 22:28:54,520][finetune_logger][INFO] - Test metrics: {'MAE': 0.027384925044224285, 'RMSE': 0.04193087322991101}
2026-06-19 22:28:54 - finetune_logger - INFO - Test time: 7.75s
[2026-06-19 22:28:54,521][finetune_logger][INFO] - Test time: 7.75s
2026-06-19 22:28:54 - finetune_logger - INFO - Test memory reserved: 36.00 MB
[2026-06-19 22:28:54,521][finetune_logger][INFO] - Test memory reserved: 36.00 MB
2026-06-19 22:28:54 - finetune_logger - INFO - Test memory allocated: 24.67 MB
[2026-06-19 22:28:54,521][finetune_logger][INFO] - Test memory allocated: 24.67 MB
2026-06-19 22:28:54 - finetune_logger - INFO - Epoch 19/20
[2026-06-19 22:28:54,521][finetune_logger][INFO] - Epoch 19/20
2026-06-19 22:30:02 - finetune_logger - INFO - Train loss: 0.012367483514694072
[2026-06-19 22:30:02,737][finetune_logger][INFO] - Train loss: 0.012367483514694072
2026-06-19 22:30:02 - finetune_logger - INFO - Train time: 68.21576189994812s
[2026-06-19 22:30:02,737][finetune_logger][INFO] - Train time: 68.21576189994812s
2026-06-19 22:30:02 - finetune_logger - INFO - Train memory reserved: 36.00 MB
[2026-06-19 22:30:02,738][finetune_logger][INFO] - Train memory reserved: 36.00 MB
2026-06-19 22:30:02 - finetune_logger - INFO - Train memory allocated: 24.67 MB
[2026-06-19 22:30:02,738][finetune_logger][INFO] - Train memory allocated: 24.67 MB
2026-06-19 22:30:02 - finetune_logger - INFO - Current learning rate: 0.00025
[2026-06-19 22:30:02,738][finetune_logger][INFO] - Current learning rate: 0.00025
2026-06-19 22:30:05 - finetune_logger - INFO - Validation metrics: {'MAE': 0.03066086291407734, 'RMSE': 0.04695344717051119}
[2026-06-19 22:30:05,943][finetune_logger][INFO] - Validation metrics: {'MAE': 0.03066086291407734, 'RMSE': 0.04695344717051119}
2026-06-19 22:30:05 - finetune_logger - INFO - Val time: 3.20s
[2026-06-19 22:30:05,943][finetune_logger][INFO] - Val time: 3.20s
2026-06-19 22:30:05 - finetune_logger - INFO - Val memory reserved: 36.00 MB
[2026-06-19 22:30:05,943][finetune_logger][INFO] - Val memory reserved: 36.00 MB
2026-06-19 22:30:05 - finetune_logger - INFO - Val memory allocated: 24.67 MB
[2026-06-19 22:30:05,944][finetune_logger][INFO] - Val memory allocated: 24.67 MB
2026-06-19 22:30:05 - finetune_logger - INFO - Logged epoch 19 info to /public/home/202411094934/python_project/Spatio-Temporal-Library/time-series/2026-06-19/patchtst/finetune20/exchange_rate/time-series/seed_2/training_log.json
[2026-06-19 22:30:05,947][finetune_logger][INFO] - Logged epoch 19 info to /public/home/202411094934/python_project/Spatio-Temporal-Library/time-series/2026-06-19/patchtst/finetune20/exchange_rate/time-series/seed_2/training_log.json
2026-06-19 22:30:13 - finetune_logger - INFO - Test metrics: {'MAE': 0.02723340738102013, 'RMSE': 0.04297878078400175}
[2026-06-19 22:30:13,689][finetune_logger][INFO] - Test metrics: {'MAE': 0.02723340738102013, 'RMSE': 0.04297878078400175}
2026-06-19 22:30:13 - finetune_logger - INFO - Test time: 7.74s
[2026-06-19 22:30:13,689][finetune_logger][INFO] - Test time: 7.74s
2026-06-19 22:30:13 - finetune_logger - INFO - Test memory reserved: 36.00 MB
[2026-06-19 22:30:13,689][finetune_logger][INFO] - Test memory reserved: 36.00 MB
2026-06-19 22:30:13 - finetune_logger - INFO - Test memory allocated: 24.67 MB
[2026-06-19 22:30:13,690][finetune_logger][INFO] - Test memory allocated: 24.67 MB
2026-06-19 22:30:13 - finetune_logger - INFO - Epoch 20/20
[2026-06-19 22:30:13,690][finetune_logger][INFO] - Epoch 20/20
2026-06-19 22:31:21 - finetune_logger - INFO - Train loss: 0.012260184742018827
[2026-06-19 22:31:21,791][finetune_logger][INFO] - Train loss: 0.012260184742018827
2026-06-19 22:31:21 - finetune_logger - INFO - Train time: 68.10102272033691s
[2026-06-19 22:31:21,791][finetune_logger][INFO] - Train time: 68.10102272033691s
2026-06-19 22:31:21 - finetune_logger - INFO - Train memory reserved: 36.00 MB
[2026-06-19 22:31:21,792][finetune_logger][INFO] - Train memory reserved: 36.00 MB
2026-06-19 22:31:21 - finetune_logger - INFO - Train memory allocated: 24.67 MB
[2026-06-19 22:31:21,792][finetune_logger][INFO] - Train memory allocated: 24.67 MB
2026-06-19 22:31:21 - finetune_logger - INFO - Current learning rate: 0.00025
[2026-06-19 22:31:21,792][finetune_logger][INFO] - Current learning rate: 0.00025
2026-06-19 22:31:24 - finetune_logger - INFO - Validation metrics: {'MAE': 0.03091440979894954, 'RMSE': 0.04796183848046282}
[2026-06-19 22:31:24,980][finetune_logger][INFO] - Validation metrics: {'MAE': 0.03091440979894954, 'RMSE': 0.04796183848046282}
2026-06-19 22:31:24 - finetune_logger - INFO - Val time: 3.19s
[2026-06-19 22:31:24,981][finetune_logger][INFO] - Val time: 3.19s
2026-06-19 22:31:24 - finetune_logger - INFO - Val memory reserved: 36.00 MB
[2026-06-19 22:31:24,981][finetune_logger][INFO] - Val memory reserved: 36.00 MB
2026-06-19 22:31:24 - finetune_logger - INFO - Val memory allocated: 24.67 MB
[2026-06-19 22:31:24,981][finetune_logger][INFO] - Val memory allocated: 24.67 MB
2026-06-19 22:31:24 - finetune_logger - INFO - Logged epoch 20 info to /public/home/202411094934/python_project/Spatio-Temporal-Library/time-series/2026-06-19/patchtst/finetune20/exchange_rate/time-series/seed_2/training_log.json
[2026-06-19 22:31:24,984][finetune_logger][INFO] - Logged epoch 20 info to /public/home/202411094934/python_project/Spatio-Temporal-Library/time-series/2026-06-19/patchtst/finetune20/exchange_rate/time-series/seed_2/training_log.json
2026-06-19 22:31:32 - finetune_logger - INFO - Test metrics: {'MAE': 0.02934740987588659, 'RMSE': 0.047386473619461626}
[2026-06-19 22:31:32,729][finetune_logger][INFO] - Test metrics: {'MAE': 0.02934740987588659, 'RMSE': 0.047386473619461626}
2026-06-19 22:31:32 - finetune_logger - INFO - Test time: 7.72s
[2026-06-19 22:31:32,729][finetune_logger][INFO] - Test time: 7.72s
2026-06-19 22:31:32 - finetune_logger - INFO - Test memory reserved: 36.00 MB
[2026-06-19 22:31:32,729][finetune_logger][INFO] - Test memory reserved: 36.00 MB
2026-06-19 22:31:32 - finetune_logger - INFO - Test memory allocated: 24.67 MB
[2026-06-19 22:31:32,730][finetune_logger][INFO] - Test memory allocated: 24.67 MB
2026-06-19 22:31:32 - finetune_logger - INFO - Training completed. Best epoch: 1, Best val loss: 0.026277
[2026-06-19 22:31:32,730][finetune_logger][INFO] - Training completed. Best epoch: 1, Best val loss: 0.026277
2026-06-19 22:31:32 - finetune_logger - INFO - Loaded checkpoint from epoch 1
[2026-06-19 22:31:32,769][finetune_logger][INFO] - Loaded checkpoint from epoch 1
2026-06-19 22:31:32 - finetune_logger - INFO - Evaluating best model on test sets...
[2026-06-19 22:31:32,769][finetune_logger][INFO] - Evaluating best model on test sets...
2026-06-19 22:31:40 - finetune_logger - INFO - Test metrics: {'MAE': 0.022441086384373473, 'RMSE': 0.03363195076861863}
[2026-06-19 22:31:40,496][finetune_logger][INFO] - Test metrics: {'MAE': 0.022441086384373473, 'RMSE': 0.03363195076861863}
2026-06-19 22:31:40 - finetune_logger - INFO - Test time: 7.73s
[2026-06-19 22:31:40,496][finetune_logger][INFO] - Test time: 7.73s
2026-06-19 22:31:40 - finetune_logger - INFO - Test memory reserved: 38.00 MB
[2026-06-19 22:31:40,496][finetune_logger][INFO] - Test memory reserved: 38.00 MB
2026-06-19 22:31:40 - finetune_logger - INFO - Test memory allocated: 24.70 MB
[2026-06-19 22:31:40,496][finetune_logger][INFO] - Test memory allocated: 24.70 MB
2026-06-19 22:31:40 - finetune_logger - INFO - Logged epoch test info to /public/home/202411094934/python_project/Spatio-Temporal-Library/time-series/2026-06-19/patchtst/finetune20/exchange_rate/time-series/seed_2/training_log.json
[2026-06-19 22:31:40,499][finetune_logger][INFO] - Logged epoch test info to /public/home/202411094934/python_project/Spatio-Temporal-Library/time-series/2026-06-19/patchtst/finetune20/exchange_rate/time-series/seed_2/training_log.json
