2026-06-30 09:07:51 - finetune_logger - INFO - No pretrained checkpoint is provided. Finetuning from scratch.
[2026-06-30 09:07:51,981][finetune_logger][INFO] - No pretrained checkpoint is provided. Finetuning from scratch.
2026-06-30 09:07:51 - finetune_logger - INFO - Model parameters: 385,928
[2026-06-30 09:07:51,984][finetune_logger][INFO] - Model parameters: 385,928
2026-06-30 09:07:51 - finetune_logger - INFO - Created new log file at /public/home/202411094934/python_project/Spatio-Temporal-Library/time-series/2026-06-30/fedformer/finetune20/exchange_rate/time-series/seed_1/training_log.json
[2026-06-30 09:07:51,988][finetune_logger][INFO] - Created new log file at /public/home/202411094934/python_project/Spatio-Temporal-Library/time-series/2026-06-30/fedformer/finetune20/exchange_rate/time-series/seed_1/training_log.json
2026-06-30 09:07:51 - finetune_logger - INFO - Starting training...
[2026-06-30 09:07:51,988][finetune_logger][INFO] - Starting training...
2026-06-30 09:07:51 - finetune_logger - INFO - Epoch 1/20
[2026-06-30 09:07:51,988][finetune_logger][INFO] - Epoch 1/20
2026-06-30 21:22:46 - finetune_logger - INFO - No pretrained checkpoint is provided. Finetuning from scratch.
[2026-06-30 21:22:46,644][finetune_logger][INFO] - No pretrained checkpoint is provided. Finetuning from scratch.
2026-06-30 21:22:46 - finetune_logger - INFO - Model parameters: 385,928
[2026-06-30 21:22:46,649][finetune_logger][INFO] - Model parameters: 385,928
2026-06-30 21:22:46 - finetune_logger - INFO - Log file already exists at /public/home/202411094934/python_project/Spatio-Temporal-Library/time-series/2026-06-30/fedformer/finetune20/exchange_rate/time-series/seed_1/training_log.json, appending to it.
[2026-06-30 21:22:46,650][finetune_logger][INFO] - Log file already exists at /public/home/202411094934/python_project/Spatio-Temporal-Library/time-series/2026-06-30/fedformer/finetune20/exchange_rate/time-series/seed_1/training_log.json, appending to it.
2026-06-30 21:22:46 - finetune_logger - INFO - Starting training...
[2026-06-30 21:22:46,650][finetune_logger][INFO] - Starting training...
2026-06-30 21:22:46 - finetune_logger - INFO - Epoch 1/20
[2026-06-30 21:22:46,650][finetune_logger][INFO] - Epoch 1/20
2026-06-30 21:56:23 - finetune_logger - INFO - Train loss: 0.07611559012711726
[2026-06-30 21:56:23,572][finetune_logger][INFO] - Train loss: 0.07611559012711726
2026-06-30 21:56:23 - finetune_logger - INFO - Train time: 2016.920175075531s
[2026-06-30 21:56:23,573][finetune_logger][INFO] - Train time: 2016.920175075531s
2026-06-30 21:56:23 - finetune_logger - INFO - Train memory reserved: 64.00 MB
[2026-06-30 21:56:23,573][finetune_logger][INFO] - Train memory reserved: 64.00 MB
2026-06-30 21:56:23 - finetune_logger - INFO - Train memory allocated: 22.81 MB
[2026-06-30 21:56:23,573][finetune_logger][INFO] - Train memory allocated: 22.81 MB
2026-06-30 21:56:23 - finetune_logger - INFO - Current learning rate: 0.0005
[2026-06-30 21:56:23,573][finetune_logger][INFO] - Current learning rate: 0.0005
2026-06-30 21:57:11 - finetune_logger - INFO - Validation metrics: {'MAE': 0.03146128420149592, 'RMSE': 0.04467902017783221}
[2026-06-30 21:57:11,634][finetune_logger][INFO] - Validation metrics: {'MAE': 0.03146128420149592, 'RMSE': 0.04467902017783221}
2026-06-30 21:57:11 - finetune_logger - INFO - Val time: 48.06s
[2026-06-30 21:57:11,635][finetune_logger][INFO] - Val time: 48.06s
2026-06-30 21:57:11 - finetune_logger - INFO - Val memory reserved: 64.00 MB
[2026-06-30 21:57:11,635][finetune_logger][INFO] - Val memory reserved: 64.00 MB
2026-06-30 21:57:11 - finetune_logger - INFO - Val memory allocated: 22.81 MB
[2026-06-30 21:57:11,635][finetune_logger][INFO] - Val memory allocated: 22.81 MB
2026-06-30 21:57:11 - finetune_logger - INFO - Logged epoch 1 info to /public/home/202411094934/python_project/Spatio-Temporal-Library/time-series/2026-06-30/fedformer/finetune20/exchange_rate/time-series/seed_1/training_log.json
[2026-06-30 21:57:11,640][finetune_logger][INFO] - Logged epoch 1 info to /public/home/202411094934/python_project/Spatio-Temporal-Library/time-series/2026-06-30/fedformer/finetune20/exchange_rate/time-series/seed_1/training_log.json
2026-06-30 21:57:11 - finetune_logger - INFO - New best model! Val loss: 0.031461
[2026-06-30 21:57:11,640][finetune_logger][INFO] - New best model! Val loss: 0.031461
2026-06-30 21:59:11 - finetune_logger - INFO - Test metrics: {'MAE': 0.031159916334148875, 'RMSE': 0.04400172336704892}
[2026-06-30 21:59:11,804][finetune_logger][INFO] - Test metrics: {'MAE': 0.031159916334148875, 'RMSE': 0.04400172336704892}
2026-06-30 21:59:11 - finetune_logger - INFO - Test time: 120.11s
[2026-06-30 21:59:11,805][finetune_logger][INFO] - Test time: 120.11s
2026-06-30 21:59:11 - finetune_logger - INFO - Test memory reserved: 64.00 MB
[2026-06-30 21:59:11,805][finetune_logger][INFO] - Test memory reserved: 64.00 MB
2026-06-30 21:59:11 - finetune_logger - INFO - Test memory allocated: 22.81 MB
[2026-06-30 21:59:11,805][finetune_logger][INFO] - Test memory allocated: 22.81 MB
2026-06-30 21:59:11 - finetune_logger - INFO - Epoch 2/20
[2026-06-30 21:59:11,805][finetune_logger][INFO] - Epoch 2/20
2026-06-30 22:32:35 - finetune_logger - INFO - Train loss: 0.04068243269634704
[2026-06-30 22:32:35,741][finetune_logger][INFO] - Train loss: 0.04068243269634704
2026-06-30 22:32:35 - finetune_logger - INFO - Train time: 2003.9350755214691s
[2026-06-30 22:32:35,741][finetune_logger][INFO] - Train time: 2003.9350755214691s
2026-06-30 22:32:35 - finetune_logger - INFO - Train memory reserved: 64.00 MB
[2026-06-30 22:32:35,741][finetune_logger][INFO] - Train memory reserved: 64.00 MB
2026-06-30 22:32:35 - finetune_logger - INFO - Train memory allocated: 22.81 MB
[2026-06-30 22:32:35,741][finetune_logger][INFO] - Train memory allocated: 22.81 MB
2026-06-30 22:32:35 - finetune_logger - INFO - Current learning rate: 0.0005
[2026-06-30 22:32:35,741][finetune_logger][INFO] - Current learning rate: 0.0005
2026-06-30 22:33:23 - finetune_logger - INFO - Validation metrics: {'MAE': 0.030924219167819077, 'RMSE': 0.04424615533167041}
[2026-06-30 22:33:23,794][finetune_logger][INFO] - Validation metrics: {'MAE': 0.030924219167819077, 'RMSE': 0.04424615533167041}
2026-06-30 22:33:23 - finetune_logger - INFO - Val time: 48.05s
[2026-06-30 22:33:23,794][finetune_logger][INFO] - Val time: 48.05s
2026-06-30 22:33:23 - finetune_logger - INFO - Val memory reserved: 64.00 MB
[2026-06-30 22:33:23,794][finetune_logger][INFO] - Val memory reserved: 64.00 MB
2026-06-30 22:33:23 - finetune_logger - INFO - Val memory allocated: 22.81 MB
[2026-06-30 22:33:23,794][finetune_logger][INFO] - Val memory allocated: 22.81 MB
2026-06-30 22:33:23 - finetune_logger - INFO - Logged epoch 2 info to /public/home/202411094934/python_project/Spatio-Temporal-Library/time-series/2026-06-30/fedformer/finetune20/exchange_rate/time-series/seed_1/training_log.json
[2026-06-30 22:33:23,797][finetune_logger][INFO] - Logged epoch 2 info to /public/home/202411094934/python_project/Spatio-Temporal-Library/time-series/2026-06-30/fedformer/finetune20/exchange_rate/time-series/seed_1/training_log.json
2026-06-30 22:33:23 - finetune_logger - INFO - New best model! Val loss: 0.030924
[2026-06-30 22:33:23,797][finetune_logger][INFO] - New best model! Val loss: 0.030924
2026-06-30 22:35:24 - finetune_logger - INFO - Test metrics: {'MAE': 0.03179305286111329, 'RMSE': 0.044786888963094885}
[2026-06-30 22:35:24,684][finetune_logger][INFO] - Test metrics: {'MAE': 0.03179305286111329, 'RMSE': 0.044786888963094885}
2026-06-30 22:35:24 - finetune_logger - INFO - Test time: 120.83s
[2026-06-30 22:35:24,685][finetune_logger][INFO] - Test time: 120.83s
2026-06-30 22:35:24 - finetune_logger - INFO - Test memory reserved: 64.00 MB
[2026-06-30 22:35:24,685][finetune_logger][INFO] - Test memory reserved: 64.00 MB
2026-06-30 22:35:24 - finetune_logger - INFO - Test memory allocated: 22.81 MB
[2026-06-30 22:35:24,685][finetune_logger][INFO] - Test memory allocated: 22.81 MB
2026-06-30 22:35:24 - finetune_logger - INFO - Epoch 3/20
[2026-06-30 22:35:24,685][finetune_logger][INFO] - Epoch 3/20
2026-06-30 23:09:14 - finetune_logger - INFO - Train loss: 0.03605392826275277
[2026-06-30 23:09:14,255][finetune_logger][INFO] - Train loss: 0.03605392826275277
2026-06-30 23:09:14 - finetune_logger - INFO - Train time: 2029.5677781105042s
[2026-06-30 23:09:14,255][finetune_logger][INFO] - Train time: 2029.5677781105042s
2026-06-30 23:09:14 - finetune_logger - INFO - Train memory reserved: 64.00 MB
[2026-06-30 23:09:14,255][finetune_logger][INFO] - Train memory reserved: 64.00 MB
2026-06-30 23:09:14 - finetune_logger - INFO - Train memory allocated: 22.81 MB
[2026-06-30 23:09:14,256][finetune_logger][INFO] - Train memory allocated: 22.81 MB
2026-06-30 23:09:14 - finetune_logger - INFO - Current learning rate: 0.0005
[2026-06-30 23:09:14,256][finetune_logger][INFO] - Current learning rate: 0.0005
2026-06-30 23:10:02 - finetune_logger - INFO - Validation metrics: {'MAE': 0.031018536430496558, 'RMSE': 0.04429251444016845}
[2026-06-30 23:10:02,115][finetune_logger][INFO] - Validation metrics: {'MAE': 0.031018536430496558, 'RMSE': 0.04429251444016845}
2026-06-30 23:10:02 - finetune_logger - INFO - Val time: 47.86s
[2026-06-30 23:10:02,115][finetune_logger][INFO] - Val time: 47.86s
2026-06-30 23:10:02 - finetune_logger - INFO - Val memory reserved: 64.00 MB
[2026-06-30 23:10:02,115][finetune_logger][INFO] - Val memory reserved: 64.00 MB
2026-06-30 23:10:02 - finetune_logger - INFO - Val memory allocated: 22.81 MB
[2026-06-30 23:10:02,115][finetune_logger][INFO] - Val memory allocated: 22.81 MB
2026-06-30 23:10:02 - finetune_logger - INFO - Logged epoch 3 info to /public/home/202411094934/python_project/Spatio-Temporal-Library/time-series/2026-06-30/fedformer/finetune20/exchange_rate/time-series/seed_1/training_log.json
[2026-06-30 23:10:02,118][finetune_logger][INFO] - Logged epoch 3 info to /public/home/202411094934/python_project/Spatio-Temporal-Library/time-series/2026-06-30/fedformer/finetune20/exchange_rate/time-series/seed_1/training_log.json
2026-06-30 23:12:02 - finetune_logger - INFO - Test metrics: {'MAE': 0.03091395084519243, 'RMSE': 0.045106150610726085}
[2026-06-30 23:12:02,725][finetune_logger][INFO] - Test metrics: {'MAE': 0.03091395084519243, 'RMSE': 0.045106150610726085}
2026-06-30 23:12:02 - finetune_logger - INFO - Test time: 120.61s
[2026-06-30 23:12:02,725][finetune_logger][INFO] - Test time: 120.61s
2026-06-30 23:12:02 - finetune_logger - INFO - Test memory reserved: 64.00 MB
[2026-06-30 23:12:02,725][finetune_logger][INFO] - Test memory reserved: 64.00 MB
2026-06-30 23:12:02 - finetune_logger - INFO - Test memory allocated: 22.81 MB
[2026-06-30 23:12:02,726][finetune_logger][INFO] - Test memory allocated: 22.81 MB
2026-06-30 23:12:02 - finetune_logger - INFO - Epoch 4/20
[2026-06-30 23:12:02,726][finetune_logger][INFO] - Epoch 4/20
2026-06-30 23:45:47 - finetune_logger - INFO - Train loss: 0.03420139327619496
[2026-06-30 23:45:47,082][finetune_logger][INFO] - Train loss: 0.03420139327619496
2026-06-30 23:45:47 - finetune_logger - INFO - Train time: 2024.3554587364197s
[2026-06-30 23:45:47,082][finetune_logger][INFO] - Train time: 2024.3554587364197s
2026-06-30 23:45:47 - finetune_logger - INFO - Train memory reserved: 64.00 MB
[2026-06-30 23:45:47,082][finetune_logger][INFO] - Train memory reserved: 64.00 MB
2026-06-30 23:45:47 - finetune_logger - INFO - Train memory allocated: 22.81 MB
[2026-06-30 23:45:47,083][finetune_logger][INFO] - Train memory allocated: 22.81 MB
2026-06-30 23:45:47 - finetune_logger - INFO - Current learning rate: 0.0005
[2026-06-30 23:45:47,083][finetune_logger][INFO] - Current learning rate: 0.0005
2026-06-30 23:46:35 - finetune_logger - INFO - Validation metrics: {'MAE': 0.0291325586772048, 'RMSE': 0.042857049918079974}
[2026-06-30 23:46:35,280][finetune_logger][INFO] - Validation metrics: {'MAE': 0.0291325586772048, 'RMSE': 0.042857049918079974}
2026-06-30 23:46:35 - finetune_logger - INFO - Val time: 48.20s
[2026-06-30 23:46:35,280][finetune_logger][INFO] - Val time: 48.20s
2026-06-30 23:46:35 - finetune_logger - INFO - Val memory reserved: 64.00 MB
[2026-06-30 23:46:35,280][finetune_logger][INFO] - Val memory reserved: 64.00 MB
2026-06-30 23:46:35 - finetune_logger - INFO - Val memory allocated: 22.81 MB
[2026-06-30 23:46:35,280][finetune_logger][INFO] - Val memory allocated: 22.81 MB
2026-06-30 23:46:35 - finetune_logger - INFO - Logged epoch 4 info to /public/home/202411094934/python_project/Spatio-Temporal-Library/time-series/2026-06-30/fedformer/finetune20/exchange_rate/time-series/seed_1/training_log.json
[2026-06-30 23:46:35,283][finetune_logger][INFO] - Logged epoch 4 info to /public/home/202411094934/python_project/Spatio-Temporal-Library/time-series/2026-06-30/fedformer/finetune20/exchange_rate/time-series/seed_1/training_log.json
2026-06-30 23:46:35 - finetune_logger - INFO - New best model! Val loss: 0.029133
[2026-06-30 23:46:35,284][finetune_logger][INFO] - New best model! Val loss: 0.029133
2026-06-30 23:48:35 - finetune_logger - INFO - Test metrics: {'MAE': 0.030890976608571652, 'RMSE': 0.04395751139485042}
[2026-06-30 23:48:35,300][finetune_logger][INFO] - Test metrics: {'MAE': 0.030890976608571652, 'RMSE': 0.04395751139485042}
2026-06-30 23:48:35 - finetune_logger - INFO - Test time: 119.96s
[2026-06-30 23:48:35,300][finetune_logger][INFO] - Test time: 119.96s
2026-06-30 23:48:35 - finetune_logger - INFO - Test memory reserved: 64.00 MB
[2026-06-30 23:48:35,301][finetune_logger][INFO] - Test memory reserved: 64.00 MB
2026-06-30 23:48:35 - finetune_logger - INFO - Test memory allocated: 22.81 MB
[2026-06-30 23:48:35,301][finetune_logger][INFO] - Test memory allocated: 22.81 MB
2026-06-30 23:48:35 - finetune_logger - INFO - Epoch 5/20
[2026-06-30 23:48:35,301][finetune_logger][INFO] - Epoch 5/20
2026-07-01 00:22:20 - finetune_logger - INFO - Train loss: 0.032774616213908696
[2026-07-01 00:22:20,440][finetune_logger][INFO] - Train loss: 0.032774616213908696
2026-07-01 00:22:20 - finetune_logger - INFO - Train time: 2025.1371445655823s
[2026-07-01 00:22:20,440][finetune_logger][INFO] - Train time: 2025.1371445655823s
2026-07-01 00:22:20 - finetune_logger - INFO - Train memory reserved: 64.00 MB
[2026-07-01 00:22:20,440][finetune_logger][INFO] - Train memory reserved: 64.00 MB
2026-07-01 00:22:20 - finetune_logger - INFO - Train memory allocated: 22.81 MB
[2026-07-01 00:22:20,440][finetune_logger][INFO] - Train memory allocated: 22.81 MB
2026-07-01 00:22:20 - finetune_logger - INFO - Current learning rate: 0.0005
[2026-07-01 00:22:20,440][finetune_logger][INFO] - Current learning rate: 0.0005
2026-07-01 00:23:08 - finetune_logger - INFO - Validation metrics: {'MAE': 0.027746202261233404, 'RMSE': 0.04057020536636854}
[2026-07-01 00:23:08,262][finetune_logger][INFO] - Validation metrics: {'MAE': 0.027746202261233404, 'RMSE': 0.04057020536636854}
2026-07-01 00:23:08 - finetune_logger - INFO - Val time: 47.82s
[2026-07-01 00:23:08,262][finetune_logger][INFO] - Val time: 47.82s
2026-07-01 00:23:08 - finetune_logger - INFO - Val memory reserved: 64.00 MB
[2026-07-01 00:23:08,262][finetune_logger][INFO] - Val memory reserved: 64.00 MB
2026-07-01 00:23:08 - finetune_logger - INFO - Val memory allocated: 22.81 MB
[2026-07-01 00:23:08,262][finetune_logger][INFO] - Val memory allocated: 22.81 MB
2026-07-01 00:23:08 - finetune_logger - INFO - Logged epoch 5 info to /public/home/202411094934/python_project/Spatio-Temporal-Library/time-series/2026-06-30/fedformer/finetune20/exchange_rate/time-series/seed_1/training_log.json
[2026-07-01 00:23:08,266][finetune_logger][INFO] - Logged epoch 5 info to /public/home/202411094934/python_project/Spatio-Temporal-Library/time-series/2026-06-30/fedformer/finetune20/exchange_rate/time-series/seed_1/training_log.json
2026-07-01 00:23:08 - finetune_logger - INFO - New best model! Val loss: 0.027746
[2026-07-01 00:23:08,266][finetune_logger][INFO] - New best model! Val loss: 0.027746
2026-07-01 00:25:09 - finetune_logger - INFO - Test metrics: {'MAE': 0.02886444119562667, 'RMSE': 0.04263746857575344}
[2026-07-01 00:25:09,431][finetune_logger][INFO] - Test metrics: {'MAE': 0.02886444119562667, 'RMSE': 0.04263746857575344}
2026-07-01 00:25:09 - finetune_logger - INFO - Test time: 121.11s
[2026-07-01 00:25:09,431][finetune_logger][INFO] - Test time: 121.11s
2026-07-01 00:25:09 - finetune_logger - INFO - Test memory reserved: 64.00 MB
[2026-07-01 00:25:09,431][finetune_logger][INFO] - Test memory reserved: 64.00 MB
2026-07-01 00:25:09 - finetune_logger - INFO - Test memory allocated: 22.81 MB
[2026-07-01 00:25:09,431][finetune_logger][INFO] - Test memory allocated: 22.81 MB
2026-07-01 00:25:09 - finetune_logger - INFO - Epoch 6/20
[2026-07-01 00:25:09,431][finetune_logger][INFO] - Epoch 6/20
2026-07-01 00:58:53 - finetune_logger - INFO - Train loss: 0.029933238610893333
[2026-07-01 00:58:53,874][finetune_logger][INFO] - Train loss: 0.029933238610893333
2026-07-01 00:58:53 - finetune_logger - INFO - Train time: 2024.440467596054s
[2026-07-01 00:58:53,874][finetune_logger][INFO] - Train time: 2024.440467596054s
2026-07-01 00:58:53 - finetune_logger - INFO - Train memory reserved: 64.00 MB
[2026-07-01 00:58:53,874][finetune_logger][INFO] - Train memory reserved: 64.00 MB
2026-07-01 00:58:53 - finetune_logger - INFO - Train memory allocated: 22.81 MB
[2026-07-01 00:58:53,874][finetune_logger][INFO] - Train memory allocated: 22.81 MB
2026-07-01 00:58:53 - finetune_logger - INFO - Current learning rate: 0.0005
[2026-07-01 00:58:53,874][finetune_logger][INFO] - Current learning rate: 0.0005
2026-07-01 00:59:41 - finetune_logger - INFO - Validation metrics: {'MAE': 0.029828542243563412, 'RMSE': 0.0429648072023693}
[2026-07-01 00:59:41,635][finetune_logger][INFO] - Validation metrics: {'MAE': 0.029828542243563412, 'RMSE': 0.0429648072023693}
2026-07-01 00:59:41 - finetune_logger - INFO - Val time: 47.76s
[2026-07-01 00:59:41,635][finetune_logger][INFO] - Val time: 47.76s
2026-07-01 00:59:41 - finetune_logger - INFO - Val memory reserved: 64.00 MB
[2026-07-01 00:59:41,636][finetune_logger][INFO] - Val memory reserved: 64.00 MB
2026-07-01 00:59:41 - finetune_logger - INFO - Val memory allocated: 22.81 MB
[2026-07-01 00:59:41,636][finetune_logger][INFO] - Val memory allocated: 22.81 MB
2026-07-01 00:59:41 - finetune_logger - INFO - Logged epoch 6 info to /public/home/202411094934/python_project/Spatio-Temporal-Library/time-series/2026-06-30/fedformer/finetune20/exchange_rate/time-series/seed_1/training_log.json
[2026-07-01 00:59:41,639][finetune_logger][INFO] - Logged epoch 6 info to /public/home/202411094934/python_project/Spatio-Temporal-Library/time-series/2026-06-30/fedformer/finetune20/exchange_rate/time-series/seed_1/training_log.json
2026-07-01 01:01:42 - finetune_logger - INFO - Test metrics: {'MAE': 0.028057686636029887, 'RMSE': 0.041738110827282016}
[2026-07-01 01:01:42,030][finetune_logger][INFO] - Test metrics: {'MAE': 0.028057686636029887, 'RMSE': 0.041738110827282016}
2026-07-01 01:01:42 - finetune_logger - INFO - Test time: 120.39s
[2026-07-01 01:01:42,031][finetune_logger][INFO] - Test time: 120.39s
2026-07-01 01:01:42 - finetune_logger - INFO - Test memory reserved: 64.00 MB
[2026-07-01 01:01:42,031][finetune_logger][INFO] - Test memory reserved: 64.00 MB
2026-07-01 01:01:42 - finetune_logger - INFO - Test memory allocated: 22.81 MB
[2026-07-01 01:01:42,031][finetune_logger][INFO] - Test memory allocated: 22.81 MB
2026-07-01 01:01:42 - finetune_logger - INFO - Epoch 7/20
[2026-07-01 01:01:42,031][finetune_logger][INFO] - Epoch 7/20
2026-07-01 01:34:43 - finetune_logger - INFO - Train loss: 0.029290011797698443
[2026-07-01 01:34:43,391][finetune_logger][INFO] - Train loss: 0.029290011797698443
2026-07-01 01:34:43 - finetune_logger - INFO - Train time: 1981.3598511219025s
[2026-07-01 01:34:43,392][finetune_logger][INFO] - Train time: 1981.3598511219025s
2026-07-01 01:34:43 - finetune_logger - INFO - Train memory reserved: 64.00 MB
[2026-07-01 01:34:43,392][finetune_logger][INFO] - Train memory reserved: 64.00 MB
2026-07-01 01:34:43 - finetune_logger - INFO - Train memory allocated: 22.81 MB
[2026-07-01 01:34:43,392][finetune_logger][INFO] - Train memory allocated: 22.81 MB
2026-07-01 01:34:43 - finetune_logger - INFO - Current learning rate: 0.0005
[2026-07-01 01:34:43,392][finetune_logger][INFO] - Current learning rate: 0.0005
2026-07-01 01:35:30 - finetune_logger - INFO - Validation metrics: {'MAE': 0.029469876594574833, 'RMSE': 0.04252594936024361}
[2026-07-01 01:35:30,995][finetune_logger][INFO] - Validation metrics: {'MAE': 0.029469876594574833, 'RMSE': 0.04252594936024361}
2026-07-01 01:35:30 - finetune_logger - INFO - Val time: 47.60s
[2026-07-01 01:35:30,995][finetune_logger][INFO] - Val time: 47.60s
2026-07-01 01:35:30 - finetune_logger - INFO - Val memory reserved: 64.00 MB
[2026-07-01 01:35:30,995][finetune_logger][INFO] - Val memory reserved: 64.00 MB
2026-07-01 01:35:30 - finetune_logger - INFO - Val memory allocated: 22.81 MB
[2026-07-01 01:35:30,995][finetune_logger][INFO] - Val memory allocated: 22.81 MB
2026-07-01 01:35:30 - finetune_logger - INFO - Logged epoch 7 info to /public/home/202411094934/python_project/Spatio-Temporal-Library/time-series/2026-06-30/fedformer/finetune20/exchange_rate/time-series/seed_1/training_log.json
[2026-07-01 01:35:30,999][finetune_logger][INFO] - Logged epoch 7 info to /public/home/202411094934/python_project/Spatio-Temporal-Library/time-series/2026-06-30/fedformer/finetune20/exchange_rate/time-series/seed_1/training_log.json
2026-07-01 01:37:29 - finetune_logger - INFO - Test metrics: {'MAE': 0.028353300868810567, 'RMSE': 0.041744443300604575}
[2026-07-01 01:37:29,993][finetune_logger][INFO] - Test metrics: {'MAE': 0.028353300868810567, 'RMSE': 0.041744443300604575}
2026-07-01 01:37:29 - finetune_logger - INFO - Test time: 118.99s
[2026-07-01 01:37:29,994][finetune_logger][INFO] - Test time: 118.99s
2026-07-01 01:37:29 - finetune_logger - INFO - Test memory reserved: 64.00 MB
[2026-07-01 01:37:29,994][finetune_logger][INFO] - Test memory reserved: 64.00 MB
2026-07-01 01:37:29 - finetune_logger - INFO - Test memory allocated: 22.81 MB
[2026-07-01 01:37:29,994][finetune_logger][INFO] - Test memory allocated: 22.81 MB
2026-07-01 01:37:29 - finetune_logger - INFO - Epoch 8/20
[2026-07-01 01:37:29,994][finetune_logger][INFO] - Epoch 8/20
2026-07-01 02:11:15 - finetune_logger - INFO - Train loss: 0.029417607709109547
[2026-07-01 02:11:15,105][finetune_logger][INFO] - Train loss: 0.029417607709109547
2026-07-01 02:11:15 - finetune_logger - INFO - Train time: 2025.1093657016754s
[2026-07-01 02:11:15,106][finetune_logger][INFO] - Train time: 2025.1093657016754s
2026-07-01 02:11:15 - finetune_logger - INFO - Train memory reserved: 64.00 MB
[2026-07-01 02:11:15,106][finetune_logger][INFO] - Train memory reserved: 64.00 MB
2026-07-01 02:11:15 - finetune_logger - INFO - Train memory allocated: 22.81 MB
[2026-07-01 02:11:15,106][finetune_logger][INFO] - Train memory allocated: 22.81 MB
2026-07-01 02:11:15 - finetune_logger - INFO - Current learning rate: 0.0005
[2026-07-01 02:11:15,106][finetune_logger][INFO] - Current learning rate: 0.0005
2026-07-01 02:12:03 - finetune_logger - INFO - Validation metrics: {'MAE': 0.02861909508690327, 'RMSE': 0.04169596732773668}
[2026-07-01 02:12:03,419][finetune_logger][INFO] - Validation metrics: {'MAE': 0.02861909508690327, 'RMSE': 0.04169596732773668}
2026-07-01 02:12:03 - finetune_logger - INFO - Val time: 48.31s
[2026-07-01 02:12:03,419][finetune_logger][INFO] - Val time: 48.31s
2026-07-01 02:12:03 - finetune_logger - INFO - Val memory reserved: 64.00 MB
[2026-07-01 02:12:03,420][finetune_logger][INFO] - Val memory reserved: 64.00 MB
2026-07-01 02:12:03 - finetune_logger - INFO - Val memory allocated: 22.81 MB
[2026-07-01 02:12:03,420][finetune_logger][INFO] - Val memory allocated: 22.81 MB
2026-07-01 02:12:03 - finetune_logger - INFO - Logged epoch 8 info to /public/home/202411094934/python_project/Spatio-Temporal-Library/time-series/2026-06-30/fedformer/finetune20/exchange_rate/time-series/seed_1/training_log.json
[2026-07-01 02:12:03,423][finetune_logger][INFO] - Logged epoch 8 info to /public/home/202411094934/python_project/Spatio-Temporal-Library/time-series/2026-06-30/fedformer/finetune20/exchange_rate/time-series/seed_1/training_log.json
2026-07-01 02:14:03 - finetune_logger - INFO - Test metrics: {'MAE': 0.026460793901594414, 'RMSE': 0.03940490042036282}
[2026-07-01 02:14:03,647][finetune_logger][INFO] - Test metrics: {'MAE': 0.026460793901594414, 'RMSE': 0.03940490042036282}
2026-07-01 02:14:03 - finetune_logger - INFO - Test time: 120.22s
[2026-07-01 02:14:03,647][finetune_logger][INFO] - Test time: 120.22s
2026-07-01 02:14:03 - finetune_logger - INFO - Test memory reserved: 64.00 MB
[2026-07-01 02:14:03,647][finetune_logger][INFO] - Test memory reserved: 64.00 MB
2026-07-01 02:14:03 - finetune_logger - INFO - Test memory allocated: 22.81 MB
[2026-07-01 02:14:03,647][finetune_logger][INFO] - Test memory allocated: 22.81 MB
2026-07-01 02:14:03 - finetune_logger - INFO - Epoch 9/20
[2026-07-01 02:14:03,647][finetune_logger][INFO] - Epoch 9/20
2026-07-01 02:47:48 - finetune_logger - INFO - Train loss: 0.028859567348079
[2026-07-01 02:47:48,355][finetune_logger][INFO] - Train loss: 0.028859567348079
2026-07-01 02:47:48 - finetune_logger - INFO - Train time: 2024.7071874141693s
[2026-07-01 02:47:48,355][finetune_logger][INFO] - Train time: 2024.7071874141693s
2026-07-01 02:47:48 - finetune_logger - INFO - Train memory reserved: 64.00 MB
[2026-07-01 02:47:48,356][finetune_logger][INFO] - Train memory reserved: 64.00 MB
2026-07-01 02:47:48 - finetune_logger - INFO - Train memory allocated: 22.81 MB
[2026-07-01 02:47:48,356][finetune_logger][INFO] - Train memory allocated: 22.81 MB
2026-07-01 02:47:48 - finetune_logger - INFO - Current learning rate: 0.0005
[2026-07-01 02:47:48,356][finetune_logger][INFO] - Current learning rate: 0.0005
2026-07-01 02:48:36 - finetune_logger - INFO - Validation metrics: {'MAE': 0.03150688571703601, 'RMSE': 0.045605470920740646}
[2026-07-01 02:48:36,361][finetune_logger][INFO] - Validation metrics: {'MAE': 0.03150688571703601, 'RMSE': 0.045605470920740646}
2026-07-01 02:48:36 - finetune_logger - INFO - Val time: 48.00s
[2026-07-01 02:48:36,362][finetune_logger][INFO] - Val time: 48.00s
2026-07-01 02:48:36 - finetune_logger - INFO - Val memory reserved: 64.00 MB
[2026-07-01 02:48:36,362][finetune_logger][INFO] - Val memory reserved: 64.00 MB
2026-07-01 02:48:36 - finetune_logger - INFO - Val memory allocated: 22.81 MB
[2026-07-01 02:48:36,362][finetune_logger][INFO] - Val memory allocated: 22.81 MB
2026-07-01 02:48:36 - finetune_logger - INFO - Logged epoch 9 info to /public/home/202411094934/python_project/Spatio-Temporal-Library/time-series/2026-06-30/fedformer/finetune20/exchange_rate/time-series/seed_1/training_log.json
[2026-07-01 02:48:36,365][finetune_logger][INFO] - Logged epoch 9 info to /public/home/202411094934/python_project/Spatio-Temporal-Library/time-series/2026-06-30/fedformer/finetune20/exchange_rate/time-series/seed_1/training_log.json
2026-07-01 02:50:36 - finetune_logger - INFO - Test metrics: {'MAE': 0.02816185086178651, 'RMSE': 0.042425149001027784}
[2026-07-01 02:50:36,025][finetune_logger][INFO] - Test metrics: {'MAE': 0.02816185086178651, 'RMSE': 0.042425149001027784}
2026-07-01 02:50:36 - finetune_logger - INFO - Test time: 119.66s
[2026-07-01 02:50:36,025][finetune_logger][INFO] - Test time: 119.66s
2026-07-01 02:50:36 - finetune_logger - INFO - Test memory reserved: 64.00 MB
[2026-07-01 02:50:36,025][finetune_logger][INFO] - Test memory reserved: 64.00 MB
2026-07-01 02:50:36 - finetune_logger - INFO - Test memory allocated: 22.81 MB
[2026-07-01 02:50:36,025][finetune_logger][INFO] - Test memory allocated: 22.81 MB
2026-07-01 02:50:36 - finetune_logger - INFO - Epoch 10/20
[2026-07-01 02:50:36,025][finetune_logger][INFO] - Epoch 10/20
2026-07-01 03:24:25 - finetune_logger - INFO - Train loss: 0.029331682229641463
[2026-07-01 03:24:25,469][finetune_logger][INFO] - Train loss: 0.029331682229641463
2026-07-01 03:24:25 - finetune_logger - INFO - Train time: 2029.4420857429504s
[2026-07-01 03:24:25,470][finetune_logger][INFO] - Train time: 2029.4420857429504s
2026-07-01 03:24:25 - finetune_logger - INFO - Train memory reserved: 64.00 MB
[2026-07-01 03:24:25,470][finetune_logger][INFO] - Train memory reserved: 64.00 MB
2026-07-01 03:24:25 - finetune_logger - INFO - Train memory allocated: 22.81 MB
[2026-07-01 03:24:25,470][finetune_logger][INFO] - Train memory allocated: 22.81 MB
2026-07-01 03:24:25 - finetune_logger - INFO - Current learning rate: 0.0005
[2026-07-01 03:24:25,470][finetune_logger][INFO] - Current learning rate: 0.0005
2026-07-01 03:25:13 - finetune_logger - INFO - Validation metrics: {'MAE': 0.031244533130932377, 'RMSE': 0.04582881873425381}
[2026-07-01 03:25:13,684][finetune_logger][INFO] - Validation metrics: {'MAE': 0.031244533130932377, 'RMSE': 0.04582881873425381}
2026-07-01 03:25:13 - finetune_logger - INFO - Val time: 48.21s
[2026-07-01 03:25:13,684][finetune_logger][INFO] - Val time: 48.21s
2026-07-01 03:25:13 - finetune_logger - INFO - Val memory reserved: 64.00 MB
[2026-07-01 03:25:13,685][finetune_logger][INFO] - Val memory reserved: 64.00 MB
2026-07-01 03:25:13 - finetune_logger - INFO - Val memory allocated: 22.81 MB
[2026-07-01 03:25:13,685][finetune_logger][INFO] - Val memory allocated: 22.81 MB
2026-07-01 03:25:13 - finetune_logger - INFO - Logged epoch 10 info to /public/home/202411094934/python_project/Spatio-Temporal-Library/time-series/2026-06-30/fedformer/finetune20/exchange_rate/time-series/seed_1/training_log.json
[2026-07-01 03:25:13,688][finetune_logger][INFO] - Logged epoch 10 info to /public/home/202411094934/python_project/Spatio-Temporal-Library/time-series/2026-06-30/fedformer/finetune20/exchange_rate/time-series/seed_1/training_log.json
2026-07-01 03:27:13 - finetune_logger - INFO - Test metrics: {'MAE': 0.02742234974601481, 'RMSE': 0.04069693048802922}
[2026-07-01 03:27:13,843][finetune_logger][INFO] - Test metrics: {'MAE': 0.02742234974601481, 'RMSE': 0.04069693048802922}
2026-07-01 03:27:13 - finetune_logger - INFO - Test time: 120.12s
[2026-07-01 03:27:13,843][finetune_logger][INFO] - Test time: 120.12s
2026-07-01 03:27:13 - finetune_logger - INFO - Test memory reserved: 64.00 MB
[2026-07-01 03:27:13,843][finetune_logger][INFO] - Test memory reserved: 64.00 MB
2026-07-01 03:27:13 - finetune_logger - INFO - Test memory allocated: 22.81 MB
[2026-07-01 03:27:13,843][finetune_logger][INFO] - Test memory allocated: 22.81 MB
2026-07-01 03:27:13 - finetune_logger - INFO - Epoch 11/20
[2026-07-01 03:27:13,843][finetune_logger][INFO] - Epoch 11/20
2026-07-01 04:00:59 - finetune_logger - INFO - Train loss: 0.02863897342080848
[2026-07-01 04:00:59,827][finetune_logger][INFO] - Train loss: 0.02863897342080848
2026-07-01 04:00:59 - finetune_logger - INFO - Train time: 2025.982680797577s
[2026-07-01 04:00:59,828][finetune_logger][INFO] - Train time: 2025.982680797577s
2026-07-01 04:00:59 - finetune_logger - INFO - Train memory reserved: 64.00 MB
[2026-07-01 04:00:59,828][finetune_logger][INFO] - Train memory reserved: 64.00 MB
2026-07-01 04:00:59 - finetune_logger - INFO - Train memory allocated: 22.81 MB
[2026-07-01 04:00:59,828][finetune_logger][INFO] - Train memory allocated: 22.81 MB
2026-07-01 04:00:59 - finetune_logger - INFO - Current learning rate: 0.00025
[2026-07-01 04:00:59,828][finetune_logger][INFO] - Current learning rate: 0.00025
2026-07-01 04:01:48 - finetune_logger - INFO - Validation metrics: {'MAE': 0.030307728300985715, 'RMSE': 0.0444236166930755}
[2026-07-01 04:01:48,004][finetune_logger][INFO] - Validation metrics: {'MAE': 0.030307728300985715, 'RMSE': 0.0444236166930755}
2026-07-01 04:01:48 - finetune_logger - INFO - Val time: 48.18s
[2026-07-01 04:01:48,004][finetune_logger][INFO] - Val time: 48.18s
2026-07-01 04:01:48 - finetune_logger - INFO - Val memory reserved: 64.00 MB
[2026-07-01 04:01:48,004][finetune_logger][INFO] - Val memory reserved: 64.00 MB
2026-07-01 04:01:48 - finetune_logger - INFO - Val memory allocated: 22.81 MB
[2026-07-01 04:01:48,004][finetune_logger][INFO] - Val memory allocated: 22.81 MB
2026-07-01 04:01:48 - finetune_logger - INFO - Logged epoch 11 info to /public/home/202411094934/python_project/Spatio-Temporal-Library/time-series/2026-06-30/fedformer/finetune20/exchange_rate/time-series/seed_1/training_log.json
[2026-07-01 04:01:48,007][finetune_logger][INFO] - Logged epoch 11 info to /public/home/202411094934/python_project/Spatio-Temporal-Library/time-series/2026-06-30/fedformer/finetune20/exchange_rate/time-series/seed_1/training_log.json
2026-07-01 04:03:48 - finetune_logger - INFO - Test metrics: {'MAE': 0.02620147571963837, 'RMSE': 0.039824989465908206}
[2026-07-01 04:03:48,057][finetune_logger][INFO] - Test metrics: {'MAE': 0.02620147571963837, 'RMSE': 0.039824989465908206}
2026-07-01 04:03:48 - finetune_logger - INFO - Test time: 120.05s
[2026-07-01 04:03:48,058][finetune_logger][INFO] - Test time: 120.05s
2026-07-01 04:03:48 - finetune_logger - INFO - Test memory reserved: 64.00 MB
[2026-07-01 04:03:48,058][finetune_logger][INFO] - Test memory reserved: 64.00 MB
2026-07-01 04:03:48 - finetune_logger - INFO - Test memory allocated: 22.81 MB
[2026-07-01 04:03:48,058][finetune_logger][INFO] - Test memory allocated: 22.81 MB
2026-07-01 04:03:48 - finetune_logger - INFO - Epoch 12/20
[2026-07-01 04:03:48,058][finetune_logger][INFO] - Epoch 12/20
2026-07-01 04:37:35 - finetune_logger - INFO - Train loss: 0.028478988482398715
[2026-07-01 04:37:35,765][finetune_logger][INFO] - Train loss: 0.028478988482398715
2026-07-01 04:37:35 - finetune_logger - INFO - Train time: 2027.7047626972198s
[2026-07-01 04:37:35,765][finetune_logger][INFO] - Train time: 2027.7047626972198s
2026-07-01 04:37:35 - finetune_logger - INFO - Train memory reserved: 64.00 MB
[2026-07-01 04:37:35,765][finetune_logger][INFO] - Train memory reserved: 64.00 MB
2026-07-01 04:37:35 - finetune_logger - INFO - Train memory allocated: 22.81 MB
[2026-07-01 04:37:35,765][finetune_logger][INFO] - Train memory allocated: 22.81 MB
2026-07-01 04:37:35 - finetune_logger - INFO - Current learning rate: 0.00025
[2026-07-01 04:37:35,765][finetune_logger][INFO] - Current learning rate: 0.00025
2026-07-01 04:38:23 - finetune_logger - INFO - Validation metrics: {'MAE': 0.029459913492676754, 'RMSE': 0.04284349286088172}
[2026-07-01 04:38:23,928][finetune_logger][INFO] - Validation metrics: {'MAE': 0.029459913492676754, 'RMSE': 0.04284349286088172}
2026-07-01 04:38:23 - finetune_logger - INFO - Val time: 48.16s
[2026-07-01 04:38:23,929][finetune_logger][INFO] - Val time: 48.16s
2026-07-01 04:38:23 - finetune_logger - INFO - Val memory reserved: 64.00 MB
[2026-07-01 04:38:23,929][finetune_logger][INFO] - Val memory reserved: 64.00 MB
2026-07-01 04:38:23 - finetune_logger - INFO - Val memory allocated: 22.81 MB
[2026-07-01 04:38:23,929][finetune_logger][INFO] - Val memory allocated: 22.81 MB
2026-07-01 04:38:23 - finetune_logger - INFO - Logged epoch 12 info to /public/home/202411094934/python_project/Spatio-Temporal-Library/time-series/2026-06-30/fedformer/finetune20/exchange_rate/time-series/seed_1/training_log.json
[2026-07-01 04:38:23,932][finetune_logger][INFO] - Logged epoch 12 info to /public/home/202411094934/python_project/Spatio-Temporal-Library/time-series/2026-06-30/fedformer/finetune20/exchange_rate/time-series/seed_1/training_log.json
2026-07-01 04:40:23 - finetune_logger - INFO - Test metrics: {'MAE': 0.02603585783854905, 'RMSE': 0.03926116621189561}
[2026-07-01 04:40:23,736][finetune_logger][INFO] - Test metrics: {'MAE': 0.02603585783854905, 'RMSE': 0.03926116621189561}
2026-07-01 04:40:23 - finetune_logger - INFO - Test time: 119.80s
[2026-07-01 04:40:23,736][finetune_logger][INFO] - Test time: 119.80s
2026-07-01 04:40:23 - finetune_logger - INFO - Test memory reserved: 64.00 MB
[2026-07-01 04:40:23,736][finetune_logger][INFO] - Test memory reserved: 64.00 MB
2026-07-01 04:40:23 - finetune_logger - INFO - Test memory allocated: 22.81 MB
[2026-07-01 04:40:23,737][finetune_logger][INFO] - Test memory allocated: 22.81 MB
2026-07-01 04:40:23 - finetune_logger - INFO - Epoch 13/20
[2026-07-01 04:40:23,737][finetune_logger][INFO] - Epoch 13/20
2026-07-01 05:14:10 - finetune_logger - INFO - Train loss: 0.028236900878991923
[2026-07-01 05:14:10,380][finetune_logger][INFO] - Train loss: 0.028236900878991923
2026-07-01 05:14:10 - finetune_logger - INFO - Train time: 2026.6414210796356s
[2026-07-01 05:14:10,380][finetune_logger][INFO] - Train time: 2026.6414210796356s
2026-07-01 05:14:10 - finetune_logger - INFO - Train memory reserved: 64.00 MB
[2026-07-01 05:14:10,381][finetune_logger][INFO] - Train memory reserved: 64.00 MB
2026-07-01 05:14:10 - finetune_logger - INFO - Train memory allocated: 22.81 MB
[2026-07-01 05:14:10,381][finetune_logger][INFO] - Train memory allocated: 22.81 MB
2026-07-01 05:14:10 - finetune_logger - INFO - Current learning rate: 0.00025
[2026-07-01 05:14:10,381][finetune_logger][INFO] - Current learning rate: 0.00025
2026-07-01 05:14:58 - finetune_logger - INFO - Validation metrics: {'MAE': 0.03025017660962893, 'RMSE': 0.04352647048711899}
[2026-07-01 05:14:58,717][finetune_logger][INFO] - Validation metrics: {'MAE': 0.03025017660962893, 'RMSE': 0.04352647048711899}
2026-07-01 05:14:58 - finetune_logger - INFO - Val time: 48.34s
[2026-07-01 05:14:58,717][finetune_logger][INFO] - Val time: 48.34s
2026-07-01 05:14:58 - finetune_logger - INFO - Val memory reserved: 64.00 MB
[2026-07-01 05:14:58,717][finetune_logger][INFO] - Val memory reserved: 64.00 MB
2026-07-01 05:14:58 - finetune_logger - INFO - Val memory allocated: 22.81 MB
[2026-07-01 05:14:58,717][finetune_logger][INFO] - Val memory allocated: 22.81 MB
2026-07-01 05:14:58 - finetune_logger - INFO - Logged epoch 13 info to /public/home/202411094934/python_project/Spatio-Temporal-Library/time-series/2026-06-30/fedformer/finetune20/exchange_rate/time-series/seed_1/training_log.json
[2026-07-01 05:14:58,721][finetune_logger][INFO] - Logged epoch 13 info to /public/home/202411094934/python_project/Spatio-Temporal-Library/time-series/2026-06-30/fedformer/finetune20/exchange_rate/time-series/seed_1/training_log.json
2026-07-01 05:16:59 - finetune_logger - INFO - Test metrics: {'MAE': 0.02707490050145481, 'RMSE': 0.040159747550482065}
[2026-07-01 05:16:59,115][finetune_logger][INFO] - Test metrics: {'MAE': 0.02707490050145481, 'RMSE': 0.040159747550482065}
2026-07-01 05:16:59 - finetune_logger - INFO - Test time: 120.39s
[2026-07-01 05:16:59,116][finetune_logger][INFO] - Test time: 120.39s
2026-07-01 05:16:59 - finetune_logger - INFO - Test memory reserved: 64.00 MB
[2026-07-01 05:16:59,116][finetune_logger][INFO] - Test memory reserved: 64.00 MB
2026-07-01 05:16:59 - finetune_logger - INFO - Test memory allocated: 22.81 MB
[2026-07-01 05:16:59,116][finetune_logger][INFO] - Test memory allocated: 22.81 MB
2026-07-01 05:16:59 - finetune_logger - INFO - Epoch 14/20
[2026-07-01 05:16:59,116][finetune_logger][INFO] - Epoch 14/20
2026-07-01 05:50:31 - finetune_logger - INFO - Train loss: 0.02818592412388416
[2026-07-01 05:50:31,576][finetune_logger][INFO] - Train loss: 0.02818592412388416
2026-07-01 05:50:31 - finetune_logger - INFO - Train time: 2012.4579422473907s
[2026-07-01 05:50:31,576][finetune_logger][INFO] - Train time: 2012.4579422473907s
2026-07-01 05:50:31 - finetune_logger - INFO - Train memory reserved: 64.00 MB
[2026-07-01 05:50:31,576][finetune_logger][INFO] - Train memory reserved: 64.00 MB
2026-07-01 05:50:31 - finetune_logger - INFO - Train memory allocated: 22.81 MB
[2026-07-01 05:50:31,577][finetune_logger][INFO] - Train memory allocated: 22.81 MB
2026-07-01 05:50:31 - finetune_logger - INFO - Current learning rate: 0.00025
[2026-07-01 05:50:31,577][finetune_logger][INFO] - Current learning rate: 0.00025
2026-07-01 05:51:19 - finetune_logger - INFO - Validation metrics: {'MAE': 0.028520925788886507, 'RMSE': 0.0420000953988633}
[2026-07-01 05:51:19,427][finetune_logger][INFO] - Validation metrics: {'MAE': 0.028520925788886507, 'RMSE': 0.0420000953988633}
2026-07-01 05:51:19 - finetune_logger - INFO - Val time: 47.85s
[2026-07-01 05:51:19,427][finetune_logger][INFO] - Val time: 47.85s
2026-07-01 05:51:19 - finetune_logger - INFO - Val memory reserved: 64.00 MB
[2026-07-01 05:51:19,427][finetune_logger][INFO] - Val memory reserved: 64.00 MB
2026-07-01 05:51:19 - finetune_logger - INFO - Val memory allocated: 22.81 MB
[2026-07-01 05:51:19,427][finetune_logger][INFO] - Val memory allocated: 22.81 MB
2026-07-01 05:51:19 - finetune_logger - INFO - Logged epoch 14 info to /public/home/202411094934/python_project/Spatio-Temporal-Library/time-series/2026-06-30/fedformer/finetune20/exchange_rate/time-series/seed_1/training_log.json
[2026-07-01 05:51:19,432][finetune_logger][INFO] - Logged epoch 14 info to /public/home/202411094934/python_project/Spatio-Temporal-Library/time-series/2026-06-30/fedformer/finetune20/exchange_rate/time-series/seed_1/training_log.json
2026-07-01 05:53:19 - finetune_logger - INFO - Test metrics: {'MAE': 0.026198033476248425, 'RMSE': 0.039606974301771236}
[2026-07-01 05:53:19,621][finetune_logger][INFO] - Test metrics: {'MAE': 0.026198033476248425, 'RMSE': 0.039606974301771236}
2026-07-01 05:53:19 - finetune_logger - INFO - Test time: 120.19s
[2026-07-01 05:53:19,621][finetune_logger][INFO] - Test time: 120.19s
2026-07-01 05:53:19 - finetune_logger - INFO - Test memory reserved: 64.00 MB
[2026-07-01 05:53:19,621][finetune_logger][INFO] - Test memory reserved: 64.00 MB
2026-07-01 05:53:19 - finetune_logger - INFO - Test memory allocated: 22.81 MB
[2026-07-01 05:53:19,621][finetune_logger][INFO] - Test memory allocated: 22.81 MB
2026-07-01 05:53:19 - finetune_logger - INFO - Epoch 15/20
[2026-07-01 05:53:19,621][finetune_logger][INFO] - Epoch 15/20
2026-07-01 06:27:01 - finetune_logger - INFO - Train loss: 0.02833327917968615
[2026-07-01 06:27:01,286][finetune_logger][INFO] - Train loss: 0.02833327917968615
2026-07-01 06:27:01 - finetune_logger - INFO - Train time: 2021.6635391712189s
[2026-07-01 06:27:01,286][finetune_logger][INFO] - Train time: 2021.6635391712189s
2026-07-01 06:27:01 - finetune_logger - INFO - Train memory reserved: 64.00 MB
[2026-07-01 06:27:01,286][finetune_logger][INFO] - Train memory reserved: 64.00 MB
2026-07-01 06:27:01 - finetune_logger - INFO - Train memory allocated: 22.81 MB
[2026-07-01 06:27:01,287][finetune_logger][INFO] - Train memory allocated: 22.81 MB
2026-07-01 06:27:01 - finetune_logger - INFO - Current learning rate: 0.00025
[2026-07-01 06:27:01,287][finetune_logger][INFO] - Current learning rate: 0.00025
2026-07-01 06:27:49 - finetune_logger - INFO - Validation metrics: {'MAE': 0.028920665546274094, 'RMSE': 0.04290013216347035}
[2026-07-01 06:27:49,052][finetune_logger][INFO] - Validation metrics: {'MAE': 0.028920665546274094, 'RMSE': 0.04290013216347035}
2026-07-01 06:27:49 - finetune_logger - INFO - Val time: 47.76s
[2026-07-01 06:27:49,052][finetune_logger][INFO] - Val time: 47.76s
2026-07-01 06:27:49 - finetune_logger - INFO - Val memory reserved: 64.00 MB
[2026-07-01 06:27:49,052][finetune_logger][INFO] - Val memory reserved: 64.00 MB
2026-07-01 06:27:49 - finetune_logger - INFO - Val memory allocated: 22.81 MB
[2026-07-01 06:27:49,053][finetune_logger][INFO] - Val memory allocated: 22.81 MB
2026-07-01 06:27:49 - finetune_logger - INFO - Logged epoch 15 info to /public/home/202411094934/python_project/Spatio-Temporal-Library/time-series/2026-06-30/fedformer/finetune20/exchange_rate/time-series/seed_1/training_log.json
[2026-07-01 06:27:49,056][finetune_logger][INFO] - Logged epoch 15 info to /public/home/202411094934/python_project/Spatio-Temporal-Library/time-series/2026-06-30/fedformer/finetune20/exchange_rate/time-series/seed_1/training_log.json
2026-07-01 06:29:49 - finetune_logger - INFO - Test metrics: {'MAE': 0.026900130426481716, 'RMSE': 0.04018514844753971}
[2026-07-01 06:29:49,486][finetune_logger][INFO] - Test metrics: {'MAE': 0.026900130426481716, 'RMSE': 0.04018514844753971}
2026-07-01 06:29:49 - finetune_logger - INFO - Test time: 120.43s
[2026-07-01 06:29:49,486][finetune_logger][INFO] - Test time: 120.43s
2026-07-01 06:29:49 - finetune_logger - INFO - Test memory reserved: 64.00 MB
[2026-07-01 06:29:49,486][finetune_logger][INFO] - Test memory reserved: 64.00 MB
2026-07-01 06:29:49 - finetune_logger - INFO - Test memory allocated: 22.81 MB
[2026-07-01 06:29:49,486][finetune_logger][INFO] - Test memory allocated: 22.81 MB
2026-07-01 06:29:49 - finetune_logger - INFO - Epoch 16/20
[2026-07-01 06:29:49,486][finetune_logger][INFO] - Epoch 16/20
2026-07-01 07:03:22 - finetune_logger - INFO - Train loss: 0.02803626435729989
[2026-07-01 07:03:22,836][finetune_logger][INFO] - Train loss: 0.02803626435729989
2026-07-01 07:03:22 - finetune_logger - INFO - Train time: 2013.3480088710785s
[2026-07-01 07:03:22,837][finetune_logger][INFO] - Train time: 2013.3480088710785s
2026-07-01 07:03:22 - finetune_logger - INFO - Train memory reserved: 64.00 MB
[2026-07-01 07:03:22,837][finetune_logger][INFO] - Train memory reserved: 64.00 MB
2026-07-01 07:03:22 - finetune_logger - INFO - Train memory allocated: 22.81 MB
[2026-07-01 07:03:22,837][finetune_logger][INFO] - Train memory allocated: 22.81 MB
2026-07-01 07:03:22 - finetune_logger - INFO - Current learning rate: 0.00025
[2026-07-01 07:03:22,837][finetune_logger][INFO] - Current learning rate: 0.00025
2026-07-01 07:04:11 - finetune_logger - INFO - Validation metrics: {'MAE': 0.02952098507604471, 'RMSE': 0.04340397205507418}
[2026-07-01 07:04:11,118][finetune_logger][INFO] - Validation metrics: {'MAE': 0.02952098507604471, 'RMSE': 0.04340397205507418}
2026-07-01 07:04:11 - finetune_logger - INFO - Val time: 48.28s
[2026-07-01 07:04:11,118][finetune_logger][INFO] - Val time: 48.28s
2026-07-01 07:04:11 - finetune_logger - INFO - Val memory reserved: 64.00 MB
[2026-07-01 07:04:11,119][finetune_logger][INFO] - Val memory reserved: 64.00 MB
2026-07-01 07:04:11 - finetune_logger - INFO - Val memory allocated: 22.81 MB
[2026-07-01 07:04:11,119][finetune_logger][INFO] - Val memory allocated: 22.81 MB
2026-07-01 07:04:11 - finetune_logger - INFO - Logged epoch 16 info to /public/home/202411094934/python_project/Spatio-Temporal-Library/time-series/2026-06-30/fedformer/finetune20/exchange_rate/time-series/seed_1/training_log.json
[2026-07-01 07:04:11,123][finetune_logger][INFO] - Logged epoch 16 info to /public/home/202411094934/python_project/Spatio-Temporal-Library/time-series/2026-06-30/fedformer/finetune20/exchange_rate/time-series/seed_1/training_log.json
2026-07-01 07:06:10 - finetune_logger - INFO - Test metrics: {'MAE': 0.02731443925015042, 'RMSE': 0.04125695584984382}
[2026-07-01 07:06:10,810][finetune_logger][INFO] - Test metrics: {'MAE': 0.02731443925015042, 'RMSE': 0.04125695584984382}
2026-07-01 07:06:10 - finetune_logger - INFO - Test time: 119.69s
[2026-07-01 07:06:10,810][finetune_logger][INFO] - Test time: 119.69s
2026-07-01 07:06:10 - finetune_logger - INFO - Test memory reserved: 64.00 MB
[2026-07-01 07:06:10,810][finetune_logger][INFO] - Test memory reserved: 64.00 MB
2026-07-01 07:06:10 - finetune_logger - INFO - Test memory allocated: 22.81 MB
[2026-07-01 07:06:10,811][finetune_logger][INFO] - Test memory allocated: 22.81 MB
2026-07-01 07:06:10 - finetune_logger - INFO - Epoch 17/20
[2026-07-01 07:06:10,811][finetune_logger][INFO] - Epoch 17/20
2026-07-01 07:39:43 - finetune_logger - INFO - Train loss: 0.028110037413551003
[2026-07-01 07:39:43,622][finetune_logger][INFO] - Train loss: 0.028110037413551003
2026-07-01 07:39:43 - finetune_logger - INFO - Train time: 2012.8108882904053s
[2026-07-01 07:39:43,623][finetune_logger][INFO] - Train time: 2012.8108882904053s
2026-07-01 07:39:43 - finetune_logger - INFO - Train memory reserved: 64.00 MB
[2026-07-01 07:39:43,623][finetune_logger][INFO] - Train memory reserved: 64.00 MB
2026-07-01 07:39:43 - finetune_logger - INFO - Train memory allocated: 22.81 MB
[2026-07-01 07:39:43,623][finetune_logger][INFO] - Train memory allocated: 22.81 MB
2026-07-01 07:39:43 - finetune_logger - INFO - Current learning rate: 0.00025
[2026-07-01 07:39:43,623][finetune_logger][INFO] - Current learning rate: 0.00025
2026-07-01 07:40:31 - finetune_logger - INFO - Validation metrics: {'MAE': 0.029120058610028126, 'RMSE': 0.0421719586969192}
[2026-07-01 07:40:31,684][finetune_logger][INFO] - Validation metrics: {'MAE': 0.029120058610028126, 'RMSE': 0.0421719586969192}
2026-07-01 07:40:31 - finetune_logger - INFO - Val time: 48.06s
[2026-07-01 07:40:31,684][finetune_logger][INFO] - Val time: 48.06s
2026-07-01 07:40:31 - finetune_logger - INFO - Val memory reserved: 64.00 MB
[2026-07-01 07:40:31,684][finetune_logger][INFO] - Val memory reserved: 64.00 MB
2026-07-01 07:40:31 - finetune_logger - INFO - Val memory allocated: 22.81 MB
[2026-07-01 07:40:31,684][finetune_logger][INFO] - Val memory allocated: 22.81 MB
2026-07-01 07:40:31 - finetune_logger - INFO - Logged epoch 17 info to /public/home/202411094934/python_project/Spatio-Temporal-Library/time-series/2026-06-30/fedformer/finetune20/exchange_rate/time-series/seed_1/training_log.json
[2026-07-01 07:40:31,689][finetune_logger][INFO] - Logged epoch 17 info to /public/home/202411094934/python_project/Spatio-Temporal-Library/time-series/2026-06-30/fedformer/finetune20/exchange_rate/time-series/seed_1/training_log.json
2026-07-01 07:42:32 - finetune_logger - INFO - Test metrics: {'MAE': 0.02635741985293952, 'RMSE': 0.039599609975349295}
[2026-07-01 07:42:32,399][finetune_logger][INFO] - Test metrics: {'MAE': 0.02635741985293952, 'RMSE': 0.039599609975349295}
2026-07-01 07:42:32 - finetune_logger - INFO - Test time: 120.71s
[2026-07-01 07:42:32,399][finetune_logger][INFO] - Test time: 120.71s
2026-07-01 07:42:32 - finetune_logger - INFO - Test memory reserved: 64.00 MB
[2026-07-01 07:42:32,399][finetune_logger][INFO] - Test memory reserved: 64.00 MB
2026-07-01 07:42:32 - finetune_logger - INFO - Test memory allocated: 22.81 MB
[2026-07-01 07:42:32,399][finetune_logger][INFO] - Test memory allocated: 22.81 MB
2026-07-01 07:42:32 - finetune_logger - INFO - Epoch 18/20
[2026-07-01 07:42:32,400][finetune_logger][INFO] - Epoch 18/20
2026-07-01 08:16:02 - finetune_logger - INFO - Train loss: 0.028083539904423718
[2026-07-01 08:16:02,175][finetune_logger][INFO] - Train loss: 0.028083539904423718
2026-07-01 08:16:02 - finetune_logger - INFO - Train time: 2009.7747881412506s
[2026-07-01 08:16:02,175][finetune_logger][INFO] - Train time: 2009.7747881412506s
2026-07-01 08:16:02 - finetune_logger - INFO - Train memory reserved: 64.00 MB
[2026-07-01 08:16:02,175][finetune_logger][INFO] - Train memory reserved: 64.00 MB
2026-07-01 08:16:02 - finetune_logger - INFO - Train memory allocated: 22.81 MB
[2026-07-01 08:16:02,176][finetune_logger][INFO] - Train memory allocated: 22.81 MB
2026-07-01 08:16:02 - finetune_logger - INFO - Current learning rate: 0.00025
[2026-07-01 08:16:02,176][finetune_logger][INFO] - Current learning rate: 0.00025
2026-07-01 08:16:50 - finetune_logger - INFO - Validation metrics: {'MAE': 0.029530704349175735, 'RMSE': 0.0426805781804129}
[2026-07-01 08:16:50,415][finetune_logger][INFO] - Validation metrics: {'MAE': 0.029530704349175735, 'RMSE': 0.0426805781804129}
2026-07-01 08:16:50 - finetune_logger - INFO - Val time: 48.24s
[2026-07-01 08:16:50,415][finetune_logger][INFO] - Val time: 48.24s
2026-07-01 08:16:50 - finetune_logger - INFO - Val memory reserved: 64.00 MB
[2026-07-01 08:16:50,415][finetune_logger][INFO] - Val memory reserved: 64.00 MB
2026-07-01 08:16:50 - finetune_logger - INFO - Val memory allocated: 22.81 MB
[2026-07-01 08:16:50,415][finetune_logger][INFO] - Val memory allocated: 22.81 MB
2026-07-01 08:16:50 - finetune_logger - INFO - Logged epoch 18 info to /public/home/202411094934/python_project/Spatio-Temporal-Library/time-series/2026-06-30/fedformer/finetune20/exchange_rate/time-series/seed_1/training_log.json
[2026-07-01 08:16:50,420][finetune_logger][INFO] - Logged epoch 18 info to /public/home/202411094934/python_project/Spatio-Temporal-Library/time-series/2026-06-30/fedformer/finetune20/exchange_rate/time-series/seed_1/training_log.json
2026-07-01 08:18:50 - finetune_logger - INFO - Test metrics: {'MAE': 0.026497419401885384, 'RMSE': 0.03921235979628988}
[2026-07-01 08:18:50,334][finetune_logger][INFO] - Test metrics: {'MAE': 0.026497419401885384, 'RMSE': 0.03921235979628988}
2026-07-01 08:18:50 - finetune_logger - INFO - Test time: 119.91s
[2026-07-01 08:18:50,334][finetune_logger][INFO] - Test time: 119.91s
2026-07-01 08:18:50 - finetune_logger - INFO - Test memory reserved: 64.00 MB
[2026-07-01 08:18:50,334][finetune_logger][INFO] - Test memory reserved: 64.00 MB
2026-07-01 08:18:50 - finetune_logger - INFO - Test memory allocated: 22.81 MB
[2026-07-01 08:18:50,334][finetune_logger][INFO] - Test memory allocated: 22.81 MB
2026-07-01 08:18:50 - finetune_logger - INFO - Epoch 19/20
[2026-07-01 08:18:50,334][finetune_logger][INFO] - Epoch 19/20
2026-07-01 08:52:22 - finetune_logger - INFO - Train loss: 0.028071784517687846
[2026-07-01 08:52:22,642][finetune_logger][INFO] - Train loss: 0.028071784517687846
2026-07-01 08:52:22 - finetune_logger - INFO - Train time: 2012.306301355362s
[2026-07-01 08:52:22,642][finetune_logger][INFO] - Train time: 2012.306301355362s
2026-07-01 08:52:22 - finetune_logger - INFO - Train memory reserved: 64.00 MB
[2026-07-01 08:52:22,643][finetune_logger][INFO] - Train memory reserved: 64.00 MB
2026-07-01 08:52:22 - finetune_logger - INFO - Train memory allocated: 22.81 MB
[2026-07-01 08:52:22,643][finetune_logger][INFO] - Train memory allocated: 22.81 MB
2026-07-01 08:52:22 - finetune_logger - INFO - Current learning rate: 0.00025
[2026-07-01 08:52:22,643][finetune_logger][INFO] - Current learning rate: 0.00025
2026-07-01 08:53:10 - finetune_logger - INFO - Validation metrics: {'MAE': 0.029339248558902613, 'RMSE': 0.04271004310481351}
[2026-07-01 08:53:10,821][finetune_logger][INFO] - Validation metrics: {'MAE': 0.029339248558902613, 'RMSE': 0.04271004310481351}
2026-07-01 08:53:10 - finetune_logger - INFO - Val time: 48.18s
[2026-07-01 08:53:10,821][finetune_logger][INFO] - Val time: 48.18s
2026-07-01 08:53:10 - finetune_logger - INFO - Val memory reserved: 64.00 MB
[2026-07-01 08:53:10,821][finetune_logger][INFO] - Val memory reserved: 64.00 MB
2026-07-01 08:53:10 - finetune_logger - INFO - Val memory allocated: 22.81 MB
[2026-07-01 08:53:10,821][finetune_logger][INFO] - Val memory allocated: 22.81 MB
2026-07-01 08:53:10 - finetune_logger - INFO - Logged epoch 19 info to /public/home/202411094934/python_project/Spatio-Temporal-Library/time-series/2026-06-30/fedformer/finetune20/exchange_rate/time-series/seed_1/training_log.json
[2026-07-01 08:53:10,825][finetune_logger][INFO] - Logged epoch 19 info to /public/home/202411094934/python_project/Spatio-Temporal-Library/time-series/2026-06-30/fedformer/finetune20/exchange_rate/time-series/seed_1/training_log.json
2026-07-01 08:55:11 - finetune_logger - INFO - Test metrics: {'MAE': 0.02651722787192705, 'RMSE': 0.03955178653167068}
[2026-07-01 08:55:11,195][finetune_logger][INFO] - Test metrics: {'MAE': 0.02651722787192705, 'RMSE': 0.03955178653167068}
2026-07-01 08:55:11 - finetune_logger - INFO - Test time: 120.37s
[2026-07-01 08:55:11,196][finetune_logger][INFO] - Test time: 120.37s
2026-07-01 08:55:11 - finetune_logger - INFO - Test memory reserved: 64.00 MB
[2026-07-01 08:55:11,196][finetune_logger][INFO] - Test memory reserved: 64.00 MB
2026-07-01 08:55:11 - finetune_logger - INFO - Test memory allocated: 22.81 MB
[2026-07-01 08:55:11,196][finetune_logger][INFO] - Test memory allocated: 22.81 MB
2026-07-01 08:55:11 - finetune_logger - INFO - Epoch 20/20
[2026-07-01 08:55:11,196][finetune_logger][INFO] - Epoch 20/20
2026-07-01 09:28:58 - finetune_logger - INFO - Train loss: 0.02773910807961402
[2026-07-01 09:28:58,369][finetune_logger][INFO] - Train loss: 0.02773910807961402
2026-07-01 09:28:58 - finetune_logger - INFO - Train time: 2027.171014547348s
[2026-07-01 09:28:58,369][finetune_logger][INFO] - Train time: 2027.171014547348s
2026-07-01 09:28:58 - finetune_logger - INFO - Train memory reserved: 64.00 MB
[2026-07-01 09:28:58,370][finetune_logger][INFO] - Train memory reserved: 64.00 MB
2026-07-01 09:28:58 - finetune_logger - INFO - Train memory allocated: 22.81 MB
[2026-07-01 09:28:58,370][finetune_logger][INFO] - Train memory allocated: 22.81 MB
2026-07-01 09:28:58 - finetune_logger - INFO - Current learning rate: 0.00025
[2026-07-01 09:28:58,370][finetune_logger][INFO] - Current learning rate: 0.00025
2026-07-01 09:29:46 - finetune_logger - INFO - Validation metrics: {'MAE': 0.02956736642704389, 'RMSE': 0.04269883493572535}
[2026-07-01 09:29:46,610][finetune_logger][INFO] - Validation metrics: {'MAE': 0.02956736642704389, 'RMSE': 0.04269883493572535}
2026-07-01 09:29:46 - finetune_logger - INFO - Val time: 48.24s
[2026-07-01 09:29:46,611][finetune_logger][INFO] - Val time: 48.24s
2026-07-01 09:29:46 - finetune_logger - INFO - Val memory reserved: 64.00 MB
[2026-07-01 09:29:46,611][finetune_logger][INFO] - Val memory reserved: 64.00 MB
2026-07-01 09:29:46 - finetune_logger - INFO - Val memory allocated: 22.81 MB
[2026-07-01 09:29:46,611][finetune_logger][INFO] - Val memory allocated: 22.81 MB
2026-07-01 09:29:46 - finetune_logger - INFO - Logged epoch 20 info to /public/home/202411094934/python_project/Spatio-Temporal-Library/time-series/2026-06-30/fedformer/finetune20/exchange_rate/time-series/seed_1/training_log.json
[2026-07-01 09:29:46,614][finetune_logger][INFO] - Logged epoch 20 info to /public/home/202411094934/python_project/Spatio-Temporal-Library/time-series/2026-06-30/fedformer/finetune20/exchange_rate/time-series/seed_1/training_log.json
2026-07-01 09:31:46 - finetune_logger - INFO - Test metrics: {'MAE': 0.027461247135519597, 'RMSE': 0.04092756380427243}
[2026-07-01 09:31:46,995][finetune_logger][INFO] - Test metrics: {'MAE': 0.027461247135519597, 'RMSE': 0.04092756380427243}
2026-07-01 09:31:46 - finetune_logger - INFO - Test time: 120.35s
[2026-07-01 09:31:46,996][finetune_logger][INFO] - Test time: 120.35s
2026-07-01 09:31:46 - finetune_logger - INFO - Test memory reserved: 64.00 MB
[2026-07-01 09:31:46,996][finetune_logger][INFO] - Test memory reserved: 64.00 MB
2026-07-01 09:31:46 - finetune_logger - INFO - Test memory allocated: 22.81 MB
[2026-07-01 09:31:46,996][finetune_logger][INFO] - Test memory allocated: 22.81 MB
2026-07-01 09:31:46 - finetune_logger - INFO - Training completed. Best epoch: 5, Best val loss: 0.027746
[2026-07-01 09:31:46,996][finetune_logger][INFO] - Training completed. Best epoch: 5, Best val loss: 0.027746
2026-07-01 09:31:47 - finetune_logger - INFO - Loaded checkpoint from epoch 5
[2026-07-01 09:31:47,035][finetune_logger][INFO] - Loaded checkpoint from epoch 5
2026-07-01 09:31:47 - finetune_logger - INFO - Evaluating best model on test sets...
[2026-07-01 09:31:47,036][finetune_logger][INFO] - Evaluating best model on test sets...
2026-07-01 09:33:47 - finetune_logger - INFO - Test metrics: {'MAE': 0.02886444119562667, 'RMSE': 0.04263746857575344}
[2026-07-01 09:33:47,669][finetune_logger][INFO] - Test metrics: {'MAE': 0.02886444119562667, 'RMSE': 0.04263746857575344}
2026-07-01 09:33:47 - finetune_logger - INFO - Test time: 120.63s
[2026-07-01 09:33:47,669][finetune_logger][INFO] - Test time: 120.63s
2026-07-01 09:33:47 - finetune_logger - INFO - Test memory reserved: 84.00 MB
[2026-07-01 09:33:47,669][finetune_logger][INFO] - Test memory reserved: 84.00 MB
2026-07-01 09:33:47 - finetune_logger - INFO - Test memory allocated: 22.84 MB
[2026-07-01 09:33:47,669][finetune_logger][INFO] - Test memory allocated: 22.84 MB
2026-07-01 09:33:47 - finetune_logger - INFO - Logged epoch test info to /public/home/202411094934/python_project/Spatio-Temporal-Library/time-series/2026-06-30/fedformer/finetune20/exchange_rate/time-series/seed_1/training_log.json
[2026-07-01 09:33:47,673][finetune_logger][INFO] - Logged epoch test info to /public/home/202411094934/python_project/Spatio-Temporal-Library/time-series/2026-06-30/fedformer/finetune20/exchange_rate/time-series/seed_1/training_log.json
