2026-06-16 02:06:42 - pretrain_logger - INFO - Model parameters: 158,912
[2026-06-16 02:06:42,983][pretrain_logger][INFO] - Model parameters: 158,912
2026-06-16 02:06:42 - pretrain_logger - INFO - Created new log file at /public/home/202411094934/python_project/Spatio-Temporal-Library/time-series/2026-06-16/itransformer/pretrain10/ettm1/time-series/seed_1/training_log.json
[2026-06-16 02:06:42,992][pretrain_logger][INFO] - Created new log file at /public/home/202411094934/python_project/Spatio-Temporal-Library/time-series/2026-06-16/itransformer/pretrain10/ettm1/time-series/seed_1/training_log.json
2026-06-16 02:06:42 - pretrain_logger - INFO - Starting JEPA pretraining...
[2026-06-16 02:06:42,993][pretrain_logger][INFO] - Starting JEPA pretraining...
2026-06-16 02:17:35 - pretrain_logger - INFO - [JEPA Pretrain] Epoch 1/10, loss=0.687191, time=652.50s
[2026-06-16 02:17:35,490][pretrain_logger][INFO] - [JEPA Pretrain] Epoch 1/10, loss=0.687191, time=652.50s
2026-06-16 02:17:35 - pretrain_logger - INFO - Pretrain loss: 0.6871910033577387
[2026-06-16 02:17:35,491][pretrain_logger][INFO] - Pretrain loss: 0.6871910033577387
2026-06-16 02:17:35 - pretrain_logger - INFO - Pretrain time: 652.4972233772278s
[2026-06-16 02:17:35,491][pretrain_logger][INFO] - Pretrain time: 652.4972233772278s
2026-06-16 02:17:35 - pretrain_logger - INFO - Pretrain memory reserved: 24.00 MB
[2026-06-16 02:17:35,491][pretrain_logger][INFO] - Pretrain memory reserved: 24.00 MB
2026-06-16 02:17:35 - pretrain_logger - INFO - Pretrain memory allocated: 18.04 MB
[2026-06-16 02:17:35,491][pretrain_logger][INFO] - Pretrain memory allocated: 18.04 MB
2026-06-16 02:17:35 - pretrain_logger - INFO - Current learning rate: 0.0005
[2026-06-16 02:17:35,491][pretrain_logger][INFO] - Current learning rate: 0.0005
2026-06-16 02:17:35 - pretrain_logger - INFO - Logged epoch Pretrain 1 info to /public/home/202411094934/python_project/Spatio-Temporal-Library/time-series/2026-06-16/itransformer/pretrain10/ettm1/time-series/seed_1/training_log.json
[2026-06-16 02:17:35,495][pretrain_logger][INFO] - Logged epoch Pretrain 1 info to /public/home/202411094934/python_project/Spatio-Temporal-Library/time-series/2026-06-16/itransformer/pretrain10/ettm1/time-series/seed_1/training_log.json
2026-06-16 02:28:29 - pretrain_logger - INFO - [JEPA Pretrain] Epoch 2/10, loss=0.570785, time=653.77s
[2026-06-16 02:28:29,268][pretrain_logger][INFO] - [JEPA Pretrain] Epoch 2/10, loss=0.570785, time=653.77s
2026-06-16 02:28:29 - pretrain_logger - INFO - Pretrain loss: 0.5707852624323118
[2026-06-16 02:28:29,291][pretrain_logger][INFO] - Pretrain loss: 0.5707852624323118
2026-06-16 02:28:29 - pretrain_logger - INFO - Pretrain time: 653.7734031677246s
[2026-06-16 02:28:29,291][pretrain_logger][INFO] - Pretrain time: 653.7734031677246s
2026-06-16 02:28:29 - pretrain_logger - INFO - Pretrain memory reserved: 24.00 MB
[2026-06-16 02:28:29,291][pretrain_logger][INFO] - Pretrain memory reserved: 24.00 MB
2026-06-16 02:28:29 - pretrain_logger - INFO - Pretrain memory allocated: 18.04 MB
[2026-06-16 02:28:29,291][pretrain_logger][INFO] - Pretrain memory allocated: 18.04 MB
2026-06-16 02:28:29 - pretrain_logger - INFO - Current learning rate: 0.0005
[2026-06-16 02:28:29,291][pretrain_logger][INFO] - Current learning rate: 0.0005
2026-06-16 02:28:29 - pretrain_logger - INFO - Logged epoch Pretrain 2 info to /public/home/202411094934/python_project/Spatio-Temporal-Library/time-series/2026-06-16/itransformer/pretrain10/ettm1/time-series/seed_1/training_log.json
[2026-06-16 02:28:29,294][pretrain_logger][INFO] - Logged epoch Pretrain 2 info to /public/home/202411094934/python_project/Spatio-Temporal-Library/time-series/2026-06-16/itransformer/pretrain10/ettm1/time-series/seed_1/training_log.json
2026-06-16 02:39:24 - pretrain_logger - INFO - [JEPA Pretrain] Epoch 3/10, loss=0.513455, time=654.76s
[2026-06-16 02:39:24,052][pretrain_logger][INFO] - [JEPA Pretrain] Epoch 3/10, loss=0.513455, time=654.76s
2026-06-16 02:39:24 - pretrain_logger - INFO - Pretrain loss: 0.5134546563383289
[2026-06-16 02:39:24,053][pretrain_logger][INFO] - Pretrain loss: 0.5134546563383289
2026-06-16 02:39:24 - pretrain_logger - INFO - Pretrain time: 654.757828950882s
[2026-06-16 02:39:24,053][pretrain_logger][INFO] - Pretrain time: 654.757828950882s
2026-06-16 02:39:24 - pretrain_logger - INFO - Pretrain memory reserved: 24.00 MB
[2026-06-16 02:39:24,053][pretrain_logger][INFO] - Pretrain memory reserved: 24.00 MB
2026-06-16 02:39:24 - pretrain_logger - INFO - Pretrain memory allocated: 18.04 MB
[2026-06-16 02:39:24,053][pretrain_logger][INFO] - Pretrain memory allocated: 18.04 MB
2026-06-16 02:39:24 - pretrain_logger - INFO - Current learning rate: 0.0005
[2026-06-16 02:39:24,054][pretrain_logger][INFO] - Current learning rate: 0.0005
2026-06-16 02:39:24 - pretrain_logger - INFO - Logged epoch Pretrain 3 info to /public/home/202411094934/python_project/Spatio-Temporal-Library/time-series/2026-06-16/itransformer/pretrain10/ettm1/time-series/seed_1/training_log.json
[2026-06-16 02:39:24,057][pretrain_logger][INFO] - Logged epoch Pretrain 3 info to /public/home/202411094934/python_project/Spatio-Temporal-Library/time-series/2026-06-16/itransformer/pretrain10/ettm1/time-series/seed_1/training_log.json
2026-06-16 02:50:19 - pretrain_logger - INFO - [JEPA Pretrain] Epoch 4/10, loss=0.473315, time=655.02s
[2026-06-16 02:50:19,075][pretrain_logger][INFO] - [JEPA Pretrain] Epoch 4/10, loss=0.473315, time=655.02s
2026-06-16 02:50:19 - pretrain_logger - INFO - Pretrain loss: 0.473314518237265
[2026-06-16 02:50:19,098][pretrain_logger][INFO] - Pretrain loss: 0.473314518237265
2026-06-16 02:50:19 - pretrain_logger - INFO - Pretrain time: 655.0178911685944s
[2026-06-16 02:50:19,098][pretrain_logger][INFO] - Pretrain time: 655.0178911685944s
2026-06-16 02:50:19 - pretrain_logger - INFO - Pretrain memory reserved: 24.00 MB
[2026-06-16 02:50:19,098][pretrain_logger][INFO] - Pretrain memory reserved: 24.00 MB
2026-06-16 02:50:19 - pretrain_logger - INFO - Pretrain memory allocated: 18.04 MB
[2026-06-16 02:50:19,098][pretrain_logger][INFO] - Pretrain memory allocated: 18.04 MB
2026-06-16 02:50:19 - pretrain_logger - INFO - Current learning rate: 0.0005
[2026-06-16 02:50:19,098][pretrain_logger][INFO] - Current learning rate: 0.0005
2026-06-16 02:50:19 - pretrain_logger - INFO - Logged epoch Pretrain 4 info to /public/home/202411094934/python_project/Spatio-Temporal-Library/time-series/2026-06-16/itransformer/pretrain10/ettm1/time-series/seed_1/training_log.json
[2026-06-16 02:50:19,101][pretrain_logger][INFO] - Logged epoch Pretrain 4 info to /public/home/202411094934/python_project/Spatio-Temporal-Library/time-series/2026-06-16/itransformer/pretrain10/ettm1/time-series/seed_1/training_log.json
2026-06-16 03:01:14 - pretrain_logger - INFO - [JEPA Pretrain] Epoch 5/10, loss=0.444069, time=655.11s
[2026-06-16 03:01:14,212][pretrain_logger][INFO] - [JEPA Pretrain] Epoch 5/10, loss=0.444069, time=655.11s
2026-06-16 03:01:14 - pretrain_logger - INFO - Pretrain loss: 0.44406928629303966
[2026-06-16 03:01:14,213][pretrain_logger][INFO] - Pretrain loss: 0.44406928629303966
2026-06-16 03:01:14 - pretrain_logger - INFO - Pretrain time: 655.1102516651154s
[2026-06-16 03:01:14,213][pretrain_logger][INFO] - Pretrain time: 655.1102516651154s
2026-06-16 03:01:14 - pretrain_logger - INFO - Pretrain memory reserved: 24.00 MB
[2026-06-16 03:01:14,213][pretrain_logger][INFO] - Pretrain memory reserved: 24.00 MB
2026-06-16 03:01:14 - pretrain_logger - INFO - Pretrain memory allocated: 18.04 MB
[2026-06-16 03:01:14,213][pretrain_logger][INFO] - Pretrain memory allocated: 18.04 MB
2026-06-16 03:01:14 - pretrain_logger - INFO - Current learning rate: 0.0005
[2026-06-16 03:01:14,213][pretrain_logger][INFO] - Current learning rate: 0.0005
2026-06-16 03:01:14 - pretrain_logger - INFO - Logged epoch Pretrain 5 info to /public/home/202411094934/python_project/Spatio-Temporal-Library/time-series/2026-06-16/itransformer/pretrain10/ettm1/time-series/seed_1/training_log.json
[2026-06-16 03:01:14,216][pretrain_logger][INFO] - Logged epoch Pretrain 5 info to /public/home/202411094934/python_project/Spatio-Temporal-Library/time-series/2026-06-16/itransformer/pretrain10/ettm1/time-series/seed_1/training_log.json
2026-06-16 03:12:09 - pretrain_logger - INFO - [JEPA Pretrain] Epoch 6/10, loss=0.415768, time=655.11s
[2026-06-16 03:12:09,326][pretrain_logger][INFO] - [JEPA Pretrain] Epoch 6/10, loss=0.415768, time=655.11s
2026-06-16 03:12:09 - pretrain_logger - INFO - Pretrain loss: 0.41576831312164
[2026-06-16 03:12:09,348][pretrain_logger][INFO] - Pretrain loss: 0.41576831312164
2026-06-16 03:12:09 - pretrain_logger - INFO - Pretrain time: 655.1101040840149s
[2026-06-16 03:12:09,348][pretrain_logger][INFO] - Pretrain time: 655.1101040840149s
2026-06-16 03:12:09 - pretrain_logger - INFO - Pretrain memory reserved: 24.00 MB
[2026-06-16 03:12:09,348][pretrain_logger][INFO] - Pretrain memory reserved: 24.00 MB
2026-06-16 03:12:09 - pretrain_logger - INFO - Pretrain memory allocated: 18.04 MB
[2026-06-16 03:12:09,348][pretrain_logger][INFO] - Pretrain memory allocated: 18.04 MB
2026-06-16 03:12:09 - pretrain_logger - INFO - Current learning rate: 0.0005
[2026-06-16 03:12:09,348][pretrain_logger][INFO] - Current learning rate: 0.0005
2026-06-16 03:12:09 - pretrain_logger - INFO - Logged epoch Pretrain 6 info to /public/home/202411094934/python_project/Spatio-Temporal-Library/time-series/2026-06-16/itransformer/pretrain10/ettm1/time-series/seed_1/training_log.json
[2026-06-16 03:12:09,351][pretrain_logger][INFO] - Logged epoch Pretrain 6 info to /public/home/202411094934/python_project/Spatio-Temporal-Library/time-series/2026-06-16/itransformer/pretrain10/ettm1/time-series/seed_1/training_log.json
2026-06-16 03:23:04 - pretrain_logger - INFO - [JEPA Pretrain] Epoch 7/10, loss=0.393782, time=655.26s
[2026-06-16 03:23:04,615][pretrain_logger][INFO] - [JEPA Pretrain] Epoch 7/10, loss=0.393782, time=655.26s
2026-06-16 03:23:04 - pretrain_logger - INFO - Pretrain loss: 0.393781699950189
[2026-06-16 03:23:04,616][pretrain_logger][INFO] - Pretrain loss: 0.393781699950189
2026-06-16 03:23:04 - pretrain_logger - INFO - Pretrain time: 655.2636241912842s
[2026-06-16 03:23:04,616][pretrain_logger][INFO] - Pretrain time: 655.2636241912842s
2026-06-16 03:23:04 - pretrain_logger - INFO - Pretrain memory reserved: 24.00 MB
[2026-06-16 03:23:04,616][pretrain_logger][INFO] - Pretrain memory reserved: 24.00 MB
2026-06-16 03:23:04 - pretrain_logger - INFO - Pretrain memory allocated: 18.04 MB
[2026-06-16 03:23:04,616][pretrain_logger][INFO] - Pretrain memory allocated: 18.04 MB
2026-06-16 03:23:04 - pretrain_logger - INFO - Current learning rate: 0.0005
[2026-06-16 03:23:04,616][pretrain_logger][INFO] - Current learning rate: 0.0005
2026-06-16 03:23:04 - pretrain_logger - INFO - Logged epoch Pretrain 7 info to /public/home/202411094934/python_project/Spatio-Temporal-Library/time-series/2026-06-16/itransformer/pretrain10/ettm1/time-series/seed_1/training_log.json
[2026-06-16 03:23:04,619][pretrain_logger][INFO] - Logged epoch Pretrain 7 info to /public/home/202411094934/python_project/Spatio-Temporal-Library/time-series/2026-06-16/itransformer/pretrain10/ettm1/time-series/seed_1/training_log.json
2026-06-16 03:33:59 - pretrain_logger - INFO - [JEPA Pretrain] Epoch 8/10, loss=0.374527, time=654.75s
[2026-06-16 03:33:59,372][pretrain_logger][INFO] - [JEPA Pretrain] Epoch 8/10, loss=0.374527, time=654.75s
2026-06-16 03:33:59 - pretrain_logger - INFO - Pretrain loss: 0.37452659472886063
[2026-06-16 03:33:59,393][pretrain_logger][INFO] - Pretrain loss: 0.37452659472886063
2026-06-16 03:33:59 - pretrain_logger - INFO - Pretrain time: 654.7525532245636s
[2026-06-16 03:33:59,394][pretrain_logger][INFO] - Pretrain time: 654.7525532245636s
2026-06-16 03:33:59 - pretrain_logger - INFO - Pretrain memory reserved: 24.00 MB
[2026-06-16 03:33:59,394][pretrain_logger][INFO] - Pretrain memory reserved: 24.00 MB
2026-06-16 03:33:59 - pretrain_logger - INFO - Pretrain memory allocated: 18.04 MB
[2026-06-16 03:33:59,394][pretrain_logger][INFO] - Pretrain memory allocated: 18.04 MB
2026-06-16 03:33:59 - pretrain_logger - INFO - Current learning rate: 0.0005
[2026-06-16 03:33:59,394][pretrain_logger][INFO] - Current learning rate: 0.0005
2026-06-16 03:33:59 - pretrain_logger - INFO - Logged epoch Pretrain 8 info to /public/home/202411094934/python_project/Spatio-Temporal-Library/time-series/2026-06-16/itransformer/pretrain10/ettm1/time-series/seed_1/training_log.json
[2026-06-16 03:33:59,397][pretrain_logger][INFO] - Logged epoch Pretrain 8 info to /public/home/202411094934/python_project/Spatio-Temporal-Library/time-series/2026-06-16/itransformer/pretrain10/ettm1/time-series/seed_1/training_log.json
2026-06-16 03:44:54 - pretrain_logger - INFO - [JEPA Pretrain] Epoch 9/10, loss=0.352815, time=655.04s
[2026-06-16 03:44:54,432][pretrain_logger][INFO] - [JEPA Pretrain] Epoch 9/10, loss=0.352815, time=655.04s
2026-06-16 03:44:54 - pretrain_logger - INFO - Pretrain loss: 0.35281545741532555
[2026-06-16 03:44:54,433][pretrain_logger][INFO] - Pretrain loss: 0.35281545741532555
2026-06-16 03:44:54 - pretrain_logger - INFO - Pretrain time: 655.0354142189026s
[2026-06-16 03:44:54,433][pretrain_logger][INFO] - Pretrain time: 655.0354142189026s
2026-06-16 03:44:54 - pretrain_logger - INFO - Pretrain memory reserved: 24.00 MB
[2026-06-16 03:44:54,433][pretrain_logger][INFO] - Pretrain memory reserved: 24.00 MB
2026-06-16 03:44:54 - pretrain_logger - INFO - Pretrain memory allocated: 18.04 MB
[2026-06-16 03:44:54,433][pretrain_logger][INFO] - Pretrain memory allocated: 18.04 MB
2026-06-16 03:44:54 - pretrain_logger - INFO - Current learning rate: 0.0005
[2026-06-16 03:44:54,433][pretrain_logger][INFO] - Current learning rate: 0.0005
2026-06-16 03:44:54 - pretrain_logger - INFO - Logged epoch Pretrain 9 info to /public/home/202411094934/python_project/Spatio-Temporal-Library/time-series/2026-06-16/itransformer/pretrain10/ettm1/time-series/seed_1/training_log.json
[2026-06-16 03:44:54,437][pretrain_logger][INFO] - Logged epoch Pretrain 9 info to /public/home/202411094934/python_project/Spatio-Temporal-Library/time-series/2026-06-16/itransformer/pretrain10/ettm1/time-series/seed_1/training_log.json
2026-06-16 03:55:48 - pretrain_logger - INFO - [JEPA Pretrain] Epoch 10/10, loss=0.339070, time=654.19s
[2026-06-16 03:55:48,630][pretrain_logger][INFO] - [JEPA Pretrain] Epoch 10/10, loss=0.339070, time=654.19s
2026-06-16 03:55:48 - pretrain_logger - INFO - Pretrain loss: 0.3390701166083342
[2026-06-16 03:55:48,652][pretrain_logger][INFO] - Pretrain loss: 0.3390701166083342
2026-06-16 03:55:48 - pretrain_logger - INFO - Pretrain time: 654.1929585933685s
[2026-06-16 03:55:48,652][pretrain_logger][INFO] - Pretrain time: 654.1929585933685s
2026-06-16 03:55:48 - pretrain_logger - INFO - Pretrain memory reserved: 24.00 MB
[2026-06-16 03:55:48,652][pretrain_logger][INFO] - Pretrain memory reserved: 24.00 MB
2026-06-16 03:55:48 - pretrain_logger - INFO - Pretrain memory allocated: 18.04 MB
[2026-06-16 03:55:48,652][pretrain_logger][INFO] - Pretrain memory allocated: 18.04 MB
2026-06-16 03:55:48 - pretrain_logger - INFO - Current learning rate: 0.0005
[2026-06-16 03:55:48,652][pretrain_logger][INFO] - Current learning rate: 0.0005
2026-06-16 03:55:48 - pretrain_logger - INFO - Logged epoch Pretrain 10 info to /public/home/202411094934/python_project/Spatio-Temporal-Library/time-series/2026-06-16/itransformer/pretrain10/ettm1/time-series/seed_1/training_log.json
[2026-06-16 03:55:48,656][pretrain_logger][INFO] - Logged epoch Pretrain 10 info to /public/home/202411094934/python_project/Spatio-Temporal-Library/time-series/2026-06-16/itransformer/pretrain10/ettm1/time-series/seed_1/training_log.json
2026-06-16 03:55:48 - pretrain_logger - INFO - JEPA pretraining completed.
[2026-06-16 03:55:48,656][pretrain_logger][INFO] - JEPA pretraining completed.
2026-06-16 10:29:44 - pretrain_logger - INFO - Model parameters: 158,912
[2026-06-16 10:29:44,234][pretrain_logger][INFO] - Model parameters: 158,912
2026-06-16 10:29:44 - pretrain_logger - INFO - Log file already exists at /public/home/202411094934/python_project/Spatio-Temporal-Library/time-series/2026-06-16/itransformer/pretrain10/ettm1/time-series/seed_1/training_log.json, appending to it.
[2026-06-16 10:29:44,243][pretrain_logger][INFO] - Log file already exists at /public/home/202411094934/python_project/Spatio-Temporal-Library/time-series/2026-06-16/itransformer/pretrain10/ettm1/time-series/seed_1/training_log.json, appending to it.
2026-06-16 10:29:44 - pretrain_logger - INFO - Starting JEPA pretraining...
[2026-06-16 10:29:44,244][pretrain_logger][INFO] - Starting JEPA pretraining...
2026-06-16 10:40:45 - pretrain_logger - INFO - [JEPA Pretrain] Epoch 1/10, loss=0.687191, time=660.99s
[2026-06-16 10:40:45,236][pretrain_logger][INFO] - [JEPA Pretrain] Epoch 1/10, loss=0.687191, time=660.99s
2026-06-16 10:40:45 - pretrain_logger - INFO - Pretrain loss: 0.6871910033577387
[2026-06-16 10:40:45,236][pretrain_logger][INFO] - Pretrain loss: 0.6871910033577387
2026-06-16 10:40:45 - pretrain_logger - INFO - Pretrain time: 660.9919912815094s
[2026-06-16 10:40:45,237][pretrain_logger][INFO] - Pretrain time: 660.9919912815094s
2026-06-16 10:40:45 - pretrain_logger - INFO - Pretrain memory reserved: 24.00 MB
[2026-06-16 10:40:45,237][pretrain_logger][INFO] - Pretrain memory reserved: 24.00 MB
2026-06-16 10:40:45 - pretrain_logger - INFO - Pretrain memory allocated: 18.04 MB
[2026-06-16 10:40:45,237][pretrain_logger][INFO] - Pretrain memory allocated: 18.04 MB
2026-06-16 10:40:45 - pretrain_logger - INFO - Current learning rate: 0.0005
[2026-06-16 10:40:45,237][pretrain_logger][INFO] - Current learning rate: 0.0005
2026-06-16 10:40:45 - pretrain_logger - INFO - Logged epoch Pretrain 1 info to /public/home/202411094934/python_project/Spatio-Temporal-Library/time-series/2026-06-16/itransformer/pretrain10/ettm1/time-series/seed_1/training_log.json
[2026-06-16 10:40:45,239][pretrain_logger][INFO] - Logged epoch Pretrain 1 info to /public/home/202411094934/python_project/Spatio-Temporal-Library/time-series/2026-06-16/itransformer/pretrain10/ettm1/time-series/seed_1/training_log.json
2026-06-16 10:51:47 - pretrain_logger - INFO - [JEPA Pretrain] Epoch 2/10, loss=0.570785, time=661.91s
[2026-06-16 10:51:47,150][pretrain_logger][INFO] - [JEPA Pretrain] Epoch 2/10, loss=0.570785, time=661.91s
2026-06-16 10:51:47 - pretrain_logger - INFO - Pretrain loss: 0.5707852624323118
[2026-06-16 10:51:47,174][pretrain_logger][INFO] - Pretrain loss: 0.5707852624323118
2026-06-16 10:51:47 - pretrain_logger - INFO - Pretrain time: 661.9111037254333s
[2026-06-16 10:51:47,174][pretrain_logger][INFO] - Pretrain time: 661.9111037254333s
2026-06-16 10:51:47 - pretrain_logger - INFO - Pretrain memory reserved: 24.00 MB
[2026-06-16 10:51:47,174][pretrain_logger][INFO] - Pretrain memory reserved: 24.00 MB
2026-06-16 10:51:47 - pretrain_logger - INFO - Pretrain memory allocated: 18.04 MB
[2026-06-16 10:51:47,174][pretrain_logger][INFO] - Pretrain memory allocated: 18.04 MB
2026-06-16 10:51:47 - pretrain_logger - INFO - Current learning rate: 0.0005
[2026-06-16 10:51:47,175][pretrain_logger][INFO] - Current learning rate: 0.0005
2026-06-16 10:51:47 - pretrain_logger - INFO - Logged epoch Pretrain 2 info to /public/home/202411094934/python_project/Spatio-Temporal-Library/time-series/2026-06-16/itransformer/pretrain10/ettm1/time-series/seed_1/training_log.json
[2026-06-16 10:51:47,177][pretrain_logger][INFO] - Logged epoch Pretrain 2 info to /public/home/202411094934/python_project/Spatio-Temporal-Library/time-series/2026-06-16/itransformer/pretrain10/ettm1/time-series/seed_1/training_log.json
2026-06-16 11:02:48 - pretrain_logger - INFO - [JEPA Pretrain] Epoch 3/10, loss=0.513455, time=660.85s
[2026-06-16 11:02:48,028][pretrain_logger][INFO] - [JEPA Pretrain] Epoch 3/10, loss=0.513455, time=660.85s
2026-06-16 11:02:48 - pretrain_logger - INFO - Pretrain loss: 0.5134546563383289
[2026-06-16 11:02:48,028][pretrain_logger][INFO] - Pretrain loss: 0.5134546563383289
2026-06-16 11:02:48 - pretrain_logger - INFO - Pretrain time: 660.8502414226532s
[2026-06-16 11:02:48,029][pretrain_logger][INFO] - Pretrain time: 660.8502414226532s
2026-06-16 11:02:48 - pretrain_logger - INFO - Pretrain memory reserved: 24.00 MB
[2026-06-16 11:02:48,029][pretrain_logger][INFO] - Pretrain memory reserved: 24.00 MB
2026-06-16 11:02:48 - pretrain_logger - INFO - Pretrain memory allocated: 18.04 MB
[2026-06-16 11:02:48,029][pretrain_logger][INFO] - Pretrain memory allocated: 18.04 MB
2026-06-16 11:02:48 - pretrain_logger - INFO - Current learning rate: 0.0005
[2026-06-16 11:02:48,029][pretrain_logger][INFO] - Current learning rate: 0.0005
2026-06-16 11:02:48 - pretrain_logger - INFO - Logged epoch Pretrain 3 info to /public/home/202411094934/python_project/Spatio-Temporal-Library/time-series/2026-06-16/itransformer/pretrain10/ettm1/time-series/seed_1/training_log.json
[2026-06-16 11:02:48,032][pretrain_logger][INFO] - Logged epoch Pretrain 3 info to /public/home/202411094934/python_project/Spatio-Temporal-Library/time-series/2026-06-16/itransformer/pretrain10/ettm1/time-series/seed_1/training_log.json
2026-06-16 11:13:49 - pretrain_logger - INFO - [JEPA Pretrain] Epoch 4/10, loss=0.473315, time=661.96s
[2026-06-16 11:13:49,989][pretrain_logger][INFO] - [JEPA Pretrain] Epoch 4/10, loss=0.473315, time=661.96s
2026-06-16 11:13:50 - pretrain_logger - INFO - Pretrain loss: 0.473314518237265
[2026-06-16 11:13:50,012][pretrain_logger][INFO] - Pretrain loss: 0.473314518237265
2026-06-16 11:13:50 - pretrain_logger - INFO - Pretrain time: 661.9567575454712s
[2026-06-16 11:13:50,012][pretrain_logger][INFO] - Pretrain time: 661.9567575454712s
2026-06-16 11:13:50 - pretrain_logger - INFO - Pretrain memory reserved: 24.00 MB
[2026-06-16 11:13:50,012][pretrain_logger][INFO] - Pretrain memory reserved: 24.00 MB
2026-06-16 11:13:50 - pretrain_logger - INFO - Pretrain memory allocated: 18.04 MB
[2026-06-16 11:13:50,012][pretrain_logger][INFO] - Pretrain memory allocated: 18.04 MB
2026-06-16 11:13:50 - pretrain_logger - INFO - Current learning rate: 0.0005
[2026-06-16 11:13:50,012][pretrain_logger][INFO] - Current learning rate: 0.0005
2026-06-16 11:13:50 - pretrain_logger - INFO - Logged epoch Pretrain 4 info to /public/home/202411094934/python_project/Spatio-Temporal-Library/time-series/2026-06-16/itransformer/pretrain10/ettm1/time-series/seed_1/training_log.json
[2026-06-16 11:13:50,015][pretrain_logger][INFO] - Logged epoch Pretrain 4 info to /public/home/202411094934/python_project/Spatio-Temporal-Library/time-series/2026-06-16/itransformer/pretrain10/ettm1/time-series/seed_1/training_log.json
2026-06-16 11:24:51 - pretrain_logger - INFO - [JEPA Pretrain] Epoch 5/10, loss=0.444069, time=661.74s
[2026-06-16 11:24:51,759][pretrain_logger][INFO] - [JEPA Pretrain] Epoch 5/10, loss=0.444069, time=661.74s
2026-06-16 11:24:51 - pretrain_logger - INFO - Pretrain loss: 0.44406928629303966
[2026-06-16 11:24:51,760][pretrain_logger][INFO] - Pretrain loss: 0.44406928629303966
2026-06-16 11:24:51 - pretrain_logger - INFO - Pretrain time: 661.7433249950409s
[2026-06-16 11:24:51,760][pretrain_logger][INFO] - Pretrain time: 661.7433249950409s
2026-06-16 11:24:51 - pretrain_logger - INFO - Pretrain memory reserved: 24.00 MB
[2026-06-16 11:24:51,760][pretrain_logger][INFO] - Pretrain memory reserved: 24.00 MB
2026-06-16 11:24:51 - pretrain_logger - INFO - Pretrain memory allocated: 18.04 MB
[2026-06-16 11:24:51,760][pretrain_logger][INFO] - Pretrain memory allocated: 18.04 MB
2026-06-16 11:24:51 - pretrain_logger - INFO - Current learning rate: 0.0005
[2026-06-16 11:24:51,760][pretrain_logger][INFO] - Current learning rate: 0.0005
2026-06-16 11:24:51 - pretrain_logger - INFO - Logged epoch Pretrain 5 info to /public/home/202411094934/python_project/Spatio-Temporal-Library/time-series/2026-06-16/itransformer/pretrain10/ettm1/time-series/seed_1/training_log.json
[2026-06-16 11:24:51,763][pretrain_logger][INFO] - Logged epoch Pretrain 5 info to /public/home/202411094934/python_project/Spatio-Temporal-Library/time-series/2026-06-16/itransformer/pretrain10/ettm1/time-series/seed_1/training_log.json
2026-06-16 11:35:53 - pretrain_logger - INFO - [JEPA Pretrain] Epoch 6/10, loss=0.415768, time=662.05s
[2026-06-16 11:35:53,818][pretrain_logger][INFO] - [JEPA Pretrain] Epoch 6/10, loss=0.415768, time=662.05s
2026-06-16 11:35:53 - pretrain_logger - INFO - Pretrain loss: 0.41576831312164
[2026-06-16 11:35:53,841][pretrain_logger][INFO] - Pretrain loss: 0.41576831312164
2026-06-16 11:35:53 - pretrain_logger - INFO - Pretrain time: 662.0545017719269s
[2026-06-16 11:35:53,841][pretrain_logger][INFO] - Pretrain time: 662.0545017719269s
2026-06-16 11:35:53 - pretrain_logger - INFO - Pretrain memory reserved: 24.00 MB
[2026-06-16 11:35:53,841][pretrain_logger][INFO] - Pretrain memory reserved: 24.00 MB
2026-06-16 11:35:53 - pretrain_logger - INFO - Pretrain memory allocated: 18.04 MB
[2026-06-16 11:35:53,841][pretrain_logger][INFO] - Pretrain memory allocated: 18.04 MB
2026-06-16 11:35:53 - pretrain_logger - INFO - Current learning rate: 0.0005
[2026-06-16 11:35:53,841][pretrain_logger][INFO] - Current learning rate: 0.0005
2026-06-16 11:35:53 - pretrain_logger - INFO - Logged epoch Pretrain 6 info to /public/home/202411094934/python_project/Spatio-Temporal-Library/time-series/2026-06-16/itransformer/pretrain10/ettm1/time-series/seed_1/training_log.json
[2026-06-16 11:35:53,844][pretrain_logger][INFO] - Logged epoch Pretrain 6 info to /public/home/202411094934/python_project/Spatio-Temporal-Library/time-series/2026-06-16/itransformer/pretrain10/ettm1/time-series/seed_1/training_log.json
2026-06-16 11:46:56 - pretrain_logger - INFO - [JEPA Pretrain] Epoch 7/10, loss=0.393782, time=662.55s
[2026-06-16 11:46:56,400][pretrain_logger][INFO] - [JEPA Pretrain] Epoch 7/10, loss=0.393782, time=662.55s
2026-06-16 11:46:56 - pretrain_logger - INFO - Pretrain loss: 0.393781699950189
[2026-06-16 11:46:56,400][pretrain_logger][INFO] - Pretrain loss: 0.393781699950189
2026-06-16 11:46:56 - pretrain_logger - INFO - Pretrain time: 662.5548794269562s
[2026-06-16 11:46:56,400][pretrain_logger][INFO] - Pretrain time: 662.5548794269562s
2026-06-16 11:46:56 - pretrain_logger - INFO - Pretrain memory reserved: 24.00 MB
[2026-06-16 11:46:56,400][pretrain_logger][INFO] - Pretrain memory reserved: 24.00 MB
2026-06-16 11:46:56 - pretrain_logger - INFO - Pretrain memory allocated: 18.04 MB
[2026-06-16 11:46:56,401][pretrain_logger][INFO] - Pretrain memory allocated: 18.04 MB
2026-06-16 11:46:56 - pretrain_logger - INFO - Current learning rate: 0.0005
[2026-06-16 11:46:56,401][pretrain_logger][INFO] - Current learning rate: 0.0005
2026-06-16 11:46:56 - pretrain_logger - INFO - Logged epoch Pretrain 7 info to /public/home/202411094934/python_project/Spatio-Temporal-Library/time-series/2026-06-16/itransformer/pretrain10/ettm1/time-series/seed_1/training_log.json
[2026-06-16 11:46:56,404][pretrain_logger][INFO] - Logged epoch Pretrain 7 info to /public/home/202411094934/python_project/Spatio-Temporal-Library/time-series/2026-06-16/itransformer/pretrain10/ettm1/time-series/seed_1/training_log.json
2026-06-16 11:57:58 - pretrain_logger - INFO - [JEPA Pretrain] Epoch 8/10, loss=0.374527, time=661.87s
[2026-06-16 11:57:58,270][pretrain_logger][INFO] - [JEPA Pretrain] Epoch 8/10, loss=0.374527, time=661.87s
2026-06-16 11:57:58 - pretrain_logger - INFO - Pretrain loss: 0.37452659472886063
[2026-06-16 11:57:58,292][pretrain_logger][INFO] - Pretrain loss: 0.37452659472886063
2026-06-16 11:57:58 - pretrain_logger - INFO - Pretrain time: 661.8659164905548s
[2026-06-16 11:57:58,292][pretrain_logger][INFO] - Pretrain time: 661.8659164905548s
2026-06-16 11:57:58 - pretrain_logger - INFO - Pretrain memory reserved: 24.00 MB
[2026-06-16 11:57:58,292][pretrain_logger][INFO] - Pretrain memory reserved: 24.00 MB
2026-06-16 11:57:58 - pretrain_logger - INFO - Pretrain memory allocated: 18.04 MB
[2026-06-16 11:57:58,292][pretrain_logger][INFO] - Pretrain memory allocated: 18.04 MB
2026-06-16 11:57:58 - pretrain_logger - INFO - Current learning rate: 0.0005
[2026-06-16 11:57:58,293][pretrain_logger][INFO] - Current learning rate: 0.0005
2026-06-16 11:57:58 - pretrain_logger - INFO - Logged epoch Pretrain 8 info to /public/home/202411094934/python_project/Spatio-Temporal-Library/time-series/2026-06-16/itransformer/pretrain10/ettm1/time-series/seed_1/training_log.json
[2026-06-16 11:57:58,296][pretrain_logger][INFO] - Logged epoch Pretrain 8 info to /public/home/202411094934/python_project/Spatio-Temporal-Library/time-series/2026-06-16/itransformer/pretrain10/ettm1/time-series/seed_1/training_log.json
2026-06-16 12:09:00 - pretrain_logger - INFO - [JEPA Pretrain] Epoch 9/10, loss=0.352815, time=661.98s
[2026-06-16 12:09:00,276][pretrain_logger][INFO] - [JEPA Pretrain] Epoch 9/10, loss=0.352815, time=661.98s
2026-06-16 12:09:00 - pretrain_logger - INFO - Pretrain loss: 0.35281545741532555
[2026-06-16 12:09:00,276][pretrain_logger][INFO] - Pretrain loss: 0.35281545741532555
2026-06-16 12:09:00 - pretrain_logger - INFO - Pretrain time: 661.9797627925873s
[2026-06-16 12:09:00,276][pretrain_logger][INFO] - Pretrain time: 661.9797627925873s
2026-06-16 12:09:00 - pretrain_logger - INFO - Pretrain memory reserved: 24.00 MB
[2026-06-16 12:09:00,276][pretrain_logger][INFO] - Pretrain memory reserved: 24.00 MB
2026-06-16 12:09:00 - pretrain_logger - INFO - Pretrain memory allocated: 18.04 MB
[2026-06-16 12:09:00,277][pretrain_logger][INFO] - Pretrain memory allocated: 18.04 MB
2026-06-16 12:09:00 - pretrain_logger - INFO - Current learning rate: 0.0005
[2026-06-16 12:09:00,277][pretrain_logger][INFO] - Current learning rate: 0.0005
2026-06-16 12:09:00 - pretrain_logger - INFO - Logged epoch Pretrain 9 info to /public/home/202411094934/python_project/Spatio-Temporal-Library/time-series/2026-06-16/itransformer/pretrain10/ettm1/time-series/seed_1/training_log.json
[2026-06-16 12:09:00,280][pretrain_logger][INFO] - Logged epoch Pretrain 9 info to /public/home/202411094934/python_project/Spatio-Temporal-Library/time-series/2026-06-16/itransformer/pretrain10/ettm1/time-series/seed_1/training_log.json
2026-06-16 12:20:01 - pretrain_logger - INFO - [JEPA Pretrain] Epoch 10/10, loss=0.339070, time=661.19s
[2026-06-16 12:20:01,468][pretrain_logger][INFO] - [JEPA Pretrain] Epoch 10/10, loss=0.339070, time=661.19s
2026-06-16 12:20:01 - pretrain_logger - INFO - Pretrain loss: 0.3390701166083342
[2026-06-16 12:20:01,491][pretrain_logger][INFO] - Pretrain loss: 0.3390701166083342
2026-06-16 12:20:01 - pretrain_logger - INFO - Pretrain time: 661.1884634494781s
[2026-06-16 12:20:01,491][pretrain_logger][INFO] - Pretrain time: 661.1884634494781s
2026-06-16 12:20:01 - pretrain_logger - INFO - Pretrain memory reserved: 24.00 MB
[2026-06-16 12:20:01,492][pretrain_logger][INFO] - Pretrain memory reserved: 24.00 MB
2026-06-16 12:20:01 - pretrain_logger - INFO - Pretrain memory allocated: 18.04 MB
[2026-06-16 12:20:01,492][pretrain_logger][INFO] - Pretrain memory allocated: 18.04 MB
2026-06-16 12:20:01 - pretrain_logger - INFO - Current learning rate: 0.0005
[2026-06-16 12:20:01,492][pretrain_logger][INFO] - Current learning rate: 0.0005
2026-06-16 12:20:01 - pretrain_logger - INFO - Logged epoch Pretrain 10 info to /public/home/202411094934/python_project/Spatio-Temporal-Library/time-series/2026-06-16/itransformer/pretrain10/ettm1/time-series/seed_1/training_log.json
[2026-06-16 12:20:01,495][pretrain_logger][INFO] - Logged epoch Pretrain 10 info to /public/home/202411094934/python_project/Spatio-Temporal-Library/time-series/2026-06-16/itransformer/pretrain10/ettm1/time-series/seed_1/training_log.json
2026-06-16 12:20:01 - pretrain_logger - INFO - JEPA pretraining completed.
[2026-06-16 12:20:01,495][pretrain_logger][INFO] - JEPA pretraining completed.
