2026-06-19 00:41:34 - pretrain_logger - INFO - Model parameters: 651,842
[2026-06-19 00:41:34,368][pretrain_logger][INFO] - Model parameters: 651,842
2026-06-19 00:41:34 - pretrain_logger - INFO - Created new log file at /public/home/202411094934/python_project/Spatio-Temporal-Library/time-series/2026-06-19/patchtst/pretrain10/etth1/time-series/seed_2/training_log.json
[2026-06-19 00:41:34,380][pretrain_logger][INFO] - Created new log file at /public/home/202411094934/python_project/Spatio-Temporal-Library/time-series/2026-06-19/patchtst/pretrain10/etth1/time-series/seed_2/training_log.json
2026-06-19 00:41:34 - pretrain_logger - INFO - Starting JEPA pretraining...
[2026-06-19 00:41:34,380][pretrain_logger][INFO] - Starting JEPA pretraining...
2026-06-19 00:41:39 - pretrain_logger - INFO - Model parameters: 651,842
[2026-06-19 00:41:39,916][pretrain_logger][INFO] - Model parameters: 651,842
2026-06-19 00:41:40 - pretrain_logger - INFO - Log file already exists at /public/home/202411094934/python_project/Spatio-Temporal-Library/time-series/2026-06-19/patchtst/pretrain10/etth1/time-series/seed_2/training_log.json, appending to it.
[2026-06-19 00:41:40,196][pretrain_logger][INFO] - Log file already exists at /public/home/202411094934/python_project/Spatio-Temporal-Library/time-series/2026-06-19/patchtst/pretrain10/etth1/time-series/seed_2/training_log.json, appending to it.
2026-06-19 00:41:40 - pretrain_logger - INFO - Starting JEPA pretraining...
[2026-06-19 00:41:40,200][pretrain_logger][INFO] - Starting JEPA pretraining...
2026-06-19 00:42:29 - pretrain_logger - INFO - Model parameters: 651,842
[2026-06-19 00:42:29,264][pretrain_logger][INFO] - Model parameters: 651,842
2026-06-19 00:42:29 - pretrain_logger - INFO - Log file already exists at /public/home/202411094934/python_project/Spatio-Temporal-Library/time-series/2026-06-19/patchtst/pretrain10/etth1/time-series/seed_2/training_log.json, appending to it.
[2026-06-19 00:42:29,272][pretrain_logger][INFO] - Log file already exists at /public/home/202411094934/python_project/Spatio-Temporal-Library/time-series/2026-06-19/patchtst/pretrain10/etth1/time-series/seed_2/training_log.json, appending to it.
2026-06-19 00:42:29 - pretrain_logger - INFO - Starting JEPA pretraining...
[2026-06-19 00:42:29,272][pretrain_logger][INFO] - Starting JEPA pretraining...
2026-06-19 00:43:36 - pretrain_logger - INFO - Model parameters: 651,842
[2026-06-19 00:43:36,318][pretrain_logger][INFO] - Model parameters: 651,842
2026-06-19 00:43:36 - pretrain_logger - INFO - Log file already exists at /public/home/202411094934/python_project/Spatio-Temporal-Library/time-series/2026-06-19/patchtst/pretrain10/etth1/time-series/seed_2/training_log.json, appending to it.
[2026-06-19 00:43:36,325][pretrain_logger][INFO] - Log file already exists at /public/home/202411094934/python_project/Spatio-Temporal-Library/time-series/2026-06-19/patchtst/pretrain10/etth1/time-series/seed_2/training_log.json, appending to it.
2026-06-19 00:43:36 - pretrain_logger - INFO - Starting JEPA pretraining...
[2026-06-19 00:43:36,326][pretrain_logger][INFO] - Starting JEPA pretraining...
2026-06-19 00:43:54 - pretrain_logger - INFO - Model parameters: 651,842
[2026-06-19 00:43:54,921][pretrain_logger][INFO] - Model parameters: 651,842
2026-06-19 00:43:54 - pretrain_logger - INFO - Log file already exists at /public/home/202411094934/python_project/Spatio-Temporal-Library/time-series/2026-06-19/patchtst/pretrain10/etth1/time-series/seed_2/training_log.json, appending to it.
[2026-06-19 00:43:54,928][pretrain_logger][INFO] - Log file already exists at /public/home/202411094934/python_project/Spatio-Temporal-Library/time-series/2026-06-19/patchtst/pretrain10/etth1/time-series/seed_2/training_log.json, appending to it.
2026-06-19 00:43:54 - pretrain_logger - INFO - Starting JEPA pretraining...
[2026-06-19 00:43:54,929][pretrain_logger][INFO] - Starting JEPA pretraining...
2026-06-19 00:45:56 - pretrain_logger - INFO - [JEPA Pretrain] Epoch 1/10, loss=2.394347, time=121.89s
[2026-06-19 00:45:56,815][pretrain_logger][INFO] - [JEPA Pretrain] Epoch 1/10, loss=2.394347, time=121.89s
2026-06-19 00:45:56 - pretrain_logger - INFO - Pretrain loss: 2.394347499038166
[2026-06-19 00:45:56,816][pretrain_logger][INFO] - Pretrain loss: 2.394347499038166
2026-06-19 00:45:56 - pretrain_logger - INFO - Pretrain time: 121.88662958145142s
[2026-06-19 00:45:56,816][pretrain_logger][INFO] - Pretrain time: 121.88662958145142s
2026-06-19 00:45:56 - pretrain_logger - INFO - Pretrain memory reserved: 88.00 MB
[2026-06-19 00:45:56,816][pretrain_logger][INFO] - Pretrain memory reserved: 88.00 MB
2026-06-19 00:45:56 - pretrain_logger - INFO - Pretrain memory allocated: 19.35 MB
[2026-06-19 00:45:56,816][pretrain_logger][INFO] - Pretrain memory allocated: 19.35 MB
2026-06-19 00:45:56 - pretrain_logger - INFO - Current learning rate: 0.0005
[2026-06-19 00:45:56,817][pretrain_logger][INFO] - Current learning rate: 0.0005
2026-06-19 00:45:56 - pretrain_logger - INFO - Logged epoch Pretrain 1 info to /public/home/202411094934/python_project/Spatio-Temporal-Library/time-series/2026-06-19/patchtst/pretrain10/etth1/time-series/seed_2/training_log.json
[2026-06-19 00:45:56,821][pretrain_logger][INFO] - Logged epoch Pretrain 1 info to /public/home/202411094934/python_project/Spatio-Temporal-Library/time-series/2026-06-19/patchtst/pretrain10/etth1/time-series/seed_2/training_log.json
2026-06-19 00:47:58 - pretrain_logger - INFO - [JEPA Pretrain] Epoch 2/10, loss=1.861703, time=121.57s
[2026-06-19 00:47:58,389][pretrain_logger][INFO] - [JEPA Pretrain] Epoch 2/10, loss=1.861703, time=121.57s
2026-06-19 00:47:58 - pretrain_logger - INFO - Pretrain loss: 1.861702571913243
[2026-06-19 00:47:58,407][pretrain_logger][INFO] - Pretrain loss: 1.861702571913243
2026-06-19 00:47:58 - pretrain_logger - INFO - Pretrain time: 121.56695413589478s
[2026-06-19 00:47:58,408][pretrain_logger][INFO] - Pretrain time: 121.56695413589478s
2026-06-19 00:47:58 - pretrain_logger - INFO - Pretrain memory reserved: 88.00 MB
[2026-06-19 00:47:58,408][pretrain_logger][INFO] - Pretrain memory reserved: 88.00 MB
2026-06-19 00:47:58 - pretrain_logger - INFO - Pretrain memory allocated: 19.35 MB
[2026-06-19 00:47:58,408][pretrain_logger][INFO] - Pretrain memory allocated: 19.35 MB
2026-06-19 00:47:58 - pretrain_logger - INFO - Current learning rate: 0.0005
[2026-06-19 00:47:58,408][pretrain_logger][INFO] - Current learning rate: 0.0005
2026-06-19 00:47:58 - pretrain_logger - INFO - Logged epoch Pretrain 2 info to /public/home/202411094934/python_project/Spatio-Temporal-Library/time-series/2026-06-19/patchtst/pretrain10/etth1/time-series/seed_2/training_log.json
[2026-06-19 00:47:58,411][pretrain_logger][INFO] - Logged epoch Pretrain 2 info to /public/home/202411094934/python_project/Spatio-Temporal-Library/time-series/2026-06-19/patchtst/pretrain10/etth1/time-series/seed_2/training_log.json
2026-06-19 00:50:00 - pretrain_logger - INFO - [JEPA Pretrain] Epoch 3/10, loss=1.678149, time=122.18s
[2026-06-19 00:50:00,589][pretrain_logger][INFO] - [JEPA Pretrain] Epoch 3/10, loss=1.678149, time=122.18s
2026-06-19 00:50:00 - pretrain_logger - INFO - Pretrain loss: 1.6781494738590765
[2026-06-19 00:50:00,590][pretrain_logger][INFO] - Pretrain loss: 1.6781494738590765
2026-06-19 00:50:00 - pretrain_logger - INFO - Pretrain time: 122.17840123176575s
[2026-06-19 00:50:00,590][pretrain_logger][INFO] - Pretrain time: 122.17840123176575s
2026-06-19 00:50:00 - pretrain_logger - INFO - Pretrain memory reserved: 88.00 MB
[2026-06-19 00:50:00,590][pretrain_logger][INFO] - Pretrain memory reserved: 88.00 MB
2026-06-19 00:50:00 - pretrain_logger - INFO - Pretrain memory allocated: 19.35 MB
[2026-06-19 00:50:00,590][pretrain_logger][INFO] - Pretrain memory allocated: 19.35 MB
2026-06-19 00:50:00 - pretrain_logger - INFO - Current learning rate: 0.0005
[2026-06-19 00:50:00,590][pretrain_logger][INFO] - Current learning rate: 0.0005
2026-06-19 00:50:00 - pretrain_logger - INFO - Logged epoch Pretrain 3 info to /public/home/202411094934/python_project/Spatio-Temporal-Library/time-series/2026-06-19/patchtst/pretrain10/etth1/time-series/seed_2/training_log.json
[2026-06-19 00:50:00,593][pretrain_logger][INFO] - Logged epoch Pretrain 3 info to /public/home/202411094934/python_project/Spatio-Temporal-Library/time-series/2026-06-19/patchtst/pretrain10/etth1/time-series/seed_2/training_log.json
2026-06-19 00:51:21 - pretrain_logger - INFO - Model parameters: 651,842
[2026-06-19 00:51:21,185][pretrain_logger][INFO] - Model parameters: 651,842
2026-06-19 00:51:21 - pretrain_logger - INFO - Log file already exists at /public/home/202411094934/python_project/Spatio-Temporal-Library/time-series/2026-06-19/patchtst/pretrain10/etth1/time-series/seed_2/training_log.json, appending to it.
[2026-06-19 00:51:21,193][pretrain_logger][INFO] - Log file already exists at /public/home/202411094934/python_project/Spatio-Temporal-Library/time-series/2026-06-19/patchtst/pretrain10/etth1/time-series/seed_2/training_log.json, appending to it.
2026-06-19 00:51:21 - pretrain_logger - INFO - Starting JEPA pretraining...
[2026-06-19 00:51:21,194][pretrain_logger][INFO] - Starting JEPA pretraining...
2026-06-19 00:53:23 - pretrain_logger - INFO - [JEPA Pretrain] Epoch 1/10, loss=2.394347, time=122.03s
[2026-06-19 00:53:23,222][pretrain_logger][INFO] - [JEPA Pretrain] Epoch 1/10, loss=2.394347, time=122.03s
2026-06-19 00:53:23 - pretrain_logger - INFO - Pretrain loss: 2.394347499038166
[2026-06-19 00:53:23,223][pretrain_logger][INFO] - Pretrain loss: 2.394347499038166
2026-06-19 00:53:23 - pretrain_logger - INFO - Pretrain time: 122.02825498580933s
[2026-06-19 00:53:23,223][pretrain_logger][INFO] - Pretrain time: 122.02825498580933s
2026-06-19 00:53:23 - pretrain_logger - INFO - Pretrain memory reserved: 88.00 MB
[2026-06-19 00:53:23,223][pretrain_logger][INFO] - Pretrain memory reserved: 88.00 MB
2026-06-19 00:53:23 - pretrain_logger - INFO - Pretrain memory allocated: 19.35 MB
[2026-06-19 00:53:23,223][pretrain_logger][INFO] - Pretrain memory allocated: 19.35 MB
2026-06-19 00:53:23 - pretrain_logger - INFO - Current learning rate: 0.0005
[2026-06-19 00:53:23,223][pretrain_logger][INFO] - Current learning rate: 0.0005
2026-06-19 00:53:23 - pretrain_logger - INFO - Logged epoch Pretrain 1 info to /public/home/202411094934/python_project/Spatio-Temporal-Library/time-series/2026-06-19/patchtst/pretrain10/etth1/time-series/seed_2/training_log.json
[2026-06-19 00:53:23,225][pretrain_logger][INFO] - Logged epoch Pretrain 1 info to /public/home/202411094934/python_project/Spatio-Temporal-Library/time-series/2026-06-19/patchtst/pretrain10/etth1/time-series/seed_2/training_log.json
2026-06-19 00:55:25 - pretrain_logger - INFO - [JEPA Pretrain] Epoch 2/10, loss=1.861703, time=121.84s
[2026-06-19 00:55:25,068][pretrain_logger][INFO] - [JEPA Pretrain] Epoch 2/10, loss=1.861703, time=121.84s
2026-06-19 00:55:25 - pretrain_logger - INFO - Pretrain loss: 1.861702571913243
[2026-06-19 00:55:25,088][pretrain_logger][INFO] - Pretrain loss: 1.861702571913243
2026-06-19 00:55:25 - pretrain_logger - INFO - Pretrain time: 121.84276819229126s
[2026-06-19 00:55:25,089][pretrain_logger][INFO] - Pretrain time: 121.84276819229126s
2026-06-19 00:55:25 - pretrain_logger - INFO - Pretrain memory reserved: 88.00 MB
[2026-06-19 00:55:25,089][pretrain_logger][INFO] - Pretrain memory reserved: 88.00 MB
2026-06-19 00:55:25 - pretrain_logger - INFO - Pretrain memory allocated: 19.35 MB
[2026-06-19 00:55:25,089][pretrain_logger][INFO] - Pretrain memory allocated: 19.35 MB
2026-06-19 00:55:25 - pretrain_logger - INFO - Current learning rate: 0.0005
[2026-06-19 00:55:25,089][pretrain_logger][INFO] - Current learning rate: 0.0005
2026-06-19 00:55:25 - pretrain_logger - INFO - Logged epoch Pretrain 2 info to /public/home/202411094934/python_project/Spatio-Temporal-Library/time-series/2026-06-19/patchtst/pretrain10/etth1/time-series/seed_2/training_log.json
[2026-06-19 00:55:25,092][pretrain_logger][INFO] - Logged epoch Pretrain 2 info to /public/home/202411094934/python_project/Spatio-Temporal-Library/time-series/2026-06-19/patchtst/pretrain10/etth1/time-series/seed_2/training_log.json
2026-06-19 00:57:26 - pretrain_logger - INFO - [JEPA Pretrain] Epoch 3/10, loss=1.678149, time=121.67s
[2026-06-19 00:57:26,763][pretrain_logger][INFO] - [JEPA Pretrain] Epoch 3/10, loss=1.678149, time=121.67s
2026-06-19 00:57:26 - pretrain_logger - INFO - Pretrain loss: 1.6781494738590765
[2026-06-19 00:57:26,764][pretrain_logger][INFO] - Pretrain loss: 1.6781494738590765
2026-06-19 00:57:26 - pretrain_logger - INFO - Pretrain time: 121.67151546478271s
[2026-06-19 00:57:26,764][pretrain_logger][INFO] - Pretrain time: 121.67151546478271s
2026-06-19 00:57:26 - pretrain_logger - INFO - Pretrain memory reserved: 88.00 MB
[2026-06-19 00:57:26,764][pretrain_logger][INFO] - Pretrain memory reserved: 88.00 MB
2026-06-19 00:57:26 - pretrain_logger - INFO - Pretrain memory allocated: 19.35 MB
[2026-06-19 00:57:26,764][pretrain_logger][INFO] - Pretrain memory allocated: 19.35 MB
2026-06-19 00:57:26 - pretrain_logger - INFO - Current learning rate: 0.0005
[2026-06-19 00:57:26,764][pretrain_logger][INFO] - Current learning rate: 0.0005
2026-06-19 00:57:26 - pretrain_logger - INFO - Logged epoch Pretrain 3 info to /public/home/202411094934/python_project/Spatio-Temporal-Library/time-series/2026-06-19/patchtst/pretrain10/etth1/time-series/seed_2/training_log.json
[2026-06-19 00:57:26,767][pretrain_logger][INFO] - Logged epoch Pretrain 3 info to /public/home/202411094934/python_project/Spatio-Temporal-Library/time-series/2026-06-19/patchtst/pretrain10/etth1/time-series/seed_2/training_log.json
2026-06-19 00:59:28 - pretrain_logger - INFO - [JEPA Pretrain] Epoch 4/10, loss=1.365120, time=121.61s
[2026-06-19 00:59:28,375][pretrain_logger][INFO] - [JEPA Pretrain] Epoch 4/10, loss=1.365120, time=121.61s
2026-06-19 00:59:28 - pretrain_logger - INFO - Pretrain loss: 1.3651199563742369
[2026-06-19 00:59:28,393][pretrain_logger][INFO] - Pretrain loss: 1.3651199563742369
2026-06-19 00:59:28 - pretrain_logger - INFO - Pretrain time: 121.60759353637695s
[2026-06-19 00:59:28,393][pretrain_logger][INFO] - Pretrain time: 121.60759353637695s
2026-06-19 00:59:28 - pretrain_logger - INFO - Pretrain memory reserved: 88.00 MB
[2026-06-19 00:59:28,393][pretrain_logger][INFO] - Pretrain memory reserved: 88.00 MB
2026-06-19 00:59:28 - pretrain_logger - INFO - Pretrain memory allocated: 19.35 MB
[2026-06-19 00:59:28,393][pretrain_logger][INFO] - Pretrain memory allocated: 19.35 MB
2026-06-19 00:59:28 - pretrain_logger - INFO - Current learning rate: 0.0005
[2026-06-19 00:59:28,394][pretrain_logger][INFO] - Current learning rate: 0.0005
2026-06-19 00:59:28 - pretrain_logger - INFO - Logged epoch Pretrain 4 info to /public/home/202411094934/python_project/Spatio-Temporal-Library/time-series/2026-06-19/patchtst/pretrain10/etth1/time-series/seed_2/training_log.json
[2026-06-19 00:59:28,396][pretrain_logger][INFO] - Logged epoch Pretrain 4 info to /public/home/202411094934/python_project/Spatio-Temporal-Library/time-series/2026-06-19/patchtst/pretrain10/etth1/time-series/seed_2/training_log.json
2026-06-19 01:01:29 - pretrain_logger - INFO - [JEPA Pretrain] Epoch 5/10, loss=1.238039, time=121.57s
[2026-06-19 01:01:29,971][pretrain_logger][INFO] - [JEPA Pretrain] Epoch 5/10, loss=1.238039, time=121.57s
2026-06-19 01:01:29 - pretrain_logger - INFO - Pretrain loss: 1.2380393482064938
[2026-06-19 01:01:29,971][pretrain_logger][INFO] - Pretrain loss: 1.2380393482064938
2026-06-19 01:01:29 - pretrain_logger - INFO - Pretrain time: 121.57398986816406s
[2026-06-19 01:01:29,971][pretrain_logger][INFO] - Pretrain time: 121.57398986816406s
2026-06-19 01:01:29 - pretrain_logger - INFO - Pretrain memory reserved: 88.00 MB
[2026-06-19 01:01:29,972][pretrain_logger][INFO] - Pretrain memory reserved: 88.00 MB
2026-06-19 01:01:29 - pretrain_logger - INFO - Pretrain memory allocated: 19.35 MB
[2026-06-19 01:01:29,972][pretrain_logger][INFO] - Pretrain memory allocated: 19.35 MB
2026-06-19 01:01:29 - pretrain_logger - INFO - Current learning rate: 0.0005
[2026-06-19 01:01:29,972][pretrain_logger][INFO] - Current learning rate: 0.0005
2026-06-19 01:01:29 - pretrain_logger - INFO - Logged epoch Pretrain 5 info to /public/home/202411094934/python_project/Spatio-Temporal-Library/time-series/2026-06-19/patchtst/pretrain10/etth1/time-series/seed_2/training_log.json
[2026-06-19 01:01:29,975][pretrain_logger][INFO] - Logged epoch Pretrain 5 info to /public/home/202411094934/python_project/Spatio-Temporal-Library/time-series/2026-06-19/patchtst/pretrain10/etth1/time-series/seed_2/training_log.json
2026-06-19 01:03:31 - pretrain_logger - INFO - [JEPA Pretrain] Epoch 6/10, loss=1.134138, time=121.72s
[2026-06-19 01:03:31,696][pretrain_logger][INFO] - [JEPA Pretrain] Epoch 6/10, loss=1.134138, time=121.72s
2026-06-19 01:03:31 - pretrain_logger - INFO - Pretrain loss: 1.1341383986552687
[2026-06-19 01:03:31,715][pretrain_logger][INFO] - Pretrain loss: 1.1341383986552687
2026-06-19 01:03:31 - pretrain_logger - INFO - Pretrain time: 121.72124600410461s
[2026-06-19 01:03:31,715][pretrain_logger][INFO] - Pretrain time: 121.72124600410461s
2026-06-19 01:03:31 - pretrain_logger - INFO - Pretrain memory reserved: 88.00 MB
[2026-06-19 01:03:31,715][pretrain_logger][INFO] - Pretrain memory reserved: 88.00 MB
2026-06-19 01:03:31 - pretrain_logger - INFO - Pretrain memory allocated: 19.35 MB
[2026-06-19 01:03:31,715][pretrain_logger][INFO] - Pretrain memory allocated: 19.35 MB
2026-06-19 01:03:31 - pretrain_logger - INFO - Current learning rate: 0.0005
[2026-06-19 01:03:31,715][pretrain_logger][INFO] - Current learning rate: 0.0005
2026-06-19 01:03:31 - pretrain_logger - INFO - Logged epoch Pretrain 6 info to /public/home/202411094934/python_project/Spatio-Temporal-Library/time-series/2026-06-19/patchtst/pretrain10/etth1/time-series/seed_2/training_log.json
[2026-06-19 01:03:31,718][pretrain_logger][INFO] - Logged epoch Pretrain 6 info to /public/home/202411094934/python_project/Spatio-Temporal-Library/time-series/2026-06-19/patchtst/pretrain10/etth1/time-series/seed_2/training_log.json
2026-06-19 01:05:33 - pretrain_logger - INFO - [JEPA Pretrain] Epoch 7/10, loss=0.982831, time=121.63s
[2026-06-19 01:05:33,349][pretrain_logger][INFO] - [JEPA Pretrain] Epoch 7/10, loss=0.982831, time=121.63s
2026-06-19 01:05:33 - pretrain_logger - INFO - Pretrain loss: 0.9828312397927229
[2026-06-19 01:05:33,349][pretrain_logger][INFO] - Pretrain loss: 0.9828312397927229
2026-06-19 01:05:33 - pretrain_logger - INFO - Pretrain time: 121.63018918037415s
[2026-06-19 01:05:33,349][pretrain_logger][INFO] - Pretrain time: 121.63018918037415s
2026-06-19 01:05:33 - pretrain_logger - INFO - Pretrain memory reserved: 88.00 MB
[2026-06-19 01:05:33,349][pretrain_logger][INFO] - Pretrain memory reserved: 88.00 MB
2026-06-19 01:05:33 - pretrain_logger - INFO - Pretrain memory allocated: 19.35 MB
[2026-06-19 01:05:33,350][pretrain_logger][INFO] - Pretrain memory allocated: 19.35 MB
2026-06-19 01:05:33 - pretrain_logger - INFO - Current learning rate: 0.0005
[2026-06-19 01:05:33,350][pretrain_logger][INFO] - Current learning rate: 0.0005
2026-06-19 01:05:33 - pretrain_logger - INFO - Logged epoch Pretrain 7 info to /public/home/202411094934/python_project/Spatio-Temporal-Library/time-series/2026-06-19/patchtst/pretrain10/etth1/time-series/seed_2/training_log.json
[2026-06-19 01:05:33,352][pretrain_logger][INFO] - Logged epoch Pretrain 7 info to /public/home/202411094934/python_project/Spatio-Temporal-Library/time-series/2026-06-19/patchtst/pretrain10/etth1/time-series/seed_2/training_log.json
2026-06-19 01:07:35 - pretrain_logger - INFO - [JEPA Pretrain] Epoch 8/10, loss=0.846621, time=121.67s
[2026-06-19 01:07:35,019][pretrain_logger][INFO] - [JEPA Pretrain] Epoch 8/10, loss=0.846621, time=121.67s
2026-06-19 01:07:35 - pretrain_logger - INFO - Pretrain loss: 0.8466208305540875
[2026-06-19 01:07:35,037][pretrain_logger][INFO] - Pretrain loss: 0.8466208305540875
2026-06-19 01:07:35 - pretrain_logger - INFO - Pretrain time: 121.66628646850586s
[2026-06-19 01:07:35,038][pretrain_logger][INFO] - Pretrain time: 121.66628646850586s
2026-06-19 01:07:35 - pretrain_logger - INFO - Pretrain memory reserved: 88.00 MB
[2026-06-19 01:07:35,038][pretrain_logger][INFO] - Pretrain memory reserved: 88.00 MB
2026-06-19 01:07:35 - pretrain_logger - INFO - Pretrain memory allocated: 19.35 MB
[2026-06-19 01:07:35,038][pretrain_logger][INFO] - Pretrain memory allocated: 19.35 MB
2026-06-19 01:07:35 - pretrain_logger - INFO - Current learning rate: 0.0005
[2026-06-19 01:07:35,038][pretrain_logger][INFO] - Current learning rate: 0.0005
2026-06-19 01:07:35 - pretrain_logger - INFO - Logged epoch Pretrain 8 info to /public/home/202411094934/python_project/Spatio-Temporal-Library/time-series/2026-06-19/patchtst/pretrain10/etth1/time-series/seed_2/training_log.json
[2026-06-19 01:07:35,041][pretrain_logger][INFO] - Logged epoch Pretrain 8 info to /public/home/202411094934/python_project/Spatio-Temporal-Library/time-series/2026-06-19/patchtst/pretrain10/etth1/time-series/seed_2/training_log.json
2026-06-19 01:09:36 - pretrain_logger - INFO - [JEPA Pretrain] Epoch 9/10, loss=0.677289, time=121.86s
[2026-06-19 01:09:36,897][pretrain_logger][INFO] - [JEPA Pretrain] Epoch 9/10, loss=0.677289, time=121.86s
2026-06-19 01:09:36 - pretrain_logger - INFO - Pretrain loss: 0.6772889003521948
[2026-06-19 01:09:36,897][pretrain_logger][INFO] - Pretrain loss: 0.6772889003521948
2026-06-19 01:09:36 - pretrain_logger - INFO - Pretrain time: 121.85549664497375s
[2026-06-19 01:09:36,897][pretrain_logger][INFO] - Pretrain time: 121.85549664497375s
2026-06-19 01:09:36 - pretrain_logger - INFO - Pretrain memory reserved: 88.00 MB
[2026-06-19 01:09:36,897][pretrain_logger][INFO] - Pretrain memory reserved: 88.00 MB
2026-06-19 01:09:36 - pretrain_logger - INFO - Pretrain memory allocated: 19.35 MB
[2026-06-19 01:09:36,898][pretrain_logger][INFO] - Pretrain memory allocated: 19.35 MB
2026-06-19 01:09:36 - pretrain_logger - INFO - Current learning rate: 0.0005
[2026-06-19 01:09:36,898][pretrain_logger][INFO] - Current learning rate: 0.0005
2026-06-19 01:09:36 - pretrain_logger - INFO - Logged epoch Pretrain 9 info to /public/home/202411094934/python_project/Spatio-Temporal-Library/time-series/2026-06-19/patchtst/pretrain10/etth1/time-series/seed_2/training_log.json
[2026-06-19 01:09:36,901][pretrain_logger][INFO] - Logged epoch Pretrain 9 info to /public/home/202411094934/python_project/Spatio-Temporal-Library/time-series/2026-06-19/patchtst/pretrain10/etth1/time-series/seed_2/training_log.json
2026-06-19 01:11:38 - pretrain_logger - INFO - [JEPA Pretrain] Epoch 10/10, loss=0.694884, time=121.70s
[2026-06-19 01:11:38,596][pretrain_logger][INFO] - [JEPA Pretrain] Epoch 10/10, loss=0.694884, time=121.70s
2026-06-19 01:11:38 - pretrain_logger - INFO - Pretrain loss: 0.6948844760176506
[2026-06-19 01:11:38,615][pretrain_logger][INFO] - Pretrain loss: 0.6948844760176506
2026-06-19 01:11:38 - pretrain_logger - INFO - Pretrain time: 121.69519281387329s
[2026-06-19 01:11:38,615][pretrain_logger][INFO] - Pretrain time: 121.69519281387329s
2026-06-19 01:11:38 - pretrain_logger - INFO - Pretrain memory reserved: 88.00 MB
[2026-06-19 01:11:38,615][pretrain_logger][INFO] - Pretrain memory reserved: 88.00 MB
2026-06-19 01:11:38 - pretrain_logger - INFO - Pretrain memory allocated: 19.35 MB
[2026-06-19 01:11:38,615][pretrain_logger][INFO] - Pretrain memory allocated: 19.35 MB
2026-06-19 01:11:38 - pretrain_logger - INFO - Current learning rate: 0.0005
[2026-06-19 01:11:38,615][pretrain_logger][INFO] - Current learning rate: 0.0005
2026-06-19 01:11:38 - pretrain_logger - INFO - Logged epoch Pretrain 10 info to /public/home/202411094934/python_project/Spatio-Temporal-Library/time-series/2026-06-19/patchtst/pretrain10/etth1/time-series/seed_2/training_log.json
[2026-06-19 01:11:38,618][pretrain_logger][INFO] - Logged epoch Pretrain 10 info to /public/home/202411094934/python_project/Spatio-Temporal-Library/time-series/2026-06-19/patchtst/pretrain10/etth1/time-series/seed_2/training_log.json
2026-06-19 01:11:38 - pretrain_logger - INFO - JEPA pretraining completed.
[2026-06-19 01:11:38,618][pretrain_logger][INFO] - JEPA pretraining completed.
