2026-06-19 23:07:14 - finetune_logger - INFO - Loaded pretrained checkpoint from: /public/home/202411094934/python_project/Spatio-Temporal-Library/time-series/2026-06-19/patchtst/pretrain10/pulse/time-series/seed_2/jepa_pretrain_epoch_10.pth
Missing keys: []
Unexpected keys: []
[2026-06-19 23:07:14,155][finetune_logger][INFO] - Loaded pretrained checkpoint from: /public/home/202411094934/python_project/Spatio-Temporal-Library/time-series/2026-06-19/patchtst/pretrain10/pulse/time-series/seed_2/jepa_pretrain_epoch_10.pth
Missing keys: []
Unexpected keys: []
2026-06-19 23:07:14 - finetune_logger - INFO - Model parameters: 159,554
[2026-06-19 23:07:14,157][finetune_logger][INFO] - Model parameters: 159,554
2026-06-19 23:07:14 - finetune_logger - INFO - Created new log file at /public/home/202411094934/python_project/Spatio-Temporal-Library/time-series/2026-06-19/patchtst/pretrain10_finetune10/pulse/time-series/seed_2/training_log.json
[2026-06-19 23:07:14,160][finetune_logger][INFO] - Created new log file at /public/home/202411094934/python_project/Spatio-Temporal-Library/time-series/2026-06-19/patchtst/pretrain10_finetune10/pulse/time-series/seed_2/training_log.json
2026-06-19 23:07:14 - finetune_logger - INFO - Starting training...
[2026-06-19 23:07:14,160][finetune_logger][INFO] - Starting training...
2026-06-19 23:07:14 - finetune_logger - INFO - Epoch 1/10
[2026-06-19 23:07:14,160][finetune_logger][INFO] - Epoch 1/10
2026-06-19 23:09:35 - finetune_logger - INFO - Train loss: 0.045765262127949125
[2026-06-19 23:09:35,672][finetune_logger][INFO] - Train loss: 0.045765262127949125
2026-06-19 23:09:35 - finetune_logger - INFO - Train time: 141.5117609500885s
[2026-06-19 23:09:35,673][finetune_logger][INFO] - Train time: 141.5117609500885s
2026-06-19 23:09:35 - finetune_logger - INFO - Train memory reserved: 24.00 MB
[2026-06-19 23:09:35,673][finetune_logger][INFO] - Train memory reserved: 24.00 MB
2026-06-19 23:09:35 - finetune_logger - INFO - Train memory allocated: 18.10 MB
[2026-06-19 23:09:35,673][finetune_logger][INFO] - Train memory allocated: 18.10 MB
2026-06-19 23:09:35 - finetune_logger - INFO - Current learning rate: 0.0005
[2026-06-19 23:09:35,673][finetune_logger][INFO] - Current learning rate: 0.0005
2026-06-19 23:09:44 - finetune_logger - INFO - Validation metrics: {'MAE': 0.03114576906520862, 'RMSE': 0.05062960805558197}
[2026-06-19 23:09:44,594][finetune_logger][INFO] - Validation metrics: {'MAE': 0.03114576906520862, 'RMSE': 0.05062960805558197}
2026-06-19 23:09:44 - finetune_logger - INFO - Val time: 8.92s
[2026-06-19 23:09:44,594][finetune_logger][INFO] - Val time: 8.92s
2026-06-19 23:09:44 - finetune_logger - INFO - Val memory reserved: 24.00 MB
[2026-06-19 23:09:44,594][finetune_logger][INFO] - Val memory reserved: 24.00 MB
2026-06-19 23:09:44 - finetune_logger - INFO - Val memory allocated: 18.10 MB
[2026-06-19 23:09:44,594][finetune_logger][INFO] - Val memory allocated: 18.10 MB
2026-06-19 23:09:44 - finetune_logger - INFO - Logged epoch 1 info to /public/home/202411094934/python_project/Spatio-Temporal-Library/time-series/2026-06-19/patchtst/pretrain10_finetune10/pulse/time-series/seed_2/training_log.json
[2026-06-19 23:09:44,598][finetune_logger][INFO] - Logged epoch 1 info to /public/home/202411094934/python_project/Spatio-Temporal-Library/time-series/2026-06-19/patchtst/pretrain10_finetune10/pulse/time-series/seed_2/training_log.json
2026-06-19 23:09:44 - finetune_logger - INFO - New best model! Val loss: 0.031146
[2026-06-19 23:09:44,599][finetune_logger][INFO] - New best model! Val loss: 0.031146
2026-06-19 23:10:03 - finetune_logger - INFO - Test metrics: {'MAE': 0.031144085923366323, 'RMSE': 0.050630747360763}
[2026-06-19 23:10:03,603][finetune_logger][INFO] - Test metrics: {'MAE': 0.031144085923366323, 'RMSE': 0.050630747360763}
2026-06-19 23:10:03 - finetune_logger - INFO - Test time: 18.97s
[2026-06-19 23:10:03,604][finetune_logger][INFO] - Test time: 18.97s
2026-06-19 23:10:03 - finetune_logger - INFO - Test memory reserved: 24.00 MB
[2026-06-19 23:10:03,605][finetune_logger][INFO] - Test memory reserved: 24.00 MB
2026-06-19 23:10:03 - finetune_logger - INFO - Test memory allocated: 18.10 MB
[2026-06-19 23:10:03,605][finetune_logger][INFO] - Test memory allocated: 18.10 MB
2026-06-19 23:10:03 - finetune_logger - INFO - Epoch 2/10
[2026-06-19 23:10:03,605][finetune_logger][INFO] - Epoch 2/10
2026-06-19 23:12:24 - finetune_logger - INFO - Train loss: 0.014578245947541969
[2026-06-19 23:12:24,579][finetune_logger][INFO] - Train loss: 0.014578245947541969
2026-06-19 23:12:24 - finetune_logger - INFO - Train time: 140.9736979007721s
[2026-06-19 23:12:24,579][finetune_logger][INFO] - Train time: 140.9736979007721s
2026-06-19 23:12:24 - finetune_logger - INFO - Train memory reserved: 24.00 MB
[2026-06-19 23:12:24,579][finetune_logger][INFO] - Train memory reserved: 24.00 MB
2026-06-19 23:12:24 - finetune_logger - INFO - Train memory allocated: 18.10 MB
[2026-06-19 23:12:24,580][finetune_logger][INFO] - Train memory allocated: 18.10 MB
2026-06-19 23:12:24 - finetune_logger - INFO - Current learning rate: 0.0005
[2026-06-19 23:12:24,580][finetune_logger][INFO] - Current learning rate: 0.0005
2026-06-19 23:12:33 - finetune_logger - INFO - Validation metrics: {'MAE': 0.02279145390350359, 'RMSE': 0.045183951578457796}
[2026-06-19 23:12:33,512][finetune_logger][INFO] - Validation metrics: {'MAE': 0.02279145390350359, 'RMSE': 0.045183951578457796}
2026-06-19 23:12:33 - finetune_logger - INFO - Val time: 8.93s
[2026-06-19 23:12:33,512][finetune_logger][INFO] - Val time: 8.93s
2026-06-19 23:12:33 - finetune_logger - INFO - Val memory reserved: 24.00 MB
[2026-06-19 23:12:33,513][finetune_logger][INFO] - Val memory reserved: 24.00 MB
2026-06-19 23:12:33 - finetune_logger - INFO - Val memory allocated: 18.10 MB
[2026-06-19 23:12:33,513][finetune_logger][INFO] - Val memory allocated: 18.10 MB
2026-06-19 23:12:33 - finetune_logger - INFO - Logged epoch 2 info to /public/home/202411094934/python_project/Spatio-Temporal-Library/time-series/2026-06-19/patchtst/pretrain10_finetune10/pulse/time-series/seed_2/training_log.json
[2026-06-19 23:12:33,515][finetune_logger][INFO] - Logged epoch 2 info to /public/home/202411094934/python_project/Spatio-Temporal-Library/time-series/2026-06-19/patchtst/pretrain10_finetune10/pulse/time-series/seed_2/training_log.json
2026-06-19 23:12:33 - finetune_logger - INFO - New best model! Val loss: 0.022791
[2026-06-19 23:12:33,516][finetune_logger][INFO] - New best model! Val loss: 0.022791
2026-06-19 23:12:52 - finetune_logger - INFO - Test metrics: {'MAE': 0.022791736013441234, 'RMSE': 0.04518225143684714}
[2026-06-19 23:12:52,428][finetune_logger][INFO] - Test metrics: {'MAE': 0.022791736013441234, 'RMSE': 0.04518225143684714}
2026-06-19 23:12:52 - finetune_logger - INFO - Test time: 18.88s
[2026-06-19 23:12:52,428][finetune_logger][INFO] - Test time: 18.88s
2026-06-19 23:12:52 - finetune_logger - INFO - Test memory reserved: 24.00 MB
[2026-06-19 23:12:52,429][finetune_logger][INFO] - Test memory reserved: 24.00 MB
2026-06-19 23:12:52 - finetune_logger - INFO - Test memory allocated: 18.10 MB
[2026-06-19 23:12:52,429][finetune_logger][INFO] - Test memory allocated: 18.10 MB
2026-06-19 23:12:52 - finetune_logger - INFO - Epoch 3/10
[2026-06-19 23:12:52,429][finetune_logger][INFO] - Epoch 3/10
2026-06-19 23:15:13 - finetune_logger - INFO - Train loss: 0.010262310230801642
[2026-06-19 23:15:13,351][finetune_logger][INFO] - Train loss: 0.010262310230801642
2026-06-19 23:15:13 - finetune_logger - INFO - Train time: 140.92207551002502s
[2026-06-19 23:15:13,352][finetune_logger][INFO] - Train time: 140.92207551002502s
2026-06-19 23:15:13 - finetune_logger - INFO - Train memory reserved: 24.00 MB
[2026-06-19 23:15:13,352][finetune_logger][INFO] - Train memory reserved: 24.00 MB
2026-06-19 23:15:13 - finetune_logger - INFO - Train memory allocated: 18.10 MB
[2026-06-19 23:15:13,352][finetune_logger][INFO] - Train memory allocated: 18.10 MB
2026-06-19 23:15:13 - finetune_logger - INFO - Current learning rate: 0.0005
[2026-06-19 23:15:13,352][finetune_logger][INFO] - Current learning rate: 0.0005
2026-06-19 23:15:22 - finetune_logger - INFO - Validation metrics: {'MAE': 0.018976641170958004, 'RMSE': 0.03623237641565598}
[2026-06-19 23:15:22,257][finetune_logger][INFO] - Validation metrics: {'MAE': 0.018976641170958004, 'RMSE': 0.03623237641565598}
2026-06-19 23:15:22 - finetune_logger - INFO - Val time: 8.90s
[2026-06-19 23:15:22,257][finetune_logger][INFO] - Val time: 8.90s
2026-06-19 23:15:22 - finetune_logger - INFO - Val memory reserved: 24.00 MB
[2026-06-19 23:15:22,257][finetune_logger][INFO] - Val memory reserved: 24.00 MB
2026-06-19 23:15:22 - finetune_logger - INFO - Val memory allocated: 18.10 MB
[2026-06-19 23:15:22,257][finetune_logger][INFO] - Val memory allocated: 18.10 MB
2026-06-19 23:15:22 - finetune_logger - INFO - Logged epoch 3 info to /public/home/202411094934/python_project/Spatio-Temporal-Library/time-series/2026-06-19/patchtst/pretrain10_finetune10/pulse/time-series/seed_2/training_log.json
[2026-06-19 23:15:22,260][finetune_logger][INFO] - Logged epoch 3 info to /public/home/202411094934/python_project/Spatio-Temporal-Library/time-series/2026-06-19/patchtst/pretrain10_finetune10/pulse/time-series/seed_2/training_log.json
2026-06-19 23:15:22 - finetune_logger - INFO - New best model! Val loss: 0.018977
[2026-06-19 23:15:22,260][finetune_logger][INFO] - New best model! Val loss: 0.018977
2026-06-19 23:15:41 - finetune_logger - INFO - Test metrics: {'MAE': 0.018971474161831724, 'RMSE': 0.03621987380306212}
[2026-06-19 23:15:41,210][finetune_logger][INFO] - Test metrics: {'MAE': 0.018971474161831724, 'RMSE': 0.03621987380306212}
2026-06-19 23:15:41 - finetune_logger - INFO - Test time: 18.92s
[2026-06-19 23:15:41,210][finetune_logger][INFO] - Test time: 18.92s
2026-06-19 23:15:41 - finetune_logger - INFO - Test memory reserved: 24.00 MB
[2026-06-19 23:15:41,210][finetune_logger][INFO] - Test memory reserved: 24.00 MB
2026-06-19 23:15:41 - finetune_logger - INFO - Test memory allocated: 18.10 MB
[2026-06-19 23:15:41,211][finetune_logger][INFO] - Test memory allocated: 18.10 MB
2026-06-19 23:15:41 - finetune_logger - INFO - Epoch 4/10
[2026-06-19 23:15:41,211][finetune_logger][INFO] - Epoch 4/10
2026-06-19 23:18:01 - finetune_logger - INFO - Train loss: 0.00861343804800387
[2026-06-19 23:18:01,951][finetune_logger][INFO] - Train loss: 0.00861343804800387
2026-06-19 23:18:01 - finetune_logger - INFO - Train time: 140.73969888687134s
[2026-06-19 23:18:01,951][finetune_logger][INFO] - Train time: 140.73969888687134s
2026-06-19 23:18:01 - finetune_logger - INFO - Train memory reserved: 24.00 MB
[2026-06-19 23:18:01,951][finetune_logger][INFO] - Train memory reserved: 24.00 MB
2026-06-19 23:18:01 - finetune_logger - INFO - Train memory allocated: 18.10 MB
[2026-06-19 23:18:01,951][finetune_logger][INFO] - Train memory allocated: 18.10 MB
2026-06-19 23:18:01 - finetune_logger - INFO - Current learning rate: 0.0005
[2026-06-19 23:18:01,951][finetune_logger][INFO] - Current learning rate: 0.0005
2026-06-19 23:18:10 - finetune_logger - INFO - Validation metrics: {'MAE': 0.016419829091959156, 'RMSE': 0.033574812935083506}
[2026-06-19 23:18:10,885][finetune_logger][INFO] - Validation metrics: {'MAE': 0.016419829091959156, 'RMSE': 0.033574812935083506}
2026-06-19 23:18:10 - finetune_logger - INFO - Val time: 8.93s
[2026-06-19 23:18:10,885][finetune_logger][INFO] - Val time: 8.93s
2026-06-19 23:18:10 - finetune_logger - INFO - Val memory reserved: 24.00 MB
[2026-06-19 23:18:10,886][finetune_logger][INFO] - Val memory reserved: 24.00 MB
2026-06-19 23:18:10 - finetune_logger - INFO - Val memory allocated: 18.10 MB
[2026-06-19 23:18:10,886][finetune_logger][INFO] - Val memory allocated: 18.10 MB
2026-06-19 23:18:10 - finetune_logger - INFO - Logged epoch 4 info to /public/home/202411094934/python_project/Spatio-Temporal-Library/time-series/2026-06-19/patchtst/pretrain10_finetune10/pulse/time-series/seed_2/training_log.json
[2026-06-19 23:18:10,889][finetune_logger][INFO] - Logged epoch 4 info to /public/home/202411094934/python_project/Spatio-Temporal-Library/time-series/2026-06-19/patchtst/pretrain10_finetune10/pulse/time-series/seed_2/training_log.json
2026-06-19 23:18:10 - finetune_logger - INFO - New best model! Val loss: 0.016420
[2026-06-19 23:18:10,889][finetune_logger][INFO] - New best model! Val loss: 0.016420
2026-06-19 23:18:29 - finetune_logger - INFO - Test metrics: {'MAE': 0.01641301439281739, 'RMSE': 0.03356205633827763}
[2026-06-19 23:18:29,871][finetune_logger][INFO] - Test metrics: {'MAE': 0.01641301439281739, 'RMSE': 0.03356205633827763}
2026-06-19 23:18:29 - finetune_logger - INFO - Test time: 18.95s
[2026-06-19 23:18:29,871][finetune_logger][INFO] - Test time: 18.95s
2026-06-19 23:18:29 - finetune_logger - INFO - Test memory reserved: 24.00 MB
[2026-06-19 23:18:29,871][finetune_logger][INFO] - Test memory reserved: 24.00 MB
2026-06-19 23:18:29 - finetune_logger - INFO - Test memory allocated: 18.10 MB
[2026-06-19 23:18:29,871][finetune_logger][INFO] - Test memory allocated: 18.10 MB
2026-06-19 23:18:29 - finetune_logger - INFO - Epoch 5/10
[2026-06-19 23:18:29,871][finetune_logger][INFO] - Epoch 5/10
2026-06-19 23:20:50 - finetune_logger - INFO - Train loss: 0.007572011196651753
[2026-06-19 23:20:50,592][finetune_logger][INFO] - Train loss: 0.007572011196651753
2026-06-19 23:20:50 - finetune_logger - INFO - Train time: 140.72065114974976s
[2026-06-19 23:20:50,593][finetune_logger][INFO] - Train time: 140.72065114974976s
2026-06-19 23:20:50 - finetune_logger - INFO - Train memory reserved: 24.00 MB
[2026-06-19 23:20:50,593][finetune_logger][INFO] - Train memory reserved: 24.00 MB
2026-06-19 23:20:50 - finetune_logger - INFO - Train memory allocated: 18.10 MB
[2026-06-19 23:20:50,593][finetune_logger][INFO] - Train memory allocated: 18.10 MB
2026-06-19 23:20:50 - finetune_logger - INFO - Current learning rate: 0.0005
[2026-06-19 23:20:50,593][finetune_logger][INFO] - Current learning rate: 0.0005
2026-06-19 23:20:59 - finetune_logger - INFO - Validation metrics: {'MAE': 0.0151741202333595, 'RMSE': 0.031539310766837705}
[2026-06-19 23:20:59,491][finetune_logger][INFO] - Validation metrics: {'MAE': 0.0151741202333595, 'RMSE': 0.031539310766837705}
2026-06-19 23:20:59 - finetune_logger - INFO - Val time: 8.90s
[2026-06-19 23:20:59,492][finetune_logger][INFO] - Val time: 8.90s
2026-06-19 23:20:59 - finetune_logger - INFO - Val memory reserved: 24.00 MB
[2026-06-19 23:20:59,492][finetune_logger][INFO] - Val memory reserved: 24.00 MB
2026-06-19 23:20:59 - finetune_logger - INFO - Val memory allocated: 18.10 MB
[2026-06-19 23:20:59,492][finetune_logger][INFO] - Val memory allocated: 18.10 MB
2026-06-19 23:20:59 - finetune_logger - INFO - Logged epoch 5 info to /public/home/202411094934/python_project/Spatio-Temporal-Library/time-series/2026-06-19/patchtst/pretrain10_finetune10/pulse/time-series/seed_2/training_log.json
[2026-06-19 23:20:59,495][finetune_logger][INFO] - Logged epoch 5 info to /public/home/202411094934/python_project/Spatio-Temporal-Library/time-series/2026-06-19/patchtst/pretrain10_finetune10/pulse/time-series/seed_2/training_log.json
2026-06-19 23:20:59 - finetune_logger - INFO - New best model! Val loss: 0.015174
[2026-06-19 23:20:59,495][finetune_logger][INFO] - New best model! Val loss: 0.015174
2026-06-19 23:21:18 - finetune_logger - INFO - Test metrics: {'MAE': 0.015170347115126841, 'RMSE': 0.03152808779490011}
[2026-06-19 23:21:18,485][finetune_logger][INFO] - Test metrics: {'MAE': 0.015170347115126841, 'RMSE': 0.03152808779490011}
2026-06-19 23:21:18 - finetune_logger - INFO - Test time: 18.96s
[2026-06-19 23:21:18,486][finetune_logger][INFO] - Test time: 18.96s
2026-06-19 23:21:18 - finetune_logger - INFO - Test memory reserved: 24.00 MB
[2026-06-19 23:21:18,486][finetune_logger][INFO] - Test memory reserved: 24.00 MB
2026-06-19 23:21:18 - finetune_logger - INFO - Test memory allocated: 18.10 MB
[2026-06-19 23:21:18,486][finetune_logger][INFO] - Test memory allocated: 18.10 MB
2026-06-19 23:21:18 - finetune_logger - INFO - Epoch 6/10
[2026-06-19 23:21:18,486][finetune_logger][INFO] - Epoch 6/10
2026-06-19 23:23:39 - finetune_logger - INFO - Train loss: 0.0068376770579632
[2026-06-19 23:23:39,487][finetune_logger][INFO] - Train loss: 0.0068376770579632
2026-06-19 23:23:39 - finetune_logger - INFO - Train time: 141.00028443336487s
[2026-06-19 23:23:39,487][finetune_logger][INFO] - Train time: 141.00028443336487s
2026-06-19 23:23:39 - finetune_logger - INFO - Train memory reserved: 24.00 MB
[2026-06-19 23:23:39,487][finetune_logger][INFO] - Train memory reserved: 24.00 MB
2026-06-19 23:23:39 - finetune_logger - INFO - Train memory allocated: 18.10 MB
[2026-06-19 23:23:39,487][finetune_logger][INFO] - Train memory allocated: 18.10 MB
2026-06-19 23:23:39 - finetune_logger - INFO - Current learning rate: 0.0005
[2026-06-19 23:23:39,487][finetune_logger][INFO] - Current learning rate: 0.0005
2026-06-19 23:23:48 - finetune_logger - INFO - Validation metrics: {'MAE': 0.013344045996367088, 'RMSE': 0.027994244755445867}
[2026-06-19 23:23:48,435][finetune_logger][INFO] - Validation metrics: {'MAE': 0.013344045996367088, 'RMSE': 0.027994244755445867}
2026-06-19 23:23:48 - finetune_logger - INFO - Val time: 8.95s
[2026-06-19 23:23:48,436][finetune_logger][INFO] - Val time: 8.95s
2026-06-19 23:23:48 - finetune_logger - INFO - Val memory reserved: 24.00 MB
[2026-06-19 23:23:48,436][finetune_logger][INFO] - Val memory reserved: 24.00 MB
2026-06-19 23:23:48 - finetune_logger - INFO - Val memory allocated: 18.10 MB
[2026-06-19 23:23:48,436][finetune_logger][INFO] - Val memory allocated: 18.10 MB
2026-06-19 23:23:48 - finetune_logger - INFO - Logged epoch 6 info to /public/home/202411094934/python_project/Spatio-Temporal-Library/time-series/2026-06-19/patchtst/pretrain10_finetune10/pulse/time-series/seed_2/training_log.json
[2026-06-19 23:23:48,439][finetune_logger][INFO] - Logged epoch 6 info to /public/home/202411094934/python_project/Spatio-Temporal-Library/time-series/2026-06-19/patchtst/pretrain10_finetune10/pulse/time-series/seed_2/training_log.json
2026-06-19 23:23:48 - finetune_logger - INFO - New best model! Val loss: 0.013344
[2026-06-19 23:23:48,439][finetune_logger][INFO] - New best model! Val loss: 0.013344
2026-06-19 23:24:07 - finetune_logger - INFO - Test metrics: {'MAE': 0.013339204687341646, 'RMSE': 0.027982204053078368}
[2026-06-19 23:24:07,296][finetune_logger][INFO] - Test metrics: {'MAE': 0.013339204687341646, 'RMSE': 0.027982204053078368}
2026-06-19 23:24:07 - finetune_logger - INFO - Test time: 18.83s
[2026-06-19 23:24:07,296][finetune_logger][INFO] - Test time: 18.83s
2026-06-19 23:24:07 - finetune_logger - INFO - Test memory reserved: 24.00 MB
[2026-06-19 23:24:07,297][finetune_logger][INFO] - Test memory reserved: 24.00 MB
2026-06-19 23:24:07 - finetune_logger - INFO - Test memory allocated: 18.10 MB
[2026-06-19 23:24:07,297][finetune_logger][INFO] - Test memory allocated: 18.10 MB
2026-06-19 23:24:07 - finetune_logger - INFO - Epoch 7/10
[2026-06-19 23:24:07,297][finetune_logger][INFO] - Epoch 7/10
2026-06-19 23:26:28 - finetune_logger - INFO - Train loss: 0.006139836251575076
[2026-06-19 23:26:28,103][finetune_logger][INFO] - Train loss: 0.006139836251575076
2026-06-19 23:26:28 - finetune_logger - INFO - Train time: 140.80548191070557s
[2026-06-19 23:26:28,103][finetune_logger][INFO] - Train time: 140.80548191070557s
2026-06-19 23:26:28 - finetune_logger - INFO - Train memory reserved: 24.00 MB
[2026-06-19 23:26:28,103][finetune_logger][INFO] - Train memory reserved: 24.00 MB
2026-06-19 23:26:28 - finetune_logger - INFO - Train memory allocated: 18.10 MB
[2026-06-19 23:26:28,103][finetune_logger][INFO] - Train memory allocated: 18.10 MB
2026-06-19 23:26:28 - finetune_logger - INFO - Current learning rate: 0.0005
[2026-06-19 23:26:28,103][finetune_logger][INFO] - Current learning rate: 0.0005
2026-06-19 23:26:37 - finetune_logger - INFO - Validation metrics: {'MAE': 0.01520907530843957, 'RMSE': 0.03772651096085412}
[2026-06-19 23:26:37,014][finetune_logger][INFO] - Validation metrics: {'MAE': 0.01520907530843957, 'RMSE': 0.03772651096085412}
2026-06-19 23:26:37 - finetune_logger - INFO - Val time: 8.91s
[2026-06-19 23:26:37,014][finetune_logger][INFO] - Val time: 8.91s
2026-06-19 23:26:37 - finetune_logger - INFO - Val memory reserved: 24.00 MB
[2026-06-19 23:26:37,014][finetune_logger][INFO] - Val memory reserved: 24.00 MB
2026-06-19 23:26:37 - finetune_logger - INFO - Val memory allocated: 18.10 MB
[2026-06-19 23:26:37,014][finetune_logger][INFO] - Val memory allocated: 18.10 MB
2026-06-19 23:26:37 - finetune_logger - INFO - Logged epoch 7 info to /public/home/202411094934/python_project/Spatio-Temporal-Library/time-series/2026-06-19/patchtst/pretrain10_finetune10/pulse/time-series/seed_2/training_log.json
[2026-06-19 23:26:37,018][finetune_logger][INFO] - Logged epoch 7 info to /public/home/202411094934/python_project/Spatio-Temporal-Library/time-series/2026-06-19/patchtst/pretrain10_finetune10/pulse/time-series/seed_2/training_log.json
2026-06-19 23:26:55 - finetune_logger - INFO - Test metrics: {'MAE': 0.015206429828580073, 'RMSE': 0.03771596018160289}
[2026-06-19 23:26:55,909][finetune_logger][INFO] - Test metrics: {'MAE': 0.015206429828580073, 'RMSE': 0.03771596018160289}
2026-06-19 23:26:55 - finetune_logger - INFO - Test time: 18.89s
[2026-06-19 23:26:55,909][finetune_logger][INFO] - Test time: 18.89s
2026-06-19 23:26:55 - finetune_logger - INFO - Test memory reserved: 24.00 MB
[2026-06-19 23:26:55,909][finetune_logger][INFO] - Test memory reserved: 24.00 MB
2026-06-19 23:26:55 - finetune_logger - INFO - Test memory allocated: 18.10 MB
[2026-06-19 23:26:55,910][finetune_logger][INFO] - Test memory allocated: 18.10 MB
2026-06-19 23:26:55 - finetune_logger - INFO - Epoch 8/10
[2026-06-19 23:26:55,910][finetune_logger][INFO] - Epoch 8/10
2026-06-19 23:29:16 - finetune_logger - INFO - Train loss: 0.005601331701220291
[2026-06-19 23:29:16,832][finetune_logger][INFO] - Train loss: 0.005601331701220291
2026-06-19 23:29:16 - finetune_logger - INFO - Train time: 140.9218955039978s
[2026-06-19 23:29:16,832][finetune_logger][INFO] - Train time: 140.9218955039978s
2026-06-19 23:29:16 - finetune_logger - INFO - Train memory reserved: 24.00 MB
[2026-06-19 23:29:16,832][finetune_logger][INFO] - Train memory reserved: 24.00 MB
2026-06-19 23:29:16 - finetune_logger - INFO - Train memory allocated: 18.10 MB
[2026-06-19 23:29:16,833][finetune_logger][INFO] - Train memory allocated: 18.10 MB
2026-06-19 23:29:16 - finetune_logger - INFO - Current learning rate: 0.0005
[2026-06-19 23:29:16,833][finetune_logger][INFO] - Current learning rate: 0.0005
2026-06-19 23:29:25 - finetune_logger - INFO - Validation metrics: {'MAE': 0.013370861150964763, 'RMSE': 0.031422683232087516}
[2026-06-19 23:29:25,748][finetune_logger][INFO] - Validation metrics: {'MAE': 0.013370861150964763, 'RMSE': 0.031422683232087516}
2026-06-19 23:29:25 - finetune_logger - INFO - Val time: 8.91s
[2026-06-19 23:29:25,748][finetune_logger][INFO] - Val time: 8.91s
2026-06-19 23:29:25 - finetune_logger - INFO - Val memory reserved: 24.00 MB
[2026-06-19 23:29:25,748][finetune_logger][INFO] - Val memory reserved: 24.00 MB
2026-06-19 23:29:25 - finetune_logger - INFO - Val memory allocated: 18.10 MB
[2026-06-19 23:29:25,748][finetune_logger][INFO] - Val memory allocated: 18.10 MB
2026-06-19 23:29:25 - finetune_logger - INFO - Logged epoch 8 info to /public/home/202411094934/python_project/Spatio-Temporal-Library/time-series/2026-06-19/patchtst/pretrain10_finetune10/pulse/time-series/seed_2/training_log.json
[2026-06-19 23:29:25,751][finetune_logger][INFO] - Logged epoch 8 info to /public/home/202411094934/python_project/Spatio-Temporal-Library/time-series/2026-06-19/patchtst/pretrain10_finetune10/pulse/time-series/seed_2/training_log.json
2026-06-19 23:29:44 - finetune_logger - INFO - Test metrics: {'MAE': 0.013364078525642769, 'RMSE': 0.03140383540529592}
[2026-06-19 23:29:44,610][finetune_logger][INFO] - Test metrics: {'MAE': 0.013364078525642769, 'RMSE': 0.03140383540529592}
2026-06-19 23:29:44 - finetune_logger - INFO - Test time: 18.86s
[2026-06-19 23:29:44,610][finetune_logger][INFO] - Test time: 18.86s
2026-06-19 23:29:44 - finetune_logger - INFO - Test memory reserved: 24.00 MB
[2026-06-19 23:29:44,610][finetune_logger][INFO] - Test memory reserved: 24.00 MB
2026-06-19 23:29:44 - finetune_logger - INFO - Test memory allocated: 18.10 MB
[2026-06-19 23:29:44,610][finetune_logger][INFO] - Test memory allocated: 18.10 MB
2026-06-19 23:29:44 - finetune_logger - INFO - Epoch 9/10
[2026-06-19 23:29:44,610][finetune_logger][INFO] - Epoch 9/10
2026-06-19 23:32:05 - finetune_logger - INFO - Train loss: 0.005132187971260539
[2026-06-19 23:32:05,443][finetune_logger][INFO] - Train loss: 0.005132187971260539
2026-06-19 23:32:05 - finetune_logger - INFO - Train time: 140.83252215385437s
[2026-06-19 23:32:05,444][finetune_logger][INFO] - Train time: 140.83252215385437s
2026-06-19 23:32:05 - finetune_logger - INFO - Train memory reserved: 24.00 MB
[2026-06-19 23:32:05,444][finetune_logger][INFO] - Train memory reserved: 24.00 MB
2026-06-19 23:32:05 - finetune_logger - INFO - Train memory allocated: 18.10 MB
[2026-06-19 23:32:05,444][finetune_logger][INFO] - Train memory allocated: 18.10 MB
2026-06-19 23:32:05 - finetune_logger - INFO - Current learning rate: 0.0005
[2026-06-19 23:32:05,444][finetune_logger][INFO] - Current learning rate: 0.0005
2026-06-19 23:32:14 - finetune_logger - INFO - Validation metrics: {'MAE': 0.014259788240799712, 'RMSE': 0.035035586779814346}
[2026-06-19 23:32:14,356][finetune_logger][INFO] - Validation metrics: {'MAE': 0.014259788240799712, 'RMSE': 0.035035586779814346}
2026-06-19 23:32:14 - finetune_logger - INFO - Val time: 8.91s
[2026-06-19 23:32:14,356][finetune_logger][INFO] - Val time: 8.91s
2026-06-19 23:32:14 - finetune_logger - INFO - Val memory reserved: 24.00 MB
[2026-06-19 23:32:14,356][finetune_logger][INFO] - Val memory reserved: 24.00 MB
2026-06-19 23:32:14 - finetune_logger - INFO - Val memory allocated: 18.10 MB
[2026-06-19 23:32:14,356][finetune_logger][INFO] - Val memory allocated: 18.10 MB
2026-06-19 23:32:14 - finetune_logger - INFO - Logged epoch 9 info to /public/home/202411094934/python_project/Spatio-Temporal-Library/time-series/2026-06-19/patchtst/pretrain10_finetune10/pulse/time-series/seed_2/training_log.json
[2026-06-19 23:32:14,359][finetune_logger][INFO] - Logged epoch 9 info to /public/home/202411094934/python_project/Spatio-Temporal-Library/time-series/2026-06-19/patchtst/pretrain10_finetune10/pulse/time-series/seed_2/training_log.json
2026-06-19 23:32:33 - finetune_logger - INFO - Test metrics: {'MAE': 0.014254130109975496, 'RMSE': 0.035012559829098275}
[2026-06-19 23:32:33,238][finetune_logger][INFO] - Test metrics: {'MAE': 0.014254130109975496, 'RMSE': 0.035012559829098275}
2026-06-19 23:32:33 - finetune_logger - INFO - Test time: 18.88s
[2026-06-19 23:32:33,239][finetune_logger][INFO] - Test time: 18.88s
2026-06-19 23:32:33 - finetune_logger - INFO - Test memory reserved: 24.00 MB
[2026-06-19 23:32:33,239][finetune_logger][INFO] - Test memory reserved: 24.00 MB
2026-06-19 23:32:33 - finetune_logger - INFO - Test memory allocated: 18.10 MB
[2026-06-19 23:32:33,239][finetune_logger][INFO] - Test memory allocated: 18.10 MB
2026-06-19 23:32:33 - finetune_logger - INFO - Epoch 10/10
[2026-06-19 23:32:33,239][finetune_logger][INFO] - Epoch 10/10
2026-06-19 23:34:54 - finetune_logger - INFO - Train loss: 0.00471382748483646
[2026-06-19 23:34:54,172][finetune_logger][INFO] - Train loss: 0.00471382748483646
2026-06-19 23:34:54 - finetune_logger - INFO - Train time: 140.93215489387512s
[2026-06-19 23:34:54,172][finetune_logger][INFO] - Train time: 140.93215489387512s
2026-06-19 23:34:54 - finetune_logger - INFO - Train memory reserved: 24.00 MB
[2026-06-19 23:34:54,172][finetune_logger][INFO] - Train memory reserved: 24.00 MB
2026-06-19 23:34:54 - finetune_logger - INFO - Train memory allocated: 18.10 MB
[2026-06-19 23:34:54,172][finetune_logger][INFO] - Train memory allocated: 18.10 MB
2026-06-19 23:34:54 - finetune_logger - INFO - Current learning rate: 0.0005
[2026-06-19 23:34:54,172][finetune_logger][INFO] - Current learning rate: 0.0005
2026-06-19 23:35:03 - finetune_logger - INFO - Validation metrics: {'MAE': 0.013864562945189526, 'RMSE': 0.033784979320849014}
[2026-06-19 23:35:03,064][finetune_logger][INFO] - Validation metrics: {'MAE': 0.013864562945189526, 'RMSE': 0.033784979320849014}
2026-06-19 23:35:03 - finetune_logger - INFO - Val time: 8.89s
[2026-06-19 23:35:03,065][finetune_logger][INFO] - Val time: 8.89s
2026-06-19 23:35:03 - finetune_logger - INFO - Val memory reserved: 24.00 MB
[2026-06-19 23:35:03,065][finetune_logger][INFO] - Val memory reserved: 24.00 MB
2026-06-19 23:35:03 - finetune_logger - INFO - Val memory allocated: 18.10 MB
[2026-06-19 23:35:03,065][finetune_logger][INFO] - Val memory allocated: 18.10 MB
2026-06-19 23:35:03 - finetune_logger - INFO - Logged epoch 10 info to /public/home/202411094934/python_project/Spatio-Temporal-Library/time-series/2026-06-19/patchtst/pretrain10_finetune10/pulse/time-series/seed_2/training_log.json
[2026-06-19 23:35:03,068][finetune_logger][INFO] - Logged epoch 10 info to /public/home/202411094934/python_project/Spatio-Temporal-Library/time-series/2026-06-19/patchtst/pretrain10_finetune10/pulse/time-series/seed_2/training_log.json
2026-06-19 23:35:21 - finetune_logger - INFO - Test metrics: {'MAE': 0.01385902820915997, 'RMSE': 0.033765135120068214}
[2026-06-19 23:35:21,875][finetune_logger][INFO] - Test metrics: {'MAE': 0.01385902820915997, 'RMSE': 0.033765135120068214}
2026-06-19 23:35:21 - finetune_logger - INFO - Test time: 18.79s
[2026-06-19 23:35:21,875][finetune_logger][INFO] - Test time: 18.79s
2026-06-19 23:35:21 - finetune_logger - INFO - Test memory reserved: 24.00 MB
[2026-06-19 23:35:21,876][finetune_logger][INFO] - Test memory reserved: 24.00 MB
2026-06-19 23:35:21 - finetune_logger - INFO - Test memory allocated: 18.10 MB
[2026-06-19 23:35:21,876][finetune_logger][INFO] - Test memory allocated: 18.10 MB
2026-06-19 23:35:21 - finetune_logger - INFO - Training completed. Best epoch: 6, Best val loss: 0.013344
[2026-06-19 23:35:21,876][finetune_logger][INFO] - Training completed. Best epoch: 6, Best val loss: 0.013344
2026-06-19 23:35:21 - finetune_logger - INFO - Loaded checkpoint from epoch 6
[2026-06-19 23:35:21,899][finetune_logger][INFO] - Loaded checkpoint from epoch 6
2026-06-19 23:35:21 - finetune_logger - INFO - Evaluating best model on test sets...
[2026-06-19 23:35:21,899][finetune_logger][INFO] - Evaluating best model on test sets...
2026-06-19 23:35:40 - finetune_logger - INFO - Test metrics: {'MAE': 0.013339204687341646, 'RMSE': 0.027982204053078368}
[2026-06-19 23:35:40,789][finetune_logger][INFO] - Test metrics: {'MAE': 0.013339204687341646, 'RMSE': 0.027982204053078368}
2026-06-19 23:35:40 - finetune_logger - INFO - Test time: 18.89s
[2026-06-19 23:35:40,789][finetune_logger][INFO] - Test time: 18.89s
2026-06-19 23:35:40 - finetune_logger - INFO - Test memory reserved: 26.00 MB
[2026-06-19 23:35:40,789][finetune_logger][INFO] - Test memory reserved: 26.00 MB
2026-06-19 23:35:40 - finetune_logger - INFO - Test memory allocated: 18.12 MB
[2026-06-19 23:35:40,789][finetune_logger][INFO] - Test memory allocated: 18.12 MB
2026-06-19 23:35:40 - finetune_logger - INFO - Logged epoch test info to /public/home/202411094934/python_project/Spatio-Temporal-Library/time-series/2026-06-19/patchtst/pretrain10_finetune10/pulse/time-series/seed_2/training_log.json
[2026-06-19 23:35:40,792][finetune_logger][INFO] - Logged epoch test info to /public/home/202411094934/python_project/Spatio-Temporal-Library/time-series/2026-06-19/patchtst/pretrain10_finetune10/pulse/time-series/seed_2/training_log.json
