2026-06-22 13:21:01 - pretrain_logger - INFO - Model parameters: 188,487
[2026-06-22 13:21:01,262][pretrain_logger][INFO] - Model parameters: 188,487
2026-06-22 13:21:01 - pretrain_logger - INFO - Created new log file at /public/home/202411094934/python_project/Spatio-Temporal-Library/time-series/2026-06-22/autoformer/pretrain10/etth2/time-series/seed_2/training_log.json
[2026-06-22 13:21:01,266][pretrain_logger][INFO] - Created new log file at /public/home/202411094934/python_project/Spatio-Temporal-Library/time-series/2026-06-22/autoformer/pretrain10/etth2/time-series/seed_2/training_log.json
2026-06-22 13:21:01 - pretrain_logger - INFO - Starting JEPA pretraining...
[2026-06-22 13:21:01,267][pretrain_logger][INFO] - Starting JEPA pretraining...
2026-06-22 13:25:54 - pretrain_logger - INFO - [JEPA Pretrain] Epoch 1/10, loss=1.275794, time=292.88s
[2026-06-22 13:25:54,148][pretrain_logger][INFO] - [JEPA Pretrain] Epoch 1/10, loss=1.275794, time=292.88s
2026-06-22 13:25:54 - pretrain_logger - INFO - Pretrain loss: 1.2757943419238584
[2026-06-22 13:25:54,149][pretrain_logger][INFO] - Pretrain loss: 1.2757943419238584
2026-06-22 13:25:54 - pretrain_logger - INFO - Pretrain time: 292.88109397888184s
[2026-06-22 13:25:54,149][pretrain_logger][INFO] - Pretrain time: 292.88109397888184s
2026-06-22 13:25:54 - pretrain_logger - INFO - Pretrain memory reserved: 52.00 MB
[2026-06-22 13:25:54,149][pretrain_logger][INFO] - Pretrain memory reserved: 52.00 MB
2026-06-22 13:25:54 - pretrain_logger - INFO - Pretrain memory allocated: 20.07 MB
[2026-06-22 13:25:54,149][pretrain_logger][INFO] - Pretrain memory allocated: 20.07 MB
2026-06-22 13:25:54 - pretrain_logger - INFO - Current learning rate: 0.0005
[2026-06-22 13:25:54,149][pretrain_logger][INFO] - Current learning rate: 0.0005
2026-06-22 13:25:54 - pretrain_logger - INFO - Logged epoch Pretrain 1 info to /public/home/202411094934/python_project/Spatio-Temporal-Library/time-series/2026-06-22/autoformer/pretrain10/etth2/time-series/seed_2/training_log.json
[2026-06-22 13:25:54,153][pretrain_logger][INFO] - Logged epoch Pretrain 1 info to /public/home/202411094934/python_project/Spatio-Temporal-Library/time-series/2026-06-22/autoformer/pretrain10/etth2/time-series/seed_2/training_log.json
2026-06-22 13:30:47 - pretrain_logger - INFO - [JEPA Pretrain] Epoch 2/10, loss=0.901865, time=292.89s
[2026-06-22 13:30:47,039][pretrain_logger][INFO] - [JEPA Pretrain] Epoch 2/10, loss=0.901865, time=292.89s
2026-06-22 13:30:47 - pretrain_logger - INFO - Pretrain loss: 0.9018651171958912
[2026-06-22 13:30:47,060][pretrain_logger][INFO] - Pretrain loss: 0.9018651171958912
2026-06-22 13:30:47 - pretrain_logger - INFO - Pretrain time: 292.88665676116943s
[2026-06-22 13:30:47,060][pretrain_logger][INFO] - Pretrain time: 292.88665676116943s
2026-06-22 13:30:47 - pretrain_logger - INFO - Pretrain memory reserved: 52.00 MB
[2026-06-22 13:30:47,061][pretrain_logger][INFO] - Pretrain memory reserved: 52.00 MB
2026-06-22 13:30:47 - pretrain_logger - INFO - Pretrain memory allocated: 20.07 MB
[2026-06-22 13:30:47,061][pretrain_logger][INFO] - Pretrain memory allocated: 20.07 MB
2026-06-22 13:30:47 - pretrain_logger - INFO - Current learning rate: 0.0005
[2026-06-22 13:30:47,061][pretrain_logger][INFO] - Current learning rate: 0.0005
2026-06-22 13:30:47 - pretrain_logger - INFO - Logged epoch Pretrain 2 info to /public/home/202411094934/python_project/Spatio-Temporal-Library/time-series/2026-06-22/autoformer/pretrain10/etth2/time-series/seed_2/training_log.json
[2026-06-22 13:30:47,063][pretrain_logger][INFO] - Logged epoch Pretrain 2 info to /public/home/202411094934/python_project/Spatio-Temporal-Library/time-series/2026-06-22/autoformer/pretrain10/etth2/time-series/seed_2/training_log.json
2026-06-22 13:35:39 - pretrain_logger - INFO - [JEPA Pretrain] Epoch 3/10, loss=0.723256, time=292.74s
[2026-06-22 13:35:39,804][pretrain_logger][INFO] - [JEPA Pretrain] Epoch 3/10, loss=0.723256, time=292.74s
2026-06-22 13:35:39 - pretrain_logger - INFO - Pretrain loss: 0.7232562080549909
[2026-06-22 13:35:39,804][pretrain_logger][INFO] - Pretrain loss: 0.7232562080549909
2026-06-22 13:35:39 - pretrain_logger - INFO - Pretrain time: 292.7400131225586s
[2026-06-22 13:35:39,804][pretrain_logger][INFO] - Pretrain time: 292.7400131225586s
2026-06-22 13:35:39 - pretrain_logger - INFO - Pretrain memory reserved: 52.00 MB
[2026-06-22 13:35:39,805][pretrain_logger][INFO] - Pretrain memory reserved: 52.00 MB
2026-06-22 13:35:39 - pretrain_logger - INFO - Pretrain memory allocated: 20.07 MB
[2026-06-22 13:35:39,805][pretrain_logger][INFO] - Pretrain memory allocated: 20.07 MB
2026-06-22 13:35:39 - pretrain_logger - INFO - Current learning rate: 0.0005
[2026-06-22 13:35:39,805][pretrain_logger][INFO] - Current learning rate: 0.0005
2026-06-22 13:35:39 - pretrain_logger - INFO - Logged epoch Pretrain 3 info to /public/home/202411094934/python_project/Spatio-Temporal-Library/time-series/2026-06-22/autoformer/pretrain10/etth2/time-series/seed_2/training_log.json
[2026-06-22 13:35:39,808][pretrain_logger][INFO] - Logged epoch Pretrain 3 info to /public/home/202411094934/python_project/Spatio-Temporal-Library/time-series/2026-06-22/autoformer/pretrain10/etth2/time-series/seed_2/training_log.json
2026-06-22 13:40:32 - pretrain_logger - INFO - [JEPA Pretrain] Epoch 4/10, loss=0.654375, time=292.92s
[2026-06-22 13:40:32,724][pretrain_logger][INFO] - [JEPA Pretrain] Epoch 4/10, loss=0.654375, time=292.92s
2026-06-22 13:40:32 - pretrain_logger - INFO - Pretrain loss: 0.6543745764252952
[2026-06-22 13:40:32,742][pretrain_logger][INFO] - Pretrain loss: 0.6543745764252952
2026-06-22 13:40:32 - pretrain_logger - INFO - Pretrain time: 292.916095495224s
[2026-06-22 13:40:32,742][pretrain_logger][INFO] - Pretrain time: 292.916095495224s
2026-06-22 13:40:32 - pretrain_logger - INFO - Pretrain memory reserved: 52.00 MB
[2026-06-22 13:40:32,742][pretrain_logger][INFO] - Pretrain memory reserved: 52.00 MB
2026-06-22 13:40:32 - pretrain_logger - INFO - Pretrain memory allocated: 20.07 MB
[2026-06-22 13:40:32,743][pretrain_logger][INFO] - Pretrain memory allocated: 20.07 MB
2026-06-22 13:40:32 - pretrain_logger - INFO - Current learning rate: 0.0005
[2026-06-22 13:40:32,743][pretrain_logger][INFO] - Current learning rate: 0.0005
2026-06-22 13:40:32 - pretrain_logger - INFO - Logged epoch Pretrain 4 info to /public/home/202411094934/python_project/Spatio-Temporal-Library/time-series/2026-06-22/autoformer/pretrain10/etth2/time-series/seed_2/training_log.json
[2026-06-22 13:40:32,745][pretrain_logger][INFO] - Logged epoch Pretrain 4 info to /public/home/202411094934/python_project/Spatio-Temporal-Library/time-series/2026-06-22/autoformer/pretrain10/etth2/time-series/seed_2/training_log.json
2026-06-22 13:45:25 - pretrain_logger - INFO - [JEPA Pretrain] Epoch 5/10, loss=0.621863, time=292.97s
[2026-06-22 13:45:25,720][pretrain_logger][INFO] - [JEPA Pretrain] Epoch 5/10, loss=0.621863, time=292.97s
2026-06-22 13:45:25 - pretrain_logger - INFO - Pretrain loss: 0.6218626292603501
[2026-06-22 13:45:25,721][pretrain_logger][INFO] - Pretrain loss: 0.6218626292603501
2026-06-22 13:45:25 - pretrain_logger - INFO - Pretrain time: 292.974671125412s
[2026-06-22 13:45:25,721][pretrain_logger][INFO] - Pretrain time: 292.974671125412s
2026-06-22 13:45:25 - pretrain_logger - INFO - Pretrain memory reserved: 52.00 MB
[2026-06-22 13:45:25,721][pretrain_logger][INFO] - Pretrain memory reserved: 52.00 MB
2026-06-22 13:45:25 - pretrain_logger - INFO - Pretrain memory allocated: 20.07 MB
[2026-06-22 13:45:25,721][pretrain_logger][INFO] - Pretrain memory allocated: 20.07 MB
2026-06-22 13:45:25 - pretrain_logger - INFO - Current learning rate: 0.0005
[2026-06-22 13:45:25,721][pretrain_logger][INFO] - Current learning rate: 0.0005
2026-06-22 13:45:25 - pretrain_logger - INFO - Logged epoch Pretrain 5 info to /public/home/202411094934/python_project/Spatio-Temporal-Library/time-series/2026-06-22/autoformer/pretrain10/etth2/time-series/seed_2/training_log.json
[2026-06-22 13:45:25,724][pretrain_logger][INFO] - Logged epoch Pretrain 5 info to /public/home/202411094934/python_project/Spatio-Temporal-Library/time-series/2026-06-22/autoformer/pretrain10/etth2/time-series/seed_2/training_log.json
2026-06-22 13:50:18 - pretrain_logger - INFO - [JEPA Pretrain] Epoch 6/10, loss=0.606054, time=293.13s
[2026-06-22 13:50:18,856][pretrain_logger][INFO] - [JEPA Pretrain] Epoch 6/10, loss=0.606054, time=293.13s
2026-06-22 13:50:18 - pretrain_logger - INFO - Pretrain loss: 0.6060540279747816
[2026-06-22 13:50:18,874][pretrain_logger][INFO] - Pretrain loss: 0.6060540279747816
2026-06-22 13:50:18 - pretrain_logger - INFO - Pretrain time: 293.1318359375s
[2026-06-22 13:50:18,875][pretrain_logger][INFO] - Pretrain time: 293.1318359375s
2026-06-22 13:50:18 - pretrain_logger - INFO - Pretrain memory reserved: 52.00 MB
[2026-06-22 13:50:18,875][pretrain_logger][INFO] - Pretrain memory reserved: 52.00 MB
2026-06-22 13:50:18 - pretrain_logger - INFO - Pretrain memory allocated: 20.07 MB
[2026-06-22 13:50:18,875][pretrain_logger][INFO] - Pretrain memory allocated: 20.07 MB
2026-06-22 13:50:18 - pretrain_logger - INFO - Current learning rate: 0.0005
[2026-06-22 13:50:18,875][pretrain_logger][INFO] - Current learning rate: 0.0005
2026-06-22 13:50:18 - pretrain_logger - INFO - Logged epoch Pretrain 6 info to /public/home/202411094934/python_project/Spatio-Temporal-Library/time-series/2026-06-22/autoformer/pretrain10/etth2/time-series/seed_2/training_log.json
[2026-06-22 13:50:18,878][pretrain_logger][INFO] - Logged epoch Pretrain 6 info to /public/home/202411094934/python_project/Spatio-Temporal-Library/time-series/2026-06-22/autoformer/pretrain10/etth2/time-series/seed_2/training_log.json
2026-06-22 13:55:11 - pretrain_logger - INFO - [JEPA Pretrain] Epoch 7/10, loss=0.594976, time=292.89s
[2026-06-22 13:55:11,770][pretrain_logger][INFO] - [JEPA Pretrain] Epoch 7/10, loss=0.594976, time=292.89s
2026-06-22 13:55:11 - pretrain_logger - INFO - Pretrain loss: 0.5949762417009062
[2026-06-22 13:55:11,771][pretrain_logger][INFO] - Pretrain loss: 0.5949762417009062
2026-06-22 13:55:11 - pretrain_logger - INFO - Pretrain time: 292.89259576797485s
[2026-06-22 13:55:11,771][pretrain_logger][INFO] - Pretrain time: 292.89259576797485s
2026-06-22 13:55:11 - pretrain_logger - INFO - Pretrain memory reserved: 52.00 MB
[2026-06-22 13:55:11,771][pretrain_logger][INFO] - Pretrain memory reserved: 52.00 MB
2026-06-22 13:55:11 - pretrain_logger - INFO - Pretrain memory allocated: 20.07 MB
[2026-06-22 13:55:11,771][pretrain_logger][INFO] - Pretrain memory allocated: 20.07 MB
2026-06-22 13:55:11 - pretrain_logger - INFO - Current learning rate: 0.0005
[2026-06-22 13:55:11,772][pretrain_logger][INFO] - Current learning rate: 0.0005
2026-06-22 13:55:11 - pretrain_logger - INFO - Logged epoch Pretrain 7 info to /public/home/202411094934/python_project/Spatio-Temporal-Library/time-series/2026-06-22/autoformer/pretrain10/etth2/time-series/seed_2/training_log.json
[2026-06-22 13:55:11,775][pretrain_logger][INFO] - Logged epoch Pretrain 7 info to /public/home/202411094934/python_project/Spatio-Temporal-Library/time-series/2026-06-22/autoformer/pretrain10/etth2/time-series/seed_2/training_log.json
2026-06-22 14:00:04 - pretrain_logger - INFO - [JEPA Pretrain] Epoch 8/10, loss=0.592272, time=292.91s
[2026-06-22 14:00:04,689][pretrain_logger][INFO] - [JEPA Pretrain] Epoch 8/10, loss=0.592272, time=292.91s
2026-06-22 14:00:04 - pretrain_logger - INFO - Pretrain loss: 0.5922718559622271
[2026-06-22 14:00:04,707][pretrain_logger][INFO] - Pretrain loss: 0.5922718559622271
2026-06-22 14:00:04 - pretrain_logger - INFO - Pretrain time: 292.9143407344818s
[2026-06-22 14:00:04,707][pretrain_logger][INFO] - Pretrain time: 292.9143407344818s
2026-06-22 14:00:04 - pretrain_logger - INFO - Pretrain memory reserved: 52.00 MB
[2026-06-22 14:00:04,708][pretrain_logger][INFO] - Pretrain memory reserved: 52.00 MB
2026-06-22 14:00:04 - pretrain_logger - INFO - Pretrain memory allocated: 20.07 MB
[2026-06-22 14:00:04,708][pretrain_logger][INFO] - Pretrain memory allocated: 20.07 MB
2026-06-22 14:00:04 - pretrain_logger - INFO - Current learning rate: 0.0005
[2026-06-22 14:00:04,708][pretrain_logger][INFO] - Current learning rate: 0.0005
2026-06-22 14:00:04 - pretrain_logger - INFO - Logged epoch Pretrain 8 info to /public/home/202411094934/python_project/Spatio-Temporal-Library/time-series/2026-06-22/autoformer/pretrain10/etth2/time-series/seed_2/training_log.json
[2026-06-22 14:00:04,710][pretrain_logger][INFO] - Logged epoch Pretrain 8 info to /public/home/202411094934/python_project/Spatio-Temporal-Library/time-series/2026-06-22/autoformer/pretrain10/etth2/time-series/seed_2/training_log.json
2026-06-22 14:04:57 - pretrain_logger - INFO - [JEPA Pretrain] Epoch 9/10, loss=0.578244, time=292.71s
[2026-06-22 14:04:57,421][pretrain_logger][INFO] - [JEPA Pretrain] Epoch 9/10, loss=0.578244, time=292.71s
2026-06-22 14:04:57 - pretrain_logger - INFO - Pretrain loss: 0.5782439725272492
[2026-06-22 14:04:57,422][pretrain_logger][INFO] - Pretrain loss: 0.5782439725272492
2026-06-22 14:04:57 - pretrain_logger - INFO - Pretrain time: 292.7108886241913s
[2026-06-22 14:04:57,422][pretrain_logger][INFO] - Pretrain time: 292.7108886241913s
2026-06-22 14:04:57 - pretrain_logger - INFO - Pretrain memory reserved: 52.00 MB
[2026-06-22 14:04:57,422][pretrain_logger][INFO] - Pretrain memory reserved: 52.00 MB
2026-06-22 14:04:57 - pretrain_logger - INFO - Pretrain memory allocated: 20.07 MB
[2026-06-22 14:04:57,422][pretrain_logger][INFO] - Pretrain memory allocated: 20.07 MB
2026-06-22 14:04:57 - pretrain_logger - INFO - Current learning rate: 0.0005
[2026-06-22 14:04:57,423][pretrain_logger][INFO] - Current learning rate: 0.0005
2026-06-22 14:04:57 - pretrain_logger - INFO - Logged epoch Pretrain 9 info to /public/home/202411094934/python_project/Spatio-Temporal-Library/time-series/2026-06-22/autoformer/pretrain10/etth2/time-series/seed_2/training_log.json
[2026-06-22 14:04:57,426][pretrain_logger][INFO] - Logged epoch Pretrain 9 info to /public/home/202411094934/python_project/Spatio-Temporal-Library/time-series/2026-06-22/autoformer/pretrain10/etth2/time-series/seed_2/training_log.json
2026-06-22 14:09:50 - pretrain_logger - INFO - [JEPA Pretrain] Epoch 10/10, loss=0.546794, time=292.98s
[2026-06-22 14:09:50,406][pretrain_logger][INFO] - [JEPA Pretrain] Epoch 10/10, loss=0.546794, time=292.98s
2026-06-22 14:09:50 - pretrain_logger - INFO - Pretrain loss: 0.5467937080790451
[2026-06-22 14:09:50,425][pretrain_logger][INFO] - Pretrain loss: 0.5467937080790451
2026-06-22 14:09:50 - pretrain_logger - INFO - Pretrain time: 292.9806127548218s
[2026-06-22 14:09:50,425][pretrain_logger][INFO] - Pretrain time: 292.9806127548218s
2026-06-22 14:09:50 - pretrain_logger - INFO - Pretrain memory reserved: 52.00 MB
[2026-06-22 14:09:50,425][pretrain_logger][INFO] - Pretrain memory reserved: 52.00 MB
2026-06-22 14:09:50 - pretrain_logger - INFO - Pretrain memory allocated: 20.07 MB
[2026-06-22 14:09:50,426][pretrain_logger][INFO] - Pretrain memory allocated: 20.07 MB
2026-06-22 14:09:50 - pretrain_logger - INFO - Current learning rate: 0.0005
[2026-06-22 14:09:50,426][pretrain_logger][INFO] - Current learning rate: 0.0005
2026-06-22 14:09:50 - pretrain_logger - INFO - Logged epoch Pretrain 10 info to /public/home/202411094934/python_project/Spatio-Temporal-Library/time-series/2026-06-22/autoformer/pretrain10/etth2/time-series/seed_2/training_log.json
[2026-06-22 14:09:50,428][pretrain_logger][INFO] - Logged epoch Pretrain 10 info to /public/home/202411094934/python_project/Spatio-Temporal-Library/time-series/2026-06-22/autoformer/pretrain10/etth2/time-series/seed_2/training_log.json
2026-06-22 14:09:50 - pretrain_logger - INFO - JEPA pretraining completed.
[2026-06-22 14:09:50,429][pretrain_logger][INFO] - JEPA pretraining completed.
