2026-07-01 08:58:16 - pretrain_logger - INFO - Model parameters: 385,928
[2026-07-01 08:58:16,915][pretrain_logger][INFO] - Model parameters: 385,928
2026-07-01 08:58:16 - pretrain_logger - INFO - Created new log file at /public/home/202411094934/python_project/Spatio-Temporal-Library/time-series/2026-07-01/fedformer/pretrain10/exchange_rate/time-series/seed_2/training_log.json
[2026-07-01 08:58:16,918][pretrain_logger][INFO] - Created new log file at /public/home/202411094934/python_project/Spatio-Temporal-Library/time-series/2026-07-01/fedformer/pretrain10/exchange_rate/time-series/seed_2/training_log.json
2026-07-01 08:58:16 - pretrain_logger - INFO - Starting JEPA pretraining...
[2026-07-01 08:58:16,919][pretrain_logger][INFO] - Starting JEPA pretraining...
2026-07-01 09:15:44 - pretrain_logger - INFO - [JEPA Pretrain] Epoch 1/10, loss=0.551960, time=1047.17s
[2026-07-01 09:15:44,090][pretrain_logger][INFO] - [JEPA Pretrain] Epoch 1/10, loss=0.551960, time=1047.17s
2026-07-01 09:15:44 - pretrain_logger - INFO - Pretrain loss: 0.5519599983957875
[2026-07-01 09:15:44,093][pretrain_logger][INFO] - Pretrain loss: 0.5519599983957875
2026-07-01 09:15:44 - pretrain_logger - INFO - Pretrain time: 1047.1715943813324s
[2026-07-01 09:15:44,093][pretrain_logger][INFO] - Pretrain time: 1047.1715943813324s
2026-07-01 09:15:44 - pretrain_logger - INFO - Pretrain memory reserved: 96.00 MB
[2026-07-01 09:15:44,093][pretrain_logger][INFO] - Pretrain memory reserved: 96.00 MB
2026-07-01 09:15:44 - pretrain_logger - INFO - Pretrain memory allocated: 21.20 MB
[2026-07-01 09:15:44,093][pretrain_logger][INFO] - Pretrain memory allocated: 21.20 MB
2026-07-01 09:15:44 - pretrain_logger - INFO - Current learning rate: 0.0005
[2026-07-01 09:15:44,093][pretrain_logger][INFO] - Current learning rate: 0.0005
2026-07-01 09:15:44 - pretrain_logger - INFO - Logged epoch Pretrain 1 info to /public/home/202411094934/python_project/Spatio-Temporal-Library/time-series/2026-07-01/fedformer/pretrain10/exchange_rate/time-series/seed_2/training_log.json
[2026-07-01 09:15:44,097][pretrain_logger][INFO] - Logged epoch Pretrain 1 info to /public/home/202411094934/python_project/Spatio-Temporal-Library/time-series/2026-07-01/fedformer/pretrain10/exchange_rate/time-series/seed_2/training_log.json
2026-07-01 09:33:12 - pretrain_logger - INFO - [JEPA Pretrain] Epoch 2/10, loss=0.245932, time=1048.11s
[2026-07-01 09:33:12,211][pretrain_logger][INFO] - [JEPA Pretrain] Epoch 2/10, loss=0.245932, time=1048.11s
2026-07-01 09:33:12 - pretrain_logger - INFO - Pretrain loss: 0.2459321415016452
[2026-07-01 09:33:12,231][pretrain_logger][INFO] - Pretrain loss: 0.2459321415016452
2026-07-01 09:33:12 - pretrain_logger - INFO - Pretrain time: 1048.1137549877167s
[2026-07-01 09:33:12,231][pretrain_logger][INFO] - Pretrain time: 1048.1137549877167s
2026-07-01 09:33:12 - pretrain_logger - INFO - Pretrain memory reserved: 96.00 MB
[2026-07-01 09:33:12,231][pretrain_logger][INFO] - Pretrain memory reserved: 96.00 MB
2026-07-01 09:33:12 - pretrain_logger - INFO - Pretrain memory allocated: 21.20 MB
[2026-07-01 09:33:12,231][pretrain_logger][INFO] - Pretrain memory allocated: 21.20 MB
2026-07-01 09:33:12 - pretrain_logger - INFO - Current learning rate: 0.0005
[2026-07-01 09:33:12,232][pretrain_logger][INFO] - Current learning rate: 0.0005
2026-07-01 09:33:12 - pretrain_logger - INFO - Logged epoch Pretrain 2 info to /public/home/202411094934/python_project/Spatio-Temporal-Library/time-series/2026-07-01/fedformer/pretrain10/exchange_rate/time-series/seed_2/training_log.json
[2026-07-01 09:33:12,234][pretrain_logger][INFO] - Logged epoch Pretrain 2 info to /public/home/202411094934/python_project/Spatio-Temporal-Library/time-series/2026-07-01/fedformer/pretrain10/exchange_rate/time-series/seed_2/training_log.json
2026-07-01 09:50:25 - pretrain_logger - INFO - [JEPA Pretrain] Epoch 3/10, loss=0.215157, time=1032.88s
[2026-07-01 09:50:25,117][pretrain_logger][INFO] - [JEPA Pretrain] Epoch 3/10, loss=0.215157, time=1032.88s
2026-07-01 09:50:25 - pretrain_logger - INFO - Pretrain loss: 0.21515733097043307
[2026-07-01 09:50:25,119][pretrain_logger][INFO] - Pretrain loss: 0.21515733097043307
2026-07-01 09:50:25 - pretrain_logger - INFO - Pretrain time: 1032.8830978870392s
[2026-07-01 09:50:25,119][pretrain_logger][INFO] - Pretrain time: 1032.8830978870392s
2026-07-01 09:50:25 - pretrain_logger - INFO - Pretrain memory reserved: 96.00 MB
[2026-07-01 09:50:25,120][pretrain_logger][INFO] - Pretrain memory reserved: 96.00 MB
2026-07-01 09:50:25 - pretrain_logger - INFO - Pretrain memory allocated: 21.20 MB
[2026-07-01 09:50:25,120][pretrain_logger][INFO] - Pretrain memory allocated: 21.20 MB
2026-07-01 09:50:25 - pretrain_logger - INFO - Current learning rate: 0.0005
[2026-07-01 09:50:25,120][pretrain_logger][INFO] - Current learning rate: 0.0005
2026-07-01 09:50:25 - pretrain_logger - INFO - Logged epoch Pretrain 3 info to /public/home/202411094934/python_project/Spatio-Temporal-Library/time-series/2026-07-01/fedformer/pretrain10/exchange_rate/time-series/seed_2/training_log.json
[2026-07-01 09:50:25,123][pretrain_logger][INFO] - Logged epoch Pretrain 3 info to /public/home/202411094934/python_project/Spatio-Temporal-Library/time-series/2026-07-01/fedformer/pretrain10/exchange_rate/time-series/seed_2/training_log.json
2026-07-01 10:07:53 - pretrain_logger - INFO - [JEPA Pretrain] Epoch 4/10, loss=0.203330, time=1048.81s
[2026-07-01 10:07:53,936][pretrain_logger][INFO] - [JEPA Pretrain] Epoch 4/10, loss=0.203330, time=1048.81s
2026-07-01 10:07:53 - pretrain_logger - INFO - Pretrain loss: 0.20332987877964598
[2026-07-01 10:07:53,958][pretrain_logger][INFO] - Pretrain loss: 0.20332987877964598
2026-07-01 10:07:53 - pretrain_logger - INFO - Pretrain time: 1048.813575744629s
[2026-07-01 10:07:53,958][pretrain_logger][INFO] - Pretrain time: 1048.813575744629s
2026-07-01 10:07:53 - pretrain_logger - INFO - Pretrain memory reserved: 96.00 MB
[2026-07-01 10:07:53,958][pretrain_logger][INFO] - Pretrain memory reserved: 96.00 MB
2026-07-01 10:07:53 - pretrain_logger - INFO - Pretrain memory allocated: 21.20 MB
[2026-07-01 10:07:53,958][pretrain_logger][INFO] - Pretrain memory allocated: 21.20 MB
2026-07-01 10:07:53 - pretrain_logger - INFO - Current learning rate: 0.0005
[2026-07-01 10:07:53,958][pretrain_logger][INFO] - Current learning rate: 0.0005
2026-07-01 10:07:53 - pretrain_logger - INFO - Logged epoch Pretrain 4 info to /public/home/202411094934/python_project/Spatio-Temporal-Library/time-series/2026-07-01/fedformer/pretrain10/exchange_rate/time-series/seed_2/training_log.json
[2026-07-01 10:07:53,961][pretrain_logger][INFO] - Logged epoch Pretrain 4 info to /public/home/202411094934/python_project/Spatio-Temporal-Library/time-series/2026-07-01/fedformer/pretrain10/exchange_rate/time-series/seed_2/training_log.json
2026-07-01 10:25:23 - pretrain_logger - INFO - [JEPA Pretrain] Epoch 5/10, loss=0.196178, time=1049.64s
[2026-07-01 10:25:23,606][pretrain_logger][INFO] - [JEPA Pretrain] Epoch 5/10, loss=0.196178, time=1049.64s
2026-07-01 10:25:23 - pretrain_logger - INFO - Pretrain loss: 0.19617791008204147
[2026-07-01 10:25:23,608][pretrain_logger][INFO] - Pretrain loss: 0.19617791008204147
2026-07-01 10:25:23 - pretrain_logger - INFO - Pretrain time: 1049.6444420814514s
[2026-07-01 10:25:23,608][pretrain_logger][INFO] - Pretrain time: 1049.6444420814514s
2026-07-01 10:25:23 - pretrain_logger - INFO - Pretrain memory reserved: 96.00 MB
[2026-07-01 10:25:23,608][pretrain_logger][INFO] - Pretrain memory reserved: 96.00 MB
2026-07-01 10:25:23 - pretrain_logger - INFO - Pretrain memory allocated: 21.20 MB
[2026-07-01 10:25:23,608][pretrain_logger][INFO] - Pretrain memory allocated: 21.20 MB
2026-07-01 10:25:23 - pretrain_logger - INFO - Current learning rate: 0.0005
[2026-07-01 10:25:23,609][pretrain_logger][INFO] - Current learning rate: 0.0005
2026-07-01 10:25:23 - pretrain_logger - INFO - Logged epoch Pretrain 5 info to /public/home/202411094934/python_project/Spatio-Temporal-Library/time-series/2026-07-01/fedformer/pretrain10/exchange_rate/time-series/seed_2/training_log.json
[2026-07-01 10:25:23,611][pretrain_logger][INFO] - Logged epoch Pretrain 5 info to /public/home/202411094934/python_project/Spatio-Temporal-Library/time-series/2026-07-01/fedformer/pretrain10/exchange_rate/time-series/seed_2/training_log.json
2026-07-01 10:42:53 - pretrain_logger - INFO - [JEPA Pretrain] Epoch 6/10, loss=0.194455, time=1050.18s
[2026-07-01 10:42:53,794][pretrain_logger][INFO] - [JEPA Pretrain] Epoch 6/10, loss=0.194455, time=1050.18s
2026-07-01 10:42:53 - pretrain_logger - INFO - Pretrain loss: 0.1944547798543505
[2026-07-01 10:42:53,816][pretrain_logger][INFO] - Pretrain loss: 0.1944547798543505
2026-07-01 10:42:53 - pretrain_logger - INFO - Pretrain time: 1050.1827080249786s
[2026-07-01 10:42:53,816][pretrain_logger][INFO] - Pretrain time: 1050.1827080249786s
2026-07-01 10:42:53 - pretrain_logger - INFO - Pretrain memory reserved: 96.00 MB
[2026-07-01 10:42:53,816][pretrain_logger][INFO] - Pretrain memory reserved: 96.00 MB
2026-07-01 10:42:53 - pretrain_logger - INFO - Pretrain memory allocated: 21.20 MB
[2026-07-01 10:42:53,816][pretrain_logger][INFO] - Pretrain memory allocated: 21.20 MB
2026-07-01 10:42:53 - pretrain_logger - INFO - Current learning rate: 0.0005
[2026-07-01 10:42:53,816][pretrain_logger][INFO] - Current learning rate: 0.0005
2026-07-01 10:42:53 - pretrain_logger - INFO - Logged epoch Pretrain 6 info to /public/home/202411094934/python_project/Spatio-Temporal-Library/time-series/2026-07-01/fedformer/pretrain10/exchange_rate/time-series/seed_2/training_log.json
[2026-07-01 10:42:53,819][pretrain_logger][INFO] - Logged epoch Pretrain 6 info to /public/home/202411094934/python_project/Spatio-Temporal-Library/time-series/2026-07-01/fedformer/pretrain10/exchange_rate/time-series/seed_2/training_log.json
2026-07-01 11:00:24 - pretrain_logger - INFO - [JEPA Pretrain] Epoch 7/10, loss=0.193783, time=1050.93s
[2026-07-01 11:00:24,750][pretrain_logger][INFO] - [JEPA Pretrain] Epoch 7/10, loss=0.193783, time=1050.93s
2026-07-01 11:00:24 - pretrain_logger - INFO - Pretrain loss: 0.19378328380835033
[2026-07-01 11:00:24,752][pretrain_logger][INFO] - Pretrain loss: 0.19378328380835033
2026-07-01 11:00:24 - pretrain_logger - INFO - Pretrain time: 1050.931269645691s
[2026-07-01 11:00:24,753][pretrain_logger][INFO] - Pretrain time: 1050.931269645691s
2026-07-01 11:00:24 - pretrain_logger - INFO - Pretrain memory reserved: 96.00 MB
[2026-07-01 11:00:24,753][pretrain_logger][INFO] - Pretrain memory reserved: 96.00 MB
2026-07-01 11:00:24 - pretrain_logger - INFO - Pretrain memory allocated: 21.20 MB
[2026-07-01 11:00:24,753][pretrain_logger][INFO] - Pretrain memory allocated: 21.20 MB
2026-07-01 11:00:24 - pretrain_logger - INFO - Current learning rate: 0.0005
[2026-07-01 11:00:24,753][pretrain_logger][INFO] - Current learning rate: 0.0005
2026-07-01 11:00:24 - pretrain_logger - INFO - Logged epoch Pretrain 7 info to /public/home/202411094934/python_project/Spatio-Temporal-Library/time-series/2026-07-01/fedformer/pretrain10/exchange_rate/time-series/seed_2/training_log.json
[2026-07-01 11:00:24,756][pretrain_logger][INFO] - Logged epoch Pretrain 7 info to /public/home/202411094934/python_project/Spatio-Temporal-Library/time-series/2026-07-01/fedformer/pretrain10/exchange_rate/time-series/seed_2/training_log.json
2026-07-01 11:17:54 - pretrain_logger - INFO - [JEPA Pretrain] Epoch 8/10, loss=0.196061, time=1049.90s
[2026-07-01 11:17:54,653][pretrain_logger][INFO] - [JEPA Pretrain] Epoch 8/10, loss=0.196061, time=1049.90s
2026-07-01 11:17:54 - pretrain_logger - INFO - Pretrain loss: 0.19606100817953698
[2026-07-01 11:17:54,674][pretrain_logger][INFO] - Pretrain loss: 0.19606100817953698
2026-07-01 11:17:54 - pretrain_logger - INFO - Pretrain time: 1049.8973739147186s
[2026-07-01 11:17:54,674][pretrain_logger][INFO] - Pretrain time: 1049.8973739147186s
2026-07-01 11:17:54 - pretrain_logger - INFO - Pretrain memory reserved: 96.00 MB
[2026-07-01 11:17:54,674][pretrain_logger][INFO] - Pretrain memory reserved: 96.00 MB
2026-07-01 11:17:54 - pretrain_logger - INFO - Pretrain memory allocated: 21.20 MB
[2026-07-01 11:17:54,674][pretrain_logger][INFO] - Pretrain memory allocated: 21.20 MB
2026-07-01 11:17:54 - pretrain_logger - INFO - Current learning rate: 0.0005
[2026-07-01 11:17:54,674][pretrain_logger][INFO] - Current learning rate: 0.0005
2026-07-01 11:17:54 - pretrain_logger - INFO - Logged epoch Pretrain 8 info to /public/home/202411094934/python_project/Spatio-Temporal-Library/time-series/2026-07-01/fedformer/pretrain10/exchange_rate/time-series/seed_2/training_log.json
[2026-07-01 11:17:54,677][pretrain_logger][INFO] - Logged epoch Pretrain 8 info to /public/home/202411094934/python_project/Spatio-Temporal-Library/time-series/2026-07-01/fedformer/pretrain10/exchange_rate/time-series/seed_2/training_log.json
2026-07-01 11:35:21 - pretrain_logger - INFO - [JEPA Pretrain] Epoch 9/10, loss=0.198277, time=1046.80s
[2026-07-01 11:35:21,476][pretrain_logger][INFO] - [JEPA Pretrain] Epoch 9/10, loss=0.198277, time=1046.80s
2026-07-01 11:35:21 - pretrain_logger - INFO - Pretrain loss: 0.19827680361362804
[2026-07-01 11:35:21,477][pretrain_logger][INFO] - Pretrain loss: 0.19827680361362804
2026-07-01 11:35:21 - pretrain_logger - INFO - Pretrain time: 1046.7988677024841s
[2026-07-01 11:35:21,477][pretrain_logger][INFO] - Pretrain time: 1046.7988677024841s
2026-07-01 11:35:21 - pretrain_logger - INFO - Pretrain memory reserved: 96.00 MB
[2026-07-01 11:35:21,477][pretrain_logger][INFO] - Pretrain memory reserved: 96.00 MB
2026-07-01 11:35:21 - pretrain_logger - INFO - Pretrain memory allocated: 21.20 MB
[2026-07-01 11:35:21,477][pretrain_logger][INFO] - Pretrain memory allocated: 21.20 MB
2026-07-01 11:35:21 - pretrain_logger - INFO - Current learning rate: 0.0005
[2026-07-01 11:35:21,477][pretrain_logger][INFO] - Current learning rate: 0.0005
2026-07-01 11:35:21 - pretrain_logger - INFO - Logged epoch Pretrain 9 info to /public/home/202411094934/python_project/Spatio-Temporal-Library/time-series/2026-07-01/fedformer/pretrain10/exchange_rate/time-series/seed_2/training_log.json
[2026-07-01 11:35:21,480][pretrain_logger][INFO] - Logged epoch Pretrain 9 info to /public/home/202411094934/python_project/Spatio-Temporal-Library/time-series/2026-07-01/fedformer/pretrain10/exchange_rate/time-series/seed_2/training_log.json
2026-07-01 11:52:49 - pretrain_logger - INFO - [JEPA Pretrain] Epoch 10/10, loss=0.200302, time=1047.67s
[2026-07-01 11:52:49,146][pretrain_logger][INFO] - [JEPA Pretrain] Epoch 10/10, loss=0.200302, time=1047.67s
2026-07-01 11:52:49 - pretrain_logger - INFO - Pretrain loss: 0.20030233393941896
[2026-07-01 11:52:49,167][pretrain_logger][INFO] - Pretrain loss: 0.20030233393941896
2026-07-01 11:52:49 - pretrain_logger - INFO - Pretrain time: 1047.6660730838776s
[2026-07-01 11:52:49,167][pretrain_logger][INFO] - Pretrain time: 1047.6660730838776s
2026-07-01 11:52:49 - pretrain_logger - INFO - Pretrain memory reserved: 96.00 MB
[2026-07-01 11:52:49,167][pretrain_logger][INFO] - Pretrain memory reserved: 96.00 MB
2026-07-01 11:52:49 - pretrain_logger - INFO - Pretrain memory allocated: 21.20 MB
[2026-07-01 11:52:49,167][pretrain_logger][INFO] - Pretrain memory allocated: 21.20 MB
2026-07-01 11:52:49 - pretrain_logger - INFO - Current learning rate: 0.0005
[2026-07-01 11:52:49,167][pretrain_logger][INFO] - Current learning rate: 0.0005
2026-07-01 11:52:49 - pretrain_logger - INFO - Logged epoch Pretrain 10 info to /public/home/202411094934/python_project/Spatio-Temporal-Library/time-series/2026-07-01/fedformer/pretrain10/exchange_rate/time-series/seed_2/training_log.json
[2026-07-01 11:52:49,170][pretrain_logger][INFO] - Logged epoch Pretrain 10 info to /public/home/202411094934/python_project/Spatio-Temporal-Library/time-series/2026-07-01/fedformer/pretrain10/exchange_rate/time-series/seed_2/training_log.json
2026-07-01 11:52:49 - pretrain_logger - INFO - JEPA pretraining completed.
[2026-07-01 11:52:49,170][pretrain_logger][INFO] - JEPA pretraining completed.
