2026-07-03 16:40:32 - finetune_logger - INFO - Loaded pretrained checkpoint from: /public/home/202411094934/python_project/Spatio-Temporal-Library/time-series/2026-07-03/fedformer/pretrain10/traffic/time-series/seed_1/jepa_pretrain_epoch_10.pth
Missing keys: []
Unexpected keys: []
[2026-07-03 16:40:32,670][finetune_logger][INFO] - Loaded pretrained checkpoint from: /public/home/202411094934/python_project/Spatio-Temporal-Library/time-series/2026-07-03/fedformer/pretrain10/traffic/time-series/seed_1/jepa_pretrain_epoch_10.pth
Missing keys: []
Unexpected keys: []
2026-07-03 16:40:32 - finetune_logger - INFO - Model parameters: 1,097,310
[2026-07-03 16:40:32,674][finetune_logger][INFO] - Model parameters: 1,097,310
2026-07-03 16:40:32 - finetune_logger - INFO - Created new log file at /public/home/202411094934/python_project/Spatio-Temporal-Library/time-series/2026-07-03/fedformer/pretrain10_finetune10/traffic/time-series/seed_1/training_log.json
[2026-07-03 16:40:32,676][finetune_logger][INFO] - Created new log file at /public/home/202411094934/python_project/Spatio-Temporal-Library/time-series/2026-07-03/fedformer/pretrain10_finetune10/traffic/time-series/seed_1/training_log.json
2026-07-03 16:40:32 - finetune_logger - INFO - Starting training...
[2026-07-03 16:40:32,676][finetune_logger][INFO] - Starting training...
2026-07-03 16:40:32 - finetune_logger - INFO - Epoch 1/10
[2026-07-03 16:40:32,677][finetune_logger][INFO] - Epoch 1/10
2026-07-03 17:59:03 - finetune_logger - INFO - Train loss: 0.05210094910602906
[2026-07-03 17:59:03,211][finetune_logger][INFO] - Train loss: 0.05210094910602906
2026-07-03 17:59:03 - finetune_logger - INFO - Train time: 4710.532155513763s
[2026-07-03 17:59:03,211][finetune_logger][INFO] - Train time: 4710.532155513763s
2026-07-03 17:59:03 - finetune_logger - INFO - Train memory reserved: 104.00 MB
[2026-07-03 17:59:03,211][finetune_logger][INFO] - Train memory reserved: 104.00 MB
2026-07-03 17:59:03 - finetune_logger - INFO - Train memory allocated: 30.96 MB
[2026-07-03 17:59:03,211][finetune_logger][INFO] - Train memory allocated: 30.96 MB
2026-07-03 17:59:03 - finetune_logger - INFO - Current learning rate: 0.0005
[2026-07-03 17:59:03,211][finetune_logger][INFO] - Current learning rate: 0.0005
2026-07-03 18:01:26 - finetune_logger - INFO - Validation metrics: {'MAE': 0.023164163402631444, 'RMSE': 0.040686874755417726}
[2026-07-03 18:01:26,825][finetune_logger][INFO] - Validation metrics: {'MAE': 0.023164163402631444, 'RMSE': 0.040686874755417726}
2026-07-03 18:01:26 - finetune_logger - INFO - Val time: 143.61s
[2026-07-03 18:01:26,826][finetune_logger][INFO] - Val time: 143.61s
2026-07-03 18:01:26 - finetune_logger - INFO - Val memory reserved: 104.00 MB
[2026-07-03 18:01:26,826][finetune_logger][INFO] - Val memory reserved: 104.00 MB
2026-07-03 18:01:26 - finetune_logger - INFO - Val memory allocated: 30.96 MB
[2026-07-03 18:01:26,826][finetune_logger][INFO] - Val memory allocated: 30.96 MB
2026-07-03 18:01:26 - finetune_logger - INFO - Logged epoch 1 info to /public/home/202411094934/python_project/Spatio-Temporal-Library/time-series/2026-07-03/fedformer/pretrain10_finetune10/traffic/time-series/seed_1/training_log.json
[2026-07-03 18:01:26,830][finetune_logger][INFO] - Logged epoch 1 info to /public/home/202411094934/python_project/Spatio-Temporal-Library/time-series/2026-07-03/fedformer/pretrain10_finetune10/traffic/time-series/seed_1/training_log.json
2026-07-03 18:01:26 - finetune_logger - INFO - New best model! Val loss: 0.023164
[2026-07-03 18:01:26,830][finetune_logger][INFO] - New best model! Val loss: 0.023164
2026-07-03 18:06:37 - finetune_logger - INFO - Test metrics: {'MAE': 0.025095203391257707, 'RMSE': 0.0440702256112834}
[2026-07-03 18:06:37,178][finetune_logger][INFO] - Test metrics: {'MAE': 0.025095203391257707, 'RMSE': 0.0440702256112834}
2026-07-03 18:06:37 - finetune_logger - INFO - Test time: 310.27s
[2026-07-03 18:06:37,178][finetune_logger][INFO] - Test time: 310.27s
2026-07-03 18:06:37 - finetune_logger - INFO - Test memory reserved: 104.00 MB
[2026-07-03 18:06:37,178][finetune_logger][INFO] - Test memory reserved: 104.00 MB
2026-07-03 18:06:37 - finetune_logger - INFO - Test memory allocated: 30.96 MB
[2026-07-03 18:06:37,178][finetune_logger][INFO] - Test memory allocated: 30.96 MB
2026-07-03 18:06:37 - finetune_logger - INFO - Epoch 2/10
[2026-07-03 18:06:37,178][finetune_logger][INFO] - Epoch 2/10
2026-07-03 19:25:51 - finetune_logger - INFO - Train loss: 0.02259432718498551
[2026-07-03 19:25:51,758][finetune_logger][INFO] - Train loss: 0.02259432718498551
2026-07-03 19:25:51 - finetune_logger - INFO - Train time: 4754.5782351493835s
[2026-07-03 19:25:51,759][finetune_logger][INFO] - Train time: 4754.5782351493835s
2026-07-03 19:25:51 - finetune_logger - INFO - Train memory reserved: 104.00 MB
[2026-07-03 19:25:51,759][finetune_logger][INFO] - Train memory reserved: 104.00 MB
2026-07-03 19:25:51 - finetune_logger - INFO - Train memory allocated: 30.96 MB
[2026-07-03 19:25:51,759][finetune_logger][INFO] - Train memory allocated: 30.96 MB
2026-07-03 19:25:51 - finetune_logger - INFO - Current learning rate: 0.0005
[2026-07-03 19:25:51,759][finetune_logger][INFO] - Current learning rate: 0.0005
2026-07-03 19:28:15 - finetune_logger - INFO - Validation metrics: {'MAE': 0.01783522647097856, 'RMSE': 0.03302178291567884}
[2026-07-03 19:28:15,569][finetune_logger][INFO] - Validation metrics: {'MAE': 0.01783522647097856, 'RMSE': 0.03302178291567884}
2026-07-03 19:28:15 - finetune_logger - INFO - Val time: 143.81s
[2026-07-03 19:28:15,569][finetune_logger][INFO] - Val time: 143.81s
2026-07-03 19:28:15 - finetune_logger - INFO - Val memory reserved: 104.00 MB
[2026-07-03 19:28:15,569][finetune_logger][INFO] - Val memory reserved: 104.00 MB
2026-07-03 19:28:15 - finetune_logger - INFO - Val memory allocated: 30.96 MB
[2026-07-03 19:28:15,570][finetune_logger][INFO] - Val memory allocated: 30.96 MB
2026-07-03 19:28:15 - finetune_logger - INFO - Logged epoch 2 info to /public/home/202411094934/python_project/Spatio-Temporal-Library/time-series/2026-07-03/fedformer/pretrain10_finetune10/traffic/time-series/seed_1/training_log.json
[2026-07-03 19:28:15,572][finetune_logger][INFO] - Logged epoch 2 info to /public/home/202411094934/python_project/Spatio-Temporal-Library/time-series/2026-07-03/fedformer/pretrain10_finetune10/traffic/time-series/seed_1/training_log.json
2026-07-03 19:28:15 - finetune_logger - INFO - New best model! Val loss: 0.017835
[2026-07-03 19:28:15,572][finetune_logger][INFO] - New best model! Val loss: 0.017835
2026-07-03 19:33:26 - finetune_logger - INFO - Test metrics: {'MAE': 0.019724834238260467, 'RMSE': 0.03666592373265206}
[2026-07-03 19:33:26,615][finetune_logger][INFO] - Test metrics: {'MAE': 0.019724834238260467, 'RMSE': 0.03666592373265206}
2026-07-03 19:33:26 - finetune_logger - INFO - Test time: 310.96s
[2026-07-03 19:33:26,615][finetune_logger][INFO] - Test time: 310.96s
2026-07-03 19:33:26 - finetune_logger - INFO - Test memory reserved: 104.00 MB
[2026-07-03 19:33:26,615][finetune_logger][INFO] - Test memory reserved: 104.00 MB
2026-07-03 19:33:26 - finetune_logger - INFO - Test memory allocated: 30.96 MB
[2026-07-03 19:33:26,615][finetune_logger][INFO] - Test memory allocated: 30.96 MB
2026-07-03 19:33:26 - finetune_logger - INFO - Epoch 3/10
[2026-07-03 19:33:26,616][finetune_logger][INFO] - Epoch 3/10
2026-07-03 20:52:45 - finetune_logger - INFO - Train loss: 0.017509446516013452
[2026-07-03 20:52:45,218][finetune_logger][INFO] - Train loss: 0.017509446516013452
2026-07-03 20:52:45 - finetune_logger - INFO - Train time: 4758.601496696472s
[2026-07-03 20:52:45,218][finetune_logger][INFO] - Train time: 4758.601496696472s
2026-07-03 20:52:45 - finetune_logger - INFO - Train memory reserved: 104.00 MB
[2026-07-03 20:52:45,218][finetune_logger][INFO] - Train memory reserved: 104.00 MB
2026-07-03 20:52:45 - finetune_logger - INFO - Train memory allocated: 30.96 MB
[2026-07-03 20:52:45,219][finetune_logger][INFO] - Train memory allocated: 30.96 MB
2026-07-03 20:52:45 - finetune_logger - INFO - Current learning rate: 0.0005
[2026-07-03 20:52:45,219][finetune_logger][INFO] - Current learning rate: 0.0005
2026-07-03 20:55:08 - finetune_logger - INFO - Validation metrics: {'MAE': 0.015915570492974818, 'RMSE': 0.030403688865613704}
[2026-07-03 20:55:08,917][finetune_logger][INFO] - Validation metrics: {'MAE': 0.015915570492974818, 'RMSE': 0.030403688865613704}
2026-07-03 20:55:08 - finetune_logger - INFO - Val time: 143.70s
[2026-07-03 20:55:08,918][finetune_logger][INFO] - Val time: 143.70s
2026-07-03 20:55:08 - finetune_logger - INFO - Val memory reserved: 104.00 MB
[2026-07-03 20:55:08,918][finetune_logger][INFO] - Val memory reserved: 104.00 MB
2026-07-03 20:55:08 - finetune_logger - INFO - Val memory allocated: 30.96 MB
[2026-07-03 20:55:08,918][finetune_logger][INFO] - Val memory allocated: 30.96 MB
2026-07-03 20:55:08 - finetune_logger - INFO - Logged epoch 3 info to /public/home/202411094934/python_project/Spatio-Temporal-Library/time-series/2026-07-03/fedformer/pretrain10_finetune10/traffic/time-series/seed_1/training_log.json
[2026-07-03 20:55:08,921][finetune_logger][INFO] - Logged epoch 3 info to /public/home/202411094934/python_project/Spatio-Temporal-Library/time-series/2026-07-03/fedformer/pretrain10_finetune10/traffic/time-series/seed_1/training_log.json
2026-07-03 20:55:08 - finetune_logger - INFO - New best model! Val loss: 0.015916
[2026-07-03 20:55:08,921][finetune_logger][INFO] - New best model! Val loss: 0.015916
2026-07-03 21:00:20 - finetune_logger - INFO - Test metrics: {'MAE': 0.017854867054982085, 'RMSE': 0.03376853518394011}
[2026-07-03 21:00:20,928][finetune_logger][INFO] - Test metrics: {'MAE': 0.017854867054982085, 'RMSE': 0.03376853518394011}
2026-07-03 21:00:20 - finetune_logger - INFO - Test time: 311.93s
[2026-07-03 21:00:20,928][finetune_logger][INFO] - Test time: 311.93s
2026-07-03 21:00:20 - finetune_logger - INFO - Test memory reserved: 104.00 MB
[2026-07-03 21:00:20,928][finetune_logger][INFO] - Test memory reserved: 104.00 MB
2026-07-03 21:00:20 - finetune_logger - INFO - Test memory allocated: 30.96 MB
[2026-07-03 21:00:20,928][finetune_logger][INFO] - Test memory allocated: 30.96 MB
2026-07-03 21:00:20 - finetune_logger - INFO - Epoch 4/10
[2026-07-03 21:00:20,928][finetune_logger][INFO] - Epoch 4/10
2026-07-03 22:19:38 - finetune_logger - INFO - Train loss: 0.015640935711872264
[2026-07-03 22:19:38,218][finetune_logger][INFO] - Train loss: 0.015640935711872264
2026-07-03 22:19:38 - finetune_logger - INFO - Train time: 4757.288488149643s
[2026-07-03 22:19:38,218][finetune_logger][INFO] - Train time: 4757.288488149643s
2026-07-03 22:19:38 - finetune_logger - INFO - Train memory reserved: 104.00 MB
[2026-07-03 22:19:38,218][finetune_logger][INFO] - Train memory reserved: 104.00 MB
2026-07-03 22:19:38 - finetune_logger - INFO - Train memory allocated: 30.96 MB
[2026-07-03 22:19:38,218][finetune_logger][INFO] - Train memory allocated: 30.96 MB
2026-07-03 22:19:38 - finetune_logger - INFO - Current learning rate: 0.0005
[2026-07-03 22:19:38,219][finetune_logger][INFO] - Current learning rate: 0.0005
2026-07-03 22:22:01 - finetune_logger - INFO - Validation metrics: {'MAE': 0.01516621373966584, 'RMSE': 0.02935022670027612}
[2026-07-03 22:22:01,450][finetune_logger][INFO] - Validation metrics: {'MAE': 0.01516621373966584, 'RMSE': 0.02935022670027612}
2026-07-03 22:22:01 - finetune_logger - INFO - Val time: 143.23s
[2026-07-03 22:22:01,450][finetune_logger][INFO] - Val time: 143.23s
2026-07-03 22:22:01 - finetune_logger - INFO - Val memory reserved: 104.00 MB
[2026-07-03 22:22:01,450][finetune_logger][INFO] - Val memory reserved: 104.00 MB
2026-07-03 22:22:01 - finetune_logger - INFO - Val memory allocated: 30.96 MB
[2026-07-03 22:22:01,450][finetune_logger][INFO] - Val memory allocated: 30.96 MB
2026-07-03 22:22:01 - finetune_logger - INFO - Logged epoch 4 info to /public/home/202411094934/python_project/Spatio-Temporal-Library/time-series/2026-07-03/fedformer/pretrain10_finetune10/traffic/time-series/seed_1/training_log.json
[2026-07-03 22:22:01,453][finetune_logger][INFO] - Logged epoch 4 info to /public/home/202411094934/python_project/Spatio-Temporal-Library/time-series/2026-07-03/fedformer/pretrain10_finetune10/traffic/time-series/seed_1/training_log.json
2026-07-03 22:22:01 - finetune_logger - INFO - New best model! Val loss: 0.015166
[2026-07-03 22:22:01,453][finetune_logger][INFO] - New best model! Val loss: 0.015166
2026-07-03 22:27:12 - finetune_logger - INFO - Test metrics: {'MAE': 0.016880126055988147, 'RMSE': 0.03279965710976425}
[2026-07-03 22:27:12,433][finetune_logger][INFO] - Test metrics: {'MAE': 0.016880126055988147, 'RMSE': 0.03279965710976425}
2026-07-03 22:27:12 - finetune_logger - INFO - Test time: 310.90s
[2026-07-03 22:27:12,433][finetune_logger][INFO] - Test time: 310.90s
2026-07-03 22:27:12 - finetune_logger - INFO - Test memory reserved: 104.00 MB
[2026-07-03 22:27:12,434][finetune_logger][INFO] - Test memory reserved: 104.00 MB
2026-07-03 22:27:12 - finetune_logger - INFO - Test memory allocated: 30.96 MB
[2026-07-03 22:27:12,434][finetune_logger][INFO] - Test memory allocated: 30.96 MB
2026-07-03 22:27:12 - finetune_logger - INFO - Epoch 5/10
[2026-07-03 22:27:12,434][finetune_logger][INFO] - Epoch 5/10
2026-07-03 23:46:31 - finetune_logger - INFO - Train loss: 0.01463488984643913
[2026-07-03 23:46:31,065][finetune_logger][INFO] - Train loss: 0.01463488984643913
2026-07-03 23:46:31 - finetune_logger - INFO - Train time: 4758.630695104599s
[2026-07-03 23:46:31,066][finetune_logger][INFO] - Train time: 4758.630695104599s
2026-07-03 23:46:31 - finetune_logger - INFO - Train memory reserved: 104.00 MB
[2026-07-03 23:46:31,066][finetune_logger][INFO] - Train memory reserved: 104.00 MB
2026-07-03 23:46:31 - finetune_logger - INFO - Train memory allocated: 30.96 MB
[2026-07-03 23:46:31,066][finetune_logger][INFO] - Train memory allocated: 30.96 MB
2026-07-03 23:46:31 - finetune_logger - INFO - Current learning rate: 0.0005
[2026-07-03 23:46:31,066][finetune_logger][INFO] - Current learning rate: 0.0005
2026-07-03 23:48:55 - finetune_logger - INFO - Validation metrics: {'MAE': 0.014271656790620228, 'RMSE': 0.028592276970313496}
[2026-07-03 23:48:55,095][finetune_logger][INFO] - Validation metrics: {'MAE': 0.014271656790620228, 'RMSE': 0.028592276970313496}
2026-07-03 23:48:55 - finetune_logger - INFO - Val time: 144.03s
[2026-07-03 23:48:55,095][finetune_logger][INFO] - Val time: 144.03s
2026-07-03 23:48:55 - finetune_logger - INFO - Val memory reserved: 104.00 MB
[2026-07-03 23:48:55,095][finetune_logger][INFO] - Val memory reserved: 104.00 MB
2026-07-03 23:48:55 - finetune_logger - INFO - Val memory allocated: 30.96 MB
[2026-07-03 23:48:55,095][finetune_logger][INFO] - Val memory allocated: 30.96 MB
2026-07-03 23:48:55 - finetune_logger - INFO - Logged epoch 5 info to /public/home/202411094934/python_project/Spatio-Temporal-Library/time-series/2026-07-03/fedformer/pretrain10_finetune10/traffic/time-series/seed_1/training_log.json
[2026-07-03 23:48:55,098][finetune_logger][INFO] - Logged epoch 5 info to /public/home/202411094934/python_project/Spatio-Temporal-Library/time-series/2026-07-03/fedformer/pretrain10_finetune10/traffic/time-series/seed_1/training_log.json
2026-07-03 23:48:55 - finetune_logger - INFO - New best model! Val loss: 0.014272
[2026-07-03 23:48:55,099][finetune_logger][INFO] - New best model! Val loss: 0.014272
2026-07-03 23:54:05 - finetune_logger - INFO - Test metrics: {'MAE': 0.01617214601721543, 'RMSE': 0.031957253721040454}
[2026-07-03 23:54:05,978][finetune_logger][INFO] - Test metrics: {'MAE': 0.01617214601721543, 'RMSE': 0.031957253721040454}
2026-07-03 23:54:05 - finetune_logger - INFO - Test time: 310.80s
[2026-07-03 23:54:05,978][finetune_logger][INFO] - Test time: 310.80s
2026-07-03 23:54:05 - finetune_logger - INFO - Test memory reserved: 104.00 MB
[2026-07-03 23:54:05,978][finetune_logger][INFO] - Test memory reserved: 104.00 MB
2026-07-03 23:54:05 - finetune_logger - INFO - Test memory allocated: 30.96 MB
[2026-07-03 23:54:05,978][finetune_logger][INFO] - Test memory allocated: 30.96 MB
2026-07-03 23:54:05 - finetune_logger - INFO - Epoch 6/10
[2026-07-03 23:54:05,979][finetune_logger][INFO] - Epoch 6/10
2026-07-04 01:13:28 - finetune_logger - INFO - Train loss: 0.013829785054878757
[2026-07-04 01:13:28,652][finetune_logger][INFO] - Train loss: 0.013829785054878757
2026-07-04 01:13:28 - finetune_logger - INFO - Train time: 4762.673070192337s
[2026-07-04 01:13:28,653][finetune_logger][INFO] - Train time: 4762.673070192337s
2026-07-04 01:13:28 - finetune_logger - INFO - Train memory reserved: 104.00 MB
[2026-07-04 01:13:28,653][finetune_logger][INFO] - Train memory reserved: 104.00 MB
2026-07-04 01:13:28 - finetune_logger - INFO - Train memory allocated: 30.96 MB
[2026-07-04 01:13:28,653][finetune_logger][INFO] - Train memory allocated: 30.96 MB
2026-07-04 01:13:28 - finetune_logger - INFO - Current learning rate: 0.0005
[2026-07-04 01:13:28,653][finetune_logger][INFO] - Current learning rate: 0.0005
2026-07-04 01:15:51 - finetune_logger - INFO - Validation metrics: {'MAE': 0.014075002615638888, 'RMSE': 0.028308146232471885}
[2026-07-04 01:15:51,901][finetune_logger][INFO] - Validation metrics: {'MAE': 0.014075002615638888, 'RMSE': 0.028308146232471885}
2026-07-04 01:15:51 - finetune_logger - INFO - Val time: 143.25s
[2026-07-04 01:15:51,902][finetune_logger][INFO] - Val time: 143.25s
2026-07-04 01:15:51 - finetune_logger - INFO - Val memory reserved: 104.00 MB
[2026-07-04 01:15:51,902][finetune_logger][INFO] - Val memory reserved: 104.00 MB
2026-07-04 01:15:51 - finetune_logger - INFO - Val memory allocated: 30.96 MB
[2026-07-04 01:15:51,902][finetune_logger][INFO] - Val memory allocated: 30.96 MB
2026-07-04 01:15:51 - finetune_logger - INFO - Logged epoch 6 info to /public/home/202411094934/python_project/Spatio-Temporal-Library/time-series/2026-07-03/fedformer/pretrain10_finetune10/traffic/time-series/seed_1/training_log.json
[2026-07-04 01:15:51,906][finetune_logger][INFO] - Logged epoch 6 info to /public/home/202411094934/python_project/Spatio-Temporal-Library/time-series/2026-07-03/fedformer/pretrain10_finetune10/traffic/time-series/seed_1/training_log.json
2026-07-04 01:15:51 - finetune_logger - INFO - New best model! Val loss: 0.014075
[2026-07-04 01:15:51,906][finetune_logger][INFO] - New best model! Val loss: 0.014075
2026-07-04 01:21:02 - finetune_logger - INFO - Test metrics: {'MAE': 0.015751067705212115, 'RMSE': 0.031488677049012856}
[2026-07-04 01:21:02,796][finetune_logger][INFO] - Test metrics: {'MAE': 0.015751067705212115, 'RMSE': 0.031488677049012856}
2026-07-04 01:21:02 - finetune_logger - INFO - Test time: 310.80s
[2026-07-04 01:21:02,796][finetune_logger][INFO] - Test time: 310.80s
2026-07-04 01:21:02 - finetune_logger - INFO - Test memory reserved: 104.00 MB
[2026-07-04 01:21:02,796][finetune_logger][INFO] - Test memory reserved: 104.00 MB
2026-07-04 01:21:02 - finetune_logger - INFO - Test memory allocated: 30.96 MB
[2026-07-04 01:21:02,796][finetune_logger][INFO] - Test memory allocated: 30.96 MB
2026-07-04 01:21:02 - finetune_logger - INFO - Epoch 7/10
[2026-07-04 01:21:02,796][finetune_logger][INFO] - Epoch 7/10
2026-07-04 02:40:24 - finetune_logger - INFO - Train loss: 0.013360962802834633
[2026-07-04 02:40:24,527][finetune_logger][INFO] - Train loss: 0.013360962802834633
2026-07-04 02:40:24 - finetune_logger - INFO - Train time: 4761.729780673981s
[2026-07-04 02:40:24,527][finetune_logger][INFO] - Train time: 4761.729780673981s
2026-07-04 02:40:24 - finetune_logger - INFO - Train memory reserved: 104.00 MB
[2026-07-04 02:40:24,528][finetune_logger][INFO] - Train memory reserved: 104.00 MB
2026-07-04 02:40:24 - finetune_logger - INFO - Train memory allocated: 30.96 MB
[2026-07-04 02:40:24,528][finetune_logger][INFO] - Train memory allocated: 30.96 MB
2026-07-04 02:40:24 - finetune_logger - INFO - Current learning rate: 0.0005
[2026-07-04 02:40:24,528][finetune_logger][INFO] - Current learning rate: 0.0005
2026-07-04 02:42:47 - finetune_logger - INFO - Validation metrics: {'MAE': 0.014209500161074749, 'RMSE': 0.02876521447913258}
[2026-07-04 02:42:47,483][finetune_logger][INFO] - Validation metrics: {'MAE': 0.014209500161074749, 'RMSE': 0.02876521447913258}
2026-07-04 02:42:47 - finetune_logger - INFO - Val time: 142.95s
[2026-07-04 02:42:47,483][finetune_logger][INFO] - Val time: 142.95s
2026-07-04 02:42:47 - finetune_logger - INFO - Val memory reserved: 104.00 MB
[2026-07-04 02:42:47,484][finetune_logger][INFO] - Val memory reserved: 104.00 MB
2026-07-04 02:42:47 - finetune_logger - INFO - Val memory allocated: 30.96 MB
[2026-07-04 02:42:47,484][finetune_logger][INFO] - Val memory allocated: 30.96 MB
2026-07-04 02:42:47 - finetune_logger - INFO - Logged epoch 7 info to /public/home/202411094934/python_project/Spatio-Temporal-Library/time-series/2026-07-03/fedformer/pretrain10_finetune10/traffic/time-series/seed_1/training_log.json
[2026-07-04 02:42:47,487][finetune_logger][INFO] - Logged epoch 7 info to /public/home/202411094934/python_project/Spatio-Temporal-Library/time-series/2026-07-03/fedformer/pretrain10_finetune10/traffic/time-series/seed_1/training_log.json
2026-07-04 02:47:58 - finetune_logger - INFO - Test metrics: {'MAE': 0.015716476590528616, 'RMSE': 0.031718868212330845}
[2026-07-04 02:47:58,640][finetune_logger][INFO] - Test metrics: {'MAE': 0.015716476590528616, 'RMSE': 0.031718868212330845}
2026-07-04 02:47:58 - finetune_logger - INFO - Test time: 311.15s
[2026-07-04 02:47:58,640][finetune_logger][INFO] - Test time: 311.15s
2026-07-04 02:47:58 - finetune_logger - INFO - Test memory reserved: 104.00 MB
[2026-07-04 02:47:58,641][finetune_logger][INFO] - Test memory reserved: 104.00 MB
2026-07-04 02:47:58 - finetune_logger - INFO - Test memory allocated: 30.96 MB
[2026-07-04 02:47:58,641][finetune_logger][INFO] - Test memory allocated: 30.96 MB
2026-07-04 02:47:58 - finetune_logger - INFO - Epoch 8/10
[2026-07-04 02:47:58,641][finetune_logger][INFO] - Epoch 8/10
2026-07-04 04:07:18 - finetune_logger - INFO - Train loss: 0.013011002143740456
[2026-07-04 04:07:18,216][finetune_logger][INFO] - Train loss: 0.013011002143740456
2026-07-04 04:07:18 - finetune_logger - INFO - Train time: 4759.574112892151s
[2026-07-04 04:07:18,216][finetune_logger][INFO] - Train time: 4759.574112892151s
2026-07-04 04:07:18 - finetune_logger - INFO - Train memory reserved: 104.00 MB
[2026-07-04 04:07:18,216][finetune_logger][INFO] - Train memory reserved: 104.00 MB
2026-07-04 04:07:18 - finetune_logger - INFO - Train memory allocated: 30.96 MB
[2026-07-04 04:07:18,216][finetune_logger][INFO] - Train memory allocated: 30.96 MB
2026-07-04 04:07:18 - finetune_logger - INFO - Current learning rate: 0.0005
[2026-07-04 04:07:18,216][finetune_logger][INFO] - Current learning rate: 0.0005
2026-07-04 04:09:41 - finetune_logger - INFO - Validation metrics: {'MAE': 0.013820540939667105, 'RMSE': 0.028370138882765555}
[2026-07-04 04:09:41,048][finetune_logger][INFO] - Validation metrics: {'MAE': 0.013820540939667105, 'RMSE': 0.028370138882765555}
2026-07-04 04:09:41 - finetune_logger - INFO - Val time: 142.83s
[2026-07-04 04:09:41,048][finetune_logger][INFO] - Val time: 142.83s
2026-07-04 04:09:41 - finetune_logger - INFO - Val memory reserved: 104.00 MB
[2026-07-04 04:09:41,049][finetune_logger][INFO] - Val memory reserved: 104.00 MB
2026-07-04 04:09:41 - finetune_logger - INFO - Val memory allocated: 30.96 MB
[2026-07-04 04:09:41,049][finetune_logger][INFO] - Val memory allocated: 30.96 MB
2026-07-04 04:09:41 - finetune_logger - INFO - Logged epoch 8 info to /public/home/202411094934/python_project/Spatio-Temporal-Library/time-series/2026-07-03/fedformer/pretrain10_finetune10/traffic/time-series/seed_1/training_log.json
[2026-07-04 04:09:41,053][finetune_logger][INFO] - Logged epoch 8 info to /public/home/202411094934/python_project/Spatio-Temporal-Library/time-series/2026-07-03/fedformer/pretrain10_finetune10/traffic/time-series/seed_1/training_log.json
2026-07-04 04:09:41 - finetune_logger - INFO - New best model! Val loss: 0.013821
[2026-07-04 04:09:41,053][finetune_logger][INFO] - New best model! Val loss: 0.013821
2026-07-04 04:14:52 - finetune_logger - INFO - Test metrics: {'MAE': 0.015722577071844525, 'RMSE': 0.031433858496413045}
[2026-07-04 04:14:52,533][finetune_logger][INFO] - Test metrics: {'MAE': 0.015722577071844525, 'RMSE': 0.031433858496413045}
2026-07-04 04:14:52 - finetune_logger - INFO - Test time: 311.40s
[2026-07-04 04:14:52,533][finetune_logger][INFO] - Test time: 311.40s
2026-07-04 04:14:52 - finetune_logger - INFO - Test memory reserved: 104.00 MB
[2026-07-04 04:14:52,533][finetune_logger][INFO] - Test memory reserved: 104.00 MB
2026-07-04 04:14:52 - finetune_logger - INFO - Test memory allocated: 30.96 MB
[2026-07-04 04:14:52,533][finetune_logger][INFO] - Test memory allocated: 30.96 MB
2026-07-04 04:14:52 - finetune_logger - INFO - Epoch 9/10
[2026-07-04 04:14:52,533][finetune_logger][INFO] - Epoch 9/10
2026-07-04 05:34:02 - finetune_logger - INFO - Train loss: 0.01283121608050536
[2026-07-04 05:34:02,764][finetune_logger][INFO] - Train loss: 0.01283121608050536
2026-07-04 05:34:02 - finetune_logger - INFO - Train time: 4750.2291431427s
[2026-07-04 05:34:02,765][finetune_logger][INFO] - Train time: 4750.2291431427s
2026-07-04 05:34:02 - finetune_logger - INFO - Train memory reserved: 104.00 MB
[2026-07-04 05:34:02,765][finetune_logger][INFO] - Train memory reserved: 104.00 MB
2026-07-04 05:34:02 - finetune_logger - INFO - Train memory allocated: 30.96 MB
[2026-07-04 05:34:02,765][finetune_logger][INFO] - Train memory allocated: 30.96 MB
2026-07-04 05:34:02 - finetune_logger - INFO - Current learning rate: 0.0005
[2026-07-04 05:34:02,765][finetune_logger][INFO] - Current learning rate: 0.0005
2026-07-04 05:36:26 - finetune_logger - INFO - Validation metrics: {'MAE': 0.013773514895393576, 'RMSE': 0.028456222622582617}
[2026-07-04 05:36:26,209][finetune_logger][INFO] - Validation metrics: {'MAE': 0.013773514895393576, 'RMSE': 0.028456222622582617}
2026-07-04 05:36:26 - finetune_logger - INFO - Val time: 143.44s
[2026-07-04 05:36:26,209][finetune_logger][INFO] - Val time: 143.44s
2026-07-04 05:36:26 - finetune_logger - INFO - Val memory reserved: 104.00 MB
[2026-07-04 05:36:26,209][finetune_logger][INFO] - Val memory reserved: 104.00 MB
2026-07-04 05:36:26 - finetune_logger - INFO - Val memory allocated: 30.96 MB
[2026-07-04 05:36:26,209][finetune_logger][INFO] - Val memory allocated: 30.96 MB
2026-07-04 05:36:26 - finetune_logger - INFO - Logged epoch 9 info to /public/home/202411094934/python_project/Spatio-Temporal-Library/time-series/2026-07-03/fedformer/pretrain10_finetune10/traffic/time-series/seed_1/training_log.json
[2026-07-04 05:36:26,214][finetune_logger][INFO] - Logged epoch 9 info to /public/home/202411094934/python_project/Spatio-Temporal-Library/time-series/2026-07-03/fedformer/pretrain10_finetune10/traffic/time-series/seed_1/training_log.json
2026-07-04 05:36:26 - finetune_logger - INFO - New best model! Val loss: 0.013774
[2026-07-04 05:36:26,214][finetune_logger][INFO] - New best model! Val loss: 0.013774
2026-07-04 05:41:37 - finetune_logger - INFO - Test metrics: {'MAE': 0.015373772704621877, 'RMSE': 0.0313941880837426}
[2026-07-04 05:41:37,666][finetune_logger][INFO] - Test metrics: {'MAE': 0.015373772704621877, 'RMSE': 0.0313941880837426}
2026-07-04 05:41:37 - finetune_logger - INFO - Test time: 311.37s
[2026-07-04 05:41:37,667][finetune_logger][INFO] - Test time: 311.37s
2026-07-04 05:41:37 - finetune_logger - INFO - Test memory reserved: 104.00 MB
[2026-07-04 05:41:37,667][finetune_logger][INFO] - Test memory reserved: 104.00 MB
2026-07-04 05:41:37 - finetune_logger - INFO - Test memory allocated: 30.96 MB
[2026-07-04 05:41:37,667][finetune_logger][INFO] - Test memory allocated: 30.96 MB
2026-07-04 05:41:37 - finetune_logger - INFO - Epoch 10/10
[2026-07-04 05:41:37,667][finetune_logger][INFO] - Epoch 10/10
2026-07-04 07:00:45 - finetune_logger - INFO - Train loss: 0.012675441892240517
[2026-07-04 07:00:45,771][finetune_logger][INFO] - Train loss: 0.012675441892240517
2026-07-04 07:00:45 - finetune_logger - INFO - Train time: 4748.10374212265s
[2026-07-04 07:00:45,772][finetune_logger][INFO] - Train time: 4748.10374212265s
2026-07-04 07:00:45 - finetune_logger - INFO - Train memory reserved: 104.00 MB
[2026-07-04 07:00:45,772][finetune_logger][INFO] - Train memory reserved: 104.00 MB
2026-07-04 07:00:45 - finetune_logger - INFO - Train memory allocated: 30.96 MB
[2026-07-04 07:00:45,772][finetune_logger][INFO] - Train memory allocated: 30.96 MB
2026-07-04 07:00:45 - finetune_logger - INFO - Current learning rate: 0.0005
[2026-07-04 07:00:45,772][finetune_logger][INFO] - Current learning rate: 0.0005
2026-07-04 07:03:08 - finetune_logger - INFO - Validation metrics: {'MAE': 0.014057488902642794, 'RMSE': 0.02865459090887778}
[2026-07-04 07:03:08,796][finetune_logger][INFO] - Validation metrics: {'MAE': 0.014057488902642794, 'RMSE': 0.02865459090887778}
2026-07-04 07:03:08 - finetune_logger - INFO - Val time: 143.02s
[2026-07-04 07:03:08,797][finetune_logger][INFO] - Val time: 143.02s
2026-07-04 07:03:08 - finetune_logger - INFO - Val memory reserved: 104.00 MB
[2026-07-04 07:03:08,797][finetune_logger][INFO] - Val memory reserved: 104.00 MB
2026-07-04 07:03:08 - finetune_logger - INFO - Val memory allocated: 30.96 MB
[2026-07-04 07:03:08,797][finetune_logger][INFO] - Val memory allocated: 30.96 MB
2026-07-04 07:03:08 - finetune_logger - INFO - Logged epoch 10 info to /public/home/202411094934/python_project/Spatio-Temporal-Library/time-series/2026-07-03/fedformer/pretrain10_finetune10/traffic/time-series/seed_1/training_log.json
[2026-07-04 07:03:08,801][finetune_logger][INFO] - Logged epoch 10 info to /public/home/202411094934/python_project/Spatio-Temporal-Library/time-series/2026-07-03/fedformer/pretrain10_finetune10/traffic/time-series/seed_1/training_log.json
2026-07-04 07:08:18 - finetune_logger - INFO - Test metrics: {'MAE': 0.015829363609227792, 'RMSE': 0.03172030005140532}
[2026-07-04 07:08:18,956][finetune_logger][INFO] - Test metrics: {'MAE': 0.015829363609227792, 'RMSE': 0.03172030005140532}
2026-07-04 07:08:18 - finetune_logger - INFO - Test time: 310.12s
[2026-07-04 07:08:18,956][finetune_logger][INFO] - Test time: 310.12s
2026-07-04 07:08:18 - finetune_logger - INFO - Test memory reserved: 104.00 MB
[2026-07-04 07:08:18,956][finetune_logger][INFO] - Test memory reserved: 104.00 MB
2026-07-04 07:08:18 - finetune_logger - INFO - Test memory allocated: 30.96 MB
[2026-07-04 07:08:18,956][finetune_logger][INFO] - Test memory allocated: 30.96 MB
2026-07-04 07:08:18 - finetune_logger - INFO - Training completed. Best epoch: 9, Best val loss: 0.013774
[2026-07-04 07:08:18,956][finetune_logger][INFO] - Training completed. Best epoch: 9, Best val loss: 0.013774
2026-07-04 07:08:19 - finetune_logger - INFO - Loaded checkpoint from epoch 9
[2026-07-04 07:08:19,006][finetune_logger][INFO] - Loaded checkpoint from epoch 9
2026-07-04 07:08:19 - finetune_logger - INFO - Evaluating best model on test sets...
[2026-07-04 07:08:19,007][finetune_logger][INFO] - Evaluating best model on test sets...
2026-07-04 07:13:29 - finetune_logger - INFO - Test metrics: {'MAE': 0.015373772704621877, 'RMSE': 0.0313941880837426}
[2026-07-04 07:13:29,829][finetune_logger][INFO] - Test metrics: {'MAE': 0.015373772704621877, 'RMSE': 0.0313941880837426}
2026-07-04 07:13:29 - finetune_logger - INFO - Test time: 310.82s
[2026-07-04 07:13:29,829][finetune_logger][INFO] - Test time: 310.82s
2026-07-04 07:13:29 - finetune_logger - INFO - Test memory reserved: 104.00 MB
[2026-07-04 07:13:29,829][finetune_logger][INFO] - Test memory reserved: 104.00 MB
2026-07-04 07:13:29 - finetune_logger - INFO - Test memory allocated: 30.99 MB
[2026-07-04 07:13:29,829][finetune_logger][INFO] - Test memory allocated: 30.99 MB
2026-07-04 07:13:29 - finetune_logger - INFO - Logged epoch test info to /public/home/202411094934/python_project/Spatio-Temporal-Library/time-series/2026-07-03/fedformer/pretrain10_finetune10/traffic/time-series/seed_1/training_log.json
[2026-07-04 07:13:29,832][finetune_logger][INFO] - Logged epoch test info to /public/home/202411094934/python_project/Spatio-Temporal-Library/time-series/2026-07-03/fedformer/pretrain10_finetune10/traffic/time-series/seed_1/training_log.json
