2026-06-14 00:47:43 - finetune_logger - INFO - Loaded pretrained checkpoint from: /public/home/202411094934/python_project/Spatio-Temporal-Library/time-series/2026-06-13/crossformer/pretrain10/traffic/time-series/seed_0/jepa_pretrain_epoch_10.pth
Missing keys: []
Unexpected keys: []
[2026-06-14 00:47:43,857][finetune_logger][INFO] - Loaded pretrained checkpoint from: /public/home/202411094934/python_project/Spatio-Temporal-Library/time-series/2026-06-13/crossformer/pretrain10/traffic/time-series/seed_0/jepa_pretrain_epoch_10.pth
Missing keys: []
Unexpected keys: []
2026-06-14 00:47:43 - finetune_logger - INFO - Model parameters: 2,575,712
[2026-06-14 00:47:43,868][finetune_logger][INFO] - Model parameters: 2,575,712
2026-06-14 00:47:43 - finetune_logger - INFO - Created new log file at /public/home/202411094934/python_project/Spatio-Temporal-Library/time-series/2026-06-13/crossformer/pretrain10_finetune10/traffic/time-series/seed_0/training_log.json
[2026-06-14 00:47:43,872][finetune_logger][INFO] - Created new log file at /public/home/202411094934/python_project/Spatio-Temporal-Library/time-series/2026-06-13/crossformer/pretrain10_finetune10/traffic/time-series/seed_0/training_log.json
2026-06-14 00:47:43 - finetune_logger - INFO - Starting training...
[2026-06-14 00:47:43,872][finetune_logger][INFO] - Starting training...
2026-06-14 00:47:43 - finetune_logger - INFO - Epoch 1/10
[2026-06-14 00:47:43,872][finetune_logger][INFO] - Epoch 1/10
2026-06-14 01:06:27 - finetune_logger - INFO - Train loss: 0.045936015005728574
[2026-06-14 01:06:27,342][finetune_logger][INFO] - Train loss: 0.045936015005728574
2026-06-14 01:06:27 - finetune_logger - INFO - Train time: 1123.4696447849274s
[2026-06-14 01:06:27,343][finetune_logger][INFO] - Train time: 1123.4696447849274s
2026-06-14 01:06:27 - finetune_logger - INFO - Train memory reserved: 914.00 MB
[2026-06-14 01:06:27,343][finetune_logger][INFO] - Train memory reserved: 914.00 MB
2026-06-14 01:06:27 - finetune_logger - INFO - Train memory allocated: 45.90 MB
[2026-06-14 01:06:27,343][finetune_logger][INFO] - Train memory allocated: 45.90 MB
2026-06-14 01:06:27 - finetune_logger - INFO - Current learning rate: 0.0005
[2026-06-14 01:06:27,343][finetune_logger][INFO] - Current learning rate: 0.0005
2026-06-14 01:07:13 - finetune_logger - INFO - Validation metrics: {'MAE': 0.036344660130429446, 'RMSE': 0.05444337754914797}
[2026-06-14 01:07:13,680][finetune_logger][INFO] - Validation metrics: {'MAE': 0.036344660130429446, 'RMSE': 0.05444337754914797}
2026-06-14 01:07:13 - finetune_logger - INFO - Val time: 46.34s
[2026-06-14 01:07:13,680][finetune_logger][INFO] - Val time: 46.34s
2026-06-14 01:07:13 - finetune_logger - INFO - Val memory reserved: 914.00 MB
[2026-06-14 01:07:13,680][finetune_logger][INFO] - Val memory reserved: 914.00 MB
2026-06-14 01:07:13 - finetune_logger - INFO - Val memory allocated: 45.90 MB
[2026-06-14 01:07:13,680][finetune_logger][INFO] - Val memory allocated: 45.90 MB
2026-06-14 01:07:13 - finetune_logger - INFO - Logged epoch 1 info to /public/home/202411094934/python_project/Spatio-Temporal-Library/time-series/2026-06-13/crossformer/pretrain10_finetune10/traffic/time-series/seed_0/training_log.json
[2026-06-14 01:07:13,684][finetune_logger][INFO] - Logged epoch 1 info to /public/home/202411094934/python_project/Spatio-Temporal-Library/time-series/2026-06-13/crossformer/pretrain10_finetune10/traffic/time-series/seed_0/training_log.json
2026-06-14 01:07:13 - finetune_logger - INFO - New best model! Val loss: 0.036345
[2026-06-14 01:07:13,684][finetune_logger][INFO] - New best model! Val loss: 0.036345
2026-06-14 01:08:53 - finetune_logger - INFO - Test metrics: {'MAE': 0.03773950414643405, 'RMSE': 0.05710710596104374}
[2026-06-14 01:08:53,602][finetune_logger][INFO] - Test metrics: {'MAE': 0.03773950414643405, 'RMSE': 0.05710710596104374}
2026-06-14 01:08:53 - finetune_logger - INFO - Test time: 99.68s
[2026-06-14 01:08:53,602][finetune_logger][INFO] - Test time: 99.68s
2026-06-14 01:08:53 - finetune_logger - INFO - Test memory reserved: 914.00 MB
[2026-06-14 01:08:53,602][finetune_logger][INFO] - Test memory reserved: 914.00 MB
2026-06-14 01:08:53 - finetune_logger - INFO - Test memory allocated: 45.90 MB
[2026-06-14 01:08:53,602][finetune_logger][INFO] - Test memory allocated: 45.90 MB
2026-06-14 01:08:53 - finetune_logger - INFO - Epoch 2/10
[2026-06-14 01:08:53,602][finetune_logger][INFO] - Epoch 2/10
2026-06-14 01:27:24 - finetune_logger - INFO - Train loss: 0.03402649484404425
[2026-06-14 01:27:24,457][finetune_logger][INFO] - Train loss: 0.03402649484404425
2026-06-14 01:27:24 - finetune_logger - INFO - Train time: 1110.8536489009857s
[2026-06-14 01:27:24,457][finetune_logger][INFO] - Train time: 1110.8536489009857s
2026-06-14 01:27:24 - finetune_logger - INFO - Train memory reserved: 914.00 MB
[2026-06-14 01:27:24,457][finetune_logger][INFO] - Train memory reserved: 914.00 MB
2026-06-14 01:27:24 - finetune_logger - INFO - Train memory allocated: 45.90 MB
[2026-06-14 01:27:24,457][finetune_logger][INFO] - Train memory allocated: 45.90 MB
2026-06-14 01:27:24 - finetune_logger - INFO - Current learning rate: 0.0005
[2026-06-14 01:27:24,457][finetune_logger][INFO] - Current learning rate: 0.0005
2026-06-14 01:28:10 - finetune_logger - INFO - Validation metrics: {'MAE': 0.036506859644044515, 'RMSE': 0.05436029940038382}
[2026-06-14 01:28:10,903][finetune_logger][INFO] - Validation metrics: {'MAE': 0.036506859644044515, 'RMSE': 0.05436029940038382}
2026-06-14 01:28:10 - finetune_logger - INFO - Val time: 46.45s
[2026-06-14 01:28:10,904][finetune_logger][INFO] - Val time: 46.45s
2026-06-14 01:28:10 - finetune_logger - INFO - Val memory reserved: 914.00 MB
[2026-06-14 01:28:10,904][finetune_logger][INFO] - Val memory reserved: 914.00 MB
2026-06-14 01:28:10 - finetune_logger - INFO - Val memory allocated: 45.90 MB
[2026-06-14 01:28:10,904][finetune_logger][INFO] - Val memory allocated: 45.90 MB
2026-06-14 01:28:10 - finetune_logger - INFO - Logged epoch 2 info to /public/home/202411094934/python_project/Spatio-Temporal-Library/time-series/2026-06-13/crossformer/pretrain10_finetune10/traffic/time-series/seed_0/training_log.json
[2026-06-14 01:28:10,907][finetune_logger][INFO] - Logged epoch 2 info to /public/home/202411094934/python_project/Spatio-Temporal-Library/time-series/2026-06-13/crossformer/pretrain10_finetune10/traffic/time-series/seed_0/training_log.json
2026-06-14 01:29:50 - finetune_logger - INFO - Test metrics: {'MAE': 0.03786379032397775, 'RMSE': 0.057026009380634166}
[2026-06-14 01:29:50,529][finetune_logger][INFO] - Test metrics: {'MAE': 0.03786379032397775, 'RMSE': 0.057026009380634166}
2026-06-14 01:29:50 - finetune_logger - INFO - Test time: 99.62s
[2026-06-14 01:29:50,529][finetune_logger][INFO] - Test time: 99.62s
2026-06-14 01:29:50 - finetune_logger - INFO - Test memory reserved: 914.00 MB
[2026-06-14 01:29:50,529][finetune_logger][INFO] - Test memory reserved: 914.00 MB
2026-06-14 01:29:50 - finetune_logger - INFO - Test memory allocated: 45.90 MB
[2026-06-14 01:29:50,529][finetune_logger][INFO] - Test memory allocated: 45.90 MB
2026-06-14 01:29:50 - finetune_logger - INFO - Epoch 3/10
[2026-06-14 01:29:50,530][finetune_logger][INFO] - Epoch 3/10
2026-06-14 01:48:35 - finetune_logger - INFO - Train loss: 0.03325428173751452
[2026-06-14 01:48:35,453][finetune_logger][INFO] - Train loss: 0.03325428173751452
2026-06-14 01:48:35 - finetune_logger - INFO - Train time: 1124.9228043556213s
[2026-06-14 01:48:35,453][finetune_logger][INFO] - Train time: 1124.9228043556213s
2026-06-14 01:48:35 - finetune_logger - INFO - Train memory reserved: 914.00 MB
[2026-06-14 01:48:35,454][finetune_logger][INFO] - Train memory reserved: 914.00 MB
2026-06-14 01:48:35 - finetune_logger - INFO - Train memory allocated: 45.90 MB
[2026-06-14 01:48:35,454][finetune_logger][INFO] - Train memory allocated: 45.90 MB
2026-06-14 01:48:35 - finetune_logger - INFO - Current learning rate: 0.0005
[2026-06-14 01:48:35,454][finetune_logger][INFO] - Current learning rate: 0.0005
2026-06-14 01:49:21 - finetune_logger - INFO - Validation metrics: {'MAE': 0.037741095093566525, 'RMSE': 0.05476549989217657}
[2026-06-14 01:49:21,895][finetune_logger][INFO] - Validation metrics: {'MAE': 0.037741095093566525, 'RMSE': 0.05476549989217657}
2026-06-14 01:49:21 - finetune_logger - INFO - Val time: 46.44s
[2026-06-14 01:49:21,896][finetune_logger][INFO] - Val time: 46.44s
2026-06-14 01:49:21 - finetune_logger - INFO - Val memory reserved: 914.00 MB
[2026-06-14 01:49:21,896][finetune_logger][INFO] - Val memory reserved: 914.00 MB
2026-06-14 01:49:21 - finetune_logger - INFO - Val memory allocated: 45.90 MB
[2026-06-14 01:49:21,896][finetune_logger][INFO] - Val memory allocated: 45.90 MB
2026-06-14 01:49:21 - finetune_logger - INFO - Logged epoch 3 info to /public/home/202411094934/python_project/Spatio-Temporal-Library/time-series/2026-06-13/crossformer/pretrain10_finetune10/traffic/time-series/seed_0/training_log.json
[2026-06-14 01:49:21,899][finetune_logger][INFO] - Logged epoch 3 info to /public/home/202411094934/python_project/Spatio-Temporal-Library/time-series/2026-06-13/crossformer/pretrain10_finetune10/traffic/time-series/seed_0/training_log.json
2026-06-14 01:51:01 - finetune_logger - INFO - Test metrics: {'MAE': 0.039301530338720636, 'RMSE': 0.057511015902466565}
[2026-06-14 01:51:01,807][finetune_logger][INFO] - Test metrics: {'MAE': 0.039301530338720636, 'RMSE': 0.057511015902466565}
2026-06-14 01:51:01 - finetune_logger - INFO - Test time: 99.91s
[2026-06-14 01:51:01,808][finetune_logger][INFO] - Test time: 99.91s
2026-06-14 01:51:01 - finetune_logger - INFO - Test memory reserved: 914.00 MB
[2026-06-14 01:51:01,808][finetune_logger][INFO] - Test memory reserved: 914.00 MB
2026-06-14 01:51:01 - finetune_logger - INFO - Test memory allocated: 45.90 MB
[2026-06-14 01:51:01,808][finetune_logger][INFO] - Test memory allocated: 45.90 MB
2026-06-14 01:51:01 - finetune_logger - INFO - Epoch 4/10
[2026-06-14 01:51:01,808][finetune_logger][INFO] - Epoch 4/10
2026-06-14 02:09:46 - finetune_logger - INFO - Train loss: 0.03251991384924073
[2026-06-14 02:09:46,354][finetune_logger][INFO] - Train loss: 0.03251991384924073
2026-06-14 02:09:46 - finetune_logger - INFO - Train time: 1124.545185804367s
[2026-06-14 02:09:46,354][finetune_logger][INFO] - Train time: 1124.545185804367s
2026-06-14 02:09:46 - finetune_logger - INFO - Train memory reserved: 914.00 MB
[2026-06-14 02:09:46,354][finetune_logger][INFO] - Train memory reserved: 914.00 MB
2026-06-14 02:09:46 - finetune_logger - INFO - Train memory allocated: 45.90 MB
[2026-06-14 02:09:46,355][finetune_logger][INFO] - Train memory allocated: 45.90 MB
2026-06-14 02:09:46 - finetune_logger - INFO - Current learning rate: 0.0005
[2026-06-14 02:09:46,355][finetune_logger][INFO] - Current learning rate: 0.0005
2026-06-14 02:10:32 - finetune_logger - INFO - Validation metrics: {'MAE': 0.034592106737062187, 'RMSE': 0.052598436415851456}
[2026-06-14 02:10:32,726][finetune_logger][INFO] - Validation metrics: {'MAE': 0.034592106737062187, 'RMSE': 0.052598436415851456}
2026-06-14 02:10:32 - finetune_logger - INFO - Val time: 46.37s
[2026-06-14 02:10:32,727][finetune_logger][INFO] - Val time: 46.37s
2026-06-14 02:10:32 - finetune_logger - INFO - Val memory reserved: 914.00 MB
[2026-06-14 02:10:32,727][finetune_logger][INFO] - Val memory reserved: 914.00 MB
2026-06-14 02:10:32 - finetune_logger - INFO - Val memory allocated: 45.90 MB
[2026-06-14 02:10:32,727][finetune_logger][INFO] - Val memory allocated: 45.90 MB
2026-06-14 02:10:32 - finetune_logger - INFO - Logged epoch 4 info to /public/home/202411094934/python_project/Spatio-Temporal-Library/time-series/2026-06-13/crossformer/pretrain10_finetune10/traffic/time-series/seed_0/training_log.json
[2026-06-14 02:10:32,730][finetune_logger][INFO] - Logged epoch 4 info to /public/home/202411094934/python_project/Spatio-Temporal-Library/time-series/2026-06-13/crossformer/pretrain10_finetune10/traffic/time-series/seed_0/training_log.json
2026-06-14 02:10:32 - finetune_logger - INFO - New best model! Val loss: 0.034592
[2026-06-14 02:10:32,731][finetune_logger][INFO] - New best model! Val loss: 0.034592
2026-06-14 02:12:13 - finetune_logger - INFO - Test metrics: {'MAE': 0.03589967887636894, 'RMSE': 0.05541408308273844}
[2026-06-14 02:12:13,018][finetune_logger][INFO] - Test metrics: {'MAE': 0.03589967887636894, 'RMSE': 0.05541408308273844}
2026-06-14 02:12:13 - finetune_logger - INFO - Test time: 99.95s
[2026-06-14 02:12:13,018][finetune_logger][INFO] - Test time: 99.95s
2026-06-14 02:12:13 - finetune_logger - INFO - Test memory reserved: 914.00 MB
[2026-06-14 02:12:13,019][finetune_logger][INFO] - Test memory reserved: 914.00 MB
2026-06-14 02:12:13 - finetune_logger - INFO - Test memory allocated: 45.90 MB
[2026-06-14 02:12:13,019][finetune_logger][INFO] - Test memory allocated: 45.90 MB
2026-06-14 02:12:13 - finetune_logger - INFO - Epoch 5/10
[2026-06-14 02:12:13,019][finetune_logger][INFO] - Epoch 5/10
2026-06-14 02:30:58 - finetune_logger - INFO - Train loss: 0.032168870072912456
[2026-06-14 02:30:58,221][finetune_logger][INFO] - Train loss: 0.032168870072912456
2026-06-14 02:30:58 - finetune_logger - INFO - Train time: 1125.2014112472534s
[2026-06-14 02:30:58,221][finetune_logger][INFO] - Train time: 1125.2014112472534s
2026-06-14 02:30:58 - finetune_logger - INFO - Train memory reserved: 914.00 MB
[2026-06-14 02:30:58,222][finetune_logger][INFO] - Train memory reserved: 914.00 MB
2026-06-14 02:30:58 - finetune_logger - INFO - Train memory allocated: 45.90 MB
[2026-06-14 02:30:58,222][finetune_logger][INFO] - Train memory allocated: 45.90 MB
2026-06-14 02:30:58 - finetune_logger - INFO - Current learning rate: 0.0005
[2026-06-14 02:30:58,222][finetune_logger][INFO] - Current learning rate: 0.0005
2026-06-14 02:31:44 - finetune_logger - INFO - Validation metrics: {'MAE': 0.03365631561460418, 'RMSE': 0.051376771234010674}
[2026-06-14 02:31:44,738][finetune_logger][INFO] - Validation metrics: {'MAE': 0.03365631561460418, 'RMSE': 0.051376771234010674}
2026-06-14 02:31:44 - finetune_logger - INFO - Val time: 46.52s
[2026-06-14 02:31:44,738][finetune_logger][INFO] - Val time: 46.52s
2026-06-14 02:31:44 - finetune_logger - INFO - Val memory reserved: 914.00 MB
[2026-06-14 02:31:44,738][finetune_logger][INFO] - Val memory reserved: 914.00 MB
2026-06-14 02:31:44 - finetune_logger - INFO - Val memory allocated: 45.90 MB
[2026-06-14 02:31:44,738][finetune_logger][INFO] - Val memory allocated: 45.90 MB
2026-06-14 02:31:44 - finetune_logger - INFO - Logged epoch 5 info to /public/home/202411094934/python_project/Spatio-Temporal-Library/time-series/2026-06-13/crossformer/pretrain10_finetune10/traffic/time-series/seed_0/training_log.json
[2026-06-14 02:31:44,742][finetune_logger][INFO] - Logged epoch 5 info to /public/home/202411094934/python_project/Spatio-Temporal-Library/time-series/2026-06-13/crossformer/pretrain10_finetune10/traffic/time-series/seed_0/training_log.json
2026-06-14 02:31:44 - finetune_logger - INFO - New best model! Val loss: 0.033656
[2026-06-14 02:31:44,742][finetune_logger][INFO] - New best model! Val loss: 0.033656
2026-06-14 02:33:25 - finetune_logger - INFO - Test metrics: {'MAE': 0.03512607115262207, 'RMSE': 0.05429584956320181}
[2026-06-14 02:33:25,218][finetune_logger][INFO] - Test metrics: {'MAE': 0.03512607115262207, 'RMSE': 0.05429584956320181}
2026-06-14 02:33:25 - finetune_logger - INFO - Test time: 100.24s
[2026-06-14 02:33:25,218][finetune_logger][INFO] - Test time: 100.24s
2026-06-14 02:33:25 - finetune_logger - INFO - Test memory reserved: 914.00 MB
[2026-06-14 02:33:25,219][finetune_logger][INFO] - Test memory reserved: 914.00 MB
2026-06-14 02:33:25 - finetune_logger - INFO - Test memory allocated: 45.90 MB
[2026-06-14 02:33:25,219][finetune_logger][INFO] - Test memory allocated: 45.90 MB
2026-06-14 02:33:25 - finetune_logger - INFO - Epoch 6/10
[2026-06-14 02:33:25,219][finetune_logger][INFO] - Epoch 6/10
2026-06-14 02:52:11 - finetune_logger - INFO - Train loss: 0.031975598035383974
[2026-06-14 02:52:11,638][finetune_logger][INFO] - Train loss: 0.031975598035383974
2026-06-14 02:52:11 - finetune_logger - INFO - Train time: 1126.4185063838959s
[2026-06-14 02:52:11,638][finetune_logger][INFO] - Train time: 1126.4185063838959s
2026-06-14 02:52:11 - finetune_logger - INFO - Train memory reserved: 914.00 MB
[2026-06-14 02:52:11,639][finetune_logger][INFO] - Train memory reserved: 914.00 MB
2026-06-14 02:52:11 - finetune_logger - INFO - Train memory allocated: 45.90 MB
[2026-06-14 02:52:11,639][finetune_logger][INFO] - Train memory allocated: 45.90 MB
2026-06-14 02:52:11 - finetune_logger - INFO - Current learning rate: 0.0005
[2026-06-14 02:52:11,639][finetune_logger][INFO] - Current learning rate: 0.0005
2026-06-14 02:52:57 - finetune_logger - INFO - Validation metrics: {'MAE': 0.03401953499985388, 'RMSE': 0.052269119185316536}
[2026-06-14 02:52:57,999][finetune_logger][INFO] - Validation metrics: {'MAE': 0.03401953499985388, 'RMSE': 0.052269119185316536}
2026-06-14 02:52:58 - finetune_logger - INFO - Val time: 46.36s
[2026-06-14 02:52:58,000][finetune_logger][INFO] - Val time: 46.36s
2026-06-14 02:52:58 - finetune_logger - INFO - Val memory reserved: 914.00 MB
[2026-06-14 02:52:58,000][finetune_logger][INFO] - Val memory reserved: 914.00 MB
2026-06-14 02:52:58 - finetune_logger - INFO - Val memory allocated: 45.90 MB
[2026-06-14 02:52:58,000][finetune_logger][INFO] - Val memory allocated: 45.90 MB
2026-06-14 02:52:58 - finetune_logger - INFO - Logged epoch 6 info to /public/home/202411094934/python_project/Spatio-Temporal-Library/time-series/2026-06-13/crossformer/pretrain10_finetune10/traffic/time-series/seed_0/training_log.json
[2026-06-14 02:52:58,003][finetune_logger][INFO] - Logged epoch 6 info to /public/home/202411094934/python_project/Spatio-Temporal-Library/time-series/2026-06-13/crossformer/pretrain10_finetune10/traffic/time-series/seed_0/training_log.json
2026-06-14 02:54:38 - finetune_logger - INFO - Test metrics: {'MAE': 0.035405194424035544, 'RMSE': 0.055244085205269605}
[2026-06-14 02:54:38,098][finetune_logger][INFO] - Test metrics: {'MAE': 0.035405194424035544, 'RMSE': 0.055244085205269605}
2026-06-14 02:54:38 - finetune_logger - INFO - Test time: 100.09s
[2026-06-14 02:54:38,099][finetune_logger][INFO] - Test time: 100.09s
2026-06-14 02:54:38 - finetune_logger - INFO - Test memory reserved: 914.00 MB
[2026-06-14 02:54:38,099][finetune_logger][INFO] - Test memory reserved: 914.00 MB
2026-06-14 02:54:38 - finetune_logger - INFO - Test memory allocated: 45.90 MB
[2026-06-14 02:54:38,099][finetune_logger][INFO] - Test memory allocated: 45.90 MB
2026-06-14 02:54:38 - finetune_logger - INFO - Epoch 7/10
[2026-06-14 02:54:38,099][finetune_logger][INFO] - Epoch 7/10
2026-06-14 03:13:24 - finetune_logger - INFO - Train loss: 0.03174523564098173
[2026-06-14 03:13:24,291][finetune_logger][INFO] - Train loss: 0.03174523564098173
2026-06-14 03:13:24 - finetune_logger - INFO - Train time: 1126.190973520279s
[2026-06-14 03:13:24,291][finetune_logger][INFO] - Train time: 1126.190973520279s
2026-06-14 03:13:24 - finetune_logger - INFO - Train memory reserved: 914.00 MB
[2026-06-14 03:13:24,291][finetune_logger][INFO] - Train memory reserved: 914.00 MB
2026-06-14 03:13:24 - finetune_logger - INFO - Train memory allocated: 45.90 MB
[2026-06-14 03:13:24,291][finetune_logger][INFO] - Train memory allocated: 45.90 MB
2026-06-14 03:13:24 - finetune_logger - INFO - Current learning rate: 0.0005
[2026-06-14 03:13:24,291][finetune_logger][INFO] - Current learning rate: 0.0005
2026-06-14 03:14:10 - finetune_logger - INFO - Validation metrics: {'MAE': 0.036173657276198534, 'RMSE': 0.055101271552233114}
[2026-06-14 03:14:10,963][finetune_logger][INFO] - Validation metrics: {'MAE': 0.036173657276198534, 'RMSE': 0.055101271552233114}
2026-06-14 03:14:10 - finetune_logger - INFO - Val time: 46.67s
[2026-06-14 03:14:10,964][finetune_logger][INFO] - Val time: 46.67s
2026-06-14 03:14:10 - finetune_logger - INFO - Val memory reserved: 914.00 MB
[2026-06-14 03:14:10,964][finetune_logger][INFO] - Val memory reserved: 914.00 MB
2026-06-14 03:14:10 - finetune_logger - INFO - Val memory allocated: 45.90 MB
[2026-06-14 03:14:10,964][finetune_logger][INFO] - Val memory allocated: 45.90 MB
2026-06-14 03:14:10 - finetune_logger - INFO - Logged epoch 7 info to /public/home/202411094934/python_project/Spatio-Temporal-Library/time-series/2026-06-13/crossformer/pretrain10_finetune10/traffic/time-series/seed_0/training_log.json
[2026-06-14 03:14:10,967][finetune_logger][INFO] - Logged epoch 7 info to /public/home/202411094934/python_project/Spatio-Temporal-Library/time-series/2026-06-13/crossformer/pretrain10_finetune10/traffic/time-series/seed_0/training_log.json
2026-06-14 03:15:50 - finetune_logger - INFO - Test metrics: {'MAE': 0.037269897284000375, 'RMSE': 0.05797300910070749}
[2026-06-14 03:15:50,995][finetune_logger][INFO] - Test metrics: {'MAE': 0.037269897284000375, 'RMSE': 0.05797300910070749}
2026-06-14 03:15:50 - finetune_logger - INFO - Test time: 100.03s
[2026-06-14 03:15:50,996][finetune_logger][INFO] - Test time: 100.03s
2026-06-14 03:15:50 - finetune_logger - INFO - Test memory reserved: 914.00 MB
[2026-06-14 03:15:50,996][finetune_logger][INFO] - Test memory reserved: 914.00 MB
2026-06-14 03:15:50 - finetune_logger - INFO - Test memory allocated: 45.90 MB
[2026-06-14 03:15:50,996][finetune_logger][INFO] - Test memory allocated: 45.90 MB
2026-06-14 03:15:50 - finetune_logger - INFO - Epoch 8/10
[2026-06-14 03:15:50,996][finetune_logger][INFO] - Epoch 8/10
2026-06-14 03:34:37 - finetune_logger - INFO - Train loss: 0.027643624598977484
[2026-06-14 03:34:37,374][finetune_logger][INFO] - Train loss: 0.027643624598977484
2026-06-14 03:34:37 - finetune_logger - INFO - Train time: 1126.3766560554504s
[2026-06-14 03:34:37,374][finetune_logger][INFO] - Train time: 1126.3766560554504s
2026-06-14 03:34:37 - finetune_logger - INFO - Train memory reserved: 914.00 MB
[2026-06-14 03:34:37,374][finetune_logger][INFO] - Train memory reserved: 914.00 MB
2026-06-14 03:34:37 - finetune_logger - INFO - Train memory allocated: 45.90 MB
[2026-06-14 03:34:37,374][finetune_logger][INFO] - Train memory allocated: 45.90 MB
2026-06-14 03:34:37 - finetune_logger - INFO - Current learning rate: 0.0005
[2026-06-14 03:34:37,374][finetune_logger][INFO] - Current learning rate: 0.0005
2026-06-14 03:35:23 - finetune_logger - INFO - Validation metrics: {'MAE': 0.027698125354722013, 'RMSE': 0.04630599188319524}
[2026-06-14 03:35:23,943][finetune_logger][INFO] - Validation metrics: {'MAE': 0.027698125354722013, 'RMSE': 0.04630599188319524}
2026-06-14 03:35:23 - finetune_logger - INFO - Val time: 46.57s
[2026-06-14 03:35:23,943][finetune_logger][INFO] - Val time: 46.57s
2026-06-14 03:35:23 - finetune_logger - INFO - Val memory reserved: 914.00 MB
[2026-06-14 03:35:23,943][finetune_logger][INFO] - Val memory reserved: 914.00 MB
2026-06-14 03:35:23 - finetune_logger - INFO - Val memory allocated: 45.90 MB
[2026-06-14 03:35:23,944][finetune_logger][INFO] - Val memory allocated: 45.90 MB
2026-06-14 03:35:23 - finetune_logger - INFO - Logged epoch 8 info to /public/home/202411094934/python_project/Spatio-Temporal-Library/time-series/2026-06-13/crossformer/pretrain10_finetune10/traffic/time-series/seed_0/training_log.json
[2026-06-14 03:35:23,947][finetune_logger][INFO] - Logged epoch 8 info to /public/home/202411094934/python_project/Spatio-Temporal-Library/time-series/2026-06-13/crossformer/pretrain10_finetune10/traffic/time-series/seed_0/training_log.json
2026-06-14 03:35:23 - finetune_logger - INFO - New best model! Val loss: 0.027698
[2026-06-14 03:35:23,947][finetune_logger][INFO] - New best model! Val loss: 0.027698
2026-06-14 03:37:04 - finetune_logger - INFO - Test metrics: {'MAE': 0.02908038173940964, 'RMSE': 0.04964069758875197}
[2026-06-14 03:37:04,003][finetune_logger][INFO] - Test metrics: {'MAE': 0.02908038173940964, 'RMSE': 0.04964069758875197}
2026-06-14 03:37:04 - finetune_logger - INFO - Test time: 99.82s
[2026-06-14 03:37:04,003][finetune_logger][INFO] - Test time: 99.82s
2026-06-14 03:37:04 - finetune_logger - INFO - Test memory reserved: 914.00 MB
[2026-06-14 03:37:04,003][finetune_logger][INFO] - Test memory reserved: 914.00 MB
2026-06-14 03:37:04 - finetune_logger - INFO - Test memory allocated: 45.90 MB
[2026-06-14 03:37:04,004][finetune_logger][INFO] - Test memory allocated: 45.90 MB
2026-06-14 03:37:04 - finetune_logger - INFO - Epoch 9/10
[2026-06-14 03:37:04,004][finetune_logger][INFO] - Epoch 9/10
2026-06-14 03:55:49 - finetune_logger - INFO - Train loss: 0.020353786620290148
[2026-06-14 03:55:49,225][finetune_logger][INFO] - Train loss: 0.020353786620290148
2026-06-14 03:55:49 - finetune_logger - INFO - Train time: 1125.2206530570984s
[2026-06-14 03:55:49,225][finetune_logger][INFO] - Train time: 1125.2206530570984s
2026-06-14 03:55:49 - finetune_logger - INFO - Train memory reserved: 914.00 MB
[2026-06-14 03:55:49,226][finetune_logger][INFO] - Train memory reserved: 914.00 MB
2026-06-14 03:55:49 - finetune_logger - INFO - Train memory allocated: 45.90 MB
[2026-06-14 03:55:49,226][finetune_logger][INFO] - Train memory allocated: 45.90 MB
2026-06-14 03:55:49 - finetune_logger - INFO - Current learning rate: 0.0005
[2026-06-14 03:55:49,226][finetune_logger][INFO] - Current learning rate: 0.0005
2026-06-14 03:56:35 - finetune_logger - INFO - Validation metrics: {'MAE': 0.02517302244966265, 'RMSE': 0.04157113944185895}
[2026-06-14 03:56:35,820][finetune_logger][INFO] - Validation metrics: {'MAE': 0.02517302244966265, 'RMSE': 0.04157113944185895}
2026-06-14 03:56:35 - finetune_logger - INFO - Val time: 46.59s
[2026-06-14 03:56:35,820][finetune_logger][INFO] - Val time: 46.59s
2026-06-14 03:56:35 - finetune_logger - INFO - Val memory reserved: 914.00 MB
[2026-06-14 03:56:35,820][finetune_logger][INFO] - Val memory reserved: 914.00 MB
2026-06-14 03:56:35 - finetune_logger - INFO - Val memory allocated: 45.90 MB
[2026-06-14 03:56:35,820][finetune_logger][INFO] - Val memory allocated: 45.90 MB
2026-06-14 03:56:35 - finetune_logger - INFO - Logged epoch 9 info to /public/home/202411094934/python_project/Spatio-Temporal-Library/time-series/2026-06-13/crossformer/pretrain10_finetune10/traffic/time-series/seed_0/training_log.json
[2026-06-14 03:56:35,823][finetune_logger][INFO] - Logged epoch 9 info to /public/home/202411094934/python_project/Spatio-Temporal-Library/time-series/2026-06-13/crossformer/pretrain10_finetune10/traffic/time-series/seed_0/training_log.json
2026-06-14 03:56:35 - finetune_logger - INFO - New best model! Val loss: 0.025173
[2026-06-14 03:56:35,824][finetune_logger][INFO] - New best model! Val loss: 0.025173
2026-06-14 03:58:16 - finetune_logger - INFO - Test metrics: {'MAE': 0.026573465025758997, 'RMSE': 0.04442849460811849}
[2026-06-14 03:58:16,127][finetune_logger][INFO] - Test metrics: {'MAE': 0.026573465025758997, 'RMSE': 0.04442849460811849}
2026-06-14 03:58:16 - finetune_logger - INFO - Test time: 100.06s
[2026-06-14 03:58:16,128][finetune_logger][INFO] - Test time: 100.06s
2026-06-14 03:58:16 - finetune_logger - INFO - Test memory reserved: 914.00 MB
[2026-06-14 03:58:16,128][finetune_logger][INFO] - Test memory reserved: 914.00 MB
2026-06-14 03:58:16 - finetune_logger - INFO - Test memory allocated: 45.90 MB
[2026-06-14 03:58:16,128][finetune_logger][INFO] - Test memory allocated: 45.90 MB
2026-06-14 03:58:16 - finetune_logger - INFO - Epoch 10/10
[2026-06-14 03:58:16,128][finetune_logger][INFO] - Epoch 10/10
2026-06-14 04:17:03 - finetune_logger - INFO - Train loss: 0.01863632936108064
[2026-06-14 04:17:03,438][finetune_logger][INFO] - Train loss: 0.01863632936108064
2026-06-14 04:17:03 - finetune_logger - INFO - Train time: 1127.3086886405945s
[2026-06-14 04:17:03,438][finetune_logger][INFO] - Train time: 1127.3086886405945s
2026-06-14 04:17:03 - finetune_logger - INFO - Train memory reserved: 914.00 MB
[2026-06-14 04:17:03,438][finetune_logger][INFO] - Train memory reserved: 914.00 MB
2026-06-14 04:17:03 - finetune_logger - INFO - Train memory allocated: 45.90 MB
[2026-06-14 04:17:03,438][finetune_logger][INFO] - Train memory allocated: 45.90 MB
2026-06-14 04:17:03 - finetune_logger - INFO - Current learning rate: 0.0005
[2026-06-14 04:17:03,438][finetune_logger][INFO] - Current learning rate: 0.0005
2026-06-14 04:17:49 - finetune_logger - INFO - Validation metrics: {'MAE': 0.026573411305202, 'RMSE': 0.041902283267469045}
[2026-06-14 04:17:49,897][finetune_logger][INFO] - Validation metrics: {'MAE': 0.026573411305202, 'RMSE': 0.041902283267469045}
2026-06-14 04:17:49 - finetune_logger - INFO - Val time: 46.46s
[2026-06-14 04:17:49,897][finetune_logger][INFO] - Val time: 46.46s
2026-06-14 04:17:49 - finetune_logger - INFO - Val memory reserved: 914.00 MB
[2026-06-14 04:17:49,897][finetune_logger][INFO] - Val memory reserved: 914.00 MB
2026-06-14 04:17:49 - finetune_logger - INFO - Val memory allocated: 45.90 MB
[2026-06-14 04:17:49,897][finetune_logger][INFO] - Val memory allocated: 45.90 MB
2026-06-14 04:17:49 - finetune_logger - INFO - Logged epoch 10 info to /public/home/202411094934/python_project/Spatio-Temporal-Library/time-series/2026-06-13/crossformer/pretrain10_finetune10/traffic/time-series/seed_0/training_log.json
[2026-06-14 04:17:49,900][finetune_logger][INFO] - Logged epoch 10 info to /public/home/202411094934/python_project/Spatio-Temporal-Library/time-series/2026-06-13/crossformer/pretrain10_finetune10/traffic/time-series/seed_0/training_log.json
2026-06-14 04:19:29 - finetune_logger - INFO - Test metrics: {'MAE': 0.027842538359184325, 'RMSE': 0.04459849611359624}
[2026-06-14 04:19:29,979][finetune_logger][INFO] - Test metrics: {'MAE': 0.027842538359184325, 'RMSE': 0.04459849611359624}
2026-06-14 04:19:29 - finetune_logger - INFO - Test time: 99.95s
[2026-06-14 04:19:29,979][finetune_logger][INFO] - Test time: 99.95s
2026-06-14 04:19:29 - finetune_logger - INFO - Test memory reserved: 914.00 MB
[2026-06-14 04:19:29,979][finetune_logger][INFO] - Test memory reserved: 914.00 MB
2026-06-14 04:19:29 - finetune_logger - INFO - Test memory allocated: 45.90 MB
[2026-06-14 04:19:29,979][finetune_logger][INFO] - Test memory allocated: 45.90 MB
2026-06-14 04:19:29 - finetune_logger - INFO - Training completed. Best epoch: 9, Best val loss: 0.025173
[2026-06-14 04:19:29,979][finetune_logger][INFO] - Training completed. Best epoch: 9, Best val loss: 0.025173
2026-06-14 04:19:30 - finetune_logger - INFO - Loaded checkpoint from epoch 9
[2026-06-14 04:19:30,144][finetune_logger][INFO] - Loaded checkpoint from epoch 9
2026-06-14 04:19:30 - finetune_logger - INFO - Evaluating best model on test sets...
[2026-06-14 04:19:30,145][finetune_logger][INFO] - Evaluating best model on test sets...
2026-06-14 04:21:09 - finetune_logger - INFO - Test metrics: {'MAE': 0.026573465025758997, 'RMSE': 0.04442849460811849}
[2026-06-14 04:21:09,748][finetune_logger][INFO] - Test metrics: {'MAE': 0.026573465025758997, 'RMSE': 0.04442849460811849}
2026-06-14 04:21:09 - finetune_logger - INFO - Test time: 99.60s
[2026-06-14 04:21:09,749][finetune_logger][INFO] - Test time: 99.60s
2026-06-14 04:21:09 - finetune_logger - INFO - Test memory reserved: 914.00 MB
[2026-06-14 04:21:09,749][finetune_logger][INFO] - Test memory reserved: 914.00 MB
2026-06-14 04:21:09 - finetune_logger - INFO - Test memory allocated: 46.09 MB
[2026-06-14 04:21:09,749][finetune_logger][INFO] - Test memory allocated: 46.09 MB
2026-06-14 04:21:09 - finetune_logger - INFO - Logged epoch test info to /public/home/202411094934/python_project/Spatio-Temporal-Library/time-series/2026-06-13/crossformer/pretrain10_finetune10/traffic/time-series/seed_0/training_log.json
[2026-06-14 04:21:09,752][finetune_logger][INFO] - Logged epoch test info to /public/home/202411094934/python_project/Spatio-Temporal-Library/time-series/2026-06-13/crossformer/pretrain10_finetune10/traffic/time-series/seed_0/training_log.json
