2026-06-16 04:00:01 - pretrain_logger - INFO - Model parameters: 158,912
[2026-06-16 04:00:01,707][pretrain_logger][INFO] - Model parameters: 158,912
2026-06-16 04:00:01 - pretrain_logger - INFO - Created new log file at /public/home/202411094934/python_project/Spatio-Temporal-Library/time-series/2026-06-16/itransformer/pretrain10/etth1/time-series/seed_2/training_log.json
[2026-06-16 04:00:01,717][pretrain_logger][INFO] - Created new log file at /public/home/202411094934/python_project/Spatio-Temporal-Library/time-series/2026-06-16/itransformer/pretrain10/etth1/time-series/seed_2/training_log.json
2026-06-16 04:00:01 - pretrain_logger - INFO - Starting JEPA pretraining...
[2026-06-16 04:00:01,717][pretrain_logger][INFO] - Starting JEPA pretraining...
2026-06-16 04:02:46 - pretrain_logger - INFO - [JEPA Pretrain] Epoch 1/10, loss=0.681995, time=164.91s
[2026-06-16 04:02:46,626][pretrain_logger][INFO] - [JEPA Pretrain] Epoch 1/10, loss=0.681995, time=164.91s
2026-06-16 04:02:46 - pretrain_logger - INFO - Pretrain loss: 0.6819949228349829
[2026-06-16 04:02:46,627][pretrain_logger][INFO] - Pretrain loss: 0.6819949228349829
2026-06-16 04:02:46 - pretrain_logger - INFO - Pretrain time: 164.9091556072235s
[2026-06-16 04:02:46,627][pretrain_logger][INFO] - Pretrain time: 164.9091556072235s
2026-06-16 04:02:46 - pretrain_logger - INFO - Pretrain memory reserved: 24.00 MB
[2026-06-16 04:02:46,627][pretrain_logger][INFO] - Pretrain memory reserved: 24.00 MB
2026-06-16 04:02:46 - pretrain_logger - INFO - Pretrain memory allocated: 18.04 MB
[2026-06-16 04:02:46,627][pretrain_logger][INFO] - Pretrain memory allocated: 18.04 MB
2026-06-16 04:02:46 - pretrain_logger - INFO - Current learning rate: 0.0005
[2026-06-16 04:02:46,627][pretrain_logger][INFO] - Current learning rate: 0.0005
2026-06-16 04:02:46 - pretrain_logger - INFO - Logged epoch Pretrain 1 info to /public/home/202411094934/python_project/Spatio-Temporal-Library/time-series/2026-06-16/itransformer/pretrain10/etth1/time-series/seed_2/training_log.json
[2026-06-16 04:02:46,631][pretrain_logger][INFO] - Logged epoch Pretrain 1 info to /public/home/202411094934/python_project/Spatio-Temporal-Library/time-series/2026-06-16/itransformer/pretrain10/etth1/time-series/seed_2/training_log.json
2026-06-16 04:05:31 - pretrain_logger - INFO - [JEPA Pretrain] Epoch 2/10, loss=0.606104, time=164.48s
[2026-06-16 04:05:31,110][pretrain_logger][INFO] - [JEPA Pretrain] Epoch 2/10, loss=0.606104, time=164.48s
2026-06-16 04:05:31 - pretrain_logger - INFO - Pretrain loss: 0.6061044573250695
[2026-06-16 04:05:31,132][pretrain_logger][INFO] - Pretrain loss: 0.6061044573250695
2026-06-16 04:05:31 - pretrain_logger - INFO - Pretrain time: 164.47881650924683s
[2026-06-16 04:05:31,132][pretrain_logger][INFO] - Pretrain time: 164.47881650924683s
2026-06-16 04:05:31 - pretrain_logger - INFO - Pretrain memory reserved: 24.00 MB
[2026-06-16 04:05:31,132][pretrain_logger][INFO] - Pretrain memory reserved: 24.00 MB
2026-06-16 04:05:31 - pretrain_logger - INFO - Pretrain memory allocated: 18.04 MB
[2026-06-16 04:05:31,133][pretrain_logger][INFO] - Pretrain memory allocated: 18.04 MB
2026-06-16 04:05:31 - pretrain_logger - INFO - Current learning rate: 0.0005
[2026-06-16 04:05:31,133][pretrain_logger][INFO] - Current learning rate: 0.0005
2026-06-16 04:05:31 - pretrain_logger - INFO - Logged epoch Pretrain 2 info to /public/home/202411094934/python_project/Spatio-Temporal-Library/time-series/2026-06-16/itransformer/pretrain10/etth1/time-series/seed_2/training_log.json
[2026-06-16 04:05:31,135][pretrain_logger][INFO] - Logged epoch Pretrain 2 info to /public/home/202411094934/python_project/Spatio-Temporal-Library/time-series/2026-06-16/itransformer/pretrain10/etth1/time-series/seed_2/training_log.json
2026-06-16 04:08:15 - pretrain_logger - INFO - [JEPA Pretrain] Epoch 3/10, loss=0.610170, time=164.54s
[2026-06-16 04:08:15,680][pretrain_logger][INFO] - [JEPA Pretrain] Epoch 3/10, loss=0.610170, time=164.54s
2026-06-16 04:08:15 - pretrain_logger - INFO - Pretrain loss: 0.6101696485412489
[2026-06-16 04:08:15,681][pretrain_logger][INFO] - Pretrain loss: 0.6101696485412489
2026-06-16 04:08:15 - pretrain_logger - INFO - Pretrain time: 164.54469180107117s
[2026-06-16 04:08:15,681][pretrain_logger][INFO] - Pretrain time: 164.54469180107117s
2026-06-16 04:08:15 - pretrain_logger - INFO - Pretrain memory reserved: 24.00 MB
[2026-06-16 04:08:15,681][pretrain_logger][INFO] - Pretrain memory reserved: 24.00 MB
2026-06-16 04:08:15 - pretrain_logger - INFO - Pretrain memory allocated: 18.04 MB
[2026-06-16 04:08:15,681][pretrain_logger][INFO] - Pretrain memory allocated: 18.04 MB
2026-06-16 04:08:15 - pretrain_logger - INFO - Current learning rate: 0.0005
[2026-06-16 04:08:15,681][pretrain_logger][INFO] - Current learning rate: 0.0005
2026-06-16 04:08:15 - pretrain_logger - INFO - Logged epoch Pretrain 3 info to /public/home/202411094934/python_project/Spatio-Temporal-Library/time-series/2026-06-16/itransformer/pretrain10/etth1/time-series/seed_2/training_log.json
[2026-06-16 04:08:15,684][pretrain_logger][INFO] - Logged epoch Pretrain 3 info to /public/home/202411094934/python_project/Spatio-Temporal-Library/time-series/2026-06-16/itransformer/pretrain10/etth1/time-series/seed_2/training_log.json
2026-06-16 04:11:00 - pretrain_logger - INFO - [JEPA Pretrain] Epoch 4/10, loss=0.582196, time=164.44s
[2026-06-16 04:11:00,128][pretrain_logger][INFO] - [JEPA Pretrain] Epoch 4/10, loss=0.582196, time=164.44s
2026-06-16 04:11:00 - pretrain_logger - INFO - Pretrain loss: 0.5821959158388978
[2026-06-16 04:11:00,149][pretrain_logger][INFO] - Pretrain loss: 0.5821959158388978
2026-06-16 04:11:00 - pretrain_logger - INFO - Pretrain time: 164.44393825531006s
[2026-06-16 04:11:00,150][pretrain_logger][INFO] - Pretrain time: 164.44393825531006s
2026-06-16 04:11:00 - pretrain_logger - INFO - Pretrain memory reserved: 24.00 MB
[2026-06-16 04:11:00,150][pretrain_logger][INFO] - Pretrain memory reserved: 24.00 MB
2026-06-16 04:11:00 - pretrain_logger - INFO - Pretrain memory allocated: 18.04 MB
[2026-06-16 04:11:00,150][pretrain_logger][INFO] - Pretrain memory allocated: 18.04 MB
2026-06-16 04:11:00 - pretrain_logger - INFO - Current learning rate: 0.0005
[2026-06-16 04:11:00,150][pretrain_logger][INFO] - Current learning rate: 0.0005
2026-06-16 04:11:00 - pretrain_logger - INFO - Logged epoch Pretrain 4 info to /public/home/202411094934/python_project/Spatio-Temporal-Library/time-series/2026-06-16/itransformer/pretrain10/etth1/time-series/seed_2/training_log.json
[2026-06-16 04:11:00,152][pretrain_logger][INFO] - Logged epoch Pretrain 4 info to /public/home/202411094934/python_project/Spatio-Temporal-Library/time-series/2026-06-16/itransformer/pretrain10/etth1/time-series/seed_2/training_log.json
2026-06-16 04:13:44 - pretrain_logger - INFO - [JEPA Pretrain] Epoch 5/10, loss=0.553771, time=164.44s
[2026-06-16 04:13:44,592][pretrain_logger][INFO] - [JEPA Pretrain] Epoch 5/10, loss=0.553771, time=164.44s
2026-06-16 04:13:44 - pretrain_logger - INFO - Pretrain loss: 0.5537711917572105
[2026-06-16 04:13:44,593][pretrain_logger][INFO] - Pretrain loss: 0.5537711917572105
2026-06-16 04:13:44 - pretrain_logger - INFO - Pretrain time: 164.43991780281067s
[2026-06-16 04:13:44,593][pretrain_logger][INFO] - Pretrain time: 164.43991780281067s
2026-06-16 04:13:44 - pretrain_logger - INFO - Pretrain memory reserved: 24.00 MB
[2026-06-16 04:13:44,593][pretrain_logger][INFO] - Pretrain memory reserved: 24.00 MB
2026-06-16 04:13:44 - pretrain_logger - INFO - Pretrain memory allocated: 18.04 MB
[2026-06-16 04:13:44,593][pretrain_logger][INFO] - Pretrain memory allocated: 18.04 MB
2026-06-16 04:13:44 - pretrain_logger - INFO - Current learning rate: 0.0005
[2026-06-16 04:13:44,594][pretrain_logger][INFO] - Current learning rate: 0.0005
2026-06-16 04:13:44 - pretrain_logger - INFO - Logged epoch Pretrain 5 info to /public/home/202411094934/python_project/Spatio-Temporal-Library/time-series/2026-06-16/itransformer/pretrain10/etth1/time-series/seed_2/training_log.json
[2026-06-16 04:13:44,597][pretrain_logger][INFO] - Logged epoch Pretrain 5 info to /public/home/202411094934/python_project/Spatio-Temporal-Library/time-series/2026-06-16/itransformer/pretrain10/etth1/time-series/seed_2/training_log.json
2026-06-16 04:16:29 - pretrain_logger - INFO - [JEPA Pretrain] Epoch 6/10, loss=0.528500, time=164.50s
[2026-06-16 04:16:29,092][pretrain_logger][INFO] - [JEPA Pretrain] Epoch 6/10, loss=0.528500, time=164.50s
2026-06-16 04:16:29 - pretrain_logger - INFO - Pretrain loss: 0.5285001925790901
[2026-06-16 04:16:29,114][pretrain_logger][INFO] - Pretrain loss: 0.5285001925790901
2026-06-16 04:16:29 - pretrain_logger - INFO - Pretrain time: 164.49566912651062s
[2026-06-16 04:16:29,115][pretrain_logger][INFO] - Pretrain time: 164.49566912651062s
2026-06-16 04:16:29 - pretrain_logger - INFO - Pretrain memory reserved: 24.00 MB
[2026-06-16 04:16:29,115][pretrain_logger][INFO] - Pretrain memory reserved: 24.00 MB
2026-06-16 04:16:29 - pretrain_logger - INFO - Pretrain memory allocated: 18.04 MB
[2026-06-16 04:16:29,115][pretrain_logger][INFO] - Pretrain memory allocated: 18.04 MB
2026-06-16 04:16:29 - pretrain_logger - INFO - Current learning rate: 0.0005
[2026-06-16 04:16:29,115][pretrain_logger][INFO] - Current learning rate: 0.0005
2026-06-16 04:16:29 - pretrain_logger - INFO - Logged epoch Pretrain 6 info to /public/home/202411094934/python_project/Spatio-Temporal-Library/time-series/2026-06-16/itransformer/pretrain10/etth1/time-series/seed_2/training_log.json
[2026-06-16 04:16:29,118][pretrain_logger][INFO] - Logged epoch Pretrain 6 info to /public/home/202411094934/python_project/Spatio-Temporal-Library/time-series/2026-06-16/itransformer/pretrain10/etth1/time-series/seed_2/training_log.json
2026-06-16 04:19:13 - pretrain_logger - INFO - [JEPA Pretrain] Epoch 7/10, loss=0.503266, time=164.45s
[2026-06-16 04:19:13,564][pretrain_logger][INFO] - [JEPA Pretrain] Epoch 7/10, loss=0.503266, time=164.45s
2026-06-16 04:19:13 - pretrain_logger - INFO - Pretrain loss: 0.5032664146480931
[2026-06-16 04:19:13,564][pretrain_logger][INFO] - Pretrain loss: 0.5032664146480931
2026-06-16 04:19:13 - pretrain_logger - INFO - Pretrain time: 164.44595170021057s
[2026-06-16 04:19:13,564][pretrain_logger][INFO] - Pretrain time: 164.44595170021057s
2026-06-16 04:19:13 - pretrain_logger - INFO - Pretrain memory reserved: 24.00 MB
[2026-06-16 04:19:13,565][pretrain_logger][INFO] - Pretrain memory reserved: 24.00 MB
2026-06-16 04:19:13 - pretrain_logger - INFO - Pretrain memory allocated: 18.04 MB
[2026-06-16 04:19:13,565][pretrain_logger][INFO] - Pretrain memory allocated: 18.04 MB
2026-06-16 04:19:13 - pretrain_logger - INFO - Current learning rate: 0.0005
[2026-06-16 04:19:13,565][pretrain_logger][INFO] - Current learning rate: 0.0005
2026-06-16 04:19:13 - pretrain_logger - INFO - Logged epoch Pretrain 7 info to /public/home/202411094934/python_project/Spatio-Temporal-Library/time-series/2026-06-16/itransformer/pretrain10/etth1/time-series/seed_2/training_log.json
[2026-06-16 04:19:13,568][pretrain_logger][INFO] - Logged epoch Pretrain 7 info to /public/home/202411094934/python_project/Spatio-Temporal-Library/time-series/2026-06-16/itransformer/pretrain10/etth1/time-series/seed_2/training_log.json
2026-06-16 04:21:58 - pretrain_logger - INFO - [JEPA Pretrain] Epoch 8/10, loss=0.483675, time=164.61s
[2026-06-16 04:21:58,178][pretrain_logger][INFO] - [JEPA Pretrain] Epoch 8/10, loss=0.483675, time=164.61s
2026-06-16 04:21:58 - pretrain_logger - INFO - Pretrain loss: 0.4836750667117931
[2026-06-16 04:21:58,200][pretrain_logger][INFO] - Pretrain loss: 0.4836750667117931
2026-06-16 04:21:58 - pretrain_logger - INFO - Pretrain time: 164.6096007823944s
[2026-06-16 04:21:58,200][pretrain_logger][INFO] - Pretrain time: 164.6096007823944s
2026-06-16 04:21:58 - pretrain_logger - INFO - Pretrain memory reserved: 24.00 MB
[2026-06-16 04:21:58,200][pretrain_logger][INFO] - Pretrain memory reserved: 24.00 MB
2026-06-16 04:21:58 - pretrain_logger - INFO - Pretrain memory allocated: 18.04 MB
[2026-06-16 04:21:58,200][pretrain_logger][INFO] - Pretrain memory allocated: 18.04 MB
2026-06-16 04:21:58 - pretrain_logger - INFO - Current learning rate: 0.0005
[2026-06-16 04:21:58,200][pretrain_logger][INFO] - Current learning rate: 0.0005
2026-06-16 04:21:58 - pretrain_logger - INFO - Logged epoch Pretrain 8 info to /public/home/202411094934/python_project/Spatio-Temporal-Library/time-series/2026-06-16/itransformer/pretrain10/etth1/time-series/seed_2/training_log.json
[2026-06-16 04:21:58,203][pretrain_logger][INFO] - Logged epoch Pretrain 8 info to /public/home/202411094934/python_project/Spatio-Temporal-Library/time-series/2026-06-16/itransformer/pretrain10/etth1/time-series/seed_2/training_log.json
2026-06-16 04:24:42 - pretrain_logger - INFO - [JEPA Pretrain] Epoch 9/10, loss=0.461934, time=164.51s
[2026-06-16 04:24:42,716][pretrain_logger][INFO] - [JEPA Pretrain] Epoch 9/10, loss=0.461934, time=164.51s
2026-06-16 04:24:42 - pretrain_logger - INFO - Pretrain loss: 0.461933919378668
[2026-06-16 04:24:42,717][pretrain_logger][INFO] - Pretrain loss: 0.461933919378668
2026-06-16 04:24:42 - pretrain_logger - INFO - Pretrain time: 164.5128948688507s
[2026-06-16 04:24:42,717][pretrain_logger][INFO] - Pretrain time: 164.5128948688507s
2026-06-16 04:24:42 - pretrain_logger - INFO - Pretrain memory reserved: 24.00 MB
[2026-06-16 04:24:42,717][pretrain_logger][INFO] - Pretrain memory reserved: 24.00 MB
2026-06-16 04:24:42 - pretrain_logger - INFO - Pretrain memory allocated: 18.04 MB
[2026-06-16 04:24:42,717][pretrain_logger][INFO] - Pretrain memory allocated: 18.04 MB
2026-06-16 04:24:42 - pretrain_logger - INFO - Current learning rate: 0.0005
[2026-06-16 04:24:42,717][pretrain_logger][INFO] - Current learning rate: 0.0005
2026-06-16 04:24:42 - pretrain_logger - INFO - Logged epoch Pretrain 9 info to /public/home/202411094934/python_project/Spatio-Temporal-Library/time-series/2026-06-16/itransformer/pretrain10/etth1/time-series/seed_2/training_log.json
[2026-06-16 04:24:42,720][pretrain_logger][INFO] - Logged epoch Pretrain 9 info to /public/home/202411094934/python_project/Spatio-Temporal-Library/time-series/2026-06-16/itransformer/pretrain10/etth1/time-series/seed_2/training_log.json
2026-06-16 04:27:27 - pretrain_logger - INFO - [JEPA Pretrain] Epoch 10/10, loss=0.445277, time=164.51s
[2026-06-16 04:27:27,235][pretrain_logger][INFO] - [JEPA Pretrain] Epoch 10/10, loss=0.445277, time=164.51s
2026-06-16 04:27:27 - pretrain_logger - INFO - Pretrain loss: 0.4452767871893356
[2026-06-16 04:27:27,257][pretrain_logger][INFO] - Pretrain loss: 0.4452767871893356
2026-06-16 04:27:27 - pretrain_logger - INFO - Pretrain time: 164.51480984687805s
[2026-06-16 04:27:27,257][pretrain_logger][INFO] - Pretrain time: 164.51480984687805s
2026-06-16 04:27:27 - pretrain_logger - INFO - Pretrain memory reserved: 24.00 MB
[2026-06-16 04:27:27,257][pretrain_logger][INFO] - Pretrain memory reserved: 24.00 MB
2026-06-16 04:27:27 - pretrain_logger - INFO - Pretrain memory allocated: 18.04 MB
[2026-06-16 04:27:27,257][pretrain_logger][INFO] - Pretrain memory allocated: 18.04 MB
2026-06-16 04:27:27 - pretrain_logger - INFO - Current learning rate: 0.0005
[2026-06-16 04:27:27,257][pretrain_logger][INFO] - Current learning rate: 0.0005
2026-06-16 04:27:27 - pretrain_logger - INFO - Logged epoch Pretrain 10 info to /public/home/202411094934/python_project/Spatio-Temporal-Library/time-series/2026-06-16/itransformer/pretrain10/etth1/time-series/seed_2/training_log.json
[2026-06-16 04:27:27,260][pretrain_logger][INFO] - Logged epoch Pretrain 10 info to /public/home/202411094934/python_project/Spatio-Temporal-Library/time-series/2026-06-16/itransformer/pretrain10/etth1/time-series/seed_2/training_log.json
2026-06-16 04:27:27 - pretrain_logger - INFO - JEPA pretraining completed.
[2026-06-16 04:27:27,260][pretrain_logger][INFO] - JEPA pretraining completed.
2026-06-16 12:23:45 - pretrain_logger - INFO - Model parameters: 158,912
[2026-06-16 12:23:45,581][pretrain_logger][INFO] - Model parameters: 158,912
2026-06-16 12:23:45 - pretrain_logger - INFO - Log file already exists at /public/home/202411094934/python_project/Spatio-Temporal-Library/time-series/2026-06-16/itransformer/pretrain10/etth1/time-series/seed_2/training_log.json, appending to it.
[2026-06-16 12:23:45,591][pretrain_logger][INFO] - Log file already exists at /public/home/202411094934/python_project/Spatio-Temporal-Library/time-series/2026-06-16/itransformer/pretrain10/etth1/time-series/seed_2/training_log.json, appending to it.
2026-06-16 12:23:45 - pretrain_logger - INFO - Starting JEPA pretraining...
[2026-06-16 12:23:45,591][pretrain_logger][INFO] - Starting JEPA pretraining...
2026-06-16 12:26:32 - pretrain_logger - INFO - [JEPA Pretrain] Epoch 1/10, loss=0.681995, time=167.02s
[2026-06-16 12:26:32,612][pretrain_logger][INFO] - [JEPA Pretrain] Epoch 1/10, loss=0.681995, time=167.02s
2026-06-16 12:26:32 - pretrain_logger - INFO - Pretrain loss: 0.6819949228349829
[2026-06-16 12:26:32,613][pretrain_logger][INFO] - Pretrain loss: 0.6819949228349829
2026-06-16 12:26:32 - pretrain_logger - INFO - Pretrain time: 167.02123618125916s
[2026-06-16 12:26:32,613][pretrain_logger][INFO] - Pretrain time: 167.02123618125916s
2026-06-16 12:26:32 - pretrain_logger - INFO - Pretrain memory reserved: 24.00 MB
[2026-06-16 12:26:32,613][pretrain_logger][INFO] - Pretrain memory reserved: 24.00 MB
2026-06-16 12:26:32 - pretrain_logger - INFO - Pretrain memory allocated: 18.04 MB
[2026-06-16 12:26:32,613][pretrain_logger][INFO] - Pretrain memory allocated: 18.04 MB
2026-06-16 12:26:32 - pretrain_logger - INFO - Current learning rate: 0.0005
[2026-06-16 12:26:32,614][pretrain_logger][INFO] - Current learning rate: 0.0005
2026-06-16 12:26:32 - pretrain_logger - INFO - Logged epoch Pretrain 1 info to /public/home/202411094934/python_project/Spatio-Temporal-Library/time-series/2026-06-16/itransformer/pretrain10/etth1/time-series/seed_2/training_log.json
[2026-06-16 12:26:32,617][pretrain_logger][INFO] - Logged epoch Pretrain 1 info to /public/home/202411094934/python_project/Spatio-Temporal-Library/time-series/2026-06-16/itransformer/pretrain10/etth1/time-series/seed_2/training_log.json
2026-06-16 12:29:19 - pretrain_logger - INFO - [JEPA Pretrain] Epoch 2/10, loss=0.606104, time=166.74s
[2026-06-16 12:29:19,358][pretrain_logger][INFO] - [JEPA Pretrain] Epoch 2/10, loss=0.606104, time=166.74s
2026-06-16 12:29:19 - pretrain_logger - INFO - Pretrain loss: 0.6061044573250695
[2026-06-16 12:29:19,382][pretrain_logger][INFO] - Pretrain loss: 0.6061044573250695
2026-06-16 12:29:19 - pretrain_logger - INFO - Pretrain time: 166.74142909049988s
[2026-06-16 12:29:19,383][pretrain_logger][INFO] - Pretrain time: 166.74142909049988s
2026-06-16 12:29:19 - pretrain_logger - INFO - Pretrain memory reserved: 24.00 MB
[2026-06-16 12:29:19,383][pretrain_logger][INFO] - Pretrain memory reserved: 24.00 MB
2026-06-16 12:29:19 - pretrain_logger - INFO - Pretrain memory allocated: 18.04 MB
[2026-06-16 12:29:19,383][pretrain_logger][INFO] - Pretrain memory allocated: 18.04 MB
2026-06-16 12:29:19 - pretrain_logger - INFO - Current learning rate: 0.0005
[2026-06-16 12:29:19,383][pretrain_logger][INFO] - Current learning rate: 0.0005
2026-06-16 12:29:19 - pretrain_logger - INFO - Logged epoch Pretrain 2 info to /public/home/202411094934/python_project/Spatio-Temporal-Library/time-series/2026-06-16/itransformer/pretrain10/etth1/time-series/seed_2/training_log.json
[2026-06-16 12:29:19,385][pretrain_logger][INFO] - Logged epoch Pretrain 2 info to /public/home/202411094934/python_project/Spatio-Temporal-Library/time-series/2026-06-16/itransformer/pretrain10/etth1/time-series/seed_2/training_log.json
2026-06-16 12:32:06 - pretrain_logger - INFO - [JEPA Pretrain] Epoch 3/10, loss=0.610170, time=166.92s
[2026-06-16 12:32:06,301][pretrain_logger][INFO] - [JEPA Pretrain] Epoch 3/10, loss=0.610170, time=166.92s
2026-06-16 12:32:06 - pretrain_logger - INFO - Pretrain loss: 0.6101696485412489
[2026-06-16 12:32:06,301][pretrain_logger][INFO] - Pretrain loss: 0.6101696485412489
2026-06-16 12:32:06 - pretrain_logger - INFO - Pretrain time: 166.91520500183105s
[2026-06-16 12:32:06,301][pretrain_logger][INFO] - Pretrain time: 166.91520500183105s
2026-06-16 12:32:06 - pretrain_logger - INFO - Pretrain memory reserved: 24.00 MB
[2026-06-16 12:32:06,302][pretrain_logger][INFO] - Pretrain memory reserved: 24.00 MB
2026-06-16 12:32:06 - pretrain_logger - INFO - Pretrain memory allocated: 18.04 MB
[2026-06-16 12:32:06,302][pretrain_logger][INFO] - Pretrain memory allocated: 18.04 MB
2026-06-16 12:32:06 - pretrain_logger - INFO - Current learning rate: 0.0005
[2026-06-16 12:32:06,302][pretrain_logger][INFO] - Current learning rate: 0.0005
2026-06-16 12:32:06 - pretrain_logger - INFO - Logged epoch Pretrain 3 info to /public/home/202411094934/python_project/Spatio-Temporal-Library/time-series/2026-06-16/itransformer/pretrain10/etth1/time-series/seed_2/training_log.json
[2026-06-16 12:32:06,304][pretrain_logger][INFO] - Logged epoch Pretrain 3 info to /public/home/202411094934/python_project/Spatio-Temporal-Library/time-series/2026-06-16/itransformer/pretrain10/etth1/time-series/seed_2/training_log.json
2026-06-16 12:34:53 - pretrain_logger - INFO - [JEPA Pretrain] Epoch 4/10, loss=0.582196, time=166.92s
[2026-06-16 12:34:53,223][pretrain_logger][INFO] - [JEPA Pretrain] Epoch 4/10, loss=0.582196, time=166.92s
2026-06-16 12:34:53 - pretrain_logger - INFO - Pretrain loss: 0.5821959158388978
[2026-06-16 12:34:53,246][pretrain_logger][INFO] - Pretrain loss: 0.5821959158388978
2026-06-16 12:34:53 - pretrain_logger - INFO - Pretrain time: 166.91789150238037s
[2026-06-16 12:34:53,246][pretrain_logger][INFO] - Pretrain time: 166.91789150238037s
2026-06-16 12:34:53 - pretrain_logger - INFO - Pretrain memory reserved: 24.00 MB
[2026-06-16 12:34:53,246][pretrain_logger][INFO] - Pretrain memory reserved: 24.00 MB
2026-06-16 12:34:53 - pretrain_logger - INFO - Pretrain memory allocated: 18.04 MB
[2026-06-16 12:34:53,246][pretrain_logger][INFO] - Pretrain memory allocated: 18.04 MB
2026-06-16 12:34:53 - pretrain_logger - INFO - Current learning rate: 0.0005
[2026-06-16 12:34:53,246][pretrain_logger][INFO] - Current learning rate: 0.0005
2026-06-16 12:34:53 - pretrain_logger - INFO - Logged epoch Pretrain 4 info to /public/home/202411094934/python_project/Spatio-Temporal-Library/time-series/2026-06-16/itransformer/pretrain10/etth1/time-series/seed_2/training_log.json
[2026-06-16 12:34:53,249][pretrain_logger][INFO] - Logged epoch Pretrain 4 info to /public/home/202411094934/python_project/Spatio-Temporal-Library/time-series/2026-06-16/itransformer/pretrain10/etth1/time-series/seed_2/training_log.json
2026-06-16 12:37:39 - pretrain_logger - INFO - [JEPA Pretrain] Epoch 5/10, loss=0.553771, time=166.09s
[2026-06-16 12:37:39,336][pretrain_logger][INFO] - [JEPA Pretrain] Epoch 5/10, loss=0.553771, time=166.09s
2026-06-16 12:37:39 - pretrain_logger - INFO - Pretrain loss: 0.5537711917572105
[2026-06-16 12:37:39,337][pretrain_logger][INFO] - Pretrain loss: 0.5537711917572105
2026-06-16 12:37:39 - pretrain_logger - INFO - Pretrain time: 166.08754086494446s
[2026-06-16 12:37:39,337][pretrain_logger][INFO] - Pretrain time: 166.08754086494446s
2026-06-16 12:37:39 - pretrain_logger - INFO - Pretrain memory reserved: 24.00 MB
[2026-06-16 12:37:39,337][pretrain_logger][INFO] - Pretrain memory reserved: 24.00 MB
2026-06-16 12:37:39 - pretrain_logger - INFO - Pretrain memory allocated: 18.04 MB
[2026-06-16 12:37:39,338][pretrain_logger][INFO] - Pretrain memory allocated: 18.04 MB
2026-06-16 12:37:39 - pretrain_logger - INFO - Current learning rate: 0.0005
[2026-06-16 12:37:39,338][pretrain_logger][INFO] - Current learning rate: 0.0005
2026-06-16 12:37:39 - pretrain_logger - INFO - Logged epoch Pretrain 5 info to /public/home/202411094934/python_project/Spatio-Temporal-Library/time-series/2026-06-16/itransformer/pretrain10/etth1/time-series/seed_2/training_log.json
[2026-06-16 12:37:39,340][pretrain_logger][INFO] - Logged epoch Pretrain 5 info to /public/home/202411094934/python_project/Spatio-Temporal-Library/time-series/2026-06-16/itransformer/pretrain10/etth1/time-series/seed_2/training_log.json
2026-06-16 12:40:26 - pretrain_logger - INFO - [JEPA Pretrain] Epoch 6/10, loss=0.528500, time=166.85s
[2026-06-16 12:40:26,190][pretrain_logger][INFO] - [JEPA Pretrain] Epoch 6/10, loss=0.528500, time=166.85s
2026-06-16 12:40:26 - pretrain_logger - INFO - Pretrain loss: 0.5285001925790901
[2026-06-16 12:40:26,213][pretrain_logger][INFO] - Pretrain loss: 0.5285001925790901
2026-06-16 12:40:26 - pretrain_logger - INFO - Pretrain time: 166.8489272594452s
[2026-06-16 12:40:26,213][pretrain_logger][INFO] - Pretrain time: 166.8489272594452s
2026-06-16 12:40:26 - pretrain_logger - INFO - Pretrain memory reserved: 24.00 MB
[2026-06-16 12:40:26,213][pretrain_logger][INFO] - Pretrain memory reserved: 24.00 MB
2026-06-16 12:40:26 - pretrain_logger - INFO - Pretrain memory allocated: 18.04 MB
[2026-06-16 12:40:26,213][pretrain_logger][INFO] - Pretrain memory allocated: 18.04 MB
2026-06-16 12:40:26 - pretrain_logger - INFO - Current learning rate: 0.0005
[2026-06-16 12:40:26,213][pretrain_logger][INFO] - Current learning rate: 0.0005
2026-06-16 12:40:26 - pretrain_logger - INFO - Logged epoch Pretrain 6 info to /public/home/202411094934/python_project/Spatio-Temporal-Library/time-series/2026-06-16/itransformer/pretrain10/etth1/time-series/seed_2/training_log.json
[2026-06-16 12:40:26,216][pretrain_logger][INFO] - Logged epoch Pretrain 6 info to /public/home/202411094934/python_project/Spatio-Temporal-Library/time-series/2026-06-16/itransformer/pretrain10/etth1/time-series/seed_2/training_log.json
2026-06-16 12:43:12 - pretrain_logger - INFO - [JEPA Pretrain] Epoch 7/10, loss=0.503266, time=166.66s
[2026-06-16 12:43:12,875][pretrain_logger][INFO] - [JEPA Pretrain] Epoch 7/10, loss=0.503266, time=166.66s
2026-06-16 12:43:12 - pretrain_logger - INFO - Pretrain loss: 0.5032664146480931
[2026-06-16 12:43:12,876][pretrain_logger][INFO] - Pretrain loss: 0.5032664146480931
2026-06-16 12:43:12 - pretrain_logger - INFO - Pretrain time: 166.65939855575562s
[2026-06-16 12:43:12,876][pretrain_logger][INFO] - Pretrain time: 166.65939855575562s
2026-06-16 12:43:12 - pretrain_logger - INFO - Pretrain memory reserved: 24.00 MB
[2026-06-16 12:43:12,876][pretrain_logger][INFO] - Pretrain memory reserved: 24.00 MB
2026-06-16 12:43:12 - pretrain_logger - INFO - Pretrain memory allocated: 18.04 MB
[2026-06-16 12:43:12,877][pretrain_logger][INFO] - Pretrain memory allocated: 18.04 MB
2026-06-16 12:43:12 - pretrain_logger - INFO - Current learning rate: 0.0005
[2026-06-16 12:43:12,877][pretrain_logger][INFO] - Current learning rate: 0.0005
2026-06-16 12:43:12 - pretrain_logger - INFO - Logged epoch Pretrain 7 info to /public/home/202411094934/python_project/Spatio-Temporal-Library/time-series/2026-06-16/itransformer/pretrain10/etth1/time-series/seed_2/training_log.json
[2026-06-16 12:43:12,879][pretrain_logger][INFO] - Logged epoch Pretrain 7 info to /public/home/202411094934/python_project/Spatio-Temporal-Library/time-series/2026-06-16/itransformer/pretrain10/etth1/time-series/seed_2/training_log.json
2026-06-16 12:45:59 - pretrain_logger - INFO - [JEPA Pretrain] Epoch 8/10, loss=0.483675, time=166.65s
[2026-06-16 12:45:59,528][pretrain_logger][INFO] - [JEPA Pretrain] Epoch 8/10, loss=0.483675, time=166.65s
2026-06-16 12:45:59 - pretrain_logger - INFO - Pretrain loss: 0.4836750667117931
[2026-06-16 12:45:59,551][pretrain_logger][INFO] - Pretrain loss: 0.4836750667117931
2026-06-16 12:45:59 - pretrain_logger - INFO - Pretrain time: 166.64846205711365s
[2026-06-16 12:45:59,551][pretrain_logger][INFO] - Pretrain time: 166.64846205711365s
2026-06-16 12:45:59 - pretrain_logger - INFO - Pretrain memory reserved: 24.00 MB
[2026-06-16 12:45:59,551][pretrain_logger][INFO] - Pretrain memory reserved: 24.00 MB
2026-06-16 12:45:59 - pretrain_logger - INFO - Pretrain memory allocated: 18.04 MB
[2026-06-16 12:45:59,551][pretrain_logger][INFO] - Pretrain memory allocated: 18.04 MB
2026-06-16 12:45:59 - pretrain_logger - INFO - Current learning rate: 0.0005
[2026-06-16 12:45:59,552][pretrain_logger][INFO] - Current learning rate: 0.0005
2026-06-16 12:45:59 - pretrain_logger - INFO - Logged epoch Pretrain 8 info to /public/home/202411094934/python_project/Spatio-Temporal-Library/time-series/2026-06-16/itransformer/pretrain10/etth1/time-series/seed_2/training_log.json
[2026-06-16 12:45:59,554][pretrain_logger][INFO] - Logged epoch Pretrain 8 info to /public/home/202411094934/python_project/Spatio-Temporal-Library/time-series/2026-06-16/itransformer/pretrain10/etth1/time-series/seed_2/training_log.json
2026-06-16 12:48:46 - pretrain_logger - INFO - [JEPA Pretrain] Epoch 9/10, loss=0.461934, time=166.91s
[2026-06-16 12:48:46,460][pretrain_logger][INFO] - [JEPA Pretrain] Epoch 9/10, loss=0.461934, time=166.91s
2026-06-16 12:48:46 - pretrain_logger - INFO - Pretrain loss: 0.461933919378668
[2026-06-16 12:48:46,460][pretrain_logger][INFO] - Pretrain loss: 0.461933919378668
2026-06-16 12:48:46 - pretrain_logger - INFO - Pretrain time: 166.90560507774353s
[2026-06-16 12:48:46,461][pretrain_logger][INFO] - Pretrain time: 166.90560507774353s
2026-06-16 12:48:46 - pretrain_logger - INFO - Pretrain memory reserved: 24.00 MB
[2026-06-16 12:48:46,461][pretrain_logger][INFO] - Pretrain memory reserved: 24.00 MB
2026-06-16 12:48:46 - pretrain_logger - INFO - Pretrain memory allocated: 18.04 MB
[2026-06-16 12:48:46,461][pretrain_logger][INFO] - Pretrain memory allocated: 18.04 MB
2026-06-16 12:48:46 - pretrain_logger - INFO - Current learning rate: 0.0005
[2026-06-16 12:48:46,461][pretrain_logger][INFO] - Current learning rate: 0.0005
2026-06-16 12:48:46 - pretrain_logger - INFO - Logged epoch Pretrain 9 info to /public/home/202411094934/python_project/Spatio-Temporal-Library/time-series/2026-06-16/itransformer/pretrain10/etth1/time-series/seed_2/training_log.json
[2026-06-16 12:48:46,464][pretrain_logger][INFO] - Logged epoch Pretrain 9 info to /public/home/202411094934/python_project/Spatio-Temporal-Library/time-series/2026-06-16/itransformer/pretrain10/etth1/time-series/seed_2/training_log.json
2026-06-16 12:51:33 - pretrain_logger - INFO - [JEPA Pretrain] Epoch 10/10, loss=0.445277, time=166.85s
[2026-06-16 12:51:33,313][pretrain_logger][INFO] - [JEPA Pretrain] Epoch 10/10, loss=0.445277, time=166.85s
2026-06-16 12:51:33 - pretrain_logger - INFO - Pretrain loss: 0.4452767871893356
[2026-06-16 12:51:33,336][pretrain_logger][INFO] - Pretrain loss: 0.4452767871893356
2026-06-16 12:51:33 - pretrain_logger - INFO - Pretrain time: 166.84891152381897s
[2026-06-16 12:51:33,337][pretrain_logger][INFO] - Pretrain time: 166.84891152381897s
2026-06-16 12:51:33 - pretrain_logger - INFO - Pretrain memory reserved: 24.00 MB
[2026-06-16 12:51:33,337][pretrain_logger][INFO] - Pretrain memory reserved: 24.00 MB
2026-06-16 12:51:33 - pretrain_logger - INFO - Pretrain memory allocated: 18.04 MB
[2026-06-16 12:51:33,337][pretrain_logger][INFO] - Pretrain memory allocated: 18.04 MB
2026-06-16 12:51:33 - pretrain_logger - INFO - Current learning rate: 0.0005
[2026-06-16 12:51:33,337][pretrain_logger][INFO] - Current learning rate: 0.0005
2026-06-16 12:51:33 - pretrain_logger - INFO - Logged epoch Pretrain 10 info to /public/home/202411094934/python_project/Spatio-Temporal-Library/time-series/2026-06-16/itransformer/pretrain10/etth1/time-series/seed_2/training_log.json
[2026-06-16 12:51:33,339][pretrain_logger][INFO] - Logged epoch Pretrain 10 info to /public/home/202411094934/python_project/Spatio-Temporal-Library/time-series/2026-06-16/itransformer/pretrain10/etth1/time-series/seed_2/training_log.json
2026-06-16 12:51:33 - pretrain_logger - INFO - JEPA pretraining completed.
[2026-06-16 12:51:33,340][pretrain_logger][INFO] - JEPA pretraining completed.
