2026-06-14 08:59:56 - pretrain_logger - INFO - Model parameters: 824,672
[2026-06-14 08:59:56,408][pretrain_logger][INFO] - Model parameters: 824,672
2026-06-14 08:59:56 - pretrain_logger - INFO - Created new log file at /public/home/202411094934/python_project/Spatio-Temporal-Library/time-series/2026-06-13/crossformer/pretrain10/etth2/time-series/seed_2/training_log.json
[2026-06-14 08:59:56,668][pretrain_logger][INFO] - Created new log file at /public/home/202411094934/python_project/Spatio-Temporal-Library/time-series/2026-06-13/crossformer/pretrain10/etth2/time-series/seed_2/training_log.json
2026-06-14 08:59:56 - pretrain_logger - INFO - Starting JEPA pretraining...
[2026-06-14 08:59:56,668][pretrain_logger][INFO] - Starting JEPA pretraining...
2026-06-14 09:04:58 - pretrain_logger - INFO - [JEPA Pretrain] Epoch 1/10, loss=1.492620, time=302.21s
[2026-06-14 09:04:58,880][pretrain_logger][INFO] - [JEPA Pretrain] Epoch 1/10, loss=1.492620, time=302.21s
2026-06-14 09:04:58 - pretrain_logger - INFO - Pretrain loss: 1.4926197939638421
[2026-06-14 09:04:58,881][pretrain_logger][INFO] - Pretrain loss: 1.4926197939638421
2026-06-14 09:04:58 - pretrain_logger - INFO - Pretrain time: 302.2116255760193s
[2026-06-14 09:04:58,881][pretrain_logger][INFO] - Pretrain time: 302.2116255760193s
2026-06-14 09:04:58 - pretrain_logger - INFO - Pretrain memory reserved: 74.00 MB
[2026-06-14 09:04:58,881][pretrain_logger][INFO] - Pretrain memory reserved: 74.00 MB
2026-06-14 09:04:58 - pretrain_logger - INFO - Pretrain memory allocated: 22.08 MB
[2026-06-14 09:04:58,881][pretrain_logger][INFO] - Pretrain memory allocated: 22.08 MB
2026-06-14 09:04:58 - pretrain_logger - INFO - Current learning rate: 0.0005
[2026-06-14 09:04:58,881][pretrain_logger][INFO] - Current learning rate: 0.0005
2026-06-14 09:04:58 - pretrain_logger - INFO - Logged epoch Pretrain 1 info to /public/home/202411094934/python_project/Spatio-Temporal-Library/time-series/2026-06-13/crossformer/pretrain10/etth2/time-series/seed_2/training_log.json
[2026-06-14 09:04:58,885][pretrain_logger][INFO] - Logged epoch Pretrain 1 info to /public/home/202411094934/python_project/Spatio-Temporal-Library/time-series/2026-06-13/crossformer/pretrain10/etth2/time-series/seed_2/training_log.json
2026-06-14 09:10:00 - pretrain_logger - INFO - [JEPA Pretrain] Epoch 2/10, loss=1.176182, time=301.87s
[2026-06-14 09:10:00,760][pretrain_logger][INFO] - [JEPA Pretrain] Epoch 2/10, loss=1.176182, time=301.87s
2026-06-14 09:10:00 - pretrain_logger - INFO - Pretrain loss: 1.1761821145661588
[2026-06-14 09:10:00,822][pretrain_logger][INFO] - Pretrain loss: 1.1761821145661588
2026-06-14 09:10:00 - pretrain_logger - INFO - Pretrain time: 301.8741600513458s
[2026-06-14 09:10:00,822][pretrain_logger][INFO] - Pretrain time: 301.8741600513458s
2026-06-14 09:10:00 - pretrain_logger - INFO - Pretrain memory reserved: 74.00 MB
[2026-06-14 09:10:00,822][pretrain_logger][INFO] - Pretrain memory reserved: 74.00 MB
2026-06-14 09:10:00 - pretrain_logger - INFO - Pretrain memory allocated: 22.08 MB
[2026-06-14 09:10:00,822][pretrain_logger][INFO] - Pretrain memory allocated: 22.08 MB
2026-06-14 09:10:00 - pretrain_logger - INFO - Current learning rate: 0.0005
[2026-06-14 09:10:00,823][pretrain_logger][INFO] - Current learning rate: 0.0005
2026-06-14 09:10:00 - pretrain_logger - INFO - Logged epoch Pretrain 2 info to /public/home/202411094934/python_project/Spatio-Temporal-Library/time-series/2026-06-13/crossformer/pretrain10/etth2/time-series/seed_2/training_log.json
[2026-06-14 09:10:00,825][pretrain_logger][INFO] - Logged epoch Pretrain 2 info to /public/home/202411094934/python_project/Spatio-Temporal-Library/time-series/2026-06-13/crossformer/pretrain10/etth2/time-series/seed_2/training_log.json
2026-06-14 09:15:02 - pretrain_logger - INFO - [JEPA Pretrain] Epoch 3/10, loss=1.214174, time=302.00s
[2026-06-14 09:15:02,825][pretrain_logger][INFO] - [JEPA Pretrain] Epoch 3/10, loss=1.214174, time=302.00s
2026-06-14 09:15:02 - pretrain_logger - INFO - Pretrain loss: 1.2141737441115168
[2026-06-14 09:15:02,825][pretrain_logger][INFO] - Pretrain loss: 1.2141737441115168
2026-06-14 09:15:02 - pretrain_logger - INFO - Pretrain time: 301.99942898750305s
[2026-06-14 09:15:02,825][pretrain_logger][INFO] - Pretrain time: 301.99942898750305s
2026-06-14 09:15:02 - pretrain_logger - INFO - Pretrain memory reserved: 74.00 MB
[2026-06-14 09:15:02,826][pretrain_logger][INFO] - Pretrain memory reserved: 74.00 MB
2026-06-14 09:15:02 - pretrain_logger - INFO - Pretrain memory allocated: 22.08 MB
[2026-06-14 09:15:02,826][pretrain_logger][INFO] - Pretrain memory allocated: 22.08 MB
2026-06-14 09:15:02 - pretrain_logger - INFO - Current learning rate: 0.0005
[2026-06-14 09:15:02,826][pretrain_logger][INFO] - Current learning rate: 0.0005
2026-06-14 09:15:02 - pretrain_logger - INFO - Logged epoch Pretrain 3 info to /public/home/202411094934/python_project/Spatio-Temporal-Library/time-series/2026-06-13/crossformer/pretrain10/etth2/time-series/seed_2/training_log.json
[2026-06-14 09:15:02,829][pretrain_logger][INFO] - Logged epoch Pretrain 3 info to /public/home/202411094934/python_project/Spatio-Temporal-Library/time-series/2026-06-13/crossformer/pretrain10/etth2/time-series/seed_2/training_log.json
2026-06-14 09:20:04 - pretrain_logger - INFO - [JEPA Pretrain] Epoch 4/10, loss=1.233169, time=301.75s
[2026-06-14 09:20:04,580][pretrain_logger][INFO] - [JEPA Pretrain] Epoch 4/10, loss=1.233169, time=301.75s
2026-06-14 09:20:04 - pretrain_logger - INFO - Pretrain loss: 1.2331694887163502
[2026-06-14 09:20:04,641][pretrain_logger][INFO] - Pretrain loss: 1.2331694887163502
2026-06-14 09:20:04 - pretrain_logger - INFO - Pretrain time: 301.7508463859558s
[2026-06-14 09:20:04,641][pretrain_logger][INFO] - Pretrain time: 301.7508463859558s
2026-06-14 09:20:04 - pretrain_logger - INFO - Pretrain memory reserved: 74.00 MB
[2026-06-14 09:20:04,641][pretrain_logger][INFO] - Pretrain memory reserved: 74.00 MB
2026-06-14 09:20:04 - pretrain_logger - INFO - Pretrain memory allocated: 22.08 MB
[2026-06-14 09:20:04,641][pretrain_logger][INFO] - Pretrain memory allocated: 22.08 MB
2026-06-14 09:20:04 - pretrain_logger - INFO - Current learning rate: 0.0005
[2026-06-14 09:20:04,641][pretrain_logger][INFO] - Current learning rate: 0.0005
2026-06-14 09:20:04 - pretrain_logger - INFO - Logged epoch Pretrain 4 info to /public/home/202411094934/python_project/Spatio-Temporal-Library/time-series/2026-06-13/crossformer/pretrain10/etth2/time-series/seed_2/training_log.json
[2026-06-14 09:20:04,645][pretrain_logger][INFO] - Logged epoch Pretrain 4 info to /public/home/202411094934/python_project/Spatio-Temporal-Library/time-series/2026-06-13/crossformer/pretrain10/etth2/time-series/seed_2/training_log.json
2026-06-14 09:25:06 - pretrain_logger - INFO - [JEPA Pretrain] Epoch 5/10, loss=1.248484, time=301.38s
[2026-06-14 09:25:06,026][pretrain_logger][INFO] - [JEPA Pretrain] Epoch 5/10, loss=1.248484, time=301.38s
2026-06-14 09:25:06 - pretrain_logger - INFO - Pretrain loss: 1.2484843441966595
[2026-06-14 09:25:06,027][pretrain_logger][INFO] - Pretrain loss: 1.2484843441966595
2026-06-14 09:25:06 - pretrain_logger - INFO - Pretrain time: 301.3812720775604s
[2026-06-14 09:25:06,027][pretrain_logger][INFO] - Pretrain time: 301.3812720775604s
2026-06-14 09:25:06 - pretrain_logger - INFO - Pretrain memory reserved: 74.00 MB
[2026-06-14 09:25:06,027][pretrain_logger][INFO] - Pretrain memory reserved: 74.00 MB
2026-06-14 09:25:06 - pretrain_logger - INFO - Pretrain memory allocated: 22.08 MB
[2026-06-14 09:25:06,027][pretrain_logger][INFO] - Pretrain memory allocated: 22.08 MB
2026-06-14 09:25:06 - pretrain_logger - INFO - Current learning rate: 0.0005
[2026-06-14 09:25:06,027][pretrain_logger][INFO] - Current learning rate: 0.0005
2026-06-14 09:25:06 - pretrain_logger - INFO - Logged epoch Pretrain 5 info to /public/home/202411094934/python_project/Spatio-Temporal-Library/time-series/2026-06-13/crossformer/pretrain10/etth2/time-series/seed_2/training_log.json
[2026-06-14 09:25:06,030][pretrain_logger][INFO] - Logged epoch Pretrain 5 info to /public/home/202411094934/python_project/Spatio-Temporal-Library/time-series/2026-06-13/crossformer/pretrain10/etth2/time-series/seed_2/training_log.json
2026-06-14 09:30:07 - pretrain_logger - INFO - [JEPA Pretrain] Epoch 6/10, loss=1.249362, time=301.58s
[2026-06-14 09:30:07,612][pretrain_logger][INFO] - [JEPA Pretrain] Epoch 6/10, loss=1.249362, time=301.58s
2026-06-14 09:30:07 - pretrain_logger - INFO - Pretrain loss: 1.249361939222661
[2026-06-14 09:30:07,674][pretrain_logger][INFO] - Pretrain loss: 1.249361939222661
2026-06-14 09:30:07 - pretrain_logger - INFO - Pretrain time: 301.581689119339s
[2026-06-14 09:30:07,674][pretrain_logger][INFO] - Pretrain time: 301.581689119339s
2026-06-14 09:30:07 - pretrain_logger - INFO - Pretrain memory reserved: 74.00 MB
[2026-06-14 09:30:07,674][pretrain_logger][INFO] - Pretrain memory reserved: 74.00 MB
2026-06-14 09:30:07 - pretrain_logger - INFO - Pretrain memory allocated: 22.08 MB
[2026-06-14 09:30:07,674][pretrain_logger][INFO] - Pretrain memory allocated: 22.08 MB
2026-06-14 09:30:07 - pretrain_logger - INFO - Current learning rate: 0.0005
[2026-06-14 09:30:07,674][pretrain_logger][INFO] - Current learning rate: 0.0005
2026-06-14 09:30:07 - pretrain_logger - INFO - Logged epoch Pretrain 6 info to /public/home/202411094934/python_project/Spatio-Temporal-Library/time-series/2026-06-13/crossformer/pretrain10/etth2/time-series/seed_2/training_log.json
[2026-06-14 09:30:07,677][pretrain_logger][INFO] - Logged epoch Pretrain 6 info to /public/home/202411094934/python_project/Spatio-Temporal-Library/time-series/2026-06-13/crossformer/pretrain10/etth2/time-series/seed_2/training_log.json
2026-06-14 09:35:08 - pretrain_logger - INFO - [JEPA Pretrain] Epoch 7/10, loss=1.237415, time=300.38s
[2026-06-14 09:35:08,057][pretrain_logger][INFO] - [JEPA Pretrain] Epoch 7/10, loss=1.237415, time=300.38s
2026-06-14 09:35:08 - pretrain_logger - INFO - Pretrain loss: 1.2374151511141136
[2026-06-14 09:35:08,058][pretrain_logger][INFO] - Pretrain loss: 1.2374151511141136
2026-06-14 09:35:08 - pretrain_logger - INFO - Pretrain time: 300.3794894218445s
[2026-06-14 09:35:08,058][pretrain_logger][INFO] - Pretrain time: 300.3794894218445s
2026-06-14 09:35:08 - pretrain_logger - INFO - Pretrain memory reserved: 74.00 MB
[2026-06-14 09:35:08,058][pretrain_logger][INFO] - Pretrain memory reserved: 74.00 MB
2026-06-14 09:35:08 - pretrain_logger - INFO - Pretrain memory allocated: 22.08 MB
[2026-06-14 09:35:08,058][pretrain_logger][INFO] - Pretrain memory allocated: 22.08 MB
2026-06-14 09:35:08 - pretrain_logger - INFO - Current learning rate: 0.0005
[2026-06-14 09:35:08,058][pretrain_logger][INFO] - Current learning rate: 0.0005
2026-06-14 09:35:08 - pretrain_logger - INFO - Logged epoch Pretrain 7 info to /public/home/202411094934/python_project/Spatio-Temporal-Library/time-series/2026-06-13/crossformer/pretrain10/etth2/time-series/seed_2/training_log.json
[2026-06-14 09:35:08,061][pretrain_logger][INFO] - Logged epoch Pretrain 7 info to /public/home/202411094934/python_project/Spatio-Temporal-Library/time-series/2026-06-13/crossformer/pretrain10/etth2/time-series/seed_2/training_log.json
2026-06-14 09:40:09 - pretrain_logger - INFO - [JEPA Pretrain] Epoch 8/10, loss=1.233475, time=301.74s
[2026-06-14 09:40:09,803][pretrain_logger][INFO] - [JEPA Pretrain] Epoch 8/10, loss=1.233475, time=301.74s
2026-06-14 09:40:09 - pretrain_logger - INFO - Pretrain loss: 1.233474765494948
[2026-06-14 09:40:09,864][pretrain_logger][INFO] - Pretrain loss: 1.233474765494948
2026-06-14 09:40:09 - pretrain_logger - INFO - Pretrain time: 301.7411825656891s
[2026-06-14 09:40:09,864][pretrain_logger][INFO] - Pretrain time: 301.7411825656891s
2026-06-14 09:40:09 - pretrain_logger - INFO - Pretrain memory reserved: 74.00 MB
[2026-06-14 09:40:09,864][pretrain_logger][INFO] - Pretrain memory reserved: 74.00 MB
2026-06-14 09:40:09 - pretrain_logger - INFO - Pretrain memory allocated: 22.08 MB
[2026-06-14 09:40:09,864][pretrain_logger][INFO] - Pretrain memory allocated: 22.08 MB
2026-06-14 09:40:09 - pretrain_logger - INFO - Current learning rate: 0.0005
[2026-06-14 09:40:09,865][pretrain_logger][INFO] - Current learning rate: 0.0005
2026-06-14 09:40:09 - pretrain_logger - INFO - Logged epoch Pretrain 8 info to /public/home/202411094934/python_project/Spatio-Temporal-Library/time-series/2026-06-13/crossformer/pretrain10/etth2/time-series/seed_2/training_log.json
[2026-06-14 09:40:09,867][pretrain_logger][INFO] - Logged epoch Pretrain 8 info to /public/home/202411094934/python_project/Spatio-Temporal-Library/time-series/2026-06-13/crossformer/pretrain10/etth2/time-series/seed_2/training_log.json
2026-06-14 09:45:11 - pretrain_logger - INFO - [JEPA Pretrain] Epoch 9/10, loss=1.213365, time=301.51s
[2026-06-14 09:45:11,377][pretrain_logger][INFO] - [JEPA Pretrain] Epoch 9/10, loss=1.213365, time=301.51s
2026-06-14 09:45:11 - pretrain_logger - INFO - Pretrain loss: 1.213364594112073
[2026-06-14 09:45:11,378][pretrain_logger][INFO] - Pretrain loss: 1.213364594112073
2026-06-14 09:45:11 - pretrain_logger - INFO - Pretrain time: 301.5098750591278s
[2026-06-14 09:45:11,378][pretrain_logger][INFO] - Pretrain time: 301.5098750591278s
2026-06-14 09:45:11 - pretrain_logger - INFO - Pretrain memory reserved: 74.00 MB
[2026-06-14 09:45:11,378][pretrain_logger][INFO] - Pretrain memory reserved: 74.00 MB
2026-06-14 09:45:11 - pretrain_logger - INFO - Pretrain memory allocated: 22.08 MB
[2026-06-14 09:45:11,378][pretrain_logger][INFO] - Pretrain memory allocated: 22.08 MB
2026-06-14 09:45:11 - pretrain_logger - INFO - Current learning rate: 0.0005
[2026-06-14 09:45:11,378][pretrain_logger][INFO] - Current learning rate: 0.0005
2026-06-14 09:45:11 - pretrain_logger - INFO - Logged epoch Pretrain 9 info to /public/home/202411094934/python_project/Spatio-Temporal-Library/time-series/2026-06-13/crossformer/pretrain10/etth2/time-series/seed_2/training_log.json
[2026-06-14 09:45:11,381][pretrain_logger][INFO] - Logged epoch Pretrain 9 info to /public/home/202411094934/python_project/Spatio-Temporal-Library/time-series/2026-06-13/crossformer/pretrain10/etth2/time-series/seed_2/training_log.json
2026-06-14 09:50:13 - pretrain_logger - INFO - [JEPA Pretrain] Epoch 10/10, loss=1.192214, time=301.80s
[2026-06-14 09:50:13,177][pretrain_logger][INFO] - [JEPA Pretrain] Epoch 10/10, loss=1.192214, time=301.80s
2026-06-14 09:50:13 - pretrain_logger - INFO - Pretrain loss: 1.192214436486997
[2026-06-14 09:50:13,238][pretrain_logger][INFO] - Pretrain loss: 1.192214436486997
2026-06-14 09:50:13 - pretrain_logger - INFO - Pretrain time: 301.7955913543701s
[2026-06-14 09:50:13,239][pretrain_logger][INFO] - Pretrain time: 301.7955913543701s
2026-06-14 09:50:13 - pretrain_logger - INFO - Pretrain memory reserved: 74.00 MB
[2026-06-14 09:50:13,239][pretrain_logger][INFO] - Pretrain memory reserved: 74.00 MB
2026-06-14 09:50:13 - pretrain_logger - INFO - Pretrain memory allocated: 22.08 MB
[2026-06-14 09:50:13,239][pretrain_logger][INFO] - Pretrain memory allocated: 22.08 MB
2026-06-14 09:50:13 - pretrain_logger - INFO - Current learning rate: 0.0005
[2026-06-14 09:50:13,239][pretrain_logger][INFO] - Current learning rate: 0.0005
2026-06-14 09:50:13 - pretrain_logger - INFO - Logged epoch Pretrain 10 info to /public/home/202411094934/python_project/Spatio-Temporal-Library/time-series/2026-06-13/crossformer/pretrain10/etth2/time-series/seed_2/training_log.json
[2026-06-14 09:50:13,242][pretrain_logger][INFO] - Logged epoch Pretrain 10 info to /public/home/202411094934/python_project/Spatio-Temporal-Library/time-series/2026-06-13/crossformer/pretrain10/etth2/time-series/seed_2/training_log.json
2026-06-14 09:50:13 - pretrain_logger - INFO - JEPA pretraining completed.
[2026-06-14 09:50:13,242][pretrain_logger][INFO] - JEPA pretraining completed.
