2026-06-14 08:09:41 - finetune_logger - INFO - Loaded pretrained checkpoint from: /public/home/202411094934/python_project/Spatio-Temporal-Library/time-series/2026-06-13/crossformer/pretrain10/traffic/time-series/seed_1/jepa_pretrain_epoch_10.pth
Missing keys: []
Unexpected keys: []
[2026-06-14 08:09:41,384][finetune_logger][INFO] - Loaded pretrained checkpoint from: /public/home/202411094934/python_project/Spatio-Temporal-Library/time-series/2026-06-13/crossformer/pretrain10/traffic/time-series/seed_1/jepa_pretrain_epoch_10.pth
Missing keys: []
Unexpected keys: []
2026-06-14 08:09:41 - finetune_logger - INFO - Model parameters: 2,575,712
[2026-06-14 08:09:41,395][finetune_logger][INFO] - Model parameters: 2,575,712
2026-06-14 08:09:41 - finetune_logger - INFO - Created new log file at /public/home/202411094934/python_project/Spatio-Temporal-Library/time-series/2026-06-13/crossformer/pretrain10_finetune10/traffic/time-series/seed_1/training_log.json
[2026-06-14 08:09:41,398][finetune_logger][INFO] - Created new log file at /public/home/202411094934/python_project/Spatio-Temporal-Library/time-series/2026-06-13/crossformer/pretrain10_finetune10/traffic/time-series/seed_1/training_log.json
2026-06-14 08:09:41 - finetune_logger - INFO - Starting training...
[2026-06-14 08:09:41,398][finetune_logger][INFO] - Starting training...
2026-06-14 08:09:41 - finetune_logger - INFO - Epoch 1/10
[2026-06-14 08:09:41,398][finetune_logger][INFO] - Epoch 1/10
2026-06-14 08:28:06 - finetune_logger - INFO - Train loss: 0.04589566527418557
[2026-06-14 08:28:06,167][finetune_logger][INFO] - Train loss: 0.04589566527418557
2026-06-14 08:28:06 - finetune_logger - INFO - Train time: 1104.767910003662s
[2026-06-14 08:28:06,167][finetune_logger][INFO] - Train time: 1104.767910003662s
2026-06-14 08:28:06 - finetune_logger - INFO - Train memory reserved: 914.00 MB
[2026-06-14 08:28:06,167][finetune_logger][INFO] - Train memory reserved: 914.00 MB
2026-06-14 08:28:06 - finetune_logger - INFO - Train memory allocated: 45.90 MB
[2026-06-14 08:28:06,168][finetune_logger][INFO] - Train memory allocated: 45.90 MB
2026-06-14 08:28:06 - finetune_logger - INFO - Current learning rate: 0.0005
[2026-06-14 08:28:06,168][finetune_logger][INFO] - Current learning rate: 0.0005
2026-06-14 08:28:51 - finetune_logger - INFO - Validation metrics: {'MAE': 0.04731528828538118, 'RMSE': 0.06284649693733278}
[2026-06-14 08:28:51,967][finetune_logger][INFO] - Validation metrics: {'MAE': 0.04731528828538118, 'RMSE': 0.06284649693733278}
2026-06-14 08:28:51 - finetune_logger - INFO - Val time: 45.80s
[2026-06-14 08:28:51,967][finetune_logger][INFO] - Val time: 45.80s
2026-06-14 08:28:51 - finetune_logger - INFO - Val memory reserved: 914.00 MB
[2026-06-14 08:28:51,967][finetune_logger][INFO] - Val memory reserved: 914.00 MB
2026-06-14 08:28:51 - finetune_logger - INFO - Val memory allocated: 45.90 MB
[2026-06-14 08:28:51,968][finetune_logger][INFO] - Val memory allocated: 45.90 MB
2026-06-14 08:28:51 - finetune_logger - INFO - Logged epoch 1 info to /public/home/202411094934/python_project/Spatio-Temporal-Library/time-series/2026-06-13/crossformer/pretrain10_finetune10/traffic/time-series/seed_1/training_log.json
[2026-06-14 08:28:51,971][finetune_logger][INFO] - Logged epoch 1 info to /public/home/202411094934/python_project/Spatio-Temporal-Library/time-series/2026-06-13/crossformer/pretrain10_finetune10/traffic/time-series/seed_1/training_log.json
2026-06-14 08:28:51 - finetune_logger - INFO - New best model! Val loss: 0.047315
[2026-06-14 08:28:51,971][finetune_logger][INFO] - New best model! Val loss: 0.047315
2026-06-14 08:30:30 - finetune_logger - INFO - Test metrics: {'MAE': 0.04919905634267912, 'RMSE': 0.06561788232301764}
[2026-06-14 08:30:30,603][finetune_logger][INFO] - Test metrics: {'MAE': 0.04919905634267912, 'RMSE': 0.06561788232301764}
2026-06-14 08:30:30 - finetune_logger - INFO - Test time: 98.40s
[2026-06-14 08:30:30,603][finetune_logger][INFO] - Test time: 98.40s
2026-06-14 08:30:30 - finetune_logger - INFO - Test memory reserved: 914.00 MB
[2026-06-14 08:30:30,604][finetune_logger][INFO] - Test memory reserved: 914.00 MB
2026-06-14 08:30:30 - finetune_logger - INFO - Test memory allocated: 45.90 MB
[2026-06-14 08:30:30,604][finetune_logger][INFO] - Test memory allocated: 45.90 MB
2026-06-14 08:30:30 - finetune_logger - INFO - Epoch 2/10
[2026-06-14 08:30:30,604][finetune_logger][INFO] - Epoch 2/10
2026-06-14 08:48:47 - finetune_logger - INFO - Train loss: 0.03386236883126747
[2026-06-14 08:48:47,154][finetune_logger][INFO] - Train loss: 0.03386236883126747
2026-06-14 08:48:47 - finetune_logger - INFO - Train time: 1096.549838066101s
[2026-06-14 08:48:47,155][finetune_logger][INFO] - Train time: 1096.549838066101s
2026-06-14 08:48:47 - finetune_logger - INFO - Train memory reserved: 914.00 MB
[2026-06-14 08:48:47,155][finetune_logger][INFO] - Train memory reserved: 914.00 MB
2026-06-14 08:48:47 - finetune_logger - INFO - Train memory allocated: 45.90 MB
[2026-06-14 08:48:47,155][finetune_logger][INFO] - Train memory allocated: 45.90 MB
2026-06-14 08:48:47 - finetune_logger - INFO - Current learning rate: 0.0005
[2026-06-14 08:48:47,155][finetune_logger][INFO] - Current learning rate: 0.0005
2026-06-14 08:49:32 - finetune_logger - INFO - Validation metrics: {'MAE': 0.03842909529735589, 'RMSE': 0.055974295150346826}
[2026-06-14 08:49:32,882][finetune_logger][INFO] - Validation metrics: {'MAE': 0.03842909529735589, 'RMSE': 0.055974295150346826}
2026-06-14 08:49:32 - finetune_logger - INFO - Val time: 45.73s
[2026-06-14 08:49:32,883][finetune_logger][INFO] - Val time: 45.73s
2026-06-14 08:49:32 - finetune_logger - INFO - Val memory reserved: 914.00 MB
[2026-06-14 08:49:32,883][finetune_logger][INFO] - Val memory reserved: 914.00 MB
2026-06-14 08:49:32 - finetune_logger - INFO - Val memory allocated: 45.90 MB
[2026-06-14 08:49:32,883][finetune_logger][INFO] - Val memory allocated: 45.90 MB
2026-06-14 08:49:32 - finetune_logger - INFO - Logged epoch 2 info to /public/home/202411094934/python_project/Spatio-Temporal-Library/time-series/2026-06-13/crossformer/pretrain10_finetune10/traffic/time-series/seed_1/training_log.json
[2026-06-14 08:49:32,886][finetune_logger][INFO] - Logged epoch 2 info to /public/home/202411094934/python_project/Spatio-Temporal-Library/time-series/2026-06-13/crossformer/pretrain10_finetune10/traffic/time-series/seed_1/training_log.json
2026-06-14 08:49:32 - finetune_logger - INFO - New best model! Val loss: 0.038429
[2026-06-14 08:49:32,886][finetune_logger][INFO] - New best model! Val loss: 0.038429
2026-06-14 08:51:11 - finetune_logger - INFO - Test metrics: {'MAE': 0.03999166762178764, 'RMSE': 0.058659103455539645}
[2026-06-14 08:51:11,685][finetune_logger][INFO] - Test metrics: {'MAE': 0.03999166762178764, 'RMSE': 0.058659103455539645}
2026-06-14 08:51:11 - finetune_logger - INFO - Test time: 98.56s
[2026-06-14 08:51:11,685][finetune_logger][INFO] - Test time: 98.56s
2026-06-14 08:51:11 - finetune_logger - INFO - Test memory reserved: 914.00 MB
[2026-06-14 08:51:11,685][finetune_logger][INFO] - Test memory reserved: 914.00 MB
2026-06-14 08:51:11 - finetune_logger - INFO - Test memory allocated: 45.90 MB
[2026-06-14 08:51:11,685][finetune_logger][INFO] - Test memory allocated: 45.90 MB
2026-06-14 08:51:11 - finetune_logger - INFO - Epoch 3/10
[2026-06-14 08:51:11,685][finetune_logger][INFO] - Epoch 3/10
2026-06-14 09:09:38 - finetune_logger - INFO - Train loss: 0.033038855900140204
[2026-06-14 09:09:38,533][finetune_logger][INFO] - Train loss: 0.033038855900140204
2026-06-14 09:09:38 - finetune_logger - INFO - Train time: 1106.846833229065s
[2026-06-14 09:09:38,533][finetune_logger][INFO] - Train time: 1106.846833229065s
2026-06-14 09:09:38 - finetune_logger - INFO - Train memory reserved: 914.00 MB
[2026-06-14 09:09:38,534][finetune_logger][INFO] - Train memory reserved: 914.00 MB
2026-06-14 09:09:38 - finetune_logger - INFO - Train memory allocated: 45.90 MB
[2026-06-14 09:09:38,534][finetune_logger][INFO] - Train memory allocated: 45.90 MB
2026-06-14 09:09:38 - finetune_logger - INFO - Current learning rate: 0.0005
[2026-06-14 09:09:38,534][finetune_logger][INFO] - Current learning rate: 0.0005
2026-06-14 09:10:24 - finetune_logger - INFO - Validation metrics: {'MAE': 0.03825443999977245, 'RMSE': 0.0571402811344024}
[2026-06-14 09:10:24,141][finetune_logger][INFO] - Validation metrics: {'MAE': 0.03825443999977245, 'RMSE': 0.0571402811344024}
2026-06-14 09:10:24 - finetune_logger - INFO - Val time: 45.61s
[2026-06-14 09:10:24,141][finetune_logger][INFO] - Val time: 45.61s
2026-06-14 09:10:24 - finetune_logger - INFO - Val memory reserved: 914.00 MB
[2026-06-14 09:10:24,141][finetune_logger][INFO] - Val memory reserved: 914.00 MB
2026-06-14 09:10:24 - finetune_logger - INFO - Val memory allocated: 45.90 MB
[2026-06-14 09:10:24,141][finetune_logger][INFO] - Val memory allocated: 45.90 MB
2026-06-14 09:10:24 - finetune_logger - INFO - Logged epoch 3 info to /public/home/202411094934/python_project/Spatio-Temporal-Library/time-series/2026-06-13/crossformer/pretrain10_finetune10/traffic/time-series/seed_1/training_log.json
[2026-06-14 09:10:24,144][finetune_logger][INFO] - Logged epoch 3 info to /public/home/202411094934/python_project/Spatio-Temporal-Library/time-series/2026-06-13/crossformer/pretrain10_finetune10/traffic/time-series/seed_1/training_log.json
2026-06-14 09:10:24 - finetune_logger - INFO - New best model! Val loss: 0.038254
[2026-06-14 09:10:24,144][finetune_logger][INFO] - New best model! Val loss: 0.038254
2026-06-14 09:12:02 - finetune_logger - INFO - Test metrics: {'MAE': 0.039124394587016435, 'RMSE': 0.05951893106217392}
[2026-06-14 09:12:02,768][finetune_logger][INFO] - Test metrics: {'MAE': 0.039124394587016435, 'RMSE': 0.05951893106217392}
2026-06-14 09:12:02 - finetune_logger - INFO - Test time: 98.39s
[2026-06-14 09:12:02,768][finetune_logger][INFO] - Test time: 98.39s
2026-06-14 09:12:02 - finetune_logger - INFO - Test memory reserved: 914.00 MB
[2026-06-14 09:12:02,768][finetune_logger][INFO] - Test memory reserved: 914.00 MB
2026-06-14 09:12:02 - finetune_logger - INFO - Test memory allocated: 45.90 MB
[2026-06-14 09:12:02,768][finetune_logger][INFO] - Test memory allocated: 45.90 MB
2026-06-14 09:12:02 - finetune_logger - INFO - Epoch 4/10
[2026-06-14 09:12:02,768][finetune_logger][INFO] - Epoch 4/10
2026-06-14 09:30:27 - finetune_logger - INFO - Train loss: 0.03153376649468822
[2026-06-14 09:30:27,911][finetune_logger][INFO] - Train loss: 0.03153376649468822
2026-06-14 09:30:27 - finetune_logger - INFO - Train time: 1105.1417918205261s
[2026-06-14 09:30:27,911][finetune_logger][INFO] - Train time: 1105.1417918205261s
2026-06-14 09:30:27 - finetune_logger - INFO - Train memory reserved: 914.00 MB
[2026-06-14 09:30:27,911][finetune_logger][INFO] - Train memory reserved: 914.00 MB
2026-06-14 09:30:27 - finetune_logger - INFO - Train memory allocated: 45.90 MB
[2026-06-14 09:30:27,911][finetune_logger][INFO] - Train memory allocated: 45.90 MB
2026-06-14 09:30:27 - finetune_logger - INFO - Current learning rate: 0.0005
[2026-06-14 09:30:27,912][finetune_logger][INFO] - Current learning rate: 0.0005
2026-06-14 09:31:13 - finetune_logger - INFO - Validation metrics: {'MAE': 0.03231321263305326, 'RMSE': 0.05074432184093395}
[2026-06-14 09:31:13,687][finetune_logger][INFO] - Validation metrics: {'MAE': 0.03231321263305326, 'RMSE': 0.05074432184093395}
2026-06-14 09:31:13 - finetune_logger - INFO - Val time: 45.77s
[2026-06-14 09:31:13,687][finetune_logger][INFO] - Val time: 45.77s
2026-06-14 09:31:13 - finetune_logger - INFO - Val memory reserved: 914.00 MB
[2026-06-14 09:31:13,687][finetune_logger][INFO] - Val memory reserved: 914.00 MB
2026-06-14 09:31:13 - finetune_logger - INFO - Val memory allocated: 45.90 MB
[2026-06-14 09:31:13,687][finetune_logger][INFO] - Val memory allocated: 45.90 MB
2026-06-14 09:31:13 - finetune_logger - INFO - Logged epoch 4 info to /public/home/202411094934/python_project/Spatio-Temporal-Library/time-series/2026-06-13/crossformer/pretrain10_finetune10/traffic/time-series/seed_1/training_log.json
[2026-06-14 09:31:13,690][finetune_logger][INFO] - Logged epoch 4 info to /public/home/202411094934/python_project/Spatio-Temporal-Library/time-series/2026-06-13/crossformer/pretrain10_finetune10/traffic/time-series/seed_1/training_log.json
2026-06-14 09:31:13 - finetune_logger - INFO - New best model! Val loss: 0.032313
[2026-06-14 09:31:13,690][finetune_logger][INFO] - New best model! Val loss: 0.032313
2026-06-14 09:32:52 - finetune_logger - INFO - Test metrics: {'MAE': 0.033778573292237525, 'RMSE': 0.05371135959999707}
[2026-06-14 09:32:52,316][finetune_logger][INFO] - Test metrics: {'MAE': 0.033778573292237525, 'RMSE': 0.05371135959999707}
2026-06-14 09:32:52 - finetune_logger - INFO - Test time: 98.39s
[2026-06-14 09:32:52,316][finetune_logger][INFO] - Test time: 98.39s
2026-06-14 09:32:52 - finetune_logger - INFO - Test memory reserved: 914.00 MB
[2026-06-14 09:32:52,317][finetune_logger][INFO] - Test memory reserved: 914.00 MB
2026-06-14 09:32:52 - finetune_logger - INFO - Test memory allocated: 45.90 MB
[2026-06-14 09:32:52,317][finetune_logger][INFO] - Test memory allocated: 45.90 MB
2026-06-14 09:32:52 - finetune_logger - INFO - Epoch 5/10
[2026-06-14 09:32:52,317][finetune_logger][INFO] - Epoch 5/10
2026-06-14 09:51:19 - finetune_logger - INFO - Train loss: 0.024172282272682602
[2026-06-14 09:51:19,991][finetune_logger][INFO] - Train loss: 0.024172282272682602
2026-06-14 09:51:19 - finetune_logger - INFO - Train time: 1107.6734409332275s
[2026-06-14 09:51:19,991][finetune_logger][INFO] - Train time: 1107.6734409332275s
2026-06-14 09:51:19 - finetune_logger - INFO - Train memory reserved: 914.00 MB
[2026-06-14 09:51:19,991][finetune_logger][INFO] - Train memory reserved: 914.00 MB
2026-06-14 09:51:19 - finetune_logger - INFO - Train memory allocated: 45.90 MB
[2026-06-14 09:51:19,992][finetune_logger][INFO] - Train memory allocated: 45.90 MB
2026-06-14 09:51:19 - finetune_logger - INFO - Current learning rate: 0.0005
[2026-06-14 09:51:19,992][finetune_logger][INFO] - Current learning rate: 0.0005
2026-06-14 09:52:05 - finetune_logger - INFO - Validation metrics: {'MAE': 0.03794481325708205, 'RMSE': 0.05531827877806844}
[2026-06-14 09:52:05,687][finetune_logger][INFO] - Validation metrics: {'MAE': 0.03794481325708205, 'RMSE': 0.05531827877806844}
2026-06-14 09:52:05 - finetune_logger - INFO - Val time: 45.69s
[2026-06-14 09:52:05,687][finetune_logger][INFO] - Val time: 45.69s
2026-06-14 09:52:05 - finetune_logger - INFO - Val memory reserved: 914.00 MB
[2026-06-14 09:52:05,687][finetune_logger][INFO] - Val memory reserved: 914.00 MB
2026-06-14 09:52:05 - finetune_logger - INFO - Val memory allocated: 45.90 MB
[2026-06-14 09:52:05,687][finetune_logger][INFO] - Val memory allocated: 45.90 MB
2026-06-14 09:52:05 - finetune_logger - INFO - Logged epoch 5 info to /public/home/202411094934/python_project/Spatio-Temporal-Library/time-series/2026-06-13/crossformer/pretrain10_finetune10/traffic/time-series/seed_1/training_log.json
[2026-06-14 09:52:05,690][finetune_logger][INFO] - Logged epoch 5 info to /public/home/202411094934/python_project/Spatio-Temporal-Library/time-series/2026-06-13/crossformer/pretrain10_finetune10/traffic/time-series/seed_1/training_log.json
2026-06-14 09:53:44 - finetune_logger - INFO - Test metrics: {'MAE': 0.03922342889056681, 'RMSE': 0.058081856777408056}
[2026-06-14 09:53:44,268][finetune_logger][INFO] - Test metrics: {'MAE': 0.03922342889056681, 'RMSE': 0.058081856777408056}
2026-06-14 09:53:44 - finetune_logger - INFO - Test time: 98.58s
[2026-06-14 09:53:44,268][finetune_logger][INFO] - Test time: 98.58s
2026-06-14 09:53:44 - finetune_logger - INFO - Test memory reserved: 914.00 MB
[2026-06-14 09:53:44,268][finetune_logger][INFO] - Test memory reserved: 914.00 MB
2026-06-14 09:53:44 - finetune_logger - INFO - Test memory allocated: 45.90 MB
[2026-06-14 09:53:44,268][finetune_logger][INFO] - Test memory allocated: 45.90 MB
2026-06-14 09:53:44 - finetune_logger - INFO - Epoch 6/10
[2026-06-14 09:53:44,269][finetune_logger][INFO] - Epoch 6/10
2026-06-14 10:12:10 - finetune_logger - INFO - Train loss: 0.02196267196610408
[2026-06-14 10:12:10,102][finetune_logger][INFO] - Train loss: 0.02196267196610408
2026-06-14 10:12:10 - finetune_logger - INFO - Train time: 1105.832115650177s
[2026-06-14 10:12:10,102][finetune_logger][INFO] - Train time: 1105.832115650177s
2026-06-14 10:12:10 - finetune_logger - INFO - Train memory reserved: 914.00 MB
[2026-06-14 10:12:10,102][finetune_logger][INFO] - Train memory reserved: 914.00 MB
2026-06-14 10:12:10 - finetune_logger - INFO - Train memory allocated: 45.90 MB
[2026-06-14 10:12:10,102][finetune_logger][INFO] - Train memory allocated: 45.90 MB
2026-06-14 10:12:10 - finetune_logger - INFO - Current learning rate: 0.0005
[2026-06-14 10:12:10,102][finetune_logger][INFO] - Current learning rate: 0.0005
2026-06-14 10:12:55 - finetune_logger - INFO - Validation metrics: {'MAE': 0.03149094978835764, 'RMSE': 0.04840453976567688}
[2026-06-14 10:12:55,830][finetune_logger][INFO] - Validation metrics: {'MAE': 0.03149094978835764, 'RMSE': 0.04840453976567688}
2026-06-14 10:12:55 - finetune_logger - INFO - Val time: 45.73s
[2026-06-14 10:12:55,830][finetune_logger][INFO] - Val time: 45.73s
2026-06-14 10:12:55 - finetune_logger - INFO - Val memory reserved: 914.00 MB
[2026-06-14 10:12:55,830][finetune_logger][INFO] - Val memory reserved: 914.00 MB
2026-06-14 10:12:55 - finetune_logger - INFO - Val memory allocated: 45.90 MB
[2026-06-14 10:12:55,830][finetune_logger][INFO] - Val memory allocated: 45.90 MB
2026-06-14 10:12:55 - finetune_logger - INFO - Logged epoch 6 info to /public/home/202411094934/python_project/Spatio-Temporal-Library/time-series/2026-06-13/crossformer/pretrain10_finetune10/traffic/time-series/seed_1/training_log.json
[2026-06-14 10:12:55,833][finetune_logger][INFO] - Logged epoch 6 info to /public/home/202411094934/python_project/Spatio-Temporal-Library/time-series/2026-06-13/crossformer/pretrain10_finetune10/traffic/time-series/seed_1/training_log.json
2026-06-14 10:12:55 - finetune_logger - INFO - New best model! Val loss: 0.031491
[2026-06-14 10:12:55,833][finetune_logger][INFO] - New best model! Val loss: 0.031491
2026-06-14 10:14:34 - finetune_logger - INFO - Test metrics: {'MAE': 0.032958278653373856, 'RMSE': 0.05157735388376924}
[2026-06-14 10:14:34,253][finetune_logger][INFO] - Test metrics: {'MAE': 0.032958278653373856, 'RMSE': 0.05157735388376924}
2026-06-14 10:14:34 - finetune_logger - INFO - Test time: 98.19s
[2026-06-14 10:14:34,254][finetune_logger][INFO] - Test time: 98.19s
2026-06-14 10:14:34 - finetune_logger - INFO - Test memory reserved: 914.00 MB
[2026-06-14 10:14:34,254][finetune_logger][INFO] - Test memory reserved: 914.00 MB
2026-06-14 10:14:34 - finetune_logger - INFO - Test memory allocated: 45.90 MB
[2026-06-14 10:14:34,254][finetune_logger][INFO] - Test memory allocated: 45.90 MB
2026-06-14 10:14:34 - finetune_logger - INFO - Epoch 7/10
[2026-06-14 10:14:34,254][finetune_logger][INFO] - Epoch 7/10
2026-06-14 10:32:58 - finetune_logger - INFO - Train loss: 0.02093056121070448
[2026-06-14 10:32:58,906][finetune_logger][INFO] - Train loss: 0.02093056121070448
2026-06-14 10:32:58 - finetune_logger - INFO - Train time: 1104.6517186164856s
[2026-06-14 10:32:58,907][finetune_logger][INFO] - Train time: 1104.6517186164856s
2026-06-14 10:32:58 - finetune_logger - INFO - Train memory reserved: 914.00 MB
[2026-06-14 10:32:58,907][finetune_logger][INFO] - Train memory reserved: 914.00 MB
2026-06-14 10:32:58 - finetune_logger - INFO - Train memory allocated: 45.90 MB
[2026-06-14 10:32:58,907][finetune_logger][INFO] - Train memory allocated: 45.90 MB
2026-06-14 10:32:58 - finetune_logger - INFO - Current learning rate: 0.0005
[2026-06-14 10:32:58,907][finetune_logger][INFO] - Current learning rate: 0.0005
2026-06-14 10:33:44 - finetune_logger - INFO - Validation metrics: {'MAE': 0.033211659298360896, 'RMSE': 0.04753678488614089}
[2026-06-14 10:33:44,791][finetune_logger][INFO] - Validation metrics: {'MAE': 0.033211659298360896, 'RMSE': 0.04753678488614089}
2026-06-14 10:33:44 - finetune_logger - INFO - Val time: 45.88s
[2026-06-14 10:33:44,791][finetune_logger][INFO] - Val time: 45.88s
2026-06-14 10:33:44 - finetune_logger - INFO - Val memory reserved: 914.00 MB
[2026-06-14 10:33:44,792][finetune_logger][INFO] - Val memory reserved: 914.00 MB
2026-06-14 10:33:44 - finetune_logger - INFO - Val memory allocated: 45.90 MB
[2026-06-14 10:33:44,792][finetune_logger][INFO] - Val memory allocated: 45.90 MB
2026-06-14 10:33:44 - finetune_logger - INFO - Logged epoch 7 info to /public/home/202411094934/python_project/Spatio-Temporal-Library/time-series/2026-06-13/crossformer/pretrain10_finetune10/traffic/time-series/seed_1/training_log.json
[2026-06-14 10:33:44,795][finetune_logger][INFO] - Logged epoch 7 info to /public/home/202411094934/python_project/Spatio-Temporal-Library/time-series/2026-06-13/crossformer/pretrain10_finetune10/traffic/time-series/seed_1/training_log.json
2026-06-14 10:35:23 - finetune_logger - INFO - Test metrics: {'MAE': 0.03485512252090167, 'RMSE': 0.0504356673900065}
[2026-06-14 10:35:23,209][finetune_logger][INFO] - Test metrics: {'MAE': 0.03485512252090167, 'RMSE': 0.0504356673900065}
2026-06-14 10:35:23 - finetune_logger - INFO - Test time: 98.41s
[2026-06-14 10:35:23,209][finetune_logger][INFO] - Test time: 98.41s
2026-06-14 10:35:23 - finetune_logger - INFO - Test memory reserved: 914.00 MB
[2026-06-14 10:35:23,209][finetune_logger][INFO] - Test memory reserved: 914.00 MB
2026-06-14 10:35:23 - finetune_logger - INFO - Test memory allocated: 45.90 MB
[2026-06-14 10:35:23,209][finetune_logger][INFO] - Test memory allocated: 45.90 MB
2026-06-14 10:35:23 - finetune_logger - INFO - Epoch 8/10
[2026-06-14 10:35:23,210][finetune_logger][INFO] - Epoch 8/10
2026-06-14 10:53:48 - finetune_logger - INFO - Train loss: 0.018899964785548045
[2026-06-14 10:53:48,244][finetune_logger][INFO] - Train loss: 0.018899964785548045
2026-06-14 10:53:48 - finetune_logger - INFO - Train time: 1105.0336258411407s
[2026-06-14 10:53:48,244][finetune_logger][INFO] - Train time: 1105.0336258411407s
2026-06-14 10:53:48 - finetune_logger - INFO - Train memory reserved: 914.00 MB
[2026-06-14 10:53:48,245][finetune_logger][INFO] - Train memory reserved: 914.00 MB
2026-06-14 10:53:48 - finetune_logger - INFO - Train memory allocated: 45.90 MB
[2026-06-14 10:53:48,245][finetune_logger][INFO] - Train memory allocated: 45.90 MB
2026-06-14 10:53:48 - finetune_logger - INFO - Current learning rate: 0.0005
[2026-06-14 10:53:48,245][finetune_logger][INFO] - Current learning rate: 0.0005
2026-06-14 10:54:34 - finetune_logger - INFO - Validation metrics: {'MAE': 0.026266502575567265, 'RMSE': 0.04479597806880844}
[2026-06-14 10:54:34,148][finetune_logger][INFO] - Validation metrics: {'MAE': 0.026266502575567265, 'RMSE': 0.04479597806880844}
2026-06-14 10:54:34 - finetune_logger - INFO - Val time: 45.90s
[2026-06-14 10:54:34,148][finetune_logger][INFO] - Val time: 45.90s
2026-06-14 10:54:34 - finetune_logger - INFO - Val memory reserved: 914.00 MB
[2026-06-14 10:54:34,148][finetune_logger][INFO] - Val memory reserved: 914.00 MB
2026-06-14 10:54:34 - finetune_logger - INFO - Val memory allocated: 45.90 MB
[2026-06-14 10:54:34,148][finetune_logger][INFO] - Val memory allocated: 45.90 MB
2026-06-14 10:54:34 - finetune_logger - INFO - Logged epoch 8 info to /public/home/202411094934/python_project/Spatio-Temporal-Library/time-series/2026-06-13/crossformer/pretrain10_finetune10/traffic/time-series/seed_1/training_log.json
[2026-06-14 10:54:34,151][finetune_logger][INFO] - Logged epoch 8 info to /public/home/202411094934/python_project/Spatio-Temporal-Library/time-series/2026-06-13/crossformer/pretrain10_finetune10/traffic/time-series/seed_1/training_log.json
2026-06-14 10:54:34 - finetune_logger - INFO - New best model! Val loss: 0.026267
[2026-06-14 10:54:34,151][finetune_logger][INFO] - New best model! Val loss: 0.026267
2026-06-14 10:56:12 - finetune_logger - INFO - Test metrics: {'MAE': 0.027409965295441874, 'RMSE': 0.04737227726184076}
[2026-06-14 10:56:12,793][finetune_logger][INFO] - Test metrics: {'MAE': 0.027409965295441874, 'RMSE': 0.04737227726184076}
2026-06-14 10:56:12 - finetune_logger - INFO - Test time: 98.41s
[2026-06-14 10:56:12,793][finetune_logger][INFO] - Test time: 98.41s
2026-06-14 10:56:12 - finetune_logger - INFO - Test memory reserved: 914.00 MB
[2026-06-14 10:56:12,794][finetune_logger][INFO] - Test memory reserved: 914.00 MB
2026-06-14 10:56:12 - finetune_logger - INFO - Test memory allocated: 45.90 MB
[2026-06-14 10:56:12,794][finetune_logger][INFO] - Test memory allocated: 45.90 MB
2026-06-14 10:56:12 - finetune_logger - INFO - Epoch 9/10
[2026-06-14 10:56:12,794][finetune_logger][INFO] - Epoch 9/10
2026-06-14 11:14:37 - finetune_logger - INFO - Train loss: 0.01744329774485052
[2026-06-14 11:14:37,999][finetune_logger][INFO] - Train loss: 0.01744329774485052
2026-06-14 11:14:37 - finetune_logger - INFO - Train time: 1105.2041237354279s
[2026-06-14 11:14:37,999][finetune_logger][INFO] - Train time: 1105.2041237354279s
2026-06-14 11:14:37 - finetune_logger - INFO - Train memory reserved: 914.00 MB
[2026-06-14 11:14:37,999][finetune_logger][INFO] - Train memory reserved: 914.00 MB
2026-06-14 11:14:37 - finetune_logger - INFO - Train memory allocated: 45.90 MB
[2026-06-14 11:14:37,999][finetune_logger][INFO] - Train memory allocated: 45.90 MB
2026-06-14 11:14:37 - finetune_logger - INFO - Current learning rate: 0.0005
[2026-06-14 11:14:37,999][finetune_logger][INFO] - Current learning rate: 0.0005
2026-06-14 11:15:23 - finetune_logger - INFO - Validation metrics: {'MAE': 0.02686053756040438, 'RMSE': 0.04325203069568352}
[2026-06-14 11:15:23,740][finetune_logger][INFO] - Validation metrics: {'MAE': 0.02686053756040438, 'RMSE': 0.04325203069568352}
2026-06-14 11:15:23 - finetune_logger - INFO - Val time: 45.74s
[2026-06-14 11:15:23,741][finetune_logger][INFO] - Val time: 45.74s
2026-06-14 11:15:23 - finetune_logger - INFO - Val memory reserved: 914.00 MB
[2026-06-14 11:15:23,741][finetune_logger][INFO] - Val memory reserved: 914.00 MB
2026-06-14 11:15:23 - finetune_logger - INFO - Val memory allocated: 45.90 MB
[2026-06-14 11:15:23,741][finetune_logger][INFO] - Val memory allocated: 45.90 MB
2026-06-14 11:15:23 - finetune_logger - INFO - Logged epoch 9 info to /public/home/202411094934/python_project/Spatio-Temporal-Library/time-series/2026-06-13/crossformer/pretrain10_finetune10/traffic/time-series/seed_1/training_log.json
[2026-06-14 11:15:23,743][finetune_logger][INFO] - Logged epoch 9 info to /public/home/202411094934/python_project/Spatio-Temporal-Library/time-series/2026-06-13/crossformer/pretrain10_finetune10/traffic/time-series/seed_1/training_log.json
2026-06-14 11:17:01 - finetune_logger - INFO - Test metrics: {'MAE': 0.02802271685933552, 'RMSE': 0.04578230566933127}
[2026-06-14 11:17:01,992][finetune_logger][INFO] - Test metrics: {'MAE': 0.02802271685933552, 'RMSE': 0.04578230566933127}
2026-06-14 11:17:01 - finetune_logger - INFO - Test time: 98.25s
[2026-06-14 11:17:01,992][finetune_logger][INFO] - Test time: 98.25s
2026-06-14 11:17:01 - finetune_logger - INFO - Test memory reserved: 914.00 MB
[2026-06-14 11:17:01,992][finetune_logger][INFO] - Test memory reserved: 914.00 MB
2026-06-14 11:17:01 - finetune_logger - INFO - Test memory allocated: 45.90 MB
[2026-06-14 11:17:01,992][finetune_logger][INFO] - Test memory allocated: 45.90 MB
2026-06-14 11:17:01 - finetune_logger - INFO - Epoch 10/10
[2026-06-14 11:17:01,993][finetune_logger][INFO] - Epoch 10/10
2026-06-14 11:35:27 - finetune_logger - INFO - Train loss: 0.01608815527329396
[2026-06-14 11:35:27,679][finetune_logger][INFO] - Train loss: 0.01608815527329396
2026-06-14 11:35:27 - finetune_logger - INFO - Train time: 1105.6853971481323s
[2026-06-14 11:35:27,679][finetune_logger][INFO] - Train time: 1105.6853971481323s
2026-06-14 11:35:27 - finetune_logger - INFO - Train memory reserved: 914.00 MB
[2026-06-14 11:35:27,679][finetune_logger][INFO] - Train memory reserved: 914.00 MB
2026-06-14 11:35:27 - finetune_logger - INFO - Train memory allocated: 45.90 MB
[2026-06-14 11:35:27,679][finetune_logger][INFO] - Train memory allocated: 45.90 MB
2026-06-14 11:35:27 - finetune_logger - INFO - Current learning rate: 0.0005
[2026-06-14 11:35:27,679][finetune_logger][INFO] - Current learning rate: 0.0005
2026-06-14 11:36:13 - finetune_logger - INFO - Validation metrics: {'MAE': 0.02190375746444631, 'RMSE': 0.037839928116298945}
[2026-06-14 11:36:13,642][finetune_logger][INFO] - Validation metrics: {'MAE': 0.02190375746444631, 'RMSE': 0.037839928116298945}
2026-06-14 11:36:13 - finetune_logger - INFO - Val time: 45.96s
[2026-06-14 11:36:13,642][finetune_logger][INFO] - Val time: 45.96s
2026-06-14 11:36:13 - finetune_logger - INFO - Val memory reserved: 914.00 MB
[2026-06-14 11:36:13,642][finetune_logger][INFO] - Val memory reserved: 914.00 MB
2026-06-14 11:36:13 - finetune_logger - INFO - Val memory allocated: 45.90 MB
[2026-06-14 11:36:13,642][finetune_logger][INFO] - Val memory allocated: 45.90 MB
2026-06-14 11:36:13 - finetune_logger - INFO - Logged epoch 10 info to /public/home/202411094934/python_project/Spatio-Temporal-Library/time-series/2026-06-13/crossformer/pretrain10_finetune10/traffic/time-series/seed_1/training_log.json
[2026-06-14 11:36:13,645][finetune_logger][INFO] - Logged epoch 10 info to /public/home/202411094934/python_project/Spatio-Temporal-Library/time-series/2026-06-13/crossformer/pretrain10_finetune10/traffic/time-series/seed_1/training_log.json
2026-06-14 11:36:13 - finetune_logger - INFO - New best model! Val loss: 0.021904
[2026-06-14 11:36:13,645][finetune_logger][INFO] - New best model! Val loss: 0.021904
2026-06-14 11:37:52 - finetune_logger - INFO - Test metrics: {'MAE': 0.02315417435764121, 'RMSE': 0.040386728311784664}
[2026-06-14 11:37:52,283][finetune_logger][INFO] - Test metrics: {'MAE': 0.02315417435764121, 'RMSE': 0.040386728311784664}
2026-06-14 11:37:52 - finetune_logger - INFO - Test time: 98.41s
[2026-06-14 11:37:52,283][finetune_logger][INFO] - Test time: 98.41s
2026-06-14 11:37:52 - finetune_logger - INFO - Test memory reserved: 914.00 MB
[2026-06-14 11:37:52,283][finetune_logger][INFO] - Test memory reserved: 914.00 MB
2026-06-14 11:37:52 - finetune_logger - INFO - Test memory allocated: 45.90 MB
[2026-06-14 11:37:52,284][finetune_logger][INFO] - Test memory allocated: 45.90 MB
2026-06-14 11:37:52 - finetune_logger - INFO - Training completed. Best epoch: 10, Best val loss: 0.021904
[2026-06-14 11:37:52,284][finetune_logger][INFO] - Training completed. Best epoch: 10, Best val loss: 0.021904
2026-06-14 11:37:52 - finetune_logger - INFO - Loaded checkpoint from epoch 10
[2026-06-14 11:37:52,446][finetune_logger][INFO] - Loaded checkpoint from epoch 10
2026-06-14 11:37:52 - finetune_logger - INFO - Evaluating best model on test sets...
[2026-06-14 11:37:52,447][finetune_logger][INFO] - Evaluating best model on test sets...
2026-06-14 11:39:31 - finetune_logger - INFO - Test metrics: {'MAE': 0.02315417435764121, 'RMSE': 0.040386728311784664}
[2026-06-14 11:39:31,043][finetune_logger][INFO] - Test metrics: {'MAE': 0.02315417435764121, 'RMSE': 0.040386728311784664}
2026-06-14 11:39:31 - finetune_logger - INFO - Test time: 98.60s
[2026-06-14 11:39:31,043][finetune_logger][INFO] - Test time: 98.60s
2026-06-14 11:39:31 - finetune_logger - INFO - Test memory reserved: 914.00 MB
[2026-06-14 11:39:31,044][finetune_logger][INFO] - Test memory reserved: 914.00 MB
2026-06-14 11:39:31 - finetune_logger - INFO - Test memory allocated: 46.09 MB
[2026-06-14 11:39:31,044][finetune_logger][INFO] - Test memory allocated: 46.09 MB
2026-06-14 11:39:31 - finetune_logger - INFO - Logged epoch test info to /public/home/202411094934/python_project/Spatio-Temporal-Library/time-series/2026-06-13/crossformer/pretrain10_finetune10/traffic/time-series/seed_1/training_log.json
[2026-06-14 11:39:31,047][finetune_logger][INFO] - Logged epoch test info to /public/home/202411094934/python_project/Spatio-Temporal-Library/time-series/2026-06-13/crossformer/pretrain10_finetune10/traffic/time-series/seed_1/training_log.json
