2026-06-19 22:05:13 - pretrain_logger - INFO - Model parameters: 733,890
[2026-06-19 22:05:13,369][pretrain_logger][INFO] - Model parameters: 733,890
2026-06-19 22:05:13 - pretrain_logger - INFO - Created new log file at /public/home/202411094934/python_project/Spatio-Temporal-Library/time-series/2026-06-19/patchtst/pretrain10/exchange_rate/time-series/seed_0/training_log.json
[2026-06-19 22:05:13,920][pretrain_logger][INFO] - Created new log file at /public/home/202411094934/python_project/Spatio-Temporal-Library/time-series/2026-06-19/patchtst/pretrain10/exchange_rate/time-series/seed_0/training_log.json
2026-06-19 22:05:13 - pretrain_logger - INFO - Starting JEPA pretraining...
[2026-06-19 22:05:13,920][pretrain_logger][INFO] - Starting JEPA pretraining...
2026-06-19 22:06:28 - pretrain_logger - INFO - [JEPA Pretrain] Epoch 1/10, loss=1.776255, time=74.62s
[2026-06-19 22:06:28,536][pretrain_logger][INFO] - [JEPA Pretrain] Epoch 1/10, loss=1.776255, time=74.62s
2026-06-19 22:06:28 - pretrain_logger - INFO - Pretrain loss: 1.7762551204761199
[2026-06-19 22:06:28,536][pretrain_logger][INFO] - Pretrain loss: 1.7762551204761199
2026-06-19 22:06:28 - pretrain_logger - INFO - Pretrain time: 74.61538100242615s
[2026-06-19 22:06:28,536][pretrain_logger][INFO] - Pretrain time: 74.61538100242615s
2026-06-19 22:06:28 - pretrain_logger - INFO - Pretrain memory reserved: 88.00 MB
[2026-06-19 22:06:28,536][pretrain_logger][INFO] - Pretrain memory reserved: 88.00 MB
2026-06-19 22:06:28 - pretrain_logger - INFO - Pretrain memory allocated: 19.67 MB
[2026-06-19 22:06:28,537][pretrain_logger][INFO] - Pretrain memory allocated: 19.67 MB
2026-06-19 22:06:28 - pretrain_logger - INFO - Current learning rate: 0.0005
[2026-06-19 22:06:28,537][pretrain_logger][INFO] - Current learning rate: 0.0005
2026-06-19 22:06:28 - pretrain_logger - INFO - Logged epoch Pretrain 1 info to /public/home/202411094934/python_project/Spatio-Temporal-Library/time-series/2026-06-19/patchtst/pretrain10/exchange_rate/time-series/seed_0/training_log.json
[2026-06-19 22:06:28,540][pretrain_logger][INFO] - Logged epoch Pretrain 1 info to /public/home/202411094934/python_project/Spatio-Temporal-Library/time-series/2026-06-19/patchtst/pretrain10/exchange_rate/time-series/seed_0/training_log.json
2026-06-19 22:07:42 - pretrain_logger - INFO - [JEPA Pretrain] Epoch 2/10, loss=0.883551, time=73.54s
[2026-06-19 22:07:42,081][pretrain_logger][INFO] - [JEPA Pretrain] Epoch 2/10, loss=0.883551, time=73.54s
2026-06-19 22:07:42 - pretrain_logger - INFO - Pretrain loss: 0.8835508906860118
[2026-06-19 22:07:42,100][pretrain_logger][INFO] - Pretrain loss: 0.8835508906860118
2026-06-19 22:07:42 - pretrain_logger - INFO - Pretrain time: 73.54119110107422s
[2026-06-19 22:07:42,101][pretrain_logger][INFO] - Pretrain time: 73.54119110107422s
2026-06-19 22:07:42 - pretrain_logger - INFO - Pretrain memory reserved: 88.00 MB
[2026-06-19 22:07:42,101][pretrain_logger][INFO] - Pretrain memory reserved: 88.00 MB
2026-06-19 22:07:42 - pretrain_logger - INFO - Pretrain memory allocated: 19.67 MB
[2026-06-19 22:07:42,101][pretrain_logger][INFO] - Pretrain memory allocated: 19.67 MB
2026-06-19 22:07:42 - pretrain_logger - INFO - Current learning rate: 0.0005
[2026-06-19 22:07:42,101][pretrain_logger][INFO] - Current learning rate: 0.0005
2026-06-19 22:07:42 - pretrain_logger - INFO - Logged epoch Pretrain 2 info to /public/home/202411094934/python_project/Spatio-Temporal-Library/time-series/2026-06-19/patchtst/pretrain10/exchange_rate/time-series/seed_0/training_log.json
[2026-06-19 22:07:42,104][pretrain_logger][INFO] - Logged epoch Pretrain 2 info to /public/home/202411094934/python_project/Spatio-Temporal-Library/time-series/2026-06-19/patchtst/pretrain10/exchange_rate/time-series/seed_0/training_log.json
2026-06-19 22:08:55 - pretrain_logger - INFO - [JEPA Pretrain] Epoch 3/10, loss=0.843014, time=73.61s
[2026-06-19 22:08:55,716][pretrain_logger][INFO] - [JEPA Pretrain] Epoch 3/10, loss=0.843014, time=73.61s
2026-06-19 22:08:55 - pretrain_logger - INFO - Pretrain loss: 0.8430137154823009
[2026-06-19 22:08:55,716][pretrain_logger][INFO] - Pretrain loss: 0.8430137154823009
2026-06-19 22:08:55 - pretrain_logger - INFO - Pretrain time: 73.61180973052979s
[2026-06-19 22:08:55,716][pretrain_logger][INFO] - Pretrain time: 73.61180973052979s
2026-06-19 22:08:55 - pretrain_logger - INFO - Pretrain memory reserved: 88.00 MB
[2026-06-19 22:08:55,716][pretrain_logger][INFO] - Pretrain memory reserved: 88.00 MB
2026-06-19 22:08:55 - pretrain_logger - INFO - Pretrain memory allocated: 19.67 MB
[2026-06-19 22:08:55,717][pretrain_logger][INFO] - Pretrain memory allocated: 19.67 MB
2026-06-19 22:08:55 - pretrain_logger - INFO - Current learning rate: 0.0005
[2026-06-19 22:08:55,717][pretrain_logger][INFO] - Current learning rate: 0.0005
2026-06-19 22:08:55 - pretrain_logger - INFO - Logged epoch Pretrain 3 info to /public/home/202411094934/python_project/Spatio-Temporal-Library/time-series/2026-06-19/patchtst/pretrain10/exchange_rate/time-series/seed_0/training_log.json
[2026-06-19 22:08:55,719][pretrain_logger][INFO] - Logged epoch Pretrain 3 info to /public/home/202411094934/python_project/Spatio-Temporal-Library/time-series/2026-06-19/patchtst/pretrain10/exchange_rate/time-series/seed_0/training_log.json
2026-06-19 22:10:09 - pretrain_logger - INFO - [JEPA Pretrain] Epoch 4/10, loss=0.955080, time=73.53s
[2026-06-19 22:10:09,247][pretrain_logger][INFO] - [JEPA Pretrain] Epoch 4/10, loss=0.955080, time=73.53s
2026-06-19 22:10:09 - pretrain_logger - INFO - Pretrain loss: 0.955079653147088
[2026-06-19 22:10:09,266][pretrain_logger][INFO] - Pretrain loss: 0.955079653147088
2026-06-19 22:10:09 - pretrain_logger - INFO - Pretrain time: 73.52765488624573s
[2026-06-19 22:10:09,266][pretrain_logger][INFO] - Pretrain time: 73.52765488624573s
2026-06-19 22:10:09 - pretrain_logger - INFO - Pretrain memory reserved: 88.00 MB
[2026-06-19 22:10:09,266][pretrain_logger][INFO] - Pretrain memory reserved: 88.00 MB
2026-06-19 22:10:09 - pretrain_logger - INFO - Pretrain memory allocated: 19.67 MB
[2026-06-19 22:10:09,266][pretrain_logger][INFO] - Pretrain memory allocated: 19.67 MB
2026-06-19 22:10:09 - pretrain_logger - INFO - Current learning rate: 0.0005
[2026-06-19 22:10:09,266][pretrain_logger][INFO] - Current learning rate: 0.0005
2026-06-19 22:10:09 - pretrain_logger - INFO - Logged epoch Pretrain 4 info to /public/home/202411094934/python_project/Spatio-Temporal-Library/time-series/2026-06-19/patchtst/pretrain10/exchange_rate/time-series/seed_0/training_log.json
[2026-06-19 22:10:09,269][pretrain_logger][INFO] - Logged epoch Pretrain 4 info to /public/home/202411094934/python_project/Spatio-Temporal-Library/time-series/2026-06-19/patchtst/pretrain10/exchange_rate/time-series/seed_0/training_log.json
2026-06-19 22:11:22 - pretrain_logger - INFO - [JEPA Pretrain] Epoch 5/10, loss=1.018089, time=73.52s
[2026-06-19 22:11:22,791][pretrain_logger][INFO] - [JEPA Pretrain] Epoch 5/10, loss=1.018089, time=73.52s
2026-06-19 22:11:22 - pretrain_logger - INFO - Pretrain loss: 1.0180888272986888
[2026-06-19 22:11:22,792][pretrain_logger][INFO] - Pretrain loss: 1.0180888272986888
2026-06-19 22:11:22 - pretrain_logger - INFO - Pretrain time: 73.52251839637756s
[2026-06-19 22:11:22,792][pretrain_logger][INFO] - Pretrain time: 73.52251839637756s
2026-06-19 22:11:22 - pretrain_logger - INFO - Pretrain memory reserved: 88.00 MB
[2026-06-19 22:11:22,792][pretrain_logger][INFO] - Pretrain memory reserved: 88.00 MB
2026-06-19 22:11:22 - pretrain_logger - INFO - Pretrain memory allocated: 19.67 MB
[2026-06-19 22:11:22,792][pretrain_logger][INFO] - Pretrain memory allocated: 19.67 MB
2026-06-19 22:11:22 - pretrain_logger - INFO - Current learning rate: 0.0005
[2026-06-19 22:11:22,793][pretrain_logger][INFO] - Current learning rate: 0.0005
2026-06-19 22:11:22 - pretrain_logger - INFO - Logged epoch Pretrain 5 info to /public/home/202411094934/python_project/Spatio-Temporal-Library/time-series/2026-06-19/patchtst/pretrain10/exchange_rate/time-series/seed_0/training_log.json
[2026-06-19 22:11:22,796][pretrain_logger][INFO] - Logged epoch Pretrain 5 info to /public/home/202411094934/python_project/Spatio-Temporal-Library/time-series/2026-06-19/patchtst/pretrain10/exchange_rate/time-series/seed_0/training_log.json
2026-06-19 22:12:36 - pretrain_logger - INFO - [JEPA Pretrain] Epoch 6/10, loss=1.102216, time=73.57s
[2026-06-19 22:12:36,369][pretrain_logger][INFO] - [JEPA Pretrain] Epoch 6/10, loss=1.102216, time=73.57s
2026-06-19 22:12:36 - pretrain_logger - INFO - Pretrain loss: 1.1022158624439322
[2026-06-19 22:12:36,387][pretrain_logger][INFO] - Pretrain loss: 1.1022158624439322
2026-06-19 22:12:36 - pretrain_logger - INFO - Pretrain time: 73.5730664730072s
[2026-06-19 22:12:36,387][pretrain_logger][INFO] - Pretrain time: 73.5730664730072s
2026-06-19 22:12:36 - pretrain_logger - INFO - Pretrain memory reserved: 88.00 MB
[2026-06-19 22:12:36,388][pretrain_logger][INFO] - Pretrain memory reserved: 88.00 MB
2026-06-19 22:12:36 - pretrain_logger - INFO - Pretrain memory allocated: 19.67 MB
[2026-06-19 22:12:36,388][pretrain_logger][INFO] - Pretrain memory allocated: 19.67 MB
2026-06-19 22:12:36 - pretrain_logger - INFO - Current learning rate: 0.0005
[2026-06-19 22:12:36,388][pretrain_logger][INFO] - Current learning rate: 0.0005
2026-06-19 22:12:36 - pretrain_logger - INFO - Logged epoch Pretrain 6 info to /public/home/202411094934/python_project/Spatio-Temporal-Library/time-series/2026-06-19/patchtst/pretrain10/exchange_rate/time-series/seed_0/training_log.json
[2026-06-19 22:12:36,390][pretrain_logger][INFO] - Logged epoch Pretrain 6 info to /public/home/202411094934/python_project/Spatio-Temporal-Library/time-series/2026-06-19/patchtst/pretrain10/exchange_rate/time-series/seed_0/training_log.json
2026-06-19 22:13:49 - pretrain_logger - INFO - [JEPA Pretrain] Epoch 7/10, loss=1.467107, time=73.32s
[2026-06-19 22:13:49,712][pretrain_logger][INFO] - [JEPA Pretrain] Epoch 7/10, loss=1.467107, time=73.32s
2026-06-19 22:13:49 - pretrain_logger - INFO - Pretrain loss: 1.4671067794714125
[2026-06-19 22:13:49,713][pretrain_logger][INFO] - Pretrain loss: 1.4671067794714125
2026-06-19 22:13:49 - pretrain_logger - INFO - Pretrain time: 73.32172799110413s
[2026-06-19 22:13:49,713][pretrain_logger][INFO] - Pretrain time: 73.32172799110413s
2026-06-19 22:13:49 - pretrain_logger - INFO - Pretrain memory reserved: 88.00 MB
[2026-06-19 22:13:49,713][pretrain_logger][INFO] - Pretrain memory reserved: 88.00 MB
2026-06-19 22:13:49 - pretrain_logger - INFO - Pretrain memory allocated: 19.67 MB
[2026-06-19 22:13:49,713][pretrain_logger][INFO] - Pretrain memory allocated: 19.67 MB
2026-06-19 22:13:49 - pretrain_logger - INFO - Current learning rate: 0.0005
[2026-06-19 22:13:49,713][pretrain_logger][INFO] - Current learning rate: 0.0005
2026-06-19 22:13:49 - pretrain_logger - INFO - Logged epoch Pretrain 7 info to /public/home/202411094934/python_project/Spatio-Temporal-Library/time-series/2026-06-19/patchtst/pretrain10/exchange_rate/time-series/seed_0/training_log.json
[2026-06-19 22:13:49,717][pretrain_logger][INFO] - Logged epoch Pretrain 7 info to /public/home/202411094934/python_project/Spatio-Temporal-Library/time-series/2026-06-19/patchtst/pretrain10/exchange_rate/time-series/seed_0/training_log.json
2026-06-19 22:15:03 - pretrain_logger - INFO - [JEPA Pretrain] Epoch 8/10, loss=1.644931, time=73.39s
[2026-06-19 22:15:03,105][pretrain_logger][INFO] - [JEPA Pretrain] Epoch 8/10, loss=1.644931, time=73.39s
2026-06-19 22:15:03 - pretrain_logger - INFO - Pretrain loss: 1.6449314454169544
[2026-06-19 22:15:03,123][pretrain_logger][INFO] - Pretrain loss: 1.6449314454169544
2026-06-19 22:15:03 - pretrain_logger - INFO - Pretrain time: 73.38825464248657s
[2026-06-19 22:15:03,123][pretrain_logger][INFO] - Pretrain time: 73.38825464248657s
2026-06-19 22:15:03 - pretrain_logger - INFO - Pretrain memory reserved: 88.00 MB
[2026-06-19 22:15:03,124][pretrain_logger][INFO] - Pretrain memory reserved: 88.00 MB
2026-06-19 22:15:03 - pretrain_logger - INFO - Pretrain memory allocated: 19.67 MB
[2026-06-19 22:15:03,124][pretrain_logger][INFO] - Pretrain memory allocated: 19.67 MB
2026-06-19 22:15:03 - pretrain_logger - INFO - Current learning rate: 0.0005
[2026-06-19 22:15:03,124][pretrain_logger][INFO] - Current learning rate: 0.0005
2026-06-19 22:15:03 - pretrain_logger - INFO - Logged epoch Pretrain 8 info to /public/home/202411094934/python_project/Spatio-Temporal-Library/time-series/2026-06-19/patchtst/pretrain10/exchange_rate/time-series/seed_0/training_log.json
[2026-06-19 22:15:03,127][pretrain_logger][INFO] - Logged epoch Pretrain 8 info to /public/home/202411094934/python_project/Spatio-Temporal-Library/time-series/2026-06-19/patchtst/pretrain10/exchange_rate/time-series/seed_0/training_log.json
2026-06-19 22:16:16 - pretrain_logger - INFO - [JEPA Pretrain] Epoch 9/10, loss=1.597659, time=73.52s
[2026-06-19 22:16:16,651][pretrain_logger][INFO] - [JEPA Pretrain] Epoch 9/10, loss=1.597659, time=73.52s
2026-06-19 22:16:16 - pretrain_logger - INFO - Pretrain loss: 1.5976594832690436
[2026-06-19 22:16:16,652][pretrain_logger][INFO] - Pretrain loss: 1.5976594832690436
2026-06-19 22:16:16 - pretrain_logger - INFO - Pretrain time: 73.52428460121155s
[2026-06-19 22:16:16,652][pretrain_logger][INFO] - Pretrain time: 73.52428460121155s
2026-06-19 22:16:16 - pretrain_logger - INFO - Pretrain memory reserved: 88.00 MB
[2026-06-19 22:16:16,652][pretrain_logger][INFO] - Pretrain memory reserved: 88.00 MB
2026-06-19 22:16:16 - pretrain_logger - INFO - Pretrain memory allocated: 19.67 MB
[2026-06-19 22:16:16,652][pretrain_logger][INFO] - Pretrain memory allocated: 19.67 MB
2026-06-19 22:16:16 - pretrain_logger - INFO - Current learning rate: 0.0005
[2026-06-19 22:16:16,652][pretrain_logger][INFO] - Current learning rate: 0.0005
2026-06-19 22:16:16 - pretrain_logger - INFO - Logged epoch Pretrain 9 info to /public/home/202411094934/python_project/Spatio-Temporal-Library/time-series/2026-06-19/patchtst/pretrain10/exchange_rate/time-series/seed_0/training_log.json
[2026-06-19 22:16:16,655][pretrain_logger][INFO] - Logged epoch Pretrain 9 info to /public/home/202411094934/python_project/Spatio-Temporal-Library/time-series/2026-06-19/patchtst/pretrain10/exchange_rate/time-series/seed_0/training_log.json
2026-06-19 22:17:29 - pretrain_logger - INFO - [JEPA Pretrain] Epoch 10/10, loss=1.603834, time=73.25s
[2026-06-19 22:17:29,906][pretrain_logger][INFO] - [JEPA Pretrain] Epoch 10/10, loss=1.603834, time=73.25s
2026-06-19 22:17:29 - pretrain_logger - INFO - Pretrain loss: 1.603833617760404
[2026-06-19 22:17:29,925][pretrain_logger][INFO] - Pretrain loss: 1.603833617760404
2026-06-19 22:17:29 - pretrain_logger - INFO - Pretrain time: 73.25115871429443s
[2026-06-19 22:17:29,925][pretrain_logger][INFO] - Pretrain time: 73.25115871429443s
2026-06-19 22:17:29 - pretrain_logger - INFO - Pretrain memory reserved: 88.00 MB
[2026-06-19 22:17:29,925][pretrain_logger][INFO] - Pretrain memory reserved: 88.00 MB
2026-06-19 22:17:29 - pretrain_logger - INFO - Pretrain memory allocated: 19.67 MB
[2026-06-19 22:17:29,925][pretrain_logger][INFO] - Pretrain memory allocated: 19.67 MB
2026-06-19 22:17:29 - pretrain_logger - INFO - Current learning rate: 0.0005
[2026-06-19 22:17:29,925][pretrain_logger][INFO] - Current learning rate: 0.0005
2026-06-19 22:17:29 - pretrain_logger - INFO - Logged epoch Pretrain 10 info to /public/home/202411094934/python_project/Spatio-Temporal-Library/time-series/2026-06-19/patchtst/pretrain10/exchange_rate/time-series/seed_0/training_log.json
[2026-06-19 22:17:29,928][pretrain_logger][INFO] - Logged epoch Pretrain 10 info to /public/home/202411094934/python_project/Spatio-Temporal-Library/time-series/2026-06-19/patchtst/pretrain10/exchange_rate/time-series/seed_0/training_log.json
2026-06-19 22:17:29 - pretrain_logger - INFO - JEPA pretraining completed.
[2026-06-19 22:17:29,929][pretrain_logger][INFO] - JEPA pretraining completed.
