2026-06-14 09:28:42 - finetune_logger - INFO - No pretrained checkpoint is provided. Finetuning from scratch.
[2026-06-14 09:28:42,427][finetune_logger][INFO] - No pretrained checkpoint is provided. Finetuning from scratch.
2026-06-14 09:28:42 - finetune_logger - INFO - Model parameters: 824,672
[2026-06-14 09:28:42,437][finetune_logger][INFO] - Model parameters: 824,672
2026-06-14 09:28:42 - finetune_logger - INFO - Created new log file at /public/home/202411094934/python_project/Spatio-Temporal-Library/time-series/2026-06-13/crossformer/finetune20/ettm1/time-series/seed_2/training_log.json
[2026-06-14 09:28:42,440][finetune_logger][INFO] - Created new log file at /public/home/202411094934/python_project/Spatio-Temporal-Library/time-series/2026-06-13/crossformer/finetune20/ettm1/time-series/seed_2/training_log.json
2026-06-14 09:28:42 - finetune_logger - INFO - Starting training...
[2026-06-14 09:28:42,440][finetune_logger][INFO] - Starting training...
2026-06-14 09:28:42 - finetune_logger - INFO - Epoch 1/20
[2026-06-14 09:28:42,440][finetune_logger][INFO] - Epoch 1/20
2026-06-14 10:06:04 - finetune_logger - INFO - Train loss: 1.301788966112052
[2026-06-14 10:06:04,406][finetune_logger][INFO] - Train loss: 1.301788966112052
2026-06-14 10:06:04 - finetune_logger - INFO - Train time: 2241.9650599956512s
[2026-06-14 10:06:04,407][finetune_logger][INFO] - Train time: 2241.9650599956512s
2026-06-14 10:06:04 - finetune_logger - INFO - Train memory reserved: 42.00 MB
[2026-06-14 10:06:04,407][finetune_logger][INFO] - Train memory reserved: 42.00 MB
2026-06-14 10:06:04 - finetune_logger - INFO - Train memory allocated: 25.85 MB
[2026-06-14 10:06:04,407][finetune_logger][INFO] - Train memory allocated: 25.85 MB
2026-06-14 10:06:04 - finetune_logger - INFO - Current learning rate: 0.0005
[2026-06-14 10:06:04,407][finetune_logger][INFO] - Current learning rate: 0.0005
2026-06-14 10:09:49 - finetune_logger - INFO - Validation metrics: {'MAE': 1.455761001129122, 'RMSE': 2.4045997148876794}
[2026-06-14 10:09:49,713][finetune_logger][INFO] - Validation metrics: {'MAE': 1.455761001129122, 'RMSE': 2.4045997148876794}
2026-06-14 10:09:49 - finetune_logger - INFO - Val time: 225.31s
[2026-06-14 10:09:49,713][finetune_logger][INFO] - Val time: 225.31s
2026-06-14 10:09:49 - finetune_logger - INFO - Val memory reserved: 42.00 MB
[2026-06-14 10:09:49,713][finetune_logger][INFO] - Val memory reserved: 42.00 MB
2026-06-14 10:09:49 - finetune_logger - INFO - Val memory allocated: 25.85 MB
[2026-06-14 10:09:49,713][finetune_logger][INFO] - Val memory allocated: 25.85 MB
2026-06-14 10:09:49 - finetune_logger - INFO - Logged epoch 1 info to /public/home/202411094934/python_project/Spatio-Temporal-Library/time-series/2026-06-13/crossformer/finetune20/ettm1/time-series/seed_2/training_log.json
[2026-06-14 10:09:49,717][finetune_logger][INFO] - Logged epoch 1 info to /public/home/202411094934/python_project/Spatio-Temporal-Library/time-series/2026-06-13/crossformer/finetune20/ettm1/time-series/seed_2/training_log.json
2026-06-14 10:09:49 - finetune_logger - INFO - New best model! Val loss: 1.455761
[2026-06-14 10:09:49,717][finetune_logger][INFO] - New best model! Val loss: 1.455761
2026-06-14 10:13:35 - finetune_logger - INFO - Test metrics: {'MAE': 1.2869412876053776, 'RMSE': 2.4048243184222993}
[2026-06-14 10:13:35,280][finetune_logger][INFO] - Test metrics: {'MAE': 1.2869412876053776, 'RMSE': 2.4048243184222993}
2026-06-14 10:13:35 - finetune_logger - INFO - Test time: 225.36s
[2026-06-14 10:13:35,281][finetune_logger][INFO] - Test time: 225.36s
2026-06-14 10:13:35 - finetune_logger - INFO - Test memory reserved: 42.00 MB
[2026-06-14 10:13:35,281][finetune_logger][INFO] - Test memory reserved: 42.00 MB
2026-06-14 10:13:35 - finetune_logger - INFO - Test memory allocated: 25.85 MB
[2026-06-14 10:13:35,281][finetune_logger][INFO] - Test memory allocated: 25.85 MB
2026-06-14 10:13:35 - finetune_logger - INFO - Epoch 2/20
[2026-06-14 10:13:35,281][finetune_logger][INFO] - Epoch 2/20
2026-06-14 10:51:01 - finetune_logger - INFO - Train loss: 1.1665477041017738
[2026-06-14 10:51:01,734][finetune_logger][INFO] - Train loss: 1.1665477041017738
2026-06-14 10:51:01 - finetune_logger - INFO - Train time: 2246.45210981369s
[2026-06-14 10:51:01,734][finetune_logger][INFO] - Train time: 2246.45210981369s
2026-06-14 10:51:01 - finetune_logger - INFO - Train memory reserved: 42.00 MB
[2026-06-14 10:51:01,735][finetune_logger][INFO] - Train memory reserved: 42.00 MB
2026-06-14 10:51:01 - finetune_logger - INFO - Train memory allocated: 25.85 MB
[2026-06-14 10:51:01,735][finetune_logger][INFO] - Train memory allocated: 25.85 MB
2026-06-14 10:51:01 - finetune_logger - INFO - Current learning rate: 0.0005
[2026-06-14 10:51:01,735][finetune_logger][INFO] - Current learning rate: 0.0005
2026-06-14 10:54:48 - finetune_logger - INFO - Validation metrics: {'MAE': 1.4153689381074164, 'RMSE': 2.3431446722068965}
[2026-06-14 10:54:48,169][finetune_logger][INFO] - Validation metrics: {'MAE': 1.4153689381074164, 'RMSE': 2.3431446722068965}
2026-06-14 10:54:48 - finetune_logger - INFO - Val time: 226.43s
[2026-06-14 10:54:48,170][finetune_logger][INFO] - Val time: 226.43s
2026-06-14 10:54:48 - finetune_logger - INFO - Val memory reserved: 42.00 MB
[2026-06-14 10:54:48,170][finetune_logger][INFO] - Val memory reserved: 42.00 MB
2026-06-14 10:54:48 - finetune_logger - INFO - Val memory allocated: 25.85 MB
[2026-06-14 10:54:48,170][finetune_logger][INFO] - Val memory allocated: 25.85 MB
2026-06-14 10:54:48 - finetune_logger - INFO - Logged epoch 2 info to /public/home/202411094934/python_project/Spatio-Temporal-Library/time-series/2026-06-13/crossformer/finetune20/ettm1/time-series/seed_2/training_log.json
[2026-06-14 10:54:48,173][finetune_logger][INFO] - Logged epoch 2 info to /public/home/202411094934/python_project/Spatio-Temporal-Library/time-series/2026-06-13/crossformer/finetune20/ettm1/time-series/seed_2/training_log.json
2026-06-14 10:54:48 - finetune_logger - INFO - New best model! Val loss: 1.415369
[2026-06-14 10:54:48,173][finetune_logger][INFO] - New best model! Val loss: 1.415369
2026-06-14 10:58:34 - finetune_logger - INFO - Test metrics: {'MAE': 1.2547177266952971, 'RMSE': 2.3533481221330117}
[2026-06-14 10:58:34,928][finetune_logger][INFO] - Test metrics: {'MAE': 1.2547177266952971, 'RMSE': 2.3533481221330117}
2026-06-14 10:58:34 - finetune_logger - INFO - Test time: 226.55s
[2026-06-14 10:58:34,929][finetune_logger][INFO] - Test time: 226.55s
2026-06-14 10:58:34 - finetune_logger - INFO - Test memory reserved: 42.00 MB
[2026-06-14 10:58:34,929][finetune_logger][INFO] - Test memory reserved: 42.00 MB
2026-06-14 10:58:34 - finetune_logger - INFO - Test memory allocated: 25.85 MB
[2026-06-14 10:58:34,929][finetune_logger][INFO] - Test memory allocated: 25.85 MB
2026-06-14 10:58:34 - finetune_logger - INFO - Epoch 3/20
[2026-06-14 10:58:34,929][finetune_logger][INFO] - Epoch 3/20
2026-06-14 11:35:59 - finetune_logger - INFO - Train loss: 1.122064147318185
[2026-06-14 11:35:59,972][finetune_logger][INFO] - Train loss: 1.122064147318185
2026-06-14 11:35:59 - finetune_logger - INFO - Train time: 2245.0419132709503s
[2026-06-14 11:35:59,972][finetune_logger][INFO] - Train time: 2245.0419132709503s
2026-06-14 11:35:59 - finetune_logger - INFO - Train memory reserved: 42.00 MB
[2026-06-14 11:35:59,972][finetune_logger][INFO] - Train memory reserved: 42.00 MB
2026-06-14 11:35:59 - finetune_logger - INFO - Train memory allocated: 25.85 MB
[2026-06-14 11:35:59,972][finetune_logger][INFO] - Train memory allocated: 25.85 MB
2026-06-14 11:35:59 - finetune_logger - INFO - Current learning rate: 0.0005
[2026-06-14 11:35:59,972][finetune_logger][INFO] - Current learning rate: 0.0005
2026-06-14 11:39:45 - finetune_logger - INFO - Validation metrics: {'MAE': 1.420365446591668, 'RMSE': 2.347278212284019}
[2026-06-14 11:39:45,978][finetune_logger][INFO] - Validation metrics: {'MAE': 1.420365446591668, 'RMSE': 2.347278212284019}
2026-06-14 11:39:45 - finetune_logger - INFO - Val time: 226.01s
[2026-06-14 11:39:45,978][finetune_logger][INFO] - Val time: 226.01s
2026-06-14 11:39:45 - finetune_logger - INFO - Val memory reserved: 42.00 MB
[2026-06-14 11:39:45,978][finetune_logger][INFO] - Val memory reserved: 42.00 MB
2026-06-14 11:39:45 - finetune_logger - INFO - Val memory allocated: 25.85 MB
[2026-06-14 11:39:45,979][finetune_logger][INFO] - Val memory allocated: 25.85 MB
2026-06-14 11:39:45 - finetune_logger - INFO - Logged epoch 3 info to /public/home/202411094934/python_project/Spatio-Temporal-Library/time-series/2026-06-13/crossformer/finetune20/ettm1/time-series/seed_2/training_log.json
[2026-06-14 11:39:45,981][finetune_logger][INFO] - Logged epoch 3 info to /public/home/202411094934/python_project/Spatio-Temporal-Library/time-series/2026-06-13/crossformer/finetune20/ettm1/time-series/seed_2/training_log.json
2026-06-14 11:43:32 - finetune_logger - INFO - Test metrics: {'MAE': 1.2485139200542485, 'RMSE': 2.366237587808126}
[2026-06-14 11:43:32,491][finetune_logger][INFO] - Test metrics: {'MAE': 1.2485139200542485, 'RMSE': 2.366237587808126}
2026-06-14 11:43:32 - finetune_logger - INFO - Test time: 226.51s
[2026-06-14 11:43:32,491][finetune_logger][INFO] - Test time: 226.51s
2026-06-14 11:43:32 - finetune_logger - INFO - Test memory reserved: 42.00 MB
[2026-06-14 11:43:32,491][finetune_logger][INFO] - Test memory reserved: 42.00 MB
2026-06-14 11:43:32 - finetune_logger - INFO - Test memory allocated: 25.85 MB
[2026-06-14 11:43:32,491][finetune_logger][INFO] - Test memory allocated: 25.85 MB
2026-06-14 11:43:32 - finetune_logger - INFO - Epoch 4/20
[2026-06-14 11:43:32,491][finetune_logger][INFO] - Epoch 4/20
2026-06-14 12:20:58 - finetune_logger - INFO - Train loss: 1.0797692916480532
[2026-06-14 12:20:58,543][finetune_logger][INFO] - Train loss: 1.0797692916480532
2026-06-14 12:20:58 - finetune_logger - INFO - Train time: 2246.0507237911224s
[2026-06-14 12:20:58,543][finetune_logger][INFO] - Train time: 2246.0507237911224s
2026-06-14 12:20:58 - finetune_logger - INFO - Train memory reserved: 42.00 MB
[2026-06-14 12:20:58,543][finetune_logger][INFO] - Train memory reserved: 42.00 MB
2026-06-14 12:20:58 - finetune_logger - INFO - Train memory allocated: 25.85 MB
[2026-06-14 12:20:58,543][finetune_logger][INFO] - Train memory allocated: 25.85 MB
2026-06-14 12:20:58 - finetune_logger - INFO - Current learning rate: 0.0005
[2026-06-14 12:20:58,543][finetune_logger][INFO] - Current learning rate: 0.0005
2026-06-14 12:24:45 - finetune_logger - INFO - Validation metrics: {'MAE': 1.498859797828836, 'RMSE': 2.486620656485243}
[2026-06-14 12:24:45,141][finetune_logger][INFO] - Validation metrics: {'MAE': 1.498859797828836, 'RMSE': 2.486620656485243}
2026-06-14 12:24:45 - finetune_logger - INFO - Val time: 226.60s
[2026-06-14 12:24:45,141][finetune_logger][INFO] - Val time: 226.60s
2026-06-14 12:24:45 - finetune_logger - INFO - Val memory reserved: 42.00 MB
[2026-06-14 12:24:45,141][finetune_logger][INFO] - Val memory reserved: 42.00 MB
2026-06-14 12:24:45 - finetune_logger - INFO - Val memory allocated: 25.85 MB
[2026-06-14 12:24:45,142][finetune_logger][INFO] - Val memory allocated: 25.85 MB
2026-06-14 12:24:45 - finetune_logger - INFO - Logged epoch 4 info to /public/home/202411094934/python_project/Spatio-Temporal-Library/time-series/2026-06-13/crossformer/finetune20/ettm1/time-series/seed_2/training_log.json
[2026-06-14 12:24:45,144][finetune_logger][INFO] - Logged epoch 4 info to /public/home/202411094934/python_project/Spatio-Temporal-Library/time-series/2026-06-13/crossformer/finetune20/ettm1/time-series/seed_2/training_log.json
2026-06-14 12:28:31 - finetune_logger - INFO - Test metrics: {'MAE': 1.3532705643893432, 'RMSE': 2.556843135825701}
[2026-06-14 12:28:31,623][finetune_logger][INFO] - Test metrics: {'MAE': 1.3532705643893432, 'RMSE': 2.556843135825701}
2026-06-14 12:28:31 - finetune_logger - INFO - Test time: 226.48s
[2026-06-14 12:28:31,623][finetune_logger][INFO] - Test time: 226.48s
2026-06-14 12:28:31 - finetune_logger - INFO - Test memory reserved: 42.00 MB
[2026-06-14 12:28:31,623][finetune_logger][INFO] - Test memory reserved: 42.00 MB
2026-06-14 12:28:31 - finetune_logger - INFO - Test memory allocated: 25.85 MB
[2026-06-14 12:28:31,623][finetune_logger][INFO] - Test memory allocated: 25.85 MB
2026-06-14 12:28:31 - finetune_logger - INFO - Epoch 5/20
[2026-06-14 12:28:31,623][finetune_logger][INFO] - Epoch 5/20
2026-06-14 13:05:57 - finetune_logger - INFO - Train loss: 1.0387472824484978
[2026-06-14 13:05:57,516][finetune_logger][INFO] - Train loss: 1.0387472824484978
2026-06-14 13:05:57 - finetune_logger - INFO - Train time: 2245.891834259033s
[2026-06-14 13:05:57,516][finetune_logger][INFO] - Train time: 2245.891834259033s
2026-06-14 13:05:57 - finetune_logger - INFO - Train memory reserved: 42.00 MB
[2026-06-14 13:05:57,516][finetune_logger][INFO] - Train memory reserved: 42.00 MB
2026-06-14 13:05:57 - finetune_logger - INFO - Train memory allocated: 25.85 MB
[2026-06-14 13:05:57,517][finetune_logger][INFO] - Train memory allocated: 25.85 MB
2026-06-14 13:05:57 - finetune_logger - INFO - Current learning rate: 0.0005
[2026-06-14 13:05:57,517][finetune_logger][INFO] - Current learning rate: 0.0005
2026-06-14 13:09:43 - finetune_logger - INFO - Validation metrics: {'MAE': 1.4669498371644152, 'RMSE': 2.446195153088437}
[2026-06-14 13:09:43,896][finetune_logger][INFO] - Validation metrics: {'MAE': 1.4669498371644152, 'RMSE': 2.446195153088437}
2026-06-14 13:09:43 - finetune_logger - INFO - Val time: 226.38s
[2026-06-14 13:09:43,896][finetune_logger][INFO] - Val time: 226.38s
2026-06-14 13:09:43 - finetune_logger - INFO - Val memory reserved: 42.00 MB
[2026-06-14 13:09:43,896][finetune_logger][INFO] - Val memory reserved: 42.00 MB
2026-06-14 13:09:43 - finetune_logger - INFO - Val memory allocated: 25.85 MB
[2026-06-14 13:09:43,897][finetune_logger][INFO] - Val memory allocated: 25.85 MB
2026-06-14 13:09:43 - finetune_logger - INFO - Logged epoch 5 info to /public/home/202411094934/python_project/Spatio-Temporal-Library/time-series/2026-06-13/crossformer/finetune20/ettm1/time-series/seed_2/training_log.json
[2026-06-14 13:09:43,899][finetune_logger][INFO] - Logged epoch 5 info to /public/home/202411094934/python_project/Spatio-Temporal-Library/time-series/2026-06-13/crossformer/finetune20/ettm1/time-series/seed_2/training_log.json
2026-06-14 13:13:29 - finetune_logger - INFO - Test metrics: {'MAE': 1.3398119772903903, 'RMSE': 2.543795222036044}
[2026-06-14 13:13:29,928][finetune_logger][INFO] - Test metrics: {'MAE': 1.3398119772903903, 'RMSE': 2.543795222036044}
2026-06-14 13:13:29 - finetune_logger - INFO - Test time: 226.03s
[2026-06-14 13:13:29,928][finetune_logger][INFO] - Test time: 226.03s
2026-06-14 13:13:29 - finetune_logger - INFO - Test memory reserved: 42.00 MB
[2026-06-14 13:13:29,928][finetune_logger][INFO] - Test memory reserved: 42.00 MB
2026-06-14 13:13:29 - finetune_logger - INFO - Test memory allocated: 25.85 MB
[2026-06-14 13:13:29,928][finetune_logger][INFO] - Test memory allocated: 25.85 MB
2026-06-14 13:13:29 - finetune_logger - INFO - Epoch 6/20
[2026-06-14 13:13:29,929][finetune_logger][INFO] - Epoch 6/20
2026-06-14 13:50:50 - finetune_logger - INFO - Train loss: 0.9923405917092938
[2026-06-14 13:50:50,542][finetune_logger][INFO] - Train loss: 0.9923405917092938
2026-06-14 13:50:50 - finetune_logger - INFO - Train time: 2240.6129398345947s
[2026-06-14 13:50:50,543][finetune_logger][INFO] - Train time: 2240.6129398345947s
2026-06-14 13:50:50 - finetune_logger - INFO - Train memory reserved: 42.00 MB
[2026-06-14 13:50:50,543][finetune_logger][INFO] - Train memory reserved: 42.00 MB
2026-06-14 13:50:50 - finetune_logger - INFO - Train memory allocated: 25.85 MB
[2026-06-14 13:50:50,543][finetune_logger][INFO] - Train memory allocated: 25.85 MB
2026-06-14 13:50:50 - finetune_logger - INFO - Current learning rate: 0.0005
[2026-06-14 13:50:50,543][finetune_logger][INFO] - Current learning rate: 0.0005
2026-06-14 13:54:36 - finetune_logger - INFO - Validation metrics: {'MAE': 1.5662337037334972, 'RMSE': 2.5989297628878885}
[2026-06-14 13:54:36,766][finetune_logger][INFO] - Validation metrics: {'MAE': 1.5662337037334972, 'RMSE': 2.5989297628878885}
2026-06-14 13:54:36 - finetune_logger - INFO - Val time: 226.22s
[2026-06-14 13:54:36,766][finetune_logger][INFO] - Val time: 226.22s
2026-06-14 13:54:36 - finetune_logger - INFO - Val memory reserved: 42.00 MB
[2026-06-14 13:54:36,766][finetune_logger][INFO] - Val memory reserved: 42.00 MB
2026-06-14 13:54:36 - finetune_logger - INFO - Val memory allocated: 25.85 MB
[2026-06-14 13:54:36,767][finetune_logger][INFO] - Val memory allocated: 25.85 MB
2026-06-14 13:54:36 - finetune_logger - INFO - Logged epoch 6 info to /public/home/202411094934/python_project/Spatio-Temporal-Library/time-series/2026-06-13/crossformer/finetune20/ettm1/time-series/seed_2/training_log.json
[2026-06-14 13:54:36,769][finetune_logger][INFO] - Logged epoch 6 info to /public/home/202411094934/python_project/Spatio-Temporal-Library/time-series/2026-06-13/crossformer/finetune20/ettm1/time-series/seed_2/training_log.json
2026-06-14 13:58:23 - finetune_logger - INFO - Test metrics: {'MAE': 1.4502955604065193, 'RMSE': 2.6983950150790776}
[2026-06-14 13:58:23,244][finetune_logger][INFO] - Test metrics: {'MAE': 1.4502955604065193, 'RMSE': 2.6983950150790776}
2026-06-14 13:58:23 - finetune_logger - INFO - Test time: 226.47s
[2026-06-14 13:58:23,245][finetune_logger][INFO] - Test time: 226.47s
2026-06-14 13:58:23 - finetune_logger - INFO - Test memory reserved: 42.00 MB
[2026-06-14 13:58:23,245][finetune_logger][INFO] - Test memory reserved: 42.00 MB
2026-06-14 13:58:23 - finetune_logger - INFO - Test memory allocated: 25.85 MB
[2026-06-14 13:58:23,245][finetune_logger][INFO] - Test memory allocated: 25.85 MB
2026-06-14 13:58:23 - finetune_logger - INFO - Epoch 7/20
[2026-06-14 13:58:23,245][finetune_logger][INFO] - Epoch 7/20
2026-06-14 14:35:42 - finetune_logger - INFO - Train loss: 0.9472155913252209
[2026-06-14 14:35:42,673][finetune_logger][INFO] - Train loss: 0.9472155913252209
2026-06-14 14:35:42 - finetune_logger - INFO - Train time: 2239.42676115036s
[2026-06-14 14:35:42,673][finetune_logger][INFO] - Train time: 2239.42676115036s
2026-06-14 14:35:42 - finetune_logger - INFO - Train memory reserved: 42.00 MB
[2026-06-14 14:35:42,673][finetune_logger][INFO] - Train memory reserved: 42.00 MB
2026-06-14 14:35:42 - finetune_logger - INFO - Train memory allocated: 25.85 MB
[2026-06-14 14:35:42,673][finetune_logger][INFO] - Train memory allocated: 25.85 MB
2026-06-14 14:35:42 - finetune_logger - INFO - Current learning rate: 0.0005
[2026-06-14 14:35:42,673][finetune_logger][INFO] - Current learning rate: 0.0005
2026-06-14 14:39:29 - finetune_logger - INFO - Validation metrics: {'MAE': 1.4937516579615397, 'RMSE': 2.515682175277971}
[2026-06-14 14:39:29,410][finetune_logger][INFO] - Validation metrics: {'MAE': 1.4937516579615397, 'RMSE': 2.515682175277971}
2026-06-14 14:39:29 - finetune_logger - INFO - Val time: 226.74s
[2026-06-14 14:39:29,410][finetune_logger][INFO] - Val time: 226.74s
2026-06-14 14:39:29 - finetune_logger - INFO - Val memory reserved: 42.00 MB
[2026-06-14 14:39:29,410][finetune_logger][INFO] - Val memory reserved: 42.00 MB
2026-06-14 14:39:29 - finetune_logger - INFO - Val memory allocated: 25.85 MB
[2026-06-14 14:39:29,410][finetune_logger][INFO] - Val memory allocated: 25.85 MB
2026-06-14 14:39:29 - finetune_logger - INFO - Logged epoch 7 info to /public/home/202411094934/python_project/Spatio-Temporal-Library/time-series/2026-06-13/crossformer/finetune20/ettm1/time-series/seed_2/training_log.json
[2026-06-14 14:39:29,413][finetune_logger][INFO] - Logged epoch 7 info to /public/home/202411094934/python_project/Spatio-Temporal-Library/time-series/2026-06-13/crossformer/finetune20/ettm1/time-series/seed_2/training_log.json
2026-06-14 14:43:16 - finetune_logger - INFO - Test metrics: {'MAE': 1.3582857039839409, 'RMSE': 2.564663655034077}
[2026-06-14 14:43:16,279][finetune_logger][INFO] - Test metrics: {'MAE': 1.3582857039839409, 'RMSE': 2.564663655034077}
2026-06-14 14:43:16 - finetune_logger - INFO - Test time: 226.87s
[2026-06-14 14:43:16,279][finetune_logger][INFO] - Test time: 226.87s
2026-06-14 14:43:16 - finetune_logger - INFO - Test memory reserved: 42.00 MB
[2026-06-14 14:43:16,280][finetune_logger][INFO] - Test memory reserved: 42.00 MB
2026-06-14 14:43:16 - finetune_logger - INFO - Test memory allocated: 25.85 MB
[2026-06-14 14:43:16,280][finetune_logger][INFO] - Test memory allocated: 25.85 MB
2026-06-14 14:43:16 - finetune_logger - INFO - Epoch 8/20
[2026-06-14 14:43:16,280][finetune_logger][INFO] - Epoch 8/20
2026-06-14 15:20:34 - finetune_logger - INFO - Train loss: 0.8981997729468368
[2026-06-14 15:20:34,197][finetune_logger][INFO] - Train loss: 0.8981997729468368
2026-06-14 15:20:34 - finetune_logger - INFO - Train time: 2237.916563987732s
[2026-06-14 15:20:34,197][finetune_logger][INFO] - Train time: 2237.916563987732s
2026-06-14 15:20:34 - finetune_logger - INFO - Train memory reserved: 42.00 MB
[2026-06-14 15:20:34,198][finetune_logger][INFO] - Train memory reserved: 42.00 MB
2026-06-14 15:20:34 - finetune_logger - INFO - Train memory allocated: 25.85 MB
[2026-06-14 15:20:34,198][finetune_logger][INFO] - Train memory allocated: 25.85 MB
2026-06-14 15:20:34 - finetune_logger - INFO - Current learning rate: 0.0005
[2026-06-14 15:20:34,198][finetune_logger][INFO] - Current learning rate: 0.0005
2026-06-14 15:24:20 - finetune_logger - INFO - Validation metrics: {'MAE': 1.5675623502140894, 'RMSE': 2.6622933155687187}
[2026-06-14 15:24:20,362][finetune_logger][INFO] - Validation metrics: {'MAE': 1.5675623502140894, 'RMSE': 2.6622933155687187}
2026-06-14 15:24:20 - finetune_logger - INFO - Val time: 226.16s
[2026-06-14 15:24:20,362][finetune_logger][INFO] - Val time: 226.16s
2026-06-14 15:24:20 - finetune_logger - INFO - Val memory reserved: 42.00 MB
[2026-06-14 15:24:20,362][finetune_logger][INFO] - Val memory reserved: 42.00 MB
2026-06-14 15:24:20 - finetune_logger - INFO - Val memory allocated: 25.85 MB
[2026-06-14 15:24:20,362][finetune_logger][INFO] - Val memory allocated: 25.85 MB
2026-06-14 15:24:20 - finetune_logger - INFO - Logged epoch 8 info to /public/home/202411094934/python_project/Spatio-Temporal-Library/time-series/2026-06-13/crossformer/finetune20/ettm1/time-series/seed_2/training_log.json
[2026-06-14 15:24:20,365][finetune_logger][INFO] - Logged epoch 8 info to /public/home/202411094934/python_project/Spatio-Temporal-Library/time-series/2026-06-13/crossformer/finetune20/ettm1/time-series/seed_2/training_log.json
2026-06-14 15:28:06 - finetune_logger - INFO - Test metrics: {'MAE': 1.397043602650709, 'RMSE': 2.641510824955052}
[2026-06-14 15:28:06,499][finetune_logger][INFO] - Test metrics: {'MAE': 1.397043602650709, 'RMSE': 2.641510824955052}
2026-06-14 15:28:06 - finetune_logger - INFO - Test time: 226.13s
[2026-06-14 15:28:06,499][finetune_logger][INFO] - Test time: 226.13s
2026-06-14 15:28:06 - finetune_logger - INFO - Test memory reserved: 42.00 MB
[2026-06-14 15:28:06,499][finetune_logger][INFO] - Test memory reserved: 42.00 MB
2026-06-14 15:28:06 - finetune_logger - INFO - Test memory allocated: 25.85 MB
[2026-06-14 15:28:06,499][finetune_logger][INFO] - Test memory allocated: 25.85 MB
2026-06-14 15:28:06 - finetune_logger - INFO - Epoch 9/20
[2026-06-14 15:28:06,500][finetune_logger][INFO] - Epoch 9/20
2026-06-14 16:05:21 - finetune_logger - INFO - Train loss: 0.8522429861496382
[2026-06-14 16:05:21,233][finetune_logger][INFO] - Train loss: 0.8522429861496382
2026-06-14 16:05:21 - finetune_logger - INFO - Train time: 2234.7328684329987s
[2026-06-14 16:05:21,233][finetune_logger][INFO] - Train time: 2234.7328684329987s
2026-06-14 16:05:21 - finetune_logger - INFO - Train memory reserved: 42.00 MB
[2026-06-14 16:05:21,234][finetune_logger][INFO] - Train memory reserved: 42.00 MB
2026-06-14 16:05:21 - finetune_logger - INFO - Train memory allocated: 25.85 MB
[2026-06-14 16:05:21,234][finetune_logger][INFO] - Train memory allocated: 25.85 MB
2026-06-14 16:05:21 - finetune_logger - INFO - Current learning rate: 0.0005
[2026-06-14 16:05:21,234][finetune_logger][INFO] - Current learning rate: 0.0005
2026-06-14 16:09:07 - finetune_logger - INFO - Validation metrics: {'MAE': 1.5480041397713256, 'RMSE': 2.6014728829482854}
[2026-06-14 16:09:07,235][finetune_logger][INFO] - Validation metrics: {'MAE': 1.5480041397713256, 'RMSE': 2.6014728829482854}
2026-06-14 16:09:07 - finetune_logger - INFO - Val time: 226.00s
[2026-06-14 16:09:07,236][finetune_logger][INFO] - Val time: 226.00s
2026-06-14 16:09:07 - finetune_logger - INFO - Val memory reserved: 42.00 MB
[2026-06-14 16:09:07,236][finetune_logger][INFO] - Val memory reserved: 42.00 MB
2026-06-14 16:09:07 - finetune_logger - INFO - Val memory allocated: 25.85 MB
[2026-06-14 16:09:07,236][finetune_logger][INFO] - Val memory allocated: 25.85 MB
2026-06-14 16:09:07 - finetune_logger - INFO - Logged epoch 9 info to /public/home/202411094934/python_project/Spatio-Temporal-Library/time-series/2026-06-13/crossformer/finetune20/ettm1/time-series/seed_2/training_log.json
[2026-06-14 16:09:07,239][finetune_logger][INFO] - Logged epoch 9 info to /public/home/202411094934/python_project/Spatio-Temporal-Library/time-series/2026-06-13/crossformer/finetune20/ettm1/time-series/seed_2/training_log.json
2026-06-14 16:12:53 - finetune_logger - INFO - Test metrics: {'MAE': 1.3800525009473403, 'RMSE': 2.592324456007702}
[2026-06-14 16:12:53,360][finetune_logger][INFO] - Test metrics: {'MAE': 1.3800525009473403, 'RMSE': 2.592324456007702}
2026-06-14 16:12:53 - finetune_logger - INFO - Test time: 226.12s
[2026-06-14 16:12:53,360][finetune_logger][INFO] - Test time: 226.12s
2026-06-14 16:12:53 - finetune_logger - INFO - Test memory reserved: 42.00 MB
[2026-06-14 16:12:53,360][finetune_logger][INFO] - Test memory reserved: 42.00 MB
2026-06-14 16:12:53 - finetune_logger - INFO - Test memory allocated: 25.85 MB
[2026-06-14 16:12:53,361][finetune_logger][INFO] - Test memory allocated: 25.85 MB
2026-06-14 16:12:53 - finetune_logger - INFO - Epoch 10/20
[2026-06-14 16:12:53,361][finetune_logger][INFO] - Epoch 10/20
2026-06-14 16:50:04 - finetune_logger - INFO - Train loss: 0.810496583718656
[2026-06-14 16:50:04,062][finetune_logger][INFO] - Train loss: 0.810496583718656
2026-06-14 16:50:04 - finetune_logger - INFO - Train time: 2230.700402736664s
[2026-06-14 16:50:04,062][finetune_logger][INFO] - Train time: 2230.700402736664s
2026-06-14 16:50:04 - finetune_logger - INFO - Train memory reserved: 42.00 MB
[2026-06-14 16:50:04,062][finetune_logger][INFO] - Train memory reserved: 42.00 MB
2026-06-14 16:50:04 - finetune_logger - INFO - Train memory allocated: 25.85 MB
[2026-06-14 16:50:04,062][finetune_logger][INFO] - Train memory allocated: 25.85 MB
2026-06-14 16:50:04 - finetune_logger - INFO - Current learning rate: 0.0005
[2026-06-14 16:50:04,063][finetune_logger][INFO] - Current learning rate: 0.0005
2026-06-14 16:53:50 - finetune_logger - INFO - Validation metrics: {'MAE': 1.605191318744348, 'RMSE': 2.712597254409404}
[2026-06-14 16:53:50,178][finetune_logger][INFO] - Validation metrics: {'MAE': 1.605191318744348, 'RMSE': 2.712597254409404}
2026-06-14 16:53:50 - finetune_logger - INFO - Val time: 226.12s
[2026-06-14 16:53:50,179][finetune_logger][INFO] - Val time: 226.12s
2026-06-14 16:53:50 - finetune_logger - INFO - Val memory reserved: 42.00 MB
[2026-06-14 16:53:50,179][finetune_logger][INFO] - Val memory reserved: 42.00 MB
2026-06-14 16:53:50 - finetune_logger - INFO - Val memory allocated: 25.85 MB
[2026-06-14 16:53:50,179][finetune_logger][INFO] - Val memory allocated: 25.85 MB
2026-06-14 16:53:50 - finetune_logger - INFO - Logged epoch 10 info to /public/home/202411094934/python_project/Spatio-Temporal-Library/time-series/2026-06-13/crossformer/finetune20/ettm1/time-series/seed_2/training_log.json
[2026-06-14 16:53:50,182][finetune_logger][INFO] - Logged epoch 10 info to /public/home/202411094934/python_project/Spatio-Temporal-Library/time-series/2026-06-13/crossformer/finetune20/ettm1/time-series/seed_2/training_log.json
2026-06-14 16:57:36 - finetune_logger - INFO - Test metrics: {'MAE': 1.4493077127392806, 'RMSE': 2.7514404437142996}
[2026-06-14 16:57:36,144][finetune_logger][INFO] - Test metrics: {'MAE': 1.4493077127392806, 'RMSE': 2.7514404437142996}
2026-06-14 16:57:36 - finetune_logger - INFO - Test time: 225.86s
[2026-06-14 16:57:36,145][finetune_logger][INFO] - Test time: 225.86s
2026-06-14 16:57:36 - finetune_logger - INFO - Test memory reserved: 42.00 MB
[2026-06-14 16:57:36,145][finetune_logger][INFO] - Test memory reserved: 42.00 MB
2026-06-14 16:57:36 - finetune_logger - INFO - Test memory allocated: 25.85 MB
[2026-06-14 16:57:36,145][finetune_logger][INFO] - Test memory allocated: 25.85 MB
2026-06-14 16:57:36 - finetune_logger - INFO - Epoch 11/20
[2026-06-14 16:57:36,145][finetune_logger][INFO] - Epoch 11/20
2026-06-14 17:34:47 - finetune_logger - INFO - Train loss: 0.7163777094065593
[2026-06-14 17:34:47,275][finetune_logger][INFO] - Train loss: 0.7163777094065593
2026-06-14 17:34:47 - finetune_logger - INFO - Train time: 2231.1290197372437s
[2026-06-14 17:34:47,275][finetune_logger][INFO] - Train time: 2231.1290197372437s
2026-06-14 17:34:47 - finetune_logger - INFO - Train memory reserved: 42.00 MB
[2026-06-14 17:34:47,275][finetune_logger][INFO] - Train memory reserved: 42.00 MB
2026-06-14 17:34:47 - finetune_logger - INFO - Train memory allocated: 25.85 MB
[2026-06-14 17:34:47,275][finetune_logger][INFO] - Train memory allocated: 25.85 MB
2026-06-14 17:34:47 - finetune_logger - INFO - Current learning rate: 0.00025
[2026-06-14 17:34:47,276][finetune_logger][INFO] - Current learning rate: 0.00025
2026-06-14 17:38:33 - finetune_logger - INFO - Validation metrics: {'MAE': 1.5723737641699433, 'RMSE': 2.66493594499362}
[2026-06-14 17:38:33,352][finetune_logger][INFO] - Validation metrics: {'MAE': 1.5723737641699433, 'RMSE': 2.66493594499362}
2026-06-14 17:38:33 - finetune_logger - INFO - Val time: 226.08s
[2026-06-14 17:38:33,352][finetune_logger][INFO] - Val time: 226.08s
2026-06-14 17:38:33 - finetune_logger - INFO - Val memory reserved: 42.00 MB
[2026-06-14 17:38:33,352][finetune_logger][INFO] - Val memory reserved: 42.00 MB
2026-06-14 17:38:33 - finetune_logger - INFO - Val memory allocated: 25.85 MB
[2026-06-14 17:38:33,352][finetune_logger][INFO] - Val memory allocated: 25.85 MB
2026-06-14 17:38:33 - finetune_logger - INFO - Logged epoch 11 info to /public/home/202411094934/python_project/Spatio-Temporal-Library/time-series/2026-06-13/crossformer/finetune20/ettm1/time-series/seed_2/training_log.json
[2026-06-14 17:38:33,356][finetune_logger][INFO] - Logged epoch 11 info to /public/home/202411094934/python_project/Spatio-Temporal-Library/time-series/2026-06-13/crossformer/finetune20/ettm1/time-series/seed_2/training_log.json
2026-06-14 17:42:19 - finetune_logger - INFO - Test metrics: {'MAE': 1.4296939941337248, 'RMSE': 2.70216965579584}
[2026-06-14 17:42:19,537][finetune_logger][INFO] - Test metrics: {'MAE': 1.4296939941337248, 'RMSE': 2.70216965579584}
2026-06-14 17:42:19 - finetune_logger - INFO - Test time: 226.18s
[2026-06-14 17:42:19,538][finetune_logger][INFO] - Test time: 226.18s
2026-06-14 17:42:19 - finetune_logger - INFO - Test memory reserved: 42.00 MB
[2026-06-14 17:42:19,538][finetune_logger][INFO] - Test memory reserved: 42.00 MB
2026-06-14 17:42:19 - finetune_logger - INFO - Test memory allocated: 25.85 MB
[2026-06-14 17:42:19,538][finetune_logger][INFO] - Test memory allocated: 25.85 MB
2026-06-14 17:42:19 - finetune_logger - INFO - Epoch 12/20
[2026-06-14 17:42:19,538][finetune_logger][INFO] - Epoch 12/20
2026-06-14 18:19:29 - finetune_logger - INFO - Train loss: 0.6845840952496556
[2026-06-14 18:19:29,538][finetune_logger][INFO] - Train loss: 0.6845840952496556
2026-06-14 18:19:29 - finetune_logger - INFO - Train time: 2229.999788761139s
[2026-06-14 18:19:29,539][finetune_logger][INFO] - Train time: 2229.999788761139s
2026-06-14 18:19:29 - finetune_logger - INFO - Train memory reserved: 42.00 MB
[2026-06-14 18:19:29,539][finetune_logger][INFO] - Train memory reserved: 42.00 MB
2026-06-14 18:19:29 - finetune_logger - INFO - Train memory allocated: 25.85 MB
[2026-06-14 18:19:29,539][finetune_logger][INFO] - Train memory allocated: 25.85 MB
2026-06-14 18:19:29 - finetune_logger - INFO - Current learning rate: 0.00025
[2026-06-14 18:19:29,539][finetune_logger][INFO] - Current learning rate: 0.00025
2026-06-14 18:23:15 - finetune_logger - INFO - Validation metrics: {'MAE': 1.6097699801973686, 'RMSE': 2.735805309199775}
[2026-06-14 18:23:15,737][finetune_logger][INFO] - Validation metrics: {'MAE': 1.6097699801973686, 'RMSE': 2.735805309199775}
2026-06-14 18:23:15 - finetune_logger - INFO - Val time: 226.20s
[2026-06-14 18:23:15,737][finetune_logger][INFO] - Val time: 226.20s
2026-06-14 18:23:15 - finetune_logger - INFO - Val memory reserved: 42.00 MB
[2026-06-14 18:23:15,737][finetune_logger][INFO] - Val memory reserved: 42.00 MB
2026-06-14 18:23:15 - finetune_logger - INFO - Val memory allocated: 25.85 MB
[2026-06-14 18:23:15,737][finetune_logger][INFO] - Val memory allocated: 25.85 MB
2026-06-14 18:23:15 - finetune_logger - INFO - Logged epoch 12 info to /public/home/202411094934/python_project/Spatio-Temporal-Library/time-series/2026-06-13/crossformer/finetune20/ettm1/time-series/seed_2/training_log.json
[2026-06-14 18:23:15,740][finetune_logger][INFO] - Logged epoch 12 info to /public/home/202411094934/python_project/Spatio-Temporal-Library/time-series/2026-06-13/crossformer/finetune20/ettm1/time-series/seed_2/training_log.json
2026-06-14 18:27:01 - finetune_logger - INFO - Test metrics: {'MAE': 1.4534113814922855, 'RMSE': 2.74202569423122}
[2026-06-14 18:27:01,673][finetune_logger][INFO] - Test metrics: {'MAE': 1.4534113814922855, 'RMSE': 2.74202569423122}
2026-06-14 18:27:01 - finetune_logger - INFO - Test time: 225.93s
[2026-06-14 18:27:01,673][finetune_logger][INFO] - Test time: 225.93s
2026-06-14 18:27:01 - finetune_logger - INFO - Test memory reserved: 42.00 MB
[2026-06-14 18:27:01,673][finetune_logger][INFO] - Test memory reserved: 42.00 MB
2026-06-14 18:27:01 - finetune_logger - INFO - Test memory allocated: 25.85 MB
[2026-06-14 18:27:01,673][finetune_logger][INFO] - Test memory allocated: 25.85 MB
2026-06-14 18:27:01 - finetune_logger - INFO - Epoch 13/20
[2026-06-14 18:27:01,673][finetune_logger][INFO] - Epoch 13/20
2026-06-14 19:04:11 - finetune_logger - INFO - Train loss: 0.661303074630333
[2026-06-14 19:04:11,561][finetune_logger][INFO] - Train loss: 0.661303074630333
2026-06-14 19:04:11 - finetune_logger - INFO - Train time: 2229.887100458145s
[2026-06-14 19:04:11,562][finetune_logger][INFO] - Train time: 2229.887100458145s
2026-06-14 19:04:11 - finetune_logger - INFO - Train memory reserved: 42.00 MB
[2026-06-14 19:04:11,562][finetune_logger][INFO] - Train memory reserved: 42.00 MB
2026-06-14 19:04:11 - finetune_logger - INFO - Train memory allocated: 25.85 MB
[2026-06-14 19:04:11,562][finetune_logger][INFO] - Train memory allocated: 25.85 MB
2026-06-14 19:04:11 - finetune_logger - INFO - Current learning rate: 0.00025
[2026-06-14 19:04:11,562][finetune_logger][INFO] - Current learning rate: 0.00025
2026-06-14 19:07:58 - finetune_logger - INFO - Validation metrics: {'MAE': 1.6068510625555976, 'RMSE': 2.723167583956169}
[2026-06-14 19:07:58,005][finetune_logger][INFO] - Validation metrics: {'MAE': 1.6068510625555976, 'RMSE': 2.723167583956169}
2026-06-14 19:07:58 - finetune_logger - INFO - Val time: 226.44s
[2026-06-14 19:07:58,005][finetune_logger][INFO] - Val time: 226.44s
2026-06-14 19:07:58 - finetune_logger - INFO - Val memory reserved: 42.00 MB
[2026-06-14 19:07:58,005][finetune_logger][INFO] - Val memory reserved: 42.00 MB
2026-06-14 19:07:58 - finetune_logger - INFO - Val memory allocated: 25.85 MB
[2026-06-14 19:07:58,005][finetune_logger][INFO] - Val memory allocated: 25.85 MB
2026-06-14 19:07:58 - finetune_logger - INFO - Logged epoch 13 info to /public/home/202411094934/python_project/Spatio-Temporal-Library/time-series/2026-06-13/crossformer/finetune20/ettm1/time-series/seed_2/training_log.json
[2026-06-14 19:07:58,008][finetune_logger][INFO] - Logged epoch 13 info to /public/home/202411094934/python_project/Spatio-Temporal-Library/time-series/2026-06-13/crossformer/finetune20/ettm1/time-series/seed_2/training_log.json
2026-06-14 19:11:44 - finetune_logger - INFO - Test metrics: {'MAE': 1.4730742059175106, 'RMSE': 2.76134210493212}
[2026-06-14 19:11:44,151][finetune_logger][INFO] - Test metrics: {'MAE': 1.4730742059175106, 'RMSE': 2.76134210493212}
2026-06-14 19:11:44 - finetune_logger - INFO - Test time: 226.14s
[2026-06-14 19:11:44,151][finetune_logger][INFO] - Test time: 226.14s
2026-06-14 19:11:44 - finetune_logger - INFO - Test memory reserved: 42.00 MB
[2026-06-14 19:11:44,151][finetune_logger][INFO] - Test memory reserved: 42.00 MB
2026-06-14 19:11:44 - finetune_logger - INFO - Test memory allocated: 25.85 MB
[2026-06-14 19:11:44,151][finetune_logger][INFO] - Test memory allocated: 25.85 MB
2026-06-14 19:11:44 - finetune_logger - INFO - Epoch 14/20
[2026-06-14 19:11:44,152][finetune_logger][INFO] - Epoch 14/20
2026-06-14 19:48:53 - finetune_logger - INFO - Train loss: 0.6422879086792967
[2026-06-14 19:48:53,736][finetune_logger][INFO] - Train loss: 0.6422879086792967
2026-06-14 19:48:53 - finetune_logger - INFO - Train time: 2229.583706140518s
[2026-06-14 19:48:53,736][finetune_logger][INFO] - Train time: 2229.583706140518s
2026-06-14 19:48:53 - finetune_logger - INFO - Train memory reserved: 42.00 MB
[2026-06-14 19:48:53,736][finetune_logger][INFO] - Train memory reserved: 42.00 MB
2026-06-14 19:48:53 - finetune_logger - INFO - Train memory allocated: 25.85 MB
[2026-06-14 19:48:53,736][finetune_logger][INFO] - Train memory allocated: 25.85 MB
2026-06-14 19:48:53 - finetune_logger - INFO - Current learning rate: 0.00025
[2026-06-14 19:48:53,737][finetune_logger][INFO] - Current learning rate: 0.00025
2026-06-14 19:52:39 - finetune_logger - INFO - Validation metrics: {'MAE': 1.5917127301467573, 'RMSE': 2.703073164504551}
[2026-06-14 19:52:39,544][finetune_logger][INFO] - Validation metrics: {'MAE': 1.5917127301467573, 'RMSE': 2.703073164504551}
2026-06-14 19:52:39 - finetune_logger - INFO - Val time: 225.81s
[2026-06-14 19:52:39,544][finetune_logger][INFO] - Val time: 225.81s
2026-06-14 19:52:39 - finetune_logger - INFO - Val memory reserved: 42.00 MB
[2026-06-14 19:52:39,544][finetune_logger][INFO] - Val memory reserved: 42.00 MB
2026-06-14 19:52:39 - finetune_logger - INFO - Val memory allocated: 25.85 MB
[2026-06-14 19:52:39,544][finetune_logger][INFO] - Val memory allocated: 25.85 MB
2026-06-14 19:52:39 - finetune_logger - INFO - Logged epoch 14 info to /public/home/202411094934/python_project/Spatio-Temporal-Library/time-series/2026-06-13/crossformer/finetune20/ettm1/time-series/seed_2/training_log.json
[2026-06-14 19:52:39,547][finetune_logger][INFO] - Logged epoch 14 info to /public/home/202411094934/python_project/Spatio-Temporal-Library/time-series/2026-06-13/crossformer/finetune20/ettm1/time-series/seed_2/training_log.json
2026-06-14 19:56:25 - finetune_logger - INFO - Test metrics: {'MAE': 1.4415681721473108, 'RMSE': 2.729326680248393}
[2026-06-14 19:56:25,345][finetune_logger][INFO] - Test metrics: {'MAE': 1.4415681721473108, 'RMSE': 2.729326680248393}
2026-06-14 19:56:25 - finetune_logger - INFO - Test time: 225.80s
[2026-06-14 19:56:25,345][finetune_logger][INFO] - Test time: 225.80s
2026-06-14 19:56:25 - finetune_logger - INFO - Test memory reserved: 42.00 MB
[2026-06-14 19:56:25,345][finetune_logger][INFO] - Test memory reserved: 42.00 MB
2026-06-14 19:56:25 - finetune_logger - INFO - Test memory allocated: 25.85 MB
[2026-06-14 19:56:25,345][finetune_logger][INFO] - Test memory allocated: 25.85 MB
2026-06-14 19:56:25 - finetune_logger - INFO - Epoch 15/20
[2026-06-14 19:56:25,346][finetune_logger][INFO] - Epoch 15/20
2026-06-14 20:33:33 - finetune_logger - INFO - Train loss: 0.6249643807433964
[2026-06-14 20:33:33,476][finetune_logger][INFO] - Train loss: 0.6249643807433964
2026-06-14 20:33:33 - finetune_logger - INFO - Train time: 2228.130162000656s
[2026-06-14 20:33:33,477][finetune_logger][INFO] - Train time: 2228.130162000656s
2026-06-14 20:33:33 - finetune_logger - INFO - Train memory reserved: 42.00 MB
[2026-06-14 20:33:33,477][finetune_logger][INFO] - Train memory reserved: 42.00 MB
2026-06-14 20:33:33 - finetune_logger - INFO - Train memory allocated: 25.85 MB
[2026-06-14 20:33:33,477][finetune_logger][INFO] - Train memory allocated: 25.85 MB
2026-06-14 20:33:33 - finetune_logger - INFO - Current learning rate: 0.00025
[2026-06-14 20:33:33,477][finetune_logger][INFO] - Current learning rate: 0.00025
2026-06-14 20:37:19 - finetune_logger - INFO - Validation metrics: {'MAE': 1.6181676501228865, 'RMSE': 2.7514156772727545}
[2026-06-14 20:37:19,270][finetune_logger][INFO] - Validation metrics: {'MAE': 1.6181676501228865, 'RMSE': 2.7514156772727545}
2026-06-14 20:37:19 - finetune_logger - INFO - Val time: 225.79s
[2026-06-14 20:37:19,270][finetune_logger][INFO] - Val time: 225.79s
2026-06-14 20:37:19 - finetune_logger - INFO - Val memory reserved: 42.00 MB
[2026-06-14 20:37:19,270][finetune_logger][INFO] - Val memory reserved: 42.00 MB
2026-06-14 20:37:19 - finetune_logger - INFO - Val memory allocated: 25.85 MB
[2026-06-14 20:37:19,271][finetune_logger][INFO] - Val memory allocated: 25.85 MB
2026-06-14 20:37:19 - finetune_logger - INFO - Logged epoch 15 info to /public/home/202411094934/python_project/Spatio-Temporal-Library/time-series/2026-06-13/crossformer/finetune20/ettm1/time-series/seed_2/training_log.json
[2026-06-14 20:37:19,274][finetune_logger][INFO] - Logged epoch 15 info to /public/home/202411094934/python_project/Spatio-Temporal-Library/time-series/2026-06-13/crossformer/finetune20/ettm1/time-series/seed_2/training_log.json
2026-06-14 20:41:05 - finetune_logger - INFO - Test metrics: {'MAE': 1.4518741640788582, 'RMSE': 2.7416856861304906}
[2026-06-14 20:41:05,217][finetune_logger][INFO] - Test metrics: {'MAE': 1.4518741640788582, 'RMSE': 2.7416856861304906}
2026-06-14 20:41:05 - finetune_logger - INFO - Test time: 225.94s
[2026-06-14 20:41:05,217][finetune_logger][INFO] - Test time: 225.94s
2026-06-14 20:41:05 - finetune_logger - INFO - Test memory reserved: 42.00 MB
[2026-06-14 20:41:05,217][finetune_logger][INFO] - Test memory reserved: 42.00 MB
2026-06-14 20:41:05 - finetune_logger - INFO - Test memory allocated: 25.85 MB
[2026-06-14 20:41:05,217][finetune_logger][INFO] - Test memory allocated: 25.85 MB
2026-06-14 20:41:05 - finetune_logger - INFO - Epoch 16/20
[2026-06-14 20:41:05,217][finetune_logger][INFO] - Epoch 16/20
2026-06-14 21:18:13 - finetune_logger - INFO - Train loss: 0.6105233331499526
[2026-06-14 21:18:13,659][finetune_logger][INFO] - Train loss: 0.6105233331499526
2026-06-14 21:18:13 - finetune_logger - INFO - Train time: 2228.440853834152s
[2026-06-14 21:18:13,659][finetune_logger][INFO] - Train time: 2228.440853834152s
2026-06-14 21:18:13 - finetune_logger - INFO - Train memory reserved: 42.00 MB
[2026-06-14 21:18:13,659][finetune_logger][INFO] - Train memory reserved: 42.00 MB
2026-06-14 21:18:13 - finetune_logger - INFO - Train memory allocated: 25.85 MB
[2026-06-14 21:18:13,659][finetune_logger][INFO] - Train memory allocated: 25.85 MB
2026-06-14 21:18:13 - finetune_logger - INFO - Current learning rate: 0.00025
[2026-06-14 21:18:13,659][finetune_logger][INFO] - Current learning rate: 0.00025
2026-06-14 21:21:59 - finetune_logger - INFO - Validation metrics: {'MAE': 1.6244252181878553, 'RMSE': 2.7396264446506744}
[2026-06-14 21:21:59,497][finetune_logger][INFO] - Validation metrics: {'MAE': 1.6244252181878553, 'RMSE': 2.7396264446506744}
2026-06-14 21:21:59 - finetune_logger - INFO - Val time: 225.84s
[2026-06-14 21:21:59,497][finetune_logger][INFO] - Val time: 225.84s
2026-06-14 21:21:59 - finetune_logger - INFO - Val memory reserved: 42.00 MB
[2026-06-14 21:21:59,497][finetune_logger][INFO] - Val memory reserved: 42.00 MB
2026-06-14 21:21:59 - finetune_logger - INFO - Val memory allocated: 25.85 MB
[2026-06-14 21:21:59,497][finetune_logger][INFO] - Val memory allocated: 25.85 MB
2026-06-14 21:21:59 - finetune_logger - INFO - Logged epoch 16 info to /public/home/202411094934/python_project/Spatio-Temporal-Library/time-series/2026-06-13/crossformer/finetune20/ettm1/time-series/seed_2/training_log.json
[2026-06-14 21:21:59,501][finetune_logger][INFO] - Logged epoch 16 info to /public/home/202411094934/python_project/Spatio-Temporal-Library/time-series/2026-06-13/crossformer/finetune20/ettm1/time-series/seed_2/training_log.json
2026-06-14 21:25:45 - finetune_logger - INFO - Test metrics: {'MAE': 1.4733545887327348, 'RMSE': 2.773093833502174}
[2026-06-14 21:25:45,289][finetune_logger][INFO] - Test metrics: {'MAE': 1.4733545887327348, 'RMSE': 2.773093833502174}
2026-06-14 21:25:45 - finetune_logger - INFO - Test time: 225.79s
[2026-06-14 21:25:45,289][finetune_logger][INFO] - Test time: 225.79s
2026-06-14 21:25:45 - finetune_logger - INFO - Test memory reserved: 42.00 MB
[2026-06-14 21:25:45,289][finetune_logger][INFO] - Test memory reserved: 42.00 MB
2026-06-14 21:25:45 - finetune_logger - INFO - Test memory allocated: 25.85 MB
[2026-06-14 21:25:45,289][finetune_logger][INFO] - Test memory allocated: 25.85 MB
2026-06-14 21:25:45 - finetune_logger - INFO - Epoch 17/20
[2026-06-14 21:25:45,289][finetune_logger][INFO] - Epoch 17/20
2026-06-14 22:02:53 - finetune_logger - INFO - Train loss: 0.5966047531139616
[2026-06-14 22:02:53,212][finetune_logger][INFO] - Train loss: 0.5966047531139616
2026-06-14 22:02:53 - finetune_logger - INFO - Train time: 2227.9217393398285s
[2026-06-14 22:02:53,212][finetune_logger][INFO] - Train time: 2227.9217393398285s
2026-06-14 22:02:53 - finetune_logger - INFO - Train memory reserved: 42.00 MB
[2026-06-14 22:02:53,212][finetune_logger][INFO] - Train memory reserved: 42.00 MB
2026-06-14 22:02:53 - finetune_logger - INFO - Train memory allocated: 25.85 MB
[2026-06-14 22:02:53,212][finetune_logger][INFO] - Train memory allocated: 25.85 MB
2026-06-14 22:02:53 - finetune_logger - INFO - Current learning rate: 0.00025
[2026-06-14 22:02:53,212][finetune_logger][INFO] - Current learning rate: 0.00025
2026-06-14 22:06:39 - finetune_logger - INFO - Validation metrics: {'MAE': 1.606710780788626, 'RMSE': 2.706665635135401}
[2026-06-14 22:06:39,492][finetune_logger][INFO] - Validation metrics: {'MAE': 1.606710780788626, 'RMSE': 2.706665635135401}
2026-06-14 22:06:39 - finetune_logger - INFO - Val time: 226.28s
[2026-06-14 22:06:39,492][finetune_logger][INFO] - Val time: 226.28s
2026-06-14 22:06:39 - finetune_logger - INFO - Val memory reserved: 42.00 MB
[2026-06-14 22:06:39,493][finetune_logger][INFO] - Val memory reserved: 42.00 MB
2026-06-14 22:06:39 - finetune_logger - INFO - Val memory allocated: 25.85 MB
[2026-06-14 22:06:39,493][finetune_logger][INFO] - Val memory allocated: 25.85 MB
2026-06-14 22:06:39 - finetune_logger - INFO - Logged epoch 17 info to /public/home/202411094934/python_project/Spatio-Temporal-Library/time-series/2026-06-13/crossformer/finetune20/ettm1/time-series/seed_2/training_log.json
[2026-06-14 22:06:39,496][finetune_logger][INFO] - Logged epoch 17 info to /public/home/202411094934/python_project/Spatio-Temporal-Library/time-series/2026-06-13/crossformer/finetune20/ettm1/time-series/seed_2/training_log.json
2026-06-14 22:10:25 - finetune_logger - INFO - Test metrics: {'MAE': 1.4565692952035798, 'RMSE': 2.7310595976846277}
[2026-06-14 22:10:25,547][finetune_logger][INFO] - Test metrics: {'MAE': 1.4565692952035798, 'RMSE': 2.7310595976846277}
2026-06-14 22:10:25 - finetune_logger - INFO - Test time: 226.05s
[2026-06-14 22:10:25,547][finetune_logger][INFO] - Test time: 226.05s
2026-06-14 22:10:25 - finetune_logger - INFO - Test memory reserved: 42.00 MB
[2026-06-14 22:10:25,547][finetune_logger][INFO] - Test memory reserved: 42.00 MB
2026-06-14 22:10:25 - finetune_logger - INFO - Test memory allocated: 25.85 MB
[2026-06-14 22:10:25,547][finetune_logger][INFO] - Test memory allocated: 25.85 MB
2026-06-14 22:10:25 - finetune_logger - INFO - Epoch 18/20
[2026-06-14 22:10:25,548][finetune_logger][INFO] - Epoch 18/20
2026-06-14 22:47:33 - finetune_logger - INFO - Train loss: 0.5845759958741135
[2026-06-14 22:47:33,582][finetune_logger][INFO] - Train loss: 0.5845759958741135
2026-06-14 22:47:33 - finetune_logger - INFO - Train time: 2228.0334570407867s
[2026-06-14 22:47:33,582][finetune_logger][INFO] - Train time: 2228.0334570407867s
2026-06-14 22:47:33 - finetune_logger - INFO - Train memory reserved: 42.00 MB
[2026-06-14 22:47:33,582][finetune_logger][INFO] - Train memory reserved: 42.00 MB
2026-06-14 22:47:33 - finetune_logger - INFO - Train memory allocated: 25.85 MB
[2026-06-14 22:47:33,582][finetune_logger][INFO] - Train memory allocated: 25.85 MB
2026-06-14 22:47:33 - finetune_logger - INFO - Current learning rate: 0.00025
[2026-06-14 22:47:33,582][finetune_logger][INFO] - Current learning rate: 0.00025
2026-06-14 22:51:19 - finetune_logger - INFO - Validation metrics: {'MAE': 1.611001649000253, 'RMSE': 2.710638609056302}
[2026-06-14 22:51:19,573][finetune_logger][INFO] - Validation metrics: {'MAE': 1.611001649000253, 'RMSE': 2.710638609056302}
2026-06-14 22:51:19 - finetune_logger - INFO - Val time: 225.99s
[2026-06-14 22:51:19,573][finetune_logger][INFO] - Val time: 225.99s
2026-06-14 22:51:19 - finetune_logger - INFO - Val memory reserved: 42.00 MB
[2026-06-14 22:51:19,574][finetune_logger][INFO] - Val memory reserved: 42.00 MB
2026-06-14 22:51:19 - finetune_logger - INFO - Val memory allocated: 25.85 MB
[2026-06-14 22:51:19,574][finetune_logger][INFO] - Val memory allocated: 25.85 MB
2026-06-14 22:51:19 - finetune_logger - INFO - Logged epoch 18 info to /public/home/202411094934/python_project/Spatio-Temporal-Library/time-series/2026-06-13/crossformer/finetune20/ettm1/time-series/seed_2/training_log.json
[2026-06-14 22:51:19,577][finetune_logger][INFO] - Logged epoch 18 info to /public/home/202411094934/python_project/Spatio-Temporal-Library/time-series/2026-06-13/crossformer/finetune20/ettm1/time-series/seed_2/training_log.json
2026-06-14 22:55:05 - finetune_logger - INFO - Test metrics: {'MAE': 1.4433998164842805, 'RMSE': 2.7209737362673447}
[2026-06-14 22:55:05,639][finetune_logger][INFO] - Test metrics: {'MAE': 1.4433998164842805, 'RMSE': 2.7209737362673447}
2026-06-14 22:55:05 - finetune_logger - INFO - Test time: 226.06s
[2026-06-14 22:55:05,640][finetune_logger][INFO] - Test time: 226.06s
2026-06-14 22:55:05 - finetune_logger - INFO - Test memory reserved: 42.00 MB
[2026-06-14 22:55:05,640][finetune_logger][INFO] - Test memory reserved: 42.00 MB
2026-06-14 22:55:05 - finetune_logger - INFO - Test memory allocated: 25.85 MB
[2026-06-14 22:55:05,640][finetune_logger][INFO] - Test memory allocated: 25.85 MB
2026-06-14 22:55:05 - finetune_logger - INFO - Epoch 19/20
[2026-06-14 22:55:05,640][finetune_logger][INFO] - Epoch 19/20
2026-06-14 23:32:14 - finetune_logger - INFO - Train loss: 0.5743620484059614
[2026-06-14 23:32:14,986][finetune_logger][INFO] - Train loss: 0.5743620484059614
2026-06-14 23:32:14 - finetune_logger - INFO - Train time: 2229.3449442386627s
[2026-06-14 23:32:14,986][finetune_logger][INFO] - Train time: 2229.3449442386627s
2026-06-14 23:32:14 - finetune_logger - INFO - Train memory reserved: 42.00 MB
[2026-06-14 23:32:14,986][finetune_logger][INFO] - Train memory reserved: 42.00 MB
2026-06-14 23:32:14 - finetune_logger - INFO - Train memory allocated: 25.85 MB
[2026-06-14 23:32:14,986][finetune_logger][INFO] - Train memory allocated: 25.85 MB
2026-06-14 23:32:14 - finetune_logger - INFO - Current learning rate: 0.00025
[2026-06-14 23:32:14,986][finetune_logger][INFO] - Current learning rate: 0.00025
2026-06-14 23:36:01 - finetune_logger - INFO - Validation metrics: {'MAE': 1.6231105054054433, 'RMSE': 2.7318965830117135}
[2026-06-14 23:36:01,156][finetune_logger][INFO] - Validation metrics: {'MAE': 1.6231105054054433, 'RMSE': 2.7318965830117135}
2026-06-14 23:36:01 - finetune_logger - INFO - Val time: 226.17s
[2026-06-14 23:36:01,156][finetune_logger][INFO] - Val time: 226.17s
2026-06-14 23:36:01 - finetune_logger - INFO - Val memory reserved: 42.00 MB
[2026-06-14 23:36:01,156][finetune_logger][INFO] - Val memory reserved: 42.00 MB
2026-06-14 23:36:01 - finetune_logger - INFO - Val memory allocated: 25.85 MB
[2026-06-14 23:36:01,157][finetune_logger][INFO] - Val memory allocated: 25.85 MB
2026-06-14 23:36:01 - finetune_logger - INFO - Logged epoch 19 info to /public/home/202411094934/python_project/Spatio-Temporal-Library/time-series/2026-06-13/crossformer/finetune20/ettm1/time-series/seed_2/training_log.json
[2026-06-14 23:36:01,160][finetune_logger][INFO] - Logged epoch 19 info to /public/home/202411094934/python_project/Spatio-Temporal-Library/time-series/2026-06-13/crossformer/finetune20/ettm1/time-series/seed_2/training_log.json
2026-06-14 23:39:47 - finetune_logger - INFO - Test metrics: {'MAE': 1.4546106071298575, 'RMSE': 2.7294293900198485}
[2026-06-14 23:39:47,332][finetune_logger][INFO] - Test metrics: {'MAE': 1.4546106071298575, 'RMSE': 2.7294293900198485}
2026-06-14 23:39:47 - finetune_logger - INFO - Test time: 226.17s
[2026-06-14 23:39:47,333][finetune_logger][INFO] - Test time: 226.17s
2026-06-14 23:39:47 - finetune_logger - INFO - Test memory reserved: 42.00 MB
[2026-06-14 23:39:47,333][finetune_logger][INFO] - Test memory reserved: 42.00 MB
2026-06-14 23:39:47 - finetune_logger - INFO - Test memory allocated: 25.85 MB
[2026-06-14 23:39:47,333][finetune_logger][INFO] - Test memory allocated: 25.85 MB
2026-06-14 23:39:47 - finetune_logger - INFO - Epoch 20/20
[2026-06-14 23:39:47,333][finetune_logger][INFO] - Epoch 20/20
2026-06-15 00:16:54 - finetune_logger - INFO - Train loss: 0.5639948509026464
[2026-06-15 00:16:54,183][finetune_logger][INFO] - Train loss: 0.5639948509026464
2026-06-15 00:16:54 - finetune_logger - INFO - Train time: 2226.848721265793s
[2026-06-15 00:16:54,183][finetune_logger][INFO] - Train time: 2226.848721265793s
2026-06-15 00:16:54 - finetune_logger - INFO - Train memory reserved: 42.00 MB
[2026-06-15 00:16:54,183][finetune_logger][INFO] - Train memory reserved: 42.00 MB
2026-06-15 00:16:54 - finetune_logger - INFO - Train memory allocated: 25.85 MB
[2026-06-15 00:16:54,183][finetune_logger][INFO] - Train memory allocated: 25.85 MB
2026-06-15 00:16:54 - finetune_logger - INFO - Current learning rate: 0.00025
[2026-06-15 00:16:54,183][finetune_logger][INFO] - Current learning rate: 0.00025
2026-06-15 00:20:40 - finetune_logger - INFO - Validation metrics: {'MAE': 1.5903775224540693, 'RMSE': 2.669783828653234}
[2026-06-15 00:20:40,218][finetune_logger][INFO] - Validation metrics: {'MAE': 1.5903775224540693, 'RMSE': 2.669783828653234}
2026-06-15 00:20:40 - finetune_logger - INFO - Val time: 226.03s
[2026-06-15 00:20:40,218][finetune_logger][INFO] - Val time: 226.03s
2026-06-15 00:20:40 - finetune_logger - INFO - Val memory reserved: 42.00 MB
[2026-06-15 00:20:40,218][finetune_logger][INFO] - Val memory reserved: 42.00 MB
2026-06-15 00:20:40 - finetune_logger - INFO - Val memory allocated: 25.85 MB
[2026-06-15 00:20:40,218][finetune_logger][INFO] - Val memory allocated: 25.85 MB
2026-06-15 00:20:40 - finetune_logger - INFO - Logged epoch 20 info to /public/home/202411094934/python_project/Spatio-Temporal-Library/time-series/2026-06-13/crossformer/finetune20/ettm1/time-series/seed_2/training_log.json
[2026-06-15 00:20:40,221][finetune_logger][INFO] - Logged epoch 20 info to /public/home/202411094934/python_project/Spatio-Temporal-Library/time-series/2026-06-13/crossformer/finetune20/ettm1/time-series/seed_2/training_log.json
2026-06-15 00:24:26 - finetune_logger - INFO - Test metrics: {'MAE': 1.4375947200823391, 'RMSE': 2.7250012048868637}
[2026-06-15 00:24:26,269][finetune_logger][INFO] - Test metrics: {'MAE': 1.4375947200823391, 'RMSE': 2.7250012048868637}
2026-06-15 00:24:26 - finetune_logger - INFO - Test time: 225.95s
[2026-06-15 00:24:26,270][finetune_logger][INFO] - Test time: 225.95s
2026-06-15 00:24:26 - finetune_logger - INFO - Test memory reserved: 42.00 MB
[2026-06-15 00:24:26,270][finetune_logger][INFO] - Test memory reserved: 42.00 MB
2026-06-15 00:24:26 - finetune_logger - INFO - Test memory allocated: 25.85 MB
[2026-06-15 00:24:26,270][finetune_logger][INFO] - Test memory allocated: 25.85 MB
2026-06-15 00:24:26 - finetune_logger - INFO - Training completed. Best epoch: 2, Best val loss: 1.415369
[2026-06-15 00:24:26,270][finetune_logger][INFO] - Training completed. Best epoch: 2, Best val loss: 1.415369
2026-06-15 00:24:26 - finetune_logger - INFO - Loaded checkpoint from epoch 2
[2026-06-15 00:24:26,420][finetune_logger][INFO] - Loaded checkpoint from epoch 2
2026-06-15 00:24:26 - finetune_logger - INFO - Evaluating best model on test sets...
[2026-06-15 00:24:26,420][finetune_logger][INFO] - Evaluating best model on test sets...
2026-06-15 00:28:11 - finetune_logger - INFO - Test metrics: {'MAE': 1.2547177266952971, 'RMSE': 2.3533481221330117}
[2026-06-15 00:28:11,688][finetune_logger][INFO] - Test metrics: {'MAE': 1.2547177266952971, 'RMSE': 2.3533481221330117}
2026-06-15 00:28:11 - finetune_logger - INFO - Test time: 225.27s
[2026-06-15 00:28:11,688][finetune_logger][INFO] - Test time: 225.27s
2026-06-15 00:28:11 - finetune_logger - INFO - Test memory reserved: 42.00 MB
[2026-06-15 00:28:11,689][finetune_logger][INFO] - Test memory reserved: 42.00 MB
2026-06-15 00:28:11 - finetune_logger - INFO - Test memory allocated: 26.04 MB
[2026-06-15 00:28:11,689][finetune_logger][INFO] - Test memory allocated: 26.04 MB
2026-06-15 00:28:11 - finetune_logger - INFO - Logged epoch test info to /public/home/202411094934/python_project/Spatio-Temporal-Library/time-series/2026-06-13/crossformer/finetune20/ettm1/time-series/seed_2/training_log.json
[2026-06-15 00:28:11,692][finetune_logger][INFO] - Logged epoch test info to /public/home/202411094934/python_project/Spatio-Temporal-Library/time-series/2026-06-13/crossformer/finetune20/ettm1/time-series/seed_2/training_log.json
