2026-06-26 16:15:05 - pretrain_logger - INFO - Model parameters: 385,095
[2026-06-26 16:15:05,358][pretrain_logger][INFO] - Model parameters: 385,095
2026-06-26 16:15:05 - pretrain_logger - INFO - Created new log file at /public/home/202411094934/python_project/Spatio-Temporal-Library/time-series/2026-06-26/fedformer/pretrain10/etth2/time-series/seed_2/training_log.json
[2026-06-26 16:15:05,363][pretrain_logger][INFO] - Created new log file at /public/home/202411094934/python_project/Spatio-Temporal-Library/time-series/2026-06-26/fedformer/pretrain10/etth2/time-series/seed_2/training_log.json
2026-06-26 16:15:05 - pretrain_logger - INFO - Starting JEPA pretraining...
[2026-06-26 16:15:05,363][pretrain_logger][INFO] - Starting JEPA pretraining...
2026-06-26 16:44:25 - pretrain_logger - INFO - [JEPA Pretrain] Epoch 1/10, loss=0.459565, time=1759.93s
[2026-06-26 16:44:25,297][pretrain_logger][INFO] - [JEPA Pretrain] Epoch 1/10, loss=0.459565, time=1759.93s
2026-06-26 16:44:25 - pretrain_logger - INFO - Pretrain loss: 0.4595652100847221
[2026-06-26 16:44:25,299][pretrain_logger][INFO] - Pretrain loss: 0.4595652100847221
2026-06-26 16:44:25 - pretrain_logger - INFO - Pretrain time: 1759.933617591858s
[2026-06-26 16:44:25,299][pretrain_logger][INFO] - Pretrain time: 1759.933617591858s
2026-06-26 16:44:25 - pretrain_logger - INFO - Pretrain memory reserved: 96.00 MB
[2026-06-26 16:44:25,299][pretrain_logger][INFO] - Pretrain memory reserved: 96.00 MB
2026-06-26 16:44:25 - pretrain_logger - INFO - Pretrain memory allocated: 21.19 MB
[2026-06-26 16:44:25,299][pretrain_logger][INFO] - Pretrain memory allocated: 21.19 MB
2026-06-26 16:44:25 - pretrain_logger - INFO - Current learning rate: 0.0005
[2026-06-26 16:44:25,300][pretrain_logger][INFO] - Current learning rate: 0.0005
2026-06-26 16:44:25 - pretrain_logger - INFO - Logged epoch Pretrain 1 info to /public/home/202411094934/python_project/Spatio-Temporal-Library/time-series/2026-06-26/fedformer/pretrain10/etth2/time-series/seed_2/training_log.json
[2026-06-26 16:44:25,303][pretrain_logger][INFO] - Logged epoch Pretrain 1 info to /public/home/202411094934/python_project/Spatio-Temporal-Library/time-series/2026-06-26/fedformer/pretrain10/etth2/time-series/seed_2/training_log.json
2026-06-26 17:13:38 - pretrain_logger - INFO - [JEPA Pretrain] Epoch 2/10, loss=0.217819, time=1753.50s
[2026-06-26 17:13:38,808][pretrain_logger][INFO] - [JEPA Pretrain] Epoch 2/10, loss=0.217819, time=1753.50s
2026-06-26 17:13:38 - pretrain_logger - INFO - Pretrain loss: 0.21781896416211094
[2026-06-26 17:13:38,831][pretrain_logger][INFO] - Pretrain loss: 0.21781896416211094
2026-06-26 17:13:38 - pretrain_logger - INFO - Pretrain time: 1753.5044219493866s
[2026-06-26 17:13:38,831][pretrain_logger][INFO] - Pretrain time: 1753.5044219493866s
2026-06-26 17:13:38 - pretrain_logger - INFO - Pretrain memory reserved: 96.00 MB
[2026-06-26 17:13:38,831][pretrain_logger][INFO] - Pretrain memory reserved: 96.00 MB
2026-06-26 17:13:38 - pretrain_logger - INFO - Pretrain memory allocated: 21.19 MB
[2026-06-26 17:13:38,831][pretrain_logger][INFO] - Pretrain memory allocated: 21.19 MB
2026-06-26 17:13:38 - pretrain_logger - INFO - Current learning rate: 0.0005
[2026-06-26 17:13:38,831][pretrain_logger][INFO] - Current learning rate: 0.0005
2026-06-26 17:13:38 - pretrain_logger - INFO - Logged epoch Pretrain 2 info to /public/home/202411094934/python_project/Spatio-Temporal-Library/time-series/2026-06-26/fedformer/pretrain10/etth2/time-series/seed_2/training_log.json
[2026-06-26 17:13:38,834][pretrain_logger][INFO] - Logged epoch Pretrain 2 info to /public/home/202411094934/python_project/Spatio-Temporal-Library/time-series/2026-06-26/fedformer/pretrain10/etth2/time-series/seed_2/training_log.json
2026-06-26 17:43:01 - pretrain_logger - INFO - [JEPA Pretrain] Epoch 3/10, loss=0.201380, time=1762.82s
[2026-06-26 17:43:01,653][pretrain_logger][INFO] - [JEPA Pretrain] Epoch 3/10, loss=0.201380, time=1762.82s
2026-06-26 17:43:01 - pretrain_logger - INFO - Pretrain loss: 0.20138039967810545
[2026-06-26 17:43:01,655][pretrain_logger][INFO] - Pretrain loss: 0.20138039967810545
2026-06-26 17:43:01 - pretrain_logger - INFO - Pretrain time: 1762.8181080818176s
[2026-06-26 17:43:01,655][pretrain_logger][INFO] - Pretrain time: 1762.8181080818176s
2026-06-26 17:43:01 - pretrain_logger - INFO - Pretrain memory reserved: 96.00 MB
[2026-06-26 17:43:01,655][pretrain_logger][INFO] - Pretrain memory reserved: 96.00 MB
2026-06-26 17:43:01 - pretrain_logger - INFO - Pretrain memory allocated: 21.19 MB
[2026-06-26 17:43:01,655][pretrain_logger][INFO] - Pretrain memory allocated: 21.19 MB
2026-06-26 17:43:01 - pretrain_logger - INFO - Current learning rate: 0.0005
[2026-06-26 17:43:01,656][pretrain_logger][INFO] - Current learning rate: 0.0005
2026-06-26 17:43:01 - pretrain_logger - INFO - Logged epoch Pretrain 3 info to /public/home/202411094934/python_project/Spatio-Temporal-Library/time-series/2026-06-26/fedformer/pretrain10/etth2/time-series/seed_2/training_log.json
[2026-06-26 17:43:01,658][pretrain_logger][INFO] - Logged epoch Pretrain 3 info to /public/home/202411094934/python_project/Spatio-Temporal-Library/time-series/2026-06-26/fedformer/pretrain10/etth2/time-series/seed_2/training_log.json
2026-06-26 18:12:25 - pretrain_logger - INFO - [JEPA Pretrain] Epoch 4/10, loss=0.212935, time=1764.00s
[2026-06-26 18:12:25,658][pretrain_logger][INFO] - [JEPA Pretrain] Epoch 4/10, loss=0.212935, time=1764.00s
2026-06-26 18:12:25 - pretrain_logger - INFO - Pretrain loss: 0.21293475638384124
[2026-06-26 18:12:25,680][pretrain_logger][INFO] - Pretrain loss: 0.21293475638384124
2026-06-26 18:12:25 - pretrain_logger - INFO - Pretrain time: 1763.999035835266s
[2026-06-26 18:12:25,680][pretrain_logger][INFO] - Pretrain time: 1763.999035835266s
2026-06-26 18:12:25 - pretrain_logger - INFO - Pretrain memory reserved: 96.00 MB
[2026-06-26 18:12:25,680][pretrain_logger][INFO] - Pretrain memory reserved: 96.00 MB
2026-06-26 18:12:25 - pretrain_logger - INFO - Pretrain memory allocated: 21.19 MB
[2026-06-26 18:12:25,680][pretrain_logger][INFO] - Pretrain memory allocated: 21.19 MB
2026-06-26 18:12:25 - pretrain_logger - INFO - Current learning rate: 0.0005
[2026-06-26 18:12:25,680][pretrain_logger][INFO] - Current learning rate: 0.0005
2026-06-26 18:12:25 - pretrain_logger - INFO - Logged epoch Pretrain 4 info to /public/home/202411094934/python_project/Spatio-Temporal-Library/time-series/2026-06-26/fedformer/pretrain10/etth2/time-series/seed_2/training_log.json
[2026-06-26 18:12:25,683][pretrain_logger][INFO] - Logged epoch Pretrain 4 info to /public/home/202411094934/python_project/Spatio-Temporal-Library/time-series/2026-06-26/fedformer/pretrain10/etth2/time-series/seed_2/training_log.json
2026-06-26 18:41:45 - pretrain_logger - INFO - [JEPA Pretrain] Epoch 5/10, loss=0.247723, time=1759.50s
[2026-06-26 18:41:45,188][pretrain_logger][INFO] - [JEPA Pretrain] Epoch 5/10, loss=0.247723, time=1759.50s
2026-06-26 18:41:45 - pretrain_logger - INFO - Pretrain loss: 0.24772310379757018
[2026-06-26 18:41:45,189][pretrain_logger][INFO] - Pretrain loss: 0.24772310379757018
2026-06-26 18:41:45 - pretrain_logger - INFO - Pretrain time: 1759.5046725273132s
[2026-06-26 18:41:45,189][pretrain_logger][INFO] - Pretrain time: 1759.5046725273132s
2026-06-26 18:41:45 - pretrain_logger - INFO - Pretrain memory reserved: 96.00 MB
[2026-06-26 18:41:45,189][pretrain_logger][INFO] - Pretrain memory reserved: 96.00 MB
2026-06-26 18:41:45 - pretrain_logger - INFO - Pretrain memory allocated: 21.19 MB
[2026-06-26 18:41:45,189][pretrain_logger][INFO] - Pretrain memory allocated: 21.19 MB
2026-06-26 18:41:45 - pretrain_logger - INFO - Current learning rate: 0.0005
[2026-06-26 18:41:45,189][pretrain_logger][INFO] - Current learning rate: 0.0005
2026-06-26 18:41:45 - pretrain_logger - INFO - Logged epoch Pretrain 5 info to /public/home/202411094934/python_project/Spatio-Temporal-Library/time-series/2026-06-26/fedformer/pretrain10/etth2/time-series/seed_2/training_log.json
[2026-06-26 18:41:45,192][pretrain_logger][INFO] - Logged epoch Pretrain 5 info to /public/home/202411094934/python_project/Spatio-Temporal-Library/time-series/2026-06-26/fedformer/pretrain10/etth2/time-series/seed_2/training_log.json
2026-06-26 19:11:06 - pretrain_logger - INFO - [JEPA Pretrain] Epoch 6/10, loss=0.240549, time=1760.89s
[2026-06-26 19:11:06,087][pretrain_logger][INFO] - [JEPA Pretrain] Epoch 6/10, loss=0.240549, time=1760.89s
2026-06-26 19:11:06 - pretrain_logger - INFO - Pretrain loss: 0.24054861190458285
[2026-06-26 19:11:06,107][pretrain_logger][INFO] - Pretrain loss: 0.24054861190458285
2026-06-26 19:11:06 - pretrain_logger - INFO - Pretrain time: 1760.89448428154s
[2026-06-26 19:11:06,107][pretrain_logger][INFO] - Pretrain time: 1760.89448428154s
2026-06-26 19:11:06 - pretrain_logger - INFO - Pretrain memory reserved: 96.00 MB
[2026-06-26 19:11:06,107][pretrain_logger][INFO] - Pretrain memory reserved: 96.00 MB
2026-06-26 19:11:06 - pretrain_logger - INFO - Pretrain memory allocated: 21.19 MB
[2026-06-26 19:11:06,108][pretrain_logger][INFO] - Pretrain memory allocated: 21.19 MB
2026-06-26 19:11:06 - pretrain_logger - INFO - Current learning rate: 0.0005
[2026-06-26 19:11:06,108][pretrain_logger][INFO] - Current learning rate: 0.0005
2026-06-26 19:11:06 - pretrain_logger - INFO - Logged epoch Pretrain 6 info to /public/home/202411094934/python_project/Spatio-Temporal-Library/time-series/2026-06-26/fedformer/pretrain10/etth2/time-series/seed_2/training_log.json
[2026-06-26 19:11:06,111][pretrain_logger][INFO] - Logged epoch Pretrain 6 info to /public/home/202411094934/python_project/Spatio-Temporal-Library/time-series/2026-06-26/fedformer/pretrain10/etth2/time-series/seed_2/training_log.json
2026-06-26 19:40:28 - pretrain_logger - INFO - [JEPA Pretrain] Epoch 7/10, loss=0.239183, time=1762.38s
[2026-06-26 19:40:28,490][pretrain_logger][INFO] - [JEPA Pretrain] Epoch 7/10, loss=0.239183, time=1762.38s
2026-06-26 19:40:28 - pretrain_logger - INFO - Pretrain loss: 0.23918266663895307
[2026-06-26 19:40:28,491][pretrain_logger][INFO] - Pretrain loss: 0.23918266663895307
2026-06-26 19:40:28 - pretrain_logger - INFO - Pretrain time: 1762.3795659542084s
[2026-06-26 19:40:28,491][pretrain_logger][INFO] - Pretrain time: 1762.3795659542084s
2026-06-26 19:40:28 - pretrain_logger - INFO - Pretrain memory reserved: 96.00 MB
[2026-06-26 19:40:28,491][pretrain_logger][INFO] - Pretrain memory reserved: 96.00 MB
2026-06-26 19:40:28 - pretrain_logger - INFO - Pretrain memory allocated: 21.19 MB
[2026-06-26 19:40:28,492][pretrain_logger][INFO] - Pretrain memory allocated: 21.19 MB
2026-06-26 19:40:28 - pretrain_logger - INFO - Current learning rate: 0.0005
[2026-06-26 19:40:28,492][pretrain_logger][INFO] - Current learning rate: 0.0005
2026-06-26 19:40:28 - pretrain_logger - INFO - Logged epoch Pretrain 7 info to /public/home/202411094934/python_project/Spatio-Temporal-Library/time-series/2026-06-26/fedformer/pretrain10/etth2/time-series/seed_2/training_log.json
[2026-06-26 19:40:28,495][pretrain_logger][INFO] - Logged epoch Pretrain 7 info to /public/home/202411094934/python_project/Spatio-Temporal-Library/time-series/2026-06-26/fedformer/pretrain10/etth2/time-series/seed_2/training_log.json
2026-06-26 20:09:47 - pretrain_logger - INFO - [JEPA Pretrain] Epoch 8/10, loss=0.243473, time=1758.76s
[2026-06-26 20:09:47,254][pretrain_logger][INFO] - [JEPA Pretrain] Epoch 8/10, loss=0.243473, time=1758.76s
2026-06-26 20:09:47 - pretrain_logger - INFO - Pretrain loss: 0.24347345181249255
[2026-06-26 20:09:47,276][pretrain_logger][INFO] - Pretrain loss: 0.24347345181249255
2026-06-26 20:09:47 - pretrain_logger - INFO - Pretrain time: 1758.7592310905457s
[2026-06-26 20:09:47,277][pretrain_logger][INFO] - Pretrain time: 1758.7592310905457s
2026-06-26 20:09:47 - pretrain_logger - INFO - Pretrain memory reserved: 96.00 MB
[2026-06-26 20:09:47,277][pretrain_logger][INFO] - Pretrain memory reserved: 96.00 MB
2026-06-26 20:09:47 - pretrain_logger - INFO - Pretrain memory allocated: 21.19 MB
[2026-06-26 20:09:47,277][pretrain_logger][INFO] - Pretrain memory allocated: 21.19 MB
2026-06-26 20:09:47 - pretrain_logger - INFO - Current learning rate: 0.0005
[2026-06-26 20:09:47,277][pretrain_logger][INFO] - Current learning rate: 0.0005
2026-06-26 20:09:47 - pretrain_logger - INFO - Logged epoch Pretrain 8 info to /public/home/202411094934/python_project/Spatio-Temporal-Library/time-series/2026-06-26/fedformer/pretrain10/etth2/time-series/seed_2/training_log.json
[2026-06-26 20:09:47,280][pretrain_logger][INFO] - Logged epoch Pretrain 8 info to /public/home/202411094934/python_project/Spatio-Temporal-Library/time-series/2026-06-26/fedformer/pretrain10/etth2/time-series/seed_2/training_log.json
2026-06-26 20:39:02 - pretrain_logger - INFO - [JEPA Pretrain] Epoch 9/10, loss=0.254144, time=1754.91s
[2026-06-26 20:39:02,195][pretrain_logger][INFO] - [JEPA Pretrain] Epoch 9/10, loss=0.254144, time=1754.91s
2026-06-26 20:39:02 - pretrain_logger - INFO - Pretrain loss: 0.2541436206196203
[2026-06-26 20:39:02,196][pretrain_logger][INFO] - Pretrain loss: 0.2541436206196203
2026-06-26 20:39:02 - pretrain_logger - INFO - Pretrain time: 1754.9149796962738s
[2026-06-26 20:39:02,196][pretrain_logger][INFO] - Pretrain time: 1754.9149796962738s
2026-06-26 20:39:02 - pretrain_logger - INFO - Pretrain memory reserved: 96.00 MB
[2026-06-26 20:39:02,196][pretrain_logger][INFO] - Pretrain memory reserved: 96.00 MB
2026-06-26 20:39:02 - pretrain_logger - INFO - Pretrain memory allocated: 21.19 MB
[2026-06-26 20:39:02,196][pretrain_logger][INFO] - Pretrain memory allocated: 21.19 MB
2026-06-26 20:39:02 - pretrain_logger - INFO - Current learning rate: 0.0005
[2026-06-26 20:39:02,197][pretrain_logger][INFO] - Current learning rate: 0.0005
2026-06-26 20:39:02 - pretrain_logger - INFO - Logged epoch Pretrain 9 info to /public/home/202411094934/python_project/Spatio-Temporal-Library/time-series/2026-06-26/fedformer/pretrain10/etth2/time-series/seed_2/training_log.json
[2026-06-26 20:39:02,200][pretrain_logger][INFO] - Logged epoch Pretrain 9 info to /public/home/202411094934/python_project/Spatio-Temporal-Library/time-series/2026-06-26/fedformer/pretrain10/etth2/time-series/seed_2/training_log.json
2026-06-26 21:08:24 - pretrain_logger - INFO - [JEPA Pretrain] Epoch 10/10, loss=0.263282, time=1762.28s
[2026-06-26 21:08:24,484][pretrain_logger][INFO] - [JEPA Pretrain] Epoch 10/10, loss=0.263282, time=1762.28s
2026-06-26 21:08:24 - pretrain_logger - INFO - Pretrain loss: 0.26328165103050094
[2026-06-26 21:08:24,506][pretrain_logger][INFO] - Pretrain loss: 0.26328165103050094
2026-06-26 21:08:24 - pretrain_logger - INFO - Pretrain time: 1762.2837190628052s
[2026-06-26 21:08:24,506][pretrain_logger][INFO] - Pretrain time: 1762.2837190628052s
2026-06-26 21:08:24 - pretrain_logger - INFO - Pretrain memory reserved: 96.00 MB
[2026-06-26 21:08:24,506][pretrain_logger][INFO] - Pretrain memory reserved: 96.00 MB
2026-06-26 21:08:24 - pretrain_logger - INFO - Pretrain memory allocated: 21.19 MB
[2026-06-26 21:08:24,506][pretrain_logger][INFO] - Pretrain memory allocated: 21.19 MB
2026-06-26 21:08:24 - pretrain_logger - INFO - Current learning rate: 0.0005
[2026-06-26 21:08:24,506][pretrain_logger][INFO] - Current learning rate: 0.0005
2026-06-26 21:08:24 - pretrain_logger - INFO - Logged epoch Pretrain 10 info to /public/home/202411094934/python_project/Spatio-Temporal-Library/time-series/2026-06-26/fedformer/pretrain10/etth2/time-series/seed_2/training_log.json
[2026-06-26 21:08:24,509][pretrain_logger][INFO] - Logged epoch Pretrain 10 info to /public/home/202411094934/python_project/Spatio-Temporal-Library/time-series/2026-06-26/fedformer/pretrain10/etth2/time-series/seed_2/training_log.json
2026-06-26 21:08:24 - pretrain_logger - INFO - JEPA pretraining completed.
[2026-06-26 21:08:24,509][pretrain_logger][INFO] - JEPA pretraining completed.
