2026-06-21 15:01:21 - finetune_logger - INFO - Loaded pretrained checkpoint from: /public/home/202411094934/python_project/Spatio-Temporal-Library/time-series/2026-06-21/autoformer/pretrain10/electricity/time-series/seed_1/jepa_pretrain_epoch_10.pth
Missing keys: []
Unexpected keys: []
[2026-06-21 15:01:21,738][finetune_logger][INFO] - Loaded pretrained checkpoint from: /public/home/202411094934/python_project/Spatio-Temporal-Library/time-series/2026-06-21/autoformer/pretrain10/electricity/time-series/seed_1/jepa_pretrain_epoch_10.pth
Missing keys: []
Unexpected keys: []
2026-06-21 15:01:21 - finetune_logger - INFO - Model parameters: 450,049
[2026-06-21 15:01:21,742][finetune_logger][INFO] - Model parameters: 450,049
2026-06-21 15:01:21 - finetune_logger - INFO - Created new log file at /public/home/202411094934/python_project/Spatio-Temporal-Library/time-series/2026-06-21/autoformer/pretrain10_finetune10/electricity/time-series/seed_1/training_log.json
[2026-06-21 15:01:21,744][finetune_logger][INFO] - Created new log file at /public/home/202411094934/python_project/Spatio-Temporal-Library/time-series/2026-06-21/autoformer/pretrain10_finetune10/electricity/time-series/seed_1/training_log.json
2026-06-21 15:01:21 - finetune_logger - INFO - Starting training...
[2026-06-21 15:01:21,744][finetune_logger][INFO] - Starting training...
2026-06-21 15:01:21 - finetune_logger - INFO - Epoch 1/10
[2026-06-21 15:01:21,745][finetune_logger][INFO] - Epoch 1/10
2026-06-21 15:23:43 - finetune_logger - INFO - Train loss: 269.3535308518527
[2026-06-21 15:23:43,475][finetune_logger][INFO] - Train loss: 269.3535308518527
2026-06-21 15:23:43 - finetune_logger - INFO - Train time: 1341.7297666072845s
[2026-06-21 15:23:43,475][finetune_logger][INFO] - Train time: 1341.7297666072845s
2026-06-21 15:23:43 - finetune_logger - INFO - Train memory reserved: 70.00 MB
[2026-06-21 15:23:43,475][finetune_logger][INFO] - Train memory reserved: 70.00 MB
2026-06-21 15:23:43 - finetune_logger - INFO - Train memory allocated: 23.87 MB
[2026-06-21 15:23:43,476][finetune_logger][INFO] - Train memory allocated: 23.87 MB
2026-06-21 15:23:43 - finetune_logger - INFO - Current learning rate: 0.0005
[2026-06-21 15:23:43,476][finetune_logger][INFO] - Current learning rate: 0.0005
2026-06-21 15:24:47 - finetune_logger - INFO - Validation metrics: {'MAE': 225.92507222065197, 'RMSE': 1772.2791285464584}
[2026-06-21 15:24:47,528][finetune_logger][INFO] - Validation metrics: {'MAE': 225.92507222065197, 'RMSE': 1772.2791285464584}
2026-06-21 15:24:47 - finetune_logger - INFO - Val time: 64.05s
[2026-06-21 15:24:47,528][finetune_logger][INFO] - Val time: 64.05s
2026-06-21 15:24:47 - finetune_logger - INFO - Val memory reserved: 70.00 MB
[2026-06-21 15:24:47,528][finetune_logger][INFO] - Val memory reserved: 70.00 MB
2026-06-21 15:24:47 - finetune_logger - INFO - Val memory allocated: 23.87 MB
[2026-06-21 15:24:47,528][finetune_logger][INFO] - Val memory allocated: 23.87 MB
2026-06-21 15:24:47 - finetune_logger - INFO - Logged epoch 1 info to /public/home/202411094934/python_project/Spatio-Temporal-Library/time-series/2026-06-21/autoformer/pretrain10_finetune10/electricity/time-series/seed_1/training_log.json
[2026-06-21 15:24:47,532][finetune_logger][INFO] - Logged epoch 1 info to /public/home/202411094934/python_project/Spatio-Temporal-Library/time-series/2026-06-21/autoformer/pretrain10_finetune10/electricity/time-series/seed_1/training_log.json
2026-06-21 15:24:47 - finetune_logger - INFO - New best model! Val loss: 225.925072
[2026-06-21 15:24:47,532][finetune_logger][INFO] - New best model! Val loss: 225.925072
2026-06-21 15:27:02 - finetune_logger - INFO - Test metrics: {'MAE': 300.6522212012317, 'RMSE': 2688.888572209836}
[2026-06-21 15:27:02,654][finetune_logger][INFO] - Test metrics: {'MAE': 300.6522212012317, 'RMSE': 2688.888572209836}
2026-06-21 15:27:02 - finetune_logger - INFO - Test time: 135.06s
[2026-06-21 15:27:02,654][finetune_logger][INFO] - Test time: 135.06s
2026-06-21 15:27:02 - finetune_logger - INFO - Test memory reserved: 70.00 MB
[2026-06-21 15:27:02,655][finetune_logger][INFO] - Test memory reserved: 70.00 MB
2026-06-21 15:27:02 - finetune_logger - INFO - Test memory allocated: 23.87 MB
[2026-06-21 15:27:02,655][finetune_logger][INFO] - Test memory allocated: 23.87 MB
2026-06-21 15:27:02 - finetune_logger - INFO - Epoch 2/10
[2026-06-21 15:27:02,655][finetune_logger][INFO] - Epoch 2/10
2026-06-21 15:49:25 - finetune_logger - INFO - Train loss: 213.80433418175912
[2026-06-21 15:49:25,752][finetune_logger][INFO] - Train loss: 213.80433418175912
2026-06-21 15:49:25 - finetune_logger - INFO - Train time: 1343.0964641571045s
[2026-06-21 15:49:25,752][finetune_logger][INFO] - Train time: 1343.0964641571045s
2026-06-21 15:49:25 - finetune_logger - INFO - Train memory reserved: 70.00 MB
[2026-06-21 15:49:25,752][finetune_logger][INFO] - Train memory reserved: 70.00 MB
2026-06-21 15:49:25 - finetune_logger - INFO - Train memory allocated: 23.87 MB
[2026-06-21 15:49:25,752][finetune_logger][INFO] - Train memory allocated: 23.87 MB
2026-06-21 15:49:25 - finetune_logger - INFO - Current learning rate: 0.0005
[2026-06-21 15:49:25,753][finetune_logger][INFO] - Current learning rate: 0.0005
2026-06-21 15:50:29 - finetune_logger - INFO - Validation metrics: {'MAE': 222.38530444335962, 'RMSE': 1800.7470427374567}
[2026-06-21 15:50:29,901][finetune_logger][INFO] - Validation metrics: {'MAE': 222.38530444335962, 'RMSE': 1800.7470427374567}
2026-06-21 15:50:29 - finetune_logger - INFO - Val time: 64.15s
[2026-06-21 15:50:29,901][finetune_logger][INFO] - Val time: 64.15s
2026-06-21 15:50:29 - finetune_logger - INFO - Val memory reserved: 70.00 MB
[2026-06-21 15:50:29,901][finetune_logger][INFO] - Val memory reserved: 70.00 MB
2026-06-21 15:50:29 - finetune_logger - INFO - Val memory allocated: 23.87 MB
[2026-06-21 15:50:29,902][finetune_logger][INFO] - Val memory allocated: 23.87 MB
2026-06-21 15:50:29 - finetune_logger - INFO - Logged epoch 2 info to /public/home/202411094934/python_project/Spatio-Temporal-Library/time-series/2026-06-21/autoformer/pretrain10_finetune10/electricity/time-series/seed_1/training_log.json
[2026-06-21 15:50:29,904][finetune_logger][INFO] - Logged epoch 2 info to /public/home/202411094934/python_project/Spatio-Temporal-Library/time-series/2026-06-21/autoformer/pretrain10_finetune10/electricity/time-series/seed_1/training_log.json
2026-06-21 15:50:29 - finetune_logger - INFO - New best model! Val loss: 222.385304
[2026-06-21 15:50:29,905][finetune_logger][INFO] - New best model! Val loss: 222.385304
2026-06-21 15:52:44 - finetune_logger - INFO - Test metrics: {'MAE': 286.22517940520316, 'RMSE': 2525.707961112745}
[2026-06-21 15:52:44,860][finetune_logger][INFO] - Test metrics: {'MAE': 286.22517940520316, 'RMSE': 2525.707961112745}
2026-06-21 15:52:44 - finetune_logger - INFO - Test time: 134.89s
[2026-06-21 15:52:44,860][finetune_logger][INFO] - Test time: 134.89s
2026-06-21 15:52:44 - finetune_logger - INFO - Test memory reserved: 70.00 MB
[2026-06-21 15:52:44,861][finetune_logger][INFO] - Test memory reserved: 70.00 MB
2026-06-21 15:52:44 - finetune_logger - INFO - Test memory allocated: 23.87 MB
[2026-06-21 15:52:44,861][finetune_logger][INFO] - Test memory allocated: 23.87 MB
2026-06-21 15:52:44 - finetune_logger - INFO - Epoch 3/10
[2026-06-21 15:52:44,861][finetune_logger][INFO] - Epoch 3/10
2026-06-21 16:15:06 - finetune_logger - INFO - Train loss: 198.53693013948185
[2026-06-21 16:15:06,621][finetune_logger][INFO] - Train loss: 198.53693013948185
2026-06-21 16:15:06 - finetune_logger - INFO - Train time: 1341.7599732875824s
[2026-06-21 16:15:06,622][finetune_logger][INFO] - Train time: 1341.7599732875824s
2026-06-21 16:15:06 - finetune_logger - INFO - Train memory reserved: 70.00 MB
[2026-06-21 16:15:06,622][finetune_logger][INFO] - Train memory reserved: 70.00 MB
2026-06-21 16:15:06 - finetune_logger - INFO - Train memory allocated: 23.87 MB
[2026-06-21 16:15:06,622][finetune_logger][INFO] - Train memory allocated: 23.87 MB
2026-06-21 16:15:06 - finetune_logger - INFO - Current learning rate: 0.0005
[2026-06-21 16:15:06,622][finetune_logger][INFO] - Current learning rate: 0.0005
2026-06-21 16:16:10 - finetune_logger - INFO - Validation metrics: {'MAE': 228.44082439221742, 'RMSE': 1903.1123611739276}
[2026-06-21 16:16:10,797][finetune_logger][INFO] - Validation metrics: {'MAE': 228.44082439221742, 'RMSE': 1903.1123611739276}
2026-06-21 16:16:10 - finetune_logger - INFO - Val time: 64.17s
[2026-06-21 16:16:10,798][finetune_logger][INFO] - Val time: 64.17s
2026-06-21 16:16:10 - finetune_logger - INFO - Val memory reserved: 70.00 MB
[2026-06-21 16:16:10,798][finetune_logger][INFO] - Val memory reserved: 70.00 MB
2026-06-21 16:16:10 - finetune_logger - INFO - Val memory allocated: 23.87 MB
[2026-06-21 16:16:10,798][finetune_logger][INFO] - Val memory allocated: 23.87 MB
2026-06-21 16:16:10 - finetune_logger - INFO - Logged epoch 3 info to /public/home/202411094934/python_project/Spatio-Temporal-Library/time-series/2026-06-21/autoformer/pretrain10_finetune10/electricity/time-series/seed_1/training_log.json
[2026-06-21 16:16:10,802][finetune_logger][INFO] - Logged epoch 3 info to /public/home/202411094934/python_project/Spatio-Temporal-Library/time-series/2026-06-21/autoformer/pretrain10_finetune10/electricity/time-series/seed_1/training_log.json
2026-06-21 16:18:26 - finetune_logger - INFO - Test metrics: {'MAE': 288.5704677270173, 'RMSE': 2635.940059307575}
[2026-06-21 16:18:26,051][finetune_logger][INFO] - Test metrics: {'MAE': 288.5704677270173, 'RMSE': 2635.940059307575}
2026-06-21 16:18:26 - finetune_logger - INFO - Test time: 135.25s
[2026-06-21 16:18:26,051][finetune_logger][INFO] - Test time: 135.25s
2026-06-21 16:18:26 - finetune_logger - INFO - Test memory reserved: 70.00 MB
[2026-06-21 16:18:26,051][finetune_logger][INFO] - Test memory reserved: 70.00 MB
2026-06-21 16:18:26 - finetune_logger - INFO - Test memory allocated: 23.87 MB
[2026-06-21 16:18:26,052][finetune_logger][INFO] - Test memory allocated: 23.87 MB
2026-06-21 16:18:26 - finetune_logger - INFO - Epoch 4/10
[2026-06-21 16:18:26,052][finetune_logger][INFO] - Epoch 4/10
2026-06-21 16:40:50 - finetune_logger - INFO - Train loss: 190.5303223215932
[2026-06-21 16:40:50,455][finetune_logger][INFO] - Train loss: 190.5303223215932
2026-06-21 16:40:50 - finetune_logger - INFO - Train time: 1344.4030919075012s
[2026-06-21 16:40:50,456][finetune_logger][INFO] - Train time: 1344.4030919075012s
2026-06-21 16:40:50 - finetune_logger - INFO - Train memory reserved: 70.00 MB
[2026-06-21 16:40:50,456][finetune_logger][INFO] - Train memory reserved: 70.00 MB
2026-06-21 16:40:50 - finetune_logger - INFO - Train memory allocated: 23.87 MB
[2026-06-21 16:40:50,456][finetune_logger][INFO] - Train memory allocated: 23.87 MB
2026-06-21 16:40:50 - finetune_logger - INFO - Current learning rate: 0.0005
[2026-06-21 16:40:50,456][finetune_logger][INFO] - Current learning rate: 0.0005
2026-06-21 16:41:54 - finetune_logger - INFO - Validation metrics: {'MAE': 217.1990565763774, 'RMSE': 1788.4783320826493}
[2026-06-21 16:41:54,636][finetune_logger][INFO] - Validation metrics: {'MAE': 217.1990565763774, 'RMSE': 1788.4783320826493}
2026-06-21 16:41:54 - finetune_logger - INFO - Val time: 64.18s
[2026-06-21 16:41:54,636][finetune_logger][INFO] - Val time: 64.18s
2026-06-21 16:41:54 - finetune_logger - INFO - Val memory reserved: 70.00 MB
[2026-06-21 16:41:54,636][finetune_logger][INFO] - Val memory reserved: 70.00 MB
2026-06-21 16:41:54 - finetune_logger - INFO - Val memory allocated: 23.87 MB
[2026-06-21 16:41:54,636][finetune_logger][INFO] - Val memory allocated: 23.87 MB
2026-06-21 16:41:54 - finetune_logger - INFO - Logged epoch 4 info to /public/home/202411094934/python_project/Spatio-Temporal-Library/time-series/2026-06-21/autoformer/pretrain10_finetune10/electricity/time-series/seed_1/training_log.json
[2026-06-21 16:41:54,639][finetune_logger][INFO] - Logged epoch 4 info to /public/home/202411094934/python_project/Spatio-Temporal-Library/time-series/2026-06-21/autoformer/pretrain10_finetune10/electricity/time-series/seed_1/training_log.json
2026-06-21 16:41:54 - finetune_logger - INFO - New best model! Val loss: 217.199057
[2026-06-21 16:41:54,639][finetune_logger][INFO] - New best model! Val loss: 217.199057
2026-06-21 16:44:09 - finetune_logger - INFO - Test metrics: {'MAE': 275.35705699581405, 'RMSE': 2359.654916076463}
[2026-06-21 16:44:09,706][finetune_logger][INFO] - Test metrics: {'MAE': 275.35705699581405, 'RMSE': 2359.654916076463}
2026-06-21 16:44:09 - finetune_logger - INFO - Test time: 135.00s
[2026-06-21 16:44:09,706][finetune_logger][INFO] - Test time: 135.00s
2026-06-21 16:44:09 - finetune_logger - INFO - Test memory reserved: 70.00 MB
[2026-06-21 16:44:09,706][finetune_logger][INFO] - Test memory reserved: 70.00 MB
2026-06-21 16:44:09 - finetune_logger - INFO - Test memory allocated: 23.87 MB
[2026-06-21 16:44:09,706][finetune_logger][INFO] - Test memory allocated: 23.87 MB
2026-06-21 16:44:09 - finetune_logger - INFO - Epoch 5/10
[2026-06-21 16:44:09,707][finetune_logger][INFO] - Epoch 5/10
2026-06-21 17:06:33 - finetune_logger - INFO - Train loss: 184.8507546917882
[2026-06-21 17:06:33,078][finetune_logger][INFO] - Train loss: 184.8507546917882
2026-06-21 17:06:33 - finetune_logger - INFO - Train time: 1343.3709790706635s
[2026-06-21 17:06:33,078][finetune_logger][INFO] - Train time: 1343.3709790706635s
2026-06-21 17:06:33 - finetune_logger - INFO - Train memory reserved: 70.00 MB
[2026-06-21 17:06:33,078][finetune_logger][INFO] - Train memory reserved: 70.00 MB
2026-06-21 17:06:33 - finetune_logger - INFO - Train memory allocated: 23.87 MB
[2026-06-21 17:06:33,079][finetune_logger][INFO] - Train memory allocated: 23.87 MB
2026-06-21 17:06:33 - finetune_logger - INFO - Current learning rate: 0.0005
[2026-06-21 17:06:33,079][finetune_logger][INFO] - Current learning rate: 0.0005
2026-06-21 17:07:37 - finetune_logger - INFO - Validation metrics: {'MAE': 215.047191129985, 'RMSE': 1722.839342439352}
[2026-06-21 17:07:37,177][finetune_logger][INFO] - Validation metrics: {'MAE': 215.047191129985, 'RMSE': 1722.839342439352}
2026-06-21 17:07:37 - finetune_logger - INFO - Val time: 64.10s
[2026-06-21 17:07:37,177][finetune_logger][INFO] - Val time: 64.10s
2026-06-21 17:07:37 - finetune_logger - INFO - Val memory reserved: 70.00 MB
[2026-06-21 17:07:37,177][finetune_logger][INFO] - Val memory reserved: 70.00 MB
2026-06-21 17:07:37 - finetune_logger - INFO - Val memory allocated: 23.87 MB
[2026-06-21 17:07:37,177][finetune_logger][INFO] - Val memory allocated: 23.87 MB
2026-06-21 17:07:37 - finetune_logger - INFO - Logged epoch 5 info to /public/home/202411094934/python_project/Spatio-Temporal-Library/time-series/2026-06-21/autoformer/pretrain10_finetune10/electricity/time-series/seed_1/training_log.json
[2026-06-21 17:07:37,180][finetune_logger][INFO] - Logged epoch 5 info to /public/home/202411094934/python_project/Spatio-Temporal-Library/time-series/2026-06-21/autoformer/pretrain10_finetune10/electricity/time-series/seed_1/training_log.json
2026-06-21 17:07:37 - finetune_logger - INFO - New best model! Val loss: 215.047191
[2026-06-21 17:07:37,180][finetune_logger][INFO] - New best model! Val loss: 215.047191
2026-06-21 17:09:52 - finetune_logger - INFO - Test metrics: {'MAE': 274.1540123185447, 'RMSE': 2380.276632197332}
[2026-06-21 17:09:52,427][finetune_logger][INFO] - Test metrics: {'MAE': 274.1540123185447, 'RMSE': 2380.276632197332}
2026-06-21 17:09:52 - finetune_logger - INFO - Test time: 135.18s
[2026-06-21 17:09:52,427][finetune_logger][INFO] - Test time: 135.18s
2026-06-21 17:09:52 - finetune_logger - INFO - Test memory reserved: 70.00 MB
[2026-06-21 17:09:52,427][finetune_logger][INFO] - Test memory reserved: 70.00 MB
2026-06-21 17:09:52 - finetune_logger - INFO - Test memory allocated: 23.87 MB
[2026-06-21 17:09:52,428][finetune_logger][INFO] - Test memory allocated: 23.87 MB
2026-06-21 17:09:52 - finetune_logger - INFO - Epoch 6/10
[2026-06-21 17:09:52,428][finetune_logger][INFO] - Epoch 6/10
2026-06-21 17:32:16 - finetune_logger - INFO - Train loss: 181.26376052253815
[2026-06-21 17:32:16,313][finetune_logger][INFO] - Train loss: 181.26376052253815
2026-06-21 17:32:16 - finetune_logger - INFO - Train time: 1343.884733915329s
[2026-06-21 17:32:16,313][finetune_logger][INFO] - Train time: 1343.884733915329s
2026-06-21 17:32:16 - finetune_logger - INFO - Train memory reserved: 70.00 MB
[2026-06-21 17:32:16,313][finetune_logger][INFO] - Train memory reserved: 70.00 MB
2026-06-21 17:32:16 - finetune_logger - INFO - Train memory allocated: 23.87 MB
[2026-06-21 17:32:16,314][finetune_logger][INFO] - Train memory allocated: 23.87 MB
2026-06-21 17:32:16 - finetune_logger - INFO - Current learning rate: 0.0005
[2026-06-21 17:32:16,314][finetune_logger][INFO] - Current learning rate: 0.0005
2026-06-21 17:33:20 - finetune_logger - INFO - Validation metrics: {'MAE': 224.50079873175372, 'RMSE': 1895.4037322933777}
[2026-06-21 17:33:20,524][finetune_logger][INFO] - Validation metrics: {'MAE': 224.50079873175372, 'RMSE': 1895.4037322933777}
2026-06-21 17:33:20 - finetune_logger - INFO - Val time: 64.21s
[2026-06-21 17:33:20,524][finetune_logger][INFO] - Val time: 64.21s
2026-06-21 17:33:20 - finetune_logger - INFO - Val memory reserved: 70.00 MB
[2026-06-21 17:33:20,524][finetune_logger][INFO] - Val memory reserved: 70.00 MB
2026-06-21 17:33:20 - finetune_logger - INFO - Val memory allocated: 23.87 MB
[2026-06-21 17:33:20,524][finetune_logger][INFO] - Val memory allocated: 23.87 MB
2026-06-21 17:33:20 - finetune_logger - INFO - Logged epoch 6 info to /public/home/202411094934/python_project/Spatio-Temporal-Library/time-series/2026-06-21/autoformer/pretrain10_finetune10/electricity/time-series/seed_1/training_log.json
[2026-06-21 17:33:20,528][finetune_logger][INFO] - Logged epoch 6 info to /public/home/202411094934/python_project/Spatio-Temporal-Library/time-series/2026-06-21/autoformer/pretrain10_finetune10/electricity/time-series/seed_1/training_log.json
2026-06-21 17:35:36 - finetune_logger - INFO - Test metrics: {'MAE': 298.1324983463063, 'RMSE': 2809.19462017092}
[2026-06-21 17:35:36,108][finetune_logger][INFO] - Test metrics: {'MAE': 298.1324983463063, 'RMSE': 2809.19462017092}
2026-06-21 17:35:36 - finetune_logger - INFO - Test time: 135.58s
[2026-06-21 17:35:36,108][finetune_logger][INFO] - Test time: 135.58s
2026-06-21 17:35:36 - finetune_logger - INFO - Test memory reserved: 70.00 MB
[2026-06-21 17:35:36,109][finetune_logger][INFO] - Test memory reserved: 70.00 MB
2026-06-21 17:35:36 - finetune_logger - INFO - Test memory allocated: 23.87 MB
[2026-06-21 17:35:36,109][finetune_logger][INFO] - Test memory allocated: 23.87 MB
2026-06-21 17:35:36 - finetune_logger - INFO - Epoch 7/10
[2026-06-21 17:35:36,109][finetune_logger][INFO] - Epoch 7/10
2026-06-21 17:58:01 - finetune_logger - INFO - Train loss: 178.09809800064107
[2026-06-21 17:58:01,153][finetune_logger][INFO] - Train loss: 178.09809800064107
2026-06-21 17:58:01 - finetune_logger - INFO - Train time: 1345.0436289310455s
[2026-06-21 17:58:01,153][finetune_logger][INFO] - Train time: 1345.0436289310455s
2026-06-21 17:58:01 - finetune_logger - INFO - Train memory reserved: 70.00 MB
[2026-06-21 17:58:01,154][finetune_logger][INFO] - Train memory reserved: 70.00 MB
2026-06-21 17:58:01 - finetune_logger - INFO - Train memory allocated: 23.87 MB
[2026-06-21 17:58:01,154][finetune_logger][INFO] - Train memory allocated: 23.87 MB
2026-06-21 17:58:01 - finetune_logger - INFO - Current learning rate: 0.0005
[2026-06-21 17:58:01,154][finetune_logger][INFO] - Current learning rate: 0.0005
2026-06-21 17:59:05 - finetune_logger - INFO - Validation metrics: {'MAE': 221.19760918868218, 'RMSE': 1850.7426427580178}
[2026-06-21 17:59:05,284][finetune_logger][INFO] - Validation metrics: {'MAE': 221.19760918868218, 'RMSE': 1850.7426427580178}
2026-06-21 17:59:05 - finetune_logger - INFO - Val time: 64.13s
[2026-06-21 17:59:05,285][finetune_logger][INFO] - Val time: 64.13s
2026-06-21 17:59:05 - finetune_logger - INFO - Val memory reserved: 70.00 MB
[2026-06-21 17:59:05,285][finetune_logger][INFO] - Val memory reserved: 70.00 MB
2026-06-21 17:59:05 - finetune_logger - INFO - Val memory allocated: 23.87 MB
[2026-06-21 17:59:05,285][finetune_logger][INFO] - Val memory allocated: 23.87 MB
2026-06-21 17:59:05 - finetune_logger - INFO - Logged epoch 7 info to /public/home/202411094934/python_project/Spatio-Temporal-Library/time-series/2026-06-21/autoformer/pretrain10_finetune10/electricity/time-series/seed_1/training_log.json
[2026-06-21 17:59:05,288][finetune_logger][INFO] - Logged epoch 7 info to /public/home/202411094934/python_project/Spatio-Temporal-Library/time-series/2026-06-21/autoformer/pretrain10_finetune10/electricity/time-series/seed_1/training_log.json
2026-06-21 18:01:20 - finetune_logger - INFO - Test metrics: {'MAE': 277.18026646849717, 'RMSE': 2477.867164326874}
[2026-06-21 18:01:20,694][finetune_logger][INFO] - Test metrics: {'MAE': 277.18026646849717, 'RMSE': 2477.867164326874}
2026-06-21 18:01:20 - finetune_logger - INFO - Test time: 135.41s
[2026-06-21 18:01:20,694][finetune_logger][INFO] - Test time: 135.41s
2026-06-21 18:01:20 - finetune_logger - INFO - Test memory reserved: 70.00 MB
[2026-06-21 18:01:20,694][finetune_logger][INFO] - Test memory reserved: 70.00 MB
2026-06-21 18:01:20 - finetune_logger - INFO - Test memory allocated: 23.87 MB
[2026-06-21 18:01:20,694][finetune_logger][INFO] - Test memory allocated: 23.87 MB
2026-06-21 18:01:20 - finetune_logger - INFO - Epoch 8/10
[2026-06-21 18:01:20,695][finetune_logger][INFO] - Epoch 8/10
2026-06-21 18:23:45 - finetune_logger - INFO - Train loss: 175.75242165688576
[2026-06-21 18:23:45,136][finetune_logger][INFO] - Train loss: 175.75242165688576
2026-06-21 18:23:45 - finetune_logger - INFO - Train time: 1344.4407658576965s
[2026-06-21 18:23:45,136][finetune_logger][INFO] - Train time: 1344.4407658576965s
2026-06-21 18:23:45 - finetune_logger - INFO - Train memory reserved: 70.00 MB
[2026-06-21 18:23:45,136][finetune_logger][INFO] - Train memory reserved: 70.00 MB
2026-06-21 18:23:45 - finetune_logger - INFO - Train memory allocated: 23.87 MB
[2026-06-21 18:23:45,136][finetune_logger][INFO] - Train memory allocated: 23.87 MB
2026-06-21 18:23:45 - finetune_logger - INFO - Current learning rate: 0.0005
[2026-06-21 18:23:45,136][finetune_logger][INFO] - Current learning rate: 0.0005
2026-06-21 18:24:49 - finetune_logger - INFO - Validation metrics: {'MAE': 220.1767784423833, 'RMSE': 1804.402183131169}
[2026-06-21 18:24:49,531][finetune_logger][INFO] - Validation metrics: {'MAE': 220.1767784423833, 'RMSE': 1804.402183131169}
2026-06-21 18:24:49 - finetune_logger - INFO - Val time: 64.39s
[2026-06-21 18:24:49,531][finetune_logger][INFO] - Val time: 64.39s
2026-06-21 18:24:49 - finetune_logger - INFO - Val memory reserved: 70.00 MB
[2026-06-21 18:24:49,531][finetune_logger][INFO] - Val memory reserved: 70.00 MB
2026-06-21 18:24:49 - finetune_logger - INFO - Val memory allocated: 23.87 MB
[2026-06-21 18:24:49,531][finetune_logger][INFO] - Val memory allocated: 23.87 MB
2026-06-21 18:24:49 - finetune_logger - INFO - Logged epoch 8 info to /public/home/202411094934/python_project/Spatio-Temporal-Library/time-series/2026-06-21/autoformer/pretrain10_finetune10/electricity/time-series/seed_1/training_log.json
[2026-06-21 18:24:49,535][finetune_logger][INFO] - Logged epoch 8 info to /public/home/202411094934/python_project/Spatio-Temporal-Library/time-series/2026-06-21/autoformer/pretrain10_finetune10/electricity/time-series/seed_1/training_log.json
2026-06-21 18:27:04 - finetune_logger - INFO - Test metrics: {'MAE': 274.7545975795004, 'RMSE': 2392.945378728068}
[2026-06-21 18:27:04,925][finetune_logger][INFO] - Test metrics: {'MAE': 274.7545975795004, 'RMSE': 2392.945378728068}
2026-06-21 18:27:04 - finetune_logger - INFO - Test time: 135.39s
[2026-06-21 18:27:04,926][finetune_logger][INFO] - Test time: 135.39s
2026-06-21 18:27:04 - finetune_logger - INFO - Test memory reserved: 70.00 MB
[2026-06-21 18:27:04,926][finetune_logger][INFO] - Test memory reserved: 70.00 MB
2026-06-21 18:27:04 - finetune_logger - INFO - Test memory allocated: 23.87 MB
[2026-06-21 18:27:04,926][finetune_logger][INFO] - Test memory allocated: 23.87 MB
2026-06-21 18:27:04 - finetune_logger - INFO - Epoch 9/10
[2026-06-21 18:27:04,926][finetune_logger][INFO] - Epoch 9/10
2026-06-21 18:49:29 - finetune_logger - INFO - Train loss: 173.77351095513865
[2026-06-21 18:49:29,159][finetune_logger][INFO] - Train loss: 173.77351095513865
2026-06-21 18:49:29 - finetune_logger - INFO - Train time: 1344.2327046394348s
[2026-06-21 18:49:29,160][finetune_logger][INFO] - Train time: 1344.2327046394348s
2026-06-21 18:49:29 - finetune_logger - INFO - Train memory reserved: 70.00 MB
[2026-06-21 18:49:29,160][finetune_logger][INFO] - Train memory reserved: 70.00 MB
2026-06-21 18:49:29 - finetune_logger - INFO - Train memory allocated: 23.87 MB
[2026-06-21 18:49:29,160][finetune_logger][INFO] - Train memory allocated: 23.87 MB
2026-06-21 18:49:29 - finetune_logger - INFO - Current learning rate: 0.0005
[2026-06-21 18:49:29,160][finetune_logger][INFO] - Current learning rate: 0.0005
2026-06-21 18:50:33 - finetune_logger - INFO - Validation metrics: {'MAE': 222.4243059852999, 'RMSE': 1888.5760047800143}
[2026-06-21 18:50:33,378][finetune_logger][INFO] - Validation metrics: {'MAE': 222.4243059852999, 'RMSE': 1888.5760047800143}
2026-06-21 18:50:33 - finetune_logger - INFO - Val time: 64.22s
[2026-06-21 18:50:33,378][finetune_logger][INFO] - Val time: 64.22s
2026-06-21 18:50:33 - finetune_logger - INFO - Val memory reserved: 70.00 MB
[2026-06-21 18:50:33,378][finetune_logger][INFO] - Val memory reserved: 70.00 MB
2026-06-21 18:50:33 - finetune_logger - INFO - Val memory allocated: 23.87 MB
[2026-06-21 18:50:33,378][finetune_logger][INFO] - Val memory allocated: 23.87 MB
2026-06-21 18:50:33 - finetune_logger - INFO - Logged epoch 9 info to /public/home/202411094934/python_project/Spatio-Temporal-Library/time-series/2026-06-21/autoformer/pretrain10_finetune10/electricity/time-series/seed_1/training_log.json
[2026-06-21 18:50:33,382][finetune_logger][INFO] - Logged epoch 9 info to /public/home/202411094934/python_project/Spatio-Temporal-Library/time-series/2026-06-21/autoformer/pretrain10_finetune10/electricity/time-series/seed_1/training_log.json
2026-06-21 18:52:48 - finetune_logger - INFO - Test metrics: {'MAE': 283.400011581076, 'RMSE': 2578.1107044376176}
[2026-06-21 18:52:48,749][finetune_logger][INFO] - Test metrics: {'MAE': 283.400011581076, 'RMSE': 2578.1107044376176}
2026-06-21 18:52:48 - finetune_logger - INFO - Test time: 135.37s
[2026-06-21 18:52:48,750][finetune_logger][INFO] - Test time: 135.37s
2026-06-21 18:52:48 - finetune_logger - INFO - Test memory reserved: 70.00 MB
[2026-06-21 18:52:48,750][finetune_logger][INFO] - Test memory reserved: 70.00 MB
2026-06-21 18:52:48 - finetune_logger - INFO - Test memory allocated: 23.87 MB
[2026-06-21 18:52:48,750][finetune_logger][INFO] - Test memory allocated: 23.87 MB
2026-06-21 18:52:48 - finetune_logger - INFO - Epoch 10/10
[2026-06-21 18:52:48,750][finetune_logger][INFO] - Epoch 10/10
2026-06-21 19:15:13 - finetune_logger - INFO - Train loss: 171.86745416576252
[2026-06-21 19:15:13,512][finetune_logger][INFO] - Train loss: 171.86745416576252
2026-06-21 19:15:13 - finetune_logger - INFO - Train time: 1344.761088848114s
[2026-06-21 19:15:13,512][finetune_logger][INFO] - Train time: 1344.761088848114s
2026-06-21 19:15:13 - finetune_logger - INFO - Train memory reserved: 70.00 MB
[2026-06-21 19:15:13,512][finetune_logger][INFO] - Train memory reserved: 70.00 MB
2026-06-21 19:15:13 - finetune_logger - INFO - Train memory allocated: 23.87 MB
[2026-06-21 19:15:13,512][finetune_logger][INFO] - Train memory allocated: 23.87 MB
2026-06-21 19:15:13 - finetune_logger - INFO - Current learning rate: 0.0005
[2026-06-21 19:15:13,512][finetune_logger][INFO] - Current learning rate: 0.0005
2026-06-21 19:16:17 - finetune_logger - INFO - Validation metrics: {'MAE': 218.66986199629937, 'RMSE': 1785.5669939350323}
[2026-06-21 19:16:17,580][finetune_logger][INFO] - Validation metrics: {'MAE': 218.66986199629937, 'RMSE': 1785.5669939350323}
2026-06-21 19:16:17 - finetune_logger - INFO - Val time: 64.07s
[2026-06-21 19:16:17,580][finetune_logger][INFO] - Val time: 64.07s
2026-06-21 19:16:17 - finetune_logger - INFO - Val memory reserved: 70.00 MB
[2026-06-21 19:16:17,581][finetune_logger][INFO] - Val memory reserved: 70.00 MB
2026-06-21 19:16:17 - finetune_logger - INFO - Val memory allocated: 23.87 MB
[2026-06-21 19:16:17,581][finetune_logger][INFO] - Val memory allocated: 23.87 MB
2026-06-21 19:16:17 - finetune_logger - INFO - Logged epoch 10 info to /public/home/202411094934/python_project/Spatio-Temporal-Library/time-series/2026-06-21/autoformer/pretrain10_finetune10/electricity/time-series/seed_1/training_log.json
[2026-06-21 19:16:17,584][finetune_logger][INFO] - Logged epoch 10 info to /public/home/202411094934/python_project/Spatio-Temporal-Library/time-series/2026-06-21/autoformer/pretrain10_finetune10/electricity/time-series/seed_1/training_log.json
2026-06-21 19:18:32 - finetune_logger - INFO - Test metrics: {'MAE': 273.8943503204402, 'RMSE': 2381.2089563624486}
[2026-06-21 19:18:32,800][finetune_logger][INFO] - Test metrics: {'MAE': 273.8943503204402, 'RMSE': 2381.2089563624486}
2026-06-21 19:18:32 - finetune_logger - INFO - Test time: 135.18s
[2026-06-21 19:18:32,800][finetune_logger][INFO] - Test time: 135.18s
2026-06-21 19:18:32 - finetune_logger - INFO - Test memory reserved: 70.00 MB
[2026-06-21 19:18:32,800][finetune_logger][INFO] - Test memory reserved: 70.00 MB
2026-06-21 19:18:32 - finetune_logger - INFO - Test memory allocated: 23.87 MB
[2026-06-21 19:18:32,800][finetune_logger][INFO] - Test memory allocated: 23.87 MB
2026-06-21 19:18:32 - finetune_logger - INFO - Training completed. Best epoch: 5, Best val loss: 215.047191
[2026-06-21 19:18:32,800][finetune_logger][INFO] - Training completed. Best epoch: 5, Best val loss: 215.047191
2026-06-21 19:18:32 - finetune_logger - INFO - Loaded checkpoint from epoch 5
[2026-06-21 19:18:32,842][finetune_logger][INFO] - Loaded checkpoint from epoch 5
2026-06-21 19:18:32 - finetune_logger - INFO - Evaluating best model on test sets...
[2026-06-21 19:18:32,842][finetune_logger][INFO] - Evaluating best model on test sets...
2026-06-21 19:20:46 - finetune_logger - INFO - Test metrics: {'MAE': 274.1540123185447, 'RMSE': 2380.276632197332}
[2026-06-21 19:20:46,981][finetune_logger][INFO] - Test metrics: {'MAE': 274.1540123185447, 'RMSE': 2380.276632197332}
2026-06-21 19:20:46 - finetune_logger - INFO - Test time: 134.14s
[2026-06-21 19:20:46,982][finetune_logger][INFO] - Test time: 134.14s
2026-06-21 19:20:46 - finetune_logger - INFO - Test memory reserved: 70.00 MB
[2026-06-21 19:20:46,982][finetune_logger][INFO] - Test memory reserved: 70.00 MB
2026-06-21 19:20:46 - finetune_logger - INFO - Test memory allocated: 23.91 MB
[2026-06-21 19:20:46,982][finetune_logger][INFO] - Test memory allocated: 23.91 MB
2026-06-21 19:20:46 - finetune_logger - INFO - Logged epoch test info to /public/home/202411094934/python_project/Spatio-Temporal-Library/time-series/2026-06-21/autoformer/pretrain10_finetune10/electricity/time-series/seed_1/training_log.json
[2026-06-21 19:20:46,985][finetune_logger][INFO] - Logged epoch test info to /public/home/202411094934/python_project/Spatio-Temporal-Library/time-series/2026-06-21/autoformer/pretrain10_finetune10/electricity/time-series/seed_1/training_log.json
