2026-07-04 07:02:37 - finetune_logger - INFO - Loaded pretrained checkpoint from: /public/home/202411094934/python_project/Spatio-Temporal-Library/time-series/2026-07-03/fedformer/pretrain10/weather/time-series/seed_1/jepa_pretrain_epoch_10.pth
Missing keys: []
Unexpected keys: []
[2026-07-04 07:02:37,338][finetune_logger][INFO] - Loaded pretrained checkpoint from: /public/home/202411094934/python_project/Spatio-Temporal-Library/time-series/2026-07-03/fedformer/pretrain10/weather/time-series/seed_1/jepa_pretrain_epoch_10.pth
Missing keys: []
Unexpected keys: []
2026-07-04 07:02:37 - finetune_logger - INFO - Model parameters: 396,757
[2026-07-04 07:02:37,342][finetune_logger][INFO] - Model parameters: 396,757
2026-07-04 07:02:37 - finetune_logger - INFO - Created new log file at /public/home/202411094934/python_project/Spatio-Temporal-Library/time-series/2026-07-03/fedformer/pretrain10_finetune10/weather/time-series/seed_1/training_log.json
[2026-07-04 07:02:37,344][finetune_logger][INFO] - Created new log file at /public/home/202411094934/python_project/Spatio-Temporal-Library/time-series/2026-07-03/fedformer/pretrain10_finetune10/weather/time-series/seed_1/training_log.json
2026-07-04 07:02:37 - finetune_logger - INFO - Starting training...
[2026-07-04 07:02:37,345][finetune_logger][INFO] - Starting training...
2026-07-04 07:02:37 - finetune_logger - INFO - Epoch 1/10
[2026-07-04 07:02:37,345][finetune_logger][INFO] - Epoch 1/10
2026-07-04 11:01:04 - finetune_logger - INFO - Train loss: 33.87875415981238
[2026-07-04 11:01:04,583][finetune_logger][INFO] - Train loss: 33.87875415981238
2026-07-04 11:01:04 - finetune_logger - INFO - Train time: 14307.236854791641s
[2026-07-04 11:01:04,584][finetune_logger][INFO] - Train time: 14307.236854791641s
2026-07-04 11:01:04 - finetune_logger - INFO - Train memory reserved: 66.00 MB
[2026-07-04 11:01:04,584][finetune_logger][INFO] - Train memory reserved: 66.00 MB
2026-07-04 11:01:04 - finetune_logger - INFO - Train memory allocated: 22.94 MB
[2026-07-04 11:01:04,584][finetune_logger][INFO] - Train memory allocated: 22.94 MB
2026-07-04 11:01:04 - finetune_logger - INFO - Current learning rate: 0.0005
[2026-07-04 11:01:04,584][finetune_logger][INFO] - Current learning rate: 0.0005
2026-07-04 11:08:57 - finetune_logger - INFO - Validation metrics: {'MAE': 23.709215537932092, 'RMSE': 69.45168834080631}
[2026-07-04 11:08:57,710][finetune_logger][INFO] - Validation metrics: {'MAE': 23.709215537932092, 'RMSE': 69.45168834080631}
2026-07-04 11:08:57 - finetune_logger - INFO - Val time: 473.13s
[2026-07-04 11:08:57,710][finetune_logger][INFO] - Val time: 473.13s
2026-07-04 11:08:57 - finetune_logger - INFO - Val memory reserved: 66.00 MB
[2026-07-04 11:08:57,711][finetune_logger][INFO] - Val memory reserved: 66.00 MB
2026-07-04 11:08:57 - finetune_logger - INFO - Val memory allocated: 22.94 MB
[2026-07-04 11:08:57,711][finetune_logger][INFO] - Val memory allocated: 22.94 MB
2026-07-04 11:08:57 - finetune_logger - INFO - Logged epoch 1 info to /public/home/202411094934/python_project/Spatio-Temporal-Library/time-series/2026-07-03/fedformer/pretrain10_finetune10/weather/time-series/seed_1/training_log.json
[2026-07-04 11:08:57,718][finetune_logger][INFO] - Logged epoch 1 info to /public/home/202411094934/python_project/Spatio-Temporal-Library/time-series/2026-07-03/fedformer/pretrain10_finetune10/weather/time-series/seed_1/training_log.json
2026-07-04 11:08:57 - finetune_logger - INFO - New best model! Val loss: 23.709216
[2026-07-04 11:08:57,718][finetune_logger][INFO] - New best model! Val loss: 23.709216
2026-07-04 11:25:11 - finetune_logger - INFO - Test metrics: {'MAE': 17.566450558348482, 'RMSE': 48.53316580179402}
[2026-07-04 11:25:11,241][finetune_logger][INFO] - Test metrics: {'MAE': 17.566450558348482, 'RMSE': 48.53316580179402}
2026-07-04 11:25:11 - finetune_logger - INFO - Test time: 973.47s
[2026-07-04 11:25:11,241][finetune_logger][INFO] - Test time: 973.47s
2026-07-04 11:25:11 - finetune_logger - INFO - Test memory reserved: 66.00 MB
[2026-07-04 11:25:11,242][finetune_logger][INFO] - Test memory reserved: 66.00 MB
2026-07-04 11:25:11 - finetune_logger - INFO - Test memory allocated: 22.94 MB
[2026-07-04 11:25:11,242][finetune_logger][INFO] - Test memory allocated: 22.94 MB
2026-07-04 11:25:11 - finetune_logger - INFO - Epoch 2/10
[2026-07-04 11:25:11,242][finetune_logger][INFO] - Epoch 2/10
2026-07-04 15:28:03 - finetune_logger - INFO - Train loss: 29.619645830272276
[2026-07-04 15:28:03,158][finetune_logger][INFO] - Train loss: 29.619645830272276
2026-07-04 15:28:03 - finetune_logger - INFO - Train time: 14571.915083408356s
[2026-07-04 15:28:03,159][finetune_logger][INFO] - Train time: 14571.915083408356s
2026-07-04 15:28:03 - finetune_logger - INFO - Train memory reserved: 66.00 MB
[2026-07-04 15:28:03,159][finetune_logger][INFO] - Train memory reserved: 66.00 MB
2026-07-04 15:28:03 - finetune_logger - INFO - Train memory allocated: 22.94 MB
[2026-07-04 15:28:03,159][finetune_logger][INFO] - Train memory allocated: 22.94 MB
2026-07-04 15:28:03 - finetune_logger - INFO - Current learning rate: 0.0005
[2026-07-04 15:28:03,159][finetune_logger][INFO] - Current learning rate: 0.0005
2026-07-04 15:35:50 - finetune_logger - INFO - Validation metrics: {'MAE': 23.3236172198297, 'RMSE': 68.41018871943375}
[2026-07-04 15:35:50,212][finetune_logger][INFO] - Validation metrics: {'MAE': 23.3236172198297, 'RMSE': 68.41018871943375}
2026-07-04 15:35:50 - finetune_logger - INFO - Val time: 467.05s
[2026-07-04 15:35:50,212][finetune_logger][INFO] - Val time: 467.05s
2026-07-04 15:35:50 - finetune_logger - INFO - Val memory reserved: 66.00 MB
[2026-07-04 15:35:50,213][finetune_logger][INFO] - Val memory reserved: 66.00 MB
2026-07-04 15:35:50 - finetune_logger - INFO - Val memory allocated: 22.94 MB
[2026-07-04 15:35:50,213][finetune_logger][INFO] - Val memory allocated: 22.94 MB
2026-07-04 15:35:50 - finetune_logger - INFO - Logged epoch 2 info to /public/home/202411094934/python_project/Spatio-Temporal-Library/time-series/2026-07-03/fedformer/pretrain10_finetune10/weather/time-series/seed_1/training_log.json
[2026-07-04 15:35:50,217][finetune_logger][INFO] - Logged epoch 2 info to /public/home/202411094934/python_project/Spatio-Temporal-Library/time-series/2026-07-03/fedformer/pretrain10_finetune10/weather/time-series/seed_1/training_log.json
2026-07-04 15:35:50 - finetune_logger - INFO - New best model! Val loss: 23.323617
[2026-07-04 15:35:50,217][finetune_logger][INFO] - New best model! Val loss: 23.323617
2026-07-04 15:52:01 - finetune_logger - INFO - Test metrics: {'MAE': 16.593558880931653, 'RMSE': 46.79419892217905}
[2026-07-04 15:52:01,128][finetune_logger][INFO] - Test metrics: {'MAE': 16.593558880931653, 'RMSE': 46.79419892217905}
2026-07-04 15:52:01 - finetune_logger - INFO - Test time: 970.86s
[2026-07-04 15:52:01,129][finetune_logger][INFO] - Test time: 970.86s
2026-07-04 15:52:01 - finetune_logger - INFO - Test memory reserved: 66.00 MB
[2026-07-04 15:52:01,129][finetune_logger][INFO] - Test memory reserved: 66.00 MB
2026-07-04 15:52:01 - finetune_logger - INFO - Test memory allocated: 22.94 MB
[2026-07-04 15:52:01,129][finetune_logger][INFO] - Test memory allocated: 22.94 MB
2026-07-04 15:52:01 - finetune_logger - INFO - Epoch 3/10
[2026-07-04 15:52:01,129][finetune_logger][INFO] - Epoch 3/10
2026-07-04 19:54:47 - finetune_logger - INFO - Train loss: 28.899667818685636
[2026-07-04 19:54:47,375][finetune_logger][INFO] - Train loss: 28.899667818685636
2026-07-04 19:54:47 - finetune_logger - INFO - Train time: 14566.245146751404s
[2026-07-04 19:54:47,375][finetune_logger][INFO] - Train time: 14566.245146751404s
2026-07-04 19:54:47 - finetune_logger - INFO - Train memory reserved: 66.00 MB
[2026-07-04 19:54:47,375][finetune_logger][INFO] - Train memory reserved: 66.00 MB
2026-07-04 19:54:47 - finetune_logger - INFO - Train memory allocated: 22.94 MB
[2026-07-04 19:54:47,376][finetune_logger][INFO] - Train memory allocated: 22.94 MB
2026-07-04 19:54:47 - finetune_logger - INFO - Current learning rate: 0.0005
[2026-07-04 19:54:47,376][finetune_logger][INFO] - Current learning rate: 0.0005
2026-07-04 20:02:39 - finetune_logger - INFO - Validation metrics: {'MAE': 23.569677063607607, 'RMSE': 68.94545910298544}
[2026-07-04 20:02:39,741][finetune_logger][INFO] - Validation metrics: {'MAE': 23.569677063607607, 'RMSE': 68.94545910298544}
2026-07-04 20:02:39 - finetune_logger - INFO - Val time: 472.36s
[2026-07-04 20:02:39,741][finetune_logger][INFO] - Val time: 472.36s
2026-07-04 20:02:39 - finetune_logger - INFO - Val memory reserved: 66.00 MB
[2026-07-04 20:02:39,741][finetune_logger][INFO] - Val memory reserved: 66.00 MB
2026-07-04 20:02:39 - finetune_logger - INFO - Val memory allocated: 22.94 MB
[2026-07-04 20:02:39,741][finetune_logger][INFO] - Val memory allocated: 22.94 MB
2026-07-04 20:02:39 - finetune_logger - INFO - Logged epoch 3 info to /public/home/202411094934/python_project/Spatio-Temporal-Library/time-series/2026-07-03/fedformer/pretrain10_finetune10/weather/time-series/seed_1/training_log.json
[2026-07-04 20:02:39,746][finetune_logger][INFO] - Logged epoch 3 info to /public/home/202411094934/python_project/Spatio-Temporal-Library/time-series/2026-07-03/fedformer/pretrain10_finetune10/weather/time-series/seed_1/training_log.json
2026-07-04 20:18:50 - finetune_logger - INFO - Test metrics: {'MAE': 16.74133501623103, 'RMSE': 46.94303506861386}
[2026-07-04 20:18:50,515][finetune_logger][INFO] - Test metrics: {'MAE': 16.74133501623103, 'RMSE': 46.94303506861386}
2026-07-04 20:18:50 - finetune_logger - INFO - Test time: 970.77s
[2026-07-04 20:18:50,516][finetune_logger][INFO] - Test time: 970.77s
2026-07-04 20:18:50 - finetune_logger - INFO - Test memory reserved: 66.00 MB
[2026-07-04 20:18:50,516][finetune_logger][INFO] - Test memory reserved: 66.00 MB
2026-07-04 20:18:50 - finetune_logger - INFO - Test memory allocated: 22.94 MB
[2026-07-04 20:18:50,516][finetune_logger][INFO] - Test memory allocated: 22.94 MB
2026-07-04 20:18:50 - finetune_logger - INFO - Epoch 4/10
[2026-07-04 20:18:50,516][finetune_logger][INFO] - Epoch 4/10
2026-07-05 00:21:02 - finetune_logger - INFO - Train loss: 28.650876838115916
[2026-07-05 00:21:02,242][finetune_logger][INFO] - Train loss: 28.650876838115916
2026-07-05 00:21:02 - finetune_logger - INFO - Train time: 14531.724320411682s
[2026-07-05 00:21:02,245][finetune_logger][INFO] - Train time: 14531.724320411682s
2026-07-05 00:21:02 - finetune_logger - INFO - Train memory reserved: 66.00 MB
[2026-07-05 00:21:02,245][finetune_logger][INFO] - Train memory reserved: 66.00 MB
2026-07-05 00:21:02 - finetune_logger - INFO - Train memory allocated: 22.94 MB
[2026-07-05 00:21:02,245][finetune_logger][INFO] - Train memory allocated: 22.94 MB
2026-07-05 00:21:02 - finetune_logger - INFO - Current learning rate: 0.0005
[2026-07-05 00:21:02,245][finetune_logger][INFO] - Current learning rate: 0.0005
2026-07-05 00:28:55 - finetune_logger - INFO - Validation metrics: {'MAE': 24.222142500662258, 'RMSE': 70.67097120052995}
[2026-07-05 00:28:55,108][finetune_logger][INFO] - Validation metrics: {'MAE': 24.222142500662258, 'RMSE': 70.67097120052995}
2026-07-05 00:28:55 - finetune_logger - INFO - Val time: 472.86s
[2026-07-05 00:28:55,109][finetune_logger][INFO] - Val time: 472.86s
2026-07-05 00:28:55 - finetune_logger - INFO - Val memory reserved: 66.00 MB
[2026-07-05 00:28:55,109][finetune_logger][INFO] - Val memory reserved: 66.00 MB
2026-07-05 00:28:55 - finetune_logger - INFO - Val memory allocated: 22.94 MB
[2026-07-05 00:28:55,109][finetune_logger][INFO] - Val memory allocated: 22.94 MB
2026-07-05 00:28:55 - finetune_logger - INFO - Logged epoch 4 info to /public/home/202411094934/python_project/Spatio-Temporal-Library/time-series/2026-07-03/fedformer/pretrain10_finetune10/weather/time-series/seed_1/training_log.json
[2026-07-05 00:28:55,113][finetune_logger][INFO] - Logged epoch 4 info to /public/home/202411094934/python_project/Spatio-Temporal-Library/time-series/2026-07-03/fedformer/pretrain10_finetune10/weather/time-series/seed_1/training_log.json
2026-07-05 00:45:06 - finetune_logger - INFO - Test metrics: {'MAE': 16.83644829955443, 'RMSE': 46.701219943152815}
[2026-07-05 00:45:06,372][finetune_logger][INFO] - Test metrics: {'MAE': 16.83644829955443, 'RMSE': 46.701219943152815}
2026-07-05 00:45:06 - finetune_logger - INFO - Test time: 971.26s
[2026-07-05 00:45:06,372][finetune_logger][INFO] - Test time: 971.26s
2026-07-05 00:45:06 - finetune_logger - INFO - Test memory reserved: 66.00 MB
[2026-07-05 00:45:06,373][finetune_logger][INFO] - Test memory reserved: 66.00 MB
2026-07-05 00:45:06 - finetune_logger - INFO - Test memory allocated: 22.94 MB
[2026-07-05 00:45:06,373][finetune_logger][INFO] - Test memory allocated: 22.94 MB
2026-07-05 00:45:06 - finetune_logger - INFO - Epoch 5/10
[2026-07-05 00:45:06,373][finetune_logger][INFO] - Epoch 5/10
2026-07-05 04:47:31 - finetune_logger - INFO - Train loss: 28.336337785685355
[2026-07-05 04:47:31,292][finetune_logger][INFO] - Train loss: 28.336337785685355
2026-07-05 04:47:31 - finetune_logger - INFO - Train time: 14544.917484998703s
[2026-07-05 04:47:31,292][finetune_logger][INFO] - Train time: 14544.917484998703s
2026-07-05 04:47:31 - finetune_logger - INFO - Train memory reserved: 66.00 MB
[2026-07-05 04:47:31,293][finetune_logger][INFO] - Train memory reserved: 66.00 MB
2026-07-05 04:47:31 - finetune_logger - INFO - Train memory allocated: 22.94 MB
[2026-07-05 04:47:31,293][finetune_logger][INFO] - Train memory allocated: 22.94 MB
2026-07-05 04:47:31 - finetune_logger - INFO - Current learning rate: 0.0005
[2026-07-05 04:47:31,293][finetune_logger][INFO] - Current learning rate: 0.0005
2026-07-05 04:55:25 - finetune_logger - INFO - Validation metrics: {'MAE': 22.845349178496672, 'RMSE': 67.08536878676341}
[2026-07-05 04:55:25,901][finetune_logger][INFO] - Validation metrics: {'MAE': 22.845349178496672, 'RMSE': 67.08536878676341}
2026-07-05 04:55:25 - finetune_logger - INFO - Val time: 474.61s
[2026-07-05 04:55:25,902][finetune_logger][INFO] - Val time: 474.61s
2026-07-05 04:55:25 - finetune_logger - INFO - Val memory reserved: 66.00 MB
[2026-07-05 04:55:25,902][finetune_logger][INFO] - Val memory reserved: 66.00 MB
2026-07-05 04:55:25 - finetune_logger - INFO - Val memory allocated: 22.94 MB
[2026-07-05 04:55:25,902][finetune_logger][INFO] - Val memory allocated: 22.94 MB
2026-07-05 04:55:25 - finetune_logger - INFO - Logged epoch 5 info to /public/home/202411094934/python_project/Spatio-Temporal-Library/time-series/2026-07-03/fedformer/pretrain10_finetune10/weather/time-series/seed_1/training_log.json
[2026-07-05 04:55:25,906][finetune_logger][INFO] - Logged epoch 5 info to /public/home/202411094934/python_project/Spatio-Temporal-Library/time-series/2026-07-03/fedformer/pretrain10_finetune10/weather/time-series/seed_1/training_log.json
2026-07-05 04:55:25 - finetune_logger - INFO - New best model! Val loss: 22.845349
[2026-07-05 04:55:25,906][finetune_logger][INFO] - New best model! Val loss: 22.845349
2026-07-05 05:11:37 - finetune_logger - INFO - Test metrics: {'MAE': 15.997461312293566, 'RMSE': 45.68672641110654}
[2026-07-05 05:11:37,692][finetune_logger][INFO] - Test metrics: {'MAE': 15.997461312293566, 'RMSE': 45.68672641110654}
2026-07-05 05:11:37 - finetune_logger - INFO - Test time: 971.73s
[2026-07-05 05:11:37,692][finetune_logger][INFO] - Test time: 971.73s
2026-07-05 05:11:37 - finetune_logger - INFO - Test memory reserved: 66.00 MB
[2026-07-05 05:11:37,692][finetune_logger][INFO] - Test memory reserved: 66.00 MB
2026-07-05 05:11:37 - finetune_logger - INFO - Test memory allocated: 22.94 MB
[2026-07-05 05:11:37,693][finetune_logger][INFO] - Test memory allocated: 22.94 MB
2026-07-05 05:11:37 - finetune_logger - INFO - Epoch 6/10
[2026-07-05 05:11:37,693][finetune_logger][INFO] - Epoch 6/10
2026-07-05 09:14:09 - finetune_logger - INFO - Train loss: 28.11662528325577
[2026-07-05 09:14:09,739][finetune_logger][INFO] - Train loss: 28.11662528325577
2026-07-05 09:14:09 - finetune_logger - INFO - Train time: 14552.04469203949s
[2026-07-05 09:14:09,739][finetune_logger][INFO] - Train time: 14552.04469203949s
2026-07-05 09:14:09 - finetune_logger - INFO - Train memory reserved: 66.00 MB
[2026-07-05 09:14:09,740][finetune_logger][INFO] - Train memory reserved: 66.00 MB
2026-07-05 09:14:09 - finetune_logger - INFO - Train memory allocated: 22.94 MB
[2026-07-05 09:14:09,740][finetune_logger][INFO] - Train memory allocated: 22.94 MB
2026-07-05 09:14:09 - finetune_logger - INFO - Current learning rate: 0.0005
[2026-07-05 09:14:09,740][finetune_logger][INFO] - Current learning rate: 0.0005
2026-07-05 09:22:03 - finetune_logger - INFO - Validation metrics: {'MAE': 23.03969096357615, 'RMSE': 68.54153032040357}
[2026-07-05 09:22:03,105][finetune_logger][INFO] - Validation metrics: {'MAE': 23.03969096357615, 'RMSE': 68.54153032040357}
2026-07-05 09:22:03 - finetune_logger - INFO - Val time: 473.36s
[2026-07-05 09:22:03,105][finetune_logger][INFO] - Val time: 473.36s
2026-07-05 09:22:03 - finetune_logger - INFO - Val memory reserved: 66.00 MB
[2026-07-05 09:22:03,105][finetune_logger][INFO] - Val memory reserved: 66.00 MB
2026-07-05 09:22:03 - finetune_logger - INFO - Val memory allocated: 22.94 MB
[2026-07-05 09:22:03,105][finetune_logger][INFO] - Val memory allocated: 22.94 MB
2026-07-05 09:22:03 - finetune_logger - INFO - Logged epoch 6 info to /public/home/202411094934/python_project/Spatio-Temporal-Library/time-series/2026-07-03/fedformer/pretrain10_finetune10/weather/time-series/seed_1/training_log.json
[2026-07-05 09:22:03,110][finetune_logger][INFO] - Logged epoch 6 info to /public/home/202411094934/python_project/Spatio-Temporal-Library/time-series/2026-07-03/fedformer/pretrain10_finetune10/weather/time-series/seed_1/training_log.json
2026-07-05 09:38:13 - finetune_logger - INFO - Test metrics: {'MAE': 15.91211991233616, 'RMSE': 45.653434245378754}
[2026-07-05 09:38:13,346][finetune_logger][INFO] - Test metrics: {'MAE': 15.91211991233616, 'RMSE': 45.653434245378754}
2026-07-05 09:38:13 - finetune_logger - INFO - Test time: 970.24s
[2026-07-05 09:38:13,346][finetune_logger][INFO] - Test time: 970.24s
2026-07-05 09:38:13 - finetune_logger - INFO - Test memory reserved: 66.00 MB
[2026-07-05 09:38:13,346][finetune_logger][INFO] - Test memory reserved: 66.00 MB
2026-07-05 09:38:13 - finetune_logger - INFO - Test memory allocated: 22.94 MB
[2026-07-05 09:38:13,346][finetune_logger][INFO] - Test memory allocated: 22.94 MB
2026-07-05 09:38:13 - finetune_logger - INFO - Epoch 7/10
[2026-07-05 09:38:13,346][finetune_logger][INFO] - Epoch 7/10
2026-07-05 13:40:41 - finetune_logger - INFO - Train loss: 28.074202359751155
[2026-07-05 13:40:41,910][finetune_logger][INFO] - Train loss: 28.074202359751155
2026-07-05 13:40:41 - finetune_logger - INFO - Train time: 14548.563047885895s
[2026-07-05 13:40:41,911][finetune_logger][INFO] - Train time: 14548.563047885895s
2026-07-05 13:40:41 - finetune_logger - INFO - Train memory reserved: 66.00 MB
[2026-07-05 13:40:41,911][finetune_logger][INFO] - Train memory reserved: 66.00 MB
2026-07-05 13:40:41 - finetune_logger - INFO - Train memory allocated: 22.94 MB
[2026-07-05 13:40:41,911][finetune_logger][INFO] - Train memory allocated: 22.94 MB
2026-07-05 13:40:41 - finetune_logger - INFO - Current learning rate: 0.0005
[2026-07-05 13:40:41,911][finetune_logger][INFO] - Current learning rate: 0.0005
2026-07-05 13:48:34 - finetune_logger - INFO - Validation metrics: {'MAE': 22.802683430455975, 'RMSE': 67.88177991417444}
[2026-07-05 13:48:34,554][finetune_logger][INFO] - Validation metrics: {'MAE': 22.802683430455975, 'RMSE': 67.88177991417444}
2026-07-05 13:48:34 - finetune_logger - INFO - Val time: 472.64s
[2026-07-05 13:48:34,554][finetune_logger][INFO] - Val time: 472.64s
2026-07-05 13:48:34 - finetune_logger - INFO - Val memory reserved: 66.00 MB
[2026-07-05 13:48:34,554][finetune_logger][INFO] - Val memory reserved: 66.00 MB
2026-07-05 13:48:34 - finetune_logger - INFO - Val memory allocated: 22.94 MB
[2026-07-05 13:48:34,554][finetune_logger][INFO] - Val memory allocated: 22.94 MB
2026-07-05 13:48:34 - finetune_logger - INFO - Logged epoch 7 info to /public/home/202411094934/python_project/Spatio-Temporal-Library/time-series/2026-07-03/fedformer/pretrain10_finetune10/weather/time-series/seed_1/training_log.json
[2026-07-05 13:48:34,558][finetune_logger][INFO] - Logged epoch 7 info to /public/home/202411094934/python_project/Spatio-Temporal-Library/time-series/2026-07-03/fedformer/pretrain10_finetune10/weather/time-series/seed_1/training_log.json
2026-07-05 13:48:34 - finetune_logger - INFO - New best model! Val loss: 22.802683
[2026-07-05 13:48:34,559][finetune_logger][INFO] - New best model! Val loss: 22.802683
2026-07-05 14:04:44 - finetune_logger - INFO - Test metrics: {'MAE': 15.699083538361396, 'RMSE': 45.12003811885857}
[2026-07-05 14:04:44,731][finetune_logger][INFO] - Test metrics: {'MAE': 15.699083538361396, 'RMSE': 45.12003811885857}
2026-07-05 14:04:44 - finetune_logger - INFO - Test time: 970.11s
[2026-07-05 14:04:44,731][finetune_logger][INFO] - Test time: 970.11s
2026-07-05 14:04:44 - finetune_logger - INFO - Test memory reserved: 66.00 MB
[2026-07-05 14:04:44,731][finetune_logger][INFO] - Test memory reserved: 66.00 MB
2026-07-05 14:04:44 - finetune_logger - INFO - Test memory allocated: 22.94 MB
[2026-07-05 14:04:44,731][finetune_logger][INFO] - Test memory allocated: 22.94 MB
2026-07-05 14:04:44 - finetune_logger - INFO - Epoch 8/10
[2026-07-05 14:04:44,731][finetune_logger][INFO] - Epoch 8/10
2026-07-05 18:07:04 - finetune_logger - INFO - Train loss: 27.957274402533827
[2026-07-05 18:07:04,688][finetune_logger][INFO] - Train loss: 27.957274402533827
2026-07-05 18:07:04 - finetune_logger - INFO - Train time: 14539.955971479416s
[2026-07-05 18:07:04,688][finetune_logger][INFO] - Train time: 14539.955971479416s
2026-07-05 18:07:04 - finetune_logger - INFO - Train memory reserved: 66.00 MB
[2026-07-05 18:07:04,689][finetune_logger][INFO] - Train memory reserved: 66.00 MB
2026-07-05 18:07:04 - finetune_logger - INFO - Train memory allocated: 22.94 MB
[2026-07-05 18:07:04,689][finetune_logger][INFO] - Train memory allocated: 22.94 MB
2026-07-05 18:07:04 - finetune_logger - INFO - Current learning rate: 0.0005
[2026-07-05 18:07:04,689][finetune_logger][INFO] - Current learning rate: 0.0005
2026-07-05 18:14:58 - finetune_logger - INFO - Validation metrics: {'MAE': 22.55363341085362, 'RMSE': 67.04953587116981}
[2026-07-05 18:14:58,871][finetune_logger][INFO] - Validation metrics: {'MAE': 22.55363341085362, 'RMSE': 67.04953587116981}
2026-07-05 18:14:58 - finetune_logger - INFO - Val time: 474.18s
[2026-07-05 18:14:58,871][finetune_logger][INFO] - Val time: 474.18s
2026-07-05 18:14:58 - finetune_logger - INFO - Val memory reserved: 66.00 MB
[2026-07-05 18:14:58,871][finetune_logger][INFO] - Val memory reserved: 66.00 MB
2026-07-05 18:14:58 - finetune_logger - INFO - Val memory allocated: 22.94 MB
[2026-07-05 18:14:58,871][finetune_logger][INFO] - Val memory allocated: 22.94 MB
2026-07-05 18:14:58 - finetune_logger - INFO - Logged epoch 8 info to /public/home/202411094934/python_project/Spatio-Temporal-Library/time-series/2026-07-03/fedformer/pretrain10_finetune10/weather/time-series/seed_1/training_log.json
[2026-07-05 18:14:58,876][finetune_logger][INFO] - Logged epoch 8 info to /public/home/202411094934/python_project/Spatio-Temporal-Library/time-series/2026-07-03/fedformer/pretrain10_finetune10/weather/time-series/seed_1/training_log.json
2026-07-05 18:14:58 - finetune_logger - INFO - New best model! Val loss: 22.553633
[2026-07-05 18:14:58,876][finetune_logger][INFO] - New best model! Val loss: 22.553633
2026-07-05 18:31:11 - finetune_logger - INFO - Test metrics: {'MAE': 16.050337361848833, 'RMSE': 46.40611190749533}
[2026-07-05 18:31:11,813][finetune_logger][INFO] - Test metrics: {'MAE': 16.050337361848833, 'RMSE': 46.40611190749533}
2026-07-05 18:31:11 - finetune_logger - INFO - Test time: 972.88s
[2026-07-05 18:31:11,813][finetune_logger][INFO] - Test time: 972.88s
2026-07-05 18:31:11 - finetune_logger - INFO - Test memory reserved: 66.00 MB
[2026-07-05 18:31:11,813][finetune_logger][INFO] - Test memory reserved: 66.00 MB
2026-07-05 18:31:11 - finetune_logger - INFO - Test memory allocated: 22.94 MB
[2026-07-05 18:31:11,813][finetune_logger][INFO] - Test memory allocated: 22.94 MB
2026-07-05 18:31:11 - finetune_logger - INFO - Epoch 9/10
[2026-07-05 18:31:11,813][finetune_logger][INFO] - Epoch 9/10
2026-07-05 22:33:33 - finetune_logger - INFO - Train loss: 27.762143762930716
[2026-07-05 22:33:33,152][finetune_logger][INFO] - Train loss: 27.762143762930716
2026-07-05 22:33:33 - finetune_logger - INFO - Train time: 14541.338213682175s
[2026-07-05 22:33:33,152][finetune_logger][INFO] - Train time: 14541.338213682175s
2026-07-05 22:33:33 - finetune_logger - INFO - Train memory reserved: 66.00 MB
[2026-07-05 22:33:33,153][finetune_logger][INFO] - Train memory reserved: 66.00 MB
2026-07-05 22:33:33 - finetune_logger - INFO - Train memory allocated: 22.94 MB
[2026-07-05 22:33:33,153][finetune_logger][INFO] - Train memory allocated: 22.94 MB
2026-07-05 22:33:33 - finetune_logger - INFO - Current learning rate: 0.0005
[2026-07-05 22:33:33,153][finetune_logger][INFO] - Current learning rate: 0.0005
2026-07-05 22:41:25 - finetune_logger - INFO - Validation metrics: {'MAE': 23.33362855576493, 'RMSE': 68.59207519611886}
[2026-07-05 22:41:25,790][finetune_logger][INFO] - Validation metrics: {'MAE': 23.33362855576493, 'RMSE': 68.59207519611886}
2026-07-05 22:41:25 - finetune_logger - INFO - Val time: 472.64s
[2026-07-05 22:41:25,790][finetune_logger][INFO] - Val time: 472.64s
2026-07-05 22:41:25 - finetune_logger - INFO - Val memory reserved: 66.00 MB
[2026-07-05 22:41:25,791][finetune_logger][INFO] - Val memory reserved: 66.00 MB
2026-07-05 22:41:25 - finetune_logger - INFO - Val memory allocated: 22.94 MB
[2026-07-05 22:41:25,791][finetune_logger][INFO] - Val memory allocated: 22.94 MB
2026-07-05 22:41:25 - finetune_logger - INFO - Logged epoch 9 info to /public/home/202411094934/python_project/Spatio-Temporal-Library/time-series/2026-07-03/fedformer/pretrain10_finetune10/weather/time-series/seed_1/training_log.json
[2026-07-05 22:41:25,794][finetune_logger][INFO] - Logged epoch 9 info to /public/home/202411094934/python_project/Spatio-Temporal-Library/time-series/2026-07-03/fedformer/pretrain10_finetune10/weather/time-series/seed_1/training_log.json
2026-07-05 22:57:39 - finetune_logger - INFO - Test metrics: {'MAE': 17.029634799271065, 'RMSE': 49.58693086552725}
[2026-07-05 22:57:39,334][finetune_logger][INFO] - Test metrics: {'MAE': 17.029634799271065, 'RMSE': 49.58693086552725}
2026-07-05 22:57:39 - finetune_logger - INFO - Test time: 973.54s
[2026-07-05 22:57:39,335][finetune_logger][INFO] - Test time: 973.54s
2026-07-05 22:57:39 - finetune_logger - INFO - Test memory reserved: 66.00 MB
[2026-07-05 22:57:39,335][finetune_logger][INFO] - Test memory reserved: 66.00 MB
2026-07-05 22:57:39 - finetune_logger - INFO - Test memory allocated: 22.94 MB
[2026-07-05 22:57:39,335][finetune_logger][INFO] - Test memory allocated: 22.94 MB
2026-07-05 22:57:39 - finetune_logger - INFO - Epoch 10/10
[2026-07-05 22:57:39,335][finetune_logger][INFO] - Epoch 10/10
2026-07-06 03:00:15 - finetune_logger - INFO - Train loss: 27.500376638404823
[2026-07-06 03:00:15,294][finetune_logger][INFO] - Train loss: 27.500376638404823
2026-07-06 03:00:15 - finetune_logger - INFO - Train time: 14555.958161354065s
[2026-07-06 03:00:15,294][finetune_logger][INFO] - Train time: 14555.958161354065s
2026-07-06 03:00:15 - finetune_logger - INFO - Train memory reserved: 66.00 MB
[2026-07-06 03:00:15,294][finetune_logger][INFO] - Train memory reserved: 66.00 MB
2026-07-06 03:00:15 - finetune_logger - INFO - Train memory allocated: 22.94 MB
[2026-07-06 03:00:15,295][finetune_logger][INFO] - Train memory allocated: 22.94 MB
2026-07-06 03:00:15 - finetune_logger - INFO - Current learning rate: 0.0005
[2026-07-06 03:00:15,295][finetune_logger][INFO] - Current learning rate: 0.0005
2026-07-06 03:08:08 - finetune_logger - INFO - Validation metrics: {'MAE': 22.76555744337753, 'RMSE': 67.65777318792438}
[2026-07-06 03:08:08,960][finetune_logger][INFO] - Validation metrics: {'MAE': 22.76555744337753, 'RMSE': 67.65777318792438}
2026-07-06 03:08:08 - finetune_logger - INFO - Val time: 473.67s
[2026-07-06 03:08:08,961][finetune_logger][INFO] - Val time: 473.67s
2026-07-06 03:08:08 - finetune_logger - INFO - Val memory reserved: 66.00 MB
[2026-07-06 03:08:08,961][finetune_logger][INFO] - Val memory reserved: 66.00 MB
2026-07-06 03:08:08 - finetune_logger - INFO - Val memory allocated: 22.94 MB
[2026-07-06 03:08:08,961][finetune_logger][INFO] - Val memory allocated: 22.94 MB
2026-07-06 03:08:08 - finetune_logger - INFO - Logged epoch 10 info to /public/home/202411094934/python_project/Spatio-Temporal-Library/time-series/2026-07-03/fedformer/pretrain10_finetune10/weather/time-series/seed_1/training_log.json
[2026-07-06 03:08:08,965][finetune_logger][INFO] - Logged epoch 10 info to /public/home/202411094934/python_project/Spatio-Temporal-Library/time-series/2026-07-03/fedformer/pretrain10_finetune10/weather/time-series/seed_1/training_log.json
2026-07-06 03:24:21 - finetune_logger - INFO - Test metrics: {'MAE': 16.040629536049543, 'RMSE': 46.943732173661836}
[2026-07-06 03:24:21,048][finetune_logger][INFO] - Test metrics: {'MAE': 16.040629536049543, 'RMSE': 46.943732173661836}
2026-07-06 03:24:21 - finetune_logger - INFO - Test time: 972.05s
[2026-07-06 03:24:21,048][finetune_logger][INFO] - Test time: 972.05s
2026-07-06 03:24:21 - finetune_logger - INFO - Test memory reserved: 66.00 MB
[2026-07-06 03:24:21,048][finetune_logger][INFO] - Test memory reserved: 66.00 MB
2026-07-06 03:24:21 - finetune_logger - INFO - Test memory allocated: 22.94 MB
[2026-07-06 03:24:21,048][finetune_logger][INFO] - Test memory allocated: 22.94 MB
2026-07-06 03:24:21 - finetune_logger - INFO - Training completed. Best epoch: 8, Best val loss: 22.553633
[2026-07-06 03:24:21,048][finetune_logger][INFO] - Training completed. Best epoch: 8, Best val loss: 22.553633
2026-07-06 03:24:21 - finetune_logger - INFO - Loaded checkpoint from epoch 8
[2026-07-06 03:24:21,088][finetune_logger][INFO] - Loaded checkpoint from epoch 8
2026-07-06 03:24:21 - finetune_logger - INFO - Evaluating best model on test sets...
[2026-07-06 03:24:21,089][finetune_logger][INFO] - Evaluating best model on test sets...
2026-07-06 03:40:31 - finetune_logger - INFO - Test metrics: {'MAE': 16.050337361848833, 'RMSE': 46.40611190749533}
[2026-07-06 03:40:31,136][finetune_logger][INFO] - Test metrics: {'MAE': 16.050337361848833, 'RMSE': 46.40611190749533}
2026-07-06 03:40:31 - finetune_logger - INFO - Test time: 970.05s
[2026-07-06 03:40:31,136][finetune_logger][INFO] - Test time: 970.05s
2026-07-06 03:40:31 - finetune_logger - INFO - Test memory reserved: 86.00 MB
[2026-07-06 03:40:31,136][finetune_logger][INFO] - Test memory reserved: 86.00 MB
2026-07-06 03:40:31 - finetune_logger - INFO - Test memory allocated: 22.96 MB
[2026-07-06 03:40:31,136][finetune_logger][INFO] - Test memory allocated: 22.96 MB
2026-07-06 03:40:31 - finetune_logger - INFO - Logged epoch test info to /public/home/202411094934/python_project/Spatio-Temporal-Library/time-series/2026-07-03/fedformer/pretrain10_finetune10/weather/time-series/seed_1/training_log.json
[2026-07-06 03:40:31,140][finetune_logger][INFO] - Logged epoch test info to /public/home/202411094934/python_project/Spatio-Temporal-Library/time-series/2026-07-03/fedformer/pretrain10_finetune10/weather/time-series/seed_1/training_log.json
