2026-06-19 13:29:19 - finetune_logger - INFO - No pretrained checkpoint is provided. Finetuning from scratch.
[2026-06-19 13:29:19,176][finetune_logger][INFO] - No pretrained checkpoint is provided. Finetuning from scratch.
2026-06-19 13:29:19 - finetune_logger - INFO - Model parameters: 651,842
[2026-06-19 13:29:19,181][finetune_logger][INFO] - Model parameters: 651,842
2026-06-19 13:29:19 - finetune_logger - INFO - Created new log file at /public/home/202411094934/python_project/Spatio-Temporal-Library/time-series/2026-06-19/patchtst/finetune20/ettm1/time-series/seed_0/training_log.json
[2026-06-19 13:29:19,183][finetune_logger][INFO] - Created new log file at /public/home/202411094934/python_project/Spatio-Temporal-Library/time-series/2026-06-19/patchtst/finetune20/ettm1/time-series/seed_0/training_log.json
2026-06-19 13:29:19 - finetune_logger - INFO - Starting training...
[2026-06-19 13:29:19,183][finetune_logger][INFO] - Starting training...
2026-06-19 13:29:19 - finetune_logger - INFO - Epoch 1/20
[2026-06-19 13:29:19,183][finetune_logger][INFO] - Epoch 1/20
2026-06-19 13:36:49 - finetune_logger - INFO - Train loss: 1.2324199142747352
[2026-06-19 13:36:49,241][finetune_logger][INFO] - Train loss: 1.2324199142747352
2026-06-19 13:36:49 - finetune_logger - INFO - Train time: 450.0577735900879s
[2026-06-19 13:36:49,242][finetune_logger][INFO] - Train time: 450.0577735900879s
2026-06-19 13:36:49 - finetune_logger - INFO - Train memory reserved: 34.00 MB
[2026-06-19 13:36:49,242][finetune_logger][INFO] - Train memory reserved: 34.00 MB
2026-06-19 13:36:49 - finetune_logger - INFO - Train memory allocated: 23.73 MB
[2026-06-19 13:36:49,242][finetune_logger][INFO] - Train memory allocated: 23.73 MB
2026-06-19 13:36:49 - finetune_logger - INFO - Current learning rate: 0.0005
[2026-06-19 13:36:49,242][finetune_logger][INFO] - Current learning rate: 0.0005
2026-06-19 13:37:55 - finetune_logger - INFO - Validation metrics: {'MAE': 1.5117529951832935, 'RMSE': 2.471398840382332}
[2026-06-19 13:37:55,936][finetune_logger][INFO] - Validation metrics: {'MAE': 1.5117529951832935, 'RMSE': 2.471398840382332}
2026-06-19 13:37:55 - finetune_logger - INFO - Val time: 66.69s
[2026-06-19 13:37:55,936][finetune_logger][INFO] - Val time: 66.69s
2026-06-19 13:37:55 - finetune_logger - INFO - Val memory reserved: 34.00 MB
[2026-06-19 13:37:55,936][finetune_logger][INFO] - Val memory reserved: 34.00 MB
2026-06-19 13:37:55 - finetune_logger - INFO - Val memory allocated: 23.73 MB
[2026-06-19 13:37:55,936][finetune_logger][INFO] - Val memory allocated: 23.73 MB
2026-06-19 13:37:55 - finetune_logger - INFO - Logged epoch 1 info to /public/home/202411094934/python_project/Spatio-Temporal-Library/time-series/2026-06-19/patchtst/finetune20/ettm1/time-series/seed_0/training_log.json
[2026-06-19 13:37:55,940][finetune_logger][INFO] - Logged epoch 1 info to /public/home/202411094934/python_project/Spatio-Temporal-Library/time-series/2026-06-19/patchtst/finetune20/ettm1/time-series/seed_0/training_log.json
2026-06-19 13:37:55 - finetune_logger - INFO - New best model! Val loss: 1.511753
[2026-06-19 13:37:55,940][finetune_logger][INFO] - New best model! Val loss: 1.511753
2026-06-19 13:39:03 - finetune_logger - INFO - Test metrics: {'MAE': 1.4108952544712225, 'RMSE': 2.594693755304539}
[2026-06-19 13:39:03,011][finetune_logger][INFO] - Test metrics: {'MAE': 1.4108952544712225, 'RMSE': 2.594693755304539}
2026-06-19 13:39:03 - finetune_logger - INFO - Test time: 66.74s
[2026-06-19 13:39:03,012][finetune_logger][INFO] - Test time: 66.74s
2026-06-19 13:39:03 - finetune_logger - INFO - Test memory reserved: 34.00 MB
[2026-06-19 13:39:03,012][finetune_logger][INFO] - Test memory reserved: 34.00 MB
2026-06-19 13:39:03 - finetune_logger - INFO - Test memory allocated: 23.73 MB
[2026-06-19 13:39:03,012][finetune_logger][INFO] - Test memory allocated: 23.73 MB
2026-06-19 13:39:03 - finetune_logger - INFO - Epoch 2/20
[2026-06-19 13:39:03,012][finetune_logger][INFO] - Epoch 2/20
2026-06-19 13:46:29 - finetune_logger - INFO - Train loss: 1.1689352947939928
[2026-06-19 13:46:29,980][finetune_logger][INFO] - Train loss: 1.1689352947939928
2026-06-19 13:46:29 - finetune_logger - INFO - Train time: 446.967636346817s
[2026-06-19 13:46:29,980][finetune_logger][INFO] - Train time: 446.967636346817s
2026-06-19 13:46:29 - finetune_logger - INFO - Train memory reserved: 34.00 MB
[2026-06-19 13:46:29,981][finetune_logger][INFO] - Train memory reserved: 34.00 MB
2026-06-19 13:46:29 - finetune_logger - INFO - Train memory allocated: 23.73 MB
[2026-06-19 13:46:29,981][finetune_logger][INFO] - Train memory allocated: 23.73 MB
2026-06-19 13:46:29 - finetune_logger - INFO - Current learning rate: 0.0005
[2026-06-19 13:46:29,981][finetune_logger][INFO] - Current learning rate: 0.0005
2026-06-19 13:47:36 - finetune_logger - INFO - Validation metrics: {'MAE': 1.4877214900292783, 'RMSE': 2.4190296722897697}
[2026-06-19 13:47:36,813][finetune_logger][INFO] - Validation metrics: {'MAE': 1.4877214900292783, 'RMSE': 2.4190296722897697}
2026-06-19 13:47:36 - finetune_logger - INFO - Val time: 66.83s
[2026-06-19 13:47:36,814][finetune_logger][INFO] - Val time: 66.83s
2026-06-19 13:47:36 - finetune_logger - INFO - Val memory reserved: 34.00 MB
[2026-06-19 13:47:36,814][finetune_logger][INFO] - Val memory reserved: 34.00 MB
2026-06-19 13:47:36 - finetune_logger - INFO - Val memory allocated: 23.73 MB
[2026-06-19 13:47:36,814][finetune_logger][INFO] - Val memory allocated: 23.73 MB
2026-06-19 13:47:36 - finetune_logger - INFO - Logged epoch 2 info to /public/home/202411094934/python_project/Spatio-Temporal-Library/time-series/2026-06-19/patchtst/finetune20/ettm1/time-series/seed_0/training_log.json
[2026-06-19 13:47:36,817][finetune_logger][INFO] - Logged epoch 2 info to /public/home/202411094934/python_project/Spatio-Temporal-Library/time-series/2026-06-19/patchtst/finetune20/ettm1/time-series/seed_0/training_log.json
2026-06-19 13:47:36 - finetune_logger - INFO - New best model! Val loss: 1.487721
[2026-06-19 13:47:36,817][finetune_logger][INFO] - New best model! Val loss: 1.487721
2026-06-19 13:48:43 - finetune_logger - INFO - Test metrics: {'MAE': 1.3193210994356028, 'RMSE': 2.4163189550849378}
[2026-06-19 13:48:43,361][finetune_logger][INFO] - Test metrics: {'MAE': 1.3193210994356028, 'RMSE': 2.4163189550849378}
2026-06-19 13:48:43 - finetune_logger - INFO - Test time: 66.49s
[2026-06-19 13:48:43,362][finetune_logger][INFO] - Test time: 66.49s
2026-06-19 13:48:43 - finetune_logger - INFO - Test memory reserved: 34.00 MB
[2026-06-19 13:48:43,362][finetune_logger][INFO] - Test memory reserved: 34.00 MB
2026-06-19 13:48:43 - finetune_logger - INFO - Test memory allocated: 23.73 MB
[2026-06-19 13:48:43,362][finetune_logger][INFO] - Test memory allocated: 23.73 MB
2026-06-19 13:48:43 - finetune_logger - INFO - Epoch 3/20
[2026-06-19 13:48:43,362][finetune_logger][INFO] - Epoch 3/20
2026-06-19 13:56:09 - finetune_logger - INFO - Train loss: 1.1336989751520203
[2026-06-19 13:56:09,997][finetune_logger][INFO] - Train loss: 1.1336989751520203
2026-06-19 13:56:09 - finetune_logger - INFO - Train time: 446.63464999198914s
[2026-06-19 13:56:09,998][finetune_logger][INFO] - Train time: 446.63464999198914s
2026-06-19 13:56:09 - finetune_logger - INFO - Train memory reserved: 34.00 MB
[2026-06-19 13:56:09,998][finetune_logger][INFO] - Train memory reserved: 34.00 MB
2026-06-19 13:56:09 - finetune_logger - INFO - Train memory allocated: 23.73 MB
[2026-06-19 13:56:09,998][finetune_logger][INFO] - Train memory allocated: 23.73 MB
2026-06-19 13:56:09 - finetune_logger - INFO - Current learning rate: 0.0005
[2026-06-19 13:56:09,999][finetune_logger][INFO] - Current learning rate: 0.0005
2026-06-19 13:57:16 - finetune_logger - INFO - Validation metrics: {'MAE': 1.4983062797475266, 'RMSE': 2.439893155594276}
[2026-06-19 13:57:16,703][finetune_logger][INFO] - Validation metrics: {'MAE': 1.4983062797475266, 'RMSE': 2.439893155594276}
2026-06-19 13:57:16 - finetune_logger - INFO - Val time: 66.70s
[2026-06-19 13:57:16,704][finetune_logger][INFO] - Val time: 66.70s
2026-06-19 13:57:16 - finetune_logger - INFO - Val memory reserved: 34.00 MB
[2026-06-19 13:57:16,704][finetune_logger][INFO] - Val memory reserved: 34.00 MB
2026-06-19 13:57:16 - finetune_logger - INFO - Val memory allocated: 23.73 MB
[2026-06-19 13:57:16,704][finetune_logger][INFO] - Val memory allocated: 23.73 MB
2026-06-19 13:57:16 - finetune_logger - INFO - Logged epoch 3 info to /public/home/202411094934/python_project/Spatio-Temporal-Library/time-series/2026-06-19/patchtst/finetune20/ettm1/time-series/seed_0/training_log.json
[2026-06-19 13:57:16,707][finetune_logger][INFO] - Logged epoch 3 info to /public/home/202411094934/python_project/Spatio-Temporal-Library/time-series/2026-06-19/patchtst/finetune20/ettm1/time-series/seed_0/training_log.json
2026-06-19 13:58:23 - finetune_logger - INFO - Test metrics: {'MAE': 1.415087389136442, 'RMSE': 2.619785842739955}
[2026-06-19 13:58:23,487][finetune_logger][INFO] - Test metrics: {'MAE': 1.415087389136442, 'RMSE': 2.619785842739955}
2026-06-19 13:58:23 - finetune_logger - INFO - Test time: 66.78s
[2026-06-19 13:58:23,487][finetune_logger][INFO] - Test time: 66.78s
2026-06-19 13:58:23 - finetune_logger - INFO - Test memory reserved: 34.00 MB
[2026-06-19 13:58:23,488][finetune_logger][INFO] - Test memory reserved: 34.00 MB
2026-06-19 13:58:23 - finetune_logger - INFO - Test memory allocated: 23.73 MB
[2026-06-19 13:58:23,488][finetune_logger][INFO] - Test memory allocated: 23.73 MB
2026-06-19 13:58:23 - finetune_logger - INFO - Epoch 4/20
[2026-06-19 13:58:23,488][finetune_logger][INFO] - Epoch 4/20
2026-06-19 14:05:48 - finetune_logger - INFO - Train loss: 1.1040141695886418
[2026-06-19 14:05:48,239][finetune_logger][INFO] - Train loss: 1.1040141695886418
2026-06-19 14:05:48 - finetune_logger - INFO - Train time: 444.75104093551636s
[2026-06-19 14:05:48,239][finetune_logger][INFO] - Train time: 444.75104093551636s
2026-06-19 14:05:48 - finetune_logger - INFO - Train memory reserved: 34.00 MB
[2026-06-19 14:05:48,240][finetune_logger][INFO] - Train memory reserved: 34.00 MB
2026-06-19 14:05:48 - finetune_logger - INFO - Train memory allocated: 23.73 MB
[2026-06-19 14:05:48,240][finetune_logger][INFO] - Train memory allocated: 23.73 MB
2026-06-19 14:05:48 - finetune_logger - INFO - Current learning rate: 0.0005
[2026-06-19 14:05:48,240][finetune_logger][INFO] - Current learning rate: 0.0005
2026-06-19 14:06:54 - finetune_logger - INFO - Validation metrics: {'MAE': 1.4953993555603196, 'RMSE': 2.436363781572638}
[2026-06-19 14:06:54,833][finetune_logger][INFO] - Validation metrics: {'MAE': 1.4953993555603196, 'RMSE': 2.436363781572638}
2026-06-19 14:06:54 - finetune_logger - INFO - Val time: 66.59s
[2026-06-19 14:06:54,833][finetune_logger][INFO] - Val time: 66.59s
2026-06-19 14:06:54 - finetune_logger - INFO - Val memory reserved: 34.00 MB
[2026-06-19 14:06:54,833][finetune_logger][INFO] - Val memory reserved: 34.00 MB
2026-06-19 14:06:54 - finetune_logger - INFO - Val memory allocated: 23.73 MB
[2026-06-19 14:06:54,833][finetune_logger][INFO] - Val memory allocated: 23.73 MB
2026-06-19 14:06:54 - finetune_logger - INFO - Logged epoch 4 info to /public/home/202411094934/python_project/Spatio-Temporal-Library/time-series/2026-06-19/patchtst/finetune20/ettm1/time-series/seed_0/training_log.json
[2026-06-19 14:06:54,836][finetune_logger][INFO] - Logged epoch 4 info to /public/home/202411094934/python_project/Spatio-Temporal-Library/time-series/2026-06-19/patchtst/finetune20/ettm1/time-series/seed_0/training_log.json
2026-06-19 14:08:01 - finetune_logger - INFO - Test metrics: {'MAE': 1.3630920538889604, 'RMSE': 2.499369012050197}
[2026-06-19 14:08:01,576][finetune_logger][INFO] - Test metrics: {'MAE': 1.3630920538889604, 'RMSE': 2.499369012050197}
2026-06-19 14:08:01 - finetune_logger - INFO - Test time: 66.74s
[2026-06-19 14:08:01,576][finetune_logger][INFO] - Test time: 66.74s
2026-06-19 14:08:01 - finetune_logger - INFO - Test memory reserved: 34.00 MB
[2026-06-19 14:08:01,576][finetune_logger][INFO] - Test memory reserved: 34.00 MB
2026-06-19 14:08:01 - finetune_logger - INFO - Test memory allocated: 23.73 MB
[2026-06-19 14:08:01,576][finetune_logger][INFO] - Test memory allocated: 23.73 MB
2026-06-19 14:08:01 - finetune_logger - INFO - Epoch 5/20
[2026-06-19 14:08:01,577][finetune_logger][INFO] - Epoch 5/20
2026-06-19 14:15:27 - finetune_logger - INFO - Train loss: 1.076524329143783
[2026-06-19 14:15:27,837][finetune_logger][INFO] - Train loss: 1.076524329143783
2026-06-19 14:15:27 - finetune_logger - INFO - Train time: 446.2601227760315s
[2026-06-19 14:15:27,837][finetune_logger][INFO] - Train time: 446.2601227760315s
2026-06-19 14:15:27 - finetune_logger - INFO - Train memory reserved: 34.00 MB
[2026-06-19 14:15:27,838][finetune_logger][INFO] - Train memory reserved: 34.00 MB
2026-06-19 14:15:27 - finetune_logger - INFO - Train memory allocated: 23.73 MB
[2026-06-19 14:15:27,838][finetune_logger][INFO] - Train memory allocated: 23.73 MB
2026-06-19 14:15:27 - finetune_logger - INFO - Current learning rate: 0.0005
[2026-06-19 14:15:27,838][finetune_logger][INFO] - Current learning rate: 0.0005
2026-06-19 14:16:34 - finetune_logger - INFO - Validation metrics: {'MAE': 1.538347801175903, 'RMSE': 2.5091843058784735}
[2026-06-19 14:16:34,557][finetune_logger][INFO] - Validation metrics: {'MAE': 1.538347801175903, 'RMSE': 2.5091843058784735}
2026-06-19 14:16:34 - finetune_logger - INFO - Val time: 66.72s
[2026-06-19 14:16:34,557][finetune_logger][INFO] - Val time: 66.72s
2026-06-19 14:16:34 - finetune_logger - INFO - Val memory reserved: 34.00 MB
[2026-06-19 14:16:34,557][finetune_logger][INFO] - Val memory reserved: 34.00 MB
2026-06-19 14:16:34 - finetune_logger - INFO - Val memory allocated: 23.73 MB
[2026-06-19 14:16:34,558][finetune_logger][INFO] - Val memory allocated: 23.73 MB
2026-06-19 14:16:34 - finetune_logger - INFO - Logged epoch 5 info to /public/home/202411094934/python_project/Spatio-Temporal-Library/time-series/2026-06-19/patchtst/finetune20/ettm1/time-series/seed_0/training_log.json
[2026-06-19 14:16:34,561][finetune_logger][INFO] - Logged epoch 5 info to /public/home/202411094934/python_project/Spatio-Temporal-Library/time-series/2026-06-19/patchtst/finetune20/ettm1/time-series/seed_0/training_log.json
2026-06-19 14:17:41 - finetune_logger - INFO - Test metrics: {'MAE': 1.356824054280959, 'RMSE': 2.467000721922116}
[2026-06-19 14:17:41,164][finetune_logger][INFO] - Test metrics: {'MAE': 1.356824054280959, 'RMSE': 2.467000721922116}
2026-06-19 14:17:41 - finetune_logger - INFO - Test time: 66.60s
[2026-06-19 14:17:41,164][finetune_logger][INFO] - Test time: 66.60s
2026-06-19 14:17:41 - finetune_logger - INFO - Test memory reserved: 34.00 MB
[2026-06-19 14:17:41,164][finetune_logger][INFO] - Test memory reserved: 34.00 MB
2026-06-19 14:17:41 - finetune_logger - INFO - Test memory allocated: 23.73 MB
[2026-06-19 14:17:41,164][finetune_logger][INFO] - Test memory allocated: 23.73 MB
2026-06-19 14:17:41 - finetune_logger - INFO - Epoch 6/20
[2026-06-19 14:17:41,164][finetune_logger][INFO] - Epoch 6/20
2026-06-19 14:25:08 - finetune_logger - INFO - Train loss: 1.05293692297133
[2026-06-19 14:25:08,016][finetune_logger][INFO] - Train loss: 1.05293692297133
2026-06-19 14:25:08 - finetune_logger - INFO - Train time: 446.85138154029846s
[2026-06-19 14:25:08,017][finetune_logger][INFO] - Train time: 446.85138154029846s
2026-06-19 14:25:08 - finetune_logger - INFO - Train memory reserved: 34.00 MB
[2026-06-19 14:25:08,017][finetune_logger][INFO] - Train memory reserved: 34.00 MB
2026-06-19 14:25:08 - finetune_logger - INFO - Train memory allocated: 23.73 MB
[2026-06-19 14:25:08,017][finetune_logger][INFO] - Train memory allocated: 23.73 MB
2026-06-19 14:25:08 - finetune_logger - INFO - Current learning rate: 0.0005
[2026-06-19 14:25:08,017][finetune_logger][INFO] - Current learning rate: 0.0005
2026-06-19 14:26:14 - finetune_logger - INFO - Validation metrics: {'MAE': 1.5258382464852007, 'RMSE': 2.4749667509735622}
[2026-06-19 14:26:14,681][finetune_logger][INFO] - Validation metrics: {'MAE': 1.5258382464852007, 'RMSE': 2.4749667509735622}
2026-06-19 14:26:14 - finetune_logger - INFO - Val time: 66.66s
[2026-06-19 14:26:14,681][finetune_logger][INFO] - Val time: 66.66s
2026-06-19 14:26:14 - finetune_logger - INFO - Val memory reserved: 34.00 MB
[2026-06-19 14:26:14,681][finetune_logger][INFO] - Val memory reserved: 34.00 MB
2026-06-19 14:26:14 - finetune_logger - INFO - Val memory allocated: 23.73 MB
[2026-06-19 14:26:14,681][finetune_logger][INFO] - Val memory allocated: 23.73 MB
2026-06-19 14:26:14 - finetune_logger - INFO - Logged epoch 6 info to /public/home/202411094934/python_project/Spatio-Temporal-Library/time-series/2026-06-19/patchtst/finetune20/ettm1/time-series/seed_0/training_log.json
[2026-06-19 14:26:14,684][finetune_logger][INFO] - Logged epoch 6 info to /public/home/202411094934/python_project/Spatio-Temporal-Library/time-series/2026-06-19/patchtst/finetune20/ettm1/time-series/seed_0/training_log.json
2026-06-19 14:27:21 - finetune_logger - INFO - Test metrics: {'MAE': 1.340968253921524, 'RMSE': 2.4445197717909606}
[2026-06-19 14:27:21,395][finetune_logger][INFO] - Test metrics: {'MAE': 1.340968253921524, 'RMSE': 2.4445197717909606}
2026-06-19 14:27:21 - finetune_logger - INFO - Test time: 66.71s
[2026-06-19 14:27:21,395][finetune_logger][INFO] - Test time: 66.71s
2026-06-19 14:27:21 - finetune_logger - INFO - Test memory reserved: 34.00 MB
[2026-06-19 14:27:21,395][finetune_logger][INFO] - Test memory reserved: 34.00 MB
2026-06-19 14:27:21 - finetune_logger - INFO - Test memory allocated: 23.73 MB
[2026-06-19 14:27:21,395][finetune_logger][INFO] - Test memory allocated: 23.73 MB
2026-06-19 14:27:21 - finetune_logger - INFO - Epoch 7/20
[2026-06-19 14:27:21,396][finetune_logger][INFO] - Epoch 7/20
2026-06-19 14:34:47 - finetune_logger - INFO - Train loss: 1.031299380774992
[2026-06-19 14:34:47,982][finetune_logger][INFO] - Train loss: 1.031299380774992
2026-06-19 14:34:47 - finetune_logger - INFO - Train time: 446.58567214012146s
[2026-06-19 14:34:47,982][finetune_logger][INFO] - Train time: 446.58567214012146s
2026-06-19 14:34:47 - finetune_logger - INFO - Train memory reserved: 34.00 MB
[2026-06-19 14:34:47,982][finetune_logger][INFO] - Train memory reserved: 34.00 MB
2026-06-19 14:34:47 - finetune_logger - INFO - Train memory allocated: 23.73 MB
[2026-06-19 14:34:47,982][finetune_logger][INFO] - Train memory allocated: 23.73 MB
2026-06-19 14:34:47 - finetune_logger - INFO - Current learning rate: 0.0005
[2026-06-19 14:34:47,982][finetune_logger][INFO] - Current learning rate: 0.0005
2026-06-19 14:35:54 - finetune_logger - INFO - Validation metrics: {'MAE': 1.5238118195343173, 'RMSE': 2.481840359894809}
[2026-06-19 14:35:54,619][finetune_logger][INFO] - Validation metrics: {'MAE': 1.5238118195343173, 'RMSE': 2.481840359894809}
2026-06-19 14:35:54 - finetune_logger - INFO - Val time: 66.64s
[2026-06-19 14:35:54,620][finetune_logger][INFO] - Val time: 66.64s
2026-06-19 14:35:54 - finetune_logger - INFO - Val memory reserved: 34.00 MB
[2026-06-19 14:35:54,620][finetune_logger][INFO] - Val memory reserved: 34.00 MB
2026-06-19 14:35:54 - finetune_logger - INFO - Val memory allocated: 23.73 MB
[2026-06-19 14:35:54,620][finetune_logger][INFO] - Val memory allocated: 23.73 MB
2026-06-19 14:35:54 - finetune_logger - INFO - Logged epoch 7 info to /public/home/202411094934/python_project/Spatio-Temporal-Library/time-series/2026-06-19/patchtst/finetune20/ettm1/time-series/seed_0/training_log.json
[2026-06-19 14:35:54,623][finetune_logger][INFO] - Logged epoch 7 info to /public/home/202411094934/python_project/Spatio-Temporal-Library/time-series/2026-06-19/patchtst/finetune20/ettm1/time-series/seed_0/training_log.json
2026-06-19 14:37:01 - finetune_logger - INFO - Test metrics: {'MAE': 1.3491335508614908, 'RMSE': 2.468010315178666}
[2026-06-19 14:37:01,295][finetune_logger][INFO] - Test metrics: {'MAE': 1.3491335508614908, 'RMSE': 2.468010315178666}
2026-06-19 14:37:01 - finetune_logger - INFO - Test time: 66.67s
[2026-06-19 14:37:01,295][finetune_logger][INFO] - Test time: 66.67s
2026-06-19 14:37:01 - finetune_logger - INFO - Test memory reserved: 34.00 MB
[2026-06-19 14:37:01,295][finetune_logger][INFO] - Test memory reserved: 34.00 MB
2026-06-19 14:37:01 - finetune_logger - INFO - Test memory allocated: 23.73 MB
[2026-06-19 14:37:01,295][finetune_logger][INFO] - Test memory allocated: 23.73 MB
2026-06-19 14:37:01 - finetune_logger - INFO - Epoch 8/20
[2026-06-19 14:37:01,295][finetune_logger][INFO] - Epoch 8/20
2026-06-19 14:44:28 - finetune_logger - INFO - Train loss: 1.0140727426094815
[2026-06-19 14:44:28,337][finetune_logger][INFO] - Train loss: 1.0140727426094815
2026-06-19 14:44:28 - finetune_logger - INFO - Train time: 447.04105162620544s
[2026-06-19 14:44:28,337][finetune_logger][INFO] - Train time: 447.04105162620544s
2026-06-19 14:44:28 - finetune_logger - INFO - Train memory reserved: 34.00 MB
[2026-06-19 14:44:28,337][finetune_logger][INFO] - Train memory reserved: 34.00 MB
2026-06-19 14:44:28 - finetune_logger - INFO - Train memory allocated: 23.73 MB
[2026-06-19 14:44:28,337][finetune_logger][INFO] - Train memory allocated: 23.73 MB
2026-06-19 14:44:28 - finetune_logger - INFO - Current learning rate: 0.0005
[2026-06-19 14:44:28,338][finetune_logger][INFO] - Current learning rate: 0.0005
2026-06-19 14:45:35 - finetune_logger - INFO - Validation metrics: {'MAE': 1.5538403102889167, 'RMSE': 2.521395996973548}
[2026-06-19 14:45:35,106][finetune_logger][INFO] - Validation metrics: {'MAE': 1.5538403102889167, 'RMSE': 2.521395996973548}
2026-06-19 14:45:35 - finetune_logger - INFO - Val time: 66.77s
[2026-06-19 14:45:35,106][finetune_logger][INFO] - Val time: 66.77s
2026-06-19 14:45:35 - finetune_logger - INFO - Val memory reserved: 34.00 MB
[2026-06-19 14:45:35,106][finetune_logger][INFO] - Val memory reserved: 34.00 MB
2026-06-19 14:45:35 - finetune_logger - INFO - Val memory allocated: 23.73 MB
[2026-06-19 14:45:35,107][finetune_logger][INFO] - Val memory allocated: 23.73 MB
2026-06-19 14:45:35 - finetune_logger - INFO - Logged epoch 8 info to /public/home/202411094934/python_project/Spatio-Temporal-Library/time-series/2026-06-19/patchtst/finetune20/ettm1/time-series/seed_0/training_log.json
[2026-06-19 14:45:35,110][finetune_logger][INFO] - Logged epoch 8 info to /public/home/202411094934/python_project/Spatio-Temporal-Library/time-series/2026-06-19/patchtst/finetune20/ettm1/time-series/seed_0/training_log.json
2026-06-19 14:46:41 - finetune_logger - INFO - Test metrics: {'MAE': 1.3778913845287866, 'RMSE': 2.5297039394530727}
[2026-06-19 14:46:41,925][finetune_logger][INFO] - Test metrics: {'MAE': 1.3778913845287866, 'RMSE': 2.5297039394530727}
2026-06-19 14:46:41 - finetune_logger - INFO - Test time: 66.81s
[2026-06-19 14:46:41,925][finetune_logger][INFO] - Test time: 66.81s
2026-06-19 14:46:41 - finetune_logger - INFO - Test memory reserved: 34.00 MB
[2026-06-19 14:46:41,925][finetune_logger][INFO] - Test memory reserved: 34.00 MB
2026-06-19 14:46:41 - finetune_logger - INFO - Test memory allocated: 23.73 MB
[2026-06-19 14:46:41,925][finetune_logger][INFO] - Test memory allocated: 23.73 MB
2026-06-19 14:46:41 - finetune_logger - INFO - Epoch 9/20
[2026-06-19 14:46:41,925][finetune_logger][INFO] - Epoch 9/20
2026-06-19 14:54:09 - finetune_logger - INFO - Train loss: 0.998017967530896
[2026-06-19 14:54:09,068][finetune_logger][INFO] - Train loss: 0.998017967530896
2026-06-19 14:54:09 - finetune_logger - INFO - Train time: 447.14224672317505s
[2026-06-19 14:54:09,068][finetune_logger][INFO] - Train time: 447.14224672317505s
2026-06-19 14:54:09 - finetune_logger - INFO - Train memory reserved: 34.00 MB
[2026-06-19 14:54:09,068][finetune_logger][INFO] - Train memory reserved: 34.00 MB
2026-06-19 14:54:09 - finetune_logger - INFO - Train memory allocated: 23.73 MB
[2026-06-19 14:54:09,069][finetune_logger][INFO] - Train memory allocated: 23.73 MB
2026-06-19 14:54:09 - finetune_logger - INFO - Current learning rate: 0.0005
[2026-06-19 14:54:09,069][finetune_logger][INFO] - Current learning rate: 0.0005
2026-06-19 14:55:15 - finetune_logger - INFO - Validation metrics: {'MAE': 1.5385799872785284, 'RMSE': 2.494461894913669}
[2026-06-19 14:55:15,830][finetune_logger][INFO] - Validation metrics: {'MAE': 1.5385799872785284, 'RMSE': 2.494461894913669}
2026-06-19 14:55:15 - finetune_logger - INFO - Val time: 66.76s
[2026-06-19 14:55:15,830][finetune_logger][INFO] - Val time: 66.76s
2026-06-19 14:55:15 - finetune_logger - INFO - Val memory reserved: 34.00 MB
[2026-06-19 14:55:15,830][finetune_logger][INFO] - Val memory reserved: 34.00 MB
2026-06-19 14:55:15 - finetune_logger - INFO - Val memory allocated: 23.73 MB
[2026-06-19 14:55:15,830][finetune_logger][INFO] - Val memory allocated: 23.73 MB
2026-06-19 14:55:15 - finetune_logger - INFO - Logged epoch 9 info to /public/home/202411094934/python_project/Spatio-Temporal-Library/time-series/2026-06-19/patchtst/finetune20/ettm1/time-series/seed_0/training_log.json
[2026-06-19 14:55:15,834][finetune_logger][INFO] - Logged epoch 9 info to /public/home/202411094934/python_project/Spatio-Temporal-Library/time-series/2026-06-19/patchtst/finetune20/ettm1/time-series/seed_0/training_log.json
2026-06-19 14:56:22 - finetune_logger - INFO - Test metrics: {'MAE': 1.3740074991545028, 'RMSE': 2.4992940988796715}
[2026-06-19 14:56:22,474][finetune_logger][INFO] - Test metrics: {'MAE': 1.3740074991545028, 'RMSE': 2.4992940988796715}
2026-06-19 14:56:22 - finetune_logger - INFO - Test time: 66.64s
[2026-06-19 14:56:22,474][finetune_logger][INFO] - Test time: 66.64s
2026-06-19 14:56:22 - finetune_logger - INFO - Test memory reserved: 34.00 MB
[2026-06-19 14:56:22,475][finetune_logger][INFO] - Test memory reserved: 34.00 MB
2026-06-19 14:56:22 - finetune_logger - INFO - Test memory allocated: 23.73 MB
[2026-06-19 14:56:22,475][finetune_logger][INFO] - Test memory allocated: 23.73 MB
2026-06-19 14:56:22 - finetune_logger - INFO - Epoch 10/20
[2026-06-19 14:56:22,475][finetune_logger][INFO] - Epoch 10/20
2026-06-19 15:03:49 - finetune_logger - INFO - Train loss: 0.9832801554601209
[2026-06-19 15:03:49,042][finetune_logger][INFO] - Train loss: 0.9832801554601209
2026-06-19 15:03:49 - finetune_logger - INFO - Train time: 446.5667395591736s
[2026-06-19 15:03:49,042][finetune_logger][INFO] - Train time: 446.5667395591736s
2026-06-19 15:03:49 - finetune_logger - INFO - Train memory reserved: 34.00 MB
[2026-06-19 15:03:49,042][finetune_logger][INFO] - Train memory reserved: 34.00 MB
2026-06-19 15:03:49 - finetune_logger - INFO - Train memory allocated: 23.73 MB
[2026-06-19 15:03:49,043][finetune_logger][INFO] - Train memory allocated: 23.73 MB
2026-06-19 15:03:49 - finetune_logger - INFO - Current learning rate: 0.0005
[2026-06-19 15:03:49,043][finetune_logger][INFO] - Current learning rate: 0.0005
2026-06-19 15:04:55 - finetune_logger - INFO - Validation metrics: {'MAE': 1.5911788093265928, 'RMSE': 2.5653544389455596}
[2026-06-19 15:04:55,648][finetune_logger][INFO] - Validation metrics: {'MAE': 1.5911788093265928, 'RMSE': 2.5653544389455596}
2026-06-19 15:04:55 - finetune_logger - INFO - Val time: 66.60s
[2026-06-19 15:04:55,648][finetune_logger][INFO] - Val time: 66.60s
2026-06-19 15:04:55 - finetune_logger - INFO - Val memory reserved: 34.00 MB
[2026-06-19 15:04:55,648][finetune_logger][INFO] - Val memory reserved: 34.00 MB
2026-06-19 15:04:55 - finetune_logger - INFO - Val memory allocated: 23.73 MB
[2026-06-19 15:04:55,648][finetune_logger][INFO] - Val memory allocated: 23.73 MB
2026-06-19 15:04:55 - finetune_logger - INFO - Logged epoch 10 info to /public/home/202411094934/python_project/Spatio-Temporal-Library/time-series/2026-06-19/patchtst/finetune20/ettm1/time-series/seed_0/training_log.json
[2026-06-19 15:04:55,652][finetune_logger][INFO] - Logged epoch 10 info to /public/home/202411094934/python_project/Spatio-Temporal-Library/time-series/2026-06-19/patchtst/finetune20/ettm1/time-series/seed_0/training_log.json
2026-06-19 15:06:02 - finetune_logger - INFO - Test metrics: {'MAE': 1.4210443028227004, 'RMSE': 2.5428057513181868}
[2026-06-19 15:06:02,510][finetune_logger][INFO] - Test metrics: {'MAE': 1.4210443028227004, 'RMSE': 2.5428057513181868}
2026-06-19 15:06:02 - finetune_logger - INFO - Test time: 66.83s
[2026-06-19 15:06:02,511][finetune_logger][INFO] - Test time: 66.83s
2026-06-19 15:06:02 - finetune_logger - INFO - Test memory reserved: 34.00 MB
[2026-06-19 15:06:02,511][finetune_logger][INFO] - Test memory reserved: 34.00 MB
2026-06-19 15:06:02 - finetune_logger - INFO - Test memory allocated: 23.73 MB
[2026-06-19 15:06:02,511][finetune_logger][INFO] - Test memory allocated: 23.73 MB
2026-06-19 15:06:02 - finetune_logger - INFO - Epoch 11/20
[2026-06-19 15:06:02,511][finetune_logger][INFO] - Epoch 11/20
2026-06-19 15:13:28 - finetune_logger - INFO - Train loss: 0.9457279746707166
[2026-06-19 15:13:28,847][finetune_logger][INFO] - Train loss: 0.9457279746707166
2026-06-19 15:13:28 - finetune_logger - INFO - Train time: 446.3352439403534s
[2026-06-19 15:13:28,847][finetune_logger][INFO] - Train time: 446.3352439403534s
2026-06-19 15:13:28 - finetune_logger - INFO - Train memory reserved: 34.00 MB
[2026-06-19 15:13:28,847][finetune_logger][INFO] - Train memory reserved: 34.00 MB
2026-06-19 15:13:28 - finetune_logger - INFO - Train memory allocated: 23.73 MB
[2026-06-19 15:13:28,847][finetune_logger][INFO] - Train memory allocated: 23.73 MB
2026-06-19 15:13:28 - finetune_logger - INFO - Current learning rate: 0.00025
[2026-06-19 15:13:28,847][finetune_logger][INFO] - Current learning rate: 0.00025
2026-06-19 15:14:35 - finetune_logger - INFO - Validation metrics: {'MAE': 1.5809794405328992, 'RMSE': 2.5675179069009406}
[2026-06-19 15:14:35,629][finetune_logger][INFO] - Validation metrics: {'MAE': 1.5809794405328992, 'RMSE': 2.5675179069009406}
2026-06-19 15:14:35 - finetune_logger - INFO - Val time: 66.78s
[2026-06-19 15:14:35,629][finetune_logger][INFO] - Val time: 66.78s
2026-06-19 15:14:35 - finetune_logger - INFO - Val memory reserved: 34.00 MB
[2026-06-19 15:14:35,629][finetune_logger][INFO] - Val memory reserved: 34.00 MB
2026-06-19 15:14:35 - finetune_logger - INFO - Val memory allocated: 23.73 MB
[2026-06-19 15:14:35,630][finetune_logger][INFO] - Val memory allocated: 23.73 MB
2026-06-19 15:14:35 - finetune_logger - INFO - Logged epoch 11 info to /public/home/202411094934/python_project/Spatio-Temporal-Library/time-series/2026-06-19/patchtst/finetune20/ettm1/time-series/seed_0/training_log.json
[2026-06-19 15:14:35,633][finetune_logger][INFO] - Logged epoch 11 info to /public/home/202411094934/python_project/Spatio-Temporal-Library/time-series/2026-06-19/patchtst/finetune20/ettm1/time-series/seed_0/training_log.json
2026-06-19 15:15:42 - finetune_logger - INFO - Test metrics: {'MAE': 1.373156275312172, 'RMSE': 2.4872403562465717}
[2026-06-19 15:15:42,241][finetune_logger][INFO] - Test metrics: {'MAE': 1.373156275312172, 'RMSE': 2.4872403562465717}
2026-06-19 15:15:42 - finetune_logger - INFO - Test time: 66.61s
[2026-06-19 15:15:42,241][finetune_logger][INFO] - Test time: 66.61s
2026-06-19 15:15:42 - finetune_logger - INFO - Test memory reserved: 34.00 MB
[2026-06-19 15:15:42,241][finetune_logger][INFO] - Test memory reserved: 34.00 MB
2026-06-19 15:15:42 - finetune_logger - INFO - Test memory allocated: 23.73 MB
[2026-06-19 15:15:42,242][finetune_logger][INFO] - Test memory allocated: 23.73 MB
2026-06-19 15:15:42 - finetune_logger - INFO - Epoch 12/20
[2026-06-19 15:15:42,242][finetune_logger][INFO] - Epoch 12/20
2026-06-19 15:23:09 - finetune_logger - INFO - Train loss: 0.9351387862526049
[2026-06-19 15:23:09,188][finetune_logger][INFO] - Train loss: 0.9351387862526049
2026-06-19 15:23:09 - finetune_logger - INFO - Train time: 446.9458796977997s
[2026-06-19 15:23:09,188][finetune_logger][INFO] - Train time: 446.9458796977997s
2026-06-19 15:23:09 - finetune_logger - INFO - Train memory reserved: 34.00 MB
[2026-06-19 15:23:09,188][finetune_logger][INFO] - Train memory reserved: 34.00 MB
2026-06-19 15:23:09 - finetune_logger - INFO - Train memory allocated: 23.73 MB
[2026-06-19 15:23:09,189][finetune_logger][INFO] - Train memory allocated: 23.73 MB
2026-06-19 15:23:09 - finetune_logger - INFO - Current learning rate: 0.00025
[2026-06-19 15:23:09,189][finetune_logger][INFO] - Current learning rate: 0.00025
2026-06-19 15:24:15 - finetune_logger - INFO - Validation metrics: {'MAE': 1.5658404168001097, 'RMSE': 2.548967613244751}
[2026-06-19 15:24:15,824][finetune_logger][INFO] - Validation metrics: {'MAE': 1.5658404168001097, 'RMSE': 2.548967613244751}
2026-06-19 15:24:15 - finetune_logger - INFO - Val time: 66.64s
[2026-06-19 15:24:15,825][finetune_logger][INFO] - Val time: 66.64s
2026-06-19 15:24:15 - finetune_logger - INFO - Val memory reserved: 34.00 MB
[2026-06-19 15:24:15,825][finetune_logger][INFO] - Val memory reserved: 34.00 MB
2026-06-19 15:24:15 - finetune_logger - INFO - Val memory allocated: 23.73 MB
[2026-06-19 15:24:15,825][finetune_logger][INFO] - Val memory allocated: 23.73 MB
2026-06-19 15:24:15 - finetune_logger - INFO - Logged epoch 12 info to /public/home/202411094934/python_project/Spatio-Temporal-Library/time-series/2026-06-19/patchtst/finetune20/ettm1/time-series/seed_0/training_log.json
[2026-06-19 15:24:15,828][finetune_logger][INFO] - Logged epoch 12 info to /public/home/202411094934/python_project/Spatio-Temporal-Library/time-series/2026-06-19/patchtst/finetune20/ettm1/time-series/seed_0/training_log.json
2026-06-19 15:25:22 - finetune_logger - INFO - Test metrics: {'MAE': 1.3797306128411722, 'RMSE': 2.5120678144404938}
[2026-06-19 15:25:22,505][finetune_logger][INFO] - Test metrics: {'MAE': 1.3797306128411722, 'RMSE': 2.5120678144404938}
2026-06-19 15:25:22 - finetune_logger - INFO - Test time: 66.68s
[2026-06-19 15:25:22,505][finetune_logger][INFO] - Test time: 66.68s
2026-06-19 15:25:22 - finetune_logger - INFO - Test memory reserved: 34.00 MB
[2026-06-19 15:25:22,505][finetune_logger][INFO] - Test memory reserved: 34.00 MB
2026-06-19 15:25:22 - finetune_logger - INFO - Test memory allocated: 23.73 MB
[2026-06-19 15:25:22,505][finetune_logger][INFO] - Test memory allocated: 23.73 MB
2026-06-19 15:25:22 - finetune_logger - INFO - Epoch 13/20
[2026-06-19 15:25:22,506][finetune_logger][INFO] - Epoch 13/20
2026-06-19 15:32:48 - finetune_logger - INFO - Train loss: 0.9273729994925609
[2026-06-19 15:32:48,854][finetune_logger][INFO] - Train loss: 0.9273729994925609
2026-06-19 15:32:48 - finetune_logger - INFO - Train time: 446.34753346443176s
[2026-06-19 15:32:48,854][finetune_logger][INFO] - Train time: 446.34753346443176s
2026-06-19 15:32:48 - finetune_logger - INFO - Train memory reserved: 34.00 MB
[2026-06-19 15:32:48,854][finetune_logger][INFO] - Train memory reserved: 34.00 MB
2026-06-19 15:32:48 - finetune_logger - INFO - Train memory allocated: 23.73 MB
[2026-06-19 15:32:48,854][finetune_logger][INFO] - Train memory allocated: 23.73 MB
2026-06-19 15:32:48 - finetune_logger - INFO - Current learning rate: 0.00025
[2026-06-19 15:32:48,854][finetune_logger][INFO] - Current learning rate: 0.00025
2026-06-19 15:33:55 - finetune_logger - INFO - Validation metrics: {'MAE': 1.5907937593053827, 'RMSE': 2.58677910094892}
[2026-06-19 15:33:55,675][finetune_logger][INFO] - Validation metrics: {'MAE': 1.5907937593053827, 'RMSE': 2.58677910094892}
2026-06-19 15:33:55 - finetune_logger - INFO - Val time: 66.82s
[2026-06-19 15:33:55,676][finetune_logger][INFO] - Val time: 66.82s
2026-06-19 15:33:55 - finetune_logger - INFO - Val memory reserved: 34.00 MB
[2026-06-19 15:33:55,676][finetune_logger][INFO] - Val memory reserved: 34.00 MB
2026-06-19 15:33:55 - finetune_logger - INFO - Val memory allocated: 23.73 MB
[2026-06-19 15:33:55,676][finetune_logger][INFO] - Val memory allocated: 23.73 MB
2026-06-19 15:33:55 - finetune_logger - INFO - Logged epoch 13 info to /public/home/202411094934/python_project/Spatio-Temporal-Library/time-series/2026-06-19/patchtst/finetune20/ettm1/time-series/seed_0/training_log.json
[2026-06-19 15:33:55,679][finetune_logger][INFO] - Logged epoch 13 info to /public/home/202411094934/python_project/Spatio-Temporal-Library/time-series/2026-06-19/patchtst/finetune20/ettm1/time-series/seed_0/training_log.json
2026-06-19 15:35:02 - finetune_logger - INFO - Test metrics: {'MAE': 1.371938921222153, 'RMSE': 2.496350137524965}
[2026-06-19 15:35:02,453][finetune_logger][INFO] - Test metrics: {'MAE': 1.371938921222153, 'RMSE': 2.496350137524965}
2026-06-19 15:35:02 - finetune_logger - INFO - Test time: 66.77s
[2026-06-19 15:35:02,453][finetune_logger][INFO] - Test time: 66.77s
2026-06-19 15:35:02 - finetune_logger - INFO - Test memory reserved: 34.00 MB
[2026-06-19 15:35:02,453][finetune_logger][INFO] - Test memory reserved: 34.00 MB
2026-06-19 15:35:02 - finetune_logger - INFO - Test memory allocated: 23.73 MB
[2026-06-19 15:35:02,453][finetune_logger][INFO] - Test memory allocated: 23.73 MB
2026-06-19 15:35:02 - finetune_logger - INFO - Epoch 14/20
[2026-06-19 15:35:02,453][finetune_logger][INFO] - Epoch 14/20
2026-06-19 15:42:29 - finetune_logger - INFO - Train loss: 0.9200004465837741
[2026-06-19 15:42:29,395][finetune_logger][INFO] - Train loss: 0.9200004465837741
2026-06-19 15:42:29 - finetune_logger - INFO - Train time: 446.941281080246s
[2026-06-19 15:42:29,395][finetune_logger][INFO] - Train time: 446.941281080246s
2026-06-19 15:42:29 - finetune_logger - INFO - Train memory reserved: 34.00 MB
[2026-06-19 15:42:29,396][finetune_logger][INFO] - Train memory reserved: 34.00 MB
2026-06-19 15:42:29 - finetune_logger - INFO - Train memory allocated: 23.73 MB
[2026-06-19 15:42:29,396][finetune_logger][INFO] - Train memory allocated: 23.73 MB
2026-06-19 15:42:29 - finetune_logger - INFO - Current learning rate: 0.00025
[2026-06-19 15:42:29,396][finetune_logger][INFO] - Current learning rate: 0.00025
2026-06-19 15:43:36 - finetune_logger - INFO - Validation metrics: {'MAE': 1.6029259628949002, 'RMSE': 2.6249849915663397}
[2026-06-19 15:43:36,153][finetune_logger][INFO] - Validation metrics: {'MAE': 1.6029259628949002, 'RMSE': 2.6249849915663397}
2026-06-19 15:43:36 - finetune_logger - INFO - Val time: 66.76s
[2026-06-19 15:43:36,153][finetune_logger][INFO] - Val time: 66.76s
2026-06-19 15:43:36 - finetune_logger - INFO - Val memory reserved: 34.00 MB
[2026-06-19 15:43:36,153][finetune_logger][INFO] - Val memory reserved: 34.00 MB
2026-06-19 15:43:36 - finetune_logger - INFO - Val memory allocated: 23.73 MB
[2026-06-19 15:43:36,153][finetune_logger][INFO] - Val memory allocated: 23.73 MB
2026-06-19 15:43:36 - finetune_logger - INFO - Logged epoch 14 info to /public/home/202411094934/python_project/Spatio-Temporal-Library/time-series/2026-06-19/patchtst/finetune20/ettm1/time-series/seed_0/training_log.json
[2026-06-19 15:43:36,157][finetune_logger][INFO] - Logged epoch 14 info to /public/home/202411094934/python_project/Spatio-Temporal-Library/time-series/2026-06-19/patchtst/finetune20/ettm1/time-series/seed_0/training_log.json
2026-06-19 15:44:42 - finetune_logger - INFO - Test metrics: {'MAE': 1.363104482523564, 'RMSE': 2.4770136850598776}
[2026-06-19 15:44:42,969][finetune_logger][INFO] - Test metrics: {'MAE': 1.363104482523564, 'RMSE': 2.4770136850598776}
2026-06-19 15:44:42 - finetune_logger - INFO - Test time: 66.81s
[2026-06-19 15:44:42,969][finetune_logger][INFO] - Test time: 66.81s
2026-06-19 15:44:42 - finetune_logger - INFO - Test memory reserved: 34.00 MB
[2026-06-19 15:44:42,969][finetune_logger][INFO] - Test memory reserved: 34.00 MB
2026-06-19 15:44:42 - finetune_logger - INFO - Test memory allocated: 23.73 MB
[2026-06-19 15:44:42,969][finetune_logger][INFO] - Test memory allocated: 23.73 MB
2026-06-19 15:44:42 - finetune_logger - INFO - Epoch 15/20
[2026-06-19 15:44:42,969][finetune_logger][INFO] - Epoch 15/20
2026-06-19 15:52:09 - finetune_logger - INFO - Train loss: 0.9144284148455026
[2026-06-19 15:52:09,819][finetune_logger][INFO] - Train loss: 0.9144284148455026
2026-06-19 15:52:09 - finetune_logger - INFO - Train time: 446.84876227378845s
[2026-06-19 15:52:09,819][finetune_logger][INFO] - Train time: 446.84876227378845s
2026-06-19 15:52:09 - finetune_logger - INFO - Train memory reserved: 34.00 MB
[2026-06-19 15:52:09,819][finetune_logger][INFO] - Train memory reserved: 34.00 MB
2026-06-19 15:52:09 - finetune_logger - INFO - Train memory allocated: 23.73 MB
[2026-06-19 15:52:09,819][finetune_logger][INFO] - Train memory allocated: 23.73 MB
2026-06-19 15:52:09 - finetune_logger - INFO - Current learning rate: 0.00025
[2026-06-19 15:52:09,819][finetune_logger][INFO] - Current learning rate: 0.00025
2026-06-19 15:53:16 - finetune_logger - INFO - Validation metrics: {'MAE': 1.5742668754621734, 'RMSE': 2.570655902332609}
[2026-06-19 15:53:16,567][finetune_logger][INFO] - Validation metrics: {'MAE': 1.5742668754621734, 'RMSE': 2.570655902332609}
2026-06-19 15:53:16 - finetune_logger - INFO - Val time: 66.75s
[2026-06-19 15:53:16,568][finetune_logger][INFO] - Val time: 66.75s
2026-06-19 15:53:16 - finetune_logger - INFO - Val memory reserved: 34.00 MB
[2026-06-19 15:53:16,568][finetune_logger][INFO] - Val memory reserved: 34.00 MB
2026-06-19 15:53:16 - finetune_logger - INFO - Val memory allocated: 23.73 MB
[2026-06-19 15:53:16,568][finetune_logger][INFO] - Val memory allocated: 23.73 MB
2026-06-19 15:53:16 - finetune_logger - INFO - Logged epoch 15 info to /public/home/202411094934/python_project/Spatio-Temporal-Library/time-series/2026-06-19/patchtst/finetune20/ettm1/time-series/seed_0/training_log.json
[2026-06-19 15:53:16,571][finetune_logger][INFO] - Logged epoch 15 info to /public/home/202411094934/python_project/Spatio-Temporal-Library/time-series/2026-06-19/patchtst/finetune20/ettm1/time-series/seed_0/training_log.json
2026-06-19 15:54:23 - finetune_logger - INFO - Test metrics: {'MAE': 1.395969827731771, 'RMSE': 2.530391933946572}
[2026-06-19 15:54:23,169][finetune_logger][INFO] - Test metrics: {'MAE': 1.395969827731771, 'RMSE': 2.530391933946572}
2026-06-19 15:54:23 - finetune_logger - INFO - Test time: 66.60s
[2026-06-19 15:54:23,169][finetune_logger][INFO] - Test time: 66.60s
2026-06-19 15:54:23 - finetune_logger - INFO - Test memory reserved: 34.00 MB
[2026-06-19 15:54:23,169][finetune_logger][INFO] - Test memory reserved: 34.00 MB
2026-06-19 15:54:23 - finetune_logger - INFO - Test memory allocated: 23.73 MB
[2026-06-19 15:54:23,169][finetune_logger][INFO] - Test memory allocated: 23.73 MB
2026-06-19 15:54:23 - finetune_logger - INFO - Epoch 16/20
[2026-06-19 15:54:23,170][finetune_logger][INFO] - Epoch 16/20
2026-06-19 16:01:49 - finetune_logger - INFO - Train loss: 0.9087324291741383
[2026-06-19 16:01:49,720][finetune_logger][INFO] - Train loss: 0.9087324291741383
2026-06-19 16:01:49 - finetune_logger - INFO - Train time: 446.54993963241577s
[2026-06-19 16:01:49,720][finetune_logger][INFO] - Train time: 446.54993963241577s
2026-06-19 16:01:49 - finetune_logger - INFO - Train memory reserved: 34.00 MB
[2026-06-19 16:01:49,720][finetune_logger][INFO] - Train memory reserved: 34.00 MB
2026-06-19 16:01:49 - finetune_logger - INFO - Train memory allocated: 23.73 MB
[2026-06-19 16:01:49,721][finetune_logger][INFO] - Train memory allocated: 23.73 MB
2026-06-19 16:01:49 - finetune_logger - INFO - Current learning rate: 0.00025
[2026-06-19 16:01:49,721][finetune_logger][INFO] - Current learning rate: 0.00025
2026-06-19 16:02:56 - finetune_logger - INFO - Validation metrics: {'MAE': 1.5844922871151506, 'RMSE': 2.594145368847166}
[2026-06-19 16:02:56,476][finetune_logger][INFO] - Validation metrics: {'MAE': 1.5844922871151506, 'RMSE': 2.594145368847166}
2026-06-19 16:02:56 - finetune_logger - INFO - Val time: 66.76s
[2026-06-19 16:02:56,477][finetune_logger][INFO] - Val time: 66.76s
2026-06-19 16:02:56 - finetune_logger - INFO - Val memory reserved: 34.00 MB
[2026-06-19 16:02:56,477][finetune_logger][INFO] - Val memory reserved: 34.00 MB
2026-06-19 16:02:56 - finetune_logger - INFO - Val memory allocated: 23.73 MB
[2026-06-19 16:02:56,477][finetune_logger][INFO] - Val memory allocated: 23.73 MB
2026-06-19 16:02:56 - finetune_logger - INFO - Logged epoch 16 info to /public/home/202411094934/python_project/Spatio-Temporal-Library/time-series/2026-06-19/patchtst/finetune20/ettm1/time-series/seed_0/training_log.json
[2026-06-19 16:02:56,480][finetune_logger][INFO] - Logged epoch 16 info to /public/home/202411094934/python_project/Spatio-Temporal-Library/time-series/2026-06-19/patchtst/finetune20/ettm1/time-series/seed_0/training_log.json
2026-06-19 16:04:03 - finetune_logger - INFO - Test metrics: {'MAE': 1.3768253227948006, 'RMSE': 2.4969907358070595}
[2026-06-19 16:04:03,309][finetune_logger][INFO] - Test metrics: {'MAE': 1.3768253227948006, 'RMSE': 2.4969907358070595}
2026-06-19 16:04:03 - finetune_logger - INFO - Test time: 66.83s
[2026-06-19 16:04:03,310][finetune_logger][INFO] - Test time: 66.83s
2026-06-19 16:04:03 - finetune_logger - INFO - Test memory reserved: 34.00 MB
[2026-06-19 16:04:03,310][finetune_logger][INFO] - Test memory reserved: 34.00 MB
2026-06-19 16:04:03 - finetune_logger - INFO - Test memory allocated: 23.73 MB
[2026-06-19 16:04:03,310][finetune_logger][INFO] - Test memory allocated: 23.73 MB
2026-06-19 16:04:03 - finetune_logger - INFO - Epoch 17/20
[2026-06-19 16:04:03,310][finetune_logger][INFO] - Epoch 17/20
2026-06-19 16:11:30 - finetune_logger - INFO - Train loss: 0.9038892011916169
[2026-06-19 16:11:30,461][finetune_logger][INFO] - Train loss: 0.9038892011916169
2026-06-19 16:11:30 - finetune_logger - INFO - Train time: 447.15014815330505s
[2026-06-19 16:11:30,461][finetune_logger][INFO] - Train time: 447.15014815330505s
2026-06-19 16:11:30 - finetune_logger - INFO - Train memory reserved: 34.00 MB
[2026-06-19 16:11:30,461][finetune_logger][INFO] - Train memory reserved: 34.00 MB
2026-06-19 16:11:30 - finetune_logger - INFO - Train memory allocated: 23.73 MB
[2026-06-19 16:11:30,461][finetune_logger][INFO] - Train memory allocated: 23.73 MB
2026-06-19 16:11:30 - finetune_logger - INFO - Current learning rate: 0.00025
[2026-06-19 16:11:30,461][finetune_logger][INFO] - Current learning rate: 0.00025
2026-06-19 16:12:37 - finetune_logger - INFO - Validation metrics: {'MAE': 1.5743341178826369, 'RMSE': 2.5415784671842996}
[2026-06-19 16:12:37,231][finetune_logger][INFO] - Validation metrics: {'MAE': 1.5743341178826369, 'RMSE': 2.5415784671842996}
2026-06-19 16:12:37 - finetune_logger - INFO - Val time: 66.77s
[2026-06-19 16:12:37,232][finetune_logger][INFO] - Val time: 66.77s
2026-06-19 16:12:37 - finetune_logger - INFO - Val memory reserved: 34.00 MB
[2026-06-19 16:12:37,232][finetune_logger][INFO] - Val memory reserved: 34.00 MB
2026-06-19 16:12:37 - finetune_logger - INFO - Val memory allocated: 23.73 MB
[2026-06-19 16:12:37,232][finetune_logger][INFO] - Val memory allocated: 23.73 MB
2026-06-19 16:12:37 - finetune_logger - INFO - Logged epoch 17 info to /public/home/202411094934/python_project/Spatio-Temporal-Library/time-series/2026-06-19/patchtst/finetune20/ettm1/time-series/seed_0/training_log.json
[2026-06-19 16:12:37,237][finetune_logger][INFO] - Logged epoch 17 info to /public/home/202411094934/python_project/Spatio-Temporal-Library/time-series/2026-06-19/patchtst/finetune20/ettm1/time-series/seed_0/training_log.json
2026-06-19 16:13:43 - finetune_logger - INFO - Test metrics: {'MAE': 1.38486758592761, 'RMSE': 2.5156546299213}
[2026-06-19 16:13:43,852][finetune_logger][INFO] - Test metrics: {'MAE': 1.38486758592761, 'RMSE': 2.5156546299213}
2026-06-19 16:13:43 - finetune_logger - INFO - Test time: 66.62s
[2026-06-19 16:13:43,853][finetune_logger][INFO] - Test time: 66.62s
2026-06-19 16:13:43 - finetune_logger - INFO - Test memory reserved: 34.00 MB
[2026-06-19 16:13:43,853][finetune_logger][INFO] - Test memory reserved: 34.00 MB
2026-06-19 16:13:43 - finetune_logger - INFO - Test memory allocated: 23.73 MB
[2026-06-19 16:13:43,853][finetune_logger][INFO] - Test memory allocated: 23.73 MB
2026-06-19 16:13:43 - finetune_logger - INFO - Epoch 18/20
[2026-06-19 16:13:43,853][finetune_logger][INFO] - Epoch 18/20
2026-06-19 16:21:10 - finetune_logger - INFO - Train loss: 0.8978547339535874
[2026-06-19 16:21:10,736][finetune_logger][INFO] - Train loss: 0.8978547339535874
2026-06-19 16:21:10 - finetune_logger - INFO - Train time: 446.88259387016296s
[2026-06-19 16:21:10,736][finetune_logger][INFO] - Train time: 446.88259387016296s
2026-06-19 16:21:10 - finetune_logger - INFO - Train memory reserved: 34.00 MB
[2026-06-19 16:21:10,737][finetune_logger][INFO] - Train memory reserved: 34.00 MB
2026-06-19 16:21:10 - finetune_logger - INFO - Train memory allocated: 23.73 MB
[2026-06-19 16:21:10,737][finetune_logger][INFO] - Train memory allocated: 23.73 MB
2026-06-19 16:21:10 - finetune_logger - INFO - Current learning rate: 0.00025
[2026-06-19 16:21:10,737][finetune_logger][INFO] - Current learning rate: 0.00025
2026-06-19 16:22:17 - finetune_logger - INFO - Validation metrics: {'MAE': 1.645339011558678, 'RMSE': 2.7660011178749757}
[2026-06-19 16:22:17,564][finetune_logger][INFO] - Validation metrics: {'MAE': 1.645339011558678, 'RMSE': 2.7660011178749757}
2026-06-19 16:22:17 - finetune_logger - INFO - Val time: 66.83s
[2026-06-19 16:22:17,565][finetune_logger][INFO] - Val time: 66.83s
2026-06-19 16:22:17 - finetune_logger - INFO - Val memory reserved: 34.00 MB
[2026-06-19 16:22:17,565][finetune_logger][INFO] - Val memory reserved: 34.00 MB
2026-06-19 16:22:17 - finetune_logger - INFO - Val memory allocated: 23.73 MB
[2026-06-19 16:22:17,565][finetune_logger][INFO] - Val memory allocated: 23.73 MB
2026-06-19 16:22:17 - finetune_logger - INFO - Logged epoch 18 info to /public/home/202411094934/python_project/Spatio-Temporal-Library/time-series/2026-06-19/patchtst/finetune20/ettm1/time-series/seed_0/training_log.json
[2026-06-19 16:22:17,568][finetune_logger][INFO] - Logged epoch 18 info to /public/home/202411094934/python_project/Spatio-Temporal-Library/time-series/2026-06-19/patchtst/finetune20/ettm1/time-series/seed_0/training_log.json
2026-06-19 16:23:24 - finetune_logger - INFO - Test metrics: {'MAE': 1.3802040272165375, 'RMSE': 2.5648675685187228}
[2026-06-19 16:23:24,402][finetune_logger][INFO] - Test metrics: {'MAE': 1.3802040272165375, 'RMSE': 2.5648675685187228}
2026-06-19 16:23:24 - finetune_logger - INFO - Test time: 66.83s
[2026-06-19 16:23:24,402][finetune_logger][INFO] - Test time: 66.83s
2026-06-19 16:23:24 - finetune_logger - INFO - Test memory reserved: 34.00 MB
[2026-06-19 16:23:24,403][finetune_logger][INFO] - Test memory reserved: 34.00 MB
2026-06-19 16:23:24 - finetune_logger - INFO - Test memory allocated: 23.73 MB
[2026-06-19 16:23:24,403][finetune_logger][INFO] - Test memory allocated: 23.73 MB
2026-06-19 16:23:24 - finetune_logger - INFO - Epoch 19/20
[2026-06-19 16:23:24,403][finetune_logger][INFO] - Epoch 19/20
2026-06-19 16:30:51 - finetune_logger - INFO - Train loss: 0.8938546073174427
[2026-06-19 16:30:51,150][finetune_logger][INFO] - Train loss: 0.8938546073174427
2026-06-19 16:30:51 - finetune_logger - INFO - Train time: 446.7467291355133s
[2026-06-19 16:30:51,150][finetune_logger][INFO] - Train time: 446.7467291355133s
2026-06-19 16:30:51 - finetune_logger - INFO - Train memory reserved: 34.00 MB
[2026-06-19 16:30:51,150][finetune_logger][INFO] - Train memory reserved: 34.00 MB
2026-06-19 16:30:51 - finetune_logger - INFO - Train memory allocated: 23.73 MB
[2026-06-19 16:30:51,150][finetune_logger][INFO] - Train memory allocated: 23.73 MB
2026-06-19 16:30:51 - finetune_logger - INFO - Current learning rate: 0.00025
[2026-06-19 16:30:51,151][finetune_logger][INFO] - Current learning rate: 0.00025
2026-06-19 16:31:57 - finetune_logger - INFO - Validation metrics: {'MAE': 1.5878644489152092, 'RMSE': 2.613941547487559}
[2026-06-19 16:31:57,966][finetune_logger][INFO] - Validation metrics: {'MAE': 1.5878644489152092, 'RMSE': 2.613941547487559}
2026-06-19 16:31:57 - finetune_logger - INFO - Val time: 66.81s
[2026-06-19 16:31:57,966][finetune_logger][INFO] - Val time: 66.81s
2026-06-19 16:31:57 - finetune_logger - INFO - Val memory reserved: 34.00 MB
[2026-06-19 16:31:57,966][finetune_logger][INFO] - Val memory reserved: 34.00 MB
2026-06-19 16:31:57 - finetune_logger - INFO - Val memory allocated: 23.73 MB
[2026-06-19 16:31:57,966][finetune_logger][INFO] - Val memory allocated: 23.73 MB
2026-06-19 16:31:57 - finetune_logger - INFO - Logged epoch 19 info to /public/home/202411094934/python_project/Spatio-Temporal-Library/time-series/2026-06-19/patchtst/finetune20/ettm1/time-series/seed_0/training_log.json
[2026-06-19 16:31:57,970][finetune_logger][INFO] - Logged epoch 19 info to /public/home/202411094934/python_project/Spatio-Temporal-Library/time-series/2026-06-19/patchtst/finetune20/ettm1/time-series/seed_0/training_log.json
2026-06-19 16:33:04 - finetune_logger - INFO - Test metrics: {'MAE': 1.3648594205928786, 'RMSE': 2.487802155907817}
[2026-06-19 16:33:04,714][finetune_logger][INFO] - Test metrics: {'MAE': 1.3648594205928786, 'RMSE': 2.487802155907817}
2026-06-19 16:33:04 - finetune_logger - INFO - Test time: 66.74s
[2026-06-19 16:33:04,715][finetune_logger][INFO] - Test time: 66.74s
2026-06-19 16:33:04 - finetune_logger - INFO - Test memory reserved: 34.00 MB
[2026-06-19 16:33:04,715][finetune_logger][INFO] - Test memory reserved: 34.00 MB
2026-06-19 16:33:04 - finetune_logger - INFO - Test memory allocated: 23.73 MB
[2026-06-19 16:33:04,715][finetune_logger][INFO] - Test memory allocated: 23.73 MB
2026-06-19 16:33:04 - finetune_logger - INFO - Epoch 20/20
[2026-06-19 16:33:04,715][finetune_logger][INFO] - Epoch 20/20
2026-06-19 16:40:31 - finetune_logger - INFO - Train loss: 0.8897938435122075
[2026-06-19 16:40:31,488][finetune_logger][INFO] - Train loss: 0.8897938435122075
2026-06-19 16:40:31 - finetune_logger - INFO - Train time: 446.77222537994385s
[2026-06-19 16:40:31,488][finetune_logger][INFO] - Train time: 446.77222537994385s
2026-06-19 16:40:31 - finetune_logger - INFO - Train memory reserved: 34.00 MB
[2026-06-19 16:40:31,488][finetune_logger][INFO] - Train memory reserved: 34.00 MB
2026-06-19 16:40:31 - finetune_logger - INFO - Train memory allocated: 23.73 MB
[2026-06-19 16:40:31,488][finetune_logger][INFO] - Train memory allocated: 23.73 MB
2026-06-19 16:40:31 - finetune_logger - INFO - Current learning rate: 0.00025
[2026-06-19 16:40:31,488][finetune_logger][INFO] - Current learning rate: 0.00025
2026-06-19 16:41:38 - finetune_logger - INFO - Validation metrics: {'MAE': 1.5759687250738788, 'RMSE': 2.55472148351017}
[2026-06-19 16:41:38,199][finetune_logger][INFO] - Validation metrics: {'MAE': 1.5759687250738788, 'RMSE': 2.55472148351017}
2026-06-19 16:41:38 - finetune_logger - INFO - Val time: 66.71s
[2026-06-19 16:41:38,200][finetune_logger][INFO] - Val time: 66.71s
2026-06-19 16:41:38 - finetune_logger - INFO - Val memory reserved: 34.00 MB
[2026-06-19 16:41:38,200][finetune_logger][INFO] - Val memory reserved: 34.00 MB
2026-06-19 16:41:38 - finetune_logger - INFO - Val memory allocated: 23.73 MB
[2026-06-19 16:41:38,200][finetune_logger][INFO] - Val memory allocated: 23.73 MB
2026-06-19 16:41:38 - finetune_logger - INFO - Logged epoch 20 info to /public/home/202411094934/python_project/Spatio-Temporal-Library/time-series/2026-06-19/patchtst/finetune20/ettm1/time-series/seed_0/training_log.json
[2026-06-19 16:41:38,204][finetune_logger][INFO] - Logged epoch 20 info to /public/home/202411094934/python_project/Spatio-Temporal-Library/time-series/2026-06-19/patchtst/finetune20/ettm1/time-series/seed_0/training_log.json
2026-06-19 16:42:44 - finetune_logger - INFO - Test metrics: {'MAE': 1.3900316416502896, 'RMSE': 2.5154081699269346}
[2026-06-19 16:42:44,940][finetune_logger][INFO] - Test metrics: {'MAE': 1.3900316416502896, 'RMSE': 2.5154081699269346}
2026-06-19 16:42:44 - finetune_logger - INFO - Test time: 66.71s
[2026-06-19 16:42:44,940][finetune_logger][INFO] - Test time: 66.71s
2026-06-19 16:42:44 - finetune_logger - INFO - Test memory reserved: 34.00 MB
[2026-06-19 16:42:44,940][finetune_logger][INFO] - Test memory reserved: 34.00 MB
2026-06-19 16:42:44 - finetune_logger - INFO - Test memory allocated: 23.73 MB
[2026-06-19 16:42:44,940][finetune_logger][INFO] - Test memory allocated: 23.73 MB
2026-06-19 16:42:44 - finetune_logger - INFO - Training completed. Best epoch: 2, Best val loss: 1.487721
[2026-06-19 16:42:44,940][finetune_logger][INFO] - Training completed. Best epoch: 2, Best val loss: 1.487721
2026-06-19 16:42:44 - finetune_logger - INFO - Loaded checkpoint from epoch 2
[2026-06-19 16:42:44,980][finetune_logger][INFO] - Loaded checkpoint from epoch 2
2026-06-19 16:42:44 - finetune_logger - INFO - Evaluating best model on test sets...
[2026-06-19 16:42:44,980][finetune_logger][INFO] - Evaluating best model on test sets...
2026-06-19 16:43:51 - finetune_logger - INFO - Test metrics: {'MAE': 1.3193210994356028, 'RMSE': 2.4163189550849378}
[2026-06-19 16:43:51,507][finetune_logger][INFO] - Test metrics: {'MAE': 1.3193210994356028, 'RMSE': 2.4163189550849378}
2026-06-19 16:43:51 - finetune_logger - INFO - Test time: 66.53s
[2026-06-19 16:43:51,507][finetune_logger][INFO] - Test time: 66.53s
2026-06-19 16:43:51 - finetune_logger - INFO - Test memory reserved: 36.00 MB
[2026-06-19 16:43:51,507][finetune_logger][INFO] - Test memory reserved: 36.00 MB
2026-06-19 16:43:51 - finetune_logger - INFO - Test memory allocated: 23.76 MB
[2026-06-19 16:43:51,507][finetune_logger][INFO] - Test memory allocated: 23.76 MB
2026-06-19 16:43:51 - finetune_logger - INFO - Logged epoch test info to /public/home/202411094934/python_project/Spatio-Temporal-Library/time-series/2026-06-19/patchtst/finetune20/ettm1/time-series/seed_0/training_log.json
[2026-06-19 16:43:51,511][finetune_logger][INFO] - Logged epoch test info to /public/home/202411094934/python_project/Spatio-Temporal-Library/time-series/2026-06-19/patchtst/finetune20/ettm1/time-series/seed_0/training_log.json
