2026-06-26 21:07:21 - finetune_logger - INFO - Loaded pretrained checkpoint from: /public/home/202411094934/python_project/Spatio-Temporal-Library/time-series/2026-06-26/fedformer/pretrain10/etth2/time-series/seed_1/jepa_pretrain_epoch_10.pth
Missing keys: []
Unexpected keys: []
[2026-06-26 21:07:21,596][finetune_logger][INFO] - Loaded pretrained checkpoint from: /public/home/202411094934/python_project/Spatio-Temporal-Library/time-series/2026-06-26/fedformer/pretrain10/etth2/time-series/seed_1/jepa_pretrain_epoch_10.pth
Missing keys: []
Unexpected keys: []
2026-06-26 21:07:21 - finetune_logger - INFO - Model parameters: 385,095
[2026-06-26 21:07:21,599][finetune_logger][INFO] - Model parameters: 385,095
2026-06-26 21:07:21 - finetune_logger - INFO - Created new log file at /public/home/202411094934/python_project/Spatio-Temporal-Library/time-series/2026-06-26/fedformer/pretrain10_finetune10/etth2/time-series/seed_1/training_log.json
[2026-06-26 21:07:21,601][finetune_logger][INFO] - Created new log file at /public/home/202411094934/python_project/Spatio-Temporal-Library/time-series/2026-06-26/fedformer/pretrain10_finetune10/etth2/time-series/seed_1/training_log.json
2026-06-26 21:07:21 - finetune_logger - INFO - Starting training...
[2026-06-26 21:07:21,602][finetune_logger][INFO] - Starting training...
2026-06-26 21:07:21 - finetune_logger - INFO - Epoch 1/10
[2026-06-26 21:07:21,602][finetune_logger][INFO] - Epoch 1/10
2026-06-26 22:01:50 - finetune_logger - INFO - Train loss: 3.341068796878355
[2026-06-26 22:01:50,230][finetune_logger][INFO] - Train loss: 3.341068796878355
2026-06-26 22:01:50 - finetune_logger - INFO - Train time: 3268.6262192726135s
[2026-06-26 22:01:50,230][finetune_logger][INFO] - Train time: 3268.6262192726135s
2026-06-26 22:01:50 - finetune_logger - INFO - Train memory reserved: 64.00 MB
[2026-06-26 22:01:50,230][finetune_logger][INFO] - Train memory reserved: 64.00 MB
2026-06-26 22:01:50 - finetune_logger - INFO - Train memory allocated: 22.80 MB
[2026-06-26 22:01:50,230][finetune_logger][INFO] - Train memory allocated: 22.80 MB
2026-06-26 22:01:50 - finetune_logger - INFO - Current learning rate: 0.0005
[2026-06-26 22:01:50,230][finetune_logger][INFO] - Current learning rate: 0.0005
2026-06-26 22:05:59 - finetune_logger - INFO - Validation metrics: {'MAE': 2.751735650471274, 'RMSE': 3.900595071883434}
[2026-06-26 22:05:59,364][finetune_logger][INFO] - Validation metrics: {'MAE': 2.751735650471274, 'RMSE': 3.900595071883434}
2026-06-26 22:05:59 - finetune_logger - INFO - Val time: 249.13s
[2026-06-26 22:05:59,364][finetune_logger][INFO] - Val time: 249.13s
2026-06-26 22:05:59 - finetune_logger - INFO - Val memory reserved: 64.00 MB
[2026-06-26 22:05:59,364][finetune_logger][INFO] - Val memory reserved: 64.00 MB
2026-06-26 22:05:59 - finetune_logger - INFO - Val memory allocated: 22.80 MB
[2026-06-26 22:05:59,364][finetune_logger][INFO] - Val memory allocated: 22.80 MB
2026-06-26 22:05:59 - finetune_logger - INFO - Logged epoch 1 info to /public/home/202411094934/python_project/Spatio-Temporal-Library/time-series/2026-06-26/fedformer/pretrain10_finetune10/etth2/time-series/seed_1/training_log.json
[2026-06-26 22:05:59,368][finetune_logger][INFO] - Logged epoch 1 info to /public/home/202411094934/python_project/Spatio-Temporal-Library/time-series/2026-06-26/fedformer/pretrain10_finetune10/etth2/time-series/seed_1/training_log.json
2026-06-26 22:05:59 - finetune_logger - INFO - New best model! Val loss: 2.751736
[2026-06-26 22:05:59,368][finetune_logger][INFO] - New best model! Val loss: 2.751736
2026-06-26 22:10:08 - finetune_logger - INFO - Test metrics: {'MAE': 3.1127012472606843, 'RMSE': 4.547181788853241}
[2026-06-26 22:10:08,867][finetune_logger][INFO] - Test metrics: {'MAE': 3.1127012472606843, 'RMSE': 4.547181788853241}
2026-06-26 22:10:08 - finetune_logger - INFO - Test time: 249.44s
[2026-06-26 22:10:08,867][finetune_logger][INFO] - Test time: 249.44s
2026-06-26 22:10:08 - finetune_logger - INFO - Test memory reserved: 64.00 MB
[2026-06-26 22:10:08,868][finetune_logger][INFO] - Test memory reserved: 64.00 MB
2026-06-26 22:10:08 - finetune_logger - INFO - Test memory allocated: 22.80 MB
[2026-06-26 22:10:08,868][finetune_logger][INFO] - Test memory allocated: 22.80 MB
2026-06-26 22:10:08 - finetune_logger - INFO - Epoch 2/10
[2026-06-26 22:10:08,868][finetune_logger][INFO] - Epoch 2/10
2026-06-26 23:05:09 - finetune_logger - INFO - Train loss: 3.1993922633362777
[2026-06-26 23:05:09,792][finetune_logger][INFO] - Train loss: 3.1993922633362777
2026-06-26 23:05:09 - finetune_logger - INFO - Train time: 3300.923288345337s
[2026-06-26 23:05:09,792][finetune_logger][INFO] - Train time: 3300.923288345337s
2026-06-26 23:05:09 - finetune_logger - INFO - Train memory reserved: 64.00 MB
[2026-06-26 23:05:09,792][finetune_logger][INFO] - Train memory reserved: 64.00 MB
2026-06-26 23:05:09 - finetune_logger - INFO - Train memory allocated: 22.80 MB
[2026-06-26 23:05:09,793][finetune_logger][INFO] - Train memory allocated: 22.80 MB
2026-06-26 23:05:09 - finetune_logger - INFO - Current learning rate: 0.0005
[2026-06-26 23:05:09,793][finetune_logger][INFO] - Current learning rate: 0.0005
2026-06-26 23:09:19 - finetune_logger - INFO - Validation metrics: {'MAE': 2.7625378314881015, 'RMSE': 3.9191400095621707}
[2026-06-26 23:09:19,354][finetune_logger][INFO] - Validation metrics: {'MAE': 2.7625378314881015, 'RMSE': 3.9191400095621707}
2026-06-26 23:09:19 - finetune_logger - INFO - Val time: 249.56s
[2026-06-26 23:09:19,354][finetune_logger][INFO] - Val time: 249.56s
2026-06-26 23:09:19 - finetune_logger - INFO - Val memory reserved: 64.00 MB
[2026-06-26 23:09:19,355][finetune_logger][INFO] - Val memory reserved: 64.00 MB
2026-06-26 23:09:19 - finetune_logger - INFO - Val memory allocated: 22.80 MB
[2026-06-26 23:09:19,355][finetune_logger][INFO] - Val memory allocated: 22.80 MB
2026-06-26 23:09:19 - finetune_logger - INFO - Logged epoch 2 info to /public/home/202411094934/python_project/Spatio-Temporal-Library/time-series/2026-06-26/fedformer/pretrain10_finetune10/etth2/time-series/seed_1/training_log.json
[2026-06-26 23:09:19,357][finetune_logger][INFO] - Logged epoch 2 info to /public/home/202411094934/python_project/Spatio-Temporal-Library/time-series/2026-06-26/fedformer/pretrain10_finetune10/etth2/time-series/seed_1/training_log.json
2026-06-26 23:13:28 - finetune_logger - INFO - Test metrics: {'MAE': 3.1185763257798675, 'RMSE': 4.554514887491867}
[2026-06-26 23:13:28,891][finetune_logger][INFO] - Test metrics: {'MAE': 3.1185763257798675, 'RMSE': 4.554514887491867}
2026-06-26 23:13:28 - finetune_logger - INFO - Test time: 249.53s
[2026-06-26 23:13:28,891][finetune_logger][INFO] - Test time: 249.53s
2026-06-26 23:13:28 - finetune_logger - INFO - Test memory reserved: 64.00 MB
[2026-06-26 23:13:28,891][finetune_logger][INFO] - Test memory reserved: 64.00 MB
2026-06-26 23:13:28 - finetune_logger - INFO - Test memory allocated: 22.80 MB
[2026-06-26 23:13:28,892][finetune_logger][INFO] - Test memory allocated: 22.80 MB
2026-06-26 23:13:28 - finetune_logger - INFO - Epoch 3/10
[2026-06-26 23:13:28,892][finetune_logger][INFO] - Epoch 3/10
2026-06-27 00:08:29 - finetune_logger - INFO - Train loss: 3.160932261686474
[2026-06-27 00:08:29,749][finetune_logger][INFO] - Train loss: 3.160932261686474
2026-06-27 00:08:29 - finetune_logger - INFO - Train time: 3300.857144355774s
[2026-06-27 00:08:29,750][finetune_logger][INFO] - Train time: 3300.857144355774s
2026-06-27 00:08:29 - finetune_logger - INFO - Train memory reserved: 64.00 MB
[2026-06-27 00:08:29,750][finetune_logger][INFO] - Train memory reserved: 64.00 MB
2026-06-27 00:08:29 - finetune_logger - INFO - Train memory allocated: 22.80 MB
[2026-06-27 00:08:29,750][finetune_logger][INFO] - Train memory allocated: 22.80 MB
2026-06-27 00:08:29 - finetune_logger - INFO - Current learning rate: 0.0005
[2026-06-27 00:08:29,750][finetune_logger][INFO] - Current learning rate: 0.0005
2026-06-27 00:12:39 - finetune_logger - INFO - Validation metrics: {'MAE': 2.7549380672091472, 'RMSE': 3.8785387462434184}
[2026-06-27 00:12:39,251][finetune_logger][INFO] - Validation metrics: {'MAE': 2.7549380672091472, 'RMSE': 3.8785387462434184}
2026-06-27 00:12:39 - finetune_logger - INFO - Val time: 249.50s
[2026-06-27 00:12:39,251][finetune_logger][INFO] - Val time: 249.50s
2026-06-27 00:12:39 - finetune_logger - INFO - Val memory reserved: 64.00 MB
[2026-06-27 00:12:39,251][finetune_logger][INFO] - Val memory reserved: 64.00 MB
2026-06-27 00:12:39 - finetune_logger - INFO - Val memory allocated: 22.80 MB
[2026-06-27 00:12:39,251][finetune_logger][INFO] - Val memory allocated: 22.80 MB
2026-06-27 00:12:39 - finetune_logger - INFO - Logged epoch 3 info to /public/home/202411094934/python_project/Spatio-Temporal-Library/time-series/2026-06-26/fedformer/pretrain10_finetune10/etth2/time-series/seed_1/training_log.json
[2026-06-27 00:12:39,254][finetune_logger][INFO] - Logged epoch 3 info to /public/home/202411094934/python_project/Spatio-Temporal-Library/time-series/2026-06-26/fedformer/pretrain10_finetune10/etth2/time-series/seed_1/training_log.json
2026-06-27 00:16:49 - finetune_logger - INFO - Test metrics: {'MAE': 3.181291500227796, 'RMSE': 4.60208546338763}
[2026-06-27 00:16:49,041][finetune_logger][INFO] - Test metrics: {'MAE': 3.181291500227796, 'RMSE': 4.60208546338763}
2026-06-27 00:16:49 - finetune_logger - INFO - Test time: 249.79s
[2026-06-27 00:16:49,041][finetune_logger][INFO] - Test time: 249.79s
2026-06-27 00:16:49 - finetune_logger - INFO - Test memory reserved: 64.00 MB
[2026-06-27 00:16:49,041][finetune_logger][INFO] - Test memory reserved: 64.00 MB
2026-06-27 00:16:49 - finetune_logger - INFO - Test memory allocated: 22.80 MB
[2026-06-27 00:16:49,042][finetune_logger][INFO] - Test memory allocated: 22.80 MB
2026-06-27 00:16:49 - finetune_logger - INFO - Epoch 4/10
[2026-06-27 00:16:49,042][finetune_logger][INFO] - Epoch 4/10
2026-06-27 01:11:51 - finetune_logger - INFO - Train loss: 3.089301259715286
[2026-06-27 01:11:51,999][finetune_logger][INFO] - Train loss: 3.089301259715286
2026-06-27 01:11:51 - finetune_logger - INFO - Train time: 3302.955422639847s
[2026-06-27 01:11:51,999][finetune_logger][INFO] - Train time: 3302.955422639847s
2026-06-27 01:11:52 - finetune_logger - INFO - Train memory reserved: 64.00 MB
[2026-06-27 01:11:52,000][finetune_logger][INFO] - Train memory reserved: 64.00 MB
2026-06-27 01:11:52 - finetune_logger - INFO - Train memory allocated: 22.80 MB
[2026-06-27 01:11:52,000][finetune_logger][INFO] - Train memory allocated: 22.80 MB
2026-06-27 01:11:52 - finetune_logger - INFO - Current learning rate: 0.0005
[2026-06-27 01:11:52,000][finetune_logger][INFO] - Current learning rate: 0.0005
2026-06-27 01:16:01 - finetune_logger - INFO - Validation metrics: {'MAE': 2.783723775227861, 'RMSE': 3.9390536457243366}
[2026-06-27 01:16:01,562][finetune_logger][INFO] - Validation metrics: {'MAE': 2.783723775227861, 'RMSE': 3.9390536457243366}
2026-06-27 01:16:01 - finetune_logger - INFO - Val time: 249.56s
[2026-06-27 01:16:01,563][finetune_logger][INFO] - Val time: 249.56s
2026-06-27 01:16:01 - finetune_logger - INFO - Val memory reserved: 64.00 MB
[2026-06-27 01:16:01,563][finetune_logger][INFO] - Val memory reserved: 64.00 MB
2026-06-27 01:16:01 - finetune_logger - INFO - Val memory allocated: 22.80 MB
[2026-06-27 01:16:01,563][finetune_logger][INFO] - Val memory allocated: 22.80 MB
2026-06-27 01:16:01 - finetune_logger - INFO - Logged epoch 4 info to /public/home/202411094934/python_project/Spatio-Temporal-Library/time-series/2026-06-26/fedformer/pretrain10_finetune10/etth2/time-series/seed_1/training_log.json
[2026-06-27 01:16:01,566][finetune_logger][INFO] - Logged epoch 4 info to /public/home/202411094934/python_project/Spatio-Temporal-Library/time-series/2026-06-26/fedformer/pretrain10_finetune10/etth2/time-series/seed_1/training_log.json
2026-06-27 01:20:11 - finetune_logger - INFO - Test metrics: {'MAE': 3.17714435836247, 'RMSE': 4.612603393100567}
[2026-06-27 01:20:11,358][finetune_logger][INFO] - Test metrics: {'MAE': 3.17714435836247, 'RMSE': 4.612603393100567}
2026-06-27 01:20:11 - finetune_logger - INFO - Test time: 249.79s
[2026-06-27 01:20:11,358][finetune_logger][INFO] - Test time: 249.79s
2026-06-27 01:20:11 - finetune_logger - INFO - Test memory reserved: 64.00 MB
[2026-06-27 01:20:11,358][finetune_logger][INFO] - Test memory reserved: 64.00 MB
2026-06-27 01:20:11 - finetune_logger - INFO - Test memory allocated: 22.80 MB
[2026-06-27 01:20:11,358][finetune_logger][INFO] - Test memory allocated: 22.80 MB
2026-06-27 01:20:11 - finetune_logger - INFO - Epoch 5/10
[2026-06-27 01:20:11,358][finetune_logger][INFO] - Epoch 5/10
2026-06-27 02:15:11 - finetune_logger - INFO - Train loss: 3.0539518829890415
[2026-06-27 02:15:11,248][finetune_logger][INFO] - Train loss: 3.0539518829890415
2026-06-27 02:15:11 - finetune_logger - INFO - Train time: 3299.8887984752655s
[2026-06-27 02:15:11,248][finetune_logger][INFO] - Train time: 3299.8887984752655s
2026-06-27 02:15:11 - finetune_logger - INFO - Train memory reserved: 64.00 MB
[2026-06-27 02:15:11,249][finetune_logger][INFO] - Train memory reserved: 64.00 MB
2026-06-27 02:15:11 - finetune_logger - INFO - Train memory allocated: 22.80 MB
[2026-06-27 02:15:11,249][finetune_logger][INFO] - Train memory allocated: 22.80 MB
2026-06-27 02:15:11 - finetune_logger - INFO - Current learning rate: 0.0005
[2026-06-27 02:15:11,249][finetune_logger][INFO] - Current learning rate: 0.0005
2026-06-27 02:19:20 - finetune_logger - INFO - Validation metrics: {'MAE': 2.8830042820430877, 'RMSE': 4.06958598854428}
[2026-06-27 02:19:20,436][finetune_logger][INFO] - Validation metrics: {'MAE': 2.8830042820430877, 'RMSE': 4.06958598854428}
2026-06-27 02:19:20 - finetune_logger - INFO - Val time: 249.19s
[2026-06-27 02:19:20,437][finetune_logger][INFO] - Val time: 249.19s
2026-06-27 02:19:20 - finetune_logger - INFO - Val memory reserved: 64.00 MB
[2026-06-27 02:19:20,437][finetune_logger][INFO] - Val memory reserved: 64.00 MB
2026-06-27 02:19:20 - finetune_logger - INFO - Val memory allocated: 22.80 MB
[2026-06-27 02:19:20,437][finetune_logger][INFO] - Val memory allocated: 22.80 MB
2026-06-27 02:19:20 - finetune_logger - INFO - Logged epoch 5 info to /public/home/202411094934/python_project/Spatio-Temporal-Library/time-series/2026-06-26/fedformer/pretrain10_finetune10/etth2/time-series/seed_1/training_log.json
[2026-06-27 02:19:20,440][finetune_logger][INFO] - Logged epoch 5 info to /public/home/202411094934/python_project/Spatio-Temporal-Library/time-series/2026-06-26/fedformer/pretrain10_finetune10/etth2/time-series/seed_1/training_log.json
2026-06-27 02:23:29 - finetune_logger - INFO - Test metrics: {'MAE': 3.2533854517255456, 'RMSE': 4.736055184046422}
[2026-06-27 02:23:29,124][finetune_logger][INFO] - Test metrics: {'MAE': 3.2533854517255456, 'RMSE': 4.736055184046422}
2026-06-27 02:23:29 - finetune_logger - INFO - Test time: 248.68s
[2026-06-27 02:23:29,124][finetune_logger][INFO] - Test time: 248.68s
2026-06-27 02:23:29 - finetune_logger - INFO - Test memory reserved: 64.00 MB
[2026-06-27 02:23:29,124][finetune_logger][INFO] - Test memory reserved: 64.00 MB
2026-06-27 02:23:29 - finetune_logger - INFO - Test memory allocated: 22.80 MB
[2026-06-27 02:23:29,124][finetune_logger][INFO] - Test memory allocated: 22.80 MB
2026-06-27 02:23:29 - finetune_logger - INFO - Epoch 6/10
[2026-06-27 02:23:29,124][finetune_logger][INFO] - Epoch 6/10
2026-06-27 03:18:32 - finetune_logger - INFO - Train loss: 3.034620304283965
[2026-06-27 03:18:32,890][finetune_logger][INFO] - Train loss: 3.034620304283965
2026-06-27 03:18:32 - finetune_logger - INFO - Train time: 3303.763878583908s
[2026-06-27 03:18:32,890][finetune_logger][INFO] - Train time: 3303.763878583908s
2026-06-27 03:18:32 - finetune_logger - INFO - Train memory reserved: 64.00 MB
[2026-06-27 03:18:32,891][finetune_logger][INFO] - Train memory reserved: 64.00 MB
2026-06-27 03:18:32 - finetune_logger - INFO - Train memory allocated: 22.80 MB
[2026-06-27 03:18:32,891][finetune_logger][INFO] - Train memory allocated: 22.80 MB
2026-06-27 03:18:32 - finetune_logger - INFO - Current learning rate: 0.0005
[2026-06-27 03:18:32,891][finetune_logger][INFO] - Current learning rate: 0.0005
2026-06-27 03:22:41 - finetune_logger - INFO - Validation metrics: {'MAE': 2.780893648102174, 'RMSE': 3.915708923339846}
[2026-06-27 03:22:41,349][finetune_logger][INFO] - Validation metrics: {'MAE': 2.780893648102174, 'RMSE': 3.915708923339846}
2026-06-27 03:22:41 - finetune_logger - INFO - Val time: 248.46s
[2026-06-27 03:22:41,349][finetune_logger][INFO] - Val time: 248.46s
2026-06-27 03:22:41 - finetune_logger - INFO - Val memory reserved: 64.00 MB
[2026-06-27 03:22:41,349][finetune_logger][INFO] - Val memory reserved: 64.00 MB
2026-06-27 03:22:41 - finetune_logger - INFO - Val memory allocated: 22.80 MB
[2026-06-27 03:22:41,349][finetune_logger][INFO] - Val memory allocated: 22.80 MB
2026-06-27 03:22:41 - finetune_logger - INFO - Logged epoch 6 info to /public/home/202411094934/python_project/Spatio-Temporal-Library/time-series/2026-06-26/fedformer/pretrain10_finetune10/etth2/time-series/seed_1/training_log.json
[2026-06-27 03:22:41,353][finetune_logger][INFO] - Logged epoch 6 info to /public/home/202411094934/python_project/Spatio-Temporal-Library/time-series/2026-06-26/fedformer/pretrain10_finetune10/etth2/time-series/seed_1/training_log.json
2026-06-27 03:26:49 - finetune_logger - INFO - Test metrics: {'MAE': 3.2030792363030556, 'RMSE': 4.633555130822315}
[2026-06-27 03:26:49,434][finetune_logger][INFO] - Test metrics: {'MAE': 3.2030792363030556, 'RMSE': 4.633555130822315}
2026-06-27 03:26:49 - finetune_logger - INFO - Test time: 248.08s
[2026-06-27 03:26:49,434][finetune_logger][INFO] - Test time: 248.08s
2026-06-27 03:26:49 - finetune_logger - INFO - Test memory reserved: 64.00 MB
[2026-06-27 03:26:49,435][finetune_logger][INFO] - Test memory reserved: 64.00 MB
2026-06-27 03:26:49 - finetune_logger - INFO - Test memory allocated: 22.80 MB
[2026-06-27 03:26:49,435][finetune_logger][INFO] - Test memory allocated: 22.80 MB
2026-06-27 03:26:49 - finetune_logger - INFO - Epoch 7/10
[2026-06-27 03:26:49,435][finetune_logger][INFO] - Epoch 7/10
2026-06-27 04:21:54 - finetune_logger - INFO - Train loss: 3.011589013200909
[2026-06-27 04:21:54,800][finetune_logger][INFO] - Train loss: 3.011589013200909
2026-06-27 04:21:54 - finetune_logger - INFO - Train time: 3305.3629257678986s
[2026-06-27 04:21:54,800][finetune_logger][INFO] - Train time: 3305.3629257678986s
2026-06-27 04:21:54 - finetune_logger - INFO - Train memory reserved: 64.00 MB
[2026-06-27 04:21:54,800][finetune_logger][INFO] - Train memory reserved: 64.00 MB
2026-06-27 04:21:54 - finetune_logger - INFO - Train memory allocated: 22.80 MB
[2026-06-27 04:21:54,800][finetune_logger][INFO] - Train memory allocated: 22.80 MB
2026-06-27 04:21:54 - finetune_logger - INFO - Current learning rate: 0.0005
[2026-06-27 04:21:54,800][finetune_logger][INFO] - Current learning rate: 0.0005
2026-06-27 04:26:03 - finetune_logger - INFO - Validation metrics: {'MAE': 2.8041692797797024, 'RMSE': 3.9351421874818264}
[2026-06-27 04:26:03,860][finetune_logger][INFO] - Validation metrics: {'MAE': 2.8041692797797024, 'RMSE': 3.9351421874818264}
2026-06-27 04:26:03 - finetune_logger - INFO - Val time: 249.06s
[2026-06-27 04:26:03,860][finetune_logger][INFO] - Val time: 249.06s
2026-06-27 04:26:03 - finetune_logger - INFO - Val memory reserved: 64.00 MB
[2026-06-27 04:26:03,861][finetune_logger][INFO] - Val memory reserved: 64.00 MB
2026-06-27 04:26:03 - finetune_logger - INFO - Val memory allocated: 22.80 MB
[2026-06-27 04:26:03,861][finetune_logger][INFO] - Val memory allocated: 22.80 MB
2026-06-27 04:26:03 - finetune_logger - INFO - Logged epoch 7 info to /public/home/202411094934/python_project/Spatio-Temporal-Library/time-series/2026-06-26/fedformer/pretrain10_finetune10/etth2/time-series/seed_1/training_log.json
[2026-06-27 04:26:03,864][finetune_logger][INFO] - Logged epoch 7 info to /public/home/202411094934/python_project/Spatio-Temporal-Library/time-series/2026-06-26/fedformer/pretrain10_finetune10/etth2/time-series/seed_1/training_log.json
2026-06-27 04:30:12 - finetune_logger - INFO - Test metrics: {'MAE': 3.19205519698916, 'RMSE': 4.634383951187142}
[2026-06-27 04:30:12,759][finetune_logger][INFO] - Test metrics: {'MAE': 3.19205519698916, 'RMSE': 4.634383951187142}
2026-06-27 04:30:12 - finetune_logger - INFO - Test time: 248.89s
[2026-06-27 04:30:12,759][finetune_logger][INFO] - Test time: 248.89s
2026-06-27 04:30:12 - finetune_logger - INFO - Test memory reserved: 64.00 MB
[2026-06-27 04:30:12,759][finetune_logger][INFO] - Test memory reserved: 64.00 MB
2026-06-27 04:30:12 - finetune_logger - INFO - Test memory allocated: 22.80 MB
[2026-06-27 04:30:12,759][finetune_logger][INFO] - Test memory allocated: 22.80 MB
2026-06-27 04:30:12 - finetune_logger - INFO - Epoch 8/10
[2026-06-27 04:30:12,759][finetune_logger][INFO] - Epoch 8/10
2026-06-27 05:25:15 - finetune_logger - INFO - Train loss: 2.986655497096014
[2026-06-27 05:25:15,168][finetune_logger][INFO] - Train loss: 2.986655497096014
2026-06-27 05:25:15 - finetune_logger - INFO - Train time: 3302.4084277153015s
[2026-06-27 05:25:15,169][finetune_logger][INFO] - Train time: 3302.4084277153015s
2026-06-27 05:25:15 - finetune_logger - INFO - Train memory reserved: 64.00 MB
[2026-06-27 05:25:15,169][finetune_logger][INFO] - Train memory reserved: 64.00 MB
2026-06-27 05:25:15 - finetune_logger - INFO - Train memory allocated: 22.80 MB
[2026-06-27 05:25:15,169][finetune_logger][INFO] - Train memory allocated: 22.80 MB
2026-06-27 05:25:15 - finetune_logger - INFO - Current learning rate: 0.0005
[2026-06-27 05:25:15,169][finetune_logger][INFO] - Current learning rate: 0.0005
2026-06-27 05:29:23 - finetune_logger - INFO - Validation metrics: {'MAE': 2.8308724451519165, 'RMSE': 3.9923000770750465}
[2026-06-27 05:29:23,234][finetune_logger][INFO] - Validation metrics: {'MAE': 2.8308724451519165, 'RMSE': 3.9923000770750465}
2026-06-27 05:29:23 - finetune_logger - INFO - Val time: 248.06s
[2026-06-27 05:29:23,235][finetune_logger][INFO] - Val time: 248.06s
2026-06-27 05:29:23 - finetune_logger - INFO - Val memory reserved: 64.00 MB
[2026-06-27 05:29:23,235][finetune_logger][INFO] - Val memory reserved: 64.00 MB
2026-06-27 05:29:23 - finetune_logger - INFO - Val memory allocated: 22.80 MB
[2026-06-27 05:29:23,235][finetune_logger][INFO] - Val memory allocated: 22.80 MB
2026-06-27 05:29:23 - finetune_logger - INFO - Logged epoch 8 info to /public/home/202411094934/python_project/Spatio-Temporal-Library/time-series/2026-06-26/fedformer/pretrain10_finetune10/etth2/time-series/seed_1/training_log.json
[2026-06-27 05:29:23,238][finetune_logger][INFO] - Logged epoch 8 info to /public/home/202411094934/python_project/Spatio-Temporal-Library/time-series/2026-06-26/fedformer/pretrain10_finetune10/etth2/time-series/seed_1/training_log.json
2026-06-27 05:33:31 - finetune_logger - INFO - Test metrics: {'MAE': 3.2896339975084556, 'RMSE': 4.77414918808711}
[2026-06-27 05:33:31,151][finetune_logger][INFO] - Test metrics: {'MAE': 3.2896339975084556, 'RMSE': 4.77414918808711}
2026-06-27 05:33:31 - finetune_logger - INFO - Test time: 247.91s
[2026-06-27 05:33:31,151][finetune_logger][INFO] - Test time: 247.91s
2026-06-27 05:33:31 - finetune_logger - INFO - Test memory reserved: 64.00 MB
[2026-06-27 05:33:31,151][finetune_logger][INFO] - Test memory reserved: 64.00 MB
2026-06-27 05:33:31 - finetune_logger - INFO - Test memory allocated: 22.80 MB
[2026-06-27 05:33:31,151][finetune_logger][INFO] - Test memory allocated: 22.80 MB
2026-06-27 05:33:31 - finetune_logger - INFO - Epoch 9/10
[2026-06-27 05:33:31,151][finetune_logger][INFO] - Epoch 9/10
2026-06-27 06:28:37 - finetune_logger - INFO - Train loss: 2.9668845761440648
[2026-06-27 06:28:37,001][finetune_logger][INFO] - Train loss: 2.9668845761440648
2026-06-27 06:28:37 - finetune_logger - INFO - Train time: 3305.849496126175s
[2026-06-27 06:28:37,002][finetune_logger][INFO] - Train time: 3305.849496126175s
2026-06-27 06:28:37 - finetune_logger - INFO - Train memory reserved: 64.00 MB
[2026-06-27 06:28:37,002][finetune_logger][INFO] - Train memory reserved: 64.00 MB
2026-06-27 06:28:37 - finetune_logger - INFO - Train memory allocated: 22.80 MB
[2026-06-27 06:28:37,002][finetune_logger][INFO] - Train memory allocated: 22.80 MB
2026-06-27 06:28:37 - finetune_logger - INFO - Current learning rate: 0.0005
[2026-06-27 06:28:37,002][finetune_logger][INFO] - Current learning rate: 0.0005
2026-06-27 06:32:45 - finetune_logger - INFO - Validation metrics: {'MAE': 2.7908537980034254, 'RMSE': 3.9167826087588336}
[2026-06-27 06:32:45,723][finetune_logger][INFO] - Validation metrics: {'MAE': 2.7908537980034254, 'RMSE': 3.9167826087588336}
2026-06-27 06:32:45 - finetune_logger - INFO - Val time: 248.72s
[2026-06-27 06:32:45,723][finetune_logger][INFO] - Val time: 248.72s
2026-06-27 06:32:45 - finetune_logger - INFO - Val memory reserved: 64.00 MB
[2026-06-27 06:32:45,724][finetune_logger][INFO] - Val memory reserved: 64.00 MB
2026-06-27 06:32:45 - finetune_logger - INFO - Val memory allocated: 22.80 MB
[2026-06-27 06:32:45,724][finetune_logger][INFO] - Val memory allocated: 22.80 MB
2026-06-27 06:32:45 - finetune_logger - INFO - Logged epoch 9 info to /public/home/202411094934/python_project/Spatio-Temporal-Library/time-series/2026-06-26/fedformer/pretrain10_finetune10/etth2/time-series/seed_1/training_log.json
[2026-06-27 06:32:45,727][finetune_logger][INFO] - Logged epoch 9 info to /public/home/202411094934/python_project/Spatio-Temporal-Library/time-series/2026-06-26/fedformer/pretrain10_finetune10/etth2/time-series/seed_1/training_log.json
2026-06-27 06:36:55 - finetune_logger - INFO - Test metrics: {'MAE': 3.215815307889662, 'RMSE': 4.657104457401109}
[2026-06-27 06:36:55,593][finetune_logger][INFO] - Test metrics: {'MAE': 3.215815307889662, 'RMSE': 4.657104457401109}
2026-06-27 06:36:55 - finetune_logger - INFO - Test time: 249.87s
[2026-06-27 06:36:55,594][finetune_logger][INFO] - Test time: 249.87s
2026-06-27 06:36:55 - finetune_logger - INFO - Test memory reserved: 64.00 MB
[2026-06-27 06:36:55,594][finetune_logger][INFO] - Test memory reserved: 64.00 MB
2026-06-27 06:36:55 - finetune_logger - INFO - Test memory allocated: 22.80 MB
[2026-06-27 06:36:55,594][finetune_logger][INFO] - Test memory allocated: 22.80 MB
2026-06-27 06:36:55 - finetune_logger - INFO - Epoch 10/10
[2026-06-27 06:36:55,594][finetune_logger][INFO] - Epoch 10/10
2026-06-27 07:31:55 - finetune_logger - INFO - Train loss: 2.9440828851382412
[2026-06-27 07:31:55,395][finetune_logger][INFO] - Train loss: 2.9440828851382412
2026-06-27 07:31:55 - finetune_logger - INFO - Train time: 3299.799451828003s
[2026-06-27 07:31:55,396][finetune_logger][INFO] - Train time: 3299.799451828003s
2026-06-27 07:31:55 - finetune_logger - INFO - Train memory reserved: 64.00 MB
[2026-06-27 07:31:55,396][finetune_logger][INFO] - Train memory reserved: 64.00 MB
2026-06-27 07:31:55 - finetune_logger - INFO - Train memory allocated: 22.80 MB
[2026-06-27 07:31:55,396][finetune_logger][INFO] - Train memory allocated: 22.80 MB
2026-06-27 07:31:55 - finetune_logger - INFO - Current learning rate: 0.0005
[2026-06-27 07:31:55,396][finetune_logger][INFO] - Current learning rate: 0.0005
2026-06-27 07:36:03 - finetune_logger - INFO - Validation metrics: {'MAE': 2.7847119015739046, 'RMSE': 3.912416001456127}
[2026-06-27 07:36:03,702][finetune_logger][INFO] - Validation metrics: {'MAE': 2.7847119015739046, 'RMSE': 3.912416001456127}
2026-06-27 07:36:03 - finetune_logger - INFO - Val time: 248.30s
[2026-06-27 07:36:03,702][finetune_logger][INFO] - Val time: 248.30s
2026-06-27 07:36:03 - finetune_logger - INFO - Val memory reserved: 64.00 MB
[2026-06-27 07:36:03,702][finetune_logger][INFO] - Val memory reserved: 64.00 MB
2026-06-27 07:36:03 - finetune_logger - INFO - Val memory allocated: 22.80 MB
[2026-06-27 07:36:03,702][finetune_logger][INFO] - Val memory allocated: 22.80 MB
2026-06-27 07:36:03 - finetune_logger - INFO - Logged epoch 10 info to /public/home/202411094934/python_project/Spatio-Temporal-Library/time-series/2026-06-26/fedformer/pretrain10_finetune10/etth2/time-series/seed_1/training_log.json
[2026-06-27 07:36:03,705][finetune_logger][INFO] - Logged epoch 10 info to /public/home/202411094934/python_project/Spatio-Temporal-Library/time-series/2026-06-26/fedformer/pretrain10_finetune10/etth2/time-series/seed_1/training_log.json
2026-06-27 07:40:12 - finetune_logger - INFO - Test metrics: {'MAE': 3.2533426424208147, 'RMSE': 4.7137560694558145}
[2026-06-27 07:40:12,952][finetune_logger][INFO] - Test metrics: {'MAE': 3.2533426424208147, 'RMSE': 4.7137560694558145}
2026-06-27 07:40:12 - finetune_logger - INFO - Test time: 249.22s
[2026-06-27 07:40:12,952][finetune_logger][INFO] - Test time: 249.22s
2026-06-27 07:40:12 - finetune_logger - INFO - Test memory reserved: 64.00 MB
[2026-06-27 07:40:12,952][finetune_logger][INFO] - Test memory reserved: 64.00 MB
2026-06-27 07:40:12 - finetune_logger - INFO - Test memory allocated: 22.80 MB
[2026-06-27 07:40:12,953][finetune_logger][INFO] - Test memory allocated: 22.80 MB
2026-06-27 07:40:12 - finetune_logger - INFO - Training completed. Best epoch: 1, Best val loss: 2.751736
[2026-06-27 07:40:12,953][finetune_logger][INFO] - Training completed. Best epoch: 1, Best val loss: 2.751736
2026-06-27 07:40:12 - finetune_logger - INFO - Loaded checkpoint from epoch 1
[2026-06-27 07:40:12,991][finetune_logger][INFO] - Loaded checkpoint from epoch 1
2026-06-27 07:40:12 - finetune_logger - INFO - Evaluating best model on test sets...
[2026-06-27 07:40:12,992][finetune_logger][INFO] - Evaluating best model on test sets...
2026-06-27 07:44:21 - finetune_logger - INFO - Test metrics: {'MAE': 3.1127012472606843, 'RMSE': 4.547181788853241}
[2026-06-27 07:44:21,220][finetune_logger][INFO] - Test metrics: {'MAE': 3.1127012472606843, 'RMSE': 4.547181788853241}
2026-06-27 07:44:21 - finetune_logger - INFO - Test time: 248.23s
[2026-06-27 07:44:21,220][finetune_logger][INFO] - Test time: 248.23s
2026-06-27 07:44:21 - finetune_logger - INFO - Test memory reserved: 84.00 MB
[2026-06-27 07:44:21,220][finetune_logger][INFO] - Test memory reserved: 84.00 MB
2026-06-27 07:44:21 - finetune_logger - INFO - Test memory allocated: 22.83 MB
[2026-06-27 07:44:21,220][finetune_logger][INFO] - Test memory allocated: 22.83 MB
2026-06-27 07:44:21 - finetune_logger - INFO - Logged epoch test info to /public/home/202411094934/python_project/Spatio-Temporal-Library/time-series/2026-06-26/fedformer/pretrain10_finetune10/etth2/time-series/seed_1/training_log.json
[2026-06-27 07:44:21,224][finetune_logger][INFO] - Logged epoch test info to /public/home/202411094934/python_project/Spatio-Temporal-Library/time-series/2026-06-26/fedformer/pretrain10_finetune10/etth2/time-series/seed_1/training_log.json
