2026-06-14 13:29:44 - pretrain_logger - INFO - Model parameters: 2,575,712
[2026-06-14 13:29:44,863][pretrain_logger][INFO] - Model parameters: 2,575,712
2026-06-14 13:29:44 - pretrain_logger - INFO - Created new log file at /public/home/202411094934/python_project/Spatio-Temporal-Library/time-series/2026-06-13/crossformer/pretrain10/traffic/time-series/seed_2/training_log.json
[2026-06-14 13:29:44,911][pretrain_logger][INFO] - Created new log file at /public/home/202411094934/python_project/Spatio-Temporal-Library/time-series/2026-06-13/crossformer/pretrain10/traffic/time-series/seed_2/training_log.json
2026-06-14 13:29:44 - pretrain_logger - INFO - Starting JEPA pretraining...
[2026-06-14 13:29:44,911][pretrain_logger][INFO] - Starting JEPA pretraining...
2026-06-14 13:40:41 - pretrain_logger - INFO - [JEPA Pretrain] Epoch 1/10, loss=68.893812, time=656.45s
[2026-06-14 13:40:41,363][pretrain_logger][INFO] - [JEPA Pretrain] Epoch 1/10, loss=68.893812, time=656.45s
2026-06-14 13:40:41 - pretrain_logger - INFO - Pretrain loss: 68.89381196115187
[2026-06-14 13:40:41,364][pretrain_logger][INFO] - Pretrain loss: 68.89381196115187
2026-06-14 13:40:41 - pretrain_logger - INFO - Pretrain time: 656.4516921043396s
[2026-06-14 13:40:41,364][pretrain_logger][INFO] - Pretrain time: 656.4516921043396s
2026-06-14 13:40:41 - pretrain_logger - INFO - Pretrain memory reserved: 4142.00 MB
[2026-06-14 13:40:41,364][pretrain_logger][INFO] - Pretrain memory reserved: 4142.00 MB
2026-06-14 13:40:41 - pretrain_logger - INFO - Pretrain memory allocated: 35.45 MB
[2026-06-14 13:40:41,364][pretrain_logger][INFO] - Pretrain memory allocated: 35.45 MB
2026-06-14 13:40:41 - pretrain_logger - INFO - Current learning rate: 0.0005
[2026-06-14 13:40:41,365][pretrain_logger][INFO] - Current learning rate: 0.0005
2026-06-14 13:40:41 - pretrain_logger - INFO - Logged epoch Pretrain 1 info to /public/home/202411094934/python_project/Spatio-Temporal-Library/time-series/2026-06-13/crossformer/pretrain10/traffic/time-series/seed_2/training_log.json
[2026-06-14 13:40:41,368][pretrain_logger][INFO] - Logged epoch Pretrain 1 info to /public/home/202411094934/python_project/Spatio-Temporal-Library/time-series/2026-06-13/crossformer/pretrain10/traffic/time-series/seed_2/training_log.json
2026-06-14 13:51:38 - pretrain_logger - INFO - [JEPA Pretrain] Epoch 2/10, loss=82.233171, time=656.70s
[2026-06-14 13:51:38,071][pretrain_logger][INFO] - [JEPA Pretrain] Epoch 2/10, loss=82.233171, time=656.70s
2026-06-14 13:51:38 - pretrain_logger - INFO - Pretrain loss: 82.23317144033118
[2026-06-14 13:51:38,147][pretrain_logger][INFO] - Pretrain loss: 82.23317144033118
2026-06-14 13:51:38 - pretrain_logger - INFO - Pretrain time: 656.7032415866852s
[2026-06-14 13:51:38,147][pretrain_logger][INFO] - Pretrain time: 656.7032415866852s
2026-06-14 13:51:38 - pretrain_logger - INFO - Pretrain memory reserved: 4142.00 MB
[2026-06-14 13:51:38,148][pretrain_logger][INFO] - Pretrain memory reserved: 4142.00 MB
2026-06-14 13:51:38 - pretrain_logger - INFO - Pretrain memory allocated: 35.45 MB
[2026-06-14 13:51:38,148][pretrain_logger][INFO] - Pretrain memory allocated: 35.45 MB
2026-06-14 13:51:38 - pretrain_logger - INFO - Current learning rate: 0.0005
[2026-06-14 13:51:38,148][pretrain_logger][INFO] - Current learning rate: 0.0005
2026-06-14 13:51:38 - pretrain_logger - INFO - Logged epoch Pretrain 2 info to /public/home/202411094934/python_project/Spatio-Temporal-Library/time-series/2026-06-13/crossformer/pretrain10/traffic/time-series/seed_2/training_log.json
[2026-06-14 13:51:38,151][pretrain_logger][INFO] - Logged epoch Pretrain 2 info to /public/home/202411094934/python_project/Spatio-Temporal-Library/time-series/2026-06-13/crossformer/pretrain10/traffic/time-series/seed_2/training_log.json
2026-06-14 14:02:35 - pretrain_logger - INFO - [JEPA Pretrain] Epoch 3/10, loss=96.314702, time=656.88s
[2026-06-14 14:02:35,035][pretrain_logger][INFO] - [JEPA Pretrain] Epoch 3/10, loss=96.314702, time=656.88s
2026-06-14 14:02:35 - pretrain_logger - INFO - Pretrain loss: 96.31470178838079
[2026-06-14 14:02:35,035][pretrain_logger][INFO] - Pretrain loss: 96.31470178838079
2026-06-14 14:02:35 - pretrain_logger - INFO - Pretrain time: 656.8835320472717s
[2026-06-14 14:02:35,036][pretrain_logger][INFO] - Pretrain time: 656.8835320472717s
2026-06-14 14:02:35 - pretrain_logger - INFO - Pretrain memory reserved: 4142.00 MB
[2026-06-14 14:02:35,036][pretrain_logger][INFO] - Pretrain memory reserved: 4142.00 MB
2026-06-14 14:02:35 - pretrain_logger - INFO - Pretrain memory allocated: 35.45 MB
[2026-06-14 14:02:35,036][pretrain_logger][INFO] - Pretrain memory allocated: 35.45 MB
2026-06-14 14:02:35 - pretrain_logger - INFO - Current learning rate: 0.0005
[2026-06-14 14:02:35,036][pretrain_logger][INFO] - Current learning rate: 0.0005
2026-06-14 14:02:35 - pretrain_logger - INFO - Logged epoch Pretrain 3 info to /public/home/202411094934/python_project/Spatio-Temporal-Library/time-series/2026-06-13/crossformer/pretrain10/traffic/time-series/seed_2/training_log.json
[2026-06-14 14:02:35,039][pretrain_logger][INFO] - Logged epoch Pretrain 3 info to /public/home/202411094934/python_project/Spatio-Temporal-Library/time-series/2026-06-13/crossformer/pretrain10/traffic/time-series/seed_2/training_log.json
2026-06-14 14:13:30 - pretrain_logger - INFO - [JEPA Pretrain] Epoch 4/10, loss=99.433133, time=655.90s
[2026-06-14 14:13:30,944][pretrain_logger][INFO] - [JEPA Pretrain] Epoch 4/10, loss=99.433133, time=655.90s
2026-06-14 14:13:31 - pretrain_logger - INFO - Pretrain loss: 99.43313290601921
[2026-06-14 14:13:31,018][pretrain_logger][INFO] - Pretrain loss: 99.43313290601921
2026-06-14 14:13:31 - pretrain_logger - INFO - Pretrain time: 655.9048490524292s
[2026-06-14 14:13:31,018][pretrain_logger][INFO] - Pretrain time: 655.9048490524292s
2026-06-14 14:13:31 - pretrain_logger - INFO - Pretrain memory reserved: 4142.00 MB
[2026-06-14 14:13:31,018][pretrain_logger][INFO] - Pretrain memory reserved: 4142.00 MB
2026-06-14 14:13:31 - pretrain_logger - INFO - Pretrain memory allocated: 35.45 MB
[2026-06-14 14:13:31,018][pretrain_logger][INFO] - Pretrain memory allocated: 35.45 MB
2026-06-14 14:13:31 - pretrain_logger - INFO - Current learning rate: 0.0005
[2026-06-14 14:13:31,018][pretrain_logger][INFO] - Current learning rate: 0.0005
2026-06-14 14:13:31 - pretrain_logger - INFO - Logged epoch Pretrain 4 info to /public/home/202411094934/python_project/Spatio-Temporal-Library/time-series/2026-06-13/crossformer/pretrain10/traffic/time-series/seed_2/training_log.json
[2026-06-14 14:13:31,021][pretrain_logger][INFO] - Logged epoch Pretrain 4 info to /public/home/202411094934/python_project/Spatio-Temporal-Library/time-series/2026-06-13/crossformer/pretrain10/traffic/time-series/seed_2/training_log.json
2026-06-14 14:24:26 - pretrain_logger - INFO - [JEPA Pretrain] Epoch 5/10, loss=102.125368, time=655.50s
[2026-06-14 14:24:26,526][pretrain_logger][INFO] - [JEPA Pretrain] Epoch 5/10, loss=102.125368, time=655.50s
2026-06-14 14:24:26 - pretrain_logger - INFO - Pretrain loss: 102.12536768161812
[2026-06-14 14:24:26,527][pretrain_logger][INFO] - Pretrain loss: 102.12536768161812
2026-06-14 14:24:26 - pretrain_logger - INFO - Pretrain time: 655.5049493312836s
[2026-06-14 14:24:26,527][pretrain_logger][INFO] - Pretrain time: 655.5049493312836s
2026-06-14 14:24:26 - pretrain_logger - INFO - Pretrain memory reserved: 4142.00 MB
[2026-06-14 14:24:26,528][pretrain_logger][INFO] - Pretrain memory reserved: 4142.00 MB
2026-06-14 14:24:26 - pretrain_logger - INFO - Pretrain memory allocated: 35.45 MB
[2026-06-14 14:24:26,528][pretrain_logger][INFO] - Pretrain memory allocated: 35.45 MB
2026-06-14 14:24:26 - pretrain_logger - INFO - Current learning rate: 0.0005
[2026-06-14 14:24:26,528][pretrain_logger][INFO] - Current learning rate: 0.0005
2026-06-14 14:24:26 - pretrain_logger - INFO - Logged epoch Pretrain 5 info to /public/home/202411094934/python_project/Spatio-Temporal-Library/time-series/2026-06-13/crossformer/pretrain10/traffic/time-series/seed_2/training_log.json
[2026-06-14 14:24:26,530][pretrain_logger][INFO] - Logged epoch Pretrain 5 info to /public/home/202411094934/python_project/Spatio-Temporal-Library/time-series/2026-06-13/crossformer/pretrain10/traffic/time-series/seed_2/training_log.json
2026-06-14 14:35:20 - pretrain_logger - INFO - [JEPA Pretrain] Epoch 6/10, loss=105.593077, time=654.41s
[2026-06-14 14:35:20,944][pretrain_logger][INFO] - [JEPA Pretrain] Epoch 6/10, loss=105.593077, time=654.41s
2026-06-14 14:35:21 - pretrain_logger - INFO - Pretrain loss: 105.59307712293298
[2026-06-14 14:35:21,016][pretrain_logger][INFO] - Pretrain loss: 105.59307712293298
2026-06-14 14:35:21 - pretrain_logger - INFO - Pretrain time: 654.4128584861755s
[2026-06-14 14:35:21,016][pretrain_logger][INFO] - Pretrain time: 654.4128584861755s
2026-06-14 14:35:21 - pretrain_logger - INFO - Pretrain memory reserved: 4142.00 MB
[2026-06-14 14:35:21,016][pretrain_logger][INFO] - Pretrain memory reserved: 4142.00 MB
2026-06-14 14:35:21 - pretrain_logger - INFO - Pretrain memory allocated: 35.45 MB
[2026-06-14 14:35:21,016][pretrain_logger][INFO] - Pretrain memory allocated: 35.45 MB
2026-06-14 14:35:21 - pretrain_logger - INFO - Current learning rate: 0.0005
[2026-06-14 14:35:21,017][pretrain_logger][INFO] - Current learning rate: 0.0005
2026-06-14 14:35:21 - pretrain_logger - INFO - Logged epoch Pretrain 6 info to /public/home/202411094934/python_project/Spatio-Temporal-Library/time-series/2026-06-13/crossformer/pretrain10/traffic/time-series/seed_2/training_log.json
[2026-06-14 14:35:21,020][pretrain_logger][INFO] - Logged epoch Pretrain 6 info to /public/home/202411094934/python_project/Spatio-Temporal-Library/time-series/2026-06-13/crossformer/pretrain10/traffic/time-series/seed_2/training_log.json
2026-06-14 14:46:16 - pretrain_logger - INFO - [JEPA Pretrain] Epoch 7/10, loss=108.105198, time=655.01s
[2026-06-14 14:46:16,028][pretrain_logger][INFO] - [JEPA Pretrain] Epoch 7/10, loss=108.105198, time=655.01s
2026-06-14 14:46:16 - pretrain_logger - INFO - Pretrain loss: 108.10519823197276
[2026-06-14 14:46:16,029][pretrain_logger][INFO] - Pretrain loss: 108.10519823197276
2026-06-14 14:46:16 - pretrain_logger - INFO - Pretrain time: 655.0082819461823s
[2026-06-14 14:46:16,029][pretrain_logger][INFO] - Pretrain time: 655.0082819461823s
2026-06-14 14:46:16 - pretrain_logger - INFO - Pretrain memory reserved: 4142.00 MB
[2026-06-14 14:46:16,029][pretrain_logger][INFO] - Pretrain memory reserved: 4142.00 MB
2026-06-14 14:46:16 - pretrain_logger - INFO - Pretrain memory allocated: 35.45 MB
[2026-06-14 14:46:16,029][pretrain_logger][INFO] - Pretrain memory allocated: 35.45 MB
2026-06-14 14:46:16 - pretrain_logger - INFO - Current learning rate: 0.0005
[2026-06-14 14:46:16,030][pretrain_logger][INFO] - Current learning rate: 0.0005
2026-06-14 14:46:16 - pretrain_logger - INFO - Logged epoch Pretrain 7 info to /public/home/202411094934/python_project/Spatio-Temporal-Library/time-series/2026-06-13/crossformer/pretrain10/traffic/time-series/seed_2/training_log.json
[2026-06-14 14:46:16,032][pretrain_logger][INFO] - Logged epoch Pretrain 7 info to /public/home/202411094934/python_project/Spatio-Temporal-Library/time-series/2026-06-13/crossformer/pretrain10/traffic/time-series/seed_2/training_log.json
2026-06-14 14:57:10 - pretrain_logger - INFO - [JEPA Pretrain] Epoch 8/10, loss=110.472695, time=654.58s
[2026-06-14 14:57:10,615][pretrain_logger][INFO] - [JEPA Pretrain] Epoch 8/10, loss=110.472695, time=654.58s
2026-06-14 14:57:10 - pretrain_logger - INFO - Pretrain loss: 110.47269498955932
[2026-06-14 14:57:10,687][pretrain_logger][INFO] - Pretrain loss: 110.47269498955932
2026-06-14 14:57:10 - pretrain_logger - INFO - Pretrain time: 654.582592010498s
[2026-06-14 14:57:10,688][pretrain_logger][INFO] - Pretrain time: 654.582592010498s
2026-06-14 14:57:10 - pretrain_logger - INFO - Pretrain memory reserved: 4142.00 MB
[2026-06-14 14:57:10,688][pretrain_logger][INFO] - Pretrain memory reserved: 4142.00 MB
2026-06-14 14:57:10 - pretrain_logger - INFO - Pretrain memory allocated: 35.45 MB
[2026-06-14 14:57:10,688][pretrain_logger][INFO] - Pretrain memory allocated: 35.45 MB
2026-06-14 14:57:10 - pretrain_logger - INFO - Current learning rate: 0.0005
[2026-06-14 14:57:10,688][pretrain_logger][INFO] - Current learning rate: 0.0005
2026-06-14 14:57:10 - pretrain_logger - INFO - Logged epoch Pretrain 8 info to /public/home/202411094934/python_project/Spatio-Temporal-Library/time-series/2026-06-13/crossformer/pretrain10/traffic/time-series/seed_2/training_log.json
[2026-06-14 14:57:10,691][pretrain_logger][INFO] - Logged epoch Pretrain 8 info to /public/home/202411094934/python_project/Spatio-Temporal-Library/time-series/2026-06-13/crossformer/pretrain10/traffic/time-series/seed_2/training_log.json
2026-06-14 15:08:05 - pretrain_logger - INFO - [JEPA Pretrain] Epoch 9/10, loss=111.789193, time=654.39s
[2026-06-14 15:08:05,083][pretrain_logger][INFO] - [JEPA Pretrain] Epoch 9/10, loss=111.789193, time=654.39s
2026-06-14 15:08:05 - pretrain_logger - INFO - Pretrain loss: 111.78919272948237
[2026-06-14 15:08:05,084][pretrain_logger][INFO] - Pretrain loss: 111.78919272948237
2026-06-14 15:08:05 - pretrain_logger - INFO - Pretrain time: 654.392584323883s
[2026-06-14 15:08:05,084][pretrain_logger][INFO] - Pretrain time: 654.392584323883s
2026-06-14 15:08:05 - pretrain_logger - INFO - Pretrain memory reserved: 4142.00 MB
[2026-06-14 15:08:05,084][pretrain_logger][INFO] - Pretrain memory reserved: 4142.00 MB
2026-06-14 15:08:05 - pretrain_logger - INFO - Pretrain memory allocated: 35.45 MB
[2026-06-14 15:08:05,085][pretrain_logger][INFO] - Pretrain memory allocated: 35.45 MB
2026-06-14 15:08:05 - pretrain_logger - INFO - Current learning rate: 0.0005
[2026-06-14 15:08:05,085][pretrain_logger][INFO] - Current learning rate: 0.0005
2026-06-14 15:08:05 - pretrain_logger - INFO - Logged epoch Pretrain 9 info to /public/home/202411094934/python_project/Spatio-Temporal-Library/time-series/2026-06-13/crossformer/pretrain10/traffic/time-series/seed_2/training_log.json
[2026-06-14 15:08:05,088][pretrain_logger][INFO] - Logged epoch Pretrain 9 info to /public/home/202411094934/python_project/Spatio-Temporal-Library/time-series/2026-06-13/crossformer/pretrain10/traffic/time-series/seed_2/training_log.json
2026-06-14 15:18:59 - pretrain_logger - INFO - [JEPA Pretrain] Epoch 10/10, loss=113.389744, time=654.45s
[2026-06-14 15:18:59,539][pretrain_logger][INFO] - [JEPA Pretrain] Epoch 10/10, loss=113.389744, time=654.45s
2026-06-14 15:18:59 - pretrain_logger - INFO - Pretrain loss: 113.38974367518425
[2026-06-14 15:18:59,613][pretrain_logger][INFO] - Pretrain loss: 113.38974367518425
2026-06-14 15:18:59 - pretrain_logger - INFO - Pretrain time: 654.4514634609222s
[2026-06-14 15:18:59,613][pretrain_logger][INFO] - Pretrain time: 654.4514634609222s
2026-06-14 15:18:59 - pretrain_logger - INFO - Pretrain memory reserved: 4142.00 MB
[2026-06-14 15:18:59,614][pretrain_logger][INFO] - Pretrain memory reserved: 4142.00 MB
2026-06-14 15:18:59 - pretrain_logger - INFO - Pretrain memory allocated: 35.45 MB
[2026-06-14 15:18:59,614][pretrain_logger][INFO] - Pretrain memory allocated: 35.45 MB
2026-06-14 15:18:59 - pretrain_logger - INFO - Current learning rate: 0.0005
[2026-06-14 15:18:59,614][pretrain_logger][INFO] - Current learning rate: 0.0005
2026-06-14 15:18:59 - pretrain_logger - INFO - Logged epoch Pretrain 10 info to /public/home/202411094934/python_project/Spatio-Temporal-Library/time-series/2026-06-13/crossformer/pretrain10/traffic/time-series/seed_2/training_log.json
[2026-06-14 15:18:59,617][pretrain_logger][INFO] - Logged epoch Pretrain 10 info to /public/home/202411094934/python_project/Spatio-Temporal-Library/time-series/2026-06-13/crossformer/pretrain10/traffic/time-series/seed_2/training_log.json
2026-06-14 15:18:59 - pretrain_logger - INFO - JEPA pretraining completed.
[2026-06-14 15:18:59,617][pretrain_logger][INFO] - JEPA pretraining completed.
