2026-06-23 12:22:50 - finetune_logger - INFO - Loaded pretrained checkpoint from: /public/home/202411094934/python_project/Spatio-Temporal-Library/time-series/2026-06-23/autoformer/pretrain10/ettm2/time-series/seed_0/jepa_pretrain_epoch_10.pth
Missing keys: []
Unexpected keys: []
[2026-06-23 12:22:50,452][finetune_logger][INFO] - Loaded pretrained checkpoint from: /public/home/202411094934/python_project/Spatio-Temporal-Library/time-series/2026-06-23/autoformer/pretrain10/ettm2/time-series/seed_0/jepa_pretrain_epoch_10.pth
Missing keys: []
Unexpected keys: []
2026-06-23 12:22:50 - finetune_logger - INFO - Model parameters: 188,487
[2026-06-23 12:22:50,455][finetune_logger][INFO] - Model parameters: 188,487
2026-06-23 12:22:50 - finetune_logger - INFO - Created new log file at /public/home/202411094934/python_project/Spatio-Temporal-Library/time-series/2026-06-23/autoformer/pretrain10_finetune10/ettm2/time-series/seed_0/training_log.json
[2026-06-23 12:22:50,457][finetune_logger][INFO] - Created new log file at /public/home/202411094934/python_project/Spatio-Temporal-Library/time-series/2026-06-23/autoformer/pretrain10_finetune10/ettm2/time-series/seed_0/training_log.json
2026-06-23 12:22:50 - finetune_logger - INFO - Starting training...
[2026-06-23 12:22:50,457][finetune_logger][INFO] - Starting training...
2026-06-23 12:22:50 - finetune_logger - INFO - Epoch 1/10
[2026-06-23 12:22:50,457][finetune_logger][INFO] - Epoch 1/10
2026-06-23 13:04:17 - finetune_logger - INFO - Train loss: 2.265580607972182
[2026-06-23 13:04:17,506][finetune_logger][INFO] - Train loss: 2.265580607972182
2026-06-23 13:04:17 - finetune_logger - INFO - Train time: 2487.047585964203s
[2026-06-23 13:04:17,506][finetune_logger][INFO] - Train time: 2487.047585964203s
2026-06-23 13:04:17 - finetune_logger - INFO - Train memory reserved: 40.00 MB
[2026-06-23 13:04:17,506][finetune_logger][INFO] - Train memory reserved: 40.00 MB
2026-06-23 13:04:17 - finetune_logger - INFO - Train memory allocated: 20.88 MB
[2026-06-23 13:04:17,506][finetune_logger][INFO] - Train memory allocated: 20.88 MB
2026-06-23 13:04:17 - finetune_logger - INFO - Current learning rate: 0.0005
[2026-06-23 13:04:17,506][finetune_logger][INFO] - Current learning rate: 0.0005
2026-06-23 13:09:12 - finetune_logger - INFO - Validation metrics: {'MAE': 2.1864636108815043, 'RMSE': 3.120779299725461}
[2026-06-23 13:09:12,876][finetune_logger][INFO] - Validation metrics: {'MAE': 2.1864636108815043, 'RMSE': 3.120779299725461}
2026-06-23 13:09:12 - finetune_logger - INFO - Val time: 295.37s
[2026-06-23 13:09:12,876][finetune_logger][INFO] - Val time: 295.37s
2026-06-23 13:09:12 - finetune_logger - INFO - Val memory reserved: 40.00 MB
[2026-06-23 13:09:12,876][finetune_logger][INFO] - Val memory reserved: 40.00 MB
2026-06-23 13:09:12 - finetune_logger - INFO - Val memory allocated: 20.88 MB
[2026-06-23 13:09:12,876][finetune_logger][INFO] - Val memory allocated: 20.88 MB
2026-06-23 13:09:12 - finetune_logger - INFO - Logged epoch 1 info to /public/home/202411094934/python_project/Spatio-Temporal-Library/time-series/2026-06-23/autoformer/pretrain10_finetune10/ettm2/time-series/seed_0/training_log.json
[2026-06-23 13:09:12,880][finetune_logger][INFO] - Logged epoch 1 info to /public/home/202411094934/python_project/Spatio-Temporal-Library/time-series/2026-06-23/autoformer/pretrain10_finetune10/ettm2/time-series/seed_0/training_log.json
2026-06-23 13:09:12 - finetune_logger - INFO - New best model! Val loss: 2.186464
[2026-06-23 13:09:12,880][finetune_logger][INFO] - New best model! Val loss: 2.186464
2026-06-23 13:14:08 - finetune_logger - INFO - Test metrics: {'MAE': 2.3920499098655363, 'RMSE': 3.497671762096905}
[2026-06-23 13:14:08,807][finetune_logger][INFO] - Test metrics: {'MAE': 2.3920499098655363, 'RMSE': 3.497671762096905}
2026-06-23 13:14:08 - finetune_logger - INFO - Test time: 295.87s
[2026-06-23 13:14:08,807][finetune_logger][INFO] - Test time: 295.87s
2026-06-23 13:14:08 - finetune_logger - INFO - Test memory reserved: 40.00 MB
[2026-06-23 13:14:08,807][finetune_logger][INFO] - Test memory reserved: 40.00 MB
2026-06-23 13:14:08 - finetune_logger - INFO - Test memory allocated: 20.88 MB
[2026-06-23 13:14:08,807][finetune_logger][INFO] - Test memory allocated: 20.88 MB
2026-06-23 13:14:08 - finetune_logger - INFO - Epoch 2/10
[2026-06-23 13:14:08,807][finetune_logger][INFO] - Epoch 2/10
2026-06-23 13:55:46 - finetune_logger - INFO - Train loss: 2.072696438142867
[2026-06-23 13:55:46,991][finetune_logger][INFO] - Train loss: 2.072696438142867
2026-06-23 13:55:46 - finetune_logger - INFO - Train time: 2498.182955265045s
[2026-06-23 13:55:46,991][finetune_logger][INFO] - Train time: 2498.182955265045s
2026-06-23 13:55:46 - finetune_logger - INFO - Train memory reserved: 40.00 MB
[2026-06-23 13:55:46,991][finetune_logger][INFO] - Train memory reserved: 40.00 MB
2026-06-23 13:55:46 - finetune_logger - INFO - Train memory allocated: 20.88 MB
[2026-06-23 13:55:46,991][finetune_logger][INFO] - Train memory allocated: 20.88 MB
2026-06-23 13:55:46 - finetune_logger - INFO - Current learning rate: 0.0005
[2026-06-23 13:55:46,992][finetune_logger][INFO] - Current learning rate: 0.0005
2026-06-23 14:00:42 - finetune_logger - INFO - Validation metrics: {'MAE': 2.18916088320973, 'RMSE': 3.1183316447287344}
[2026-06-23 14:00:42,891][finetune_logger][INFO] - Validation metrics: {'MAE': 2.18916088320973, 'RMSE': 3.1183316447287344}
2026-06-23 14:00:42 - finetune_logger - INFO - Val time: 295.90s
[2026-06-23 14:00:42,891][finetune_logger][INFO] - Val time: 295.90s
2026-06-23 14:00:42 - finetune_logger - INFO - Val memory reserved: 40.00 MB
[2026-06-23 14:00:42,891][finetune_logger][INFO] - Val memory reserved: 40.00 MB
2026-06-23 14:00:42 - finetune_logger - INFO - Val memory allocated: 20.88 MB
[2026-06-23 14:00:42,891][finetune_logger][INFO] - Val memory allocated: 20.88 MB
2026-06-23 14:00:42 - finetune_logger - INFO - Logged epoch 2 info to /public/home/202411094934/python_project/Spatio-Temporal-Library/time-series/2026-06-23/autoformer/pretrain10_finetune10/ettm2/time-series/seed_0/training_log.json
[2026-06-23 14:00:42,894][finetune_logger][INFO] - Logged epoch 2 info to /public/home/202411094934/python_project/Spatio-Temporal-Library/time-series/2026-06-23/autoformer/pretrain10_finetune10/ettm2/time-series/seed_0/training_log.json
2026-06-23 14:05:38 - finetune_logger - INFO - Test metrics: {'MAE': 2.4046447266275237, 'RMSE': 3.507431642542512}
[2026-06-23 14:05:38,834][finetune_logger][INFO] - Test metrics: {'MAE': 2.4046447266275237, 'RMSE': 3.507431642542512}
2026-06-23 14:05:38 - finetune_logger - INFO - Test time: 295.94s
[2026-06-23 14:05:38,834][finetune_logger][INFO] - Test time: 295.94s
2026-06-23 14:05:38 - finetune_logger - INFO - Test memory reserved: 40.00 MB
[2026-06-23 14:05:38,835][finetune_logger][INFO] - Test memory reserved: 40.00 MB
2026-06-23 14:05:38 - finetune_logger - INFO - Test memory allocated: 20.88 MB
[2026-06-23 14:05:38,835][finetune_logger][INFO] - Test memory allocated: 20.88 MB
2026-06-23 14:05:38 - finetune_logger - INFO - Epoch 3/10
[2026-06-23 14:05:38,835][finetune_logger][INFO] - Epoch 3/10
2026-06-23 14:47:13 - finetune_logger - INFO - Train loss: 1.9820834469471962
[2026-06-23 14:47:13,632][finetune_logger][INFO] - Train loss: 1.9820834469471962
2026-06-23 14:47:13 - finetune_logger - INFO - Train time: 2494.796835422516s
[2026-06-23 14:47:13,632][finetune_logger][INFO] - Train time: 2494.796835422516s
2026-06-23 14:47:13 - finetune_logger - INFO - Train memory reserved: 40.00 MB
[2026-06-23 14:47:13,633][finetune_logger][INFO] - Train memory reserved: 40.00 MB
2026-06-23 14:47:13 - finetune_logger - INFO - Train memory allocated: 20.88 MB
[2026-06-23 14:47:13,633][finetune_logger][INFO] - Train memory allocated: 20.88 MB
2026-06-23 14:47:13 - finetune_logger - INFO - Current learning rate: 0.0005
[2026-06-23 14:47:13,633][finetune_logger][INFO] - Current learning rate: 0.0005
2026-06-23 14:52:09 - finetune_logger - INFO - Validation metrics: {'MAE': 2.280283460212831, 'RMSE': 3.229160002576367}
[2026-06-23 14:52:09,553][finetune_logger][INFO] - Validation metrics: {'MAE': 2.280283460212831, 'RMSE': 3.229160002576367}
2026-06-23 14:52:09 - finetune_logger - INFO - Val time: 295.92s
[2026-06-23 14:52:09,553][finetune_logger][INFO] - Val time: 295.92s
2026-06-23 14:52:09 - finetune_logger - INFO - Val memory reserved: 40.00 MB
[2026-06-23 14:52:09,553][finetune_logger][INFO] - Val memory reserved: 40.00 MB
2026-06-23 14:52:09 - finetune_logger - INFO - Val memory allocated: 20.88 MB
[2026-06-23 14:52:09,553][finetune_logger][INFO] - Val memory allocated: 20.88 MB
2026-06-23 14:52:09 - finetune_logger - INFO - Logged epoch 3 info to /public/home/202411094934/python_project/Spatio-Temporal-Library/time-series/2026-06-23/autoformer/pretrain10_finetune10/ettm2/time-series/seed_0/training_log.json
[2026-06-23 14:52:09,556][finetune_logger][INFO] - Logged epoch 3 info to /public/home/202411094934/python_project/Spatio-Temporal-Library/time-series/2026-06-23/autoformer/pretrain10_finetune10/ettm2/time-series/seed_0/training_log.json
2026-06-23 14:57:04 - finetune_logger - INFO - Test metrics: {'MAE': 2.498213492337196, 'RMSE': 3.637204061028597}
[2026-06-23 14:57:04,792][finetune_logger][INFO] - Test metrics: {'MAE': 2.498213492337196, 'RMSE': 3.637204061028597}
2026-06-23 14:57:04 - finetune_logger - INFO - Test time: 295.24s
[2026-06-23 14:57:04,792][finetune_logger][INFO] - Test time: 295.24s
2026-06-23 14:57:04 - finetune_logger - INFO - Test memory reserved: 40.00 MB
[2026-06-23 14:57:04,792][finetune_logger][INFO] - Test memory reserved: 40.00 MB
2026-06-23 14:57:04 - finetune_logger - INFO - Test memory allocated: 20.88 MB
[2026-06-23 14:57:04,792][finetune_logger][INFO] - Test memory allocated: 20.88 MB
2026-06-23 14:57:04 - finetune_logger - INFO - Epoch 4/10
[2026-06-23 14:57:04,793][finetune_logger][INFO] - Epoch 4/10
2026-06-23 15:38:11 - finetune_logger - INFO - Train loss: 1.9123800350250042
[2026-06-23 15:38:11,870][finetune_logger][INFO] - Train loss: 1.9123800350250042
2026-06-23 15:38:11 - finetune_logger - INFO - Train time: 2467.077092409134s
[2026-06-23 15:38:11,870][finetune_logger][INFO] - Train time: 2467.077092409134s
2026-06-23 15:38:11 - finetune_logger - INFO - Train memory reserved: 40.00 MB
[2026-06-23 15:38:11,871][finetune_logger][INFO] - Train memory reserved: 40.00 MB
2026-06-23 15:38:11 - finetune_logger - INFO - Train memory allocated: 20.88 MB
[2026-06-23 15:38:11,871][finetune_logger][INFO] - Train memory allocated: 20.88 MB
2026-06-23 15:38:11 - finetune_logger - INFO - Current learning rate: 0.0005
[2026-06-23 15:38:11,871][finetune_logger][INFO] - Current learning rate: 0.0005
2026-06-23 15:43:07 - finetune_logger - INFO - Validation metrics: {'MAE': 2.258058787651509, 'RMSE': 3.205665171363324}
[2026-06-23 15:43:07,662][finetune_logger][INFO] - Validation metrics: {'MAE': 2.258058787651509, 'RMSE': 3.205665171363324}
2026-06-23 15:43:07 - finetune_logger - INFO - Val time: 295.79s
[2026-06-23 15:43:07,663][finetune_logger][INFO] - Val time: 295.79s
2026-06-23 15:43:07 - finetune_logger - INFO - Val memory reserved: 40.00 MB
[2026-06-23 15:43:07,663][finetune_logger][INFO] - Val memory reserved: 40.00 MB
2026-06-23 15:43:07 - finetune_logger - INFO - Val memory allocated: 20.88 MB
[2026-06-23 15:43:07,663][finetune_logger][INFO] - Val memory allocated: 20.88 MB
2026-06-23 15:43:07 - finetune_logger - INFO - Logged epoch 4 info to /public/home/202411094934/python_project/Spatio-Temporal-Library/time-series/2026-06-23/autoformer/pretrain10_finetune10/ettm2/time-series/seed_0/training_log.json
[2026-06-23 15:43:07,666][finetune_logger][INFO] - Logged epoch 4 info to /public/home/202411094934/python_project/Spatio-Temporal-Library/time-series/2026-06-23/autoformer/pretrain10_finetune10/ettm2/time-series/seed_0/training_log.json
2026-06-23 15:48:02 - finetune_logger - INFO - Test metrics: {'MAE': 2.504505694563311, 'RMSE': 3.636203656406113}
[2026-06-23 15:48:02,859][finetune_logger][INFO] - Test metrics: {'MAE': 2.504505694563311, 'RMSE': 3.636203656406113}
2026-06-23 15:48:02 - finetune_logger - INFO - Test time: 295.19s
[2026-06-23 15:48:02,860][finetune_logger][INFO] - Test time: 295.19s
2026-06-23 15:48:02 - finetune_logger - INFO - Test memory reserved: 40.00 MB
[2026-06-23 15:48:02,860][finetune_logger][INFO] - Test memory reserved: 40.00 MB
2026-06-23 15:48:02 - finetune_logger - INFO - Test memory allocated: 20.88 MB
[2026-06-23 15:48:02,860][finetune_logger][INFO] - Test memory allocated: 20.88 MB
2026-06-23 15:48:02 - finetune_logger - INFO - Epoch 5/10
[2026-06-23 15:48:02,860][finetune_logger][INFO] - Epoch 5/10
2026-06-23 16:29:41 - finetune_logger - INFO - Train loss: 1.8559259442577025
[2026-06-23 16:29:41,591][finetune_logger][INFO] - Train loss: 1.8559259442577025
2026-06-23 16:29:41 - finetune_logger - INFO - Train time: 2498.730177640915s
[2026-06-23 16:29:41,591][finetune_logger][INFO] - Train time: 2498.730177640915s
2026-06-23 16:29:41 - finetune_logger - INFO - Train memory reserved: 40.00 MB
[2026-06-23 16:29:41,591][finetune_logger][INFO] - Train memory reserved: 40.00 MB
2026-06-23 16:29:41 - finetune_logger - INFO - Train memory allocated: 20.88 MB
[2026-06-23 16:29:41,591][finetune_logger][INFO] - Train memory allocated: 20.88 MB
2026-06-23 16:29:41 - finetune_logger - INFO - Current learning rate: 0.0005
[2026-06-23 16:29:41,592][finetune_logger][INFO] - Current learning rate: 0.0005
2026-06-23 16:34:37 - finetune_logger - INFO - Validation metrics: {'MAE': 2.297178299936059, 'RMSE': 3.251491212061771}
[2026-06-23 16:34:37,628][finetune_logger][INFO] - Validation metrics: {'MAE': 2.297178299936059, 'RMSE': 3.251491212061771}
2026-06-23 16:34:37 - finetune_logger - INFO - Val time: 296.04s
[2026-06-23 16:34:37,628][finetune_logger][INFO] - Val time: 296.04s
2026-06-23 16:34:37 - finetune_logger - INFO - Val memory reserved: 40.00 MB
[2026-06-23 16:34:37,628][finetune_logger][INFO] - Val memory reserved: 40.00 MB
2026-06-23 16:34:37 - finetune_logger - INFO - Val memory allocated: 20.88 MB
[2026-06-23 16:34:37,629][finetune_logger][INFO] - Val memory allocated: 20.88 MB
2026-06-23 16:34:37 - finetune_logger - INFO - Logged epoch 5 info to /public/home/202411094934/python_project/Spatio-Temporal-Library/time-series/2026-06-23/autoformer/pretrain10_finetune10/ettm2/time-series/seed_0/training_log.json
[2026-06-23 16:34:37,632][finetune_logger][INFO] - Logged epoch 5 info to /public/home/202411094934/python_project/Spatio-Temporal-Library/time-series/2026-06-23/autoformer/pretrain10_finetune10/ettm2/time-series/seed_0/training_log.json
2026-06-23 16:39:33 - finetune_logger - INFO - Test metrics: {'MAE': 2.5575254523801663, 'RMSE': 3.7082471872825895}
[2026-06-23 16:39:33,395][finetune_logger][INFO] - Test metrics: {'MAE': 2.5575254523801663, 'RMSE': 3.7082471872825895}
2026-06-23 16:39:33 - finetune_logger - INFO - Test time: 295.76s
[2026-06-23 16:39:33,396][finetune_logger][INFO] - Test time: 295.76s
2026-06-23 16:39:33 - finetune_logger - INFO - Test memory reserved: 40.00 MB
[2026-06-23 16:39:33,396][finetune_logger][INFO] - Test memory reserved: 40.00 MB
2026-06-23 16:39:33 - finetune_logger - INFO - Test memory allocated: 20.88 MB
[2026-06-23 16:39:33,396][finetune_logger][INFO] - Test memory allocated: 20.88 MB
2026-06-23 16:39:33 - finetune_logger - INFO - Epoch 6/10
[2026-06-23 16:39:33,396][finetune_logger][INFO] - Epoch 6/10
2026-06-23 17:21:11 - finetune_logger - INFO - Train loss: 1.8142335599147459
[2026-06-23 17:21:11,585][finetune_logger][INFO] - Train loss: 1.8142335599147459
2026-06-23 17:21:11 - finetune_logger - INFO - Train time: 2498.1878156661987s
[2026-06-23 17:21:11,585][finetune_logger][INFO] - Train time: 2498.1878156661987s
2026-06-23 17:21:11 - finetune_logger - INFO - Train memory reserved: 40.00 MB
[2026-06-23 17:21:11,585][finetune_logger][INFO] - Train memory reserved: 40.00 MB
2026-06-23 17:21:11 - finetune_logger - INFO - Train memory allocated: 20.88 MB
[2026-06-23 17:21:11,585][finetune_logger][INFO] - Train memory allocated: 20.88 MB
2026-06-23 17:21:11 - finetune_logger - INFO - Current learning rate: 0.0005
[2026-06-23 17:21:11,585][finetune_logger][INFO] - Current learning rate: 0.0005
2026-06-23 17:26:07 - finetune_logger - INFO - Validation metrics: {'MAE': 2.334573312404693, 'RMSE': 3.289850236731419}
[2026-06-23 17:26:07,501][finetune_logger][INFO] - Validation metrics: {'MAE': 2.334573312404693, 'RMSE': 3.289850236731419}
2026-06-23 17:26:07 - finetune_logger - INFO - Val time: 295.92s
[2026-06-23 17:26:07,502][finetune_logger][INFO] - Val time: 295.92s
2026-06-23 17:26:07 - finetune_logger - INFO - Val memory reserved: 40.00 MB
[2026-06-23 17:26:07,502][finetune_logger][INFO] - Val memory reserved: 40.00 MB
2026-06-23 17:26:07 - finetune_logger - INFO - Val memory allocated: 20.88 MB
[2026-06-23 17:26:07,502][finetune_logger][INFO] - Val memory allocated: 20.88 MB
2026-06-23 17:26:07 - finetune_logger - INFO - Logged epoch 6 info to /public/home/202411094934/python_project/Spatio-Temporal-Library/time-series/2026-06-23/autoformer/pretrain10_finetune10/ettm2/time-series/seed_0/training_log.json
[2026-06-23 17:26:07,505][finetune_logger][INFO] - Logged epoch 6 info to /public/home/202411094934/python_project/Spatio-Temporal-Library/time-series/2026-06-23/autoformer/pretrain10_finetune10/ettm2/time-series/seed_0/training_log.json
2026-06-23 17:31:03 - finetune_logger - INFO - Test metrics: {'MAE': 2.55964233351453, 'RMSE': 3.703518584427504}
[2026-06-23 17:31:03,274][finetune_logger][INFO] - Test metrics: {'MAE': 2.55964233351453, 'RMSE': 3.703518584427504}
2026-06-23 17:31:03 - finetune_logger - INFO - Test time: 295.77s
[2026-06-23 17:31:03,274][finetune_logger][INFO] - Test time: 295.77s
2026-06-23 17:31:03 - finetune_logger - INFO - Test memory reserved: 40.00 MB
[2026-06-23 17:31:03,274][finetune_logger][INFO] - Test memory reserved: 40.00 MB
2026-06-23 17:31:03 - finetune_logger - INFO - Test memory allocated: 20.88 MB
[2026-06-23 17:31:03,274][finetune_logger][INFO] - Test memory allocated: 20.88 MB
2026-06-23 17:31:03 - finetune_logger - INFO - Epoch 7/10
[2026-06-23 17:31:03,274][finetune_logger][INFO] - Epoch 7/10
2026-06-23 18:12:41 - finetune_logger - INFO - Train loss: 1.7786160439552632
[2026-06-23 18:12:41,519][finetune_logger][INFO] - Train loss: 1.7786160439552632
2026-06-23 18:12:41 - finetune_logger - INFO - Train time: 2498.244440793991s
[2026-06-23 18:12:41,520][finetune_logger][INFO] - Train time: 2498.244440793991s
2026-06-23 18:12:41 - finetune_logger - INFO - Train memory reserved: 40.00 MB
[2026-06-23 18:12:41,520][finetune_logger][INFO] - Train memory reserved: 40.00 MB
2026-06-23 18:12:41 - finetune_logger - INFO - Train memory allocated: 20.88 MB
[2026-06-23 18:12:41,520][finetune_logger][INFO] - Train memory allocated: 20.88 MB
2026-06-23 18:12:41 - finetune_logger - INFO - Current learning rate: 0.0005
[2026-06-23 18:12:41,520][finetune_logger][INFO] - Current learning rate: 0.0005
2026-06-23 18:17:37 - finetune_logger - INFO - Validation metrics: {'MAE': 2.326869879094847, 'RMSE': 3.2929990304400056}
[2026-06-23 18:17:37,934][finetune_logger][INFO] - Validation metrics: {'MAE': 2.326869879094847, 'RMSE': 3.2929990304400056}
2026-06-23 18:17:37 - finetune_logger - INFO - Val time: 296.41s
[2026-06-23 18:17:37,934][finetune_logger][INFO] - Val time: 296.41s
2026-06-23 18:17:37 - finetune_logger - INFO - Val memory reserved: 40.00 MB
[2026-06-23 18:17:37,934][finetune_logger][INFO] - Val memory reserved: 40.00 MB
2026-06-23 18:17:37 - finetune_logger - INFO - Val memory allocated: 20.88 MB
[2026-06-23 18:17:37,934][finetune_logger][INFO] - Val memory allocated: 20.88 MB
2026-06-23 18:17:37 - finetune_logger - INFO - Logged epoch 7 info to /public/home/202411094934/python_project/Spatio-Temporal-Library/time-series/2026-06-23/autoformer/pretrain10_finetune10/ettm2/time-series/seed_0/training_log.json
[2026-06-23 18:17:37,937][finetune_logger][INFO] - Logged epoch 7 info to /public/home/202411094934/python_project/Spatio-Temporal-Library/time-series/2026-06-23/autoformer/pretrain10_finetune10/ettm2/time-series/seed_0/training_log.json
2026-06-23 18:22:33 - finetune_logger - INFO - Test metrics: {'MAE': 2.5097861046585934, 'RMSE': 3.6535714559114867}
[2026-06-23 18:22:33,972][finetune_logger][INFO] - Test metrics: {'MAE': 2.5097861046585934, 'RMSE': 3.6535714559114867}
2026-06-23 18:22:33 - finetune_logger - INFO - Test time: 296.03s
[2026-06-23 18:22:33,972][finetune_logger][INFO] - Test time: 296.03s
2026-06-23 18:22:33 - finetune_logger - INFO - Test memory reserved: 40.00 MB
[2026-06-23 18:22:33,972][finetune_logger][INFO] - Test memory reserved: 40.00 MB
2026-06-23 18:22:33 - finetune_logger - INFO - Test memory allocated: 20.88 MB
[2026-06-23 18:22:33,972][finetune_logger][INFO] - Test memory allocated: 20.88 MB
2026-06-23 18:22:33 - finetune_logger - INFO - Epoch 8/10
[2026-06-23 18:22:33,972][finetune_logger][INFO] - Epoch 8/10
2026-06-23 19:04:13 - finetune_logger - INFO - Train loss: 1.746788664325263
[2026-06-23 19:04:13,155][finetune_logger][INFO] - Train loss: 1.746788664325263
2026-06-23 19:04:13 - finetune_logger - INFO - Train time: 2499.1818628311157s
[2026-06-23 19:04:13,155][finetune_logger][INFO] - Train time: 2499.1818628311157s
2026-06-23 19:04:13 - finetune_logger - INFO - Train memory reserved: 40.00 MB
[2026-06-23 19:04:13,155][finetune_logger][INFO] - Train memory reserved: 40.00 MB
2026-06-23 19:04:13 - finetune_logger - INFO - Train memory allocated: 20.88 MB
[2026-06-23 19:04:13,155][finetune_logger][INFO] - Train memory allocated: 20.88 MB
2026-06-23 19:04:13 - finetune_logger - INFO - Current learning rate: 0.0005
[2026-06-23 19:04:13,156][finetune_logger][INFO] - Current learning rate: 0.0005
2026-06-23 19:09:09 - finetune_logger - INFO - Validation metrics: {'MAE': 2.3053350887137865, 'RMSE': 3.254281565902825}
[2026-06-23 19:09:09,413][finetune_logger][INFO] - Validation metrics: {'MAE': 2.3053350887137865, 'RMSE': 3.254281565902825}
2026-06-23 19:09:09 - finetune_logger - INFO - Val time: 296.26s
[2026-06-23 19:09:09,413][finetune_logger][INFO] - Val time: 296.26s
2026-06-23 19:09:09 - finetune_logger - INFO - Val memory reserved: 40.00 MB
[2026-06-23 19:09:09,414][finetune_logger][INFO] - Val memory reserved: 40.00 MB
2026-06-23 19:09:09 - finetune_logger - INFO - Val memory allocated: 20.88 MB
[2026-06-23 19:09:09,414][finetune_logger][INFO] - Val memory allocated: 20.88 MB
2026-06-23 19:09:09 - finetune_logger - INFO - Logged epoch 8 info to /public/home/202411094934/python_project/Spatio-Temporal-Library/time-series/2026-06-23/autoformer/pretrain10_finetune10/ettm2/time-series/seed_0/training_log.json
[2026-06-23 19:09:09,417][finetune_logger][INFO] - Logged epoch 8 info to /public/home/202411094934/python_project/Spatio-Temporal-Library/time-series/2026-06-23/autoformer/pretrain10_finetune10/ettm2/time-series/seed_0/training_log.json
2026-06-23 19:14:05 - finetune_logger - INFO - Test metrics: {'MAE': 2.5721083365595745, 'RMSE': 3.721356096608443}
[2026-06-23 19:14:05,203][finetune_logger][INFO] - Test metrics: {'MAE': 2.5721083365595745, 'RMSE': 3.721356096608443}
2026-06-23 19:14:05 - finetune_logger - INFO - Test time: 295.79s
[2026-06-23 19:14:05,203][finetune_logger][INFO] - Test time: 295.79s
2026-06-23 19:14:05 - finetune_logger - INFO - Test memory reserved: 40.00 MB
[2026-06-23 19:14:05,203][finetune_logger][INFO] - Test memory reserved: 40.00 MB
2026-06-23 19:14:05 - finetune_logger - INFO - Test memory allocated: 20.88 MB
[2026-06-23 19:14:05,203][finetune_logger][INFO] - Test memory allocated: 20.88 MB
2026-06-23 19:14:05 - finetune_logger - INFO - Epoch 9/10
[2026-06-23 19:14:05,203][finetune_logger][INFO] - Epoch 9/10
2026-06-23 19:55:44 - finetune_logger - INFO - Train loss: 1.7162515332983304
[2026-06-23 19:55:44,247][finetune_logger][INFO] - Train loss: 1.7162515332983304
2026-06-23 19:55:44 - finetune_logger - INFO - Train time: 2499.042934179306s
[2026-06-23 19:55:44,247][finetune_logger][INFO] - Train time: 2499.042934179306s
2026-06-23 19:55:44 - finetune_logger - INFO - Train memory reserved: 40.00 MB
[2026-06-23 19:55:44,247][finetune_logger][INFO] - Train memory reserved: 40.00 MB
2026-06-23 19:55:44 - finetune_logger - INFO - Train memory allocated: 20.88 MB
[2026-06-23 19:55:44,247][finetune_logger][INFO] - Train memory allocated: 20.88 MB
2026-06-23 19:55:44 - finetune_logger - INFO - Current learning rate: 0.0005
[2026-06-23 19:55:44,247][finetune_logger][INFO] - Current learning rate: 0.0005
2026-06-23 20:00:40 - finetune_logger - INFO - Validation metrics: {'MAE': 2.330219514201703, 'RMSE': 3.2965252751199166}
[2026-06-23 20:00:40,565][finetune_logger][INFO] - Validation metrics: {'MAE': 2.330219514201703, 'RMSE': 3.2965252751199166}
2026-06-23 20:00:40 - finetune_logger - INFO - Val time: 296.32s
[2026-06-23 20:00:40,565][finetune_logger][INFO] - Val time: 296.32s
2026-06-23 20:00:40 - finetune_logger - INFO - Val memory reserved: 40.00 MB
[2026-06-23 20:00:40,565][finetune_logger][INFO] - Val memory reserved: 40.00 MB
2026-06-23 20:00:40 - finetune_logger - INFO - Val memory allocated: 20.88 MB
[2026-06-23 20:00:40,566][finetune_logger][INFO] - Val memory allocated: 20.88 MB
2026-06-23 20:00:40 - finetune_logger - INFO - Logged epoch 9 info to /public/home/202411094934/python_project/Spatio-Temporal-Library/time-series/2026-06-23/autoformer/pretrain10_finetune10/ettm2/time-series/seed_0/training_log.json
[2026-06-23 20:00:40,569][finetune_logger][INFO] - Logged epoch 9 info to /public/home/202411094934/python_project/Spatio-Temporal-Library/time-series/2026-06-23/autoformer/pretrain10_finetune10/ettm2/time-series/seed_0/training_log.json
2026-06-23 20:05:36 - finetune_logger - INFO - Test metrics: {'MAE': 2.5888989954485475, 'RMSE': 3.7493845268931976}
[2026-06-23 20:05:36,523][finetune_logger][INFO] - Test metrics: {'MAE': 2.5888989954485475, 'RMSE': 3.7493845268931976}
2026-06-23 20:05:36 - finetune_logger - INFO - Test time: 295.95s
[2026-06-23 20:05:36,523][finetune_logger][INFO] - Test time: 295.95s
2026-06-23 20:05:36 - finetune_logger - INFO - Test memory reserved: 40.00 MB
[2026-06-23 20:05:36,523][finetune_logger][INFO] - Test memory reserved: 40.00 MB
2026-06-23 20:05:36 - finetune_logger - INFO - Test memory allocated: 20.88 MB
[2026-06-23 20:05:36,523][finetune_logger][INFO] - Test memory allocated: 20.88 MB
2026-06-23 20:05:36 - finetune_logger - INFO - Epoch 10/10
[2026-06-23 20:05:36,524][finetune_logger][INFO] - Epoch 10/10
2026-06-23 20:47:14 - finetune_logger - INFO - Train loss: 1.6880704282237449
[2026-06-23 20:47:14,618][finetune_logger][INFO] - Train loss: 1.6880704282237449
2026-06-23 20:47:14 - finetune_logger - INFO - Train time: 2498.0935368537903s
[2026-06-23 20:47:14,618][finetune_logger][INFO] - Train time: 2498.0935368537903s
2026-06-23 20:47:14 - finetune_logger - INFO - Train memory reserved: 40.00 MB
[2026-06-23 20:47:14,618][finetune_logger][INFO] - Train memory reserved: 40.00 MB
2026-06-23 20:47:14 - finetune_logger - INFO - Train memory allocated: 20.88 MB
[2026-06-23 20:47:14,618][finetune_logger][INFO] - Train memory allocated: 20.88 MB
2026-06-23 20:47:14 - finetune_logger - INFO - Current learning rate: 0.0005
[2026-06-23 20:47:14,618][finetune_logger][INFO] - Current learning rate: 0.0005
2026-06-23 20:52:10 - finetune_logger - INFO - Validation metrics: {'MAE': 2.3351372826327017, 'RMSE': 3.2983171949585643}
[2026-06-23 20:52:10,846][finetune_logger][INFO] - Validation metrics: {'MAE': 2.3351372826327017, 'RMSE': 3.2983171949585643}
2026-06-23 20:52:10 - finetune_logger - INFO - Val time: 296.23s
[2026-06-23 20:52:10,846][finetune_logger][INFO] - Val time: 296.23s
2026-06-23 20:52:10 - finetune_logger - INFO - Val memory reserved: 40.00 MB
[2026-06-23 20:52:10,846][finetune_logger][INFO] - Val memory reserved: 40.00 MB
2026-06-23 20:52:10 - finetune_logger - INFO - Val memory allocated: 20.88 MB
[2026-06-23 20:52:10,846][finetune_logger][INFO] - Val memory allocated: 20.88 MB
2026-06-23 20:52:10 - finetune_logger - INFO - Logged epoch 10 info to /public/home/202411094934/python_project/Spatio-Temporal-Library/time-series/2026-06-23/autoformer/pretrain10_finetune10/ettm2/time-series/seed_0/training_log.json
[2026-06-23 20:52:10,849][finetune_logger][INFO] - Logged epoch 10 info to /public/home/202411094934/python_project/Spatio-Temporal-Library/time-series/2026-06-23/autoformer/pretrain10_finetune10/ettm2/time-series/seed_0/training_log.json
2026-06-23 20:57:06 - finetune_logger - INFO - Test metrics: {'MAE': 2.5312781243021494, 'RMSE': 3.6774701246726518}
[2026-06-23 20:57:06,767][finetune_logger][INFO] - Test metrics: {'MAE': 2.5312781243021494, 'RMSE': 3.6774701246726518}
2026-06-23 20:57:06 - finetune_logger - INFO - Test time: 295.89s
[2026-06-23 20:57:06,768][finetune_logger][INFO] - Test time: 295.89s
2026-06-23 20:57:06 - finetune_logger - INFO - Test memory reserved: 40.00 MB
[2026-06-23 20:57:06,768][finetune_logger][INFO] - Test memory reserved: 40.00 MB
2026-06-23 20:57:06 - finetune_logger - INFO - Test memory allocated: 20.88 MB
[2026-06-23 20:57:06,768][finetune_logger][INFO] - Test memory allocated: 20.88 MB
2026-06-23 20:57:06 - finetune_logger - INFO - Training completed. Best epoch: 1, Best val loss: 2.186464
[2026-06-23 20:57:06,768][finetune_logger][INFO] - Training completed. Best epoch: 1, Best val loss: 2.186464
2026-06-23 20:57:06 - finetune_logger - INFO - Loaded checkpoint from epoch 1
[2026-06-23 20:57:06,805][finetune_logger][INFO] - Loaded checkpoint from epoch 1
2026-06-23 20:57:06 - finetune_logger - INFO - Evaluating best model on test sets...
[2026-06-23 20:57:06,805][finetune_logger][INFO] - Evaluating best model on test sets...
2026-06-23 21:02:00 - finetune_logger - INFO - Test metrics: {'MAE': 2.3920499098655363, 'RMSE': 3.497671762096905}
[2026-06-23 21:02:00,262][finetune_logger][INFO] - Test metrics: {'MAE': 2.3920499098655363, 'RMSE': 3.497671762096905}
2026-06-23 21:02:00 - finetune_logger - INFO - Test time: 293.46s
[2026-06-23 21:02:00,263][finetune_logger][INFO] - Test time: 293.46s
2026-06-23 21:02:00 - finetune_logger - INFO - Test memory reserved: 60.00 MB
[2026-06-23 21:02:00,263][finetune_logger][INFO] - Test memory reserved: 60.00 MB
2026-06-23 21:02:00 - finetune_logger - INFO - Test memory allocated: 20.91 MB
[2026-06-23 21:02:00,263][finetune_logger][INFO] - Test memory allocated: 20.91 MB
2026-06-23 21:02:00 - finetune_logger - INFO - Logged epoch test info to /public/home/202411094934/python_project/Spatio-Temporal-Library/time-series/2026-06-23/autoformer/pretrain10_finetune10/ettm2/time-series/seed_0/training_log.json
[2026-06-23 21:02:00,266][finetune_logger][INFO] - Logged epoch test info to /public/home/202411094934/python_project/Spatio-Temporal-Library/time-series/2026-06-23/autoformer/pretrain10_finetune10/ettm2/time-series/seed_0/training_log.json
