2026-06-24 20:14:21 - pretrain_logger - INFO - Model parameters: 385,095
[2026-06-24 20:14:21,831][pretrain_logger][INFO] - Model parameters: 385,095
2026-06-24 20:14:21 - pretrain_logger - INFO - Created new log file at /public/home/202411094934/python_project/Spatio-Temporal-Library/time-series/2026-06-24/fedformer/pretrain10/etth1/time-series/seed_1/training_log.json
[2026-06-24 20:14:21,835][pretrain_logger][INFO] - Created new log file at /public/home/202411094934/python_project/Spatio-Temporal-Library/time-series/2026-06-24/fedformer/pretrain10/etth1/time-series/seed_1/training_log.json
2026-06-24 20:14:21 - pretrain_logger - INFO - Starting JEPA pretraining...
[2026-06-24 20:14:21,835][pretrain_logger][INFO] - Starting JEPA pretraining...
2026-06-24 20:43:24 - pretrain_logger - INFO - [JEPA Pretrain] Epoch 1/10, loss=0.564480, time=1742.82s
[2026-06-24 20:43:24,653][pretrain_logger][INFO] - [JEPA Pretrain] Epoch 1/10, loss=0.564480, time=1742.82s
2026-06-24 20:43:24 - pretrain_logger - INFO - Pretrain loss: 0.5644804510888269
[2026-06-24 20:43:24,655][pretrain_logger][INFO] - Pretrain loss: 0.5644804510888269
2026-06-24 20:43:24 - pretrain_logger - INFO - Pretrain time: 1742.8178899288177s
[2026-06-24 20:43:24,656][pretrain_logger][INFO] - Pretrain time: 1742.8178899288177s
2026-06-24 20:43:24 - pretrain_logger - INFO - Pretrain memory reserved: 96.00 MB
[2026-06-24 20:43:24,656][pretrain_logger][INFO] - Pretrain memory reserved: 96.00 MB
2026-06-24 20:43:24 - pretrain_logger - INFO - Pretrain memory allocated: 21.19 MB
[2026-06-24 20:43:24,656][pretrain_logger][INFO] - Pretrain memory allocated: 21.19 MB
2026-06-24 20:43:24 - pretrain_logger - INFO - Current learning rate: 0.0005
[2026-06-24 20:43:24,656][pretrain_logger][INFO] - Current learning rate: 0.0005
2026-06-24 20:43:24 - pretrain_logger - INFO - Logged epoch Pretrain 1 info to /public/home/202411094934/python_project/Spatio-Temporal-Library/time-series/2026-06-24/fedformer/pretrain10/etth1/time-series/seed_1/training_log.json
[2026-06-24 20:43:24,660][pretrain_logger][INFO] - Logged epoch Pretrain 1 info to /public/home/202411094934/python_project/Spatio-Temporal-Library/time-series/2026-06-24/fedformer/pretrain10/etth1/time-series/seed_1/training_log.json
2026-06-24 21:12:24 - pretrain_logger - INFO - [JEPA Pretrain] Epoch 2/10, loss=0.223194, time=1739.98s
[2026-06-24 21:12:24,637][pretrain_logger][INFO] - [JEPA Pretrain] Epoch 2/10, loss=0.223194, time=1739.98s
2026-06-24 21:12:24 - pretrain_logger - INFO - Pretrain loss: 0.22319418023438564
[2026-06-24 21:12:24,659][pretrain_logger][INFO] - Pretrain loss: 0.22319418023438564
2026-06-24 21:12:24 - pretrain_logger - INFO - Pretrain time: 1739.9773082733154s
[2026-06-24 21:12:24,659][pretrain_logger][INFO] - Pretrain time: 1739.9773082733154s
2026-06-24 21:12:24 - pretrain_logger - INFO - Pretrain memory reserved: 96.00 MB
[2026-06-24 21:12:24,659][pretrain_logger][INFO] - Pretrain memory reserved: 96.00 MB
2026-06-24 21:12:24 - pretrain_logger - INFO - Pretrain memory allocated: 21.19 MB
[2026-06-24 21:12:24,660][pretrain_logger][INFO] - Pretrain memory allocated: 21.19 MB
2026-06-24 21:12:24 - pretrain_logger - INFO - Current learning rate: 0.0005
[2026-06-24 21:12:24,660][pretrain_logger][INFO] - Current learning rate: 0.0005
2026-06-24 21:12:24 - pretrain_logger - INFO - Logged epoch Pretrain 2 info to /public/home/202411094934/python_project/Spatio-Temporal-Library/time-series/2026-06-24/fedformer/pretrain10/etth1/time-series/seed_1/training_log.json
[2026-06-24 21:12:24,662][pretrain_logger][INFO] - Logged epoch Pretrain 2 info to /public/home/202411094934/python_project/Spatio-Temporal-Library/time-series/2026-06-24/fedformer/pretrain10/etth1/time-series/seed_1/training_log.json
2026-06-24 21:41:37 - pretrain_logger - INFO - [JEPA Pretrain] Epoch 3/10, loss=0.193032, time=1752.83s
[2026-06-24 21:41:37,497][pretrain_logger][INFO] - [JEPA Pretrain] Epoch 3/10, loss=0.193032, time=1752.83s
2026-06-24 21:41:37 - pretrain_logger - INFO - Pretrain loss: 0.1930322926440417
[2026-06-24 21:41:37,498][pretrain_logger][INFO] - Pretrain loss: 0.1930322926440417
2026-06-24 21:41:37 - pretrain_logger - INFO - Pretrain time: 1752.8347129821777s
[2026-06-24 21:41:37,498][pretrain_logger][INFO] - Pretrain time: 1752.8347129821777s
2026-06-24 21:41:37 - pretrain_logger - INFO - Pretrain memory reserved: 96.00 MB
[2026-06-24 21:41:37,499][pretrain_logger][INFO] - Pretrain memory reserved: 96.00 MB
2026-06-24 21:41:37 - pretrain_logger - INFO - Pretrain memory allocated: 21.19 MB
[2026-06-24 21:41:37,499][pretrain_logger][INFO] - Pretrain memory allocated: 21.19 MB
2026-06-24 21:41:37 - pretrain_logger - INFO - Current learning rate: 0.0005
[2026-06-24 21:41:37,499][pretrain_logger][INFO] - Current learning rate: 0.0005
2026-06-24 21:41:37 - pretrain_logger - INFO - Logged epoch Pretrain 3 info to /public/home/202411094934/python_project/Spatio-Temporal-Library/time-series/2026-06-24/fedformer/pretrain10/etth1/time-series/seed_1/training_log.json
[2026-06-24 21:41:37,502][pretrain_logger][INFO] - Logged epoch Pretrain 3 info to /public/home/202411094934/python_project/Spatio-Temporal-Library/time-series/2026-06-24/fedformer/pretrain10/etth1/time-series/seed_1/training_log.json
2026-06-24 22:10:51 - pretrain_logger - INFO - [JEPA Pretrain] Epoch 4/10, loss=0.182913, time=1753.82s
[2026-06-24 22:10:51,325][pretrain_logger][INFO] - [JEPA Pretrain] Epoch 4/10, loss=0.182913, time=1753.82s
2026-06-24 22:10:51 - pretrain_logger - INFO - Pretrain loss: 0.18291265858947012
[2026-06-24 22:10:51,348][pretrain_logger][INFO] - Pretrain loss: 0.18291265858947012
2026-06-24 22:10:51 - pretrain_logger - INFO - Pretrain time: 1753.823213815689s
[2026-06-24 22:10:51,349][pretrain_logger][INFO] - Pretrain time: 1753.823213815689s
2026-06-24 22:10:51 - pretrain_logger - INFO - Pretrain memory reserved: 96.00 MB
[2026-06-24 22:10:51,349][pretrain_logger][INFO] - Pretrain memory reserved: 96.00 MB
2026-06-24 22:10:51 - pretrain_logger - INFO - Pretrain memory allocated: 21.19 MB
[2026-06-24 22:10:51,349][pretrain_logger][INFO] - Pretrain memory allocated: 21.19 MB
2026-06-24 22:10:51 - pretrain_logger - INFO - Current learning rate: 0.0005
[2026-06-24 22:10:51,349][pretrain_logger][INFO] - Current learning rate: 0.0005
2026-06-24 22:10:51 - pretrain_logger - INFO - Logged epoch Pretrain 4 info to /public/home/202411094934/python_project/Spatio-Temporal-Library/time-series/2026-06-24/fedformer/pretrain10/etth1/time-series/seed_1/training_log.json
[2026-06-24 22:10:51,352][pretrain_logger][INFO] - Logged epoch Pretrain 4 info to /public/home/202411094934/python_project/Spatio-Temporal-Library/time-series/2026-06-24/fedformer/pretrain10/etth1/time-series/seed_1/training_log.json
2026-06-24 22:39:56 - pretrain_logger - INFO - [JEPA Pretrain] Epoch 5/10, loss=0.179052, time=1745.02s
[2026-06-24 22:39:56,372][pretrain_logger][INFO] - [JEPA Pretrain] Epoch 5/10, loss=0.179052, time=1745.02s
2026-06-24 22:39:56 - pretrain_logger - INFO - Pretrain loss: 0.1790516827759752
[2026-06-24 22:39:56,374][pretrain_logger][INFO] - Pretrain loss: 0.1790516827759752
2026-06-24 22:39:56 - pretrain_logger - INFO - Pretrain time: 1745.019732952118s
[2026-06-24 22:39:56,374][pretrain_logger][INFO] - Pretrain time: 1745.019732952118s
2026-06-24 22:39:56 - pretrain_logger - INFO - Pretrain memory reserved: 96.00 MB
[2026-06-24 22:39:56,374][pretrain_logger][INFO] - Pretrain memory reserved: 96.00 MB
2026-06-24 22:39:56 - pretrain_logger - INFO - Pretrain memory allocated: 21.19 MB
[2026-06-24 22:39:56,374][pretrain_logger][INFO] - Pretrain memory allocated: 21.19 MB
2026-06-24 22:39:56 - pretrain_logger - INFO - Current learning rate: 0.0005
[2026-06-24 22:39:56,374][pretrain_logger][INFO] - Current learning rate: 0.0005
2026-06-24 22:39:56 - pretrain_logger - INFO - Logged epoch Pretrain 5 info to /public/home/202411094934/python_project/Spatio-Temporal-Library/time-series/2026-06-24/fedformer/pretrain10/etth1/time-series/seed_1/training_log.json
[2026-06-24 22:39:56,377][pretrain_logger][INFO] - Logged epoch Pretrain 5 info to /public/home/202411094934/python_project/Spatio-Temporal-Library/time-series/2026-06-24/fedformer/pretrain10/etth1/time-series/seed_1/training_log.json
2026-06-24 23:09:08 - pretrain_logger - INFO - [JEPA Pretrain] Epoch 6/10, loss=0.176735, time=1751.81s
[2026-06-24 23:09:08,186][pretrain_logger][INFO] - [JEPA Pretrain] Epoch 6/10, loss=0.176735, time=1751.81s
2026-06-24 23:09:08 - pretrain_logger - INFO - Pretrain loss: 0.17673483440118118
[2026-06-24 23:09:08,207][pretrain_logger][INFO] - Pretrain loss: 0.17673483440118118
2026-06-24 23:09:08 - pretrain_logger - INFO - Pretrain time: 1751.8083579540253s
[2026-06-24 23:09:08,207][pretrain_logger][INFO] - Pretrain time: 1751.8083579540253s
2026-06-24 23:09:08 - pretrain_logger - INFO - Pretrain memory reserved: 96.00 MB
[2026-06-24 23:09:08,208][pretrain_logger][INFO] - Pretrain memory reserved: 96.00 MB
2026-06-24 23:09:08 - pretrain_logger - INFO - Pretrain memory allocated: 21.19 MB
[2026-06-24 23:09:08,208][pretrain_logger][INFO] - Pretrain memory allocated: 21.19 MB
2026-06-24 23:09:08 - pretrain_logger - INFO - Current learning rate: 0.0005
[2026-06-24 23:09:08,208][pretrain_logger][INFO] - Current learning rate: 0.0005
2026-06-24 23:09:08 - pretrain_logger - INFO - Logged epoch Pretrain 6 info to /public/home/202411094934/python_project/Spatio-Temporal-Library/time-series/2026-06-24/fedformer/pretrain10/etth1/time-series/seed_1/training_log.json
[2026-06-24 23:09:08,210][pretrain_logger][INFO] - Logged epoch Pretrain 6 info to /public/home/202411094934/python_project/Spatio-Temporal-Library/time-series/2026-06-24/fedformer/pretrain10/etth1/time-series/seed_1/training_log.json
2026-06-24 23:38:17 - pretrain_logger - INFO - [JEPA Pretrain] Epoch 7/10, loss=0.175947, time=1748.98s
[2026-06-24 23:38:17,191][pretrain_logger][INFO] - [JEPA Pretrain] Epoch 7/10, loss=0.175947, time=1748.98s
2026-06-24 23:38:17 - pretrain_logger - INFO - Pretrain loss: 0.17594726499731997
[2026-06-24 23:38:17,193][pretrain_logger][INFO] - Pretrain loss: 0.17594726499731997
2026-06-24 23:38:17 - pretrain_logger - INFO - Pretrain time: 1748.9800186157227s
[2026-06-24 23:38:17,193][pretrain_logger][INFO] - Pretrain time: 1748.9800186157227s
2026-06-24 23:38:17 - pretrain_logger - INFO - Pretrain memory reserved: 96.00 MB
[2026-06-24 23:38:17,193][pretrain_logger][INFO] - Pretrain memory reserved: 96.00 MB
2026-06-24 23:38:17 - pretrain_logger - INFO - Pretrain memory allocated: 21.19 MB
[2026-06-24 23:38:17,194][pretrain_logger][INFO] - Pretrain memory allocated: 21.19 MB
2026-06-24 23:38:17 - pretrain_logger - INFO - Current learning rate: 0.0005
[2026-06-24 23:38:17,194][pretrain_logger][INFO] - Current learning rate: 0.0005
2026-06-24 23:38:17 - pretrain_logger - INFO - Logged epoch Pretrain 7 info to /public/home/202411094934/python_project/Spatio-Temporal-Library/time-series/2026-06-24/fedformer/pretrain10/etth1/time-series/seed_1/training_log.json
[2026-06-24 23:38:17,197][pretrain_logger][INFO] - Logged epoch Pretrain 7 info to /public/home/202411094934/python_project/Spatio-Temporal-Library/time-series/2026-06-24/fedformer/pretrain10/etth1/time-series/seed_1/training_log.json
2026-06-25 00:07:29 - pretrain_logger - INFO - [JEPA Pretrain] Epoch 8/10, loss=0.176005, time=1751.89s
[2026-06-25 00:07:29,088][pretrain_logger][INFO] - [JEPA Pretrain] Epoch 8/10, loss=0.176005, time=1751.89s
2026-06-25 00:07:29 - pretrain_logger - INFO - Pretrain loss: 0.17600470622273892
[2026-06-25 00:07:29,110][pretrain_logger][INFO] - Pretrain loss: 0.17600470622273892
2026-06-25 00:07:29 - pretrain_logger - INFO - Pretrain time: 1751.890691280365s
[2026-06-25 00:07:29,110][pretrain_logger][INFO] - Pretrain time: 1751.890691280365s
2026-06-25 00:07:29 - pretrain_logger - INFO - Pretrain memory reserved: 96.00 MB
[2026-06-25 00:07:29,110][pretrain_logger][INFO] - Pretrain memory reserved: 96.00 MB
2026-06-25 00:07:29 - pretrain_logger - INFO - Pretrain memory allocated: 21.19 MB
[2026-06-25 00:07:29,110][pretrain_logger][INFO] - Pretrain memory allocated: 21.19 MB
2026-06-25 00:07:29 - pretrain_logger - INFO - Current learning rate: 0.0005
[2026-06-25 00:07:29,110][pretrain_logger][INFO] - Current learning rate: 0.0005
2026-06-25 00:07:29 - pretrain_logger - INFO - Logged epoch Pretrain 8 info to /public/home/202411094934/python_project/Spatio-Temporal-Library/time-series/2026-06-24/fedformer/pretrain10/etth1/time-series/seed_1/training_log.json
[2026-06-25 00:07:29,113][pretrain_logger][INFO] - Logged epoch Pretrain 8 info to /public/home/202411094934/python_project/Spatio-Temporal-Library/time-series/2026-06-24/fedformer/pretrain10/etth1/time-series/seed_1/training_log.json
2026-06-25 00:36:38 - pretrain_logger - INFO - [JEPA Pretrain] Epoch 9/10, loss=0.176336, time=1748.90s
[2026-06-25 00:36:38,014][pretrain_logger][INFO] - [JEPA Pretrain] Epoch 9/10, loss=0.176336, time=1748.90s
2026-06-25 00:36:38 - pretrain_logger - INFO - Pretrain loss: 0.17633592413519433
[2026-06-25 00:36:38,015][pretrain_logger][INFO] - Pretrain loss: 0.17633592413519433
2026-06-25 00:36:38 - pretrain_logger - INFO - Pretrain time: 1748.9010055065155s
[2026-06-25 00:36:38,015][pretrain_logger][INFO] - Pretrain time: 1748.9010055065155s
2026-06-25 00:36:38 - pretrain_logger - INFO - Pretrain memory reserved: 96.00 MB
[2026-06-25 00:36:38,015][pretrain_logger][INFO] - Pretrain memory reserved: 96.00 MB
2026-06-25 00:36:38 - pretrain_logger - INFO - Pretrain memory allocated: 21.19 MB
[2026-06-25 00:36:38,015][pretrain_logger][INFO] - Pretrain memory allocated: 21.19 MB
2026-06-25 00:36:38 - pretrain_logger - INFO - Current learning rate: 0.0005
[2026-06-25 00:36:38,015][pretrain_logger][INFO] - Current learning rate: 0.0005
2026-06-25 00:36:38 - pretrain_logger - INFO - Logged epoch Pretrain 9 info to /public/home/202411094934/python_project/Spatio-Temporal-Library/time-series/2026-06-24/fedformer/pretrain10/etth1/time-series/seed_1/training_log.json
[2026-06-25 00:36:38,018][pretrain_logger][INFO] - Logged epoch Pretrain 9 info to /public/home/202411094934/python_project/Spatio-Temporal-Library/time-series/2026-06-24/fedformer/pretrain10/etth1/time-series/seed_1/training_log.json
2026-06-25 01:05:51 - pretrain_logger - INFO - [JEPA Pretrain] Epoch 10/10, loss=0.177668, time=1753.19s
[2026-06-25 01:05:51,212][pretrain_logger][INFO] - [JEPA Pretrain] Epoch 10/10, loss=0.177668, time=1753.19s
2026-06-25 01:05:51 - pretrain_logger - INFO - Pretrain loss: 0.1776675219630362
[2026-06-25 01:05:51,234][pretrain_logger][INFO] - Pretrain loss: 0.1776675219630362
2026-06-25 01:05:51 - pretrain_logger - INFO - Pretrain time: 1753.1939005851746s
[2026-06-25 01:05:51,234][pretrain_logger][INFO] - Pretrain time: 1753.1939005851746s
2026-06-25 01:05:51 - pretrain_logger - INFO - Pretrain memory reserved: 96.00 MB
[2026-06-25 01:05:51,235][pretrain_logger][INFO] - Pretrain memory reserved: 96.00 MB
2026-06-25 01:05:51 - pretrain_logger - INFO - Pretrain memory allocated: 21.19 MB
[2026-06-25 01:05:51,235][pretrain_logger][INFO] - Pretrain memory allocated: 21.19 MB
2026-06-25 01:05:51 - pretrain_logger - INFO - Current learning rate: 0.0005
[2026-06-25 01:05:51,235][pretrain_logger][INFO] - Current learning rate: 0.0005
2026-06-25 01:05:51 - pretrain_logger - INFO - Logged epoch Pretrain 10 info to /public/home/202411094934/python_project/Spatio-Temporal-Library/time-series/2026-06-24/fedformer/pretrain10/etth1/time-series/seed_1/training_log.json
[2026-06-25 01:05:51,238][pretrain_logger][INFO] - Logged epoch Pretrain 10 info to /public/home/202411094934/python_project/Spatio-Temporal-Library/time-series/2026-06-24/fedformer/pretrain10/etth1/time-series/seed_1/training_log.json
2026-06-25 01:05:51 - pretrain_logger - INFO - JEPA pretraining completed.
[2026-06-25 01:05:51,238][pretrain_logger][INFO] - JEPA pretraining completed.
