2026-06-14 02:02:41 - finetune_logger - INFO - Loaded pretrained checkpoint from: /public/home/202411094934/python_project/Spatio-Temporal-Library/time-series/2026-06-13/crossformer/pretrain10/etth2/time-series/seed_1/jepa_pretrain_epoch_10.pth
Missing keys: []
Unexpected keys: []
[2026-06-14 02:02:41,160][finetune_logger][INFO] - Loaded pretrained checkpoint from: /public/home/202411094934/python_project/Spatio-Temporal-Library/time-series/2026-06-13/crossformer/pretrain10/etth2/time-series/seed_1/jepa_pretrain_epoch_10.pth
Missing keys: []
Unexpected keys: []
2026-06-14 02:02:41 - finetune_logger - INFO - Model parameters: 824,672
[2026-06-14 02:02:41,170][finetune_logger][INFO] - Model parameters: 824,672
2026-06-14 02:02:41 - finetune_logger - INFO - Created new log file at /public/home/202411094934/python_project/Spatio-Temporal-Library/time-series/2026-06-13/crossformer/pretrain10_finetune10/etth2/time-series/seed_1/training_log.json
[2026-06-14 02:02:41,173][finetune_logger][INFO] - Created new log file at /public/home/202411094934/python_project/Spatio-Temporal-Library/time-series/2026-06-13/crossformer/pretrain10_finetune10/etth2/time-series/seed_1/training_log.json
2026-06-14 02:02:41 - finetune_logger - INFO - Starting training...
[2026-06-14 02:02:41,173][finetune_logger][INFO] - Starting training...
2026-06-14 02:02:41 - finetune_logger - INFO - Epoch 1/10
[2026-06-14 02:02:41,173][finetune_logger][INFO] - Epoch 1/10
2026-06-14 02:11:34 - finetune_logger - INFO - Train loss: 3.3761056093069066
[2026-06-14 02:11:34,152][finetune_logger][INFO] - Train loss: 3.3761056093069066
2026-06-14 02:11:34 - finetune_logger - INFO - Train time: 532.9779570102692s
[2026-06-14 02:11:34,152][finetune_logger][INFO] - Train time: 532.9779570102692s
2026-06-14 02:11:34 - finetune_logger - INFO - Train memory reserved: 42.00 MB
[2026-06-14 02:11:34,152][finetune_logger][INFO] - Train memory reserved: 42.00 MB
2026-06-14 02:11:34 - finetune_logger - INFO - Train memory allocated: 25.85 MB
[2026-06-14 02:11:34,152][finetune_logger][INFO] - Train memory allocated: 25.85 MB
2026-06-14 02:11:34 - finetune_logger - INFO - Current learning rate: 0.0005
[2026-06-14 02:11:34,153][finetune_logger][INFO] - Current learning rate: 0.0005
2026-06-14 02:12:26 - finetune_logger - INFO - Validation metrics: {'MAE': 2.8202200624829263, 'RMSE': 4.006615013031732}
[2026-06-14 02:12:26,093][finetune_logger][INFO] - Validation metrics: {'MAE': 2.8202200624829263, 'RMSE': 4.006615013031732}
2026-06-14 02:12:26 - finetune_logger - INFO - Val time: 51.94s
[2026-06-14 02:12:26,093][finetune_logger][INFO] - Val time: 51.94s
2026-06-14 02:12:26 - finetune_logger - INFO - Val memory reserved: 42.00 MB
[2026-06-14 02:12:26,093][finetune_logger][INFO] - Val memory reserved: 42.00 MB
2026-06-14 02:12:26 - finetune_logger - INFO - Val memory allocated: 25.85 MB
[2026-06-14 02:12:26,093][finetune_logger][INFO] - Val memory allocated: 25.85 MB
2026-06-14 02:12:26 - finetune_logger - INFO - Logged epoch 1 info to /public/home/202411094934/python_project/Spatio-Temporal-Library/time-series/2026-06-13/crossformer/pretrain10_finetune10/etth2/time-series/seed_1/training_log.json
[2026-06-14 02:12:26,097][finetune_logger][INFO] - Logged epoch 1 info to /public/home/202411094934/python_project/Spatio-Temporal-Library/time-series/2026-06-13/crossformer/pretrain10_finetune10/etth2/time-series/seed_1/training_log.json
2026-06-14 02:12:26 - finetune_logger - INFO - New best model! Val loss: 2.820220
[2026-06-14 02:12:26,097][finetune_logger][INFO] - New best model! Val loss: 2.820220
2026-06-14 02:13:18 - finetune_logger - INFO - Test metrics: {'MAE': 3.0297726192020233, 'RMSE': 4.4699374151683955}
[2026-06-14 02:13:18,375][finetune_logger][INFO] - Test metrics: {'MAE': 3.0297726192020233, 'RMSE': 4.4699374151683955}
2026-06-14 02:13:18 - finetune_logger - INFO - Test time: 52.08s
[2026-06-14 02:13:18,375][finetune_logger][INFO] - Test time: 52.08s
2026-06-14 02:13:18 - finetune_logger - INFO - Test memory reserved: 42.00 MB
[2026-06-14 02:13:18,376][finetune_logger][INFO] - Test memory reserved: 42.00 MB
2026-06-14 02:13:18 - finetune_logger - INFO - Test memory allocated: 25.85 MB
[2026-06-14 02:13:18,376][finetune_logger][INFO] - Test memory allocated: 25.85 MB
2026-06-14 02:13:18 - finetune_logger - INFO - Epoch 2/10
[2026-06-14 02:13:18,376][finetune_logger][INFO] - Epoch 2/10
2026-06-14 02:22:13 - finetune_logger - INFO - Train loss: 2.839852852798606
[2026-06-14 02:22:13,401][finetune_logger][INFO] - Train loss: 2.839852852798606
2026-06-14 02:22:13 - finetune_logger - INFO - Train time: 535.0244698524475s
[2026-06-14 02:22:13,401][finetune_logger][INFO] - Train time: 535.0244698524475s
2026-06-14 02:22:13 - finetune_logger - INFO - Train memory reserved: 42.00 MB
[2026-06-14 02:22:13,402][finetune_logger][INFO] - Train memory reserved: 42.00 MB
2026-06-14 02:22:13 - finetune_logger - INFO - Train memory allocated: 25.85 MB
[2026-06-14 02:22:13,402][finetune_logger][INFO] - Train memory allocated: 25.85 MB
2026-06-14 02:22:13 - finetune_logger - INFO - Current learning rate: 0.0005
[2026-06-14 02:22:13,402][finetune_logger][INFO] - Current learning rate: 0.0005
2026-06-14 02:23:05 - finetune_logger - INFO - Validation metrics: {'MAE': 2.696124770800274, 'RMSE': 3.8391416855766605}
[2026-06-14 02:23:05,571][finetune_logger][INFO] - Validation metrics: {'MAE': 2.696124770800274, 'RMSE': 3.8391416855766605}
2026-06-14 02:23:05 - finetune_logger - INFO - Val time: 52.17s
[2026-06-14 02:23:05,571][finetune_logger][INFO] - Val time: 52.17s
2026-06-14 02:23:05 - finetune_logger - INFO - Val memory reserved: 42.00 MB
[2026-06-14 02:23:05,571][finetune_logger][INFO] - Val memory reserved: 42.00 MB
2026-06-14 02:23:05 - finetune_logger - INFO - Val memory allocated: 25.85 MB
[2026-06-14 02:23:05,571][finetune_logger][INFO] - Val memory allocated: 25.85 MB
2026-06-14 02:23:05 - finetune_logger - INFO - Logged epoch 2 info to /public/home/202411094934/python_project/Spatio-Temporal-Library/time-series/2026-06-13/crossformer/pretrain10_finetune10/etth2/time-series/seed_1/training_log.json
[2026-06-14 02:23:05,574][finetune_logger][INFO] - Logged epoch 2 info to /public/home/202411094934/python_project/Spatio-Temporal-Library/time-series/2026-06-13/crossformer/pretrain10_finetune10/etth2/time-series/seed_1/training_log.json
2026-06-14 02:23:05 - finetune_logger - INFO - New best model! Val loss: 2.696125
[2026-06-14 02:23:05,574][finetune_logger][INFO] - New best model! Val loss: 2.696125
2026-06-14 02:23:57 - finetune_logger - INFO - Test metrics: {'MAE': 2.922058301789413, 'RMSE': 4.323454555057345}
[2026-06-14 02:23:57,851][finetune_logger][INFO] - Test metrics: {'MAE': 2.922058301789413, 'RMSE': 4.323454555057345}
2026-06-14 02:23:57 - finetune_logger - INFO - Test time: 52.08s
[2026-06-14 02:23:57,852][finetune_logger][INFO] - Test time: 52.08s
2026-06-14 02:23:57 - finetune_logger - INFO - Test memory reserved: 42.00 MB
[2026-06-14 02:23:57,852][finetune_logger][INFO] - Test memory reserved: 42.00 MB
2026-06-14 02:23:57 - finetune_logger - INFO - Test memory allocated: 25.85 MB
[2026-06-14 02:23:57,852][finetune_logger][INFO] - Test memory allocated: 25.85 MB
2026-06-14 02:23:57 - finetune_logger - INFO - Epoch 3/10
[2026-06-14 02:23:57,852][finetune_logger][INFO] - Epoch 3/10
2026-06-14 02:32:53 - finetune_logger - INFO - Train loss: 2.683644215834576
[2026-06-14 02:32:53,448][finetune_logger][INFO] - Train loss: 2.683644215834576
2026-06-14 02:32:53 - finetune_logger - INFO - Train time: 535.5957155227661s
[2026-06-14 02:32:53,449][finetune_logger][INFO] - Train time: 535.5957155227661s
2026-06-14 02:32:53 - finetune_logger - INFO - Train memory reserved: 42.00 MB
[2026-06-14 02:32:53,449][finetune_logger][INFO] - Train memory reserved: 42.00 MB
2026-06-14 02:32:53 - finetune_logger - INFO - Train memory allocated: 25.85 MB
[2026-06-14 02:32:53,449][finetune_logger][INFO] - Train memory allocated: 25.85 MB
2026-06-14 02:32:53 - finetune_logger - INFO - Current learning rate: 0.0005
[2026-06-14 02:32:53,449][finetune_logger][INFO] - Current learning rate: 0.0005
2026-06-14 02:33:45 - finetune_logger - INFO - Validation metrics: {'MAE': 2.60753634838829, 'RMSE': 3.750285691488353}
[2026-06-14 02:33:45,584][finetune_logger][INFO] - Validation metrics: {'MAE': 2.60753634838829, 'RMSE': 3.750285691488353}
2026-06-14 02:33:45 - finetune_logger - INFO - Val time: 52.13s
[2026-06-14 02:33:45,585][finetune_logger][INFO] - Val time: 52.13s
2026-06-14 02:33:45 - finetune_logger - INFO - Val memory reserved: 42.00 MB
[2026-06-14 02:33:45,585][finetune_logger][INFO] - Val memory reserved: 42.00 MB
2026-06-14 02:33:45 - finetune_logger - INFO - Val memory allocated: 25.85 MB
[2026-06-14 02:33:45,585][finetune_logger][INFO] - Val memory allocated: 25.85 MB
2026-06-14 02:33:45 - finetune_logger - INFO - Logged epoch 3 info to /public/home/202411094934/python_project/Spatio-Temporal-Library/time-series/2026-06-13/crossformer/pretrain10_finetune10/etth2/time-series/seed_1/training_log.json
[2026-06-14 02:33:45,588][finetune_logger][INFO] - Logged epoch 3 info to /public/home/202411094934/python_project/Spatio-Temporal-Library/time-series/2026-06-13/crossformer/pretrain10_finetune10/etth2/time-series/seed_1/training_log.json
2026-06-14 02:33:45 - finetune_logger - INFO - New best model! Val loss: 2.607536
[2026-06-14 02:33:45,588][finetune_logger][INFO] - New best model! Val loss: 2.607536
2026-06-14 02:34:37 - finetune_logger - INFO - Test metrics: {'MAE': 2.795905639920917, 'RMSE': 4.199905148733231}
[2026-06-14 02:34:37,742][finetune_logger][INFO] - Test metrics: {'MAE': 2.795905639920917, 'RMSE': 4.199905148733231}
2026-06-14 02:34:37 - finetune_logger - INFO - Test time: 51.96s
[2026-06-14 02:34:37,743][finetune_logger][INFO] - Test time: 51.96s
2026-06-14 02:34:37 - finetune_logger - INFO - Test memory reserved: 42.00 MB
[2026-06-14 02:34:37,743][finetune_logger][INFO] - Test memory reserved: 42.00 MB
2026-06-14 02:34:37 - finetune_logger - INFO - Test memory allocated: 25.85 MB
[2026-06-14 02:34:37,743][finetune_logger][INFO] - Test memory allocated: 25.85 MB
2026-06-14 02:34:37 - finetune_logger - INFO - Epoch 4/10
[2026-06-14 02:34:37,743][finetune_logger][INFO] - Epoch 4/10
2026-06-14 02:43:28 - finetune_logger - INFO - Train loss: 2.583433287713814
[2026-06-14 02:43:28,145][finetune_logger][INFO] - Train loss: 2.583433287713814
2026-06-14 02:43:28 - finetune_logger - INFO - Train time: 530.4010045528412s
[2026-06-14 02:43:28,145][finetune_logger][INFO] - Train time: 530.4010045528412s
2026-06-14 02:43:28 - finetune_logger - INFO - Train memory reserved: 42.00 MB
[2026-06-14 02:43:28,145][finetune_logger][INFO] - Train memory reserved: 42.00 MB
2026-06-14 02:43:28 - finetune_logger - INFO - Train memory allocated: 25.85 MB
[2026-06-14 02:43:28,145][finetune_logger][INFO] - Train memory allocated: 25.85 MB
2026-06-14 02:43:28 - finetune_logger - INFO - Current learning rate: 0.0005
[2026-06-14 02:43:28,145][finetune_logger][INFO] - Current learning rate: 0.0005
2026-06-14 02:44:20 - finetune_logger - INFO - Validation metrics: {'MAE': 2.7296785136177433, 'RMSE': 3.9209871112278445}
[2026-06-14 02:44:20,159][finetune_logger][INFO] - Validation metrics: {'MAE': 2.7296785136177433, 'RMSE': 3.9209871112278445}
2026-06-14 02:44:20 - finetune_logger - INFO - Val time: 52.01s
[2026-06-14 02:44:20,160][finetune_logger][INFO] - Val time: 52.01s
2026-06-14 02:44:20 - finetune_logger - INFO - Val memory reserved: 42.00 MB
[2026-06-14 02:44:20,160][finetune_logger][INFO] - Val memory reserved: 42.00 MB
2026-06-14 02:44:20 - finetune_logger - INFO - Val memory allocated: 25.85 MB
[2026-06-14 02:44:20,160][finetune_logger][INFO] - Val memory allocated: 25.85 MB
2026-06-14 02:44:20 - finetune_logger - INFO - Logged epoch 4 info to /public/home/202411094934/python_project/Spatio-Temporal-Library/time-series/2026-06-13/crossformer/pretrain10_finetune10/etth2/time-series/seed_1/training_log.json
[2026-06-14 02:44:20,163][finetune_logger][INFO] - Logged epoch 4 info to /public/home/202411094934/python_project/Spatio-Temporal-Library/time-series/2026-06-13/crossformer/pretrain10_finetune10/etth2/time-series/seed_1/training_log.json
2026-06-14 02:45:12 - finetune_logger - INFO - Test metrics: {'MAE': 2.828222166379286, 'RMSE': 4.253790776434401}
[2026-06-14 02:45:12,404][finetune_logger][INFO] - Test metrics: {'MAE': 2.828222166379286, 'RMSE': 4.253790776434401}
2026-06-14 02:45:12 - finetune_logger - INFO - Test time: 52.24s
[2026-06-14 02:45:12,404][finetune_logger][INFO] - Test time: 52.24s
2026-06-14 02:45:12 - finetune_logger - INFO - Test memory reserved: 42.00 MB
[2026-06-14 02:45:12,404][finetune_logger][INFO] - Test memory reserved: 42.00 MB
2026-06-14 02:45:12 - finetune_logger - INFO - Test memory allocated: 25.85 MB
[2026-06-14 02:45:12,404][finetune_logger][INFO] - Test memory allocated: 25.85 MB
2026-06-14 02:45:12 - finetune_logger - INFO - Epoch 5/10
[2026-06-14 02:45:12,404][finetune_logger][INFO] - Epoch 5/10
2026-06-14 02:54:07 - finetune_logger - INFO - Train loss: 2.518093575305292
[2026-06-14 02:54:07,867][finetune_logger][INFO] - Train loss: 2.518093575305292
2026-06-14 02:54:07 - finetune_logger - INFO - Train time: 535.4620928764343s
[2026-06-14 02:54:07,867][finetune_logger][INFO] - Train time: 535.4620928764343s
2026-06-14 02:54:07 - finetune_logger - INFO - Train memory reserved: 42.00 MB
[2026-06-14 02:54:07,868][finetune_logger][INFO] - Train memory reserved: 42.00 MB
2026-06-14 02:54:07 - finetune_logger - INFO - Train memory allocated: 25.85 MB
[2026-06-14 02:54:07,868][finetune_logger][INFO] - Train memory allocated: 25.85 MB
2026-06-14 02:54:07 - finetune_logger - INFO - Current learning rate: 0.0005
[2026-06-14 02:54:07,868][finetune_logger][INFO] - Current learning rate: 0.0005
2026-06-14 02:55:00 - finetune_logger - INFO - Validation metrics: {'MAE': 2.6916620556513338, 'RMSE': 3.8542789187204263}
[2026-06-14 02:55:00,062][finetune_logger][INFO] - Validation metrics: {'MAE': 2.6916620556513338, 'RMSE': 3.8542789187204263}
2026-06-14 02:55:00 - finetune_logger - INFO - Val time: 52.19s
[2026-06-14 02:55:00,063][finetune_logger][INFO] - Val time: 52.19s
2026-06-14 02:55:00 - finetune_logger - INFO - Val memory reserved: 42.00 MB
[2026-06-14 02:55:00,063][finetune_logger][INFO] - Val memory reserved: 42.00 MB
2026-06-14 02:55:00 - finetune_logger - INFO - Val memory allocated: 25.85 MB
[2026-06-14 02:55:00,063][finetune_logger][INFO] - Val memory allocated: 25.85 MB
2026-06-14 02:55:00 - finetune_logger - INFO - Logged epoch 5 info to /public/home/202411094934/python_project/Spatio-Temporal-Library/time-series/2026-06-13/crossformer/pretrain10_finetune10/etth2/time-series/seed_1/training_log.json
[2026-06-14 02:55:00,066][finetune_logger][INFO] - Logged epoch 5 info to /public/home/202411094934/python_project/Spatio-Temporal-Library/time-series/2026-06-13/crossformer/pretrain10_finetune10/etth2/time-series/seed_1/training_log.json
2026-06-14 02:55:52 - finetune_logger - INFO - Test metrics: {'MAE': 2.8742611114865273, 'RMSE': 4.304970308712552}
[2026-06-14 02:55:52,226][finetune_logger][INFO] - Test metrics: {'MAE': 2.8742611114865273, 'RMSE': 4.304970308712552}
2026-06-14 02:55:52 - finetune_logger - INFO - Test time: 52.16s
[2026-06-14 02:55:52,226][finetune_logger][INFO] - Test time: 52.16s
2026-06-14 02:55:52 - finetune_logger - INFO - Test memory reserved: 42.00 MB
[2026-06-14 02:55:52,226][finetune_logger][INFO] - Test memory reserved: 42.00 MB
2026-06-14 02:55:52 - finetune_logger - INFO - Test memory allocated: 25.85 MB
[2026-06-14 02:55:52,226][finetune_logger][INFO] - Test memory allocated: 25.85 MB
2026-06-14 02:55:52 - finetune_logger - INFO - Epoch 6/10
[2026-06-14 02:55:52,226][finetune_logger][INFO] - Epoch 6/10
2026-06-14 03:04:47 - finetune_logger - INFO - Train loss: 2.472895398236644
[2026-06-14 03:04:47,538][finetune_logger][INFO] - Train loss: 2.472895398236644
2026-06-14 03:04:47 - finetune_logger - INFO - Train time: 535.3106701374054s
[2026-06-14 03:04:47,538][finetune_logger][INFO] - Train time: 535.3106701374054s
2026-06-14 03:04:47 - finetune_logger - INFO - Train memory reserved: 42.00 MB
[2026-06-14 03:04:47,538][finetune_logger][INFO] - Train memory reserved: 42.00 MB
2026-06-14 03:04:47 - finetune_logger - INFO - Train memory allocated: 25.85 MB
[2026-06-14 03:04:47,538][finetune_logger][INFO] - Train memory allocated: 25.85 MB
2026-06-14 03:04:47 - finetune_logger - INFO - Current learning rate: 0.0005
[2026-06-14 03:04:47,538][finetune_logger][INFO] - Current learning rate: 0.0005
2026-06-14 03:05:39 - finetune_logger - INFO - Validation metrics: {'MAE': 2.7074647778556367, 'RMSE': 3.920421424820305}
[2026-06-14 03:05:39,681][finetune_logger][INFO] - Validation metrics: {'MAE': 2.7074647778556367, 'RMSE': 3.920421424820305}
2026-06-14 03:05:39 - finetune_logger - INFO - Val time: 52.14s
[2026-06-14 03:05:39,681][finetune_logger][INFO] - Val time: 52.14s
2026-06-14 03:05:39 - finetune_logger - INFO - Val memory reserved: 42.00 MB
[2026-06-14 03:05:39,681][finetune_logger][INFO] - Val memory reserved: 42.00 MB
2026-06-14 03:05:39 - finetune_logger - INFO - Val memory allocated: 25.85 MB
[2026-06-14 03:05:39,681][finetune_logger][INFO] - Val memory allocated: 25.85 MB
2026-06-14 03:05:39 - finetune_logger - INFO - Logged epoch 6 info to /public/home/202411094934/python_project/Spatio-Temporal-Library/time-series/2026-06-13/crossformer/pretrain10_finetune10/etth2/time-series/seed_1/training_log.json
[2026-06-14 03:05:39,684][finetune_logger][INFO] - Logged epoch 6 info to /public/home/202411094934/python_project/Spatio-Temporal-Library/time-series/2026-06-13/crossformer/pretrain10_finetune10/etth2/time-series/seed_1/training_log.json
2026-06-14 03:06:31 - finetune_logger - INFO - Test metrics: {'MAE': 2.8659243373870753, 'RMSE': 4.300982804025928}
[2026-06-14 03:06:31,727][finetune_logger][INFO] - Test metrics: {'MAE': 2.8659243373870753, 'RMSE': 4.300982804025928}
2026-06-14 03:06:31 - finetune_logger - INFO - Test time: 52.04s
[2026-06-14 03:06:31,728][finetune_logger][INFO] - Test time: 52.04s
2026-06-14 03:06:31 - finetune_logger - INFO - Test memory reserved: 42.00 MB
[2026-06-14 03:06:31,728][finetune_logger][INFO] - Test memory reserved: 42.00 MB
2026-06-14 03:06:31 - finetune_logger - INFO - Test memory allocated: 25.85 MB
[2026-06-14 03:06:31,728][finetune_logger][INFO] - Test memory allocated: 25.85 MB
2026-06-14 03:06:31 - finetune_logger - INFO - Epoch 7/10
[2026-06-14 03:06:31,728][finetune_logger][INFO] - Epoch 7/10
2026-06-14 03:15:26 - finetune_logger - INFO - Train loss: 2.4178768872219587
[2026-06-14 03:15:26,948][finetune_logger][INFO] - Train loss: 2.4178768872219587
2026-06-14 03:15:26 - finetune_logger - INFO - Train time: 535.219563961029s
[2026-06-14 03:15:26,949][finetune_logger][INFO] - Train time: 535.219563961029s
2026-06-14 03:15:26 - finetune_logger - INFO - Train memory reserved: 42.00 MB
[2026-06-14 03:15:26,949][finetune_logger][INFO] - Train memory reserved: 42.00 MB
2026-06-14 03:15:26 - finetune_logger - INFO - Train memory allocated: 25.85 MB
[2026-06-14 03:15:26,949][finetune_logger][INFO] - Train memory allocated: 25.85 MB
2026-06-14 03:15:26 - finetune_logger - INFO - Current learning rate: 0.0005
[2026-06-14 03:15:26,949][finetune_logger][INFO] - Current learning rate: 0.0005
2026-06-14 03:16:19 - finetune_logger - INFO - Validation metrics: {'MAE': 2.7149981070473, 'RMSE': 3.9128297559193244}
[2026-06-14 03:16:19,360][finetune_logger][INFO] - Validation metrics: {'MAE': 2.7149981070473, 'RMSE': 3.9128297559193244}
2026-06-14 03:16:19 - finetune_logger - INFO - Val time: 52.41s
[2026-06-14 03:16:19,361][finetune_logger][INFO] - Val time: 52.41s
2026-06-14 03:16:19 - finetune_logger - INFO - Val memory reserved: 42.00 MB
[2026-06-14 03:16:19,361][finetune_logger][INFO] - Val memory reserved: 42.00 MB
2026-06-14 03:16:19 - finetune_logger - INFO - Val memory allocated: 25.85 MB
[2026-06-14 03:16:19,361][finetune_logger][INFO] - Val memory allocated: 25.85 MB
2026-06-14 03:16:19 - finetune_logger - INFO - Logged epoch 7 info to /public/home/202411094934/python_project/Spatio-Temporal-Library/time-series/2026-06-13/crossformer/pretrain10_finetune10/etth2/time-series/seed_1/training_log.json
[2026-06-14 03:16:19,364][finetune_logger][INFO] - Logged epoch 7 info to /public/home/202411094934/python_project/Spatio-Temporal-Library/time-series/2026-06-13/crossformer/pretrain10_finetune10/etth2/time-series/seed_1/training_log.json
2026-06-14 03:17:11 - finetune_logger - INFO - Test metrics: {'MAE': 2.862362664813083, 'RMSE': 4.24734786365146}
[2026-06-14 03:17:11,590][finetune_logger][INFO] - Test metrics: {'MAE': 2.862362664813083, 'RMSE': 4.24734786365146}
2026-06-14 03:17:11 - finetune_logger - INFO - Test time: 52.23s
[2026-06-14 03:17:11,590][finetune_logger][INFO] - Test time: 52.23s
2026-06-14 03:17:11 - finetune_logger - INFO - Test memory reserved: 42.00 MB
[2026-06-14 03:17:11,590][finetune_logger][INFO] - Test memory reserved: 42.00 MB
2026-06-14 03:17:11 - finetune_logger - INFO - Test memory allocated: 25.85 MB
[2026-06-14 03:17:11,590][finetune_logger][INFO] - Test memory allocated: 25.85 MB
2026-06-14 03:17:11 - finetune_logger - INFO - Epoch 8/10
[2026-06-14 03:17:11,590][finetune_logger][INFO] - Epoch 8/10
2026-06-14 03:26:07 - finetune_logger - INFO - Train loss: 2.3819595228864916
[2026-06-14 03:26:07,037][finetune_logger][INFO] - Train loss: 2.3819595228864916
2026-06-14 03:26:07 - finetune_logger - INFO - Train time: 535.4458656311035s
[2026-06-14 03:26:07,037][finetune_logger][INFO] - Train time: 535.4458656311035s
2026-06-14 03:26:07 - finetune_logger - INFO - Train memory reserved: 42.00 MB
[2026-06-14 03:26:07,037][finetune_logger][INFO] - Train memory reserved: 42.00 MB
2026-06-14 03:26:07 - finetune_logger - INFO - Train memory allocated: 25.85 MB
[2026-06-14 03:26:07,037][finetune_logger][INFO] - Train memory allocated: 25.85 MB
2026-06-14 03:26:07 - finetune_logger - INFO - Current learning rate: 0.0005
[2026-06-14 03:26:07,037][finetune_logger][INFO] - Current learning rate: 0.0005
2026-06-14 03:26:59 - finetune_logger - INFO - Validation metrics: {'MAE': 2.733588877496265, 'RMSE': 3.9557987225396345}
[2026-06-14 03:26:59,123][finetune_logger][INFO] - Validation metrics: {'MAE': 2.733588877496265, 'RMSE': 3.9557987225396345}
2026-06-14 03:26:59 - finetune_logger - INFO - Val time: 52.09s
[2026-06-14 03:26:59,123][finetune_logger][INFO] - Val time: 52.09s
2026-06-14 03:26:59 - finetune_logger - INFO - Val memory reserved: 42.00 MB
[2026-06-14 03:26:59,123][finetune_logger][INFO] - Val memory reserved: 42.00 MB
2026-06-14 03:26:59 - finetune_logger - INFO - Val memory allocated: 25.85 MB
[2026-06-14 03:26:59,123][finetune_logger][INFO] - Val memory allocated: 25.85 MB
2026-06-14 03:26:59 - finetune_logger - INFO - Logged epoch 8 info to /public/home/202411094934/python_project/Spatio-Temporal-Library/time-series/2026-06-13/crossformer/pretrain10_finetune10/etth2/time-series/seed_1/training_log.json
[2026-06-14 03:26:59,126][finetune_logger][INFO] - Logged epoch 8 info to /public/home/202411094934/python_project/Spatio-Temporal-Library/time-series/2026-06-13/crossformer/pretrain10_finetune10/etth2/time-series/seed_1/training_log.json
2026-06-14 03:27:51 - finetune_logger - INFO - Test metrics: {'MAE': 2.834518258003956, 'RMSE': 4.261132946014402}
[2026-06-14 03:27:51,247][finetune_logger][INFO] - Test metrics: {'MAE': 2.834518258003956, 'RMSE': 4.261132946014402}
2026-06-14 03:27:51 - finetune_logger - INFO - Test time: 52.12s
[2026-06-14 03:27:51,247][finetune_logger][INFO] - Test time: 52.12s
2026-06-14 03:27:51 - finetune_logger - INFO - Test memory reserved: 42.00 MB
[2026-06-14 03:27:51,247][finetune_logger][INFO] - Test memory reserved: 42.00 MB
2026-06-14 03:27:51 - finetune_logger - INFO - Test memory allocated: 25.85 MB
[2026-06-14 03:27:51,248][finetune_logger][INFO] - Test memory allocated: 25.85 MB
2026-06-14 03:27:51 - finetune_logger - INFO - Epoch 9/10
[2026-06-14 03:27:51,248][finetune_logger][INFO] - Epoch 9/10
2026-06-14 03:36:45 - finetune_logger - INFO - Train loss: 2.3510634298472364
[2026-06-14 03:36:45,694][finetune_logger][INFO] - Train loss: 2.3510634298472364
2026-06-14 03:36:45 - finetune_logger - INFO - Train time: 534.4453377723694s
[2026-06-14 03:36:45,694][finetune_logger][INFO] - Train time: 534.4453377723694s
2026-06-14 03:36:45 - finetune_logger - INFO - Train memory reserved: 42.00 MB
[2026-06-14 03:36:45,694][finetune_logger][INFO] - Train memory reserved: 42.00 MB
2026-06-14 03:36:45 - finetune_logger - INFO - Train memory allocated: 25.85 MB
[2026-06-14 03:36:45,694][finetune_logger][INFO] - Train memory allocated: 25.85 MB
2026-06-14 03:36:45 - finetune_logger - INFO - Current learning rate: 0.0005
[2026-06-14 03:36:45,694][finetune_logger][INFO] - Current learning rate: 0.0005
2026-06-14 03:37:37 - finetune_logger - INFO - Validation metrics: {'MAE': 2.7192785277593554, 'RMSE': 3.915039367584943}
[2026-06-14 03:37:37,762][finetune_logger][INFO] - Validation metrics: {'MAE': 2.7192785277593554, 'RMSE': 3.915039367584943}
2026-06-14 03:37:37 - finetune_logger - INFO - Val time: 52.07s
[2026-06-14 03:37:37,762][finetune_logger][INFO] - Val time: 52.07s
2026-06-14 03:37:37 - finetune_logger - INFO - Val memory reserved: 42.00 MB
[2026-06-14 03:37:37,762][finetune_logger][INFO] - Val memory reserved: 42.00 MB
2026-06-14 03:37:37 - finetune_logger - INFO - Val memory allocated: 25.85 MB
[2026-06-14 03:37:37,762][finetune_logger][INFO] - Val memory allocated: 25.85 MB
2026-06-14 03:37:37 - finetune_logger - INFO - Logged epoch 9 info to /public/home/202411094934/python_project/Spatio-Temporal-Library/time-series/2026-06-13/crossformer/pretrain10_finetune10/etth2/time-series/seed_1/training_log.json
[2026-06-14 03:37:37,765][finetune_logger][INFO] - Logged epoch 9 info to /public/home/202411094934/python_project/Spatio-Temporal-Library/time-series/2026-06-13/crossformer/pretrain10_finetune10/etth2/time-series/seed_1/training_log.json
2026-06-14 03:38:29 - finetune_logger - INFO - Test metrics: {'MAE': 2.8181220366614133, 'RMSE': 4.224280450094318}
[2026-06-14 03:38:29,825][finetune_logger][INFO] - Test metrics: {'MAE': 2.8181220366614133, 'RMSE': 4.224280450094318}
2026-06-14 03:38:29 - finetune_logger - INFO - Test time: 52.06s
[2026-06-14 03:38:29,826][finetune_logger][INFO] - Test time: 52.06s
2026-06-14 03:38:29 - finetune_logger - INFO - Test memory reserved: 42.00 MB
[2026-06-14 03:38:29,826][finetune_logger][INFO] - Test memory reserved: 42.00 MB
2026-06-14 03:38:29 - finetune_logger - INFO - Test memory allocated: 25.85 MB
[2026-06-14 03:38:29,826][finetune_logger][INFO] - Test memory allocated: 25.85 MB
2026-06-14 03:38:29 - finetune_logger - INFO - Epoch 10/10
[2026-06-14 03:38:29,826][finetune_logger][INFO] - Epoch 10/10
2026-06-14 03:47:24 - finetune_logger - INFO - Train loss: 2.3169233910299534
[2026-06-14 03:47:24,009][finetune_logger][INFO] - Train loss: 2.3169233910299534
2026-06-14 03:47:24 - finetune_logger - INFO - Train time: 534.1823785305023s
[2026-06-14 03:47:24,009][finetune_logger][INFO] - Train time: 534.1823785305023s
2026-06-14 03:47:24 - finetune_logger - INFO - Train memory reserved: 42.00 MB
[2026-06-14 03:47:24,009][finetune_logger][INFO] - Train memory reserved: 42.00 MB
2026-06-14 03:47:24 - finetune_logger - INFO - Train memory allocated: 25.85 MB
[2026-06-14 03:47:24,010][finetune_logger][INFO] - Train memory allocated: 25.85 MB
2026-06-14 03:47:24 - finetune_logger - INFO - Current learning rate: 0.0005
[2026-06-14 03:47:24,010][finetune_logger][INFO] - Current learning rate: 0.0005
2026-06-14 03:48:16 - finetune_logger - INFO - Validation metrics: {'MAE': 2.6879569997333324, 'RMSE': 3.8440315885089604}
[2026-06-14 03:48:16,246][finetune_logger][INFO] - Validation metrics: {'MAE': 2.6879569997333324, 'RMSE': 3.8440315885089604}
2026-06-14 03:48:16 - finetune_logger - INFO - Val time: 52.24s
[2026-06-14 03:48:16,246][finetune_logger][INFO] - Val time: 52.24s
2026-06-14 03:48:16 - finetune_logger - INFO - Val memory reserved: 42.00 MB
[2026-06-14 03:48:16,246][finetune_logger][INFO] - Val memory reserved: 42.00 MB
2026-06-14 03:48:16 - finetune_logger - INFO - Val memory allocated: 25.85 MB
[2026-06-14 03:48:16,246][finetune_logger][INFO] - Val memory allocated: 25.85 MB
2026-06-14 03:48:16 - finetune_logger - INFO - Logged epoch 10 info to /public/home/202411094934/python_project/Spatio-Temporal-Library/time-series/2026-06-13/crossformer/pretrain10_finetune10/etth2/time-series/seed_1/training_log.json
[2026-06-14 03:48:16,249][finetune_logger][INFO] - Logged epoch 10 info to /public/home/202411094934/python_project/Spatio-Temporal-Library/time-series/2026-06-13/crossformer/pretrain10_finetune10/etth2/time-series/seed_1/training_log.json
2026-06-14 03:49:08 - finetune_logger - INFO - Test metrics: {'MAE': 2.8524608950842016, 'RMSE': 4.218623522940135}
[2026-06-14 03:49:08,466][finetune_logger][INFO] - Test metrics: {'MAE': 2.8524608950842016, 'RMSE': 4.218623522940135}
2026-06-14 03:49:08 - finetune_logger - INFO - Test time: 52.12s
[2026-06-14 03:49:08,467][finetune_logger][INFO] - Test time: 52.12s
2026-06-14 03:49:08 - finetune_logger - INFO - Test memory reserved: 42.00 MB
[2026-06-14 03:49:08,467][finetune_logger][INFO] - Test memory reserved: 42.00 MB
2026-06-14 03:49:08 - finetune_logger - INFO - Test memory allocated: 25.85 MB
[2026-06-14 03:49:08,467][finetune_logger][INFO] - Test memory allocated: 25.85 MB
2026-06-14 03:49:08 - finetune_logger - INFO - Training completed. Best epoch: 3, Best val loss: 2.607536
[2026-06-14 03:49:08,467][finetune_logger][INFO] - Training completed. Best epoch: 3, Best val loss: 2.607536
2026-06-14 03:49:08 - finetune_logger - INFO - Loaded checkpoint from epoch 3
[2026-06-14 03:49:08,614][finetune_logger][INFO] - Loaded checkpoint from epoch 3
2026-06-14 03:49:08 - finetune_logger - INFO - Evaluating best model on test sets...
[2026-06-14 03:49:08,615][finetune_logger][INFO] - Evaluating best model on test sets...
2026-06-14 03:50:00 - finetune_logger - INFO - Test metrics: {'MAE': 2.795905639920917, 'RMSE': 4.199905148733231}
[2026-06-14 03:50:00,368][finetune_logger][INFO] - Test metrics: {'MAE': 2.795905639920917, 'RMSE': 4.199905148733231}
2026-06-14 03:50:00 - finetune_logger - INFO - Test time: 51.75s
[2026-06-14 03:50:00,368][finetune_logger][INFO] - Test time: 51.75s
2026-06-14 03:50:00 - finetune_logger - INFO - Test memory reserved: 42.00 MB
[2026-06-14 03:50:00,368][finetune_logger][INFO] - Test memory reserved: 42.00 MB
2026-06-14 03:50:00 - finetune_logger - INFO - Test memory allocated: 26.04 MB
[2026-06-14 03:50:00,368][finetune_logger][INFO] - Test memory allocated: 26.04 MB
2026-06-14 03:50:00 - finetune_logger - INFO - Logged epoch test info to /public/home/202411094934/python_project/Spatio-Temporal-Library/time-series/2026-06-13/crossformer/pretrain10_finetune10/etth2/time-series/seed_1/training_log.json
[2026-06-14 03:50:00,371][finetune_logger][INFO] - Logged epoch test info to /public/home/202411094934/python_project/Spatio-Temporal-Library/time-series/2026-06-13/crossformer/pretrain10_finetune10/etth2/time-series/seed_1/training_log.json
