2026-06-19 14:52:10 - finetune_logger - INFO - Loaded pretrained checkpoint from: /public/home/202411094934/python_project/Spatio-Temporal-Library/time-series/2026-06-19/patchtst/pretrain10/ettm1/time-series/seed_1/jepa_pretrain_epoch_10.pth
Missing keys: []
Unexpected keys: []
[2026-06-19 14:52:10,667][finetune_logger][INFO] - Loaded pretrained checkpoint from: /public/home/202411094934/python_project/Spatio-Temporal-Library/time-series/2026-06-19/patchtst/pretrain10/ettm1/time-series/seed_1/jepa_pretrain_epoch_10.pth
Missing keys: []
Unexpected keys: []
2026-06-19 14:52:10 - finetune_logger - INFO - Model parameters: 651,842
[2026-06-19 14:52:10,670][finetune_logger][INFO] - Model parameters: 651,842
2026-06-19 14:52:10 - finetune_logger - INFO - Created new log file at /public/home/202411094934/python_project/Spatio-Temporal-Library/time-series/2026-06-19/patchtst/pretrain10_finetune10/ettm1/time-series/seed_1/training_log.json
[2026-06-19 14:52:10,673][finetune_logger][INFO] - Created new log file at /public/home/202411094934/python_project/Spatio-Temporal-Library/time-series/2026-06-19/patchtst/pretrain10_finetune10/ettm1/time-series/seed_1/training_log.json
2026-06-19 14:52:10 - finetune_logger - INFO - Starting training...
[2026-06-19 14:52:10,673][finetune_logger][INFO] - Starting training...
2026-06-19 14:52:10 - finetune_logger - INFO - Epoch 1/10
[2026-06-19 14:52:10,673][finetune_logger][INFO] - Epoch 1/10
2026-06-19 14:59:40 - finetune_logger - INFO - Train loss: 1.215395862553862
[2026-06-19 14:59:40,090][finetune_logger][INFO] - Train loss: 1.215395862553862
2026-06-19 14:59:40 - finetune_logger - INFO - Train time: 449.41638255119324s
[2026-06-19 14:59:40,090][finetune_logger][INFO] - Train time: 449.41638255119324s
2026-06-19 14:59:40 - finetune_logger - INFO - Train memory reserved: 34.00 MB
[2026-06-19 14:59:40,090][finetune_logger][INFO] - Train memory reserved: 34.00 MB
2026-06-19 14:59:40 - finetune_logger - INFO - Train memory allocated: 23.73 MB
[2026-06-19 14:59:40,090][finetune_logger][INFO] - Train memory allocated: 23.73 MB
2026-06-19 14:59:40 - finetune_logger - INFO - Current learning rate: 0.0005
[2026-06-19 14:59:40,090][finetune_logger][INFO] - Current learning rate: 0.0005
2026-06-19 15:00:46 - finetune_logger - INFO - Validation metrics: {'MAE': 1.5341875991501734, 'RMSE': 2.506754159403541}
[2026-06-19 15:00:46,673][finetune_logger][INFO] - Validation metrics: {'MAE': 1.5341875991501734, 'RMSE': 2.506754159403541}
2026-06-19 15:00:46 - finetune_logger - INFO - Val time: 66.58s
[2026-06-19 15:00:46,673][finetune_logger][INFO] - Val time: 66.58s
2026-06-19 15:00:46 - finetune_logger - INFO - Val memory reserved: 34.00 MB
[2026-06-19 15:00:46,674][finetune_logger][INFO] - Val memory reserved: 34.00 MB
2026-06-19 15:00:46 - finetune_logger - INFO - Val memory allocated: 23.73 MB
[2026-06-19 15:00:46,674][finetune_logger][INFO] - Val memory allocated: 23.73 MB
2026-06-19 15:00:46 - finetune_logger - INFO - Logged epoch 1 info to /public/home/202411094934/python_project/Spatio-Temporal-Library/time-series/2026-06-19/patchtst/pretrain10_finetune10/ettm1/time-series/seed_1/training_log.json
[2026-06-19 15:00:46,678][finetune_logger][INFO] - Logged epoch 1 info to /public/home/202411094934/python_project/Spatio-Temporal-Library/time-series/2026-06-19/patchtst/pretrain10_finetune10/ettm1/time-series/seed_1/training_log.json
2026-06-19 15:00:46 - finetune_logger - INFO - New best model! Val loss: 1.534188
[2026-06-19 15:00:46,678][finetune_logger][INFO] - New best model! Val loss: 1.534188
2026-06-19 15:01:53 - finetune_logger - INFO - Test metrics: {'MAE': 1.3573791340516124, 'RMSE': 2.486929983644039}
[2026-06-19 15:01:53,401][finetune_logger][INFO] - Test metrics: {'MAE': 1.3573791340516124, 'RMSE': 2.486929983644039}
2026-06-19 15:01:53 - finetune_logger - INFO - Test time: 66.68s
[2026-06-19 15:01:53,402][finetune_logger][INFO] - Test time: 66.68s
2026-06-19 15:01:53 - finetune_logger - INFO - Test memory reserved: 34.00 MB
[2026-06-19 15:01:53,402][finetune_logger][INFO] - Test memory reserved: 34.00 MB
2026-06-19 15:01:53 - finetune_logger - INFO - Test memory allocated: 23.73 MB
[2026-06-19 15:01:53,402][finetune_logger][INFO] - Test memory allocated: 23.73 MB
2026-06-19 15:01:53 - finetune_logger - INFO - Epoch 2/10
[2026-06-19 15:01:53,402][finetune_logger][INFO] - Epoch 2/10
2026-06-19 15:09:22 - finetune_logger - INFO - Train loss: 1.1369161411522362
[2026-06-19 15:09:22,707][finetune_logger][INFO] - Train loss: 1.1369161411522362
2026-06-19 15:09:22 - finetune_logger - INFO - Train time: 449.30455493927s
[2026-06-19 15:09:22,707][finetune_logger][INFO] - Train time: 449.30455493927s
2026-06-19 15:09:22 - finetune_logger - INFO - Train memory reserved: 34.00 MB
[2026-06-19 15:09:22,707][finetune_logger][INFO] - Train memory reserved: 34.00 MB
2026-06-19 15:09:22 - finetune_logger - INFO - Train memory allocated: 23.73 MB
[2026-06-19 15:09:22,707][finetune_logger][INFO] - Train memory allocated: 23.73 MB
2026-06-19 15:09:22 - finetune_logger - INFO - Current learning rate: 0.0005
[2026-06-19 15:09:22,708][finetune_logger][INFO] - Current learning rate: 0.0005
2026-06-19 15:10:29 - finetune_logger - INFO - Validation metrics: {'MAE': 1.555824567474792, 'RMSE': 2.526950366154189}
[2026-06-19 15:10:29,439][finetune_logger][INFO] - Validation metrics: {'MAE': 1.555824567474792, 'RMSE': 2.526950366154189}
2026-06-19 15:10:29 - finetune_logger - INFO - Val time: 66.73s
[2026-06-19 15:10:29,440][finetune_logger][INFO] - Val time: 66.73s
2026-06-19 15:10:29 - finetune_logger - INFO - Val memory reserved: 34.00 MB
[2026-06-19 15:10:29,440][finetune_logger][INFO] - Val memory reserved: 34.00 MB
2026-06-19 15:10:29 - finetune_logger - INFO - Val memory allocated: 23.73 MB
[2026-06-19 15:10:29,440][finetune_logger][INFO] - Val memory allocated: 23.73 MB
2026-06-19 15:10:29 - finetune_logger - INFO - Logged epoch 2 info to /public/home/202411094934/python_project/Spatio-Temporal-Library/time-series/2026-06-19/patchtst/pretrain10_finetune10/ettm1/time-series/seed_1/training_log.json
[2026-06-19 15:10:29,443][finetune_logger][INFO] - Logged epoch 2 info to /public/home/202411094934/python_project/Spatio-Temporal-Library/time-series/2026-06-19/patchtst/pretrain10_finetune10/ettm1/time-series/seed_1/training_log.json
2026-06-19 15:11:36 - finetune_logger - INFO - Test metrics: {'MAE': 1.3936910478051692, 'RMSE': 2.557603678854643}
[2026-06-19 15:11:36,183][finetune_logger][INFO] - Test metrics: {'MAE': 1.3936910478051692, 'RMSE': 2.557603678854643}
2026-06-19 15:11:36 - finetune_logger - INFO - Test time: 66.74s
[2026-06-19 15:11:36,183][finetune_logger][INFO] - Test time: 66.74s
2026-06-19 15:11:36 - finetune_logger - INFO - Test memory reserved: 34.00 MB
[2026-06-19 15:11:36,184][finetune_logger][INFO] - Test memory reserved: 34.00 MB
2026-06-19 15:11:36 - finetune_logger - INFO - Test memory allocated: 23.73 MB
[2026-06-19 15:11:36,184][finetune_logger][INFO] - Test memory allocated: 23.73 MB
2026-06-19 15:11:36 - finetune_logger - INFO - Epoch 3/10
[2026-06-19 15:11:36,184][finetune_logger][INFO] - Epoch 3/10
2026-06-19 15:19:05 - finetune_logger - INFO - Train loss: 1.1008491688533284
[2026-06-19 15:19:05,445][finetune_logger][INFO] - Train loss: 1.1008491688533284
2026-06-19 15:19:05 - finetune_logger - INFO - Train time: 449.2602400779724s
[2026-06-19 15:19:05,445][finetune_logger][INFO] - Train time: 449.2602400779724s
2026-06-19 15:19:05 - finetune_logger - INFO - Train memory reserved: 34.00 MB
[2026-06-19 15:19:05,445][finetune_logger][INFO] - Train memory reserved: 34.00 MB
2026-06-19 15:19:05 - finetune_logger - INFO - Train memory allocated: 23.73 MB
[2026-06-19 15:19:05,445][finetune_logger][INFO] - Train memory allocated: 23.73 MB
2026-06-19 15:19:05 - finetune_logger - INFO - Current learning rate: 0.0005
[2026-06-19 15:19:05,445][finetune_logger][INFO] - Current learning rate: 0.0005
2026-06-19 15:20:12 - finetune_logger - INFO - Validation metrics: {'MAE': 1.5648290668441802, 'RMSE': 2.5347525233646824}
[2026-06-19 15:20:12,356][finetune_logger][INFO] - Validation metrics: {'MAE': 1.5648290668441802, 'RMSE': 2.5347525233646824}
2026-06-19 15:20:12 - finetune_logger - INFO - Val time: 66.91s
[2026-06-19 15:20:12,357][finetune_logger][INFO] - Val time: 66.91s
2026-06-19 15:20:12 - finetune_logger - INFO - Val memory reserved: 34.00 MB
[2026-06-19 15:20:12,357][finetune_logger][INFO] - Val memory reserved: 34.00 MB
2026-06-19 15:20:12 - finetune_logger - INFO - Val memory allocated: 23.73 MB
[2026-06-19 15:20:12,357][finetune_logger][INFO] - Val memory allocated: 23.73 MB
2026-06-19 15:20:12 - finetune_logger - INFO - Logged epoch 3 info to /public/home/202411094934/python_project/Spatio-Temporal-Library/time-series/2026-06-19/patchtst/pretrain10_finetune10/ettm1/time-series/seed_1/training_log.json
[2026-06-19 15:20:12,360][finetune_logger][INFO] - Logged epoch 3 info to /public/home/202411094934/python_project/Spatio-Temporal-Library/time-series/2026-06-19/patchtst/pretrain10_finetune10/ettm1/time-series/seed_1/training_log.json
2026-06-19 15:21:19 - finetune_logger - INFO - Test metrics: {'MAE': 1.4275029236324301, 'RMSE': 2.5627150012554734}
[2026-06-19 15:21:19,276][finetune_logger][INFO] - Test metrics: {'MAE': 1.4275029236324301, 'RMSE': 2.5627150012554734}
2026-06-19 15:21:19 - finetune_logger - INFO - Test time: 66.92s
[2026-06-19 15:21:19,276][finetune_logger][INFO] - Test time: 66.92s
2026-06-19 15:21:19 - finetune_logger - INFO - Test memory reserved: 34.00 MB
[2026-06-19 15:21:19,276][finetune_logger][INFO] - Test memory reserved: 34.00 MB
2026-06-19 15:21:19 - finetune_logger - INFO - Test memory allocated: 23.73 MB
[2026-06-19 15:21:19,277][finetune_logger][INFO] - Test memory allocated: 23.73 MB
2026-06-19 15:21:19 - finetune_logger - INFO - Epoch 4/10
[2026-06-19 15:21:19,277][finetune_logger][INFO] - Epoch 4/10
2026-06-19 15:28:48 - finetune_logger - INFO - Train loss: 1.0734722683214695
[2026-06-19 15:28:48,285][finetune_logger][INFO] - Train loss: 1.0734722683214695
2026-06-19 15:28:48 - finetune_logger - INFO - Train time: 449.0080463886261s
[2026-06-19 15:28:48,285][finetune_logger][INFO] - Train time: 449.0080463886261s
2026-06-19 15:28:48 - finetune_logger - INFO - Train memory reserved: 34.00 MB
[2026-06-19 15:28:48,286][finetune_logger][INFO] - Train memory reserved: 34.00 MB
2026-06-19 15:28:48 - finetune_logger - INFO - Train memory allocated: 23.73 MB
[2026-06-19 15:28:48,286][finetune_logger][INFO] - Train memory allocated: 23.73 MB
2026-06-19 15:28:48 - finetune_logger - INFO - Current learning rate: 0.0005
[2026-06-19 15:28:48,286][finetune_logger][INFO] - Current learning rate: 0.0005
2026-06-19 15:29:55 - finetune_logger - INFO - Validation metrics: {'MAE': 1.5676387689984563, 'RMSE': 2.554024212639767}
[2026-06-19 15:29:55,070][finetune_logger][INFO] - Validation metrics: {'MAE': 1.5676387689984563, 'RMSE': 2.554024212639767}
2026-06-19 15:29:55 - finetune_logger - INFO - Val time: 66.78s
[2026-06-19 15:29:55,070][finetune_logger][INFO] - Val time: 66.78s
2026-06-19 15:29:55 - finetune_logger - INFO - Val memory reserved: 34.00 MB
[2026-06-19 15:29:55,070][finetune_logger][INFO] - Val memory reserved: 34.00 MB
2026-06-19 15:29:55 - finetune_logger - INFO - Val memory allocated: 23.73 MB
[2026-06-19 15:29:55,070][finetune_logger][INFO] - Val memory allocated: 23.73 MB
2026-06-19 15:29:55 - finetune_logger - INFO - Logged epoch 4 info to /public/home/202411094934/python_project/Spatio-Temporal-Library/time-series/2026-06-19/patchtst/pretrain10_finetune10/ettm1/time-series/seed_1/training_log.json
[2026-06-19 15:29:55,074][finetune_logger][INFO] - Logged epoch 4 info to /public/home/202411094934/python_project/Spatio-Temporal-Library/time-series/2026-06-19/patchtst/pretrain10_finetune10/ettm1/time-series/seed_1/training_log.json
2026-06-19 15:31:01 - finetune_logger - INFO - Test metrics: {'MAE': 1.465789114389213, 'RMSE': 2.6783163402644576}
[2026-06-19 15:31:01,794][finetune_logger][INFO] - Test metrics: {'MAE': 1.465789114389213, 'RMSE': 2.6783163402644576}
2026-06-19 15:31:01 - finetune_logger - INFO - Test time: 66.72s
[2026-06-19 15:31:01,795][finetune_logger][INFO] - Test time: 66.72s
2026-06-19 15:31:01 - finetune_logger - INFO - Test memory reserved: 34.00 MB
[2026-06-19 15:31:01,795][finetune_logger][INFO] - Test memory reserved: 34.00 MB
2026-06-19 15:31:01 - finetune_logger - INFO - Test memory allocated: 23.73 MB
[2026-06-19 15:31:01,795][finetune_logger][INFO] - Test memory allocated: 23.73 MB
2026-06-19 15:31:01 - finetune_logger - INFO - Epoch 5/10
[2026-06-19 15:31:01,795][finetune_logger][INFO] - Epoch 5/10
2026-06-19 15:38:31 - finetune_logger - INFO - Train loss: 1.0506194720383184
[2026-06-19 15:38:31,233][finetune_logger][INFO] - Train loss: 1.0506194720383184
2026-06-19 15:38:31 - finetune_logger - INFO - Train time: 449.43725848197937s
[2026-06-19 15:38:31,233][finetune_logger][INFO] - Train time: 449.43725848197937s
2026-06-19 15:38:31 - finetune_logger - INFO - Train memory reserved: 34.00 MB
[2026-06-19 15:38:31,233][finetune_logger][INFO] - Train memory reserved: 34.00 MB
2026-06-19 15:38:31 - finetune_logger - INFO - Train memory allocated: 23.73 MB
[2026-06-19 15:38:31,233][finetune_logger][INFO] - Train memory allocated: 23.73 MB
2026-06-19 15:38:31 - finetune_logger - INFO - Current learning rate: 0.0005
[2026-06-19 15:38:31,233][finetune_logger][INFO] - Current learning rate: 0.0005
2026-06-19 15:39:37 - finetune_logger - INFO - Validation metrics: {'MAE': 1.5419778276061331, 'RMSE': 2.5237078850342316}
[2026-06-19 15:39:37,974][finetune_logger][INFO] - Validation metrics: {'MAE': 1.5419778276061331, 'RMSE': 2.5237078850342316}
2026-06-19 15:39:37 - finetune_logger - INFO - Val time: 66.74s
[2026-06-19 15:39:37,974][finetune_logger][INFO] - Val time: 66.74s
2026-06-19 15:39:37 - finetune_logger - INFO - Val memory reserved: 34.00 MB
[2026-06-19 15:39:37,974][finetune_logger][INFO] - Val memory reserved: 34.00 MB
2026-06-19 15:39:37 - finetune_logger - INFO - Val memory allocated: 23.73 MB
[2026-06-19 15:39:37,974][finetune_logger][INFO] - Val memory allocated: 23.73 MB
2026-06-19 15:39:37 - finetune_logger - INFO - Logged epoch 5 info to /public/home/202411094934/python_project/Spatio-Temporal-Library/time-series/2026-06-19/patchtst/pretrain10_finetune10/ettm1/time-series/seed_1/training_log.json
[2026-06-19 15:39:37,977][finetune_logger][INFO] - Logged epoch 5 info to /public/home/202411094934/python_project/Spatio-Temporal-Library/time-series/2026-06-19/patchtst/pretrain10_finetune10/ettm1/time-series/seed_1/training_log.json
2026-06-19 15:40:44 - finetune_logger - INFO - Test metrics: {'MAE': 1.368721228655413, 'RMSE': 2.4881956922177104}
[2026-06-19 15:40:44,679][finetune_logger][INFO] - Test metrics: {'MAE': 1.368721228655413, 'RMSE': 2.4881956922177104}
2026-06-19 15:40:44 - finetune_logger - INFO - Test time: 66.70s
[2026-06-19 15:40:44,679][finetune_logger][INFO] - Test time: 66.70s
2026-06-19 15:40:44 - finetune_logger - INFO - Test memory reserved: 34.00 MB
[2026-06-19 15:40:44,679][finetune_logger][INFO] - Test memory reserved: 34.00 MB
2026-06-19 15:40:44 - finetune_logger - INFO - Test memory allocated: 23.73 MB
[2026-06-19 15:40:44,679][finetune_logger][INFO] - Test memory allocated: 23.73 MB
2026-06-19 15:40:44 - finetune_logger - INFO - Epoch 6/10
[2026-06-19 15:40:44,679][finetune_logger][INFO] - Epoch 6/10
2026-06-19 15:48:13 - finetune_logger - INFO - Train loss: 1.0290902536623423
[2026-06-19 15:48:13,909][finetune_logger][INFO] - Train loss: 1.0290902536623423
2026-06-19 15:48:13 - finetune_logger - INFO - Train time: 449.22911500930786s
[2026-06-19 15:48:13,909][finetune_logger][INFO] - Train time: 449.22911500930786s
2026-06-19 15:48:13 - finetune_logger - INFO - Train memory reserved: 34.00 MB
[2026-06-19 15:48:13,909][finetune_logger][INFO] - Train memory reserved: 34.00 MB
2026-06-19 15:48:13 - finetune_logger - INFO - Train memory allocated: 23.73 MB
[2026-06-19 15:48:13,909][finetune_logger][INFO] - Train memory allocated: 23.73 MB
2026-06-19 15:48:13 - finetune_logger - INFO - Current learning rate: 0.0005
[2026-06-19 15:48:13,909][finetune_logger][INFO] - Current learning rate: 0.0005
2026-06-19 15:49:20 - finetune_logger - INFO - Validation metrics: {'MAE': 1.6045738308047772, 'RMSE': 2.6411248808747487}
[2026-06-19 15:49:20,664][finetune_logger][INFO] - Validation metrics: {'MAE': 1.6045738308047772, 'RMSE': 2.6411248808747487}
2026-06-19 15:49:20 - finetune_logger - INFO - Val time: 66.75s
[2026-06-19 15:49:20,664][finetune_logger][INFO] - Val time: 66.75s
2026-06-19 15:49:20 - finetune_logger - INFO - Val memory reserved: 34.00 MB
[2026-06-19 15:49:20,665][finetune_logger][INFO] - Val memory reserved: 34.00 MB
2026-06-19 15:49:20 - finetune_logger - INFO - Val memory allocated: 23.73 MB
[2026-06-19 15:49:20,665][finetune_logger][INFO] - Val memory allocated: 23.73 MB
2026-06-19 15:49:20 - finetune_logger - INFO - Logged epoch 6 info to /public/home/202411094934/python_project/Spatio-Temporal-Library/time-series/2026-06-19/patchtst/pretrain10_finetune10/ettm1/time-series/seed_1/training_log.json
[2026-06-19 15:49:20,668][finetune_logger][INFO] - Logged epoch 6 info to /public/home/202411094934/python_project/Spatio-Temporal-Library/time-series/2026-06-19/patchtst/pretrain10_finetune10/ettm1/time-series/seed_1/training_log.json
2026-06-19 15:50:27 - finetune_logger - INFO - Test metrics: {'MAE': 1.393717788607605, 'RMSE': 2.5389305186811484}
[2026-06-19 15:50:27,388][finetune_logger][INFO] - Test metrics: {'MAE': 1.393717788607605, 'RMSE': 2.5389305186811484}
2026-06-19 15:50:27 - finetune_logger - INFO - Test time: 66.72s
[2026-06-19 15:50:27,389][finetune_logger][INFO] - Test time: 66.72s
2026-06-19 15:50:27 - finetune_logger - INFO - Test memory reserved: 34.00 MB
[2026-06-19 15:50:27,389][finetune_logger][INFO] - Test memory reserved: 34.00 MB
2026-06-19 15:50:27 - finetune_logger - INFO - Test memory allocated: 23.73 MB
[2026-06-19 15:50:27,389][finetune_logger][INFO] - Test memory allocated: 23.73 MB
2026-06-19 15:50:27 - finetune_logger - INFO - Epoch 7/10
[2026-06-19 15:50:27,389][finetune_logger][INFO] - Epoch 7/10
2026-06-19 15:57:56 - finetune_logger - INFO - Train loss: 1.0130651215355977
[2026-06-19 15:57:56,463][finetune_logger][INFO] - Train loss: 1.0130651215355977
2026-06-19 15:57:56 - finetune_logger - INFO - Train time: 449.0733115673065s
[2026-06-19 15:57:56,463][finetune_logger][INFO] - Train time: 449.0733115673065s
2026-06-19 15:57:56 - finetune_logger - INFO - Train memory reserved: 34.00 MB
[2026-06-19 15:57:56,463][finetune_logger][INFO] - Train memory reserved: 34.00 MB
2026-06-19 15:57:56 - finetune_logger - INFO - Train memory allocated: 23.73 MB
[2026-06-19 15:57:56,463][finetune_logger][INFO] - Train memory allocated: 23.73 MB
2026-06-19 15:57:56 - finetune_logger - INFO - Current learning rate: 0.0005
[2026-06-19 15:57:56,464][finetune_logger][INFO] - Current learning rate: 0.0005
2026-06-19 15:59:03 - finetune_logger - INFO - Validation metrics: {'MAE': 1.6167922348590893, 'RMSE': 2.6702382011515193}
[2026-06-19 15:59:03,189][finetune_logger][INFO] - Validation metrics: {'MAE': 1.6167922348590893, 'RMSE': 2.6702382011515193}
2026-06-19 15:59:03 - finetune_logger - INFO - Val time: 66.73s
[2026-06-19 15:59:03,189][finetune_logger][INFO] - Val time: 66.73s
2026-06-19 15:59:03 - finetune_logger - INFO - Val memory reserved: 34.00 MB
[2026-06-19 15:59:03,189][finetune_logger][INFO] - Val memory reserved: 34.00 MB
2026-06-19 15:59:03 - finetune_logger - INFO - Val memory allocated: 23.73 MB
[2026-06-19 15:59:03,190][finetune_logger][INFO] - Val memory allocated: 23.73 MB
2026-06-19 15:59:03 - finetune_logger - INFO - Logged epoch 7 info to /public/home/202411094934/python_project/Spatio-Temporal-Library/time-series/2026-06-19/patchtst/pretrain10_finetune10/ettm1/time-series/seed_1/training_log.json
[2026-06-19 15:59:03,193][finetune_logger][INFO] - Logged epoch 7 info to /public/home/202411094934/python_project/Spatio-Temporal-Library/time-series/2026-06-19/patchtst/pretrain10_finetune10/ettm1/time-series/seed_1/training_log.json
2026-06-19 16:00:09 - finetune_logger - INFO - Test metrics: {'MAE': 1.4526883691456631, 'RMSE': 2.6831821403554237}
[2026-06-19 16:00:09,941][finetune_logger][INFO] - Test metrics: {'MAE': 1.4526883691456631, 'RMSE': 2.6831821403554237}
2026-06-19 16:00:09 - finetune_logger - INFO - Test time: 66.75s
[2026-06-19 16:00:09,942][finetune_logger][INFO] - Test time: 66.75s
2026-06-19 16:00:09 - finetune_logger - INFO - Test memory reserved: 34.00 MB
[2026-06-19 16:00:09,942][finetune_logger][INFO] - Test memory reserved: 34.00 MB
2026-06-19 16:00:09 - finetune_logger - INFO - Test memory allocated: 23.73 MB
[2026-06-19 16:00:09,942][finetune_logger][INFO] - Test memory allocated: 23.73 MB
2026-06-19 16:00:09 - finetune_logger - INFO - Epoch 8/10
[2026-06-19 16:00:09,942][finetune_logger][INFO] - Epoch 8/10
2026-06-19 16:07:39 - finetune_logger - INFO - Train loss: 0.9974688938982439
[2026-06-19 16:07:39,474][finetune_logger][INFO] - Train loss: 0.9974688938982439
2026-06-19 16:07:39 - finetune_logger - INFO - Train time: 449.5310809612274s
[2026-06-19 16:07:39,474][finetune_logger][INFO] - Train time: 449.5310809612274s
2026-06-19 16:07:39 - finetune_logger - INFO - Train memory reserved: 34.00 MB
[2026-06-19 16:07:39,474][finetune_logger][INFO] - Train memory reserved: 34.00 MB
2026-06-19 16:07:39 - finetune_logger - INFO - Train memory allocated: 23.73 MB
[2026-06-19 16:07:39,474][finetune_logger][INFO] - Train memory allocated: 23.73 MB
2026-06-19 16:07:39 - finetune_logger - INFO - Current learning rate: 0.0005
[2026-06-19 16:07:39,474][finetune_logger][INFO] - Current learning rate: 0.0005
2026-06-19 16:08:46 - finetune_logger - INFO - Validation metrics: {'MAE': 1.5622100022280496, 'RMSE': 2.554385392617185}
[2026-06-19 16:08:46,228][finetune_logger][INFO] - Validation metrics: {'MAE': 1.5622100022280496, 'RMSE': 2.554385392617185}
2026-06-19 16:08:46 - finetune_logger - INFO - Val time: 66.75s
[2026-06-19 16:08:46,228][finetune_logger][INFO] - Val time: 66.75s
2026-06-19 16:08:46 - finetune_logger - INFO - Val memory reserved: 34.00 MB
[2026-06-19 16:08:46,228][finetune_logger][INFO] - Val memory reserved: 34.00 MB
2026-06-19 16:08:46 - finetune_logger - INFO - Val memory allocated: 23.73 MB
[2026-06-19 16:08:46,228][finetune_logger][INFO] - Val memory allocated: 23.73 MB
2026-06-19 16:08:46 - finetune_logger - INFO - Logged epoch 8 info to /public/home/202411094934/python_project/Spatio-Temporal-Library/time-series/2026-06-19/patchtst/pretrain10_finetune10/ettm1/time-series/seed_1/training_log.json
[2026-06-19 16:08:46,232][finetune_logger][INFO] - Logged epoch 8 info to /public/home/202411094934/python_project/Spatio-Temporal-Library/time-series/2026-06-19/patchtst/pretrain10_finetune10/ettm1/time-series/seed_1/training_log.json
2026-06-19 16:09:53 - finetune_logger - INFO - Test metrics: {'MAE': 1.3693604537607915, 'RMSE': 2.5066351718020083}
[2026-06-19 16:09:53,101][finetune_logger][INFO] - Test metrics: {'MAE': 1.3693604537607915, 'RMSE': 2.5066351718020083}
2026-06-19 16:09:53 - finetune_logger - INFO - Test time: 66.87s
[2026-06-19 16:09:53,102][finetune_logger][INFO] - Test time: 66.87s
2026-06-19 16:09:53 - finetune_logger - INFO - Test memory reserved: 34.00 MB
[2026-06-19 16:09:53,102][finetune_logger][INFO] - Test memory reserved: 34.00 MB
2026-06-19 16:09:53 - finetune_logger - INFO - Test memory allocated: 23.73 MB
[2026-06-19 16:09:53,102][finetune_logger][INFO] - Test memory allocated: 23.73 MB
2026-06-19 16:09:53 - finetune_logger - INFO - Epoch 9/10
[2026-06-19 16:09:53,102][finetune_logger][INFO] - Epoch 9/10
2026-06-19 16:17:22 - finetune_logger - INFO - Train loss: 0.9850794598983564
[2026-06-19 16:17:22,912][finetune_logger][INFO] - Train loss: 0.9850794598983564
2026-06-19 16:17:22 - finetune_logger - INFO - Train time: 449.80945467948914s
[2026-06-19 16:17:22,912][finetune_logger][INFO] - Train time: 449.80945467948914s
2026-06-19 16:17:22 - finetune_logger - INFO - Train memory reserved: 34.00 MB
[2026-06-19 16:17:22,912][finetune_logger][INFO] - Train memory reserved: 34.00 MB
2026-06-19 16:17:22 - finetune_logger - INFO - Train memory allocated: 23.73 MB
[2026-06-19 16:17:22,912][finetune_logger][INFO] - Train memory allocated: 23.73 MB
2026-06-19 16:17:22 - finetune_logger - INFO - Current learning rate: 0.0005
[2026-06-19 16:17:22,912][finetune_logger][INFO] - Current learning rate: 0.0005
2026-06-19 16:18:29 - finetune_logger - INFO - Validation metrics: {'MAE': 1.5280121710106718, 'RMSE': 2.4991938921699486}
[2026-06-19 16:18:29,713][finetune_logger][INFO] - Validation metrics: {'MAE': 1.5280121710106718, 'RMSE': 2.4991938921699486}
2026-06-19 16:18:29 - finetune_logger - INFO - Val time: 66.80s
[2026-06-19 16:18:29,713][finetune_logger][INFO] - Val time: 66.80s
2026-06-19 16:18:29 - finetune_logger - INFO - Val memory reserved: 34.00 MB
[2026-06-19 16:18:29,713][finetune_logger][INFO] - Val memory reserved: 34.00 MB
2026-06-19 16:18:29 - finetune_logger - INFO - Val memory allocated: 23.73 MB
[2026-06-19 16:18:29,713][finetune_logger][INFO] - Val memory allocated: 23.73 MB
2026-06-19 16:18:29 - finetune_logger - INFO - Logged epoch 9 info to /public/home/202411094934/python_project/Spatio-Temporal-Library/time-series/2026-06-19/patchtst/pretrain10_finetune10/ettm1/time-series/seed_1/training_log.json
[2026-06-19 16:18:29,717][finetune_logger][INFO] - Logged epoch 9 info to /public/home/202411094934/python_project/Spatio-Temporal-Library/time-series/2026-06-19/patchtst/pretrain10_finetune10/ettm1/time-series/seed_1/training_log.json
2026-06-19 16:18:29 - finetune_logger - INFO - New best model! Val loss: 1.528012
[2026-06-19 16:18:29,717][finetune_logger][INFO] - New best model! Val loss: 1.528012
2026-06-19 16:19:36 - finetune_logger - INFO - Test metrics: {'MAE': 1.385763841378017, 'RMSE': 2.533264722339434}
[2026-06-19 16:19:36,476][finetune_logger][INFO] - Test metrics: {'MAE': 1.385763841378017, 'RMSE': 2.533264722339434}
2026-06-19 16:19:36 - finetune_logger - INFO - Test time: 66.71s
[2026-06-19 16:19:36,476][finetune_logger][INFO] - Test time: 66.71s
2026-06-19 16:19:36 - finetune_logger - INFO - Test memory reserved: 34.00 MB
[2026-06-19 16:19:36,476][finetune_logger][INFO] - Test memory reserved: 34.00 MB
2026-06-19 16:19:36 - finetune_logger - INFO - Test memory allocated: 23.73 MB
[2026-06-19 16:19:36,476][finetune_logger][INFO] - Test memory allocated: 23.73 MB
2026-06-19 16:19:36 - finetune_logger - INFO - Epoch 10/10
[2026-06-19 16:19:36,476][finetune_logger][INFO] - Epoch 10/10
2026-06-19 16:27:06 - finetune_logger - INFO - Train loss: 0.972507036547151
[2026-06-19 16:27:06,276][finetune_logger][INFO] - Train loss: 0.972507036547151
2026-06-19 16:27:06 - finetune_logger - INFO - Train time: 449.79902625083923s
[2026-06-19 16:27:06,276][finetune_logger][INFO] - Train time: 449.79902625083923s
2026-06-19 16:27:06 - finetune_logger - INFO - Train memory reserved: 34.00 MB
[2026-06-19 16:27:06,276][finetune_logger][INFO] - Train memory reserved: 34.00 MB
2026-06-19 16:27:06 - finetune_logger - INFO - Train memory allocated: 23.73 MB
[2026-06-19 16:27:06,276][finetune_logger][INFO] - Train memory allocated: 23.73 MB
2026-06-19 16:27:06 - finetune_logger - INFO - Current learning rate: 0.0005
[2026-06-19 16:27:06,276][finetune_logger][INFO] - Current learning rate: 0.0005
2026-06-19 16:28:13 - finetune_logger - INFO - Validation metrics: {'MAE': 1.559533504195293, 'RMSE': 2.5395831054282314}
[2026-06-19 16:28:13,170][finetune_logger][INFO] - Validation metrics: {'MAE': 1.559533504195293, 'RMSE': 2.5395831054282314}
2026-06-19 16:28:13 - finetune_logger - INFO - Val time: 66.89s
[2026-06-19 16:28:13,170][finetune_logger][INFO] - Val time: 66.89s
2026-06-19 16:28:13 - finetune_logger - INFO - Val memory reserved: 34.00 MB
[2026-06-19 16:28:13,171][finetune_logger][INFO] - Val memory reserved: 34.00 MB
2026-06-19 16:28:13 - finetune_logger - INFO - Val memory allocated: 23.73 MB
[2026-06-19 16:28:13,171][finetune_logger][INFO] - Val memory allocated: 23.73 MB
2026-06-19 16:28:13 - finetune_logger - INFO - Logged epoch 10 info to /public/home/202411094934/python_project/Spatio-Temporal-Library/time-series/2026-06-19/patchtst/pretrain10_finetune10/ettm1/time-series/seed_1/training_log.json
[2026-06-19 16:28:13,174][finetune_logger][INFO] - Logged epoch 10 info to /public/home/202411094934/python_project/Spatio-Temporal-Library/time-series/2026-06-19/patchtst/pretrain10_finetune10/ettm1/time-series/seed_1/training_log.json
2026-06-19 16:29:19 - finetune_logger - INFO - Test metrics: {'MAE': 1.4434150031498654, 'RMSE': 2.6192058387725603}
[2026-06-19 16:29:19,986][finetune_logger][INFO] - Test metrics: {'MAE': 1.4434150031498654, 'RMSE': 2.6192058387725603}
2026-06-19 16:29:19 - finetune_logger - INFO - Test time: 66.79s
[2026-06-19 16:29:19,987][finetune_logger][INFO] - Test time: 66.79s
2026-06-19 16:29:19 - finetune_logger - INFO - Test memory reserved: 34.00 MB
[2026-06-19 16:29:19,987][finetune_logger][INFO] - Test memory reserved: 34.00 MB
2026-06-19 16:29:19 - finetune_logger - INFO - Test memory allocated: 23.73 MB
[2026-06-19 16:29:19,987][finetune_logger][INFO] - Test memory allocated: 23.73 MB
2026-06-19 16:29:19 - finetune_logger - INFO - Training completed. Best epoch: 9, Best val loss: 1.528012
[2026-06-19 16:29:19,987][finetune_logger][INFO] - Training completed. Best epoch: 9, Best val loss: 1.528012
2026-06-19 16:29:20 - finetune_logger - INFO - Loaded checkpoint from epoch 9
[2026-06-19 16:29:20,026][finetune_logger][INFO] - Loaded checkpoint from epoch 9
2026-06-19 16:29:20 - finetune_logger - INFO - Evaluating best model on test sets...
[2026-06-19 16:29:20,027][finetune_logger][INFO] - Evaluating best model on test sets...
2026-06-19 16:30:26 - finetune_logger - INFO - Test metrics: {'MAE': 1.385763841378017, 'RMSE': 2.533264722339434}
[2026-06-19 16:30:26,714][finetune_logger][INFO] - Test metrics: {'MAE': 1.385763841378017, 'RMSE': 2.533264722339434}
2026-06-19 16:30:26 - finetune_logger - INFO - Test time: 66.69s
[2026-06-19 16:30:26,714][finetune_logger][INFO] - Test time: 66.69s
2026-06-19 16:30:26 - finetune_logger - INFO - Test memory reserved: 36.00 MB
[2026-06-19 16:30:26,714][finetune_logger][INFO] - Test memory reserved: 36.00 MB
2026-06-19 16:30:26 - finetune_logger - INFO - Test memory allocated: 23.76 MB
[2026-06-19 16:30:26,714][finetune_logger][INFO] - Test memory allocated: 23.76 MB
2026-06-19 16:30:26 - finetune_logger - INFO - Logged epoch test info to /public/home/202411094934/python_project/Spatio-Temporal-Library/time-series/2026-06-19/patchtst/pretrain10_finetune10/ettm1/time-series/seed_1/training_log.json
[2026-06-19 16:30:26,718][finetune_logger][INFO] - Logged epoch test info to /public/home/202411094934/python_project/Spatio-Temporal-Library/time-series/2026-06-19/patchtst/pretrain10_finetune10/ettm1/time-series/seed_1/training_log.json
