2026-06-16 00:43:05 - pretrain_logger - INFO - Model parameters: 158,912
[2026-06-16 00:43:05,132][pretrain_logger][INFO] - Model parameters: 158,912
2026-06-16 00:43:05 - pretrain_logger - INFO - Created new log file at /public/home/202411094934/python_project/Spatio-Temporal-Library/time-series/2026-06-16/itransformer/pretrain10/traffic/time-series/seed_0/training_log.json
[2026-06-16 00:43:05,141][pretrain_logger][INFO] - Created new log file at /public/home/202411094934/python_project/Spatio-Temporal-Library/time-series/2026-06-16/itransformer/pretrain10/traffic/time-series/seed_0/training_log.json
2026-06-16 00:43:05 - pretrain_logger - INFO - Starting JEPA pretraining...
[2026-06-16 00:43:05,142][pretrain_logger][INFO] - Starting JEPA pretraining...
2026-06-16 00:48:32 - pretrain_logger - INFO - [JEPA Pretrain] Epoch 1/10, loss=5.995136, time=326.87s
[2026-06-16 00:48:32,009][pretrain_logger][INFO] - [JEPA Pretrain] Epoch 1/10, loss=5.995136, time=326.87s
2026-06-16 00:48:32 - pretrain_logger - INFO - Pretrain loss: 5.995136200474587
[2026-06-16 00:48:32,010][pretrain_logger][INFO] - Pretrain loss: 5.995136200474587
2026-06-16 00:48:32 - pretrain_logger - INFO - Pretrain time: 326.8673892021179s
[2026-06-16 00:48:32,010][pretrain_logger][INFO] - Pretrain time: 326.8673892021179s
2026-06-16 00:48:32 - pretrain_logger - INFO - Pretrain memory reserved: 496.00 MB
[2026-06-16 00:48:32,010][pretrain_logger][INFO] - Pretrain memory reserved: 496.00 MB
2026-06-16 00:48:32 - pretrain_logger - INFO - Pretrain memory allocated: 18.05 MB
[2026-06-16 00:48:32,010][pretrain_logger][INFO] - Pretrain memory allocated: 18.05 MB
2026-06-16 00:48:32 - pretrain_logger - INFO - Current learning rate: 0.0005
[2026-06-16 00:48:32,010][pretrain_logger][INFO] - Current learning rate: 0.0005
2026-06-16 00:48:32 - pretrain_logger - INFO - Logged epoch Pretrain 1 info to /public/home/202411094934/python_project/Spatio-Temporal-Library/time-series/2026-06-16/itransformer/pretrain10/traffic/time-series/seed_0/training_log.json
[2026-06-16 00:48:32,014][pretrain_logger][INFO] - Logged epoch Pretrain 1 info to /public/home/202411094934/python_project/Spatio-Temporal-Library/time-series/2026-06-16/itransformer/pretrain10/traffic/time-series/seed_0/training_log.json
2026-06-16 00:53:57 - pretrain_logger - INFO - [JEPA Pretrain] Epoch 2/10, loss=3.923037, time=325.93s
[2026-06-16 00:53:57,941][pretrain_logger][INFO] - [JEPA Pretrain] Epoch 2/10, loss=3.923037, time=325.93s
2026-06-16 00:53:57 - pretrain_logger - INFO - Pretrain loss: 3.9230367421806274
[2026-06-16 00:53:57,963][pretrain_logger][INFO] - Pretrain loss: 3.9230367421806274
2026-06-16 00:53:57 - pretrain_logger - INFO - Pretrain time: 325.92705249786377s
[2026-06-16 00:53:57,964][pretrain_logger][INFO] - Pretrain time: 325.92705249786377s
2026-06-16 00:53:57 - pretrain_logger - INFO - Pretrain memory reserved: 496.00 MB
[2026-06-16 00:53:57,964][pretrain_logger][INFO] - Pretrain memory reserved: 496.00 MB
2026-06-16 00:53:57 - pretrain_logger - INFO - Pretrain memory allocated: 18.05 MB
[2026-06-16 00:53:57,964][pretrain_logger][INFO] - Pretrain memory allocated: 18.05 MB
2026-06-16 00:53:57 - pretrain_logger - INFO - Current learning rate: 0.0005
[2026-06-16 00:53:57,964][pretrain_logger][INFO] - Current learning rate: 0.0005
2026-06-16 00:53:57 - pretrain_logger - INFO - Logged epoch Pretrain 2 info to /public/home/202411094934/python_project/Spatio-Temporal-Library/time-series/2026-06-16/itransformer/pretrain10/traffic/time-series/seed_0/training_log.json
[2026-06-16 00:53:57,967][pretrain_logger][INFO] - Logged epoch Pretrain 2 info to /public/home/202411094934/python_project/Spatio-Temporal-Library/time-series/2026-06-16/itransformer/pretrain10/traffic/time-series/seed_0/training_log.json
2026-06-16 00:59:23 - pretrain_logger - INFO - [JEPA Pretrain] Epoch 3/10, loss=4.081475, time=325.98s
[2026-06-16 00:59:23,950][pretrain_logger][INFO] - [JEPA Pretrain] Epoch 3/10, loss=4.081475, time=325.98s
2026-06-16 00:59:23 - pretrain_logger - INFO - Pretrain loss: 4.081474617603185
[2026-06-16 00:59:23,951][pretrain_logger][INFO] - Pretrain loss: 4.081474617603185
2026-06-16 00:59:23 - pretrain_logger - INFO - Pretrain time: 325.9833688735962s
[2026-06-16 00:59:23,951][pretrain_logger][INFO] - Pretrain time: 325.9833688735962s
2026-06-16 00:59:23 - pretrain_logger - INFO - Pretrain memory reserved: 496.00 MB
[2026-06-16 00:59:23,951][pretrain_logger][INFO] - Pretrain memory reserved: 496.00 MB
2026-06-16 00:59:23 - pretrain_logger - INFO - Pretrain memory allocated: 18.05 MB
[2026-06-16 00:59:23,951][pretrain_logger][INFO] - Pretrain memory allocated: 18.05 MB
2026-06-16 00:59:23 - pretrain_logger - INFO - Current learning rate: 0.0005
[2026-06-16 00:59:23,951][pretrain_logger][INFO] - Current learning rate: 0.0005
2026-06-16 00:59:23 - pretrain_logger - INFO - Logged epoch Pretrain 3 info to /public/home/202411094934/python_project/Spatio-Temporal-Library/time-series/2026-06-16/itransformer/pretrain10/traffic/time-series/seed_0/training_log.json
[2026-06-16 00:59:23,954][pretrain_logger][INFO] - Logged epoch Pretrain 3 info to /public/home/202411094934/python_project/Spatio-Temporal-Library/time-series/2026-06-16/itransformer/pretrain10/traffic/time-series/seed_0/training_log.json
2026-06-16 01:04:49 - pretrain_logger - INFO - [JEPA Pretrain] Epoch 4/10, loss=4.216990, time=325.92s
[2026-06-16 01:04:49,871][pretrain_logger][INFO] - [JEPA Pretrain] Epoch 4/10, loss=4.216990, time=325.92s
2026-06-16 01:04:49 - pretrain_logger - INFO - Pretrain loss: 4.216990050535939
[2026-06-16 01:04:49,892][pretrain_logger][INFO] - Pretrain loss: 4.216990050535939
2026-06-16 01:04:49 - pretrain_logger - INFO - Pretrain time: 325.91621351242065s
[2026-06-16 01:04:49,892][pretrain_logger][INFO] - Pretrain time: 325.91621351242065s
2026-06-16 01:04:49 - pretrain_logger - INFO - Pretrain memory reserved: 496.00 MB
[2026-06-16 01:04:49,892][pretrain_logger][INFO] - Pretrain memory reserved: 496.00 MB
2026-06-16 01:04:49 - pretrain_logger - INFO - Pretrain memory allocated: 18.05 MB
[2026-06-16 01:04:49,892][pretrain_logger][INFO] - Pretrain memory allocated: 18.05 MB
2026-06-16 01:04:49 - pretrain_logger - INFO - Current learning rate: 0.0005
[2026-06-16 01:04:49,892][pretrain_logger][INFO] - Current learning rate: 0.0005
2026-06-16 01:04:49 - pretrain_logger - INFO - Logged epoch Pretrain 4 info to /public/home/202411094934/python_project/Spatio-Temporal-Library/time-series/2026-06-16/itransformer/pretrain10/traffic/time-series/seed_0/training_log.json
[2026-06-16 01:04:49,895][pretrain_logger][INFO] - Logged epoch Pretrain 4 info to /public/home/202411094934/python_project/Spatio-Temporal-Library/time-series/2026-06-16/itransformer/pretrain10/traffic/time-series/seed_0/training_log.json
2026-06-16 01:10:15 - pretrain_logger - INFO - [JEPA Pretrain] Epoch 5/10, loss=4.496771, time=326.04s
[2026-06-16 01:10:15,936][pretrain_logger][INFO] - [JEPA Pretrain] Epoch 5/10, loss=4.496771, time=326.04s
2026-06-16 01:10:15 - pretrain_logger - INFO - Pretrain loss: 4.496771391592965
[2026-06-16 01:10:15,937][pretrain_logger][INFO] - Pretrain loss: 4.496771391592965
2026-06-16 01:10:15 - pretrain_logger - INFO - Pretrain time: 326.0413706302643s
[2026-06-16 01:10:15,937][pretrain_logger][INFO] - Pretrain time: 326.0413706302643s
2026-06-16 01:10:15 - pretrain_logger - INFO - Pretrain memory reserved: 496.00 MB
[2026-06-16 01:10:15,937][pretrain_logger][INFO] - Pretrain memory reserved: 496.00 MB
2026-06-16 01:10:15 - pretrain_logger - INFO - Pretrain memory allocated: 18.05 MB
[2026-06-16 01:10:15,937][pretrain_logger][INFO] - Pretrain memory allocated: 18.05 MB
2026-06-16 01:10:15 - pretrain_logger - INFO - Current learning rate: 0.0005
[2026-06-16 01:10:15,938][pretrain_logger][INFO] - Current learning rate: 0.0005
2026-06-16 01:10:15 - pretrain_logger - INFO - Logged epoch Pretrain 5 info to /public/home/202411094934/python_project/Spatio-Temporal-Library/time-series/2026-06-16/itransformer/pretrain10/traffic/time-series/seed_0/training_log.json
[2026-06-16 01:10:15,940][pretrain_logger][INFO] - Logged epoch Pretrain 5 info to /public/home/202411094934/python_project/Spatio-Temporal-Library/time-series/2026-06-16/itransformer/pretrain10/traffic/time-series/seed_0/training_log.json
2026-06-16 01:15:42 - pretrain_logger - INFO - [JEPA Pretrain] Epoch 6/10, loss=5.147589, time=326.34s
[2026-06-16 01:15:42,285][pretrain_logger][INFO] - [JEPA Pretrain] Epoch 6/10, loss=5.147589, time=326.34s
2026-06-16 01:15:42 - pretrain_logger - INFO - Pretrain loss: 5.14758901050832
[2026-06-16 01:15:42,306][pretrain_logger][INFO] - Pretrain loss: 5.14758901050832
2026-06-16 01:15:42 - pretrain_logger - INFO - Pretrain time: 326.34412574768066s
[2026-06-16 01:15:42,306][pretrain_logger][INFO] - Pretrain time: 326.34412574768066s
2026-06-16 01:15:42 - pretrain_logger - INFO - Pretrain memory reserved: 496.00 MB
[2026-06-16 01:15:42,306][pretrain_logger][INFO] - Pretrain memory reserved: 496.00 MB
2026-06-16 01:15:42 - pretrain_logger - INFO - Pretrain memory allocated: 18.05 MB
[2026-06-16 01:15:42,307][pretrain_logger][INFO] - Pretrain memory allocated: 18.05 MB
2026-06-16 01:15:42 - pretrain_logger - INFO - Current learning rate: 0.0005
[2026-06-16 01:15:42,307][pretrain_logger][INFO] - Current learning rate: 0.0005
2026-06-16 01:15:42 - pretrain_logger - INFO - Logged epoch Pretrain 6 info to /public/home/202411094934/python_project/Spatio-Temporal-Library/time-series/2026-06-16/itransformer/pretrain10/traffic/time-series/seed_0/training_log.json
[2026-06-16 01:15:42,309][pretrain_logger][INFO] - Logged epoch Pretrain 6 info to /public/home/202411094934/python_project/Spatio-Temporal-Library/time-series/2026-06-16/itransformer/pretrain10/traffic/time-series/seed_0/training_log.json
2026-06-16 01:21:08 - pretrain_logger - INFO - [JEPA Pretrain] Epoch 7/10, loss=5.832941, time=325.88s
[2026-06-16 01:21:08,190][pretrain_logger][INFO] - [JEPA Pretrain] Epoch 7/10, loss=5.832941, time=325.88s
2026-06-16 01:21:08 - pretrain_logger - INFO - Pretrain loss: 5.832940852547814
[2026-06-16 01:21:08,191][pretrain_logger][INFO] - Pretrain loss: 5.832940852547814
2026-06-16 01:21:08 - pretrain_logger - INFO - Pretrain time: 325.8802578449249s
[2026-06-16 01:21:08,191][pretrain_logger][INFO] - Pretrain time: 325.8802578449249s
2026-06-16 01:21:08 - pretrain_logger - INFO - Pretrain memory reserved: 496.00 MB
[2026-06-16 01:21:08,191][pretrain_logger][INFO] - Pretrain memory reserved: 496.00 MB
2026-06-16 01:21:08 - pretrain_logger - INFO - Pretrain memory allocated: 18.05 MB
[2026-06-16 01:21:08,191][pretrain_logger][INFO] - Pretrain memory allocated: 18.05 MB
2026-06-16 01:21:08 - pretrain_logger - INFO - Current learning rate: 0.0005
[2026-06-16 01:21:08,191][pretrain_logger][INFO] - Current learning rate: 0.0005
2026-06-16 01:21:08 - pretrain_logger - INFO - Logged epoch Pretrain 7 info to /public/home/202411094934/python_project/Spatio-Temporal-Library/time-series/2026-06-16/itransformer/pretrain10/traffic/time-series/seed_0/training_log.json
[2026-06-16 01:21:08,194][pretrain_logger][INFO] - Logged epoch Pretrain 7 info to /public/home/202411094934/python_project/Spatio-Temporal-Library/time-series/2026-06-16/itransformer/pretrain10/traffic/time-series/seed_0/training_log.json
2026-06-16 01:26:34 - pretrain_logger - INFO - [JEPA Pretrain] Epoch 8/10, loss=6.421789, time=326.42s
[2026-06-16 01:26:34,619][pretrain_logger][INFO] - [JEPA Pretrain] Epoch 8/10, loss=6.421789, time=326.42s
2026-06-16 01:26:34 - pretrain_logger - INFO - Pretrain loss: 6.421788748544851
[2026-06-16 01:26:34,640][pretrain_logger][INFO] - Pretrain loss: 6.421788748544851
2026-06-16 01:26:34 - pretrain_logger - INFO - Pretrain time: 326.4247534275055s
[2026-06-16 01:26:34,641][pretrain_logger][INFO] - Pretrain time: 326.4247534275055s
2026-06-16 01:26:34 - pretrain_logger - INFO - Pretrain memory reserved: 496.00 MB
[2026-06-16 01:26:34,641][pretrain_logger][INFO] - Pretrain memory reserved: 496.00 MB
2026-06-16 01:26:34 - pretrain_logger - INFO - Pretrain memory allocated: 18.05 MB
[2026-06-16 01:26:34,641][pretrain_logger][INFO] - Pretrain memory allocated: 18.05 MB
2026-06-16 01:26:34 - pretrain_logger - INFO - Current learning rate: 0.0005
[2026-06-16 01:26:34,641][pretrain_logger][INFO] - Current learning rate: 0.0005
2026-06-16 01:26:34 - pretrain_logger - INFO - Logged epoch Pretrain 8 info to /public/home/202411094934/python_project/Spatio-Temporal-Library/time-series/2026-06-16/itransformer/pretrain10/traffic/time-series/seed_0/training_log.json
[2026-06-16 01:26:34,644][pretrain_logger][INFO] - Logged epoch Pretrain 8 info to /public/home/202411094934/python_project/Spatio-Temporal-Library/time-series/2026-06-16/itransformer/pretrain10/traffic/time-series/seed_0/training_log.json
2026-06-16 01:32:01 - pretrain_logger - INFO - [JEPA Pretrain] Epoch 9/10, loss=6.786773, time=326.42s
[2026-06-16 01:32:01,067][pretrain_logger][INFO] - [JEPA Pretrain] Epoch 9/10, loss=6.786773, time=326.42s
2026-06-16 01:32:01 - pretrain_logger - INFO - Pretrain loss: 6.7867726329557945
[2026-06-16 01:32:01,067][pretrain_logger][INFO] - Pretrain loss: 6.7867726329557945
2026-06-16 01:32:01 - pretrain_logger - INFO - Pretrain time: 326.42243695259094s
[2026-06-16 01:32:01,067][pretrain_logger][INFO] - Pretrain time: 326.42243695259094s
2026-06-16 01:32:01 - pretrain_logger - INFO - Pretrain memory reserved: 496.00 MB
[2026-06-16 01:32:01,068][pretrain_logger][INFO] - Pretrain memory reserved: 496.00 MB
2026-06-16 01:32:01 - pretrain_logger - INFO - Pretrain memory allocated: 18.05 MB
[2026-06-16 01:32:01,068][pretrain_logger][INFO] - Pretrain memory allocated: 18.05 MB
2026-06-16 01:32:01 - pretrain_logger - INFO - Current learning rate: 0.0005
[2026-06-16 01:32:01,068][pretrain_logger][INFO] - Current learning rate: 0.0005
2026-06-16 01:32:01 - pretrain_logger - INFO - Logged epoch Pretrain 9 info to /public/home/202411094934/python_project/Spatio-Temporal-Library/time-series/2026-06-16/itransformer/pretrain10/traffic/time-series/seed_0/training_log.json
[2026-06-16 01:32:01,071][pretrain_logger][INFO] - Logged epoch Pretrain 9 info to /public/home/202411094934/python_project/Spatio-Temporal-Library/time-series/2026-06-16/itransformer/pretrain10/traffic/time-series/seed_0/training_log.json
2026-06-16 01:37:27 - pretrain_logger - INFO - [JEPA Pretrain] Epoch 10/10, loss=7.042490, time=326.12s
[2026-06-16 01:37:27,194][pretrain_logger][INFO] - [JEPA Pretrain] Epoch 10/10, loss=7.042490, time=326.12s
2026-06-16 01:37:27 - pretrain_logger - INFO - Pretrain loss: 7.042490483361304
[2026-06-16 01:37:27,215][pretrain_logger][INFO] - Pretrain loss: 7.042490483361304
2026-06-16 01:37:27 - pretrain_logger - INFO - Pretrain time: 326.12285327911377s
[2026-06-16 01:37:27,215][pretrain_logger][INFO] - Pretrain time: 326.12285327911377s
2026-06-16 01:37:27 - pretrain_logger - INFO - Pretrain memory reserved: 496.00 MB
[2026-06-16 01:37:27,215][pretrain_logger][INFO] - Pretrain memory reserved: 496.00 MB
2026-06-16 01:37:27 - pretrain_logger - INFO - Pretrain memory allocated: 18.05 MB
[2026-06-16 01:37:27,216][pretrain_logger][INFO] - Pretrain memory allocated: 18.05 MB
2026-06-16 01:37:27 - pretrain_logger - INFO - Current learning rate: 0.0005
[2026-06-16 01:37:27,216][pretrain_logger][INFO] - Current learning rate: 0.0005
2026-06-16 01:37:27 - pretrain_logger - INFO - Logged epoch Pretrain 10 info to /public/home/202411094934/python_project/Spatio-Temporal-Library/time-series/2026-06-16/itransformer/pretrain10/traffic/time-series/seed_0/training_log.json
[2026-06-16 01:37:27,219][pretrain_logger][INFO] - Logged epoch Pretrain 10 info to /public/home/202411094934/python_project/Spatio-Temporal-Library/time-series/2026-06-16/itransformer/pretrain10/traffic/time-series/seed_0/training_log.json
2026-06-16 01:37:27 - pretrain_logger - INFO - JEPA pretraining completed.
[2026-06-16 01:37:27,219][pretrain_logger][INFO] - JEPA pretraining completed.
2026-06-16 09:10:45 - pretrain_logger - INFO - Model parameters: 158,912
[2026-06-16 09:10:45,833][pretrain_logger][INFO] - Model parameters: 158,912
2026-06-16 09:10:45 - pretrain_logger - INFO - Log file already exists at /public/home/202411094934/python_project/Spatio-Temporal-Library/time-series/2026-06-16/itransformer/pretrain10/traffic/time-series/seed_0/training_log.json, appending to it.
[2026-06-16 09:10:45,844][pretrain_logger][INFO] - Log file already exists at /public/home/202411094934/python_project/Spatio-Temporal-Library/time-series/2026-06-16/itransformer/pretrain10/traffic/time-series/seed_0/training_log.json, appending to it.
2026-06-16 09:10:45 - pretrain_logger - INFO - Starting JEPA pretraining...
[2026-06-16 09:10:45,844][pretrain_logger][INFO] - Starting JEPA pretraining...
2026-06-16 09:16:19 - pretrain_logger - INFO - [JEPA Pretrain] Epoch 1/10, loss=5.995136, time=333.38s
[2026-06-16 09:16:19,227][pretrain_logger][INFO] - [JEPA Pretrain] Epoch 1/10, loss=5.995136, time=333.38s
2026-06-16 09:16:19 - pretrain_logger - INFO - Pretrain loss: 5.995136200474587
[2026-06-16 09:16:19,228][pretrain_logger][INFO] - Pretrain loss: 5.995136200474587
2026-06-16 09:16:19 - pretrain_logger - INFO - Pretrain time: 333.3826868534088s
[2026-06-16 09:16:19,228][pretrain_logger][INFO] - Pretrain time: 333.3826868534088s
2026-06-16 09:16:19 - pretrain_logger - INFO - Pretrain memory reserved: 496.00 MB
[2026-06-16 09:16:19,228][pretrain_logger][INFO] - Pretrain memory reserved: 496.00 MB
2026-06-16 09:16:19 - pretrain_logger - INFO - Pretrain memory allocated: 18.05 MB
[2026-06-16 09:16:19,228][pretrain_logger][INFO] - Pretrain memory allocated: 18.05 MB
2026-06-16 09:16:19 - pretrain_logger - INFO - Current learning rate: 0.0005
[2026-06-16 09:16:19,228][pretrain_logger][INFO] - Current learning rate: 0.0005
2026-06-16 09:16:19 - pretrain_logger - INFO - Logged epoch Pretrain 1 info to /public/home/202411094934/python_project/Spatio-Temporal-Library/time-series/2026-06-16/itransformer/pretrain10/traffic/time-series/seed_0/training_log.json
[2026-06-16 09:16:19,234][pretrain_logger][INFO] - Logged epoch Pretrain 1 info to /public/home/202411094934/python_project/Spatio-Temporal-Library/time-series/2026-06-16/itransformer/pretrain10/traffic/time-series/seed_0/training_log.json
2026-06-16 09:21:52 - pretrain_logger - INFO - [JEPA Pretrain] Epoch 2/10, loss=3.923037, time=332.79s
[2026-06-16 09:21:52,020][pretrain_logger][INFO] - [JEPA Pretrain] Epoch 2/10, loss=3.923037, time=332.79s
2026-06-16 09:21:52 - pretrain_logger - INFO - Pretrain loss: 3.9230367421806274
[2026-06-16 09:21:52,046][pretrain_logger][INFO] - Pretrain loss: 3.9230367421806274
2026-06-16 09:21:52 - pretrain_logger - INFO - Pretrain time: 332.7861542701721s
[2026-06-16 09:21:52,046][pretrain_logger][INFO] - Pretrain time: 332.7861542701721s
2026-06-16 09:21:52 - pretrain_logger - INFO - Pretrain memory reserved: 496.00 MB
[2026-06-16 09:21:52,047][pretrain_logger][INFO] - Pretrain memory reserved: 496.00 MB
2026-06-16 09:21:52 - pretrain_logger - INFO - Pretrain memory allocated: 18.05 MB
[2026-06-16 09:21:52,047][pretrain_logger][INFO] - Pretrain memory allocated: 18.05 MB
2026-06-16 09:21:52 - pretrain_logger - INFO - Current learning rate: 0.0005
[2026-06-16 09:21:52,047][pretrain_logger][INFO] - Current learning rate: 0.0005
2026-06-16 09:21:52 - pretrain_logger - INFO - Logged epoch Pretrain 2 info to /public/home/202411094934/python_project/Spatio-Temporal-Library/time-series/2026-06-16/itransformer/pretrain10/traffic/time-series/seed_0/training_log.json
[2026-06-16 09:21:52,049][pretrain_logger][INFO] - Logged epoch Pretrain 2 info to /public/home/202411094934/python_project/Spatio-Temporal-Library/time-series/2026-06-16/itransformer/pretrain10/traffic/time-series/seed_0/training_log.json
2026-06-16 09:27:24 - pretrain_logger - INFO - [JEPA Pretrain] Epoch 3/10, loss=4.081475, time=332.75s
[2026-06-16 09:27:24,797][pretrain_logger][INFO] - [JEPA Pretrain] Epoch 3/10, loss=4.081475, time=332.75s
2026-06-16 09:27:24 - pretrain_logger - INFO - Pretrain loss: 4.081474617603185
[2026-06-16 09:27:24,797][pretrain_logger][INFO] - Pretrain loss: 4.081474617603185
2026-06-16 09:27:24 - pretrain_logger - INFO - Pretrain time: 332.74693059921265s
[2026-06-16 09:27:24,797][pretrain_logger][INFO] - Pretrain time: 332.74693059921265s
2026-06-16 09:27:24 - pretrain_logger - INFO - Pretrain memory reserved: 496.00 MB
[2026-06-16 09:27:24,798][pretrain_logger][INFO] - Pretrain memory reserved: 496.00 MB
2026-06-16 09:27:24 - pretrain_logger - INFO - Pretrain memory allocated: 18.05 MB
[2026-06-16 09:27:24,798][pretrain_logger][INFO] - Pretrain memory allocated: 18.05 MB
2026-06-16 09:27:24 - pretrain_logger - INFO - Current learning rate: 0.0005
[2026-06-16 09:27:24,798][pretrain_logger][INFO] - Current learning rate: 0.0005
2026-06-16 09:27:24 - pretrain_logger - INFO - Logged epoch Pretrain 3 info to /public/home/202411094934/python_project/Spatio-Temporal-Library/time-series/2026-06-16/itransformer/pretrain10/traffic/time-series/seed_0/training_log.json
[2026-06-16 09:27:24,801][pretrain_logger][INFO] - Logged epoch Pretrain 3 info to /public/home/202411094934/python_project/Spatio-Temporal-Library/time-series/2026-06-16/itransformer/pretrain10/traffic/time-series/seed_0/training_log.json
2026-06-16 09:32:57 - pretrain_logger - INFO - [JEPA Pretrain] Epoch 4/10, loss=4.216990, time=332.86s
[2026-06-16 09:32:57,666][pretrain_logger][INFO] - [JEPA Pretrain] Epoch 4/10, loss=4.216990, time=332.86s
2026-06-16 09:32:57 - pretrain_logger - INFO - Pretrain loss: 4.216990050535939
[2026-06-16 09:32:57,691][pretrain_logger][INFO] - Pretrain loss: 4.216990050535939
2026-06-16 09:32:57 - pretrain_logger - INFO - Pretrain time: 332.86496090888977s
[2026-06-16 09:32:57,691][pretrain_logger][INFO] - Pretrain time: 332.86496090888977s
2026-06-16 09:32:57 - pretrain_logger - INFO - Pretrain memory reserved: 496.00 MB
[2026-06-16 09:32:57,691][pretrain_logger][INFO] - Pretrain memory reserved: 496.00 MB
2026-06-16 09:32:57 - pretrain_logger - INFO - Pretrain memory allocated: 18.05 MB
[2026-06-16 09:32:57,691][pretrain_logger][INFO] - Pretrain memory allocated: 18.05 MB
2026-06-16 09:32:57 - pretrain_logger - INFO - Current learning rate: 0.0005
[2026-06-16 09:32:57,691][pretrain_logger][INFO] - Current learning rate: 0.0005
2026-06-16 09:32:57 - pretrain_logger - INFO - Logged epoch Pretrain 4 info to /public/home/202411094934/python_project/Spatio-Temporal-Library/time-series/2026-06-16/itransformer/pretrain10/traffic/time-series/seed_0/training_log.json
[2026-06-16 09:32:57,694][pretrain_logger][INFO] - Logged epoch Pretrain 4 info to /public/home/202411094934/python_project/Spatio-Temporal-Library/time-series/2026-06-16/itransformer/pretrain10/traffic/time-series/seed_0/training_log.json
2026-06-16 09:38:31 - pretrain_logger - INFO - [JEPA Pretrain] Epoch 5/10, loss=4.496771, time=333.49s
[2026-06-16 09:38:31,189][pretrain_logger][INFO] - [JEPA Pretrain] Epoch 5/10, loss=4.496771, time=333.49s
2026-06-16 09:38:31 - pretrain_logger - INFO - Pretrain loss: 4.496771391592965
[2026-06-16 09:38:31,189][pretrain_logger][INFO] - Pretrain loss: 4.496771391592965
2026-06-16 09:38:31 - pretrain_logger - INFO - Pretrain time: 333.4944324493408s
[2026-06-16 09:38:31,190][pretrain_logger][INFO] - Pretrain time: 333.4944324493408s
2026-06-16 09:38:31 - pretrain_logger - INFO - Pretrain memory reserved: 496.00 MB
[2026-06-16 09:38:31,190][pretrain_logger][INFO] - Pretrain memory reserved: 496.00 MB
2026-06-16 09:38:31 - pretrain_logger - INFO - Pretrain memory allocated: 18.05 MB
[2026-06-16 09:38:31,190][pretrain_logger][INFO] - Pretrain memory allocated: 18.05 MB
2026-06-16 09:38:31 - pretrain_logger - INFO - Current learning rate: 0.0005
[2026-06-16 09:38:31,190][pretrain_logger][INFO] - Current learning rate: 0.0005
2026-06-16 09:38:31 - pretrain_logger - INFO - Logged epoch Pretrain 5 info to /public/home/202411094934/python_project/Spatio-Temporal-Library/time-series/2026-06-16/itransformer/pretrain10/traffic/time-series/seed_0/training_log.json
[2026-06-16 09:38:31,193][pretrain_logger][INFO] - Logged epoch Pretrain 5 info to /public/home/202411094934/python_project/Spatio-Temporal-Library/time-series/2026-06-16/itransformer/pretrain10/traffic/time-series/seed_0/training_log.json
2026-06-16 09:44:04 - pretrain_logger - INFO - [JEPA Pretrain] Epoch 6/10, loss=5.147589, time=333.59s
[2026-06-16 09:44:04,787][pretrain_logger][INFO] - [JEPA Pretrain] Epoch 6/10, loss=5.147589, time=333.59s
2026-06-16 09:44:04 - pretrain_logger - INFO - Pretrain loss: 5.14758901050832
[2026-06-16 09:44:04,812][pretrain_logger][INFO] - Pretrain loss: 5.14758901050832
2026-06-16 09:44:04 - pretrain_logger - INFO - Pretrain time: 333.59382581710815s
[2026-06-16 09:44:04,812][pretrain_logger][INFO] - Pretrain time: 333.59382581710815s
2026-06-16 09:44:04 - pretrain_logger - INFO - Pretrain memory reserved: 496.00 MB
[2026-06-16 09:44:04,813][pretrain_logger][INFO] - Pretrain memory reserved: 496.00 MB
2026-06-16 09:44:04 - pretrain_logger - INFO - Pretrain memory allocated: 18.05 MB
[2026-06-16 09:44:04,813][pretrain_logger][INFO] - Pretrain memory allocated: 18.05 MB
2026-06-16 09:44:04 - pretrain_logger - INFO - Current learning rate: 0.0005
[2026-06-16 09:44:04,813][pretrain_logger][INFO] - Current learning rate: 0.0005
2026-06-16 09:44:04 - pretrain_logger - INFO - Logged epoch Pretrain 6 info to /public/home/202411094934/python_project/Spatio-Temporal-Library/time-series/2026-06-16/itransformer/pretrain10/traffic/time-series/seed_0/training_log.json
[2026-06-16 09:44:04,816][pretrain_logger][INFO] - Logged epoch Pretrain 6 info to /public/home/202411094934/python_project/Spatio-Temporal-Library/time-series/2026-06-16/itransformer/pretrain10/traffic/time-series/seed_0/training_log.json
2026-06-16 09:49:38 - pretrain_logger - INFO - [JEPA Pretrain] Epoch 7/10, loss=5.832941, time=333.33s
[2026-06-16 09:49:38,150][pretrain_logger][INFO] - [JEPA Pretrain] Epoch 7/10, loss=5.832941, time=333.33s
2026-06-16 09:49:38 - pretrain_logger - INFO - Pretrain loss: 5.832940852547814
[2026-06-16 09:49:38,151][pretrain_logger][INFO] - Pretrain loss: 5.832940852547814
2026-06-16 09:49:38 - pretrain_logger - INFO - Pretrain time: 333.33471941947937s
[2026-06-16 09:49:38,151][pretrain_logger][INFO] - Pretrain time: 333.33471941947937s
2026-06-16 09:49:38 - pretrain_logger - INFO - Pretrain memory reserved: 496.00 MB
[2026-06-16 09:49:38,151][pretrain_logger][INFO] - Pretrain memory reserved: 496.00 MB
2026-06-16 09:49:38 - pretrain_logger - INFO - Pretrain memory allocated: 18.05 MB
[2026-06-16 09:49:38,152][pretrain_logger][INFO] - Pretrain memory allocated: 18.05 MB
2026-06-16 09:49:38 - pretrain_logger - INFO - Current learning rate: 0.0005
[2026-06-16 09:49:38,152][pretrain_logger][INFO] - Current learning rate: 0.0005
2026-06-16 09:49:38 - pretrain_logger - INFO - Logged epoch Pretrain 7 info to /public/home/202411094934/python_project/Spatio-Temporal-Library/time-series/2026-06-16/itransformer/pretrain10/traffic/time-series/seed_0/training_log.json
[2026-06-16 09:49:38,155][pretrain_logger][INFO] - Logged epoch Pretrain 7 info to /public/home/202411094934/python_project/Spatio-Temporal-Library/time-series/2026-06-16/itransformer/pretrain10/traffic/time-series/seed_0/training_log.json
2026-06-16 09:55:11 - pretrain_logger - INFO - [JEPA Pretrain] Epoch 8/10, loss=6.421789, time=333.16s
[2026-06-16 09:55:11,317][pretrain_logger][INFO] - [JEPA Pretrain] Epoch 8/10, loss=6.421789, time=333.16s
2026-06-16 09:55:11 - pretrain_logger - INFO - Pretrain loss: 6.421788748544851
[2026-06-16 09:55:11,342][pretrain_logger][INFO] - Pretrain loss: 6.421788748544851
2026-06-16 09:55:11 - pretrain_logger - INFO - Pretrain time: 333.1622693538666s
[2026-06-16 09:55:11,342][pretrain_logger][INFO] - Pretrain time: 333.1622693538666s
2026-06-16 09:55:11 - pretrain_logger - INFO - Pretrain memory reserved: 496.00 MB
[2026-06-16 09:55:11,342][pretrain_logger][INFO] - Pretrain memory reserved: 496.00 MB
2026-06-16 09:55:11 - pretrain_logger - INFO - Pretrain memory allocated: 18.05 MB
[2026-06-16 09:55:11,342][pretrain_logger][INFO] - Pretrain memory allocated: 18.05 MB
2026-06-16 09:55:11 - pretrain_logger - INFO - Current learning rate: 0.0005
[2026-06-16 09:55:11,342][pretrain_logger][INFO] - Current learning rate: 0.0005
2026-06-16 09:55:11 - pretrain_logger - INFO - Logged epoch Pretrain 8 info to /public/home/202411094934/python_project/Spatio-Temporal-Library/time-series/2026-06-16/itransformer/pretrain10/traffic/time-series/seed_0/training_log.json
[2026-06-16 09:55:11,345][pretrain_logger][INFO] - Logged epoch Pretrain 8 info to /public/home/202411094934/python_project/Spatio-Temporal-Library/time-series/2026-06-16/itransformer/pretrain10/traffic/time-series/seed_0/training_log.json
2026-06-16 10:00:44 - pretrain_logger - INFO - [JEPA Pretrain] Epoch 9/10, loss=6.786773, time=333.63s
[2026-06-16 10:00:44,980][pretrain_logger][INFO] - [JEPA Pretrain] Epoch 9/10, loss=6.786773, time=333.63s
2026-06-16 10:00:44 - pretrain_logger - INFO - Pretrain loss: 6.7867726329557945
[2026-06-16 10:00:44,981][pretrain_logger][INFO] - Pretrain loss: 6.7867726329557945
2026-06-16 10:00:44 - pretrain_logger - INFO - Pretrain time: 333.634765625s
[2026-06-16 10:00:44,981][pretrain_logger][INFO] - Pretrain time: 333.634765625s
2026-06-16 10:00:44 - pretrain_logger - INFO - Pretrain memory reserved: 496.00 MB
[2026-06-16 10:00:44,981][pretrain_logger][INFO] - Pretrain memory reserved: 496.00 MB
2026-06-16 10:00:44 - pretrain_logger - INFO - Pretrain memory allocated: 18.05 MB
[2026-06-16 10:00:44,982][pretrain_logger][INFO] - Pretrain memory allocated: 18.05 MB
2026-06-16 10:00:44 - pretrain_logger - INFO - Current learning rate: 0.0005
[2026-06-16 10:00:44,982][pretrain_logger][INFO] - Current learning rate: 0.0005
2026-06-16 10:00:44 - pretrain_logger - INFO - Logged epoch Pretrain 9 info to /public/home/202411094934/python_project/Spatio-Temporal-Library/time-series/2026-06-16/itransformer/pretrain10/traffic/time-series/seed_0/training_log.json
[2026-06-16 10:00:44,984][pretrain_logger][INFO] - Logged epoch Pretrain 9 info to /public/home/202411094934/python_project/Spatio-Temporal-Library/time-series/2026-06-16/itransformer/pretrain10/traffic/time-series/seed_0/training_log.json
2026-06-16 10:06:18 - pretrain_logger - INFO - [JEPA Pretrain] Epoch 10/10, loss=7.042490, time=333.03s
[2026-06-16 10:06:18,019][pretrain_logger][INFO] - [JEPA Pretrain] Epoch 10/10, loss=7.042490, time=333.03s
2026-06-16 10:06:18 - pretrain_logger - INFO - Pretrain loss: 7.042490483361304
[2026-06-16 10:06:18,042][pretrain_logger][INFO] - Pretrain loss: 7.042490483361304
2026-06-16 10:06:18 - pretrain_logger - INFO - Pretrain time: 333.0345220565796s
[2026-06-16 10:06:18,042][pretrain_logger][INFO] - Pretrain time: 333.0345220565796s
2026-06-16 10:06:18 - pretrain_logger - INFO - Pretrain memory reserved: 496.00 MB
[2026-06-16 10:06:18,042][pretrain_logger][INFO] - Pretrain memory reserved: 496.00 MB
2026-06-16 10:06:18 - pretrain_logger - INFO - Pretrain memory allocated: 18.05 MB
[2026-06-16 10:06:18,042][pretrain_logger][INFO] - Pretrain memory allocated: 18.05 MB
2026-06-16 10:06:18 - pretrain_logger - INFO - Current learning rate: 0.0005
[2026-06-16 10:06:18,042][pretrain_logger][INFO] - Current learning rate: 0.0005
2026-06-16 10:06:18 - pretrain_logger - INFO - Logged epoch Pretrain 10 info to /public/home/202411094934/python_project/Spatio-Temporal-Library/time-series/2026-06-16/itransformer/pretrain10/traffic/time-series/seed_0/training_log.json
[2026-06-16 10:06:18,045][pretrain_logger][INFO] - Logged epoch Pretrain 10 info to /public/home/202411094934/python_project/Spatio-Temporal-Library/time-series/2026-06-16/itransformer/pretrain10/traffic/time-series/seed_0/training_log.json
2026-06-16 10:06:18 - pretrain_logger - INFO - JEPA pretraining completed.
[2026-06-16 10:06:18,045][pretrain_logger][INFO] - JEPA pretraining completed.
