2026-06-14 04:31:45 - pretrain_logger - INFO - Model parameters: 812,384
[2026-06-14 04:31:45,817][pretrain_logger][INFO] - Model parameters: 812,384
2026-06-14 04:31:46 - pretrain_logger - INFO - Created new log file at /public/home/202411094934/python_project/Spatio-Temporal-Library/time-series/2026-06-13/crossformer/pretrain10/pulse/time-series/seed_1/training_log.json
[2026-06-14 04:31:46,832][pretrain_logger][INFO] - Created new log file at /public/home/202411094934/python_project/Spatio-Temporal-Library/time-series/2026-06-13/crossformer/pretrain10/pulse/time-series/seed_1/training_log.json
2026-06-14 04:31:46 - pretrain_logger - INFO - Starting JEPA pretraining...
[2026-06-14 04:31:46,832][pretrain_logger][INFO] - Starting JEPA pretraining...
2026-06-14 04:39:05 - pretrain_logger - INFO - [JEPA Pretrain] Epoch 1/10, loss=0.337310, time=438.54s
[2026-06-14 04:39:05,368][pretrain_logger][INFO] - [JEPA Pretrain] Epoch 1/10, loss=0.337310, time=438.54s
2026-06-14 04:39:05 - pretrain_logger - INFO - Pretrain loss: 0.33731042638979564
[2026-06-14 04:39:05,369][pretrain_logger][INFO] - Pretrain loss: 0.33731042638979564
2026-06-14 04:39:05 - pretrain_logger - INFO - Pretrain time: 438.53560090065s
[2026-06-14 04:39:05,369][pretrain_logger][INFO] - Pretrain time: 438.53560090065s
2026-06-14 04:39:05 - pretrain_logger - INFO - Pretrain memory reserved: 34.00 MB
[2026-06-14 04:39:05,369][pretrain_logger][INFO] - Pretrain memory reserved: 34.00 MB
2026-06-14 04:39:05 - pretrain_logger - INFO - Pretrain memory allocated: 21.99 MB
[2026-06-14 04:39:05,369][pretrain_logger][INFO] - Pretrain memory allocated: 21.99 MB
2026-06-14 04:39:05 - pretrain_logger - INFO - Current learning rate: 0.0005
[2026-06-14 04:39:05,369][pretrain_logger][INFO] - Current learning rate: 0.0005
2026-06-14 04:39:05 - pretrain_logger - INFO - Logged epoch Pretrain 1 info to /public/home/202411094934/python_project/Spatio-Temporal-Library/time-series/2026-06-13/crossformer/pretrain10/pulse/time-series/seed_1/training_log.json
[2026-06-14 04:39:05,373][pretrain_logger][INFO] - Logged epoch Pretrain 1 info to /public/home/202411094934/python_project/Spatio-Temporal-Library/time-series/2026-06-13/crossformer/pretrain10/pulse/time-series/seed_1/training_log.json
2026-06-14 04:46:23 - pretrain_logger - INFO - [JEPA Pretrain] Epoch 2/10, loss=0.234166, time=438.61s
[2026-06-14 04:46:23,980][pretrain_logger][INFO] - [JEPA Pretrain] Epoch 2/10, loss=0.234166, time=438.61s
2026-06-14 04:46:24 - pretrain_logger - INFO - Pretrain loss: 0.23416579171890592
[2026-06-14 04:46:24,041][pretrain_logger][INFO] - Pretrain loss: 0.23416579171890592
2026-06-14 04:46:24 - pretrain_logger - INFO - Pretrain time: 438.606969833374s
[2026-06-14 04:46:24,041][pretrain_logger][INFO] - Pretrain time: 438.606969833374s
2026-06-14 04:46:24 - pretrain_logger - INFO - Pretrain memory reserved: 34.00 MB
[2026-06-14 04:46:24,041][pretrain_logger][INFO] - Pretrain memory reserved: 34.00 MB
2026-06-14 04:46:24 - pretrain_logger - INFO - Pretrain memory allocated: 21.99 MB
[2026-06-14 04:46:24,041][pretrain_logger][INFO] - Pretrain memory allocated: 21.99 MB
2026-06-14 04:46:24 - pretrain_logger - INFO - Current learning rate: 0.0005
[2026-06-14 04:46:24,041][pretrain_logger][INFO] - Current learning rate: 0.0005
2026-06-14 04:46:24 - pretrain_logger - INFO - Logged epoch Pretrain 2 info to /public/home/202411094934/python_project/Spatio-Temporal-Library/time-series/2026-06-13/crossformer/pretrain10/pulse/time-series/seed_1/training_log.json
[2026-06-14 04:46:24,044][pretrain_logger][INFO] - Logged epoch Pretrain 2 info to /public/home/202411094934/python_project/Spatio-Temporal-Library/time-series/2026-06-13/crossformer/pretrain10/pulse/time-series/seed_1/training_log.json
2026-06-14 04:53:43 - pretrain_logger - INFO - [JEPA Pretrain] Epoch 3/10, loss=0.189136, time=439.50s
[2026-06-14 04:53:43,541][pretrain_logger][INFO] - [JEPA Pretrain] Epoch 3/10, loss=0.189136, time=439.50s
2026-06-14 04:53:43 - pretrain_logger - INFO - Pretrain loss: 0.1891356302482845
[2026-06-14 04:53:43,541][pretrain_logger][INFO] - Pretrain loss: 0.1891356302482845
2026-06-14 04:53:43 - pretrain_logger - INFO - Pretrain time: 439.4966576099396s
[2026-06-14 04:53:43,542][pretrain_logger][INFO] - Pretrain time: 439.4966576099396s
2026-06-14 04:53:43 - pretrain_logger - INFO - Pretrain memory reserved: 34.00 MB
[2026-06-14 04:53:43,542][pretrain_logger][INFO] - Pretrain memory reserved: 34.00 MB
2026-06-14 04:53:43 - pretrain_logger - INFO - Pretrain memory allocated: 21.99 MB
[2026-06-14 04:53:43,542][pretrain_logger][INFO] - Pretrain memory allocated: 21.99 MB
2026-06-14 04:53:43 - pretrain_logger - INFO - Current learning rate: 0.0005
[2026-06-14 04:53:43,542][pretrain_logger][INFO] - Current learning rate: 0.0005
2026-06-14 04:53:43 - pretrain_logger - INFO - Logged epoch Pretrain 3 info to /public/home/202411094934/python_project/Spatio-Temporal-Library/time-series/2026-06-13/crossformer/pretrain10/pulse/time-series/seed_1/training_log.json
[2026-06-14 04:53:43,545][pretrain_logger][INFO] - Logged epoch Pretrain 3 info to /public/home/202411094934/python_project/Spatio-Temporal-Library/time-series/2026-06-13/crossformer/pretrain10/pulse/time-series/seed_1/training_log.json
2026-06-14 05:00:58 - pretrain_logger - INFO - [JEPA Pretrain] Epoch 4/10, loss=0.162187, time=435.04s
[2026-06-14 05:00:58,582][pretrain_logger][INFO] - [JEPA Pretrain] Epoch 4/10, loss=0.162187, time=435.04s
2026-06-14 05:00:58 - pretrain_logger - INFO - Pretrain loss: 0.16218675130028928
[2026-06-14 05:00:58,641][pretrain_logger][INFO] - Pretrain loss: 0.16218675130028928
2026-06-14 05:00:58 - pretrain_logger - INFO - Pretrain time: 435.0372214317322s
[2026-06-14 05:00:58,641][pretrain_logger][INFO] - Pretrain time: 435.0372214317322s
2026-06-14 05:00:58 - pretrain_logger - INFO - Pretrain memory reserved: 34.00 MB
[2026-06-14 05:00:58,641][pretrain_logger][INFO] - Pretrain memory reserved: 34.00 MB
2026-06-14 05:00:58 - pretrain_logger - INFO - Pretrain memory allocated: 21.99 MB
[2026-06-14 05:00:58,641][pretrain_logger][INFO] - Pretrain memory allocated: 21.99 MB
2026-06-14 05:00:58 - pretrain_logger - INFO - Current learning rate: 0.0005
[2026-06-14 05:00:58,641][pretrain_logger][INFO] - Current learning rate: 0.0005
2026-06-14 05:00:58 - pretrain_logger - INFO - Logged epoch Pretrain 4 info to /public/home/202411094934/python_project/Spatio-Temporal-Library/time-series/2026-06-13/crossformer/pretrain10/pulse/time-series/seed_1/training_log.json
[2026-06-14 05:00:58,644][pretrain_logger][INFO] - Logged epoch Pretrain 4 info to /public/home/202411094934/python_project/Spatio-Temporal-Library/time-series/2026-06-13/crossformer/pretrain10/pulse/time-series/seed_1/training_log.json
2026-06-14 05:08:17 - pretrain_logger - INFO - [JEPA Pretrain] Epoch 5/10, loss=0.148539, time=438.54s
[2026-06-14 05:08:17,181][pretrain_logger][INFO] - [JEPA Pretrain] Epoch 5/10, loss=0.148539, time=438.54s
2026-06-14 05:08:17 - pretrain_logger - INFO - Pretrain loss: 0.14853922373253595
[2026-06-14 05:08:17,181][pretrain_logger][INFO] - Pretrain loss: 0.14853922373253595
2026-06-14 05:08:17 - pretrain_logger - INFO - Pretrain time: 438.5368525981903s
[2026-06-14 05:08:17,182][pretrain_logger][INFO] - Pretrain time: 438.5368525981903s
2026-06-14 05:08:17 - pretrain_logger - INFO - Pretrain memory reserved: 34.00 MB
[2026-06-14 05:08:17,182][pretrain_logger][INFO] - Pretrain memory reserved: 34.00 MB
2026-06-14 05:08:17 - pretrain_logger - INFO - Pretrain memory allocated: 21.99 MB
[2026-06-14 05:08:17,182][pretrain_logger][INFO] - Pretrain memory allocated: 21.99 MB
2026-06-14 05:08:17 - pretrain_logger - INFO - Current learning rate: 0.0005
[2026-06-14 05:08:17,182][pretrain_logger][INFO] - Current learning rate: 0.0005
2026-06-14 05:08:17 - pretrain_logger - INFO - Logged epoch Pretrain 5 info to /public/home/202411094934/python_project/Spatio-Temporal-Library/time-series/2026-06-13/crossformer/pretrain10/pulse/time-series/seed_1/training_log.json
[2026-06-14 05:08:17,185][pretrain_logger][INFO] - Logged epoch Pretrain 5 info to /public/home/202411094934/python_project/Spatio-Temporal-Library/time-series/2026-06-13/crossformer/pretrain10/pulse/time-series/seed_1/training_log.json
2026-06-14 05:15:36 - pretrain_logger - INFO - [JEPA Pretrain] Epoch 6/10, loss=0.138211, time=438.85s
[2026-06-14 05:15:36,034][pretrain_logger][INFO] - [JEPA Pretrain] Epoch 6/10, loss=0.138211, time=438.85s
2026-06-14 05:15:36 - pretrain_logger - INFO - Pretrain loss: 0.13821111679532433
[2026-06-14 05:15:36,094][pretrain_logger][INFO] - Pretrain loss: 0.13821111679532433
2026-06-14 05:15:36 - pretrain_logger - INFO - Pretrain time: 438.8493423461914s
[2026-06-14 05:15:36,095][pretrain_logger][INFO] - Pretrain time: 438.8493423461914s
2026-06-14 05:15:36 - pretrain_logger - INFO - Pretrain memory reserved: 34.00 MB
[2026-06-14 05:15:36,095][pretrain_logger][INFO] - Pretrain memory reserved: 34.00 MB
2026-06-14 05:15:36 - pretrain_logger - INFO - Pretrain memory allocated: 21.99 MB
[2026-06-14 05:15:36,095][pretrain_logger][INFO] - Pretrain memory allocated: 21.99 MB
2026-06-14 05:15:36 - pretrain_logger - INFO - Current learning rate: 0.0005
[2026-06-14 05:15:36,095][pretrain_logger][INFO] - Current learning rate: 0.0005
2026-06-14 05:15:36 - pretrain_logger - INFO - Logged epoch Pretrain 6 info to /public/home/202411094934/python_project/Spatio-Temporal-Library/time-series/2026-06-13/crossformer/pretrain10/pulse/time-series/seed_1/training_log.json
[2026-06-14 05:15:36,097][pretrain_logger][INFO] - Logged epoch Pretrain 6 info to /public/home/202411094934/python_project/Spatio-Temporal-Library/time-series/2026-06-13/crossformer/pretrain10/pulse/time-series/seed_1/training_log.json
2026-06-14 05:22:54 - pretrain_logger - INFO - [JEPA Pretrain] Epoch 7/10, loss=0.131931, time=438.68s
[2026-06-14 05:22:54,776][pretrain_logger][INFO] - [JEPA Pretrain] Epoch 7/10, loss=0.131931, time=438.68s
2026-06-14 05:22:54 - pretrain_logger - INFO - Pretrain loss: 0.13193138261552956
[2026-06-14 05:22:54,777][pretrain_logger][INFO] - Pretrain loss: 0.13193138261552956
2026-06-14 05:22:54 - pretrain_logger - INFO - Pretrain time: 438.6783354282379s
[2026-06-14 05:22:54,777][pretrain_logger][INFO] - Pretrain time: 438.6783354282379s
2026-06-14 05:22:54 - pretrain_logger - INFO - Pretrain memory reserved: 34.00 MB
[2026-06-14 05:22:54,777][pretrain_logger][INFO] - Pretrain memory reserved: 34.00 MB
2026-06-14 05:22:54 - pretrain_logger - INFO - Pretrain memory allocated: 21.99 MB
[2026-06-14 05:22:54,777][pretrain_logger][INFO] - Pretrain memory allocated: 21.99 MB
2026-06-14 05:22:54 - pretrain_logger - INFO - Current learning rate: 0.0005
[2026-06-14 05:22:54,777][pretrain_logger][INFO] - Current learning rate: 0.0005
2026-06-14 05:22:54 - pretrain_logger - INFO - Logged epoch Pretrain 7 info to /public/home/202411094934/python_project/Spatio-Temporal-Library/time-series/2026-06-13/crossformer/pretrain10/pulse/time-series/seed_1/training_log.json
[2026-06-14 05:22:54,780][pretrain_logger][INFO] - Logged epoch Pretrain 7 info to /public/home/202411094934/python_project/Spatio-Temporal-Library/time-series/2026-06-13/crossformer/pretrain10/pulse/time-series/seed_1/training_log.json
2026-06-14 05:30:13 - pretrain_logger - INFO - [JEPA Pretrain] Epoch 8/10, loss=0.129497, time=438.92s
[2026-06-14 05:30:13,699][pretrain_logger][INFO] - [JEPA Pretrain] Epoch 8/10, loss=0.129497, time=438.92s
2026-06-14 05:30:13 - pretrain_logger - INFO - Pretrain loss: 0.12949652604002565
[2026-06-14 05:30:13,759][pretrain_logger][INFO] - Pretrain loss: 0.12949652604002565
2026-06-14 05:30:13 - pretrain_logger - INFO - Pretrain time: 438.9187185764313s
[2026-06-14 05:30:13,759][pretrain_logger][INFO] - Pretrain time: 438.9187185764313s
2026-06-14 05:30:13 - pretrain_logger - INFO - Pretrain memory reserved: 34.00 MB
[2026-06-14 05:30:13,759][pretrain_logger][INFO] - Pretrain memory reserved: 34.00 MB
2026-06-14 05:30:13 - pretrain_logger - INFO - Pretrain memory allocated: 21.99 MB
[2026-06-14 05:30:13,759][pretrain_logger][INFO] - Pretrain memory allocated: 21.99 MB
2026-06-14 05:30:13 - pretrain_logger - INFO - Current learning rate: 0.0005
[2026-06-14 05:30:13,759][pretrain_logger][INFO] - Current learning rate: 0.0005
2026-06-14 05:30:13 - pretrain_logger - INFO - Logged epoch Pretrain 8 info to /public/home/202411094934/python_project/Spatio-Temporal-Library/time-series/2026-06-13/crossformer/pretrain10/pulse/time-series/seed_1/training_log.json
[2026-06-14 05:30:13,762][pretrain_logger][INFO] - Logged epoch Pretrain 8 info to /public/home/202411094934/python_project/Spatio-Temporal-Library/time-series/2026-06-13/crossformer/pretrain10/pulse/time-series/seed_1/training_log.json
2026-06-14 05:37:32 - pretrain_logger - INFO - [JEPA Pretrain] Epoch 9/10, loss=0.136975, time=438.82s
[2026-06-14 05:37:32,578][pretrain_logger][INFO] - [JEPA Pretrain] Epoch 9/10, loss=0.136975, time=438.82s
2026-06-14 05:37:32 - pretrain_logger - INFO - Pretrain loss: 0.13697533703752438
[2026-06-14 05:37:32,579][pretrain_logger][INFO] - Pretrain loss: 0.13697533703752438
2026-06-14 05:37:32 - pretrain_logger - INFO - Pretrain time: 438.8163697719574s
[2026-06-14 05:37:32,579][pretrain_logger][INFO] - Pretrain time: 438.8163697719574s
2026-06-14 05:37:32 - pretrain_logger - INFO - Pretrain memory reserved: 34.00 MB
[2026-06-14 05:37:32,579][pretrain_logger][INFO] - Pretrain memory reserved: 34.00 MB
2026-06-14 05:37:32 - pretrain_logger - INFO - Pretrain memory allocated: 21.99 MB
[2026-06-14 05:37:32,579][pretrain_logger][INFO] - Pretrain memory allocated: 21.99 MB
2026-06-14 05:37:32 - pretrain_logger - INFO - Current learning rate: 0.0005
[2026-06-14 05:37:32,580][pretrain_logger][INFO] - Current learning rate: 0.0005
2026-06-14 05:37:32 - pretrain_logger - INFO - Logged epoch Pretrain 9 info to /public/home/202411094934/python_project/Spatio-Temporal-Library/time-series/2026-06-13/crossformer/pretrain10/pulse/time-series/seed_1/training_log.json
[2026-06-14 05:37:32,582][pretrain_logger][INFO] - Logged epoch Pretrain 9 info to /public/home/202411094934/python_project/Spatio-Temporal-Library/time-series/2026-06-13/crossformer/pretrain10/pulse/time-series/seed_1/training_log.json
2026-06-14 05:44:51 - pretrain_logger - INFO - [JEPA Pretrain] Epoch 10/10, loss=0.195371, time=438.60s
[2026-06-14 05:44:51,186][pretrain_logger][INFO] - [JEPA Pretrain] Epoch 10/10, loss=0.195371, time=438.60s
2026-06-14 05:44:51 - pretrain_logger - INFO - Pretrain loss: 0.19537083042366113
[2026-06-14 05:44:51,246][pretrain_logger][INFO] - Pretrain loss: 0.19537083042366113
2026-06-14 05:44:51 - pretrain_logger - INFO - Pretrain time: 438.6031918525696s
[2026-06-14 05:44:51,246][pretrain_logger][INFO] - Pretrain time: 438.6031918525696s
2026-06-14 05:44:51 - pretrain_logger - INFO - Pretrain memory reserved: 34.00 MB
[2026-06-14 05:44:51,246][pretrain_logger][INFO] - Pretrain memory reserved: 34.00 MB
2026-06-14 05:44:51 - pretrain_logger - INFO - Pretrain memory allocated: 21.99 MB
[2026-06-14 05:44:51,246][pretrain_logger][INFO] - Pretrain memory allocated: 21.99 MB
2026-06-14 05:44:51 - pretrain_logger - INFO - Current learning rate: 0.0005
[2026-06-14 05:44:51,247][pretrain_logger][INFO] - Current learning rate: 0.0005
2026-06-14 05:44:51 - pretrain_logger - INFO - Logged epoch Pretrain 10 info to /public/home/202411094934/python_project/Spatio-Temporal-Library/time-series/2026-06-13/crossformer/pretrain10/pulse/time-series/seed_1/training_log.json
[2026-06-14 05:44:51,249][pretrain_logger][INFO] - Logged epoch Pretrain 10 info to /public/home/202411094934/python_project/Spatio-Temporal-Library/time-series/2026-06-13/crossformer/pretrain10/pulse/time-series/seed_1/training_log.json
2026-06-14 05:44:51 - pretrain_logger - INFO - JEPA pretraining completed.
[2026-06-14 05:44:51,249][pretrain_logger][INFO] - JEPA pretraining completed.
