2026-06-13 21:29:00 - pretrain_logger - INFO - Model parameters: 826,720
[2026-06-13 21:29:00,143][pretrain_logger][INFO] - Model parameters: 826,720
2026-06-13 21:29:00 - pretrain_logger - INFO - Created new log file at /public/home/202411094934/python_project/Spatio-Temporal-Library/time-series/2026-06-13/crossformer/pretrain10/exchange_rate/time-series/seed_0/training_log.json
[2026-06-13 21:29:00,155][pretrain_logger][INFO] - Created new log file at /public/home/202411094934/python_project/Spatio-Temporal-Library/time-series/2026-06-13/crossformer/pretrain10/exchange_rate/time-series/seed_0/training_log.json
2026-06-13 21:29:00 - pretrain_logger - INFO - Starting JEPA pretraining...
[2026-06-13 21:29:00,155][pretrain_logger][INFO] - Starting JEPA pretraining...
2026-06-13 21:31:43 - pretrain_logger - INFO - Model parameters: 826,720
[2026-06-13 21:31:43,315][pretrain_logger][INFO] - Model parameters: 826,720
2026-06-13 21:31:43 - pretrain_logger - INFO - Log file already exists at /public/home/202411094934/python_project/Spatio-Temporal-Library/time-series/2026-06-13/crossformer/pretrain10/exchange_rate/time-series/seed_0/training_log.json, appending to it.
[2026-06-13 21:31:43,324][pretrain_logger][INFO] - Log file already exists at /public/home/202411094934/python_project/Spatio-Temporal-Library/time-series/2026-06-13/crossformer/pretrain10/exchange_rate/time-series/seed_0/training_log.json, appending to it.
2026-06-13 21:31:43 - pretrain_logger - INFO - Starting JEPA pretraining...
[2026-06-13 21:31:43,324][pretrain_logger][INFO] - Starting JEPA pretraining...
2026-06-13 21:34:46 - pretrain_logger - INFO - [JEPA Pretrain] Epoch 1/10, loss=1.909104, time=183.17s
[2026-06-13 21:34:46,499][pretrain_logger][INFO] - [JEPA Pretrain] Epoch 1/10, loss=1.909104, time=183.17s
2026-06-13 21:34:46 - pretrain_logger - INFO - Pretrain loss: 1.9091040496066034
[2026-06-13 21:34:46,500][pretrain_logger][INFO] - Pretrain loss: 1.9091040496066034
2026-06-13 21:34:46 - pretrain_logger - INFO - Pretrain time: 183.17498302459717s
[2026-06-13 21:34:46,500][pretrain_logger][INFO] - Pretrain time: 183.17498302459717s
2026-06-13 21:34:46 - pretrain_logger - INFO - Pretrain memory reserved: 76.00 MB
[2026-06-13 21:34:46,500][pretrain_logger][INFO] - Pretrain memory reserved: 76.00 MB
2026-06-13 21:34:46 - pretrain_logger - INFO - Pretrain memory allocated: 22.09 MB
[2026-06-13 21:34:46,501][pretrain_logger][INFO] - Pretrain memory allocated: 22.09 MB
2026-06-13 21:34:46 - pretrain_logger - INFO - Current learning rate: 0.0005
[2026-06-13 21:34:46,501][pretrain_logger][INFO] - Current learning rate: 0.0005
2026-06-13 21:34:46 - pretrain_logger - INFO - Logged epoch Pretrain 1 info to /public/home/202411094934/python_project/Spatio-Temporal-Library/time-series/2026-06-13/crossformer/pretrain10/exchange_rate/time-series/seed_0/training_log.json
[2026-06-13 21:34:46,504][pretrain_logger][INFO] - Logged epoch Pretrain 1 info to /public/home/202411094934/python_project/Spatio-Temporal-Library/time-series/2026-06-13/crossformer/pretrain10/exchange_rate/time-series/seed_0/training_log.json
2026-06-13 21:37:46 - pretrain_logger - INFO - [JEPA Pretrain] Epoch 2/10, loss=1.417201, time=180.13s
[2026-06-13 21:37:46,636][pretrain_logger][INFO] - [JEPA Pretrain] Epoch 2/10, loss=1.417201, time=180.13s
2026-06-13 21:37:46 - pretrain_logger - INFO - Pretrain loss: 1.4172011870607841
[2026-06-13 21:37:46,698][pretrain_logger][INFO] - Pretrain loss: 1.4172011870607841
2026-06-13 21:37:46 - pretrain_logger - INFO - Pretrain time: 180.13214659690857s
[2026-06-13 21:37:46,698][pretrain_logger][INFO] - Pretrain time: 180.13214659690857s
2026-06-13 21:37:46 - pretrain_logger - INFO - Pretrain memory reserved: 76.00 MB
[2026-06-13 21:37:46,698][pretrain_logger][INFO] - Pretrain memory reserved: 76.00 MB
2026-06-13 21:37:46 - pretrain_logger - INFO - Pretrain memory allocated: 22.09 MB
[2026-06-13 21:37:46,698][pretrain_logger][INFO] - Pretrain memory allocated: 22.09 MB
2026-06-13 21:37:46 - pretrain_logger - INFO - Current learning rate: 0.0005
[2026-06-13 21:37:46,698][pretrain_logger][INFO] - Current learning rate: 0.0005
2026-06-13 21:37:46 - pretrain_logger - INFO - Logged epoch Pretrain 2 info to /public/home/202411094934/python_project/Spatio-Temporal-Library/time-series/2026-06-13/crossformer/pretrain10/exchange_rate/time-series/seed_0/training_log.json
[2026-06-13 21:37:46,701][pretrain_logger][INFO] - Logged epoch Pretrain 2 info to /public/home/202411094934/python_project/Spatio-Temporal-Library/time-series/2026-06-13/crossformer/pretrain10/exchange_rate/time-series/seed_0/training_log.json
2026-06-13 21:40:46 - pretrain_logger - INFO - [JEPA Pretrain] Epoch 3/10, loss=1.392105, time=180.02s
[2026-06-13 21:40:46,726][pretrain_logger][INFO] - [JEPA Pretrain] Epoch 3/10, loss=1.392105, time=180.02s
2026-06-13 21:40:46 - pretrain_logger - INFO - Pretrain loss: 1.3921047413391567
[2026-06-13 21:40:46,727][pretrain_logger][INFO] - Pretrain loss: 1.3921047413391567
2026-06-13 21:40:46 - pretrain_logger - INFO - Pretrain time: 180.02475500106812s
[2026-06-13 21:40:46,727][pretrain_logger][INFO] - Pretrain time: 180.02475500106812s
2026-06-13 21:40:46 - pretrain_logger - INFO - Pretrain memory reserved: 76.00 MB
[2026-06-13 21:40:46,727][pretrain_logger][INFO] - Pretrain memory reserved: 76.00 MB
2026-06-13 21:40:46 - pretrain_logger - INFO - Pretrain memory allocated: 22.09 MB
[2026-06-13 21:40:46,727][pretrain_logger][INFO] - Pretrain memory allocated: 22.09 MB
2026-06-13 21:40:46 - pretrain_logger - INFO - Current learning rate: 0.0005
[2026-06-13 21:40:46,727][pretrain_logger][INFO] - Current learning rate: 0.0005
2026-06-13 21:40:46 - pretrain_logger - INFO - Logged epoch Pretrain 3 info to /public/home/202411094934/python_project/Spatio-Temporal-Library/time-series/2026-06-13/crossformer/pretrain10/exchange_rate/time-series/seed_0/training_log.json
[2026-06-13 21:40:46,730][pretrain_logger][INFO] - Logged epoch Pretrain 3 info to /public/home/202411094934/python_project/Spatio-Temporal-Library/time-series/2026-06-13/crossformer/pretrain10/exchange_rate/time-series/seed_0/training_log.json
2026-06-13 21:43:46 - pretrain_logger - INFO - [JEPA Pretrain] Epoch 4/10, loss=1.391673, time=179.72s
[2026-06-13 21:43:46,455][pretrain_logger][INFO] - [JEPA Pretrain] Epoch 4/10, loss=1.391673, time=179.72s
2026-06-13 21:43:46 - pretrain_logger - INFO - Pretrain loss: 1.3916730036888219
[2026-06-13 21:43:46,516][pretrain_logger][INFO] - Pretrain loss: 1.3916730036888219
2026-06-13 21:43:46 - pretrain_logger - INFO - Pretrain time: 179.72464847564697s
[2026-06-13 21:43:46,516][pretrain_logger][INFO] - Pretrain time: 179.72464847564697s
2026-06-13 21:43:46 - pretrain_logger - INFO - Pretrain memory reserved: 76.00 MB
[2026-06-13 21:43:46,516][pretrain_logger][INFO] - Pretrain memory reserved: 76.00 MB
2026-06-13 21:43:46 - pretrain_logger - INFO - Pretrain memory allocated: 22.09 MB
[2026-06-13 21:43:46,516][pretrain_logger][INFO] - Pretrain memory allocated: 22.09 MB
2026-06-13 21:43:46 - pretrain_logger - INFO - Current learning rate: 0.0005
[2026-06-13 21:43:46,516][pretrain_logger][INFO] - Current learning rate: 0.0005
2026-06-13 21:43:46 - pretrain_logger - INFO - Logged epoch Pretrain 4 info to /public/home/202411094934/python_project/Spatio-Temporal-Library/time-series/2026-06-13/crossformer/pretrain10/exchange_rate/time-series/seed_0/training_log.json
[2026-06-13 21:43:46,519][pretrain_logger][INFO] - Logged epoch Pretrain 4 info to /public/home/202411094934/python_project/Spatio-Temporal-Library/time-series/2026-06-13/crossformer/pretrain10/exchange_rate/time-series/seed_0/training_log.json
2026-06-13 21:46:46 - pretrain_logger - INFO - [JEPA Pretrain] Epoch 5/10, loss=1.411551, time=179.76s
[2026-06-13 21:46:46,278][pretrain_logger][INFO] - [JEPA Pretrain] Epoch 5/10, loss=1.411551, time=179.76s
2026-06-13 21:46:46 - pretrain_logger - INFO - Pretrain loss: 1.4115508711672808
[2026-06-13 21:46:46,279][pretrain_logger][INFO] - Pretrain loss: 1.4115508711672808
2026-06-13 21:46:46 - pretrain_logger - INFO - Pretrain time: 179.75888180732727s
[2026-06-13 21:46:46,279][pretrain_logger][INFO] - Pretrain time: 179.75888180732727s
2026-06-13 21:46:46 - pretrain_logger - INFO - Pretrain memory reserved: 76.00 MB
[2026-06-13 21:46:46,279][pretrain_logger][INFO] - Pretrain memory reserved: 76.00 MB
2026-06-13 21:46:46 - pretrain_logger - INFO - Pretrain memory allocated: 22.09 MB
[2026-06-13 21:46:46,279][pretrain_logger][INFO] - Pretrain memory allocated: 22.09 MB
2026-06-13 21:46:46 - pretrain_logger - INFO - Current learning rate: 0.0005
[2026-06-13 21:46:46,280][pretrain_logger][INFO] - Current learning rate: 0.0005
2026-06-13 21:46:46 - pretrain_logger - INFO - Logged epoch Pretrain 5 info to /public/home/202411094934/python_project/Spatio-Temporal-Library/time-series/2026-06-13/crossformer/pretrain10/exchange_rate/time-series/seed_0/training_log.json
[2026-06-13 21:46:46,282][pretrain_logger][INFO] - Logged epoch Pretrain 5 info to /public/home/202411094934/python_project/Spatio-Temporal-Library/time-series/2026-06-13/crossformer/pretrain10/exchange_rate/time-series/seed_0/training_log.json
2026-06-13 21:49:46 - pretrain_logger - INFO - [JEPA Pretrain] Epoch 6/10, loss=1.412207, time=179.86s
[2026-06-13 21:49:46,141][pretrain_logger][INFO] - [JEPA Pretrain] Epoch 6/10, loss=1.412207, time=179.86s
2026-06-13 21:49:46 - pretrain_logger - INFO - Pretrain loss: 1.412207476900813
[2026-06-13 21:49:46,202][pretrain_logger][INFO] - Pretrain loss: 1.412207476900813
2026-06-13 21:49:46 - pretrain_logger - INFO - Pretrain time: 179.858416557312s
[2026-06-13 21:49:46,202][pretrain_logger][INFO] - Pretrain time: 179.858416557312s
2026-06-13 21:49:46 - pretrain_logger - INFO - Pretrain memory reserved: 76.00 MB
[2026-06-13 21:49:46,202][pretrain_logger][INFO] - Pretrain memory reserved: 76.00 MB
2026-06-13 21:49:46 - pretrain_logger - INFO - Pretrain memory allocated: 22.09 MB
[2026-06-13 21:49:46,202][pretrain_logger][INFO] - Pretrain memory allocated: 22.09 MB
2026-06-13 21:49:46 - pretrain_logger - INFO - Current learning rate: 0.0005
[2026-06-13 21:49:46,202][pretrain_logger][INFO] - Current learning rate: 0.0005
2026-06-13 21:49:46 - pretrain_logger - INFO - Logged epoch Pretrain 6 info to /public/home/202411094934/python_project/Spatio-Temporal-Library/time-series/2026-06-13/crossformer/pretrain10/exchange_rate/time-series/seed_0/training_log.json
[2026-06-13 21:49:46,206][pretrain_logger][INFO] - Logged epoch Pretrain 6 info to /public/home/202411094934/python_project/Spatio-Temporal-Library/time-series/2026-06-13/crossformer/pretrain10/exchange_rate/time-series/seed_0/training_log.json
2026-06-13 21:52:46 - pretrain_logger - INFO - [JEPA Pretrain] Epoch 7/10, loss=1.409449, time=180.16s
[2026-06-13 21:52:46,365][pretrain_logger][INFO] - [JEPA Pretrain] Epoch 7/10, loss=1.409449, time=180.16s
2026-06-13 21:52:46 - pretrain_logger - INFO - Pretrain loss: 1.409449398600132
[2026-06-13 21:52:46,366][pretrain_logger][INFO] - Pretrain loss: 1.409449398600132
2026-06-13 21:52:46 - pretrain_logger - INFO - Pretrain time: 180.15960121154785s
[2026-06-13 21:52:46,366][pretrain_logger][INFO] - Pretrain time: 180.15960121154785s
2026-06-13 21:52:46 - pretrain_logger - INFO - Pretrain memory reserved: 76.00 MB
[2026-06-13 21:52:46,367][pretrain_logger][INFO] - Pretrain memory reserved: 76.00 MB
2026-06-13 21:52:46 - pretrain_logger - INFO - Pretrain memory allocated: 22.09 MB
[2026-06-13 21:52:46,367][pretrain_logger][INFO] - Pretrain memory allocated: 22.09 MB
2026-06-13 21:52:46 - pretrain_logger - INFO - Current learning rate: 0.0005
[2026-06-13 21:52:46,367][pretrain_logger][INFO] - Current learning rate: 0.0005
2026-06-13 21:52:46 - pretrain_logger - INFO - Logged epoch Pretrain 7 info to /public/home/202411094934/python_project/Spatio-Temporal-Library/time-series/2026-06-13/crossformer/pretrain10/exchange_rate/time-series/seed_0/training_log.json
[2026-06-13 21:52:46,370][pretrain_logger][INFO] - Logged epoch Pretrain 7 info to /public/home/202411094934/python_project/Spatio-Temporal-Library/time-series/2026-06-13/crossformer/pretrain10/exchange_rate/time-series/seed_0/training_log.json
2026-06-13 21:55:46 - pretrain_logger - INFO - [JEPA Pretrain] Epoch 8/10, loss=1.421182, time=179.68s
[2026-06-13 21:55:46,054][pretrain_logger][INFO] - [JEPA Pretrain] Epoch 8/10, loss=1.421182, time=179.68s
2026-06-13 21:55:46 - pretrain_logger - INFO - Pretrain loss: 1.4211822665897673
[2026-06-13 21:55:46,113][pretrain_logger][INFO] - Pretrain loss: 1.4211822665897673
2026-06-13 21:55:46 - pretrain_logger - INFO - Pretrain time: 179.68372750282288s
[2026-06-13 21:55:46,114][pretrain_logger][INFO] - Pretrain time: 179.68372750282288s
2026-06-13 21:55:46 - pretrain_logger - INFO - Pretrain memory reserved: 76.00 MB
[2026-06-13 21:55:46,114][pretrain_logger][INFO] - Pretrain memory reserved: 76.00 MB
2026-06-13 21:55:46 - pretrain_logger - INFO - Pretrain memory allocated: 22.09 MB
[2026-06-13 21:55:46,114][pretrain_logger][INFO] - Pretrain memory allocated: 22.09 MB
2026-06-13 21:55:46 - pretrain_logger - INFO - Current learning rate: 0.0005
[2026-06-13 21:55:46,114][pretrain_logger][INFO] - Current learning rate: 0.0005
2026-06-13 21:55:46 - pretrain_logger - INFO - Logged epoch Pretrain 8 info to /public/home/202411094934/python_project/Spatio-Temporal-Library/time-series/2026-06-13/crossformer/pretrain10/exchange_rate/time-series/seed_0/training_log.json
[2026-06-13 21:55:46,117][pretrain_logger][INFO] - Logged epoch Pretrain 8 info to /public/home/202411094934/python_project/Spatio-Temporal-Library/time-series/2026-06-13/crossformer/pretrain10/exchange_rate/time-series/seed_0/training_log.json
2026-06-13 21:58:46 - pretrain_logger - INFO - [JEPA Pretrain] Epoch 9/10, loss=1.409944, time=179.99s
[2026-06-13 21:58:46,103][pretrain_logger][INFO] - [JEPA Pretrain] Epoch 9/10, loss=1.409944, time=179.99s
2026-06-13 21:58:46 - pretrain_logger - INFO - Pretrain loss: 1.409943885617897
[2026-06-13 21:58:46,104][pretrain_logger][INFO] - Pretrain loss: 1.409943885617897
2026-06-13 21:58:46 - pretrain_logger - INFO - Pretrain time: 179.98577165603638s
[2026-06-13 21:58:46,104][pretrain_logger][INFO] - Pretrain time: 179.98577165603638s
2026-06-13 21:58:46 - pretrain_logger - INFO - Pretrain memory reserved: 76.00 MB
[2026-06-13 21:58:46,104][pretrain_logger][INFO] - Pretrain memory reserved: 76.00 MB
2026-06-13 21:58:46 - pretrain_logger - INFO - Pretrain memory allocated: 22.09 MB
[2026-06-13 21:58:46,104][pretrain_logger][INFO] - Pretrain memory allocated: 22.09 MB
2026-06-13 21:58:46 - pretrain_logger - INFO - Current learning rate: 0.0005
[2026-06-13 21:58:46,104][pretrain_logger][INFO] - Current learning rate: 0.0005
2026-06-13 21:58:46 - pretrain_logger - INFO - Logged epoch Pretrain 9 info to /public/home/202411094934/python_project/Spatio-Temporal-Library/time-series/2026-06-13/crossformer/pretrain10/exchange_rate/time-series/seed_0/training_log.json
[2026-06-13 21:58:46,107][pretrain_logger][INFO] - Logged epoch Pretrain 9 info to /public/home/202411094934/python_project/Spatio-Temporal-Library/time-series/2026-06-13/crossformer/pretrain10/exchange_rate/time-series/seed_0/training_log.json
2026-06-13 22:01:45 - pretrain_logger - INFO - [JEPA Pretrain] Epoch 10/10, loss=1.405126, time=179.77s
[2026-06-13 22:01:45,880][pretrain_logger][INFO] - [JEPA Pretrain] Epoch 10/10, loss=1.405126, time=179.77s
2026-06-13 22:01:45 - pretrain_logger - INFO - Pretrain loss: 1.4051260137458894
[2026-06-13 22:01:45,941][pretrain_logger][INFO] - Pretrain loss: 1.4051260137458894
2026-06-13 22:01:45 - pretrain_logger - INFO - Pretrain time: 179.77269530296326s
[2026-06-13 22:01:45,941][pretrain_logger][INFO] - Pretrain time: 179.77269530296326s
2026-06-13 22:01:45 - pretrain_logger - INFO - Pretrain memory reserved: 76.00 MB
[2026-06-13 22:01:45,941][pretrain_logger][INFO] - Pretrain memory reserved: 76.00 MB
2026-06-13 22:01:45 - pretrain_logger - INFO - Pretrain memory allocated: 22.09 MB
[2026-06-13 22:01:45,941][pretrain_logger][INFO] - Pretrain memory allocated: 22.09 MB
2026-06-13 22:01:45 - pretrain_logger - INFO - Current learning rate: 0.0005
[2026-06-13 22:01:45,941][pretrain_logger][INFO] - Current learning rate: 0.0005
2026-06-13 22:01:45 - pretrain_logger - INFO - Logged epoch Pretrain 10 info to /public/home/202411094934/python_project/Spatio-Temporal-Library/time-series/2026-06-13/crossformer/pretrain10/exchange_rate/time-series/seed_0/training_log.json
[2026-06-13 22:01:45,944][pretrain_logger][INFO] - Logged epoch Pretrain 10 info to /public/home/202411094934/python_project/Spatio-Temporal-Library/time-series/2026-06-13/crossformer/pretrain10/exchange_rate/time-series/seed_0/training_log.json
2026-06-13 22:01:45 - pretrain_logger - INFO - JEPA pretraining completed.
[2026-06-13 22:01:45,944][pretrain_logger][INFO] - JEPA pretraining completed.
