2026-06-19 00:41:33 - pretrain_logger - INFO - Model parameters: 651,842
[2026-06-19 00:41:33,673][pretrain_logger][INFO] - Model parameters: 651,842
2026-06-19 00:41:33 - pretrain_logger - INFO - Created new log file at /public/home/202411094934/python_project/Spatio-Temporal-Library/time-series/2026-06-19/patchtst/pretrain10/etth1/time-series/seed_1/training_log.json
[2026-06-19 00:41:33,684][pretrain_logger][INFO] - Created new log file at /public/home/202411094934/python_project/Spatio-Temporal-Library/time-series/2026-06-19/patchtst/pretrain10/etth1/time-series/seed_1/training_log.json
2026-06-19 00:41:33 - pretrain_logger - INFO - Starting JEPA pretraining...
[2026-06-19 00:41:33,685][pretrain_logger][INFO] - Starting JEPA pretraining...
2026-06-19 00:41:39 - pretrain_logger - INFO - Model parameters: 651,842
[2026-06-19 00:41:39,916][pretrain_logger][INFO] - Model parameters: 651,842
2026-06-19 00:41:40 - pretrain_logger - INFO - Log file already exists at /public/home/202411094934/python_project/Spatio-Temporal-Library/time-series/2026-06-19/patchtst/pretrain10/etth1/time-series/seed_1/training_log.json, appending to it.
[2026-06-19 00:41:40,196][pretrain_logger][INFO] - Log file already exists at /public/home/202411094934/python_project/Spatio-Temporal-Library/time-series/2026-06-19/patchtst/pretrain10/etth1/time-series/seed_1/training_log.json, appending to it.
2026-06-19 00:41:40 - pretrain_logger - INFO - Starting JEPA pretraining...
[2026-06-19 00:41:40,196][pretrain_logger][INFO] - Starting JEPA pretraining...
2026-06-19 00:42:28 - pretrain_logger - INFO - Model parameters: 651,842
[2026-06-19 00:42:28,518][pretrain_logger][INFO] - Model parameters: 651,842
2026-06-19 00:42:28 - pretrain_logger - INFO - Log file already exists at /public/home/202411094934/python_project/Spatio-Temporal-Library/time-series/2026-06-19/patchtst/pretrain10/etth1/time-series/seed_1/training_log.json, appending to it.
[2026-06-19 00:42:28,526][pretrain_logger][INFO] - Log file already exists at /public/home/202411094934/python_project/Spatio-Temporal-Library/time-series/2026-06-19/patchtst/pretrain10/etth1/time-series/seed_1/training_log.json, appending to it.
2026-06-19 00:42:28 - pretrain_logger - INFO - Starting JEPA pretraining...
[2026-06-19 00:42:28,526][pretrain_logger][INFO] - Starting JEPA pretraining...
2026-06-19 00:43:34 - pretrain_logger - INFO - Model parameters: 651,842
[2026-06-19 00:43:34,792][pretrain_logger][INFO] - Model parameters: 651,842
2026-06-19 00:43:34 - pretrain_logger - INFO - Log file already exists at /public/home/202411094934/python_project/Spatio-Temporal-Library/time-series/2026-06-19/patchtst/pretrain10/etth1/time-series/seed_1/training_log.json, appending to it.
[2026-06-19 00:43:34,800][pretrain_logger][INFO] - Log file already exists at /public/home/202411094934/python_project/Spatio-Temporal-Library/time-series/2026-06-19/patchtst/pretrain10/etth1/time-series/seed_1/training_log.json, appending to it.
2026-06-19 00:43:34 - pretrain_logger - INFO - Starting JEPA pretraining...
[2026-06-19 00:43:34,800][pretrain_logger][INFO] - Starting JEPA pretraining...
2026-06-19 00:43:53 - pretrain_logger - INFO - Model parameters: 651,842
[2026-06-19 00:43:53,465][pretrain_logger][INFO] - Model parameters: 651,842
2026-06-19 00:43:53 - pretrain_logger - INFO - Log file already exists at /public/home/202411094934/python_project/Spatio-Temporal-Library/time-series/2026-06-19/patchtst/pretrain10/etth1/time-series/seed_1/training_log.json, appending to it.
[2026-06-19 00:43:53,473][pretrain_logger][INFO] - Log file already exists at /public/home/202411094934/python_project/Spatio-Temporal-Library/time-series/2026-06-19/patchtst/pretrain10/etth1/time-series/seed_1/training_log.json, appending to it.
2026-06-19 00:43:53 - pretrain_logger - INFO - Starting JEPA pretraining...
[2026-06-19 00:43:53,473][pretrain_logger][INFO] - Starting JEPA pretraining...
2026-06-19 00:45:55 - pretrain_logger - INFO - [JEPA Pretrain] Epoch 1/10, loss=2.354977, time=122.26s
[2026-06-19 00:45:55,732][pretrain_logger][INFO] - [JEPA Pretrain] Epoch 1/10, loss=2.354977, time=122.26s
2026-06-19 00:45:55 - pretrain_logger - INFO - Pretrain loss: 2.3549773245250116
[2026-06-19 00:45:55,733][pretrain_logger][INFO] - Pretrain loss: 2.3549773245250116
2026-06-19 00:45:55 - pretrain_logger - INFO - Pretrain time: 122.25876665115356s
[2026-06-19 00:45:55,733][pretrain_logger][INFO] - Pretrain time: 122.25876665115356s
2026-06-19 00:45:55 - pretrain_logger - INFO - Pretrain memory reserved: 88.00 MB
[2026-06-19 00:45:55,733][pretrain_logger][INFO] - Pretrain memory reserved: 88.00 MB
2026-06-19 00:45:55 - pretrain_logger - INFO - Pretrain memory allocated: 19.35 MB
[2026-06-19 00:45:55,733][pretrain_logger][INFO] - Pretrain memory allocated: 19.35 MB
2026-06-19 00:45:55 - pretrain_logger - INFO - Current learning rate: 0.0005
[2026-06-19 00:45:55,733][pretrain_logger][INFO] - Current learning rate: 0.0005
2026-06-19 00:45:55 - pretrain_logger - INFO - Logged epoch Pretrain 1 info to /public/home/202411094934/python_project/Spatio-Temporal-Library/time-series/2026-06-19/patchtst/pretrain10/etth1/time-series/seed_1/training_log.json
[2026-06-19 00:45:55,738][pretrain_logger][INFO] - Logged epoch Pretrain 1 info to /public/home/202411094934/python_project/Spatio-Temporal-Library/time-series/2026-06-19/patchtst/pretrain10/etth1/time-series/seed_1/training_log.json
2026-06-19 00:47:57 - pretrain_logger - INFO - [JEPA Pretrain] Epoch 2/10, loss=1.817910, time=121.79s
[2026-06-19 00:47:57,527][pretrain_logger][INFO] - [JEPA Pretrain] Epoch 2/10, loss=1.817910, time=121.79s
2026-06-19 00:47:57 - pretrain_logger - INFO - Pretrain loss: 1.8179103512385801
[2026-06-19 00:47:57,547][pretrain_logger][INFO] - Pretrain loss: 1.8179103512385801
2026-06-19 00:47:57 - pretrain_logger - INFO - Pretrain time: 121.78820848464966s
[2026-06-19 00:47:57,547][pretrain_logger][INFO] - Pretrain time: 121.78820848464966s
2026-06-19 00:47:57 - pretrain_logger - INFO - Pretrain memory reserved: 88.00 MB
[2026-06-19 00:47:57,547][pretrain_logger][INFO] - Pretrain memory reserved: 88.00 MB
2026-06-19 00:47:57 - pretrain_logger - INFO - Pretrain memory allocated: 19.35 MB
[2026-06-19 00:47:57,548][pretrain_logger][INFO] - Pretrain memory allocated: 19.35 MB
2026-06-19 00:47:57 - pretrain_logger - INFO - Current learning rate: 0.0005
[2026-06-19 00:47:57,548][pretrain_logger][INFO] - Current learning rate: 0.0005
2026-06-19 00:47:57 - pretrain_logger - INFO - Logged epoch Pretrain 2 info to /public/home/202411094934/python_project/Spatio-Temporal-Library/time-series/2026-06-19/patchtst/pretrain10/etth1/time-series/seed_1/training_log.json
[2026-06-19 00:47:57,551][pretrain_logger][INFO] - Logged epoch Pretrain 2 info to /public/home/202411094934/python_project/Spatio-Temporal-Library/time-series/2026-06-19/patchtst/pretrain10/etth1/time-series/seed_1/training_log.json
2026-06-19 00:49:58 - pretrain_logger - INFO - [JEPA Pretrain] Epoch 3/10, loss=1.477497, time=121.31s
[2026-06-19 00:49:58,860][pretrain_logger][INFO] - [JEPA Pretrain] Epoch 3/10, loss=1.477497, time=121.31s
2026-06-19 00:49:58 - pretrain_logger - INFO - Pretrain loss: 1.4774968296627058
[2026-06-19 00:49:58,861][pretrain_logger][INFO] - Pretrain loss: 1.4774968296627058
2026-06-19 00:49:58 - pretrain_logger - INFO - Pretrain time: 121.3089210987091s
[2026-06-19 00:49:58,861][pretrain_logger][INFO] - Pretrain time: 121.3089210987091s
2026-06-19 00:49:58 - pretrain_logger - INFO - Pretrain memory reserved: 88.00 MB
[2026-06-19 00:49:58,861][pretrain_logger][INFO] - Pretrain memory reserved: 88.00 MB
2026-06-19 00:49:58 - pretrain_logger - INFO - Pretrain memory allocated: 19.35 MB
[2026-06-19 00:49:58,861][pretrain_logger][INFO] - Pretrain memory allocated: 19.35 MB
2026-06-19 00:49:58 - pretrain_logger - INFO - Current learning rate: 0.0005
[2026-06-19 00:49:58,861][pretrain_logger][INFO] - Current learning rate: 0.0005
2026-06-19 00:49:58 - pretrain_logger - INFO - Logged epoch Pretrain 3 info to /public/home/202411094934/python_project/Spatio-Temporal-Library/time-series/2026-06-19/patchtst/pretrain10/etth1/time-series/seed_1/training_log.json
[2026-06-19 00:49:58,864][pretrain_logger][INFO] - Logged epoch Pretrain 3 info to /public/home/202411094934/python_project/Spatio-Temporal-Library/time-series/2026-06-19/patchtst/pretrain10/etth1/time-series/seed_1/training_log.json
2026-06-19 00:51:20 - pretrain_logger - INFO - Model parameters: 651,842
[2026-06-19 00:51:20,252][pretrain_logger][INFO] - Model parameters: 651,842
2026-06-19 00:51:20 - pretrain_logger - INFO - Log file already exists at /public/home/202411094934/python_project/Spatio-Temporal-Library/time-series/2026-06-19/patchtst/pretrain10/etth1/time-series/seed_1/training_log.json, appending to it.
[2026-06-19 00:51:20,260][pretrain_logger][INFO] - Log file already exists at /public/home/202411094934/python_project/Spatio-Temporal-Library/time-series/2026-06-19/patchtst/pretrain10/etth1/time-series/seed_1/training_log.json, appending to it.
2026-06-19 00:51:20 - pretrain_logger - INFO - Starting JEPA pretraining...
[2026-06-19 00:51:20,260][pretrain_logger][INFO] - Starting JEPA pretraining...
2026-06-19 00:53:21 - pretrain_logger - INFO - [JEPA Pretrain] Epoch 1/10, loss=2.354977, time=121.68s
[2026-06-19 00:53:21,941][pretrain_logger][INFO] - [JEPA Pretrain] Epoch 1/10, loss=2.354977, time=121.68s
2026-06-19 00:53:21 - pretrain_logger - INFO - Pretrain loss: 2.3549773245250116
[2026-06-19 00:53:21,941][pretrain_logger][INFO] - Pretrain loss: 2.3549773245250116
2026-06-19 00:53:21 - pretrain_logger - INFO - Pretrain time: 121.67992997169495s
[2026-06-19 00:53:21,941][pretrain_logger][INFO] - Pretrain time: 121.67992997169495s
2026-06-19 00:53:21 - pretrain_logger - INFO - Pretrain memory reserved: 88.00 MB
[2026-06-19 00:53:21,941][pretrain_logger][INFO] - Pretrain memory reserved: 88.00 MB
2026-06-19 00:53:21 - pretrain_logger - INFO - Pretrain memory allocated: 19.35 MB
[2026-06-19 00:53:21,942][pretrain_logger][INFO] - Pretrain memory allocated: 19.35 MB
2026-06-19 00:53:21 - pretrain_logger - INFO - Current learning rate: 0.0005
[2026-06-19 00:53:21,942][pretrain_logger][INFO] - Current learning rate: 0.0005
2026-06-19 00:53:21 - pretrain_logger - INFO - Logged epoch Pretrain 1 info to /public/home/202411094934/python_project/Spatio-Temporal-Library/time-series/2026-06-19/patchtst/pretrain10/etth1/time-series/seed_1/training_log.json
[2026-06-19 00:53:21,944][pretrain_logger][INFO] - Logged epoch Pretrain 1 info to /public/home/202411094934/python_project/Spatio-Temporal-Library/time-series/2026-06-19/patchtst/pretrain10/etth1/time-series/seed_1/training_log.json
2026-06-19 00:55:23 - pretrain_logger - INFO - [JEPA Pretrain] Epoch 2/10, loss=1.817910, time=121.37s
[2026-06-19 00:55:23,317][pretrain_logger][INFO] - [JEPA Pretrain] Epoch 2/10, loss=1.817910, time=121.37s
2026-06-19 00:55:23 - pretrain_logger - INFO - Pretrain loss: 1.8179103512385801
[2026-06-19 00:55:23,338][pretrain_logger][INFO] - Pretrain loss: 1.8179103512385801
2026-06-19 00:55:23 - pretrain_logger - INFO - Pretrain time: 121.37295365333557s
[2026-06-19 00:55:23,339][pretrain_logger][INFO] - Pretrain time: 121.37295365333557s
2026-06-19 00:55:23 - pretrain_logger - INFO - Pretrain memory reserved: 88.00 MB
[2026-06-19 00:55:23,339][pretrain_logger][INFO] - Pretrain memory reserved: 88.00 MB
2026-06-19 00:55:23 - pretrain_logger - INFO - Pretrain memory allocated: 19.35 MB
[2026-06-19 00:55:23,339][pretrain_logger][INFO] - Pretrain memory allocated: 19.35 MB
2026-06-19 00:55:23 - pretrain_logger - INFO - Current learning rate: 0.0005
[2026-06-19 00:55:23,339][pretrain_logger][INFO] - Current learning rate: 0.0005
2026-06-19 00:55:23 - pretrain_logger - INFO - Logged epoch Pretrain 2 info to /public/home/202411094934/python_project/Spatio-Temporal-Library/time-series/2026-06-19/patchtst/pretrain10/etth1/time-series/seed_1/training_log.json
[2026-06-19 00:55:23,342][pretrain_logger][INFO] - Logged epoch Pretrain 2 info to /public/home/202411094934/python_project/Spatio-Temporal-Library/time-series/2026-06-19/patchtst/pretrain10/etth1/time-series/seed_1/training_log.json
2026-06-19 00:57:24 - pretrain_logger - INFO - [JEPA Pretrain] Epoch 3/10, loss=1.477497, time=121.09s
[2026-06-19 00:57:24,435][pretrain_logger][INFO] - [JEPA Pretrain] Epoch 3/10, loss=1.477497, time=121.09s
2026-06-19 00:57:24 - pretrain_logger - INFO - Pretrain loss: 1.4774968296627058
[2026-06-19 00:57:24,435][pretrain_logger][INFO] - Pretrain loss: 1.4774968296627058
2026-06-19 00:57:24 - pretrain_logger - INFO - Pretrain time: 121.0928328037262s
[2026-06-19 00:57:24,436][pretrain_logger][INFO] - Pretrain time: 121.0928328037262s
2026-06-19 00:57:24 - pretrain_logger - INFO - Pretrain memory reserved: 88.00 MB
[2026-06-19 00:57:24,436][pretrain_logger][INFO] - Pretrain memory reserved: 88.00 MB
2026-06-19 00:57:24 - pretrain_logger - INFO - Pretrain memory allocated: 19.35 MB
[2026-06-19 00:57:24,436][pretrain_logger][INFO] - Pretrain memory allocated: 19.35 MB
2026-06-19 00:57:24 - pretrain_logger - INFO - Current learning rate: 0.0005
[2026-06-19 00:57:24,436][pretrain_logger][INFO] - Current learning rate: 0.0005
2026-06-19 00:57:24 - pretrain_logger - INFO - Logged epoch Pretrain 3 info to /public/home/202411094934/python_project/Spatio-Temporal-Library/time-series/2026-06-19/patchtst/pretrain10/etth1/time-series/seed_1/training_log.json
[2026-06-19 00:57:24,439][pretrain_logger][INFO] - Logged epoch Pretrain 3 info to /public/home/202411094934/python_project/Spatio-Temporal-Library/time-series/2026-06-19/patchtst/pretrain10/etth1/time-series/seed_1/training_log.json
2026-06-19 00:59:25 - pretrain_logger - INFO - [JEPA Pretrain] Epoch 4/10, loss=1.331306, time=121.23s
[2026-06-19 00:59:25,673][pretrain_logger][INFO] - [JEPA Pretrain] Epoch 4/10, loss=1.331306, time=121.23s
2026-06-19 00:59:25 - pretrain_logger - INFO - Pretrain loss: 1.3313059046784452
[2026-06-19 00:59:25,691][pretrain_logger][INFO] - Pretrain loss: 1.3313059046784452
2026-06-19 00:59:25 - pretrain_logger - INFO - Pretrain time: 121.23386836051941s
[2026-06-19 00:59:25,691][pretrain_logger][INFO] - Pretrain time: 121.23386836051941s
2026-06-19 00:59:25 - pretrain_logger - INFO - Pretrain memory reserved: 88.00 MB
[2026-06-19 00:59:25,692][pretrain_logger][INFO] - Pretrain memory reserved: 88.00 MB
2026-06-19 00:59:25 - pretrain_logger - INFO - Pretrain memory allocated: 19.35 MB
[2026-06-19 00:59:25,692][pretrain_logger][INFO] - Pretrain memory allocated: 19.35 MB
2026-06-19 00:59:25 - pretrain_logger - INFO - Current learning rate: 0.0005
[2026-06-19 00:59:25,692][pretrain_logger][INFO] - Current learning rate: 0.0005
2026-06-19 00:59:25 - pretrain_logger - INFO - Logged epoch Pretrain 4 info to /public/home/202411094934/python_project/Spatio-Temporal-Library/time-series/2026-06-19/patchtst/pretrain10/etth1/time-series/seed_1/training_log.json
[2026-06-19 00:59:25,694][pretrain_logger][INFO] - Logged epoch Pretrain 4 info to /public/home/202411094934/python_project/Spatio-Temporal-Library/time-series/2026-06-19/patchtst/pretrain10/etth1/time-series/seed_1/training_log.json
2026-06-19 01:01:27 - pretrain_logger - INFO - [JEPA Pretrain] Epoch 5/10, loss=1.070821, time=121.31s
[2026-06-19 01:01:27,007][pretrain_logger][INFO] - [JEPA Pretrain] Epoch 5/10, loss=1.070821, time=121.31s
2026-06-19 01:01:27 - pretrain_logger - INFO - Pretrain loss: 1.070820845189943
[2026-06-19 01:01:27,008][pretrain_logger][INFO] - Pretrain loss: 1.070820845189943
2026-06-19 01:01:27 - pretrain_logger - INFO - Pretrain time: 121.31243658065796s
[2026-06-19 01:01:27,008][pretrain_logger][INFO] - Pretrain time: 121.31243658065796s
2026-06-19 01:01:27 - pretrain_logger - INFO - Pretrain memory reserved: 88.00 MB
[2026-06-19 01:01:27,008][pretrain_logger][INFO] - Pretrain memory reserved: 88.00 MB
2026-06-19 01:01:27 - pretrain_logger - INFO - Pretrain memory allocated: 19.35 MB
[2026-06-19 01:01:27,008][pretrain_logger][INFO] - Pretrain memory allocated: 19.35 MB
2026-06-19 01:01:27 - pretrain_logger - INFO - Current learning rate: 0.0005
[2026-06-19 01:01:27,008][pretrain_logger][INFO] - Current learning rate: 0.0005
2026-06-19 01:01:27 - pretrain_logger - INFO - Logged epoch Pretrain 5 info to /public/home/202411094934/python_project/Spatio-Temporal-Library/time-series/2026-06-19/patchtst/pretrain10/etth1/time-series/seed_1/training_log.json
[2026-06-19 01:01:27,011][pretrain_logger][INFO] - Logged epoch Pretrain 5 info to /public/home/202411094934/python_project/Spatio-Temporal-Library/time-series/2026-06-19/patchtst/pretrain10/etth1/time-series/seed_1/training_log.json
2026-06-19 01:03:28 - pretrain_logger - INFO - [JEPA Pretrain] Epoch 6/10, loss=0.950410, time=121.23s
[2026-06-19 01:03:28,238][pretrain_logger][INFO] - [JEPA Pretrain] Epoch 6/10, loss=0.950410, time=121.23s
2026-06-19 01:03:28 - pretrain_logger - INFO - Pretrain loss: 0.9504103071218989
[2026-06-19 01:03:28,256][pretrain_logger][INFO] - Pretrain loss: 0.9504103071218989
2026-06-19 01:03:28 - pretrain_logger - INFO - Pretrain time: 121.22685527801514s
[2026-06-19 01:03:28,256][pretrain_logger][INFO] - Pretrain time: 121.22685527801514s
2026-06-19 01:03:28 - pretrain_logger - INFO - Pretrain memory reserved: 88.00 MB
[2026-06-19 01:03:28,257][pretrain_logger][INFO] - Pretrain memory reserved: 88.00 MB
2026-06-19 01:03:28 - pretrain_logger - INFO - Pretrain memory allocated: 19.35 MB
[2026-06-19 01:03:28,257][pretrain_logger][INFO] - Pretrain memory allocated: 19.35 MB
2026-06-19 01:03:28 - pretrain_logger - INFO - Current learning rate: 0.0005
[2026-06-19 01:03:28,257][pretrain_logger][INFO] - Current learning rate: 0.0005
2026-06-19 01:03:28 - pretrain_logger - INFO - Logged epoch Pretrain 6 info to /public/home/202411094934/python_project/Spatio-Temporal-Library/time-series/2026-06-19/patchtst/pretrain10/etth1/time-series/seed_1/training_log.json
[2026-06-19 01:03:28,260][pretrain_logger][INFO] - Logged epoch Pretrain 6 info to /public/home/202411094934/python_project/Spatio-Temporal-Library/time-series/2026-06-19/patchtst/pretrain10/etth1/time-series/seed_1/training_log.json
2026-06-19 01:05:29 - pretrain_logger - INFO - [JEPA Pretrain] Epoch 7/10, loss=0.924307, time=121.35s
[2026-06-19 01:05:29,611][pretrain_logger][INFO] - [JEPA Pretrain] Epoch 7/10, loss=0.924307, time=121.35s
2026-06-19 01:05:29 - pretrain_logger - INFO - Pretrain loss: 0.9243070725678141
[2026-06-19 01:05:29,612][pretrain_logger][INFO] - Pretrain loss: 0.9243070725678141
2026-06-19 01:05:29 - pretrain_logger - INFO - Pretrain time: 121.35112309455872s
[2026-06-19 01:05:29,612][pretrain_logger][INFO] - Pretrain time: 121.35112309455872s
2026-06-19 01:05:29 - pretrain_logger - INFO - Pretrain memory reserved: 88.00 MB
[2026-06-19 01:05:29,612][pretrain_logger][INFO] - Pretrain memory reserved: 88.00 MB
2026-06-19 01:05:29 - pretrain_logger - INFO - Pretrain memory allocated: 19.35 MB
[2026-06-19 01:05:29,612][pretrain_logger][INFO] - Pretrain memory allocated: 19.35 MB
2026-06-19 01:05:29 - pretrain_logger - INFO - Current learning rate: 0.0005
[2026-06-19 01:05:29,612][pretrain_logger][INFO] - Current learning rate: 0.0005
2026-06-19 01:05:29 - pretrain_logger - INFO - Logged epoch Pretrain 7 info to /public/home/202411094934/python_project/Spatio-Temporal-Library/time-series/2026-06-19/patchtst/pretrain10/etth1/time-series/seed_1/training_log.json
[2026-06-19 01:05:29,615][pretrain_logger][INFO] - Logged epoch Pretrain 7 info to /public/home/202411094934/python_project/Spatio-Temporal-Library/time-series/2026-06-19/patchtst/pretrain10/etth1/time-series/seed_1/training_log.json
2026-06-19 01:07:30 - pretrain_logger - INFO - [JEPA Pretrain] Epoch 8/10, loss=0.880155, time=121.06s
[2026-06-19 01:07:30,677][pretrain_logger][INFO] - [JEPA Pretrain] Epoch 8/10, loss=0.880155, time=121.06s
2026-06-19 01:07:30 - pretrain_logger - INFO - Pretrain loss: 0.880155460921222
[2026-06-19 01:07:30,695][pretrain_logger][INFO] - Pretrain loss: 0.880155460921222
2026-06-19 01:07:30 - pretrain_logger - INFO - Pretrain time: 121.06159925460815s
[2026-06-19 01:07:30,695][pretrain_logger][INFO] - Pretrain time: 121.06159925460815s
2026-06-19 01:07:30 - pretrain_logger - INFO - Pretrain memory reserved: 88.00 MB
[2026-06-19 01:07:30,695][pretrain_logger][INFO] - Pretrain memory reserved: 88.00 MB
2026-06-19 01:07:30 - pretrain_logger - INFO - Pretrain memory allocated: 19.35 MB
[2026-06-19 01:07:30,695][pretrain_logger][INFO] - Pretrain memory allocated: 19.35 MB
2026-06-19 01:07:30 - pretrain_logger - INFO - Current learning rate: 0.0005
[2026-06-19 01:07:30,695][pretrain_logger][INFO] - Current learning rate: 0.0005
2026-06-19 01:07:30 - pretrain_logger - INFO - Logged epoch Pretrain 8 info to /public/home/202411094934/python_project/Spatio-Temporal-Library/time-series/2026-06-19/patchtst/pretrain10/etth1/time-series/seed_1/training_log.json
[2026-06-19 01:07:30,698][pretrain_logger][INFO] - Logged epoch Pretrain 8 info to /public/home/202411094934/python_project/Spatio-Temporal-Library/time-series/2026-06-19/patchtst/pretrain10/etth1/time-series/seed_1/training_log.json
2026-06-19 01:09:32 - pretrain_logger - INFO - [JEPA Pretrain] Epoch 9/10, loss=0.857024, time=121.51s
[2026-06-19 01:09:32,209][pretrain_logger][INFO] - [JEPA Pretrain] Epoch 9/10, loss=0.857024, time=121.51s
2026-06-19 01:09:32 - pretrain_logger - INFO - Pretrain loss: 0.8570236080518813
[2026-06-19 01:09:32,209][pretrain_logger][INFO] - Pretrain loss: 0.8570236080518813
2026-06-19 01:09:32 - pretrain_logger - INFO - Pretrain time: 121.51056790351868s
[2026-06-19 01:09:32,209][pretrain_logger][INFO] - Pretrain time: 121.51056790351868s
2026-06-19 01:09:32 - pretrain_logger - INFO - Pretrain memory reserved: 88.00 MB
[2026-06-19 01:09:32,210][pretrain_logger][INFO] - Pretrain memory reserved: 88.00 MB
2026-06-19 01:09:32 - pretrain_logger - INFO - Pretrain memory allocated: 19.35 MB
[2026-06-19 01:09:32,210][pretrain_logger][INFO] - Pretrain memory allocated: 19.35 MB
2026-06-19 01:09:32 - pretrain_logger - INFO - Current learning rate: 0.0005
[2026-06-19 01:09:32,210][pretrain_logger][INFO] - Current learning rate: 0.0005
2026-06-19 01:09:32 - pretrain_logger - INFO - Logged epoch Pretrain 9 info to /public/home/202411094934/python_project/Spatio-Temporal-Library/time-series/2026-06-19/patchtst/pretrain10/etth1/time-series/seed_1/training_log.json
[2026-06-19 01:09:32,213][pretrain_logger][INFO] - Logged epoch Pretrain 9 info to /public/home/202411094934/python_project/Spatio-Temporal-Library/time-series/2026-06-19/patchtst/pretrain10/etth1/time-series/seed_1/training_log.json
2026-06-19 01:11:33 - pretrain_logger - INFO - [JEPA Pretrain] Epoch 10/10, loss=0.837819, time=121.37s
[2026-06-19 01:11:33,584][pretrain_logger][INFO] - [JEPA Pretrain] Epoch 10/10, loss=0.837819, time=121.37s
2026-06-19 01:11:33 - pretrain_logger - INFO - Pretrain loss: 0.8378185299371232
[2026-06-19 01:11:33,602][pretrain_logger][INFO] - Pretrain loss: 0.8378185299371232
2026-06-19 01:11:33 - pretrain_logger - INFO - Pretrain time: 121.37064504623413s
[2026-06-19 01:11:33,602][pretrain_logger][INFO] - Pretrain time: 121.37064504623413s
2026-06-19 01:11:33 - pretrain_logger - INFO - Pretrain memory reserved: 88.00 MB
[2026-06-19 01:11:33,602][pretrain_logger][INFO] - Pretrain memory reserved: 88.00 MB
2026-06-19 01:11:33 - pretrain_logger - INFO - Pretrain memory allocated: 19.35 MB
[2026-06-19 01:11:33,603][pretrain_logger][INFO] - Pretrain memory allocated: 19.35 MB
2026-06-19 01:11:33 - pretrain_logger - INFO - Current learning rate: 0.0005
[2026-06-19 01:11:33,603][pretrain_logger][INFO] - Current learning rate: 0.0005
2026-06-19 01:11:33 - pretrain_logger - INFO - Logged epoch Pretrain 10 info to /public/home/202411094934/python_project/Spatio-Temporal-Library/time-series/2026-06-19/patchtst/pretrain10/etth1/time-series/seed_1/training_log.json
[2026-06-19 01:11:33,606][pretrain_logger][INFO] - Logged epoch Pretrain 10 info to /public/home/202411094934/python_project/Spatio-Temporal-Library/time-series/2026-06-19/patchtst/pretrain10/etth1/time-series/seed_1/training_log.json
2026-06-19 01:11:33 - pretrain_logger - INFO - JEPA pretraining completed.
[2026-06-19 01:11:33,606][pretrain_logger][INFO] - JEPA pretraining completed.
