2026-06-14 01:12:40 - finetune_logger - INFO - No pretrained checkpoint is provided. Finetuning from scratch.
[2026-06-14 01:12:40,916][finetune_logger][INFO] - No pretrained checkpoint is provided. Finetuning from scratch.
2026-06-14 01:12:40 - finetune_logger - INFO - Model parameters: 824,672
[2026-06-14 01:12:40,926][finetune_logger][INFO] - Model parameters: 824,672
2026-06-14 01:12:40 - finetune_logger - INFO - Created new log file at /public/home/202411094934/python_project/Spatio-Temporal-Library/time-series/2026-06-13/crossformer/finetune20/ettm1/time-series/seed_1/training_log.json
[2026-06-14 01:12:40,929][finetune_logger][INFO] - Created new log file at /public/home/202411094934/python_project/Spatio-Temporal-Library/time-series/2026-06-13/crossformer/finetune20/ettm1/time-series/seed_1/training_log.json
2026-06-14 01:12:40 - finetune_logger - INFO - Starting training...
[2026-06-14 01:12:40,929][finetune_logger][INFO] - Starting training...
2026-06-14 01:12:40 - finetune_logger - INFO - Epoch 1/20
[2026-06-14 01:12:40,929][finetune_logger][INFO] - Epoch 1/20
2026-06-14 01:48:39 - finetune_logger - INFO - Train loss: 1.2926679707158855
[2026-06-14 01:48:39,409][finetune_logger][INFO] - Train loss: 1.2926679707158855
2026-06-14 01:48:39 - finetune_logger - INFO - Train time: 2158.4791436195374s
[2026-06-14 01:48:39,409][finetune_logger][INFO] - Train time: 2158.4791436195374s
2026-06-14 01:48:39 - finetune_logger - INFO - Train memory reserved: 42.00 MB
[2026-06-14 01:48:39,410][finetune_logger][INFO] - Train memory reserved: 42.00 MB
2026-06-14 01:48:39 - finetune_logger - INFO - Train memory allocated: 25.85 MB
[2026-06-14 01:48:39,410][finetune_logger][INFO] - Train memory allocated: 25.85 MB
2026-06-14 01:48:39 - finetune_logger - INFO - Current learning rate: 0.0005
[2026-06-14 01:48:39,410][finetune_logger][INFO] - Current learning rate: 0.0005
2026-06-14 01:52:20 - finetune_logger - INFO - Validation metrics: {'MAE': 1.4359500435580705, 'RMSE': 2.3715327687862633}
[2026-06-14 01:52:20,933][finetune_logger][INFO] - Validation metrics: {'MAE': 1.4359500435580705, 'RMSE': 2.3715327687862633}
2026-06-14 01:52:20 - finetune_logger - INFO - Val time: 221.52s
[2026-06-14 01:52:20,934][finetune_logger][INFO] - Val time: 221.52s
2026-06-14 01:52:20 - finetune_logger - INFO - Val memory reserved: 42.00 MB
[2026-06-14 01:52:20,934][finetune_logger][INFO] - Val memory reserved: 42.00 MB
2026-06-14 01:52:20 - finetune_logger - INFO - Val memory allocated: 25.85 MB
[2026-06-14 01:52:20,934][finetune_logger][INFO] - Val memory allocated: 25.85 MB
2026-06-14 01:52:20 - finetune_logger - INFO - Logged epoch 1 info to /public/home/202411094934/python_project/Spatio-Temporal-Library/time-series/2026-06-13/crossformer/finetune20/ettm1/time-series/seed_1/training_log.json
[2026-06-14 01:52:20,937][finetune_logger][INFO] - Logged epoch 1 info to /public/home/202411094934/python_project/Spatio-Temporal-Library/time-series/2026-06-13/crossformer/finetune20/ettm1/time-series/seed_1/training_log.json
2026-06-14 01:52:20 - finetune_logger - INFO - New best model! Val loss: 1.435950
[2026-06-14 01:52:20,938][finetune_logger][INFO] - New best model! Val loss: 1.435950
2026-06-14 01:56:02 - finetune_logger - INFO - Test metrics: {'MAE': 1.2621224439943137, 'RMSE': 2.3575058006097542}
[2026-06-14 01:56:02,333][finetune_logger][INFO] - Test metrics: {'MAE': 1.2621224439943137, 'RMSE': 2.3575058006097542}
2026-06-14 01:56:02 - finetune_logger - INFO - Test time: 221.20s
[2026-06-14 01:56:02,333][finetune_logger][INFO] - Test time: 221.20s
2026-06-14 01:56:02 - finetune_logger - INFO - Test memory reserved: 42.00 MB
[2026-06-14 01:56:02,333][finetune_logger][INFO] - Test memory reserved: 42.00 MB
2026-06-14 01:56:02 - finetune_logger - INFO - Test memory allocated: 25.85 MB
[2026-06-14 01:56:02,333][finetune_logger][INFO] - Test memory allocated: 25.85 MB
2026-06-14 01:56:02 - finetune_logger - INFO - Epoch 2/20
[2026-06-14 01:56:02,333][finetune_logger][INFO] - Epoch 2/20
2026-06-14 02:32:27 - finetune_logger - INFO - Train loss: 1.1656325193791743
[2026-06-14 02:32:27,885][finetune_logger][INFO] - Train loss: 1.1656325193791743
2026-06-14 02:32:27 - finetune_logger - INFO - Train time: 2185.5510506629944s
[2026-06-14 02:32:27,886][finetune_logger][INFO] - Train time: 2185.5510506629944s
2026-06-14 02:32:27 - finetune_logger - INFO - Train memory reserved: 42.00 MB
[2026-06-14 02:32:27,886][finetune_logger][INFO] - Train memory reserved: 42.00 MB
2026-06-14 02:32:27 - finetune_logger - INFO - Train memory allocated: 25.85 MB
[2026-06-14 02:32:27,886][finetune_logger][INFO] - Train memory allocated: 25.85 MB
2026-06-14 02:32:27 - finetune_logger - INFO - Current learning rate: 0.0005
[2026-06-14 02:32:27,886][finetune_logger][INFO] - Current learning rate: 0.0005
2026-06-14 02:36:09 - finetune_logger - INFO - Validation metrics: {'MAE': 1.4434208106370383, 'RMSE': 2.391443722532735}
[2026-06-14 02:36:09,708][finetune_logger][INFO] - Validation metrics: {'MAE': 1.4434208106370383, 'RMSE': 2.391443722532735}
2026-06-14 02:36:09 - finetune_logger - INFO - Val time: 221.82s
[2026-06-14 02:36:09,708][finetune_logger][INFO] - Val time: 221.82s
2026-06-14 02:36:09 - finetune_logger - INFO - Val memory reserved: 42.00 MB
[2026-06-14 02:36:09,708][finetune_logger][INFO] - Val memory reserved: 42.00 MB
2026-06-14 02:36:09 - finetune_logger - INFO - Val memory allocated: 25.85 MB
[2026-06-14 02:36:09,708][finetune_logger][INFO] - Val memory allocated: 25.85 MB
2026-06-14 02:36:09 - finetune_logger - INFO - Logged epoch 2 info to /public/home/202411094934/python_project/Spatio-Temporal-Library/time-series/2026-06-13/crossformer/finetune20/ettm1/time-series/seed_1/training_log.json
[2026-06-14 02:36:09,711][finetune_logger][INFO] - Logged epoch 2 info to /public/home/202411094934/python_project/Spatio-Temporal-Library/time-series/2026-06-13/crossformer/finetune20/ettm1/time-series/seed_1/training_log.json
2026-06-14 02:39:51 - finetune_logger - INFO - Test metrics: {'MAE': 1.2629495286486445, 'RMSE': 2.3623707188853063}
[2026-06-14 02:39:51,213][finetune_logger][INFO] - Test metrics: {'MAE': 1.2629495286486445, 'RMSE': 2.3623707188853063}
2026-06-14 02:39:51 - finetune_logger - INFO - Test time: 221.50s
[2026-06-14 02:39:51,213][finetune_logger][INFO] - Test time: 221.50s
2026-06-14 02:39:51 - finetune_logger - INFO - Test memory reserved: 42.00 MB
[2026-06-14 02:39:51,213][finetune_logger][INFO] - Test memory reserved: 42.00 MB
2026-06-14 02:39:51 - finetune_logger - INFO - Test memory allocated: 25.85 MB
[2026-06-14 02:39:51,213][finetune_logger][INFO] - Test memory allocated: 25.85 MB
2026-06-14 02:39:51 - finetune_logger - INFO - Epoch 3/20
[2026-06-14 02:39:51,213][finetune_logger][INFO] - Epoch 3/20
2026-06-14 03:16:16 - finetune_logger - INFO - Train loss: 1.1181518949445575
[2026-06-14 03:16:16,198][finetune_logger][INFO] - Train loss: 1.1181518949445575
2026-06-14 03:16:16 - finetune_logger - INFO - Train time: 2184.9837095737457s
[2026-06-14 03:16:16,198][finetune_logger][INFO] - Train time: 2184.9837095737457s
2026-06-14 03:16:16 - finetune_logger - INFO - Train memory reserved: 42.00 MB
[2026-06-14 03:16:16,198][finetune_logger][INFO] - Train memory reserved: 42.00 MB
2026-06-14 03:16:16 - finetune_logger - INFO - Train memory allocated: 25.85 MB
[2026-06-14 03:16:16,198][finetune_logger][INFO] - Train memory allocated: 25.85 MB
2026-06-14 03:16:16 - finetune_logger - INFO - Current learning rate: 0.0005
[2026-06-14 03:16:16,198][finetune_logger][INFO] - Current learning rate: 0.0005
2026-06-14 03:19:58 - finetune_logger - INFO - Validation metrics: {'MAE': 1.4265948112996216, 'RMSE': 2.378270964669057}
[2026-06-14 03:19:58,224][finetune_logger][INFO] - Validation metrics: {'MAE': 1.4265948112996216, 'RMSE': 2.378270964669057}
2026-06-14 03:19:58 - finetune_logger - INFO - Val time: 222.02s
[2026-06-14 03:19:58,224][finetune_logger][INFO] - Val time: 222.02s
2026-06-14 03:19:58 - finetune_logger - INFO - Val memory reserved: 42.00 MB
[2026-06-14 03:19:58,224][finetune_logger][INFO] - Val memory reserved: 42.00 MB
2026-06-14 03:19:58 - finetune_logger - INFO - Val memory allocated: 25.85 MB
[2026-06-14 03:19:58,224][finetune_logger][INFO] - Val memory allocated: 25.85 MB
2026-06-14 03:19:58 - finetune_logger - INFO - Logged epoch 3 info to /public/home/202411094934/python_project/Spatio-Temporal-Library/time-series/2026-06-13/crossformer/finetune20/ettm1/time-series/seed_1/training_log.json
[2026-06-14 03:19:58,227][finetune_logger][INFO] - Logged epoch 3 info to /public/home/202411094934/python_project/Spatio-Temporal-Library/time-series/2026-06-13/crossformer/finetune20/ettm1/time-series/seed_1/training_log.json
2026-06-14 03:19:58 - finetune_logger - INFO - New best model! Val loss: 1.426595
[2026-06-14 03:19:58,228][finetune_logger][INFO] - New best model! Val loss: 1.426595
2026-06-14 03:23:40 - finetune_logger - INFO - Test metrics: {'MAE': 1.2590640923419338, 'RMSE': 2.3849298250606576}
[2026-06-14 03:23:40,384][finetune_logger][INFO] - Test metrics: {'MAE': 1.2590640923419338, 'RMSE': 2.3849298250606576}
2026-06-14 03:23:40 - finetune_logger - INFO - Test time: 221.96s
[2026-06-14 03:23:40,384][finetune_logger][INFO] - Test time: 221.96s
2026-06-14 03:23:40 - finetune_logger - INFO - Test memory reserved: 42.00 MB
[2026-06-14 03:23:40,384][finetune_logger][INFO] - Test memory reserved: 42.00 MB
2026-06-14 03:23:40 - finetune_logger - INFO - Test memory allocated: 25.85 MB
[2026-06-14 03:23:40,385][finetune_logger][INFO] - Test memory allocated: 25.85 MB
2026-06-14 03:23:40 - finetune_logger - INFO - Epoch 4/20
[2026-06-14 03:23:40,385][finetune_logger][INFO] - Epoch 4/20
2026-06-14 04:00:06 - finetune_logger - INFO - Train loss: 1.0740328629264186
[2026-06-14 04:00:06,534][finetune_logger][INFO] - Train loss: 1.0740328629264186
2026-06-14 04:00:06 - finetune_logger - INFO - Train time: 2186.1486508846283s
[2026-06-14 04:00:06,534][finetune_logger][INFO] - Train time: 2186.1486508846283s
2026-06-14 04:00:06 - finetune_logger - INFO - Train memory reserved: 42.00 MB
[2026-06-14 04:00:06,534][finetune_logger][INFO] - Train memory reserved: 42.00 MB
2026-06-14 04:00:06 - finetune_logger - INFO - Train memory allocated: 25.85 MB
[2026-06-14 04:00:06,535][finetune_logger][INFO] - Train memory allocated: 25.85 MB
2026-06-14 04:00:06 - finetune_logger - INFO - Current learning rate: 0.0005
[2026-06-14 04:00:06,535][finetune_logger][INFO] - Current learning rate: 0.0005
2026-06-14 04:03:48 - finetune_logger - INFO - Validation metrics: {'MAE': 1.4509310027942413, 'RMSE': 2.44298260539995}
[2026-06-14 04:03:48,238][finetune_logger][INFO] - Validation metrics: {'MAE': 1.4509310027942413, 'RMSE': 2.44298260539995}
2026-06-14 04:03:48 - finetune_logger - INFO - Val time: 221.70s
[2026-06-14 04:03:48,238][finetune_logger][INFO] - Val time: 221.70s
2026-06-14 04:03:48 - finetune_logger - INFO - Val memory reserved: 42.00 MB
[2026-06-14 04:03:48,238][finetune_logger][INFO] - Val memory reserved: 42.00 MB
2026-06-14 04:03:48 - finetune_logger - INFO - Val memory allocated: 25.85 MB
[2026-06-14 04:03:48,238][finetune_logger][INFO] - Val memory allocated: 25.85 MB
2026-06-14 04:03:48 - finetune_logger - INFO - Logged epoch 4 info to /public/home/202411094934/python_project/Spatio-Temporal-Library/time-series/2026-06-13/crossformer/finetune20/ettm1/time-series/seed_1/training_log.json
[2026-06-14 04:03:48,242][finetune_logger][INFO] - Logged epoch 4 info to /public/home/202411094934/python_project/Spatio-Temporal-Library/time-series/2026-06-13/crossformer/finetune20/ettm1/time-series/seed_1/training_log.json
2026-06-14 04:07:29 - finetune_logger - INFO - Test metrics: {'MAE': 1.2880512280830319, 'RMSE': 2.4521662581247425}
[2026-06-14 04:07:29,852][finetune_logger][INFO] - Test metrics: {'MAE': 1.2880512280830319, 'RMSE': 2.4521662581247425}
2026-06-14 04:07:29 - finetune_logger - INFO - Test time: 221.61s
[2026-06-14 04:07:29,852][finetune_logger][INFO] - Test time: 221.61s
2026-06-14 04:07:29 - finetune_logger - INFO - Test memory reserved: 42.00 MB
[2026-06-14 04:07:29,852][finetune_logger][INFO] - Test memory reserved: 42.00 MB
2026-06-14 04:07:29 - finetune_logger - INFO - Test memory allocated: 25.85 MB
[2026-06-14 04:07:29,853][finetune_logger][INFO] - Test memory allocated: 25.85 MB
2026-06-14 04:07:29 - finetune_logger - INFO - Epoch 5/20
[2026-06-14 04:07:29,853][finetune_logger][INFO] - Epoch 5/20
2026-06-14 04:43:57 - finetune_logger - INFO - Train loss: 1.0307216360684996
[2026-06-14 04:43:57,886][finetune_logger][INFO] - Train loss: 1.0307216360684996
2026-06-14 04:43:57 - finetune_logger - INFO - Train time: 2188.032651901245s
[2026-06-14 04:43:57,886][finetune_logger][INFO] - Train time: 2188.032651901245s
2026-06-14 04:43:57 - finetune_logger - INFO - Train memory reserved: 42.00 MB
[2026-06-14 04:43:57,887][finetune_logger][INFO] - Train memory reserved: 42.00 MB
2026-06-14 04:43:57 - finetune_logger - INFO - Train memory allocated: 25.85 MB
[2026-06-14 04:43:57,887][finetune_logger][INFO] - Train memory allocated: 25.85 MB
2026-06-14 04:43:57 - finetune_logger - INFO - Current learning rate: 0.0005
[2026-06-14 04:43:57,887][finetune_logger][INFO] - Current learning rate: 0.0005
2026-06-14 04:47:39 - finetune_logger - INFO - Validation metrics: {'MAE': 1.5041173421749159, 'RMSE': 2.497018897141883}
[2026-06-14 04:47:39,815][finetune_logger][INFO] - Validation metrics: {'MAE': 1.5041173421749159, 'RMSE': 2.497018897141883}
2026-06-14 04:47:39 - finetune_logger - INFO - Val time: 221.93s
[2026-06-14 04:47:39,815][finetune_logger][INFO] - Val time: 221.93s
2026-06-14 04:47:39 - finetune_logger - INFO - Val memory reserved: 42.00 MB
[2026-06-14 04:47:39,815][finetune_logger][INFO] - Val memory reserved: 42.00 MB
2026-06-14 04:47:39 - finetune_logger - INFO - Val memory allocated: 25.85 MB
[2026-06-14 04:47:39,816][finetune_logger][INFO] - Val memory allocated: 25.85 MB
2026-06-14 04:47:39 - finetune_logger - INFO - Logged epoch 5 info to /public/home/202411094934/python_project/Spatio-Temporal-Library/time-series/2026-06-13/crossformer/finetune20/ettm1/time-series/seed_1/training_log.json
[2026-06-14 04:47:39,819][finetune_logger][INFO] - Logged epoch 5 info to /public/home/202411094934/python_project/Spatio-Temporal-Library/time-series/2026-06-13/crossformer/finetune20/ettm1/time-series/seed_1/training_log.json
2026-06-14 04:51:21 - finetune_logger - INFO - Test metrics: {'MAE': 1.3831279419603957, 'RMSE': 2.587541652635843}
[2026-06-14 04:51:21,513][finetune_logger][INFO] - Test metrics: {'MAE': 1.3831279419603957, 'RMSE': 2.587541652635843}
2026-06-14 04:51:21 - finetune_logger - INFO - Test time: 221.69s
[2026-06-14 04:51:21,514][finetune_logger][INFO] - Test time: 221.69s
2026-06-14 04:51:21 - finetune_logger - INFO - Test memory reserved: 42.00 MB
[2026-06-14 04:51:21,514][finetune_logger][INFO] - Test memory reserved: 42.00 MB
2026-06-14 04:51:21 - finetune_logger - INFO - Test memory allocated: 25.85 MB
[2026-06-14 04:51:21,514][finetune_logger][INFO] - Test memory allocated: 25.85 MB
2026-06-14 04:51:21 - finetune_logger - INFO - Epoch 6/20
[2026-06-14 04:51:21,514][finetune_logger][INFO] - Epoch 6/20
2026-06-14 05:27:46 - finetune_logger - INFO - Train loss: 0.9839100333973888
[2026-06-14 05:27:46,077][finetune_logger][INFO] - Train loss: 0.9839100333973888
2026-06-14 05:27:46 - finetune_logger - INFO - Train time: 2184.562151193619s
[2026-06-14 05:27:46,077][finetune_logger][INFO] - Train time: 2184.562151193619s
2026-06-14 05:27:46 - finetune_logger - INFO - Train memory reserved: 42.00 MB
[2026-06-14 05:27:46,077][finetune_logger][INFO] - Train memory reserved: 42.00 MB
2026-06-14 05:27:46 - finetune_logger - INFO - Train memory allocated: 25.85 MB
[2026-06-14 05:27:46,077][finetune_logger][INFO] - Train memory allocated: 25.85 MB
2026-06-14 05:27:46 - finetune_logger - INFO - Current learning rate: 0.0005
[2026-06-14 05:27:46,078][finetune_logger][INFO] - Current learning rate: 0.0005
2026-06-14 05:31:27 - finetune_logger - INFO - Validation metrics: {'MAE': 1.5022120638392131, 'RMSE': 2.5259699584693727}
[2026-06-14 05:31:27,552][finetune_logger][INFO] - Validation metrics: {'MAE': 1.5022120638392131, 'RMSE': 2.5259699584693727}
2026-06-14 05:31:27 - finetune_logger - INFO - Val time: 221.47s
[2026-06-14 05:31:27,552][finetune_logger][INFO] - Val time: 221.47s
2026-06-14 05:31:27 - finetune_logger - INFO - Val memory reserved: 42.00 MB
[2026-06-14 05:31:27,552][finetune_logger][INFO] - Val memory reserved: 42.00 MB
2026-06-14 05:31:27 - finetune_logger - INFO - Val memory allocated: 25.85 MB
[2026-06-14 05:31:27,552][finetune_logger][INFO] - Val memory allocated: 25.85 MB
2026-06-14 05:31:27 - finetune_logger - INFO - Logged epoch 6 info to /public/home/202411094934/python_project/Spatio-Temporal-Library/time-series/2026-06-13/crossformer/finetune20/ettm1/time-series/seed_1/training_log.json
[2026-06-14 05:31:27,555][finetune_logger][INFO] - Logged epoch 6 info to /public/home/202411094934/python_project/Spatio-Temporal-Library/time-series/2026-06-13/crossformer/finetune20/ettm1/time-series/seed_1/training_log.json
2026-06-14 05:35:09 - finetune_logger - INFO - Test metrics: {'MAE': 1.3656217326495597, 'RMSE': 2.619754023605905}
[2026-06-14 05:35:09,609][finetune_logger][INFO] - Test metrics: {'MAE': 1.3656217326495597, 'RMSE': 2.619754023605905}
2026-06-14 05:35:09 - finetune_logger - INFO - Test time: 222.05s
[2026-06-14 05:35:09,609][finetune_logger][INFO] - Test time: 222.05s
2026-06-14 05:35:09 - finetune_logger - INFO - Test memory reserved: 42.00 MB
[2026-06-14 05:35:09,609][finetune_logger][INFO] - Test memory reserved: 42.00 MB
2026-06-14 05:35:09 - finetune_logger - INFO - Test memory allocated: 25.85 MB
[2026-06-14 05:35:09,609][finetune_logger][INFO] - Test memory allocated: 25.85 MB
2026-06-14 05:35:09 - finetune_logger - INFO - Epoch 7/20
[2026-06-14 05:35:09,609][finetune_logger][INFO] - Epoch 7/20
2026-06-14 06:11:34 - finetune_logger - INFO - Train loss: 0.9334847485866227
[2026-06-14 06:11:34,648][finetune_logger][INFO] - Train loss: 0.9334847485866227
2026-06-14 06:11:34 - finetune_logger - INFO - Train time: 2185.0375986099243s
[2026-06-14 06:11:34,648][finetune_logger][INFO] - Train time: 2185.0375986099243s
2026-06-14 06:11:34 - finetune_logger - INFO - Train memory reserved: 42.00 MB
[2026-06-14 06:11:34,648][finetune_logger][INFO] - Train memory reserved: 42.00 MB
2026-06-14 06:11:34 - finetune_logger - INFO - Train memory allocated: 25.85 MB
[2026-06-14 06:11:34,648][finetune_logger][INFO] - Train memory allocated: 25.85 MB
2026-06-14 06:11:34 - finetune_logger - INFO - Current learning rate: 0.0005
[2026-06-14 06:11:34,648][finetune_logger][INFO] - Current learning rate: 0.0005
2026-06-14 06:15:15 - finetune_logger - INFO - Validation metrics: {'MAE': 1.5060697516228867, 'RMSE': 2.543798721323437}
[2026-06-14 06:15:15,922][finetune_logger][INFO] - Validation metrics: {'MAE': 1.5060697516228867, 'RMSE': 2.543798721323437}
2026-06-14 06:15:15 - finetune_logger - INFO - Val time: 221.27s
[2026-06-14 06:15:15,922][finetune_logger][INFO] - Val time: 221.27s
2026-06-14 06:15:15 - finetune_logger - INFO - Val memory reserved: 42.00 MB
[2026-06-14 06:15:15,922][finetune_logger][INFO] - Val memory reserved: 42.00 MB
2026-06-14 06:15:15 - finetune_logger - INFO - Val memory allocated: 25.85 MB
[2026-06-14 06:15:15,923][finetune_logger][INFO] - Val memory allocated: 25.85 MB
2026-06-14 06:15:15 - finetune_logger - INFO - Logged epoch 7 info to /public/home/202411094934/python_project/Spatio-Temporal-Library/time-series/2026-06-13/crossformer/finetune20/ettm1/time-series/seed_1/training_log.json
[2026-06-14 06:15:15,926][finetune_logger][INFO] - Logged epoch 7 info to /public/home/202411094934/python_project/Spatio-Temporal-Library/time-series/2026-06-13/crossformer/finetune20/ettm1/time-series/seed_1/training_log.json
2026-06-14 06:18:57 - finetune_logger - INFO - Test metrics: {'MAE': 1.412753132910302, 'RMSE': 2.685284498099815}
[2026-06-14 06:18:57,294][finetune_logger][INFO] - Test metrics: {'MAE': 1.412753132910302, 'RMSE': 2.685284498099815}
2026-06-14 06:18:57 - finetune_logger - INFO - Test time: 221.37s
[2026-06-14 06:18:57,294][finetune_logger][INFO] - Test time: 221.37s
2026-06-14 06:18:57 - finetune_logger - INFO - Test memory reserved: 42.00 MB
[2026-06-14 06:18:57,294][finetune_logger][INFO] - Test memory reserved: 42.00 MB
2026-06-14 06:18:57 - finetune_logger - INFO - Test memory allocated: 25.85 MB
[2026-06-14 06:18:57,294][finetune_logger][INFO] - Test memory allocated: 25.85 MB
2026-06-14 06:18:57 - finetune_logger - INFO - Epoch 8/20
[2026-06-14 06:18:57,294][finetune_logger][INFO] - Epoch 8/20
2026-06-14 06:55:24 - finetune_logger - INFO - Train loss: 0.8843033909250367
[2026-06-14 06:55:24,191][finetune_logger][INFO] - Train loss: 0.8843033909250367
2026-06-14 06:55:24 - finetune_logger - INFO - Train time: 2186.8954617977142s
[2026-06-14 06:55:24,191][finetune_logger][INFO] - Train time: 2186.8954617977142s
2026-06-14 06:55:24 - finetune_logger - INFO - Train memory reserved: 42.00 MB
[2026-06-14 06:55:24,191][finetune_logger][INFO] - Train memory reserved: 42.00 MB
2026-06-14 06:55:24 - finetune_logger - INFO - Train memory allocated: 25.85 MB
[2026-06-14 06:55:24,191][finetune_logger][INFO] - Train memory allocated: 25.85 MB
2026-06-14 06:55:24 - finetune_logger - INFO - Current learning rate: 0.0005
[2026-06-14 06:55:24,191][finetune_logger][INFO] - Current learning rate: 0.0005
2026-06-14 06:59:05 - finetune_logger - INFO - Validation metrics: {'MAE': 1.4811725226392436, 'RMSE': 2.46806823504644}
[2026-06-14 06:59:05,739][finetune_logger][INFO] - Validation metrics: {'MAE': 1.4811725226392436, 'RMSE': 2.46806823504644}
2026-06-14 06:59:05 - finetune_logger - INFO - Val time: 221.55s
[2026-06-14 06:59:05,739][finetune_logger][INFO] - Val time: 221.55s
2026-06-14 06:59:05 - finetune_logger - INFO - Val memory reserved: 42.00 MB
[2026-06-14 06:59:05,739][finetune_logger][INFO] - Val memory reserved: 42.00 MB
2026-06-14 06:59:05 - finetune_logger - INFO - Val memory allocated: 25.85 MB
[2026-06-14 06:59:05,739][finetune_logger][INFO] - Val memory allocated: 25.85 MB
2026-06-14 06:59:05 - finetune_logger - INFO - Logged epoch 8 info to /public/home/202411094934/python_project/Spatio-Temporal-Library/time-series/2026-06-13/crossformer/finetune20/ettm1/time-series/seed_1/training_log.json
[2026-06-14 06:59:05,742][finetune_logger][INFO] - Logged epoch 8 info to /public/home/202411094934/python_project/Spatio-Temporal-Library/time-series/2026-06-13/crossformer/finetune20/ettm1/time-series/seed_1/training_log.json
2026-06-14 07:02:47 - finetune_logger - INFO - Test metrics: {'MAE': 1.361485529004121, 'RMSE': 2.6176324417365606}
[2026-06-14 07:02:47,319][finetune_logger][INFO] - Test metrics: {'MAE': 1.361485529004121, 'RMSE': 2.6176324417365606}
2026-06-14 07:02:47 - finetune_logger - INFO - Test time: 221.58s
[2026-06-14 07:02:47,319][finetune_logger][INFO] - Test time: 221.58s
2026-06-14 07:02:47 - finetune_logger - INFO - Test memory reserved: 42.00 MB
[2026-06-14 07:02:47,320][finetune_logger][INFO] - Test memory reserved: 42.00 MB
2026-06-14 07:02:47 - finetune_logger - INFO - Test memory allocated: 25.85 MB
[2026-06-14 07:02:47,320][finetune_logger][INFO] - Test memory allocated: 25.85 MB
2026-06-14 07:02:47 - finetune_logger - INFO - Epoch 9/20
[2026-06-14 07:02:47,320][finetune_logger][INFO] - Epoch 9/20
2026-06-14 07:39:12 - finetune_logger - INFO - Train loss: 0.8335125006065367
[2026-06-14 07:39:12,932][finetune_logger][INFO] - Train loss: 0.8335125006065367
2026-06-14 07:39:12 - finetune_logger - INFO - Train time: 2185.6110026836395s
[2026-06-14 07:39:12,932][finetune_logger][INFO] - Train time: 2185.6110026836395s
2026-06-14 07:39:12 - finetune_logger - INFO - Train memory reserved: 42.00 MB
[2026-06-14 07:39:12,932][finetune_logger][INFO] - Train memory reserved: 42.00 MB
2026-06-14 07:39:12 - finetune_logger - INFO - Train memory allocated: 25.85 MB
[2026-06-14 07:39:12,932][finetune_logger][INFO] - Train memory allocated: 25.85 MB
2026-06-14 07:39:12 - finetune_logger - INFO - Current learning rate: 0.0005
[2026-06-14 07:39:12,932][finetune_logger][INFO] - Current learning rate: 0.0005
2026-06-14 07:42:54 - finetune_logger - INFO - Validation metrics: {'MAE': 1.5432009530607136, 'RMSE': 2.5996802315572367}
[2026-06-14 07:42:54,787][finetune_logger][INFO] - Validation metrics: {'MAE': 1.5432009530607136, 'RMSE': 2.5996802315572367}
2026-06-14 07:42:54 - finetune_logger - INFO - Val time: 221.85s
[2026-06-14 07:42:54,787][finetune_logger][INFO] - Val time: 221.85s
2026-06-14 07:42:54 - finetune_logger - INFO - Val memory reserved: 42.00 MB
[2026-06-14 07:42:54,787][finetune_logger][INFO] - Val memory reserved: 42.00 MB
2026-06-14 07:42:54 - finetune_logger - INFO - Val memory allocated: 25.85 MB
[2026-06-14 07:42:54,787][finetune_logger][INFO] - Val memory allocated: 25.85 MB
2026-06-14 07:42:54 - finetune_logger - INFO - Logged epoch 9 info to /public/home/202411094934/python_project/Spatio-Temporal-Library/time-series/2026-06-13/crossformer/finetune20/ettm1/time-series/seed_1/training_log.json
[2026-06-14 07:42:54,791][finetune_logger][INFO] - Logged epoch 9 info to /public/home/202411094934/python_project/Spatio-Temporal-Library/time-series/2026-06-13/crossformer/finetune20/ettm1/time-series/seed_1/training_log.json
2026-06-14 07:46:36 - finetune_logger - INFO - Test metrics: {'MAE': 1.429551596087037, 'RMSE': 2.743919028767054}
[2026-06-14 07:46:36,701][finetune_logger][INFO] - Test metrics: {'MAE': 1.429551596087037, 'RMSE': 2.743919028767054}
2026-06-14 07:46:36 - finetune_logger - INFO - Test time: 221.91s
[2026-06-14 07:46:36,701][finetune_logger][INFO] - Test time: 221.91s
2026-06-14 07:46:36 - finetune_logger - INFO - Test memory reserved: 42.00 MB
[2026-06-14 07:46:36,701][finetune_logger][INFO] - Test memory reserved: 42.00 MB
2026-06-14 07:46:36 - finetune_logger - INFO - Test memory allocated: 25.85 MB
[2026-06-14 07:46:36,701][finetune_logger][INFO] - Test memory allocated: 25.85 MB
2026-06-14 07:46:36 - finetune_logger - INFO - Epoch 10/20
[2026-06-14 07:46:36,701][finetune_logger][INFO] - Epoch 10/20
2026-06-14 08:23:03 - finetune_logger - INFO - Train loss: 0.7923067862291493
[2026-06-14 08:23:03,468][finetune_logger][INFO] - Train loss: 0.7923067862291493
2026-06-14 08:23:03 - finetune_logger - INFO - Train time: 2186.765475988388s
[2026-06-14 08:23:03,468][finetune_logger][INFO] - Train time: 2186.765475988388s
2026-06-14 08:23:03 - finetune_logger - INFO - Train memory reserved: 42.00 MB
[2026-06-14 08:23:03,468][finetune_logger][INFO] - Train memory reserved: 42.00 MB
2026-06-14 08:23:03 - finetune_logger - INFO - Train memory allocated: 25.85 MB
[2026-06-14 08:23:03,468][finetune_logger][INFO] - Train memory allocated: 25.85 MB
2026-06-14 08:23:03 - finetune_logger - INFO - Current learning rate: 0.0005
[2026-06-14 08:23:03,468][finetune_logger][INFO] - Current learning rate: 0.0005
2026-06-14 08:26:45 - finetune_logger - INFO - Validation metrics: {'MAE': 1.5593389344596398, 'RMSE': 2.6201958428421728}
[2026-06-14 08:26:45,304][finetune_logger][INFO] - Validation metrics: {'MAE': 1.5593389344596398, 'RMSE': 2.6201958428421728}
2026-06-14 08:26:45 - finetune_logger - INFO - Val time: 221.83s
[2026-06-14 08:26:45,304][finetune_logger][INFO] - Val time: 221.83s
2026-06-14 08:26:45 - finetune_logger - INFO - Val memory reserved: 42.00 MB
[2026-06-14 08:26:45,304][finetune_logger][INFO] - Val memory reserved: 42.00 MB
2026-06-14 08:26:45 - finetune_logger - INFO - Val memory allocated: 25.85 MB
[2026-06-14 08:26:45,304][finetune_logger][INFO] - Val memory allocated: 25.85 MB
2026-06-14 08:26:45 - finetune_logger - INFO - Logged epoch 10 info to /public/home/202411094934/python_project/Spatio-Temporal-Library/time-series/2026-06-13/crossformer/finetune20/ettm1/time-series/seed_1/training_log.json
[2026-06-14 08:26:45,308][finetune_logger][INFO] - Logged epoch 10 info to /public/home/202411094934/python_project/Spatio-Temporal-Library/time-series/2026-06-13/crossformer/finetune20/ettm1/time-series/seed_1/training_log.json
2026-06-14 08:30:26 - finetune_logger - INFO - Test metrics: {'MAE': 1.4653331319649772, 'RMSE': 2.7666319183069334}
[2026-06-14 08:30:26,789][finetune_logger][INFO] - Test metrics: {'MAE': 1.4653331319649772, 'RMSE': 2.7666319183069334}
2026-06-14 08:30:26 - finetune_logger - INFO - Test time: 221.38s
[2026-06-14 08:30:26,789][finetune_logger][INFO] - Test time: 221.38s
2026-06-14 08:30:26 - finetune_logger - INFO - Test memory reserved: 42.00 MB
[2026-06-14 08:30:26,789][finetune_logger][INFO] - Test memory reserved: 42.00 MB
2026-06-14 08:30:26 - finetune_logger - INFO - Test memory allocated: 25.85 MB
[2026-06-14 08:30:26,789][finetune_logger][INFO] - Test memory allocated: 25.85 MB
2026-06-14 08:30:26 - finetune_logger - INFO - Epoch 11/20
[2026-06-14 08:30:26,789][finetune_logger][INFO] - Epoch 11/20
2026-06-14 09:06:52 - finetune_logger - INFO - Train loss: 0.6969983217841653
[2026-06-14 09:06:52,672][finetune_logger][INFO] - Train loss: 0.6969983217841653
2026-06-14 09:06:52 - finetune_logger - INFO - Train time: 2185.8819618225098s
[2026-06-14 09:06:52,672][finetune_logger][INFO] - Train time: 2185.8819618225098s
2026-06-14 09:06:52 - finetune_logger - INFO - Train memory reserved: 42.00 MB
[2026-06-14 09:06:52,672][finetune_logger][INFO] - Train memory reserved: 42.00 MB
2026-06-14 09:06:52 - finetune_logger - INFO - Train memory allocated: 25.85 MB
[2026-06-14 09:06:52,673][finetune_logger][INFO] - Train memory allocated: 25.85 MB
2026-06-14 09:06:52 - finetune_logger - INFO - Current learning rate: 0.00025
[2026-06-14 09:06:52,673][finetune_logger][INFO] - Current learning rate: 0.00025
2026-06-14 09:10:34 - finetune_logger - INFO - Validation metrics: {'MAE': 1.5497480259304657, 'RMSE': 2.611917619407842}
[2026-06-14 09:10:34,651][finetune_logger][INFO] - Validation metrics: {'MAE': 1.5497480259304657, 'RMSE': 2.611917619407842}
2026-06-14 09:10:34 - finetune_logger - INFO - Val time: 221.98s
[2026-06-14 09:10:34,651][finetune_logger][INFO] - Val time: 221.98s
2026-06-14 09:10:34 - finetune_logger - INFO - Val memory reserved: 42.00 MB
[2026-06-14 09:10:34,651][finetune_logger][INFO] - Val memory reserved: 42.00 MB
2026-06-14 09:10:34 - finetune_logger - INFO - Val memory allocated: 25.85 MB
[2026-06-14 09:10:34,651][finetune_logger][INFO] - Val memory allocated: 25.85 MB
2026-06-14 09:10:34 - finetune_logger - INFO - Logged epoch 11 info to /public/home/202411094934/python_project/Spatio-Temporal-Library/time-series/2026-06-13/crossformer/finetune20/ettm1/time-series/seed_1/training_log.json
[2026-06-14 09:10:34,654][finetune_logger][INFO] - Logged epoch 11 info to /public/home/202411094934/python_project/Spatio-Temporal-Library/time-series/2026-06-13/crossformer/finetune20/ettm1/time-series/seed_1/training_log.json
2026-06-14 09:14:16 - finetune_logger - INFO - Test metrics: {'MAE': 1.4299199199867003, 'RMSE': 2.744916857230721}
[2026-06-14 09:14:16,391][finetune_logger][INFO] - Test metrics: {'MAE': 1.4299199199867003, 'RMSE': 2.744916857230721}
2026-06-14 09:14:16 - finetune_logger - INFO - Test time: 221.74s
[2026-06-14 09:14:16,391][finetune_logger][INFO] - Test time: 221.74s
2026-06-14 09:14:16 - finetune_logger - INFO - Test memory reserved: 42.00 MB
[2026-06-14 09:14:16,391][finetune_logger][INFO] - Test memory reserved: 42.00 MB
2026-06-14 09:14:16 - finetune_logger - INFO - Test memory allocated: 25.85 MB
[2026-06-14 09:14:16,391][finetune_logger][INFO] - Test memory allocated: 25.85 MB
2026-06-14 09:14:16 - finetune_logger - INFO - Epoch 12/20
[2026-06-14 09:14:16,391][finetune_logger][INFO] - Epoch 12/20
2026-06-14 09:50:42 - finetune_logger - INFO - Train loss: 0.6672158489012114
[2026-06-14 09:50:42,191][finetune_logger][INFO] - Train loss: 0.6672158489012114
2026-06-14 09:50:42 - finetune_logger - INFO - Train time: 2185.7986392974854s
[2026-06-14 09:50:42,191][finetune_logger][INFO] - Train time: 2185.7986392974854s
2026-06-14 09:50:42 - finetune_logger - INFO - Train memory reserved: 42.00 MB
[2026-06-14 09:50:42,191][finetune_logger][INFO] - Train memory reserved: 42.00 MB
2026-06-14 09:50:42 - finetune_logger - INFO - Train memory allocated: 25.85 MB
[2026-06-14 09:50:42,191][finetune_logger][INFO] - Train memory allocated: 25.85 MB
2026-06-14 09:50:42 - finetune_logger - INFO - Current learning rate: 0.00025
[2026-06-14 09:50:42,191][finetune_logger][INFO] - Current learning rate: 0.00025
2026-06-14 09:54:24 - finetune_logger - INFO - Validation metrics: {'MAE': 1.573774715820217, 'RMSE': 2.6323563057160326}
[2026-06-14 09:54:24,045][finetune_logger][INFO] - Validation metrics: {'MAE': 1.573774715820217, 'RMSE': 2.6323563057160326}
2026-06-14 09:54:24 - finetune_logger - INFO - Val time: 221.85s
[2026-06-14 09:54:24,046][finetune_logger][INFO] - Val time: 221.85s
2026-06-14 09:54:24 - finetune_logger - INFO - Val memory reserved: 42.00 MB
[2026-06-14 09:54:24,046][finetune_logger][INFO] - Val memory reserved: 42.00 MB
2026-06-14 09:54:24 - finetune_logger - INFO - Val memory allocated: 25.85 MB
[2026-06-14 09:54:24,046][finetune_logger][INFO] - Val memory allocated: 25.85 MB
2026-06-14 09:54:24 - finetune_logger - INFO - Logged epoch 12 info to /public/home/202411094934/python_project/Spatio-Temporal-Library/time-series/2026-06-13/crossformer/finetune20/ettm1/time-series/seed_1/training_log.json
[2026-06-14 09:54:24,049][finetune_logger][INFO] - Logged epoch 12 info to /public/home/202411094934/python_project/Spatio-Temporal-Library/time-series/2026-06-13/crossformer/finetune20/ettm1/time-series/seed_1/training_log.json
2026-06-14 09:58:05 - finetune_logger - INFO - Test metrics: {'MAE': 1.4837948814636286, 'RMSE': 2.7970981383980016}
[2026-06-14 09:58:05,782][finetune_logger][INFO] - Test metrics: {'MAE': 1.4837948814636286, 'RMSE': 2.7970981383980016}
2026-06-14 09:58:05 - finetune_logger - INFO - Test time: 221.73s
[2026-06-14 09:58:05,783][finetune_logger][INFO] - Test time: 221.73s
2026-06-14 09:58:05 - finetune_logger - INFO - Test memory reserved: 42.00 MB
[2026-06-14 09:58:05,783][finetune_logger][INFO] - Test memory reserved: 42.00 MB
2026-06-14 09:58:05 - finetune_logger - INFO - Test memory allocated: 25.85 MB
[2026-06-14 09:58:05,783][finetune_logger][INFO] - Test memory allocated: 25.85 MB
2026-06-14 09:58:05 - finetune_logger - INFO - Epoch 13/20
[2026-06-14 09:58:05,783][finetune_logger][INFO] - Epoch 13/20
2026-06-14 10:34:29 - finetune_logger - INFO - Train loss: 0.6451331931623615
[2026-06-14 10:34:29,914][finetune_logger][INFO] - Train loss: 0.6451331931623615
2026-06-14 10:34:29 - finetune_logger - INFO - Train time: 2184.1305646896362s
[2026-06-14 10:34:29,915][finetune_logger][INFO] - Train time: 2184.1305646896362s
2026-06-14 10:34:29 - finetune_logger - INFO - Train memory reserved: 42.00 MB
[2026-06-14 10:34:29,915][finetune_logger][INFO] - Train memory reserved: 42.00 MB
2026-06-14 10:34:29 - finetune_logger - INFO - Train memory allocated: 25.85 MB
[2026-06-14 10:34:29,915][finetune_logger][INFO] - Train memory allocated: 25.85 MB
2026-06-14 10:34:29 - finetune_logger - INFO - Current learning rate: 0.00025
[2026-06-14 10:34:29,915][finetune_logger][INFO] - Current learning rate: 0.00025
2026-06-14 10:38:11 - finetune_logger - INFO - Validation metrics: {'MAE': 1.5431865133712321, 'RMSE': 2.5758428326248}
[2026-06-14 10:38:11,421][finetune_logger][INFO] - Validation metrics: {'MAE': 1.5431865133712321, 'RMSE': 2.5758428326248}
2026-06-14 10:38:11 - finetune_logger - INFO - Val time: 221.51s
[2026-06-14 10:38:11,421][finetune_logger][INFO] - Val time: 221.51s
2026-06-14 10:38:11 - finetune_logger - INFO - Val memory reserved: 42.00 MB
[2026-06-14 10:38:11,422][finetune_logger][INFO] - Val memory reserved: 42.00 MB
2026-06-14 10:38:11 - finetune_logger - INFO - Val memory allocated: 25.85 MB
[2026-06-14 10:38:11,422][finetune_logger][INFO] - Val memory allocated: 25.85 MB
2026-06-14 10:38:11 - finetune_logger - INFO - Logged epoch 13 info to /public/home/202411094934/python_project/Spatio-Temporal-Library/time-series/2026-06-13/crossformer/finetune20/ettm1/time-series/seed_1/training_log.json
[2026-06-14 10:38:11,425][finetune_logger][INFO] - Logged epoch 13 info to /public/home/202411094934/python_project/Spatio-Temporal-Library/time-series/2026-06-13/crossformer/finetune20/ettm1/time-series/seed_1/training_log.json
2026-06-14 10:41:53 - finetune_logger - INFO - Test metrics: {'MAE': 1.445935055519605, 'RMSE': 2.7385370675690943}
[2026-06-14 10:41:53,046][finetune_logger][INFO] - Test metrics: {'MAE': 1.445935055519605, 'RMSE': 2.7385370675690943}
2026-06-14 10:41:53 - finetune_logger - INFO - Test time: 221.62s
[2026-06-14 10:41:53,046][finetune_logger][INFO] - Test time: 221.62s
2026-06-14 10:41:53 - finetune_logger - INFO - Test memory reserved: 42.00 MB
[2026-06-14 10:41:53,046][finetune_logger][INFO] - Test memory reserved: 42.00 MB
2026-06-14 10:41:53 - finetune_logger - INFO - Test memory allocated: 25.85 MB
[2026-06-14 10:41:53,046][finetune_logger][INFO] - Test memory allocated: 25.85 MB
2026-06-14 10:41:53 - finetune_logger - INFO - Epoch 14/20
[2026-06-14 10:41:53,046][finetune_logger][INFO] - Epoch 14/20
2026-06-14 11:18:18 - finetune_logger - INFO - Train loss: 0.6266781499957137
[2026-06-14 11:18:18,245][finetune_logger][INFO] - Train loss: 0.6266781499957137
2026-06-14 11:18:18 - finetune_logger - INFO - Train time: 2185.1979649066925s
[2026-06-14 11:18:18,245][finetune_logger][INFO] - Train time: 2185.1979649066925s
2026-06-14 11:18:18 - finetune_logger - INFO - Train memory reserved: 42.00 MB
[2026-06-14 11:18:18,246][finetune_logger][INFO] - Train memory reserved: 42.00 MB
2026-06-14 11:18:18 - finetune_logger - INFO - Train memory allocated: 25.85 MB
[2026-06-14 11:18:18,246][finetune_logger][INFO] - Train memory allocated: 25.85 MB
2026-06-14 11:18:18 - finetune_logger - INFO - Current learning rate: 0.00025
[2026-06-14 11:18:18,246][finetune_logger][INFO] - Current learning rate: 0.00025
2026-06-14 11:21:59 - finetune_logger - INFO - Validation metrics: {'MAE': 1.564508914127387, 'RMSE': 2.619590851951584}
[2026-06-14 11:21:59,769][finetune_logger][INFO] - Validation metrics: {'MAE': 1.564508914127387, 'RMSE': 2.619590851951584}
2026-06-14 11:21:59 - finetune_logger - INFO - Val time: 221.52s
[2026-06-14 11:21:59,770][finetune_logger][INFO] - Val time: 221.52s
2026-06-14 11:21:59 - finetune_logger - INFO - Val memory reserved: 42.00 MB
[2026-06-14 11:21:59,770][finetune_logger][INFO] - Val memory reserved: 42.00 MB
2026-06-14 11:21:59 - finetune_logger - INFO - Val memory allocated: 25.85 MB
[2026-06-14 11:21:59,770][finetune_logger][INFO] - Val memory allocated: 25.85 MB
2026-06-14 11:21:59 - finetune_logger - INFO - Logged epoch 14 info to /public/home/202411094934/python_project/Spatio-Temporal-Library/time-series/2026-06-13/crossformer/finetune20/ettm1/time-series/seed_1/training_log.json
[2026-06-14 11:21:59,773][finetune_logger][INFO] - Logged epoch 14 info to /public/home/202411094934/python_project/Spatio-Temporal-Library/time-series/2026-06-13/crossformer/finetune20/ettm1/time-series/seed_1/training_log.json
2026-06-14 11:25:41 - finetune_logger - INFO - Test metrics: {'MAE': 1.4596251965098253, 'RMSE': 2.7425056796363987}
[2026-06-14 11:25:41,324][finetune_logger][INFO] - Test metrics: {'MAE': 1.4596251965098253, 'RMSE': 2.7425056796363987}
2026-06-14 11:25:41 - finetune_logger - INFO - Test time: 221.55s
[2026-06-14 11:25:41,325][finetune_logger][INFO] - Test time: 221.55s
2026-06-14 11:25:41 - finetune_logger - INFO - Test memory reserved: 42.00 MB
[2026-06-14 11:25:41,325][finetune_logger][INFO] - Test memory reserved: 42.00 MB
2026-06-14 11:25:41 - finetune_logger - INFO - Test memory allocated: 25.85 MB
[2026-06-14 11:25:41,325][finetune_logger][INFO] - Test memory allocated: 25.85 MB
2026-06-14 11:25:41 - finetune_logger - INFO - Epoch 15/20
[2026-06-14 11:25:41,325][finetune_logger][INFO] - Epoch 15/20
2026-06-14 12:02:07 - finetune_logger - INFO - Train loss: 0.6113709063723487
[2026-06-14 12:02:07,411][finetune_logger][INFO] - Train loss: 0.6113709063723487
2026-06-14 12:02:07 - finetune_logger - INFO - Train time: 2186.0849256515503s
[2026-06-14 12:02:07,411][finetune_logger][INFO] - Train time: 2186.0849256515503s
2026-06-14 12:02:07 - finetune_logger - INFO - Train memory reserved: 42.00 MB
[2026-06-14 12:02:07,411][finetune_logger][INFO] - Train memory reserved: 42.00 MB
2026-06-14 12:02:07 - finetune_logger - INFO - Train memory allocated: 25.85 MB
[2026-06-14 12:02:07,411][finetune_logger][INFO] - Train memory allocated: 25.85 MB
2026-06-14 12:02:07 - finetune_logger - INFO - Current learning rate: 0.00025
[2026-06-14 12:02:07,411][finetune_logger][INFO] - Current learning rate: 0.00025
2026-06-14 12:05:49 - finetune_logger - INFO - Validation metrics: {'MAE': 1.5739570799532092, 'RMSE': 2.6487864395273646}
[2026-06-14 12:05:49,138][finetune_logger][INFO] - Validation metrics: {'MAE': 1.5739570799532092, 'RMSE': 2.6487864395273646}
2026-06-14 12:05:49 - finetune_logger - INFO - Val time: 221.73s
[2026-06-14 12:05:49,139][finetune_logger][INFO] - Val time: 221.73s
2026-06-14 12:05:49 - finetune_logger - INFO - Val memory reserved: 42.00 MB
[2026-06-14 12:05:49,139][finetune_logger][INFO] - Val memory reserved: 42.00 MB
2026-06-14 12:05:49 - finetune_logger - INFO - Val memory allocated: 25.85 MB
[2026-06-14 12:05:49,139][finetune_logger][INFO] - Val memory allocated: 25.85 MB
2026-06-14 12:05:49 - finetune_logger - INFO - Logged epoch 15 info to /public/home/202411094934/python_project/Spatio-Temporal-Library/time-series/2026-06-13/crossformer/finetune20/ettm1/time-series/seed_1/training_log.json
[2026-06-14 12:05:49,142][finetune_logger][INFO] - Logged epoch 15 info to /public/home/202411094934/python_project/Spatio-Temporal-Library/time-series/2026-06-13/crossformer/finetune20/ettm1/time-series/seed_1/training_log.json
2026-06-14 12:09:30 - finetune_logger - INFO - Test metrics: {'MAE': 1.4906213116709324, 'RMSE': 2.8411705690757185}
[2026-06-14 12:09:30,521][finetune_logger][INFO] - Test metrics: {'MAE': 1.4906213116709324, 'RMSE': 2.8411705690757185}
2026-06-14 12:09:30 - finetune_logger - INFO - Test time: 221.38s
[2026-06-14 12:09:30,521][finetune_logger][INFO] - Test time: 221.38s
2026-06-14 12:09:30 - finetune_logger - INFO - Test memory reserved: 42.00 MB
[2026-06-14 12:09:30,522][finetune_logger][INFO] - Test memory reserved: 42.00 MB
2026-06-14 12:09:30 - finetune_logger - INFO - Test memory allocated: 25.85 MB
[2026-06-14 12:09:30,522][finetune_logger][INFO] - Test memory allocated: 25.85 MB
2026-06-14 12:09:30 - finetune_logger - INFO - Epoch 16/20
[2026-06-14 12:09:30,522][finetune_logger][INFO] - Epoch 16/20
2026-06-14 12:45:56 - finetune_logger - INFO - Train loss: 0.5980047595864106
[2026-06-14 12:45:56,149][finetune_logger][INFO] - Train loss: 0.5980047595864106
2026-06-14 12:45:56 - finetune_logger - INFO - Train time: 2185.6261496543884s
[2026-06-14 12:45:56,149][finetune_logger][INFO] - Train time: 2185.6261496543884s
2026-06-14 12:45:56 - finetune_logger - INFO - Train memory reserved: 42.00 MB
[2026-06-14 12:45:56,149][finetune_logger][INFO] - Train memory reserved: 42.00 MB
2026-06-14 12:45:56 - finetune_logger - INFO - Train memory allocated: 25.85 MB
[2026-06-14 12:45:56,149][finetune_logger][INFO] - Train memory allocated: 25.85 MB
2026-06-14 12:45:56 - finetune_logger - INFO - Current learning rate: 0.00025
[2026-06-14 12:45:56,149][finetune_logger][INFO] - Current learning rate: 0.00025
2026-06-14 12:49:37 - finetune_logger - INFO - Validation metrics: {'MAE': 1.565560262302698, 'RMSE': 2.6194848037274108}
[2026-06-14 12:49:37,500][finetune_logger][INFO] - Validation metrics: {'MAE': 1.565560262302698, 'RMSE': 2.6194848037274108}
2026-06-14 12:49:37 - finetune_logger - INFO - Val time: 221.35s
[2026-06-14 12:49:37,501][finetune_logger][INFO] - Val time: 221.35s
2026-06-14 12:49:37 - finetune_logger - INFO - Val memory reserved: 42.00 MB
[2026-06-14 12:49:37,501][finetune_logger][INFO] - Val memory reserved: 42.00 MB
2026-06-14 12:49:37 - finetune_logger - INFO - Val memory allocated: 25.85 MB
[2026-06-14 12:49:37,501][finetune_logger][INFO] - Val memory allocated: 25.85 MB
2026-06-14 12:49:37 - finetune_logger - INFO - Logged epoch 16 info to /public/home/202411094934/python_project/Spatio-Temporal-Library/time-series/2026-06-13/crossformer/finetune20/ettm1/time-series/seed_1/training_log.json
[2026-06-14 12:49:37,504][finetune_logger][INFO] - Logged epoch 16 info to /public/home/202411094934/python_project/Spatio-Temporal-Library/time-series/2026-06-13/crossformer/finetune20/ettm1/time-series/seed_1/training_log.json
2026-06-14 12:53:19 - finetune_logger - INFO - Test metrics: {'MAE': 1.4853214877793686, 'RMSE': 2.8081184635837486}
[2026-06-14 12:53:19,219][finetune_logger][INFO] - Test metrics: {'MAE': 1.4853214877793686, 'RMSE': 2.8081184635837486}
2026-06-14 12:53:19 - finetune_logger - INFO - Test time: 221.71s
[2026-06-14 12:53:19,219][finetune_logger][INFO] - Test time: 221.71s
2026-06-14 12:53:19 - finetune_logger - INFO - Test memory reserved: 42.00 MB
[2026-06-14 12:53:19,219][finetune_logger][INFO] - Test memory reserved: 42.00 MB
2026-06-14 12:53:19 - finetune_logger - INFO - Test memory allocated: 25.85 MB
[2026-06-14 12:53:19,219][finetune_logger][INFO] - Test memory allocated: 25.85 MB
2026-06-14 12:53:19 - finetune_logger - INFO - Epoch 17/20
[2026-06-14 12:53:19,220][finetune_logger][INFO] - Epoch 17/20
2026-06-14 13:29:45 - finetune_logger - INFO - Train loss: 0.5845274145641238
[2026-06-14 13:29:45,045][finetune_logger][INFO] - Train loss: 0.5845274145641238
2026-06-14 13:29:45 - finetune_logger - INFO - Train time: 2185.8249473571777s
[2026-06-14 13:29:45,046][finetune_logger][INFO] - Train time: 2185.8249473571777s
2026-06-14 13:29:45 - finetune_logger - INFO - Train memory reserved: 42.00 MB
[2026-06-14 13:29:45,046][finetune_logger][INFO] - Train memory reserved: 42.00 MB
2026-06-14 13:29:45 - finetune_logger - INFO - Train memory allocated: 25.85 MB
[2026-06-14 13:29:45,046][finetune_logger][INFO] - Train memory allocated: 25.85 MB
2026-06-14 13:29:45 - finetune_logger - INFO - Current learning rate: 0.00025
[2026-06-14 13:29:45,046][finetune_logger][INFO] - Current learning rate: 0.00025
2026-06-14 13:33:26 - finetune_logger - INFO - Validation metrics: {'MAE': 1.567523567466481, 'RMSE': 2.623962420375951}
[2026-06-14 13:33:26,777][finetune_logger][INFO] - Validation metrics: {'MAE': 1.567523567466481, 'RMSE': 2.623962420375951}
2026-06-14 13:33:26 - finetune_logger - INFO - Val time: 221.73s
[2026-06-14 13:33:26,777][finetune_logger][INFO] - Val time: 221.73s
2026-06-14 13:33:26 - finetune_logger - INFO - Val memory reserved: 42.00 MB
[2026-06-14 13:33:26,777][finetune_logger][INFO] - Val memory reserved: 42.00 MB
2026-06-14 13:33:26 - finetune_logger - INFO - Val memory allocated: 25.85 MB
[2026-06-14 13:33:26,778][finetune_logger][INFO] - Val memory allocated: 25.85 MB
2026-06-14 13:33:26 - finetune_logger - INFO - Logged epoch 17 info to /public/home/202411094934/python_project/Spatio-Temporal-Library/time-series/2026-06-13/crossformer/finetune20/ettm1/time-series/seed_1/training_log.json
[2026-06-14 13:33:26,781][finetune_logger][INFO] - Logged epoch 17 info to /public/home/202411094934/python_project/Spatio-Temporal-Library/time-series/2026-06-13/crossformer/finetune20/ettm1/time-series/seed_1/training_log.json
2026-06-14 13:37:08 - finetune_logger - INFO - Test metrics: {'MAE': 1.4690042543400654, 'RMSE': 2.76732517989329}
[2026-06-14 13:37:08,507][finetune_logger][INFO] - Test metrics: {'MAE': 1.4690042543400654, 'RMSE': 2.76732517989329}
2026-06-14 13:37:08 - finetune_logger - INFO - Test time: 221.73s
[2026-06-14 13:37:08,507][finetune_logger][INFO] - Test time: 221.73s
2026-06-14 13:37:08 - finetune_logger - INFO - Test memory reserved: 42.00 MB
[2026-06-14 13:37:08,507][finetune_logger][INFO] - Test memory reserved: 42.00 MB
2026-06-14 13:37:08 - finetune_logger - INFO - Test memory allocated: 25.85 MB
[2026-06-14 13:37:08,507][finetune_logger][INFO] - Test memory allocated: 25.85 MB
2026-06-14 13:37:08 - finetune_logger - INFO - Epoch 18/20
[2026-06-14 13:37:08,507][finetune_logger][INFO] - Epoch 18/20
2026-06-14 14:13:34 - finetune_logger - INFO - Train loss: 0.5747937223946353
[2026-06-14 14:13:34,769][finetune_logger][INFO] - Train loss: 0.5747937223946353
2026-06-14 14:13:34 - finetune_logger - INFO - Train time: 2186.26109457016s
[2026-06-14 14:13:34,769][finetune_logger][INFO] - Train time: 2186.26109457016s
2026-06-14 14:13:34 - finetune_logger - INFO - Train memory reserved: 42.00 MB
[2026-06-14 14:13:34,769][finetune_logger][INFO] - Train memory reserved: 42.00 MB
2026-06-14 14:13:34 - finetune_logger - INFO - Train memory allocated: 25.85 MB
[2026-06-14 14:13:34,770][finetune_logger][INFO] - Train memory allocated: 25.85 MB
2026-06-14 14:13:34 - finetune_logger - INFO - Current learning rate: 0.00025
[2026-06-14 14:13:34,770][finetune_logger][INFO] - Current learning rate: 0.00025
2026-06-14 14:17:16 - finetune_logger - INFO - Validation metrics: {'MAE': 1.59387932995717, 'RMSE': 2.702693386211229}
[2026-06-14 14:17:16,700][finetune_logger][INFO] - Validation metrics: {'MAE': 1.59387932995717, 'RMSE': 2.702693386211229}
2026-06-14 14:17:16 - finetune_logger - INFO - Val time: 221.93s
[2026-06-14 14:17:16,701][finetune_logger][INFO] - Val time: 221.93s
2026-06-14 14:17:16 - finetune_logger - INFO - Val memory reserved: 42.00 MB
[2026-06-14 14:17:16,701][finetune_logger][INFO] - Val memory reserved: 42.00 MB
2026-06-14 14:17:16 - finetune_logger - INFO - Val memory allocated: 25.85 MB
[2026-06-14 14:17:16,701][finetune_logger][INFO] - Val memory allocated: 25.85 MB
2026-06-14 14:17:16 - finetune_logger - INFO - Logged epoch 18 info to /public/home/202411094934/python_project/Spatio-Temporal-Library/time-series/2026-06-13/crossformer/finetune20/ettm1/time-series/seed_1/training_log.json
[2026-06-14 14:17:16,704][finetune_logger][INFO] - Logged epoch 18 info to /public/home/202411094934/python_project/Spatio-Temporal-Library/time-series/2026-06-13/crossformer/finetune20/ettm1/time-series/seed_1/training_log.json
2026-06-14 14:20:58 - finetune_logger - INFO - Test metrics: {'MAE': 1.5030880449562092, 'RMSE': 2.903694783128003}
[2026-06-14 14:20:58,437][finetune_logger][INFO] - Test metrics: {'MAE': 1.5030880449562092, 'RMSE': 2.903694783128003}
2026-06-14 14:20:58 - finetune_logger - INFO - Test time: 221.73s
[2026-06-14 14:20:58,437][finetune_logger][INFO] - Test time: 221.73s
2026-06-14 14:20:58 - finetune_logger - INFO - Test memory reserved: 42.00 MB
[2026-06-14 14:20:58,437][finetune_logger][INFO] - Test memory reserved: 42.00 MB
2026-06-14 14:20:58 - finetune_logger - INFO - Test memory allocated: 25.85 MB
[2026-06-14 14:20:58,437][finetune_logger][INFO] - Test memory allocated: 25.85 MB
2026-06-14 14:20:58 - finetune_logger - INFO - Epoch 19/20
[2026-06-14 14:20:58,437][finetune_logger][INFO] - Epoch 19/20
2026-06-14 14:57:24 - finetune_logger - INFO - Train loss: 0.5641947012890358
[2026-06-14 14:57:24,599][finetune_logger][INFO] - Train loss: 0.5641947012890358
2026-06-14 14:57:24 - finetune_logger - INFO - Train time: 2186.1606073379517s
[2026-06-14 14:57:24,599][finetune_logger][INFO] - Train time: 2186.1606073379517s
2026-06-14 14:57:24 - finetune_logger - INFO - Train memory reserved: 42.00 MB
[2026-06-14 14:57:24,599][finetune_logger][INFO] - Train memory reserved: 42.00 MB
2026-06-14 14:57:24 - finetune_logger - INFO - Train memory allocated: 25.85 MB
[2026-06-14 14:57:24,599][finetune_logger][INFO] - Train memory allocated: 25.85 MB
2026-06-14 14:57:24 - finetune_logger - INFO - Current learning rate: 0.00025
[2026-06-14 14:57:24,599][finetune_logger][INFO] - Current learning rate: 0.00025
2026-06-14 15:01:06 - finetune_logger - INFO - Validation metrics: {'MAE': 1.5822612699618874, 'RMSE': 2.670504088630363}
[2026-06-14 15:01:06,280][finetune_logger][INFO] - Validation metrics: {'MAE': 1.5822612699618874, 'RMSE': 2.670504088630363}
2026-06-14 15:01:06 - finetune_logger - INFO - Val time: 221.68s
[2026-06-14 15:01:06,281][finetune_logger][INFO] - Val time: 221.68s
2026-06-14 15:01:06 - finetune_logger - INFO - Val memory reserved: 42.00 MB
[2026-06-14 15:01:06,281][finetune_logger][INFO] - Val memory reserved: 42.00 MB
2026-06-14 15:01:06 - finetune_logger - INFO - Val memory allocated: 25.85 MB
[2026-06-14 15:01:06,281][finetune_logger][INFO] - Val memory allocated: 25.85 MB
2026-06-14 15:01:06 - finetune_logger - INFO - Logged epoch 19 info to /public/home/202411094934/python_project/Spatio-Temporal-Library/time-series/2026-06-13/crossformer/finetune20/ettm1/time-series/seed_1/training_log.json
[2026-06-14 15:01:06,285][finetune_logger][INFO] - Logged epoch 19 info to /public/home/202411094934/python_project/Spatio-Temporal-Library/time-series/2026-06-13/crossformer/finetune20/ettm1/time-series/seed_1/training_log.json
2026-06-14 15:04:48 - finetune_logger - INFO - Test metrics: {'MAE': 1.4709374047283428, 'RMSE': 2.798070059423699}
[2026-06-14 15:04:48,049][finetune_logger][INFO] - Test metrics: {'MAE': 1.4709374047283428, 'RMSE': 2.798070059423699}
2026-06-14 15:04:48 - finetune_logger - INFO - Test time: 221.76s
[2026-06-14 15:04:48,049][finetune_logger][INFO] - Test time: 221.76s
2026-06-14 15:04:48 - finetune_logger - INFO - Test memory reserved: 42.00 MB
[2026-06-14 15:04:48,049][finetune_logger][INFO] - Test memory reserved: 42.00 MB
2026-06-14 15:04:48 - finetune_logger - INFO - Test memory allocated: 25.85 MB
[2026-06-14 15:04:48,049][finetune_logger][INFO] - Test memory allocated: 25.85 MB
2026-06-14 15:04:48 - finetune_logger - INFO - Epoch 20/20
[2026-06-14 15:04:48,050][finetune_logger][INFO] - Epoch 20/20
2026-06-14 15:41:10 - finetune_logger - INFO - Train loss: 0.5558071517693222
[2026-06-14 15:41:10,128][finetune_logger][INFO] - Train loss: 0.5558071517693222
2026-06-14 15:41:10 - finetune_logger - INFO - Train time: 2182.07794380188s
[2026-06-14 15:41:10,129][finetune_logger][INFO] - Train time: 2182.07794380188s
2026-06-14 15:41:10 - finetune_logger - INFO - Train memory reserved: 42.00 MB
[2026-06-14 15:41:10,129][finetune_logger][INFO] - Train memory reserved: 42.00 MB
2026-06-14 15:41:10 - finetune_logger - INFO - Train memory allocated: 25.85 MB
[2026-06-14 15:41:10,129][finetune_logger][INFO] - Train memory allocated: 25.85 MB
2026-06-14 15:41:10 - finetune_logger - INFO - Current learning rate: 0.00025
[2026-06-14 15:41:10,129][finetune_logger][INFO] - Current learning rate: 0.00025
2026-06-14 15:44:51 - finetune_logger - INFO - Validation metrics: {'MAE': 1.5794109266861491, 'RMSE': 2.6356418838883853}
[2026-06-14 15:44:51,631][finetune_logger][INFO] - Validation metrics: {'MAE': 1.5794109266861491, 'RMSE': 2.6356418838883853}
2026-06-14 15:44:51 - finetune_logger - INFO - Val time: 221.50s
[2026-06-14 15:44:51,631][finetune_logger][INFO] - Val time: 221.50s
2026-06-14 15:44:51 - finetune_logger - INFO - Val memory reserved: 42.00 MB
[2026-06-14 15:44:51,632][finetune_logger][INFO] - Val memory reserved: 42.00 MB
2026-06-14 15:44:51 - finetune_logger - INFO - Val memory allocated: 25.85 MB
[2026-06-14 15:44:51,632][finetune_logger][INFO] - Val memory allocated: 25.85 MB
2026-06-14 15:44:51 - finetune_logger - INFO - Logged epoch 20 info to /public/home/202411094934/python_project/Spatio-Temporal-Library/time-series/2026-06-13/crossformer/finetune20/ettm1/time-series/seed_1/training_log.json
[2026-06-14 15:44:51,636][finetune_logger][INFO] - Logged epoch 20 info to /public/home/202411094934/python_project/Spatio-Temporal-Library/time-series/2026-06-13/crossformer/finetune20/ettm1/time-series/seed_1/training_log.json
2026-06-14 15:48:32 - finetune_logger - INFO - Test metrics: {'MAE': 1.4829622238411455, 'RMSE': 2.792309983936451}
[2026-06-14 15:48:32,799][finetune_logger][INFO] - Test metrics: {'MAE': 1.4829622238411455, 'RMSE': 2.792309983936451}
2026-06-14 15:48:32 - finetune_logger - INFO - Test time: 221.06s
[2026-06-14 15:48:32,799][finetune_logger][INFO] - Test time: 221.06s
2026-06-14 15:48:32 - finetune_logger - INFO - Test memory reserved: 42.00 MB
[2026-06-14 15:48:32,800][finetune_logger][INFO] - Test memory reserved: 42.00 MB
2026-06-14 15:48:32 - finetune_logger - INFO - Test memory allocated: 25.85 MB
[2026-06-14 15:48:32,800][finetune_logger][INFO] - Test memory allocated: 25.85 MB
2026-06-14 15:48:32 - finetune_logger - INFO - Training completed. Best epoch: 3, Best val loss: 1.426595
[2026-06-14 15:48:32,800][finetune_logger][INFO] - Training completed. Best epoch: 3, Best val loss: 1.426595
2026-06-14 15:48:32 - finetune_logger - INFO - Loaded checkpoint from epoch 3
[2026-06-14 15:48:32,962][finetune_logger][INFO] - Loaded checkpoint from epoch 3
2026-06-14 15:48:32 - finetune_logger - INFO - Evaluating best model on test sets...
[2026-06-14 15:48:32,963][finetune_logger][INFO] - Evaluating best model on test sets...
2026-06-14 15:52:13 - finetune_logger - INFO - Test metrics: {'MAE': 1.2590640923419338, 'RMSE': 2.3849298250606576}
[2026-06-14 15:52:13,306][finetune_logger][INFO] - Test metrics: {'MAE': 1.2590640923419338, 'RMSE': 2.3849298250606576}
2026-06-14 15:52:13 - finetune_logger - INFO - Test time: 220.34s
[2026-06-14 15:52:13,306][finetune_logger][INFO] - Test time: 220.34s
2026-06-14 15:52:13 - finetune_logger - INFO - Test memory reserved: 42.00 MB
[2026-06-14 15:52:13,306][finetune_logger][INFO] - Test memory reserved: 42.00 MB
2026-06-14 15:52:13 - finetune_logger - INFO - Test memory allocated: 26.04 MB
[2026-06-14 15:52:13,307][finetune_logger][INFO] - Test memory allocated: 26.04 MB
2026-06-14 15:52:13 - finetune_logger - INFO - Logged epoch test info to /public/home/202411094934/python_project/Spatio-Temporal-Library/time-series/2026-06-13/crossformer/finetune20/ettm1/time-series/seed_1/training_log.json
[2026-06-14 15:52:13,310][finetune_logger][INFO] - Logged epoch test info to /public/home/202411094934/python_project/Spatio-Temporal-Library/time-series/2026-06-13/crossformer/finetune20/ettm1/time-series/seed_1/training_log.json
