2026-06-26 16:15:05 - pretrain_logger - INFO - Model parameters: 385,095
[2026-06-26 16:15:05,505][pretrain_logger][INFO] - Model parameters: 385,095
2026-06-26 16:15:05 - pretrain_logger - INFO - Created new log file at /public/home/202411094934/python_project/Spatio-Temporal-Library/time-series/2026-06-26/fedformer/pretrain10/ettm1/time-series/seed_2/training_log.json
[2026-06-26 16:15:05,510][pretrain_logger][INFO] - Created new log file at /public/home/202411094934/python_project/Spatio-Temporal-Library/time-series/2026-06-26/fedformer/pretrain10/ettm1/time-series/seed_2/training_log.json
2026-06-26 16:15:05 - pretrain_logger - INFO - Starting JEPA pretraining...
[2026-06-26 16:15:05,510][pretrain_logger][INFO] - Starting JEPA pretraining...
2026-06-26 18:11:43 - pretrain_logger - INFO - [JEPA Pretrain] Epoch 1/10, loss=0.260459, time=6998.17s
[2026-06-26 18:11:43,680][pretrain_logger][INFO] - [JEPA Pretrain] Epoch 1/10, loss=0.260459, time=6998.17s
2026-06-26 18:11:43 - pretrain_logger - INFO - Pretrain loss: 0.26045905935087704
[2026-06-26 18:11:43,682][pretrain_logger][INFO] - Pretrain loss: 0.26045905935087704
2026-06-26 18:11:43 - pretrain_logger - INFO - Pretrain time: 6998.169833898544s
[2026-06-26 18:11:43,682][pretrain_logger][INFO] - Pretrain time: 6998.169833898544s
2026-06-26 18:11:43 - pretrain_logger - INFO - Pretrain memory reserved: 96.00 MB
[2026-06-26 18:11:43,682][pretrain_logger][INFO] - Pretrain memory reserved: 96.00 MB
2026-06-26 18:11:43 - pretrain_logger - INFO - Pretrain memory allocated: 21.19 MB
[2026-06-26 18:11:43,682][pretrain_logger][INFO] - Pretrain memory allocated: 21.19 MB
2026-06-26 18:11:43 - pretrain_logger - INFO - Current learning rate: 0.0005
[2026-06-26 18:11:43,683][pretrain_logger][INFO] - Current learning rate: 0.0005
2026-06-26 18:11:43 - pretrain_logger - INFO - Logged epoch Pretrain 1 info to /public/home/202411094934/python_project/Spatio-Temporal-Library/time-series/2026-06-26/fedformer/pretrain10/ettm1/time-series/seed_2/training_log.json
[2026-06-26 18:11:43,686][pretrain_logger][INFO] - Logged epoch Pretrain 1 info to /public/home/202411094934/python_project/Spatio-Temporal-Library/time-series/2026-06-26/fedformer/pretrain10/ettm1/time-series/seed_2/training_log.json
2026-06-26 20:09:18 - pretrain_logger - INFO - [JEPA Pretrain] Epoch 2/10, loss=0.192139, time=7054.48s
[2026-06-26 20:09:18,166][pretrain_logger][INFO] - [JEPA Pretrain] Epoch 2/10, loss=0.192139, time=7054.48s
2026-06-26 20:09:18 - pretrain_logger - INFO - Pretrain loss: 0.19213926311380977
[2026-06-26 20:09:18,190][pretrain_logger][INFO] - Pretrain loss: 0.19213926311380977
2026-06-26 20:09:18 - pretrain_logger - INFO - Pretrain time: 7054.479996442795s
[2026-06-26 20:09:18,190][pretrain_logger][INFO] - Pretrain time: 7054.479996442795s
2026-06-26 20:09:18 - pretrain_logger - INFO - Pretrain memory reserved: 96.00 MB
[2026-06-26 20:09:18,190][pretrain_logger][INFO] - Pretrain memory reserved: 96.00 MB
2026-06-26 20:09:18 - pretrain_logger - INFO - Pretrain memory allocated: 21.19 MB
[2026-06-26 20:09:18,191][pretrain_logger][INFO] - Pretrain memory allocated: 21.19 MB
2026-06-26 20:09:18 - pretrain_logger - INFO - Current learning rate: 0.0005
[2026-06-26 20:09:18,191][pretrain_logger][INFO] - Current learning rate: 0.0005
2026-06-26 20:09:18 - pretrain_logger - INFO - Logged epoch Pretrain 2 info to /public/home/202411094934/python_project/Spatio-Temporal-Library/time-series/2026-06-26/fedformer/pretrain10/ettm1/time-series/seed_2/training_log.json
[2026-06-26 20:09:18,194][pretrain_logger][INFO] - Logged epoch Pretrain 2 info to /public/home/202411094934/python_project/Spatio-Temporal-Library/time-series/2026-06-26/fedformer/pretrain10/ettm1/time-series/seed_2/training_log.json
2026-06-26 22:06:56 - pretrain_logger - INFO - [JEPA Pretrain] Epoch 3/10, loss=0.203101, time=7058.68s
[2026-06-26 22:06:56,870][pretrain_logger][INFO] - [JEPA Pretrain] Epoch 3/10, loss=0.203101, time=7058.68s
2026-06-26 22:06:56 - pretrain_logger - INFO - Pretrain loss: 0.20310146795115128
[2026-06-26 22:06:56,870][pretrain_logger][INFO] - Pretrain loss: 0.20310146795115128
2026-06-26 22:06:56 - pretrain_logger - INFO - Pretrain time: 7058.675676345825s
[2026-06-26 22:06:56,871][pretrain_logger][INFO] - Pretrain time: 7058.675676345825s
2026-06-26 22:06:56 - pretrain_logger - INFO - Pretrain memory reserved: 96.00 MB
[2026-06-26 22:06:56,871][pretrain_logger][INFO] - Pretrain memory reserved: 96.00 MB
2026-06-26 22:06:56 - pretrain_logger - INFO - Pretrain memory allocated: 21.19 MB
[2026-06-26 22:06:56,871][pretrain_logger][INFO] - Pretrain memory allocated: 21.19 MB
2026-06-26 22:06:56 - pretrain_logger - INFO - Current learning rate: 0.0005
[2026-06-26 22:06:56,871][pretrain_logger][INFO] - Current learning rate: 0.0005
2026-06-26 22:06:56 - pretrain_logger - INFO - Logged epoch Pretrain 3 info to /public/home/202411094934/python_project/Spatio-Temporal-Library/time-series/2026-06-26/fedformer/pretrain10/ettm1/time-series/seed_2/training_log.json
[2026-06-26 22:06:56,874][pretrain_logger][INFO] - Logged epoch Pretrain 3 info to /public/home/202411094934/python_project/Spatio-Temporal-Library/time-series/2026-06-26/fedformer/pretrain10/ettm1/time-series/seed_2/training_log.json
2026-06-27 00:04:42 - pretrain_logger - INFO - [JEPA Pretrain] Epoch 4/10, loss=0.213639, time=7066.09s
[2026-06-27 00:04:42,963][pretrain_logger][INFO] - [JEPA Pretrain] Epoch 4/10, loss=0.213639, time=7066.09s
2026-06-27 00:04:42 - pretrain_logger - INFO - Pretrain loss: 0.21363868344596154
[2026-06-27 00:04:42,985][pretrain_logger][INFO] - Pretrain loss: 0.21363868344596154
2026-06-27 00:04:42 - pretrain_logger - INFO - Pretrain time: 7066.088817358017s
[2026-06-27 00:04:42,985][pretrain_logger][INFO] - Pretrain time: 7066.088817358017s
2026-06-27 00:04:42 - pretrain_logger - INFO - Pretrain memory reserved: 96.00 MB
[2026-06-27 00:04:42,985][pretrain_logger][INFO] - Pretrain memory reserved: 96.00 MB
2026-06-27 00:04:42 - pretrain_logger - INFO - Pretrain memory allocated: 21.19 MB
[2026-06-27 00:04:42,985][pretrain_logger][INFO] - Pretrain memory allocated: 21.19 MB
2026-06-27 00:04:42 - pretrain_logger - INFO - Current learning rate: 0.0005
[2026-06-27 00:04:42,985][pretrain_logger][INFO] - Current learning rate: 0.0005
2026-06-27 00:04:42 - pretrain_logger - INFO - Logged epoch Pretrain 4 info to /public/home/202411094934/python_project/Spatio-Temporal-Library/time-series/2026-06-26/fedformer/pretrain10/ettm1/time-series/seed_2/training_log.json
[2026-06-27 00:04:42,988][pretrain_logger][INFO] - Logged epoch Pretrain 4 info to /public/home/202411094934/python_project/Spatio-Temporal-Library/time-series/2026-06-26/fedformer/pretrain10/ettm1/time-series/seed_2/training_log.json
2026-06-27 02:02:09 - pretrain_logger - INFO - [JEPA Pretrain] Epoch 5/10, loss=0.222821, time=7046.38s
[2026-06-27 02:02:09,367][pretrain_logger][INFO] - [JEPA Pretrain] Epoch 5/10, loss=0.222821, time=7046.38s
2026-06-27 02:02:09 - pretrain_logger - INFO - Pretrain loss: 0.22282086630166972
[2026-06-27 02:02:09,369][pretrain_logger][INFO] - Pretrain loss: 0.22282086630166972
2026-06-27 02:02:09 - pretrain_logger - INFO - Pretrain time: 7046.378485918045s
[2026-06-27 02:02:09,369][pretrain_logger][INFO] - Pretrain time: 7046.378485918045s
2026-06-27 02:02:09 - pretrain_logger - INFO - Pretrain memory reserved: 96.00 MB
[2026-06-27 02:02:09,369][pretrain_logger][INFO] - Pretrain memory reserved: 96.00 MB
2026-06-27 02:02:09 - pretrain_logger - INFO - Pretrain memory allocated: 21.19 MB
[2026-06-27 02:02:09,369][pretrain_logger][INFO] - Pretrain memory allocated: 21.19 MB
2026-06-27 02:02:09 - pretrain_logger - INFO - Current learning rate: 0.0005
[2026-06-27 02:02:09,369][pretrain_logger][INFO] - Current learning rate: 0.0005
2026-06-27 02:02:09 - pretrain_logger - INFO - Logged epoch Pretrain 5 info to /public/home/202411094934/python_project/Spatio-Temporal-Library/time-series/2026-06-26/fedformer/pretrain10/ettm1/time-series/seed_2/training_log.json
[2026-06-27 02:02:09,373][pretrain_logger][INFO] - Logged epoch Pretrain 5 info to /public/home/202411094934/python_project/Spatio-Temporal-Library/time-series/2026-06-26/fedformer/pretrain10/ettm1/time-series/seed_2/training_log.json
2026-06-27 03:59:55 - pretrain_logger - INFO - [JEPA Pretrain] Epoch 6/10, loss=0.237959, time=7065.87s
[2026-06-27 03:59:55,239][pretrain_logger][INFO] - [JEPA Pretrain] Epoch 6/10, loss=0.237959, time=7065.87s
2026-06-27 03:59:55 - pretrain_logger - INFO - Pretrain loss: 0.2379585420932458
[2026-06-27 03:59:55,261][pretrain_logger][INFO] - Pretrain loss: 0.2379585420932458
2026-06-27 03:59:55 - pretrain_logger - INFO - Pretrain time: 7065.865863800049s
[2026-06-27 03:59:55,261][pretrain_logger][INFO] - Pretrain time: 7065.865863800049s
2026-06-27 03:59:55 - pretrain_logger - INFO - Pretrain memory reserved: 96.00 MB
[2026-06-27 03:59:55,261][pretrain_logger][INFO] - Pretrain memory reserved: 96.00 MB
2026-06-27 03:59:55 - pretrain_logger - INFO - Pretrain memory allocated: 21.19 MB
[2026-06-27 03:59:55,261][pretrain_logger][INFO] - Pretrain memory allocated: 21.19 MB
2026-06-27 03:59:55 - pretrain_logger - INFO - Current learning rate: 0.0005
[2026-06-27 03:59:55,261][pretrain_logger][INFO] - Current learning rate: 0.0005
2026-06-27 03:59:55 - pretrain_logger - INFO - Logged epoch Pretrain 6 info to /public/home/202411094934/python_project/Spatio-Temporal-Library/time-series/2026-06-26/fedformer/pretrain10/ettm1/time-series/seed_2/training_log.json
[2026-06-27 03:59:55,264][pretrain_logger][INFO] - Logged epoch Pretrain 6 info to /public/home/202411094934/python_project/Spatio-Temporal-Library/time-series/2026-06-26/fedformer/pretrain10/ettm1/time-series/seed_2/training_log.json
2026-06-27 05:57:22 - pretrain_logger - INFO - [JEPA Pretrain] Epoch 7/10, loss=0.258352, time=7047.37s
[2026-06-27 05:57:22,631][pretrain_logger][INFO] - [JEPA Pretrain] Epoch 7/10, loss=0.258352, time=7047.37s
2026-06-27 05:57:22 - pretrain_logger - INFO - Pretrain loss: 0.25835240779482715
[2026-06-27 05:57:22,632][pretrain_logger][INFO] - Pretrain loss: 0.25835240779482715
2026-06-27 05:57:22 - pretrain_logger - INFO - Pretrain time: 7047.366687774658s
[2026-06-27 05:57:22,632][pretrain_logger][INFO] - Pretrain time: 7047.366687774658s
2026-06-27 05:57:22 - pretrain_logger - INFO - Pretrain memory reserved: 96.00 MB
[2026-06-27 05:57:22,632][pretrain_logger][INFO] - Pretrain memory reserved: 96.00 MB
2026-06-27 05:57:22 - pretrain_logger - INFO - Pretrain memory allocated: 21.19 MB
[2026-06-27 05:57:22,632][pretrain_logger][INFO] - Pretrain memory allocated: 21.19 MB
2026-06-27 05:57:22 - pretrain_logger - INFO - Current learning rate: 0.0005
[2026-06-27 05:57:22,632][pretrain_logger][INFO] - Current learning rate: 0.0005
2026-06-27 05:57:22 - pretrain_logger - INFO - Logged epoch Pretrain 7 info to /public/home/202411094934/python_project/Spatio-Temporal-Library/time-series/2026-06-26/fedformer/pretrain10/ettm1/time-series/seed_2/training_log.json
[2026-06-27 05:57:22,636][pretrain_logger][INFO] - Logged epoch Pretrain 7 info to /public/home/202411094934/python_project/Spatio-Temporal-Library/time-series/2026-06-26/fedformer/pretrain10/ettm1/time-series/seed_2/training_log.json
2026-06-27 07:55:05 - pretrain_logger - INFO - [JEPA Pretrain] Epoch 8/10, loss=0.287797, time=7062.42s
[2026-06-27 07:55:05,059][pretrain_logger][INFO] - [JEPA Pretrain] Epoch 8/10, loss=0.287797, time=7062.42s
2026-06-27 07:55:05 - pretrain_logger - INFO - Pretrain loss: 0.28779675380739894
[2026-06-27 07:55:05,083][pretrain_logger][INFO] - Pretrain loss: 0.28779675380739894
2026-06-27 07:55:05 - pretrain_logger - INFO - Pretrain time: 7062.423127174377s
[2026-06-27 07:55:05,083][pretrain_logger][INFO] - Pretrain time: 7062.423127174377s
2026-06-27 07:55:05 - pretrain_logger - INFO - Pretrain memory reserved: 96.00 MB
[2026-06-27 07:55:05,083][pretrain_logger][INFO] - Pretrain memory reserved: 96.00 MB
2026-06-27 07:55:05 - pretrain_logger - INFO - Pretrain memory allocated: 21.19 MB
[2026-06-27 07:55:05,084][pretrain_logger][INFO] - Pretrain memory allocated: 21.19 MB
2026-06-27 07:55:05 - pretrain_logger - INFO - Current learning rate: 0.0005
[2026-06-27 07:55:05,084][pretrain_logger][INFO] - Current learning rate: 0.0005
2026-06-27 07:55:05 - pretrain_logger - INFO - Logged epoch Pretrain 8 info to /public/home/202411094934/python_project/Spatio-Temporal-Library/time-series/2026-06-26/fedformer/pretrain10/ettm1/time-series/seed_2/training_log.json
[2026-06-27 07:55:05,088][pretrain_logger][INFO] - Logged epoch Pretrain 8 info to /public/home/202411094934/python_project/Spatio-Temporal-Library/time-series/2026-06-26/fedformer/pretrain10/ettm1/time-series/seed_2/training_log.json
2026-06-27 09:52:00 - pretrain_logger - INFO - [JEPA Pretrain] Epoch 9/10, loss=0.326872, time=7015.59s
[2026-06-27 09:52:00,678][pretrain_logger][INFO] - [JEPA Pretrain] Epoch 9/10, loss=0.326872, time=7015.59s
2026-06-27 09:52:00 - pretrain_logger - INFO - Pretrain loss: 0.3268720404996798
[2026-06-27 09:52:00,680][pretrain_logger][INFO] - Pretrain loss: 0.3268720404996798
2026-06-27 09:52:00 - pretrain_logger - INFO - Pretrain time: 7015.589339494705s
[2026-06-27 09:52:00,680][pretrain_logger][INFO] - Pretrain time: 7015.589339494705s
2026-06-27 09:52:00 - pretrain_logger - INFO - Pretrain memory reserved: 96.00 MB
[2026-06-27 09:52:00,680][pretrain_logger][INFO] - Pretrain memory reserved: 96.00 MB
2026-06-27 09:52:00 - pretrain_logger - INFO - Pretrain memory allocated: 21.19 MB
[2026-06-27 09:52:00,680][pretrain_logger][INFO] - Pretrain memory allocated: 21.19 MB
2026-06-27 09:52:00 - pretrain_logger - INFO - Current learning rate: 0.0005
[2026-06-27 09:52:00,680][pretrain_logger][INFO] - Current learning rate: 0.0005
2026-06-27 09:52:00 - pretrain_logger - INFO - Logged epoch Pretrain 9 info to /public/home/202411094934/python_project/Spatio-Temporal-Library/time-series/2026-06-26/fedformer/pretrain10/ettm1/time-series/seed_2/training_log.json
[2026-06-27 09:52:00,684][pretrain_logger][INFO] - Logged epoch Pretrain 9 info to /public/home/202411094934/python_project/Spatio-Temporal-Library/time-series/2026-06-26/fedformer/pretrain10/ettm1/time-series/seed_2/training_log.json
2026-06-27 11:49:40 - pretrain_logger - INFO - [JEPA Pretrain] Epoch 10/10, loss=0.370175, time=7059.62s
[2026-06-27 11:49:40,302][pretrain_logger][INFO] - [JEPA Pretrain] Epoch 10/10, loss=0.370175, time=7059.62s
2026-06-27 11:49:40 - pretrain_logger - INFO - Pretrain loss: 0.3701748664204287
[2026-06-27 11:49:40,325][pretrain_logger][INFO] - Pretrain loss: 0.3701748664204287
2026-06-27 11:49:40 - pretrain_logger - INFO - Pretrain time: 7059.618258714676s
[2026-06-27 11:49:40,325][pretrain_logger][INFO] - Pretrain time: 7059.618258714676s
2026-06-27 11:49:40 - pretrain_logger - INFO - Pretrain memory reserved: 96.00 MB
[2026-06-27 11:49:40,325][pretrain_logger][INFO] - Pretrain memory reserved: 96.00 MB
2026-06-27 11:49:40 - pretrain_logger - INFO - Pretrain memory allocated: 21.19 MB
[2026-06-27 11:49:40,325][pretrain_logger][INFO] - Pretrain memory allocated: 21.19 MB
2026-06-27 11:49:40 - pretrain_logger - INFO - Current learning rate: 0.0005
[2026-06-27 11:49:40,325][pretrain_logger][INFO] - Current learning rate: 0.0005
2026-06-27 11:49:40 - pretrain_logger - INFO - Logged epoch Pretrain 10 info to /public/home/202411094934/python_project/Spatio-Temporal-Library/time-series/2026-06-26/fedformer/pretrain10/ettm1/time-series/seed_2/training_log.json
[2026-06-27 11:49:40,328][pretrain_logger][INFO] - Logged epoch Pretrain 10 info to /public/home/202411094934/python_project/Spatio-Temporal-Library/time-series/2026-06-26/fedformer/pretrain10/ettm1/time-series/seed_2/training_log.json
2026-06-27 11:49:40 - pretrain_logger - INFO - JEPA pretraining completed.
[2026-06-27 11:49:40,328][pretrain_logger][INFO] - JEPA pretraining completed.
