2026-07-01 19:57:13 - finetune_logger - INFO - No pretrained checkpoint is provided. Finetuning from scratch.
[2026-07-01 19:57:13,222][finetune_logger][INFO] - No pretrained checkpoint is provided. Finetuning from scratch.
2026-07-01 19:57:13 - finetune_logger - INFO - Model parameters: 380,097
[2026-07-01 19:57:13,226][finetune_logger][INFO] - Model parameters: 380,097
2026-07-01 19:57:13 - finetune_logger - INFO - Created new log file at /public/home/202411094934/python_project/Spatio-Temporal-Library/time-series/2026-07-01/fedformer/finetune20/pulse/time-series/seed_2/training_log.json
[2026-07-01 19:57:13,942][finetune_logger][INFO] - Created new log file at /public/home/202411094934/python_project/Spatio-Temporal-Library/time-series/2026-07-01/fedformer/finetune20/pulse/time-series/seed_2/training_log.json
2026-07-01 19:57:13 - finetune_logger - INFO - Starting training...
[2026-07-01 19:57:13,943][finetune_logger][INFO] - Starting training...
2026-07-01 19:57:13 - finetune_logger - INFO - Epoch 1/20
[2026-07-01 19:57:13,943][finetune_logger][INFO] - Epoch 1/20
2026-07-01 21:24:32 - finetune_logger - INFO - Train loss: 0.05150136017081662
[2026-07-01 21:24:32,219][finetune_logger][INFO] - Train loss: 0.05150136017081662
2026-07-01 21:24:32 - finetune_logger - INFO - Train time: 5238.275507688522s
[2026-07-01 21:24:32,219][finetune_logger][INFO] - Train time: 5238.275507688522s
2026-07-01 21:24:32 - finetune_logger - INFO - Train memory reserved: 64.00 MB
[2026-07-01 21:24:32,219][finetune_logger][INFO] - Train memory reserved: 64.00 MB
2026-07-01 21:24:32 - finetune_logger - INFO - Train memory allocated: 22.75 MB
[2026-07-01 21:24:32,220][finetune_logger][INFO] - Train memory allocated: 22.75 MB
2026-07-01 21:24:32 - finetune_logger - INFO - Current learning rate: 0.0005
[2026-07-01 21:24:32,220][finetune_logger][INFO] - Current learning rate: 0.0005
2026-07-01 21:27:12 - finetune_logger - INFO - Validation metrics: {'MAE': 0.0358543075258205, 'RMSE': 0.17827878082891593}
[2026-07-01 21:27:12,909][finetune_logger][INFO] - Validation metrics: {'MAE': 0.0358543075258205, 'RMSE': 0.17827878082891593}
2026-07-01 21:27:12 - finetune_logger - INFO - Val time: 160.69s
[2026-07-01 21:27:12,909][finetune_logger][INFO] - Val time: 160.69s
2026-07-01 21:27:12 - finetune_logger - INFO - Val memory reserved: 64.00 MB
[2026-07-01 21:27:12,909][finetune_logger][INFO] - Val memory reserved: 64.00 MB
2026-07-01 21:27:12 - finetune_logger - INFO - Val memory allocated: 22.75 MB
[2026-07-01 21:27:12,909][finetune_logger][INFO] - Val memory allocated: 22.75 MB
2026-07-01 21:27:12 - finetune_logger - INFO - Logged epoch 1 info to /public/home/202411094934/python_project/Spatio-Temporal-Library/time-series/2026-07-01/fedformer/finetune20/pulse/time-series/seed_2/training_log.json
[2026-07-01 21:27:12,913][finetune_logger][INFO] - Logged epoch 1 info to /public/home/202411094934/python_project/Spatio-Temporal-Library/time-series/2026-07-01/fedformer/finetune20/pulse/time-series/seed_2/training_log.json
2026-07-01 21:27:12 - finetune_logger - INFO - New best model! Val loss: 0.035854
[2026-07-01 21:27:12,913][finetune_logger][INFO] - New best model! Val loss: 0.035854
2026-07-01 21:32:58 - finetune_logger - INFO - Test metrics: {'MAE': 0.03584313222340168, 'RMSE': 0.1782510246549331}
[2026-07-01 21:32:58,946][finetune_logger][INFO] - Test metrics: {'MAE': 0.03584313222340168, 'RMSE': 0.1782510246549331}
2026-07-01 21:32:58 - finetune_logger - INFO - Test time: 345.98s
[2026-07-01 21:32:58,947][finetune_logger][INFO] - Test time: 345.98s
2026-07-01 21:32:58 - finetune_logger - INFO - Test memory reserved: 64.00 MB
[2026-07-01 21:32:58,947][finetune_logger][INFO] - Test memory reserved: 64.00 MB
2026-07-01 21:32:58 - finetune_logger - INFO - Test memory allocated: 22.75 MB
[2026-07-01 21:32:58,947][finetune_logger][INFO] - Test memory allocated: 22.75 MB
2026-07-01 21:32:58 - finetune_logger - INFO - Epoch 2/20
[2026-07-01 21:32:58,947][finetune_logger][INFO] - Epoch 2/20
2026-07-01 23:01:44 - finetune_logger - INFO - Train loss: 0.03594693979970001
[2026-07-01 23:01:44,949][finetune_logger][INFO] - Train loss: 0.03594693979970001
2026-07-01 23:01:44 - finetune_logger - INFO - Train time: 5326.001282215118s
[2026-07-01 23:01:44,949][finetune_logger][INFO] - Train time: 5326.001282215118s
2026-07-01 23:01:44 - finetune_logger - INFO - Train memory reserved: 64.00 MB
[2026-07-01 23:01:44,950][finetune_logger][INFO] - Train memory reserved: 64.00 MB
2026-07-01 23:01:44 - finetune_logger - INFO - Train memory allocated: 22.75 MB
[2026-07-01 23:01:44,950][finetune_logger][INFO] - Train memory allocated: 22.75 MB
2026-07-01 23:01:44 - finetune_logger - INFO - Current learning rate: 0.0005
[2026-07-01 23:01:44,950][finetune_logger][INFO] - Current learning rate: 0.0005
2026-07-01 23:04:26 - finetune_logger - INFO - Validation metrics: {'MAE': 0.035016979902641035, 'RMSE': 0.17865426719700975}
[2026-07-01 23:04:26,716][finetune_logger][INFO] - Validation metrics: {'MAE': 0.035016979902641035, 'RMSE': 0.17865426719700975}
2026-07-01 23:04:26 - finetune_logger - INFO - Val time: 161.77s
[2026-07-01 23:04:26,717][finetune_logger][INFO] - Val time: 161.77s
2026-07-01 23:04:26 - finetune_logger - INFO - Val memory reserved: 64.00 MB
[2026-07-01 23:04:26,717][finetune_logger][INFO] - Val memory reserved: 64.00 MB
2026-07-01 23:04:26 - finetune_logger - INFO - Val memory allocated: 22.75 MB
[2026-07-01 23:04:26,717][finetune_logger][INFO] - Val memory allocated: 22.75 MB
2026-07-01 23:04:26 - finetune_logger - INFO - Logged epoch 2 info to /public/home/202411094934/python_project/Spatio-Temporal-Library/time-series/2026-07-01/fedformer/finetune20/pulse/time-series/seed_2/training_log.json
[2026-07-01 23:04:26,720][finetune_logger][INFO] - Logged epoch 2 info to /public/home/202411094934/python_project/Spatio-Temporal-Library/time-series/2026-07-01/fedformer/finetune20/pulse/time-series/seed_2/training_log.json
2026-07-01 23:04:26 - finetune_logger - INFO - New best model! Val loss: 0.035017
[2026-07-01 23:04:26,721][finetune_logger][INFO] - New best model! Val loss: 0.035017
2026-07-01 23:10:12 - finetune_logger - INFO - Test metrics: {'MAE': 0.0350048622904775, 'RMSE': 0.17862631398065387}
[2026-07-01 23:10:12,626][finetune_logger][INFO] - Test metrics: {'MAE': 0.0350048622904775, 'RMSE': 0.17862631398065387}
2026-07-01 23:10:12 - finetune_logger - INFO - Test time: 345.85s
[2026-07-01 23:10:12,626][finetune_logger][INFO] - Test time: 345.85s
2026-07-01 23:10:12 - finetune_logger - INFO - Test memory reserved: 64.00 MB
[2026-07-01 23:10:12,626][finetune_logger][INFO] - Test memory reserved: 64.00 MB
2026-07-01 23:10:12 - finetune_logger - INFO - Test memory allocated: 22.75 MB
[2026-07-01 23:10:12,626][finetune_logger][INFO] - Test memory allocated: 22.75 MB
2026-07-01 23:10:12 - finetune_logger - INFO - Epoch 3/20
[2026-07-01 23:10:12,626][finetune_logger][INFO] - Epoch 3/20
2026-07-02 00:38:56 - finetune_logger - INFO - Train loss: 0.03472988349729414
[2026-07-02 00:38:56,341][finetune_logger][INFO] - Train loss: 0.03472988349729414
2026-07-02 00:38:56 - finetune_logger - INFO - Train time: 5323.712466239929s
[2026-07-02 00:38:56,341][finetune_logger][INFO] - Train time: 5323.712466239929s
2026-07-02 00:38:56 - finetune_logger - INFO - Train memory reserved: 64.00 MB
[2026-07-02 00:38:56,341][finetune_logger][INFO] - Train memory reserved: 64.00 MB
2026-07-02 00:38:56 - finetune_logger - INFO - Train memory allocated: 22.75 MB
[2026-07-02 00:38:56,341][finetune_logger][INFO] - Train memory allocated: 22.75 MB
2026-07-02 00:38:56 - finetune_logger - INFO - Current learning rate: 0.0005
[2026-07-02 00:38:56,341][finetune_logger][INFO] - Current learning rate: 0.0005
2026-07-02 00:41:37 - finetune_logger - INFO - Validation metrics: {'MAE': 0.03579450206975181, 'RMSE': 0.1784299442368446}
[2026-07-02 00:41:37,288][finetune_logger][INFO] - Validation metrics: {'MAE': 0.03579450206975181, 'RMSE': 0.1784299442368446}
2026-07-02 00:41:37 - finetune_logger - INFO - Val time: 160.95s
[2026-07-02 00:41:37,289][finetune_logger][INFO] - Val time: 160.95s
2026-07-02 00:41:37 - finetune_logger - INFO - Val memory reserved: 64.00 MB
[2026-07-02 00:41:37,289][finetune_logger][INFO] - Val memory reserved: 64.00 MB
2026-07-02 00:41:37 - finetune_logger - INFO - Val memory allocated: 22.75 MB
[2026-07-02 00:41:37,289][finetune_logger][INFO] - Val memory allocated: 22.75 MB
2026-07-02 00:41:37 - finetune_logger - INFO - Logged epoch 3 info to /public/home/202411094934/python_project/Spatio-Temporal-Library/time-series/2026-07-01/fedformer/finetune20/pulse/time-series/seed_2/training_log.json
[2026-07-02 00:41:37,292][finetune_logger][INFO] - Logged epoch 3 info to /public/home/202411094934/python_project/Spatio-Temporal-Library/time-series/2026-07-01/fedformer/finetune20/pulse/time-series/seed_2/training_log.json
2026-07-02 00:47:20 - finetune_logger - INFO - Test metrics: {'MAE': 0.035783187208450876, 'RMSE': 0.17840113430538843}
[2026-07-02 00:47:20,047][finetune_logger][INFO] - Test metrics: {'MAE': 0.035783187208450876, 'RMSE': 0.17840113430538843}
2026-07-02 00:47:20 - finetune_logger - INFO - Test time: 342.75s
[2026-07-02 00:47:20,047][finetune_logger][INFO] - Test time: 342.75s
2026-07-02 00:47:20 - finetune_logger - INFO - Test memory reserved: 64.00 MB
[2026-07-02 00:47:20,047][finetune_logger][INFO] - Test memory reserved: 64.00 MB
2026-07-02 00:47:20 - finetune_logger - INFO - Test memory allocated: 22.75 MB
[2026-07-02 00:47:20,048][finetune_logger][INFO] - Test memory allocated: 22.75 MB
2026-07-02 00:47:20 - finetune_logger - INFO - Epoch 4/20
[2026-07-02 00:47:20,048][finetune_logger][INFO] - Epoch 4/20
2026-07-02 02:16:04 - finetune_logger - INFO - Train loss: 0.03424194278734143
[2026-07-02 02:16:04,208][finetune_logger][INFO] - Train loss: 0.03424194278734143
2026-07-02 02:16:04 - finetune_logger - INFO - Train time: 5324.158836841583s
[2026-07-02 02:16:04,208][finetune_logger][INFO] - Train time: 5324.158836841583s
2026-07-02 02:16:04 - finetune_logger - INFO - Train memory reserved: 64.00 MB
[2026-07-02 02:16:04,209][finetune_logger][INFO] - Train memory reserved: 64.00 MB
2026-07-02 02:16:04 - finetune_logger - INFO - Train memory allocated: 22.75 MB
[2026-07-02 02:16:04,209][finetune_logger][INFO] - Train memory allocated: 22.75 MB
2026-07-02 02:16:04 - finetune_logger - INFO - Current learning rate: 0.0005
[2026-07-02 02:16:04,209][finetune_logger][INFO] - Current learning rate: 0.0005
2026-07-02 02:18:45 - finetune_logger - INFO - Validation metrics: {'MAE': 0.034021281739189724, 'RMSE': 0.17886204228530916}
[2026-07-02 02:18:45,365][finetune_logger][INFO] - Validation metrics: {'MAE': 0.034021281739189724, 'RMSE': 0.17886204228530916}
2026-07-02 02:18:45 - finetune_logger - INFO - Val time: 161.16s
[2026-07-02 02:18:45,366][finetune_logger][INFO] - Val time: 161.16s
2026-07-02 02:18:45 - finetune_logger - INFO - Val memory reserved: 64.00 MB
[2026-07-02 02:18:45,366][finetune_logger][INFO] - Val memory reserved: 64.00 MB
2026-07-02 02:18:45 - finetune_logger - INFO - Val memory allocated: 22.75 MB
[2026-07-02 02:18:45,366][finetune_logger][INFO] - Val memory allocated: 22.75 MB
2026-07-02 02:18:45 - finetune_logger - INFO - Logged epoch 4 info to /public/home/202411094934/python_project/Spatio-Temporal-Library/time-series/2026-07-01/fedformer/finetune20/pulse/time-series/seed_2/training_log.json
[2026-07-02 02:18:45,370][finetune_logger][INFO] - Logged epoch 4 info to /public/home/202411094934/python_project/Spatio-Temporal-Library/time-series/2026-07-01/fedformer/finetune20/pulse/time-series/seed_2/training_log.json
2026-07-02 02:18:45 - finetune_logger - INFO - New best model! Val loss: 0.034021
[2026-07-02 02:18:45,370][finetune_logger][INFO] - New best model! Val loss: 0.034021
2026-07-02 02:24:31 - finetune_logger - INFO - Test metrics: {'MAE': 0.03401039863261432, 'RMSE': 0.17883357216662418}
[2026-07-02 02:24:31,873][finetune_logger][INFO] - Test metrics: {'MAE': 0.03401039863261432, 'RMSE': 0.17883357216662418}
2026-07-02 02:24:31 - finetune_logger - INFO - Test time: 346.45s
[2026-07-02 02:24:31,873][finetune_logger][INFO] - Test time: 346.45s
2026-07-02 02:24:31 - finetune_logger - INFO - Test memory reserved: 64.00 MB
[2026-07-02 02:24:31,874][finetune_logger][INFO] - Test memory reserved: 64.00 MB
2026-07-02 02:24:31 - finetune_logger - INFO - Test memory allocated: 22.75 MB
[2026-07-02 02:24:31,874][finetune_logger][INFO] - Test memory allocated: 22.75 MB
2026-07-02 02:24:31 - finetune_logger - INFO - Epoch 5/20
[2026-07-02 02:24:31,874][finetune_logger][INFO] - Epoch 5/20
2026-07-02 03:53:13 - finetune_logger - INFO - Train loss: 0.033993274814195944
[2026-07-02 03:53:13,187][finetune_logger][INFO] - Train loss: 0.033993274814195944
2026-07-02 03:53:13 - finetune_logger - INFO - Train time: 5321.311693429947s
[2026-07-02 03:53:13,187][finetune_logger][INFO] - Train time: 5321.311693429947s
2026-07-02 03:53:13 - finetune_logger - INFO - Train memory reserved: 64.00 MB
[2026-07-02 03:53:13,187][finetune_logger][INFO] - Train memory reserved: 64.00 MB
2026-07-02 03:53:13 - finetune_logger - INFO - Train memory allocated: 22.75 MB
[2026-07-02 03:53:13,188][finetune_logger][INFO] - Train memory allocated: 22.75 MB
2026-07-02 03:53:13 - finetune_logger - INFO - Current learning rate: 0.0005
[2026-07-02 03:53:13,188][finetune_logger][INFO] - Current learning rate: 0.0005
2026-07-02 03:55:54 - finetune_logger - INFO - Validation metrics: {'MAE': 0.03356092869168032, 'RMSE': 0.17894492145083335}
[2026-07-02 03:55:54,281][finetune_logger][INFO] - Validation metrics: {'MAE': 0.03356092869168032, 'RMSE': 0.17894492145083335}
2026-07-02 03:55:54 - finetune_logger - INFO - Val time: 161.09s
[2026-07-02 03:55:54,281][finetune_logger][INFO] - Val time: 161.09s
2026-07-02 03:55:54 - finetune_logger - INFO - Val memory reserved: 64.00 MB
[2026-07-02 03:55:54,281][finetune_logger][INFO] - Val memory reserved: 64.00 MB
2026-07-02 03:55:54 - finetune_logger - INFO - Val memory allocated: 22.75 MB
[2026-07-02 03:55:54,282][finetune_logger][INFO] - Val memory allocated: 22.75 MB
2026-07-02 03:55:54 - finetune_logger - INFO - Logged epoch 5 info to /public/home/202411094934/python_project/Spatio-Temporal-Library/time-series/2026-07-01/fedformer/finetune20/pulse/time-series/seed_2/training_log.json
[2026-07-02 03:55:54,285][finetune_logger][INFO] - Logged epoch 5 info to /public/home/202411094934/python_project/Spatio-Temporal-Library/time-series/2026-07-01/fedformer/finetune20/pulse/time-series/seed_2/training_log.json
2026-07-02 03:55:54 - finetune_logger - INFO - New best model! Val loss: 0.033561
[2026-07-02 03:55:54,285][finetune_logger][INFO] - New best model! Val loss: 0.033561
2026-07-02 04:01:39 - finetune_logger - INFO - Test metrics: {'MAE': 0.033550303779512534, 'RMSE': 0.17891616282539444}
[2026-07-02 04:01:39,865][finetune_logger][INFO] - Test metrics: {'MAE': 0.033550303779512534, 'RMSE': 0.17891616282539444}
2026-07-02 04:01:39 - finetune_logger - INFO - Test time: 345.52s
[2026-07-02 04:01:39,865][finetune_logger][INFO] - Test time: 345.52s
2026-07-02 04:01:39 - finetune_logger - INFO - Test memory reserved: 64.00 MB
[2026-07-02 04:01:39,865][finetune_logger][INFO] - Test memory reserved: 64.00 MB
2026-07-02 04:01:39 - finetune_logger - INFO - Test memory allocated: 22.75 MB
[2026-07-02 04:01:39,865][finetune_logger][INFO] - Test memory allocated: 22.75 MB
2026-07-02 04:01:39 - finetune_logger - INFO - Epoch 6/20
[2026-07-02 04:01:39,865][finetune_logger][INFO] - Epoch 6/20
2026-07-02 05:28:41 - finetune_logger - INFO - Train loss: 0.03375507956062423
[2026-07-02 05:28:41,256][finetune_logger][INFO] - Train loss: 0.03375507956062423
2026-07-02 05:28:41 - finetune_logger - INFO - Train time: 5221.389203310013s
[2026-07-02 05:28:41,256][finetune_logger][INFO] - Train time: 5221.389203310013s
2026-07-02 05:28:41 - finetune_logger - INFO - Train memory reserved: 64.00 MB
[2026-07-02 05:28:41,257][finetune_logger][INFO] - Train memory reserved: 64.00 MB
2026-07-02 05:28:41 - finetune_logger - INFO - Train memory allocated: 22.75 MB
[2026-07-02 05:28:41,257][finetune_logger][INFO] - Train memory allocated: 22.75 MB
2026-07-02 05:28:41 - finetune_logger - INFO - Current learning rate: 0.0005
[2026-07-02 05:28:41,257][finetune_logger][INFO] - Current learning rate: 0.0005
2026-07-02 05:31:22 - finetune_logger - INFO - Validation metrics: {'MAE': 0.034100596677181, 'RMSE': 0.17868414511824043}
[2026-07-02 05:31:22,396][finetune_logger][INFO] - Validation metrics: {'MAE': 0.034100596677181, 'RMSE': 0.17868414511824043}
2026-07-02 05:31:22 - finetune_logger - INFO - Val time: 161.14s
[2026-07-02 05:31:22,397][finetune_logger][INFO] - Val time: 161.14s
2026-07-02 05:31:22 - finetune_logger - INFO - Val memory reserved: 64.00 MB
[2026-07-02 05:31:22,397][finetune_logger][INFO] - Val memory reserved: 64.00 MB
2026-07-02 05:31:22 - finetune_logger - INFO - Val memory allocated: 22.75 MB
[2026-07-02 05:31:22,397][finetune_logger][INFO] - Val memory allocated: 22.75 MB
2026-07-02 05:31:22 - finetune_logger - INFO - Logged epoch 6 info to /public/home/202411094934/python_project/Spatio-Temporal-Library/time-series/2026-07-01/fedformer/finetune20/pulse/time-series/seed_2/training_log.json
[2026-07-02 05:31:22,400][finetune_logger][INFO] - Logged epoch 6 info to /public/home/202411094934/python_project/Spatio-Temporal-Library/time-series/2026-07-01/fedformer/finetune20/pulse/time-series/seed_2/training_log.json
2026-07-02 05:37:07 - finetune_logger - INFO - Test metrics: {'MAE': 0.034089751227277684, 'RMSE': 0.17865571968147947}
[2026-07-02 05:37:07,430][finetune_logger][INFO] - Test metrics: {'MAE': 0.034089751227277684, 'RMSE': 0.17865571968147947}
2026-07-02 05:37:07 - finetune_logger - INFO - Test time: 345.03s
[2026-07-02 05:37:07,431][finetune_logger][INFO] - Test time: 345.03s
2026-07-02 05:37:07 - finetune_logger - INFO - Test memory reserved: 64.00 MB
[2026-07-02 05:37:07,431][finetune_logger][INFO] - Test memory reserved: 64.00 MB
2026-07-02 05:37:07 - finetune_logger - INFO - Test memory allocated: 22.75 MB
[2026-07-02 05:37:07,431][finetune_logger][INFO] - Test memory allocated: 22.75 MB
2026-07-02 05:37:07 - finetune_logger - INFO - Epoch 7/20
[2026-07-02 05:37:07,431][finetune_logger][INFO] - Epoch 7/20
2026-07-02 07:04:34 - finetune_logger - INFO - Train loss: 0.03359028586759373
[2026-07-02 07:04:34,174][finetune_logger][INFO] - Train loss: 0.03359028586759373
2026-07-02 07:04:34 - finetune_logger - INFO - Train time: 5246.742595911026s
[2026-07-02 07:04:34,175][finetune_logger][INFO] - Train time: 5246.742595911026s
2026-07-02 07:04:34 - finetune_logger - INFO - Train memory reserved: 64.00 MB
[2026-07-02 07:04:34,175][finetune_logger][INFO] - Train memory reserved: 64.00 MB
2026-07-02 07:04:34 - finetune_logger - INFO - Train memory allocated: 22.75 MB
[2026-07-02 07:04:34,175][finetune_logger][INFO] - Train memory allocated: 22.75 MB
2026-07-02 07:04:34 - finetune_logger - INFO - Current learning rate: 0.0005
[2026-07-02 07:04:34,175][finetune_logger][INFO] - Current learning rate: 0.0005
2026-07-02 07:07:15 - finetune_logger - INFO - Validation metrics: {'MAE': 0.03311754537687588, 'RMSE': 0.17877070055820912}
[2026-07-02 07:07:15,410][finetune_logger][INFO] - Validation metrics: {'MAE': 0.03311754537687588, 'RMSE': 0.17877070055820912}
2026-07-02 07:07:15 - finetune_logger - INFO - Val time: 161.23s
[2026-07-02 07:07:15,411][finetune_logger][INFO] - Val time: 161.23s
2026-07-02 07:07:15 - finetune_logger - INFO - Val memory reserved: 64.00 MB
[2026-07-02 07:07:15,411][finetune_logger][INFO] - Val memory reserved: 64.00 MB
2026-07-02 07:07:15 - finetune_logger - INFO - Val memory allocated: 22.75 MB
[2026-07-02 07:07:15,411][finetune_logger][INFO] - Val memory allocated: 22.75 MB
2026-07-02 07:07:15 - finetune_logger - INFO - Logged epoch 7 info to /public/home/202411094934/python_project/Spatio-Temporal-Library/time-series/2026-07-01/fedformer/finetune20/pulse/time-series/seed_2/training_log.json
[2026-07-02 07:07:15,415][finetune_logger][INFO] - Logged epoch 7 info to /public/home/202411094934/python_project/Spatio-Temporal-Library/time-series/2026-07-01/fedformer/finetune20/pulse/time-series/seed_2/training_log.json
2026-07-02 07:07:15 - finetune_logger - INFO - New best model! Val loss: 0.033118
[2026-07-02 07:07:15,415][finetune_logger][INFO] - New best model! Val loss: 0.033118
2026-07-02 07:13:01 - finetune_logger - INFO - Test metrics: {'MAE': 0.0331065900912271, 'RMSE': 0.17874214395741478}
[2026-07-02 07:13:01,176][finetune_logger][INFO] - Test metrics: {'MAE': 0.0331065900912271, 'RMSE': 0.17874214395741478}
2026-07-02 07:13:01 - finetune_logger - INFO - Test time: 345.70s
[2026-07-02 07:13:01,176][finetune_logger][INFO] - Test time: 345.70s
2026-07-02 07:13:01 - finetune_logger - INFO - Test memory reserved: 64.00 MB
[2026-07-02 07:13:01,177][finetune_logger][INFO] - Test memory reserved: 64.00 MB
2026-07-02 07:13:01 - finetune_logger - INFO - Test memory allocated: 22.75 MB
[2026-07-02 07:13:01,177][finetune_logger][INFO] - Test memory allocated: 22.75 MB
2026-07-02 07:13:01 - finetune_logger - INFO - Epoch 8/20
[2026-07-02 07:13:01,177][finetune_logger][INFO] - Epoch 8/20
2026-07-02 08:39:21 - finetune_logger - INFO - Train loss: 0.033455030188891545
[2026-07-02 08:39:21,922][finetune_logger][INFO] - Train loss: 0.033455030188891545
2026-07-02 08:39:21 - finetune_logger - INFO - Train time: 5180.744341135025s
[2026-07-02 08:39:21,922][finetune_logger][INFO] - Train time: 5180.744341135025s
2026-07-02 08:39:21 - finetune_logger - INFO - Train memory reserved: 64.00 MB
[2026-07-02 08:39:21,922][finetune_logger][INFO] - Train memory reserved: 64.00 MB
2026-07-02 08:39:21 - finetune_logger - INFO - Train memory allocated: 22.75 MB
[2026-07-02 08:39:21,922][finetune_logger][INFO] - Train memory allocated: 22.75 MB
2026-07-02 08:39:21 - finetune_logger - INFO - Current learning rate: 0.0005
[2026-07-02 08:39:21,923][finetune_logger][INFO] - Current learning rate: 0.0005
2026-07-02 08:42:02 - finetune_logger - INFO - Validation metrics: {'MAE': 0.03335799620110534, 'RMSE': 0.17860068777058416}
[2026-07-02 08:42:02,261][finetune_logger][INFO] - Validation metrics: {'MAE': 0.03335799620110534, 'RMSE': 0.17860068777058416}
2026-07-02 08:42:02 - finetune_logger - INFO - Val time: 160.34s
[2026-07-02 08:42:02,261][finetune_logger][INFO] - Val time: 160.34s
2026-07-02 08:42:02 - finetune_logger - INFO - Val memory reserved: 64.00 MB
[2026-07-02 08:42:02,261][finetune_logger][INFO] - Val memory reserved: 64.00 MB
2026-07-02 08:42:02 - finetune_logger - INFO - Val memory allocated: 22.75 MB
[2026-07-02 08:42:02,261][finetune_logger][INFO] - Val memory allocated: 22.75 MB
2026-07-02 08:42:02 - finetune_logger - INFO - Logged epoch 8 info to /public/home/202411094934/python_project/Spatio-Temporal-Library/time-series/2026-07-01/fedformer/finetune20/pulse/time-series/seed_2/training_log.json
[2026-07-02 08:42:02,266][finetune_logger][INFO] - Logged epoch 8 info to /public/home/202411094934/python_project/Spatio-Temporal-Library/time-series/2026-07-01/fedformer/finetune20/pulse/time-series/seed_2/training_log.json
2026-07-02 08:47:48 - finetune_logger - INFO - Test metrics: {'MAE': 0.03334709779024933, 'RMSE': 0.17857269639564585}
[2026-07-02 08:47:48,144][finetune_logger][INFO] - Test metrics: {'MAE': 0.03334709779024933, 'RMSE': 0.17857269639564585}
2026-07-02 08:47:48 - finetune_logger - INFO - Test time: 345.88s
[2026-07-02 08:47:48,144][finetune_logger][INFO] - Test time: 345.88s
2026-07-02 08:47:48 - finetune_logger - INFO - Test memory reserved: 64.00 MB
[2026-07-02 08:47:48,145][finetune_logger][INFO] - Test memory reserved: 64.00 MB
2026-07-02 08:47:48 - finetune_logger - INFO - Test memory allocated: 22.75 MB
[2026-07-02 08:47:48,145][finetune_logger][INFO] - Test memory allocated: 22.75 MB
2026-07-02 08:47:48 - finetune_logger - INFO - Epoch 9/20
[2026-07-02 08:47:48,145][finetune_logger][INFO] - Epoch 9/20
2026-07-02 10:15:11 - finetune_logger - INFO - Train loss: 0.03335075324781394
[2026-07-02 10:15:11,133][finetune_logger][INFO] - Train loss: 0.03335075324781394
2026-07-02 10:15:11 - finetune_logger - INFO - Train time: 5242.986284971237s
[2026-07-02 10:15:11,133][finetune_logger][INFO] - Train time: 5242.986284971237s
2026-07-02 10:15:11 - finetune_logger - INFO - Train memory reserved: 64.00 MB
[2026-07-02 10:15:11,134][finetune_logger][INFO] - Train memory reserved: 64.00 MB
2026-07-02 10:15:11 - finetune_logger - INFO - Train memory allocated: 22.75 MB
[2026-07-02 10:15:11,134][finetune_logger][INFO] - Train memory allocated: 22.75 MB
2026-07-02 10:15:11 - finetune_logger - INFO - Current learning rate: 0.0005
[2026-07-02 10:15:11,134][finetune_logger][INFO] - Current learning rate: 0.0005
2026-07-02 10:17:52 - finetune_logger - INFO - Validation metrics: {'MAE': 0.03340366741690377, 'RMSE': 0.17851813756633983}
[2026-07-02 10:17:52,459][finetune_logger][INFO] - Validation metrics: {'MAE': 0.03340366741690377, 'RMSE': 0.17851813756633983}
2026-07-02 10:17:52 - finetune_logger - INFO - Val time: 161.33s
[2026-07-02 10:17:52,460][finetune_logger][INFO] - Val time: 161.33s
2026-07-02 10:17:52 - finetune_logger - INFO - Val memory reserved: 64.00 MB
[2026-07-02 10:17:52,460][finetune_logger][INFO] - Val memory reserved: 64.00 MB
2026-07-02 10:17:52 - finetune_logger - INFO - Val memory allocated: 22.75 MB
[2026-07-02 10:17:52,460][finetune_logger][INFO] - Val memory allocated: 22.75 MB
2026-07-02 10:17:52 - finetune_logger - INFO - Logged epoch 9 info to /public/home/202411094934/python_project/Spatio-Temporal-Library/time-series/2026-07-01/fedformer/finetune20/pulse/time-series/seed_2/training_log.json
[2026-07-02 10:17:52,463][finetune_logger][INFO] - Logged epoch 9 info to /public/home/202411094934/python_project/Spatio-Temporal-Library/time-series/2026-07-01/fedformer/finetune20/pulse/time-series/seed_2/training_log.json
2026-07-02 10:23:37 - finetune_logger - INFO - Test metrics: {'MAE': 0.03339290035781616, 'RMSE': 0.17849061238829395}
[2026-07-02 10:23:37,860][finetune_logger][INFO] - Test metrics: {'MAE': 0.03339290035781616, 'RMSE': 0.17849061238829395}
2026-07-02 10:23:37 - finetune_logger - INFO - Test time: 345.40s
[2026-07-02 10:23:37,860][finetune_logger][INFO] - Test time: 345.40s
2026-07-02 10:23:37 - finetune_logger - INFO - Test memory reserved: 64.00 MB
[2026-07-02 10:23:37,860][finetune_logger][INFO] - Test memory reserved: 64.00 MB
2026-07-02 10:23:37 - finetune_logger - INFO - Test memory allocated: 22.75 MB
[2026-07-02 10:23:37,860][finetune_logger][INFO] - Test memory allocated: 22.75 MB
2026-07-02 10:23:37 - finetune_logger - INFO - Epoch 10/20
[2026-07-02 10:23:37,860][finetune_logger][INFO] - Epoch 10/20
2026-07-02 11:50:45 - finetune_logger - INFO - Train loss: 0.03326959182844008
[2026-07-02 11:50:45,184][finetune_logger][INFO] - Train loss: 0.03326959182844008
2026-07-02 11:50:45 - finetune_logger - INFO - Train time: 5227.321771860123s
[2026-07-02 11:50:45,184][finetune_logger][INFO] - Train time: 5227.321771860123s
2026-07-02 11:50:45 - finetune_logger - INFO - Train memory reserved: 64.00 MB
[2026-07-02 11:50:45,185][finetune_logger][INFO] - Train memory reserved: 64.00 MB
2026-07-02 11:50:45 - finetune_logger - INFO - Train memory allocated: 22.75 MB
[2026-07-02 11:50:45,185][finetune_logger][INFO] - Train memory allocated: 22.75 MB
2026-07-02 11:50:45 - finetune_logger - INFO - Current learning rate: 0.0005
[2026-07-02 11:50:45,185][finetune_logger][INFO] - Current learning rate: 0.0005
2026-07-02 11:53:26 - finetune_logger - INFO - Validation metrics: {'MAE': 0.03283956701784559, 'RMSE': 0.17851768754273228}
[2026-07-02 11:53:26,604][finetune_logger][INFO] - Validation metrics: {'MAE': 0.03283956701784559, 'RMSE': 0.17851768754273228}
2026-07-02 11:53:26 - finetune_logger - INFO - Val time: 161.42s
[2026-07-02 11:53:26,605][finetune_logger][INFO] - Val time: 161.42s
2026-07-02 11:53:26 - finetune_logger - INFO - Val memory reserved: 64.00 MB
[2026-07-02 11:53:26,605][finetune_logger][INFO] - Val memory reserved: 64.00 MB
2026-07-02 11:53:26 - finetune_logger - INFO - Val memory allocated: 22.75 MB
[2026-07-02 11:53:26,605][finetune_logger][INFO] - Val memory allocated: 22.75 MB
2026-07-02 11:53:26 - finetune_logger - INFO - Logged epoch 10 info to /public/home/202411094934/python_project/Spatio-Temporal-Library/time-series/2026-07-01/fedformer/finetune20/pulse/time-series/seed_2/training_log.json
[2026-07-02 11:53:26,608][finetune_logger][INFO] - Logged epoch 10 info to /public/home/202411094934/python_project/Spatio-Temporal-Library/time-series/2026-07-01/fedformer/finetune20/pulse/time-series/seed_2/training_log.json
2026-07-02 11:53:26 - finetune_logger - INFO - New best model! Val loss: 0.032840
[2026-07-02 11:53:26,608][finetune_logger][INFO] - New best model! Val loss: 0.032840
2026-07-02 11:59:11 - finetune_logger - INFO - Test metrics: {'MAE': 0.03282914823779115, 'RMSE': 0.17849112876426126}
[2026-07-02 11:59:11,402][finetune_logger][INFO] - Test metrics: {'MAE': 0.03282914823779115, 'RMSE': 0.17849112876426126}
2026-07-02 11:59:11 - finetune_logger - INFO - Test time: 344.74s
[2026-07-02 11:59:11,402][finetune_logger][INFO] - Test time: 344.74s
2026-07-02 11:59:11 - finetune_logger - INFO - Test memory reserved: 64.00 MB
[2026-07-02 11:59:11,402][finetune_logger][INFO] - Test memory reserved: 64.00 MB
2026-07-02 11:59:11 - finetune_logger - INFO - Test memory allocated: 22.75 MB
[2026-07-02 11:59:11,402][finetune_logger][INFO] - Test memory allocated: 22.75 MB
2026-07-02 11:59:11 - finetune_logger - INFO - Epoch 11/20
[2026-07-02 11:59:11,402][finetune_logger][INFO] - Epoch 11/20
2026-07-02 13:26:27 - finetune_logger - INFO - Train loss: 0.03290422154734793
[2026-07-02 13:26:27,165][finetune_logger][INFO] - Train loss: 0.03290422154734793
2026-07-02 13:26:27 - finetune_logger - INFO - Train time: 5235.760588884354s
[2026-07-02 13:26:27,165][finetune_logger][INFO] - Train time: 5235.760588884354s
2026-07-02 13:26:27 - finetune_logger - INFO - Train memory reserved: 64.00 MB
[2026-07-02 13:26:27,165][finetune_logger][INFO] - Train memory reserved: 64.00 MB
2026-07-02 13:26:27 - finetune_logger - INFO - Train memory allocated: 22.75 MB
[2026-07-02 13:26:27,165][finetune_logger][INFO] - Train memory allocated: 22.75 MB
2026-07-02 13:26:27 - finetune_logger - INFO - Current learning rate: 0.00025
[2026-07-02 13:26:27,166][finetune_logger][INFO] - Current learning rate: 0.00025
2026-07-02 13:29:08 - finetune_logger - INFO - Validation metrics: {'MAE': 0.033133789706964456, 'RMSE': 0.17845140437683557}
[2026-07-02 13:29:08,484][finetune_logger][INFO] - Validation metrics: {'MAE': 0.033133789706964456, 'RMSE': 0.17845140437683557}
2026-07-02 13:29:08 - finetune_logger - INFO - Val time: 161.32s
[2026-07-02 13:29:08,484][finetune_logger][INFO] - Val time: 161.32s
2026-07-02 13:29:08 - finetune_logger - INFO - Val memory reserved: 64.00 MB
[2026-07-02 13:29:08,484][finetune_logger][INFO] - Val memory reserved: 64.00 MB
2026-07-02 13:29:08 - finetune_logger - INFO - Val memory allocated: 22.75 MB
[2026-07-02 13:29:08,484][finetune_logger][INFO] - Val memory allocated: 22.75 MB
2026-07-02 13:29:08 - finetune_logger - INFO - Logged epoch 11 info to /public/home/202411094934/python_project/Spatio-Temporal-Library/time-series/2026-07-01/fedformer/finetune20/pulse/time-series/seed_2/training_log.json
[2026-07-02 13:29:08,487][finetune_logger][INFO] - Logged epoch 11 info to /public/home/202411094934/python_project/Spatio-Temporal-Library/time-series/2026-07-01/fedformer/finetune20/pulse/time-series/seed_2/training_log.json
2026-07-02 13:34:53 - finetune_logger - INFO - Test metrics: {'MAE': 0.03312355728250487, 'RMSE': 0.17842499879157717}
[2026-07-02 13:34:53,976][finetune_logger][INFO] - Test metrics: {'MAE': 0.03312355728250487, 'RMSE': 0.17842499879157717}
2026-07-02 13:34:53 - finetune_logger - INFO - Test time: 345.49s
[2026-07-02 13:34:53,977][finetune_logger][INFO] - Test time: 345.49s
2026-07-02 13:34:53 - finetune_logger - INFO - Test memory reserved: 64.00 MB
[2026-07-02 13:34:53,977][finetune_logger][INFO] - Test memory reserved: 64.00 MB
2026-07-02 13:34:53 - finetune_logger - INFO - Test memory allocated: 22.75 MB
[2026-07-02 13:34:53,977][finetune_logger][INFO] - Test memory allocated: 22.75 MB
2026-07-02 13:34:53 - finetune_logger - INFO - Epoch 12/20
[2026-07-02 13:34:53,977][finetune_logger][INFO] - Epoch 12/20
2026-07-02 15:01:08 - finetune_logger - INFO - Train loss: 0.03286166708982836
[2026-07-02 15:01:08,562][finetune_logger][INFO] - Train loss: 0.03286166708982836
2026-07-02 15:01:08 - finetune_logger - INFO - Train time: 5174.584144353867s
[2026-07-02 15:01:08,562][finetune_logger][INFO] - Train time: 5174.584144353867s
2026-07-02 15:01:08 - finetune_logger - INFO - Train memory reserved: 64.00 MB
[2026-07-02 15:01:08,562][finetune_logger][INFO] - Train memory reserved: 64.00 MB
2026-07-02 15:01:08 - finetune_logger - INFO - Train memory allocated: 22.75 MB
[2026-07-02 15:01:08,563][finetune_logger][INFO] - Train memory allocated: 22.75 MB
2026-07-02 15:01:08 - finetune_logger - INFO - Current learning rate: 0.00025
[2026-07-02 15:01:08,563][finetune_logger][INFO] - Current learning rate: 0.00025
2026-07-02 15:03:49 - finetune_logger - INFO - Validation metrics: {'MAE': 0.032690764329580256, 'RMSE': 0.17828189621340498}
[2026-07-02 15:03:49,192][finetune_logger][INFO] - Validation metrics: {'MAE': 0.032690764329580256, 'RMSE': 0.17828189621340498}
2026-07-02 15:03:49 - finetune_logger - INFO - Val time: 160.63s
[2026-07-02 15:03:49,193][finetune_logger][INFO] - Val time: 160.63s
2026-07-02 15:03:49 - finetune_logger - INFO - Val memory reserved: 64.00 MB
[2026-07-02 15:03:49,193][finetune_logger][INFO] - Val memory reserved: 64.00 MB
2026-07-02 15:03:49 - finetune_logger - INFO - Val memory allocated: 22.75 MB
[2026-07-02 15:03:49,193][finetune_logger][INFO] - Val memory allocated: 22.75 MB
2026-07-02 15:03:49 - finetune_logger - INFO - Logged epoch 12 info to /public/home/202411094934/python_project/Spatio-Temporal-Library/time-series/2026-07-01/fedformer/finetune20/pulse/time-series/seed_2/training_log.json
[2026-07-02 15:03:49,196][finetune_logger][INFO] - Logged epoch 12 info to /public/home/202411094934/python_project/Spatio-Temporal-Library/time-series/2026-07-01/fedformer/finetune20/pulse/time-series/seed_2/training_log.json
2026-07-02 15:03:49 - finetune_logger - INFO - New best model! Val loss: 0.032691
[2026-07-02 15:03:49,196][finetune_logger][INFO] - New best model! Val loss: 0.032691
2026-07-02 15:09:34 - finetune_logger - INFO - Test metrics: {'MAE': 0.03268107289525469, 'RMSE': 0.1782576688459619}
[2026-07-02 15:09:34,025][finetune_logger][INFO] - Test metrics: {'MAE': 0.03268107289525469, 'RMSE': 0.1782576688459619}
2026-07-02 15:09:34 - finetune_logger - INFO - Test time: 344.77s
[2026-07-02 15:09:34,025][finetune_logger][INFO] - Test time: 344.77s
2026-07-02 15:09:34 - finetune_logger - INFO - Test memory reserved: 64.00 MB
[2026-07-02 15:09:34,025][finetune_logger][INFO] - Test memory reserved: 64.00 MB
2026-07-02 15:09:34 - finetune_logger - INFO - Test memory allocated: 22.75 MB
[2026-07-02 15:09:34,025][finetune_logger][INFO] - Test memory allocated: 22.75 MB
2026-07-02 15:09:34 - finetune_logger - INFO - Epoch 13/20
[2026-07-02 15:09:34,026][finetune_logger][INFO] - Epoch 13/20
2026-07-02 16:37:03 - finetune_logger - INFO - Train loss: 0.032750711911762855
[2026-07-02 16:37:03,717][finetune_logger][INFO] - Train loss: 0.032750711911762855
2026-07-02 16:37:03 - finetune_logger - INFO - Train time: 5249.68931889534s
[2026-07-02 16:37:03,717][finetune_logger][INFO] - Train time: 5249.68931889534s
2026-07-02 16:37:03 - finetune_logger - INFO - Train memory reserved: 64.00 MB
[2026-07-02 16:37:03,717][finetune_logger][INFO] - Train memory reserved: 64.00 MB
2026-07-02 16:37:03 - finetune_logger - INFO - Train memory allocated: 22.75 MB
[2026-07-02 16:37:03,718][finetune_logger][INFO] - Train memory allocated: 22.75 MB
2026-07-02 16:37:03 - finetune_logger - INFO - Current learning rate: 0.00025
[2026-07-02 16:37:03,718][finetune_logger][INFO] - Current learning rate: 0.00025
2026-07-02 16:39:44 - finetune_logger - INFO - Validation metrics: {'MAE': 0.03296996705170007, 'RMSE': 0.177916097811778}
[2026-07-02 16:39:44,678][finetune_logger][INFO] - Validation metrics: {'MAE': 0.03296996705170007, 'RMSE': 0.177916097811778}
2026-07-02 16:39:44 - finetune_logger - INFO - Val time: 160.96s
[2026-07-02 16:39:44,678][finetune_logger][INFO] - Val time: 160.96s
2026-07-02 16:39:44 - finetune_logger - INFO - Val memory reserved: 64.00 MB
[2026-07-02 16:39:44,678][finetune_logger][INFO] - Val memory reserved: 64.00 MB
2026-07-02 16:39:44 - finetune_logger - INFO - Val memory allocated: 22.75 MB
[2026-07-02 16:39:44,678][finetune_logger][INFO] - Val memory allocated: 22.75 MB
2026-07-02 16:39:44 - finetune_logger - INFO - Logged epoch 13 info to /public/home/202411094934/python_project/Spatio-Temporal-Library/time-series/2026-07-01/fedformer/finetune20/pulse/time-series/seed_2/training_log.json
[2026-07-02 16:39:44,681][finetune_logger][INFO] - Logged epoch 13 info to /public/home/202411094934/python_project/Spatio-Temporal-Library/time-series/2026-07-01/fedformer/finetune20/pulse/time-series/seed_2/training_log.json
2026-07-02 16:45:30 - finetune_logger - INFO - Test metrics: {'MAE': 0.03296151460112334, 'RMSE': 0.1778941385020242}
[2026-07-02 16:45:30,070][finetune_logger][INFO] - Test metrics: {'MAE': 0.03296151460112334, 'RMSE': 0.1778941385020242}
2026-07-02 16:45:30 - finetune_logger - INFO - Test time: 345.39s
[2026-07-02 16:45:30,070][finetune_logger][INFO] - Test time: 345.39s
2026-07-02 16:45:30 - finetune_logger - INFO - Test memory reserved: 64.00 MB
[2026-07-02 16:45:30,070][finetune_logger][INFO] - Test memory reserved: 64.00 MB
2026-07-02 16:45:30 - finetune_logger - INFO - Test memory allocated: 22.75 MB
[2026-07-02 16:45:30,071][finetune_logger][INFO] - Test memory allocated: 22.75 MB
2026-07-02 16:45:30 - finetune_logger - INFO - Epoch 14/20
[2026-07-02 16:45:30,071][finetune_logger][INFO] - Epoch 14/20
2026-07-02 18:11:48 - finetune_logger - INFO - Train loss: 0.032685097614042154
[2026-07-02 18:11:48,556][finetune_logger][INFO] - Train loss: 0.032685097614042154
2026-07-02 18:11:48 - finetune_logger - INFO - Train time: 5178.484053850174s
[2026-07-02 18:11:48,556][finetune_logger][INFO] - Train time: 5178.484053850174s
2026-07-02 18:11:48 - finetune_logger - INFO - Train memory reserved: 64.00 MB
[2026-07-02 18:11:48,557][finetune_logger][INFO] - Train memory reserved: 64.00 MB
2026-07-02 18:11:48 - finetune_logger - INFO - Train memory allocated: 22.75 MB
[2026-07-02 18:11:48,557][finetune_logger][INFO] - Train memory allocated: 22.75 MB
2026-07-02 18:11:48 - finetune_logger - INFO - Current learning rate: 0.00025
[2026-07-02 18:11:48,557][finetune_logger][INFO] - Current learning rate: 0.00025
2026-07-02 18:14:29 - finetune_logger - INFO - Validation metrics: {'MAE': 0.03261533347532195, 'RMSE': 0.17813853207324465}
[2026-07-02 18:14:29,615][finetune_logger][INFO] - Validation metrics: {'MAE': 0.03261533347532195, 'RMSE': 0.17813853207324465}
2026-07-02 18:14:29 - finetune_logger - INFO - Val time: 161.06s
[2026-07-02 18:14:29,615][finetune_logger][INFO] - Val time: 161.06s
2026-07-02 18:14:29 - finetune_logger - INFO - Val memory reserved: 64.00 MB
[2026-07-02 18:14:29,615][finetune_logger][INFO] - Val memory reserved: 64.00 MB
2026-07-02 18:14:29 - finetune_logger - INFO - Val memory allocated: 22.75 MB
[2026-07-02 18:14:29,616][finetune_logger][INFO] - Val memory allocated: 22.75 MB
2026-07-02 18:14:29 - finetune_logger - INFO - Logged epoch 14 info to /public/home/202411094934/python_project/Spatio-Temporal-Library/time-series/2026-07-01/fedformer/finetune20/pulse/time-series/seed_2/training_log.json
[2026-07-02 18:14:29,619][finetune_logger][INFO] - Logged epoch 14 info to /public/home/202411094934/python_project/Spatio-Temporal-Library/time-series/2026-07-01/fedformer/finetune20/pulse/time-series/seed_2/training_log.json
2026-07-02 18:14:29 - finetune_logger - INFO - New best model! Val loss: 0.032615
[2026-07-02 18:14:29,619][finetune_logger][INFO] - New best model! Val loss: 0.032615
2026-07-02 18:20:13 - finetune_logger - INFO - Test metrics: {'MAE': 0.032606983975630374, 'RMSE': 0.17811682609833784}
[2026-07-02 18:20:13,707][finetune_logger][INFO] - Test metrics: {'MAE': 0.032606983975630374, 'RMSE': 0.17811682609833784}
2026-07-02 18:20:13 - finetune_logger - INFO - Test time: 344.03s
[2026-07-02 18:20:13,707][finetune_logger][INFO] - Test time: 344.03s
2026-07-02 18:20:13 - finetune_logger - INFO - Test memory reserved: 64.00 MB
[2026-07-02 18:20:13,707][finetune_logger][INFO] - Test memory reserved: 64.00 MB
2026-07-02 18:20:13 - finetune_logger - INFO - Test memory allocated: 22.75 MB
[2026-07-02 18:20:13,707][finetune_logger][INFO] - Test memory allocated: 22.75 MB
2026-07-02 18:20:13 - finetune_logger - INFO - Epoch 15/20
[2026-07-02 18:20:13,707][finetune_logger][INFO] - Epoch 15/20
2026-07-02 19:47:38 - finetune_logger - INFO - Train loss: 0.032670619146862215
[2026-07-02 19:47:38,564][finetune_logger][INFO] - Train loss: 0.032670619146862215
2026-07-02 19:47:38 - finetune_logger - INFO - Train time: 5244.855094671249s
[2026-07-02 19:47:38,564][finetune_logger][INFO] - Train time: 5244.855094671249s
2026-07-02 19:47:38 - finetune_logger - INFO - Train memory reserved: 64.00 MB
[2026-07-02 19:47:38,565][finetune_logger][INFO] - Train memory reserved: 64.00 MB
2026-07-02 19:47:38 - finetune_logger - INFO - Train memory allocated: 22.75 MB
[2026-07-02 19:47:38,565][finetune_logger][INFO] - Train memory allocated: 22.75 MB
2026-07-02 19:47:38 - finetune_logger - INFO - Current learning rate: 0.00025
[2026-07-02 19:47:38,565][finetune_logger][INFO] - Current learning rate: 0.00025
2026-07-02 19:50:19 - finetune_logger - INFO - Validation metrics: {'MAE': 0.03259367170426077, 'RMSE': 0.17802475926527658}
[2026-07-02 19:50:19,687][finetune_logger][INFO] - Validation metrics: {'MAE': 0.03259367170426077, 'RMSE': 0.17802475926527658}
2026-07-02 19:50:19 - finetune_logger - INFO - Val time: 161.12s
[2026-07-02 19:50:19,687][finetune_logger][INFO] - Val time: 161.12s
2026-07-02 19:50:19 - finetune_logger - INFO - Val memory reserved: 64.00 MB
[2026-07-02 19:50:19,688][finetune_logger][INFO] - Val memory reserved: 64.00 MB
2026-07-02 19:50:19 - finetune_logger - INFO - Val memory allocated: 22.75 MB
[2026-07-02 19:50:19,688][finetune_logger][INFO] - Val memory allocated: 22.75 MB
2026-07-02 19:50:19 - finetune_logger - INFO - Logged epoch 15 info to /public/home/202411094934/python_project/Spatio-Temporal-Library/time-series/2026-07-01/fedformer/finetune20/pulse/time-series/seed_2/training_log.json
[2026-07-02 19:50:19,691][finetune_logger][INFO] - Logged epoch 15 info to /public/home/202411094934/python_project/Spatio-Temporal-Library/time-series/2026-07-01/fedformer/finetune20/pulse/time-series/seed_2/training_log.json
2026-07-02 19:50:19 - finetune_logger - INFO - New best model! Val loss: 0.032594
[2026-07-02 19:50:19,692][finetune_logger][INFO] - New best model! Val loss: 0.032594
2026-07-02 19:56:04 - finetune_logger - INFO - Test metrics: {'MAE': 0.032585503246500835, 'RMSE': 0.17800319512313706}
[2026-07-02 19:56:04,297][finetune_logger][INFO] - Test metrics: {'MAE': 0.032585503246500835, 'RMSE': 0.17800319512313706}
2026-07-02 19:56:04 - finetune_logger - INFO - Test time: 344.55s
[2026-07-02 19:56:04,297][finetune_logger][INFO] - Test time: 344.55s
2026-07-02 19:56:04 - finetune_logger - INFO - Test memory reserved: 64.00 MB
[2026-07-02 19:56:04,297][finetune_logger][INFO] - Test memory reserved: 64.00 MB
2026-07-02 19:56:04 - finetune_logger - INFO - Test memory allocated: 22.75 MB
[2026-07-02 19:56:04,297][finetune_logger][INFO] - Test memory allocated: 22.75 MB
2026-07-02 19:56:04 - finetune_logger - INFO - Epoch 16/20
[2026-07-02 19:56:04,298][finetune_logger][INFO] - Epoch 16/20
2026-07-02 21:21:19 - finetune_logger - INFO - Train loss: 0.03263989468598063
[2026-07-02 21:21:19,735][finetune_logger][INFO] - Train loss: 0.03263989468598063
2026-07-02 21:21:19 - finetune_logger - INFO - Train time: 5115.43668794632s
[2026-07-02 21:21:19,735][finetune_logger][INFO] - Train time: 5115.43668794632s
2026-07-02 21:21:19 - finetune_logger - INFO - Train memory reserved: 64.00 MB
[2026-07-02 21:21:19,735][finetune_logger][INFO] - Train memory reserved: 64.00 MB
2026-07-02 21:21:19 - finetune_logger - INFO - Train memory allocated: 22.75 MB
[2026-07-02 21:21:19,736][finetune_logger][INFO] - Train memory allocated: 22.75 MB
2026-07-02 21:21:19 - finetune_logger - INFO - Current learning rate: 0.00025
[2026-07-02 21:21:19,736][finetune_logger][INFO] - Current learning rate: 0.00025
2026-07-02 21:24:00 - finetune_logger - INFO - Validation metrics: {'MAE': 0.032643866244393936, 'RMSE': 0.17806172219764152}
[2026-07-02 21:24:00,327][finetune_logger][INFO] - Validation metrics: {'MAE': 0.032643866244393936, 'RMSE': 0.17806172219764152}
2026-07-02 21:24:00 - finetune_logger - INFO - Val time: 160.59s
[2026-07-02 21:24:00,327][finetune_logger][INFO] - Val time: 160.59s
2026-07-02 21:24:00 - finetune_logger - INFO - Val memory reserved: 64.00 MB
[2026-07-02 21:24:00,328][finetune_logger][INFO] - Val memory reserved: 64.00 MB
2026-07-02 21:24:00 - finetune_logger - INFO - Val memory allocated: 22.75 MB
[2026-07-02 21:24:00,328][finetune_logger][INFO] - Val memory allocated: 22.75 MB
2026-07-02 21:24:00 - finetune_logger - INFO - Logged epoch 16 info to /public/home/202411094934/python_project/Spatio-Temporal-Library/time-series/2026-07-01/fedformer/finetune20/pulse/time-series/seed_2/training_log.json
[2026-07-02 21:24:00,331][finetune_logger][INFO] - Logged epoch 16 info to /public/home/202411094934/python_project/Spatio-Temporal-Library/time-series/2026-07-01/fedformer/finetune20/pulse/time-series/seed_2/training_log.json
2026-07-02 21:29:45 - finetune_logger - INFO - Test metrics: {'MAE': 0.03263563302075752, 'RMSE': 0.17803991228461435}
[2026-07-02 21:29:45,237][finetune_logger][INFO] - Test metrics: {'MAE': 0.03263563302075752, 'RMSE': 0.17803991228461435}
2026-07-02 21:29:45 - finetune_logger - INFO - Test time: 344.90s
[2026-07-02 21:29:45,237][finetune_logger][INFO] - Test time: 344.90s
2026-07-02 21:29:45 - finetune_logger - INFO - Test memory reserved: 64.00 MB
[2026-07-02 21:29:45,237][finetune_logger][INFO] - Test memory reserved: 64.00 MB
2026-07-02 21:29:45 - finetune_logger - INFO - Test memory allocated: 22.75 MB
[2026-07-02 21:29:45,237][finetune_logger][INFO] - Test memory allocated: 22.75 MB
2026-07-02 21:29:45 - finetune_logger - INFO - Epoch 17/20
[2026-07-02 21:29:45,237][finetune_logger][INFO] - Epoch 17/20
2026-07-02 22:55:46 - finetune_logger - INFO - Train loss: 0.03263166665586379
[2026-07-02 22:55:46,050][finetune_logger][INFO] - Train loss: 0.03263166665586379
2026-07-02 22:55:46 - finetune_logger - INFO - Train time: 5160.810737609863s
[2026-07-02 22:55:46,050][finetune_logger][INFO] - Train time: 5160.810737609863s
2026-07-02 22:55:46 - finetune_logger - INFO - Train memory reserved: 64.00 MB
[2026-07-02 22:55:46,050][finetune_logger][INFO] - Train memory reserved: 64.00 MB
2026-07-02 22:55:46 - finetune_logger - INFO - Train memory allocated: 22.75 MB
[2026-07-02 22:55:46,050][finetune_logger][INFO] - Train memory allocated: 22.75 MB
2026-07-02 22:55:46 - finetune_logger - INFO - Current learning rate: 0.00025
[2026-07-02 22:55:46,051][finetune_logger][INFO] - Current learning rate: 0.00025
2026-07-02 22:58:27 - finetune_logger - INFO - Validation metrics: {'MAE': 0.03249586961715131, 'RMSE': 0.17821914254765084}
[2026-07-02 22:58:27,176][finetune_logger][INFO] - Validation metrics: {'MAE': 0.03249586961715131, 'RMSE': 0.17821914254765084}
2026-07-02 22:58:27 - finetune_logger - INFO - Val time: 161.13s
[2026-07-02 22:58:27,177][finetune_logger][INFO] - Val time: 161.13s
2026-07-02 22:58:27 - finetune_logger - INFO - Val memory reserved: 64.00 MB
[2026-07-02 22:58:27,177][finetune_logger][INFO] - Val memory reserved: 64.00 MB
2026-07-02 22:58:27 - finetune_logger - INFO - Val memory allocated: 22.75 MB
[2026-07-02 22:58:27,177][finetune_logger][INFO] - Val memory allocated: 22.75 MB
2026-07-02 22:58:27 - finetune_logger - INFO - Logged epoch 17 info to /public/home/202411094934/python_project/Spatio-Temporal-Library/time-series/2026-07-01/fedformer/finetune20/pulse/time-series/seed_2/training_log.json
[2026-07-02 22:58:27,182][finetune_logger][INFO] - Logged epoch 17 info to /public/home/202411094934/python_project/Spatio-Temporal-Library/time-series/2026-07-01/fedformer/finetune20/pulse/time-series/seed_2/training_log.json
2026-07-02 22:58:27 - finetune_logger - INFO - New best model! Val loss: 0.032496
[2026-07-02 22:58:27,182][finetune_logger][INFO] - New best model! Val loss: 0.032496
2026-07-02 23:04:10 - finetune_logger - INFO - Test metrics: {'MAE': 0.03248763270129043, 'RMSE': 0.1781974038549349}
[2026-07-02 23:04:10,521][finetune_logger][INFO] - Test metrics: {'MAE': 0.03248763270129043, 'RMSE': 0.1781974038549349}
2026-07-02 23:04:10 - finetune_logger - INFO - Test time: 343.28s
[2026-07-02 23:04:10,521][finetune_logger][INFO] - Test time: 343.28s
2026-07-02 23:04:10 - finetune_logger - INFO - Test memory reserved: 64.00 MB
[2026-07-02 23:04:10,521][finetune_logger][INFO] - Test memory reserved: 64.00 MB
2026-07-02 23:04:10 - finetune_logger - INFO - Test memory allocated: 22.75 MB
[2026-07-02 23:04:10,521][finetune_logger][INFO] - Test memory allocated: 22.75 MB
2026-07-02 23:04:10 - finetune_logger - INFO - Epoch 18/20
[2026-07-02 23:04:10,522][finetune_logger][INFO] - Epoch 18/20
2026-07-03 00:30:39 - finetune_logger - INFO - Train loss: 0.032620385841548645
[2026-07-03 00:30:39,037][finetune_logger][INFO] - Train loss: 0.032620385841548645
2026-07-03 00:30:39 - finetune_logger - INFO - Train time: 5188.51450252533s
[2026-07-03 00:30:39,037][finetune_logger][INFO] - Train time: 5188.51450252533s
2026-07-03 00:30:39 - finetune_logger - INFO - Train memory reserved: 64.00 MB
[2026-07-03 00:30:39,037][finetune_logger][INFO] - Train memory reserved: 64.00 MB
2026-07-03 00:30:39 - finetune_logger - INFO - Train memory allocated: 22.75 MB
[2026-07-03 00:30:39,037][finetune_logger][INFO] - Train memory allocated: 22.75 MB
2026-07-03 00:30:39 - finetune_logger - INFO - Current learning rate: 0.00025
[2026-07-03 00:30:39,038][finetune_logger][INFO] - Current learning rate: 0.00025
2026-07-03 00:33:19 - finetune_logger - INFO - Validation metrics: {'MAE': 0.032910819424257644, 'RMSE': 0.1780428888889981}
[2026-07-03 00:33:19,775][finetune_logger][INFO] - Validation metrics: {'MAE': 0.032910819424257644, 'RMSE': 0.1780428888889981}
2026-07-03 00:33:19 - finetune_logger - INFO - Val time: 160.74s
[2026-07-03 00:33:19,776][finetune_logger][INFO] - Val time: 160.74s
2026-07-03 00:33:19 - finetune_logger - INFO - Val memory reserved: 64.00 MB
[2026-07-03 00:33:19,776][finetune_logger][INFO] - Val memory reserved: 64.00 MB
2026-07-03 00:33:19 - finetune_logger - INFO - Val memory allocated: 22.75 MB
[2026-07-03 00:33:19,776][finetune_logger][INFO] - Val memory allocated: 22.75 MB
2026-07-03 00:33:19 - finetune_logger - INFO - Logged epoch 18 info to /public/home/202411094934/python_project/Spatio-Temporal-Library/time-series/2026-07-01/fedformer/finetune20/pulse/time-series/seed_2/training_log.json
[2026-07-03 00:33:19,781][finetune_logger][INFO] - Logged epoch 18 info to /public/home/202411094934/python_project/Spatio-Temporal-Library/time-series/2026-07-01/fedformer/finetune20/pulse/time-series/seed_2/training_log.json
2026-07-03 00:39:04 - finetune_logger - INFO - Test metrics: {'MAE': 0.03290252237517293, 'RMSE': 0.17802108287095045}
[2026-07-03 00:39:04,982][finetune_logger][INFO] - Test metrics: {'MAE': 0.03290252237517293, 'RMSE': 0.17802108287095045}
2026-07-03 00:39:04 - finetune_logger - INFO - Test time: 345.20s
[2026-07-03 00:39:04,983][finetune_logger][INFO] - Test time: 345.20s
2026-07-03 00:39:04 - finetune_logger - INFO - Test memory reserved: 64.00 MB
[2026-07-03 00:39:04,983][finetune_logger][INFO] - Test memory reserved: 64.00 MB
2026-07-03 00:39:04 - finetune_logger - INFO - Test memory allocated: 22.75 MB
[2026-07-03 00:39:04,983][finetune_logger][INFO] - Test memory allocated: 22.75 MB
2026-07-03 00:39:04 - finetune_logger - INFO - Epoch 19/20
[2026-07-03 00:39:04,983][finetune_logger][INFO] - Epoch 19/20
2026-07-03 02:04:10 - finetune_logger - INFO - Train loss: 0.03261169016648491
[2026-07-03 02:04:10,012][finetune_logger][INFO] - Train loss: 0.03261169016648491
2026-07-03 02:04:10 - finetune_logger - INFO - Train time: 5105.0285856723785s
[2026-07-03 02:04:10,013][finetune_logger][INFO] - Train time: 5105.0285856723785s
2026-07-03 02:04:10 - finetune_logger - INFO - Train memory reserved: 64.00 MB
[2026-07-03 02:04:10,013][finetune_logger][INFO] - Train memory reserved: 64.00 MB
2026-07-03 02:04:10 - finetune_logger - INFO - Train memory allocated: 22.75 MB
[2026-07-03 02:04:10,013][finetune_logger][INFO] - Train memory allocated: 22.75 MB
2026-07-03 02:04:10 - finetune_logger - INFO - Current learning rate: 0.00025
[2026-07-03 02:04:10,013][finetune_logger][INFO] - Current learning rate: 0.00025
2026-07-03 02:06:50 - finetune_logger - INFO - Validation metrics: {'MAE': 0.032593735311724756, 'RMSE': 0.17805356841886624}
[2026-07-03 02:06:50,950][finetune_logger][INFO] - Validation metrics: {'MAE': 0.032593735311724756, 'RMSE': 0.17805356841886624}
2026-07-03 02:06:50 - finetune_logger - INFO - Val time: 160.94s
[2026-07-03 02:06:50,951][finetune_logger][INFO] - Val time: 160.94s
2026-07-03 02:06:50 - finetune_logger - INFO - Val memory reserved: 64.00 MB
[2026-07-03 02:06:50,951][finetune_logger][INFO] - Val memory reserved: 64.00 MB
2026-07-03 02:06:50 - finetune_logger - INFO - Val memory allocated: 22.75 MB
[2026-07-03 02:06:50,951][finetune_logger][INFO] - Val memory allocated: 22.75 MB
2026-07-03 02:06:50 - finetune_logger - INFO - Logged epoch 19 info to /public/home/202411094934/python_project/Spatio-Temporal-Library/time-series/2026-07-01/fedformer/finetune20/pulse/time-series/seed_2/training_log.json
[2026-07-03 02:06:50,954][finetune_logger][INFO] - Logged epoch 19 info to /public/home/202411094934/python_project/Spatio-Temporal-Library/time-series/2026-07-01/fedformer/finetune20/pulse/time-series/seed_2/training_log.json
2026-07-03 02:12:35 - finetune_logger - INFO - Test metrics: {'MAE': 0.03258524320134337, 'RMSE': 0.17803178784923646}
[2026-07-03 02:12:35,679][finetune_logger][INFO] - Test metrics: {'MAE': 0.03258524320134337, 'RMSE': 0.17803178784923646}
2026-07-03 02:12:35 - finetune_logger - INFO - Test time: 344.72s
[2026-07-03 02:12:35,679][finetune_logger][INFO] - Test time: 344.72s
2026-07-03 02:12:35 - finetune_logger - INFO - Test memory reserved: 64.00 MB
[2026-07-03 02:12:35,679][finetune_logger][INFO] - Test memory reserved: 64.00 MB
2026-07-03 02:12:35 - finetune_logger - INFO - Test memory allocated: 22.75 MB
[2026-07-03 02:12:35,680][finetune_logger][INFO] - Test memory allocated: 22.75 MB
2026-07-03 02:12:35 - finetune_logger - INFO - Epoch 20/20
[2026-07-03 02:12:35,680][finetune_logger][INFO] - Epoch 20/20
2026-07-03 03:38:20 - finetune_logger - INFO - Train loss: 0.032585974997088964
[2026-07-03 03:38:20,388][finetune_logger][INFO] - Train loss: 0.032585974997088964
2026-07-03 03:38:20 - finetune_logger - INFO - Train time: 5144.707811832428s
[2026-07-03 03:38:20,388][finetune_logger][INFO] - Train time: 5144.707811832428s
2026-07-03 03:38:20 - finetune_logger - INFO - Train memory reserved: 64.00 MB
[2026-07-03 03:38:20,389][finetune_logger][INFO] - Train memory reserved: 64.00 MB
2026-07-03 03:38:20 - finetune_logger - INFO - Train memory allocated: 22.75 MB
[2026-07-03 03:38:20,389][finetune_logger][INFO] - Train memory allocated: 22.75 MB
2026-07-03 03:38:20 - finetune_logger - INFO - Current learning rate: 0.00025
[2026-07-03 03:38:20,389][finetune_logger][INFO] - Current learning rate: 0.00025
2026-07-03 03:41:01 - finetune_logger - INFO - Validation metrics: {'MAE': 0.03235377140321835, 'RMSE': 0.17804327025625308}
[2026-07-03 03:41:01,449][finetune_logger][INFO] - Validation metrics: {'MAE': 0.03235377140321835, 'RMSE': 0.17804327025625308}
2026-07-03 03:41:01 - finetune_logger - INFO - Val time: 161.06s
[2026-07-03 03:41:01,450][finetune_logger][INFO] - Val time: 161.06s
2026-07-03 03:41:01 - finetune_logger - INFO - Val memory reserved: 64.00 MB
[2026-07-03 03:41:01,450][finetune_logger][INFO] - Val memory reserved: 64.00 MB
2026-07-03 03:41:01 - finetune_logger - INFO - Val memory allocated: 22.75 MB
[2026-07-03 03:41:01,450][finetune_logger][INFO] - Val memory allocated: 22.75 MB
2026-07-03 03:41:01 - finetune_logger - INFO - Logged epoch 20 info to /public/home/202411094934/python_project/Spatio-Temporal-Library/time-series/2026-07-01/fedformer/finetune20/pulse/time-series/seed_2/training_log.json
[2026-07-03 03:41:01,455][finetune_logger][INFO] - Logged epoch 20 info to /public/home/202411094934/python_project/Spatio-Temporal-Library/time-series/2026-07-01/fedformer/finetune20/pulse/time-series/seed_2/training_log.json
2026-07-03 03:41:01 - finetune_logger - INFO - New best model! Val loss: 0.032354
[2026-07-03 03:41:01,455][finetune_logger][INFO] - New best model! Val loss: 0.032354
2026-07-03 03:46:46 - finetune_logger - INFO - Test metrics: {'MAE': 0.03234523680603236, 'RMSE': 0.17802127649055058}
[2026-07-03 03:46:46,566][finetune_logger][INFO] - Test metrics: {'MAE': 0.03234523680603236, 'RMSE': 0.17802127649055058}
2026-07-03 03:46:46 - finetune_logger - INFO - Test time: 345.05s
[2026-07-03 03:46:46,566][finetune_logger][INFO] - Test time: 345.05s
2026-07-03 03:46:46 - finetune_logger - INFO - Test memory reserved: 64.00 MB
[2026-07-03 03:46:46,566][finetune_logger][INFO] - Test memory reserved: 64.00 MB
2026-07-03 03:46:46 - finetune_logger - INFO - Test memory allocated: 22.75 MB
[2026-07-03 03:46:46,567][finetune_logger][INFO] - Test memory allocated: 22.75 MB
2026-07-03 03:46:46 - finetune_logger - INFO - Training completed. Best epoch: 20, Best val loss: 0.032354
[2026-07-03 03:46:46,567][finetune_logger][INFO] - Training completed. Best epoch: 20, Best val loss: 0.032354
2026-07-03 03:46:46 - finetune_logger - INFO - Loaded checkpoint from epoch 20
[2026-07-03 03:46:46,608][finetune_logger][INFO] - Loaded checkpoint from epoch 20
2026-07-03 03:46:46 - finetune_logger - INFO - Evaluating best model on test sets...
[2026-07-03 03:46:46,609][finetune_logger][INFO] - Evaluating best model on test sets...
2026-07-03 03:52:32 - finetune_logger - INFO - Test metrics: {'MAE': 0.03234523680603236, 'RMSE': 0.17802127649055058}
[2026-07-03 03:52:32,236][finetune_logger][INFO] - Test metrics: {'MAE': 0.03234523680603236, 'RMSE': 0.17802127649055058}
2026-07-03 03:52:32 - finetune_logger - INFO - Test time: 345.63s
[2026-07-03 03:52:32,236][finetune_logger][INFO] - Test time: 345.63s
2026-07-03 03:52:32 - finetune_logger - INFO - Test memory reserved: 84.00 MB
[2026-07-03 03:52:32,237][finetune_logger][INFO] - Test memory reserved: 84.00 MB
2026-07-03 03:52:32 - finetune_logger - INFO - Test memory allocated: 22.77 MB
[2026-07-03 03:52:32,237][finetune_logger][INFO] - Test memory allocated: 22.77 MB
2026-07-03 03:52:32 - finetune_logger - INFO - Logged epoch test info to /public/home/202411094934/python_project/Spatio-Temporal-Library/time-series/2026-07-01/fedformer/finetune20/pulse/time-series/seed_2/training_log.json
[2026-07-03 03:52:32,240][finetune_logger][INFO] - Logged epoch test info to /public/home/202411094934/python_project/Spatio-Temporal-Library/time-series/2026-07-01/fedformer/finetune20/pulse/time-series/seed_2/training_log.json
