2026-06-26 16:15:02 - pretrain_logger - INFO - Model parameters: 385,095
[2026-06-26 16:15:02,750][pretrain_logger][INFO] - Model parameters: 385,095
2026-06-26 16:15:02 - pretrain_logger - INFO - Created new log file at /public/home/202411094934/python_project/Spatio-Temporal-Library/time-series/2026-06-26/fedformer/pretrain10/etth2/time-series/seed_1/training_log.json
[2026-06-26 16:15:02,754][pretrain_logger][INFO] - Created new log file at /public/home/202411094934/python_project/Spatio-Temporal-Library/time-series/2026-06-26/fedformer/pretrain10/etth2/time-series/seed_1/training_log.json
2026-06-26 16:15:02 - pretrain_logger - INFO - Starting JEPA pretraining...
[2026-06-26 16:15:02,755][pretrain_logger][INFO] - Starting JEPA pretraining...
2026-06-26 16:44:12 - pretrain_logger - INFO - [JEPA Pretrain] Epoch 1/10, loss=0.508487, time=1749.45s
[2026-06-26 16:44:12,206][pretrain_logger][INFO] - [JEPA Pretrain] Epoch 1/10, loss=0.508487, time=1749.45s
2026-06-26 16:44:12 - pretrain_logger - INFO - Pretrain loss: 0.5084872037403312
[2026-06-26 16:44:12,208][pretrain_logger][INFO] - Pretrain loss: 0.5084872037403312
2026-06-26 16:44:12 - pretrain_logger - INFO - Pretrain time: 1749.451203584671s
[2026-06-26 16:44:12,208][pretrain_logger][INFO] - Pretrain time: 1749.451203584671s
2026-06-26 16:44:12 - pretrain_logger - INFO - Pretrain memory reserved: 96.00 MB
[2026-06-26 16:44:12,209][pretrain_logger][INFO] - Pretrain memory reserved: 96.00 MB
2026-06-26 16:44:12 - pretrain_logger - INFO - Pretrain memory allocated: 21.19 MB
[2026-06-26 16:44:12,209][pretrain_logger][INFO] - Pretrain memory allocated: 21.19 MB
2026-06-26 16:44:12 - pretrain_logger - INFO - Current learning rate: 0.0005
[2026-06-26 16:44:12,209][pretrain_logger][INFO] - Current learning rate: 0.0005
2026-06-26 16:44:12 - pretrain_logger - INFO - Logged epoch Pretrain 1 info to /public/home/202411094934/python_project/Spatio-Temporal-Library/time-series/2026-06-26/fedformer/pretrain10/etth2/time-series/seed_1/training_log.json
[2026-06-26 16:44:12,213][pretrain_logger][INFO] - Logged epoch Pretrain 1 info to /public/home/202411094934/python_project/Spatio-Temporal-Library/time-series/2026-06-26/fedformer/pretrain10/etth2/time-series/seed_1/training_log.json
2026-06-26 17:13:23 - pretrain_logger - INFO - [JEPA Pretrain] Epoch 2/10, loss=0.223465, time=1750.82s
[2026-06-26 17:13:23,030][pretrain_logger][INFO] - [JEPA Pretrain] Epoch 2/10, loss=0.223465, time=1750.82s
2026-06-26 17:13:23 - pretrain_logger - INFO - Pretrain loss: 0.22346495742163705
[2026-06-26 17:13:23,052][pretrain_logger][INFO] - Pretrain loss: 0.22346495742163705
2026-06-26 17:13:23 - pretrain_logger - INFO - Pretrain time: 1750.8164825439453s
[2026-06-26 17:13:23,052][pretrain_logger][INFO] - Pretrain time: 1750.8164825439453s
2026-06-26 17:13:23 - pretrain_logger - INFO - Pretrain memory reserved: 96.00 MB
[2026-06-26 17:13:23,052][pretrain_logger][INFO] - Pretrain memory reserved: 96.00 MB
2026-06-26 17:13:23 - pretrain_logger - INFO - Pretrain memory allocated: 21.19 MB
[2026-06-26 17:13:23,052][pretrain_logger][INFO] - Pretrain memory allocated: 21.19 MB
2026-06-26 17:13:23 - pretrain_logger - INFO - Current learning rate: 0.0005
[2026-06-26 17:13:23,052][pretrain_logger][INFO] - Current learning rate: 0.0005
2026-06-26 17:13:23 - pretrain_logger - INFO - Logged epoch Pretrain 2 info to /public/home/202411094934/python_project/Spatio-Temporal-Library/time-series/2026-06-26/fedformer/pretrain10/etth2/time-series/seed_1/training_log.json
[2026-06-26 17:13:23,055][pretrain_logger][INFO] - Logged epoch Pretrain 2 info to /public/home/202411094934/python_project/Spatio-Temporal-Library/time-series/2026-06-26/fedformer/pretrain10/etth2/time-series/seed_1/training_log.json
2026-06-26 17:42:26 - pretrain_logger - INFO - [JEPA Pretrain] Epoch 3/10, loss=0.200096, time=1743.48s
[2026-06-26 17:42:26,532][pretrain_logger][INFO] - [JEPA Pretrain] Epoch 3/10, loss=0.200096, time=1743.48s
2026-06-26 17:42:26 - pretrain_logger - INFO - Pretrain loss: 0.2000956704254711
[2026-06-26 17:42:26,534][pretrain_logger][INFO] - Pretrain loss: 0.2000956704254711
2026-06-26 17:42:26 - pretrain_logger - INFO - Pretrain time: 1743.4767479896545s
[2026-06-26 17:42:26,534][pretrain_logger][INFO] - Pretrain time: 1743.4767479896545s
2026-06-26 17:42:26 - pretrain_logger - INFO - Pretrain memory reserved: 96.00 MB
[2026-06-26 17:42:26,534][pretrain_logger][INFO] - Pretrain memory reserved: 96.00 MB
2026-06-26 17:42:26 - pretrain_logger - INFO - Pretrain memory allocated: 21.19 MB
[2026-06-26 17:42:26,534][pretrain_logger][INFO] - Pretrain memory allocated: 21.19 MB
2026-06-26 17:42:26 - pretrain_logger - INFO - Current learning rate: 0.0005
[2026-06-26 17:42:26,535][pretrain_logger][INFO] - Current learning rate: 0.0005
2026-06-26 17:42:26 - pretrain_logger - INFO - Logged epoch Pretrain 3 info to /public/home/202411094934/python_project/Spatio-Temporal-Library/time-series/2026-06-26/fedformer/pretrain10/etth2/time-series/seed_1/training_log.json
[2026-06-26 17:42:26,537][pretrain_logger][INFO] - Logged epoch Pretrain 3 info to /public/home/202411094934/python_project/Spatio-Temporal-Library/time-series/2026-06-26/fedformer/pretrain10/etth2/time-series/seed_1/training_log.json
2026-06-26 18:11:37 - pretrain_logger - INFO - [JEPA Pretrain] Epoch 4/10, loss=0.187760, time=1750.54s
[2026-06-26 18:11:37,081][pretrain_logger][INFO] - [JEPA Pretrain] Epoch 4/10, loss=0.187760, time=1750.54s
2026-06-26 18:11:37 - pretrain_logger - INFO - Pretrain loss: 0.18776037807825638
[2026-06-26 18:11:37,101][pretrain_logger][INFO] - Pretrain loss: 0.18776037807825638
2026-06-26 18:11:37 - pretrain_logger - INFO - Pretrain time: 1750.5435302257538s
[2026-06-26 18:11:37,102][pretrain_logger][INFO] - Pretrain time: 1750.5435302257538s
2026-06-26 18:11:37 - pretrain_logger - INFO - Pretrain memory reserved: 96.00 MB
[2026-06-26 18:11:37,102][pretrain_logger][INFO] - Pretrain memory reserved: 96.00 MB
2026-06-26 18:11:37 - pretrain_logger - INFO - Pretrain memory allocated: 21.19 MB
[2026-06-26 18:11:37,102][pretrain_logger][INFO] - Pretrain memory allocated: 21.19 MB
2026-06-26 18:11:37 - pretrain_logger - INFO - Current learning rate: 0.0005
[2026-06-26 18:11:37,102][pretrain_logger][INFO] - Current learning rate: 0.0005
2026-06-26 18:11:37 - pretrain_logger - INFO - Logged epoch Pretrain 4 info to /public/home/202411094934/python_project/Spatio-Temporal-Library/time-series/2026-06-26/fedformer/pretrain10/etth2/time-series/seed_1/training_log.json
[2026-06-26 18:11:37,104][pretrain_logger][INFO] - Logged epoch Pretrain 4 info to /public/home/202411094934/python_project/Spatio-Temporal-Library/time-series/2026-06-26/fedformer/pretrain10/etth2/time-series/seed_1/training_log.json
2026-06-26 18:40:47 - pretrain_logger - INFO - [JEPA Pretrain] Epoch 5/10, loss=0.183768, time=1749.98s
[2026-06-26 18:40:47,082][pretrain_logger][INFO] - [JEPA Pretrain] Epoch 5/10, loss=0.183768, time=1749.98s
2026-06-26 18:40:47 - pretrain_logger - INFO - Pretrain loss: 0.1837678012175435
[2026-06-26 18:40:47,084][pretrain_logger][INFO] - Pretrain loss: 0.1837678012175435
2026-06-26 18:40:47 - pretrain_logger - INFO - Pretrain time: 1749.9771695137024s
[2026-06-26 18:40:47,084][pretrain_logger][INFO] - Pretrain time: 1749.9771695137024s
2026-06-26 18:40:47 - pretrain_logger - INFO - Pretrain memory reserved: 96.00 MB
[2026-06-26 18:40:47,084][pretrain_logger][INFO] - Pretrain memory reserved: 96.00 MB
2026-06-26 18:40:47 - pretrain_logger - INFO - Pretrain memory allocated: 21.19 MB
[2026-06-26 18:40:47,084][pretrain_logger][INFO] - Pretrain memory allocated: 21.19 MB
2026-06-26 18:40:47 - pretrain_logger - INFO - Current learning rate: 0.0005
[2026-06-26 18:40:47,084][pretrain_logger][INFO] - Current learning rate: 0.0005
2026-06-26 18:40:47 - pretrain_logger - INFO - Logged epoch Pretrain 5 info to /public/home/202411094934/python_project/Spatio-Temporal-Library/time-series/2026-06-26/fedformer/pretrain10/etth2/time-series/seed_1/training_log.json
[2026-06-26 18:40:47,087][pretrain_logger][INFO] - Logged epoch Pretrain 5 info to /public/home/202411094934/python_project/Spatio-Temporal-Library/time-series/2026-06-26/fedformer/pretrain10/etth2/time-series/seed_1/training_log.json
2026-06-26 19:10:00 - pretrain_logger - INFO - [JEPA Pretrain] Epoch 6/10, loss=0.183229, time=1753.02s
[2026-06-26 19:10:00,111][pretrain_logger][INFO] - [JEPA Pretrain] Epoch 6/10, loss=0.183229, time=1753.02s
2026-06-26 19:10:00 - pretrain_logger - INFO - Pretrain loss: 0.1832287609630492
[2026-06-26 19:10:00,132][pretrain_logger][INFO] - Pretrain loss: 0.1832287609630492
2026-06-26 19:10:00 - pretrain_logger - INFO - Pretrain time: 1753.0242545604706s
[2026-06-26 19:10:00,132][pretrain_logger][INFO] - Pretrain time: 1753.0242545604706s
2026-06-26 19:10:00 - pretrain_logger - INFO - Pretrain memory reserved: 96.00 MB
[2026-06-26 19:10:00,132][pretrain_logger][INFO] - Pretrain memory reserved: 96.00 MB
2026-06-26 19:10:00 - pretrain_logger - INFO - Pretrain memory allocated: 21.19 MB
[2026-06-26 19:10:00,132][pretrain_logger][INFO] - Pretrain memory allocated: 21.19 MB
2026-06-26 19:10:00 - pretrain_logger - INFO - Current learning rate: 0.0005
[2026-06-26 19:10:00,132][pretrain_logger][INFO] - Current learning rate: 0.0005
2026-06-26 19:10:00 - pretrain_logger - INFO - Logged epoch Pretrain 6 info to /public/home/202411094934/python_project/Spatio-Temporal-Library/time-series/2026-06-26/fedformer/pretrain10/etth2/time-series/seed_1/training_log.json
[2026-06-26 19:10:00,135][pretrain_logger][INFO] - Logged epoch Pretrain 6 info to /public/home/202411094934/python_project/Spatio-Temporal-Library/time-series/2026-06-26/fedformer/pretrain10/etth2/time-series/seed_1/training_log.json
2026-06-26 19:39:09 - pretrain_logger - INFO - [JEPA Pretrain] Epoch 7/10, loss=0.184143, time=1749.49s
[2026-06-26 19:39:09,623][pretrain_logger][INFO] - [JEPA Pretrain] Epoch 7/10, loss=0.184143, time=1749.49s
2026-06-26 19:39:09 - pretrain_logger - INFO - Pretrain loss: 0.1841429860466064
[2026-06-26 19:39:09,626][pretrain_logger][INFO] - Pretrain loss: 0.1841429860466064
2026-06-26 19:39:09 - pretrain_logger - INFO - Pretrain time: 1749.4883496761322s
[2026-06-26 19:39:09,626][pretrain_logger][INFO] - Pretrain time: 1749.4883496761322s
2026-06-26 19:39:09 - pretrain_logger - INFO - Pretrain memory reserved: 96.00 MB
[2026-06-26 19:39:09,626][pretrain_logger][INFO] - Pretrain memory reserved: 96.00 MB
2026-06-26 19:39:09 - pretrain_logger - INFO - Pretrain memory allocated: 21.19 MB
[2026-06-26 19:39:09,626][pretrain_logger][INFO] - Pretrain memory allocated: 21.19 MB
2026-06-26 19:39:09 - pretrain_logger - INFO - Current learning rate: 0.0005
[2026-06-26 19:39:09,626][pretrain_logger][INFO] - Current learning rate: 0.0005
2026-06-26 19:39:09 - pretrain_logger - INFO - Logged epoch Pretrain 7 info to /public/home/202411094934/python_project/Spatio-Temporal-Library/time-series/2026-06-26/fedformer/pretrain10/etth2/time-series/seed_1/training_log.json
[2026-06-26 19:39:09,629][pretrain_logger][INFO] - Logged epoch Pretrain 7 info to /public/home/202411094934/python_project/Spatio-Temporal-Library/time-series/2026-06-26/fedformer/pretrain10/etth2/time-series/seed_1/training_log.json
2026-06-26 20:08:24 - pretrain_logger - INFO - [JEPA Pretrain] Epoch 8/10, loss=0.185069, time=1754.71s
[2026-06-26 20:08:24,341][pretrain_logger][INFO] - [JEPA Pretrain] Epoch 8/10, loss=0.185069, time=1754.71s
2026-06-26 20:08:24 - pretrain_logger - INFO - Pretrain loss: 0.18506860286086074
[2026-06-26 20:08:24,363][pretrain_logger][INFO] - Pretrain loss: 0.18506860286086074
2026-06-26 20:08:24 - pretrain_logger - INFO - Pretrain time: 1754.7119770050049s
[2026-06-26 20:08:24,363][pretrain_logger][INFO] - Pretrain time: 1754.7119770050049s
2026-06-26 20:08:24 - pretrain_logger - INFO - Pretrain memory reserved: 96.00 MB
[2026-06-26 20:08:24,363][pretrain_logger][INFO] - Pretrain memory reserved: 96.00 MB
2026-06-26 20:08:24 - pretrain_logger - INFO - Pretrain memory allocated: 21.19 MB
[2026-06-26 20:08:24,363][pretrain_logger][INFO] - Pretrain memory allocated: 21.19 MB
2026-06-26 20:08:24 - pretrain_logger - INFO - Current learning rate: 0.0005
[2026-06-26 20:08:24,363][pretrain_logger][INFO] - Current learning rate: 0.0005
2026-06-26 20:08:24 - pretrain_logger - INFO - Logged epoch Pretrain 8 info to /public/home/202411094934/python_project/Spatio-Temporal-Library/time-series/2026-06-26/fedformer/pretrain10/etth2/time-series/seed_1/training_log.json
[2026-06-26 20:08:24,366][pretrain_logger][INFO] - Logged epoch Pretrain 8 info to /public/home/202411094934/python_project/Spatio-Temporal-Library/time-series/2026-06-26/fedformer/pretrain10/etth2/time-series/seed_1/training_log.json
2026-06-26 20:37:35 - pretrain_logger - INFO - [JEPA Pretrain] Epoch 9/10, loss=0.186294, time=1751.08s
[2026-06-26 20:37:35,441][pretrain_logger][INFO] - [JEPA Pretrain] Epoch 9/10, loss=0.186294, time=1751.08s
2026-06-26 20:37:35 - pretrain_logger - INFO - Pretrain loss: 0.1862941870962357
[2026-06-26 20:37:35,442][pretrain_logger][INFO] - Pretrain loss: 0.1862941870962357
2026-06-26 20:37:35 - pretrain_logger - INFO - Pretrain time: 1751.0752248764038s
[2026-06-26 20:37:35,442][pretrain_logger][INFO] - Pretrain time: 1751.0752248764038s
2026-06-26 20:37:35 - pretrain_logger - INFO - Pretrain memory reserved: 96.00 MB
[2026-06-26 20:37:35,442][pretrain_logger][INFO] - Pretrain memory reserved: 96.00 MB
2026-06-26 20:37:35 - pretrain_logger - INFO - Pretrain memory allocated: 21.19 MB
[2026-06-26 20:37:35,442][pretrain_logger][INFO] - Pretrain memory allocated: 21.19 MB
2026-06-26 20:37:35 - pretrain_logger - INFO - Current learning rate: 0.0005
[2026-06-26 20:37:35,442][pretrain_logger][INFO] - Current learning rate: 0.0005
2026-06-26 20:37:35 - pretrain_logger - INFO - Logged epoch Pretrain 9 info to /public/home/202411094934/python_project/Spatio-Temporal-Library/time-series/2026-06-26/fedformer/pretrain10/etth2/time-series/seed_1/training_log.json
[2026-06-26 20:37:35,445][pretrain_logger][INFO] - Logged epoch Pretrain 9 info to /public/home/202411094934/python_project/Spatio-Temporal-Library/time-series/2026-06-26/fedformer/pretrain10/etth2/time-series/seed_1/training_log.json
2026-06-26 21:06:49 - pretrain_logger - INFO - [JEPA Pretrain] Epoch 10/10, loss=0.188386, time=1754.10s
[2026-06-26 21:06:49,548][pretrain_logger][INFO] - [JEPA Pretrain] Epoch 10/10, loss=0.188386, time=1754.10s
2026-06-26 21:06:49 - pretrain_logger - INFO - Pretrain loss: 0.18838554575070807
[2026-06-26 21:06:49,568][pretrain_logger][INFO] - Pretrain loss: 0.18838554575070807
2026-06-26 21:06:49 - pretrain_logger - INFO - Pretrain time: 1754.1021928787231s
[2026-06-26 21:06:49,568][pretrain_logger][INFO] - Pretrain time: 1754.1021928787231s
2026-06-26 21:06:49 - pretrain_logger - INFO - Pretrain memory reserved: 96.00 MB
[2026-06-26 21:06:49,568][pretrain_logger][INFO] - Pretrain memory reserved: 96.00 MB
2026-06-26 21:06:49 - pretrain_logger - INFO - Pretrain memory allocated: 21.19 MB
[2026-06-26 21:06:49,568][pretrain_logger][INFO] - Pretrain memory allocated: 21.19 MB
2026-06-26 21:06:49 - pretrain_logger - INFO - Current learning rate: 0.0005
[2026-06-26 21:06:49,568][pretrain_logger][INFO] - Current learning rate: 0.0005
2026-06-26 21:06:49 - pretrain_logger - INFO - Logged epoch Pretrain 10 info to /public/home/202411094934/python_project/Spatio-Temporal-Library/time-series/2026-06-26/fedformer/pretrain10/etth2/time-series/seed_1/training_log.json
[2026-06-26 21:06:49,571][pretrain_logger][INFO] - Logged epoch Pretrain 10 info to /public/home/202411094934/python_project/Spatio-Temporal-Library/time-series/2026-06-26/fedformer/pretrain10/etth2/time-series/seed_1/training_log.json
2026-06-26 21:06:49 - pretrain_logger - INFO - JEPA pretraining completed.
[2026-06-26 21:06:49,571][pretrain_logger][INFO] - JEPA pretraining completed.
