2026-06-27 12:30:35 - finetune_logger - INFO - Loaded pretrained checkpoint from: /public/home/202411094934/python_project/Spatio-Temporal-Library/time-series/2026-06-26/fedformer/pretrain10/ettm1/time-series/seed_0/jepa_pretrain_epoch_10.pth
Missing keys: []
Unexpected keys: []
[2026-06-27 12:30:35,714][finetune_logger][INFO] - Loaded pretrained checkpoint from: /public/home/202411094934/python_project/Spatio-Temporal-Library/time-series/2026-06-26/fedformer/pretrain10/ettm1/time-series/seed_0/jepa_pretrain_epoch_10.pth
Missing keys: []
Unexpected keys: []
2026-06-27 12:30:35 - finetune_logger - INFO - Model parameters: 385,095
[2026-06-27 12:30:35,718][finetune_logger][INFO] - Model parameters: 385,095
2026-06-27 12:30:35 - finetune_logger - INFO - Created new log file at /public/home/202411094934/python_project/Spatio-Temporal-Library/time-series/2026-06-26/fedformer/pretrain10_finetune10/ettm1/time-series/seed_0/training_log.json
[2026-06-27 12:30:35,720][finetune_logger][INFO] - Created new log file at /public/home/202411094934/python_project/Spatio-Temporal-Library/time-series/2026-06-26/fedformer/pretrain10_finetune10/ettm1/time-series/seed_0/training_log.json
2026-06-27 12:30:35 - finetune_logger - INFO - Starting training...
[2026-06-27 12:30:35,720][finetune_logger][INFO] - Starting training...
2026-06-27 12:30:35 - finetune_logger - INFO - Epoch 1/10
[2026-06-27 12:30:35,720][finetune_logger][INFO] - Epoch 1/10
2026-06-27 16:13:12 - finetune_logger - INFO - Train loss: 1.5020422495518162
[2026-06-27 16:13:12,586][finetune_logger][INFO] - Train loss: 1.5020422495518162
2026-06-27 16:13:12 - finetune_logger - INFO - Train time: 13356.864566326141s
[2026-06-27 16:13:12,586][finetune_logger][INFO] - Train time: 13356.864566326141s
2026-06-27 16:13:12 - finetune_logger - INFO - Train memory reserved: 64.00 MB
[2026-06-27 16:13:12,586][finetune_logger][INFO] - Train memory reserved: 64.00 MB
2026-06-27 16:13:12 - finetune_logger - INFO - Train memory allocated: 22.80 MB
[2026-06-27 16:13:12,586][finetune_logger][INFO] - Train memory allocated: 22.80 MB
2026-06-27 16:13:12 - finetune_logger - INFO - Current learning rate: 0.0005
[2026-06-27 16:13:12,586][finetune_logger][INFO] - Current learning rate: 0.0005
2026-06-27 16:30:58 - finetune_logger - INFO - Validation metrics: {'MAE': 1.764908902167853, 'RMSE': 2.8843654996386863}
[2026-06-27 16:30:58,822][finetune_logger][INFO] - Validation metrics: {'MAE': 1.764908902167853, 'RMSE': 2.8843654996386863}
2026-06-27 16:30:58 - finetune_logger - INFO - Val time: 1066.23s
[2026-06-27 16:30:58,822][finetune_logger][INFO] - Val time: 1066.23s
2026-06-27 16:30:58 - finetune_logger - INFO - Val memory reserved: 64.00 MB
[2026-06-27 16:30:58,822][finetune_logger][INFO] - Val memory reserved: 64.00 MB
2026-06-27 16:30:58 - finetune_logger - INFO - Val memory allocated: 22.80 MB
[2026-06-27 16:30:58,822][finetune_logger][INFO] - Val memory allocated: 22.80 MB
2026-06-27 16:30:58 - finetune_logger - INFO - Logged epoch 1 info to /public/home/202411094934/python_project/Spatio-Temporal-Library/time-series/2026-06-26/fedformer/pretrain10_finetune10/ettm1/time-series/seed_0/training_log.json
[2026-06-27 16:30:58,826][finetune_logger][INFO] - Logged epoch 1 info to /public/home/202411094934/python_project/Spatio-Temporal-Library/time-series/2026-06-26/fedformer/pretrain10_finetune10/ettm1/time-series/seed_0/training_log.json
2026-06-27 16:30:58 - finetune_logger - INFO - New best model! Val loss: 1.764909
[2026-06-27 16:30:58,826][finetune_logger][INFO] - New best model! Val loss: 1.764909
2026-06-27 16:48:47 - finetune_logger - INFO - Test metrics: {'MAE': 1.6151859622979394, 'RMSE': 2.851573048286628}
[2026-06-27 16:48:47,475][finetune_logger][INFO] - Test metrics: {'MAE': 1.6151859622979394, 'RMSE': 2.851573048286628}
2026-06-27 16:48:47 - finetune_logger - INFO - Test time: 1068.59s
[2026-06-27 16:48:47,475][finetune_logger][INFO] - Test time: 1068.59s
2026-06-27 16:48:47 - finetune_logger - INFO - Test memory reserved: 64.00 MB
[2026-06-27 16:48:47,475][finetune_logger][INFO] - Test memory reserved: 64.00 MB
2026-06-27 16:48:47 - finetune_logger - INFO - Test memory allocated: 22.80 MB
[2026-06-27 16:48:47,475][finetune_logger][INFO] - Test memory allocated: 22.80 MB
2026-06-27 16:48:47 - finetune_logger - INFO - Epoch 2/10
[2026-06-27 16:48:47,475][finetune_logger][INFO] - Epoch 2/10
2026-06-27 20:33:38 - finetune_logger - INFO - Train loss: 1.414378524743983
[2026-06-27 20:33:38,183][finetune_logger][INFO] - Train loss: 1.414378524743983
2026-06-27 20:33:38 - finetune_logger - INFO - Train time: 13490.705639839172s
[2026-06-27 20:33:38,183][finetune_logger][INFO] - Train time: 13490.705639839172s
2026-06-27 20:33:38 - finetune_logger - INFO - Train memory reserved: 64.00 MB
[2026-06-27 20:33:38,183][finetune_logger][INFO] - Train memory reserved: 64.00 MB
2026-06-27 20:33:38 - finetune_logger - INFO - Train memory allocated: 22.80 MB
[2026-06-27 20:33:38,183][finetune_logger][INFO] - Train memory allocated: 22.80 MB
2026-06-27 20:33:38 - finetune_logger - INFO - Current learning rate: 0.0005
[2026-06-27 20:33:38,183][finetune_logger][INFO] - Current learning rate: 0.0005
2026-06-27 20:51:21 - finetune_logger - INFO - Validation metrics: {'MAE': 1.6567502910435852, 'RMSE': 2.665187016540905}
[2026-06-27 20:51:21,173][finetune_logger][INFO] - Validation metrics: {'MAE': 1.6567502910435852, 'RMSE': 2.665187016540905}
2026-06-27 20:51:21 - finetune_logger - INFO - Val time: 1062.99s
[2026-06-27 20:51:21,174][finetune_logger][INFO] - Val time: 1062.99s
2026-06-27 20:51:21 - finetune_logger - INFO - Val memory reserved: 64.00 MB
[2026-06-27 20:51:21,174][finetune_logger][INFO] - Val memory reserved: 64.00 MB
2026-06-27 20:51:21 - finetune_logger - INFO - Val memory allocated: 22.80 MB
[2026-06-27 20:51:21,174][finetune_logger][INFO] - Val memory allocated: 22.80 MB
2026-06-27 20:51:21 - finetune_logger - INFO - Logged epoch 2 info to /public/home/202411094934/python_project/Spatio-Temporal-Library/time-series/2026-06-26/fedformer/pretrain10_finetune10/ettm1/time-series/seed_0/training_log.json
[2026-06-27 20:51:21,178][finetune_logger][INFO] - Logged epoch 2 info to /public/home/202411094934/python_project/Spatio-Temporal-Library/time-series/2026-06-26/fedformer/pretrain10_finetune10/ettm1/time-series/seed_0/training_log.json
2026-06-27 20:51:21 - finetune_logger - INFO - New best model! Val loss: 1.656750
[2026-06-27 20:51:21,178][finetune_logger][INFO] - New best model! Val loss: 1.656750
2026-06-27 21:09:07 - finetune_logger - INFO - Test metrics: {'MAE': 1.5214659079148694, 'RMSE': 2.657397823353852}
[2026-06-27 21:09:07,126][finetune_logger][INFO] - Test metrics: {'MAE': 1.5214659079148694, 'RMSE': 2.657397823353852}
2026-06-27 21:09:07 - finetune_logger - INFO - Test time: 1065.89s
[2026-06-27 21:09:07,127][finetune_logger][INFO] - Test time: 1065.89s
2026-06-27 21:09:07 - finetune_logger - INFO - Test memory reserved: 64.00 MB
[2026-06-27 21:09:07,127][finetune_logger][INFO] - Test memory reserved: 64.00 MB
2026-06-27 21:09:07 - finetune_logger - INFO - Test memory allocated: 22.80 MB
[2026-06-27 21:09:07,127][finetune_logger][INFO] - Test memory allocated: 22.80 MB
2026-06-27 21:09:07 - finetune_logger - INFO - Epoch 3/10
[2026-06-27 21:09:07,127][finetune_logger][INFO] - Epoch 3/10
2026-06-28 00:53:48 - finetune_logger - INFO - Train loss: 1.381377580106433
[2026-06-28 00:53:48,368][finetune_logger][INFO] - Train loss: 1.381377580106433
2026-06-28 00:53:48 - finetune_logger - INFO - Train time: 13481.240369081497s
[2026-06-28 00:53:48,368][finetune_logger][INFO] - Train time: 13481.240369081497s
2026-06-28 00:53:48 - finetune_logger - INFO - Train memory reserved: 64.00 MB
[2026-06-28 00:53:48,368][finetune_logger][INFO] - Train memory reserved: 64.00 MB
2026-06-28 00:53:48 - finetune_logger - INFO - Train memory allocated: 22.80 MB
[2026-06-28 00:53:48,369][finetune_logger][INFO] - Train memory allocated: 22.80 MB
2026-06-28 00:53:48 - finetune_logger - INFO - Current learning rate: 0.0005
[2026-06-28 00:53:48,369][finetune_logger][INFO] - Current learning rate: 0.0005
2026-06-28 01:11:35 - finetune_logger - INFO - Validation metrics: {'MAE': 1.6426165357516505, 'RMSE': 2.619613198497462}
[2026-06-28 01:11:35,260][finetune_logger][INFO] - Validation metrics: {'MAE': 1.6426165357516505, 'RMSE': 2.619613198497462}
2026-06-28 01:11:35 - finetune_logger - INFO - Val time: 1066.89s
[2026-06-28 01:11:35,260][finetune_logger][INFO] - Val time: 1066.89s
2026-06-28 01:11:35 - finetune_logger - INFO - Val memory reserved: 64.00 MB
[2026-06-28 01:11:35,260][finetune_logger][INFO] - Val memory reserved: 64.00 MB
2026-06-28 01:11:35 - finetune_logger - INFO - Val memory allocated: 22.80 MB
[2026-06-28 01:11:35,260][finetune_logger][INFO] - Val memory allocated: 22.80 MB
2026-06-28 01:11:35 - finetune_logger - INFO - Logged epoch 3 info to /public/home/202411094934/python_project/Spatio-Temporal-Library/time-series/2026-06-26/fedformer/pretrain10_finetune10/ettm1/time-series/seed_0/training_log.json
[2026-06-28 01:11:35,264][finetune_logger][INFO] - Logged epoch 3 info to /public/home/202411094934/python_project/Spatio-Temporal-Library/time-series/2026-06-26/fedformer/pretrain10_finetune10/ettm1/time-series/seed_0/training_log.json
2026-06-28 01:11:35 - finetune_logger - INFO - New best model! Val loss: 1.642617
[2026-06-28 01:11:35,264][finetune_logger][INFO] - New best model! Val loss: 1.642617
2026-06-28 01:29:21 - finetune_logger - INFO - Test metrics: {'MAE': 1.522395928880667, 'RMSE': 2.640565760120836}
[2026-06-28 01:29:21,638][finetune_logger][INFO] - Test metrics: {'MAE': 1.522395928880667, 'RMSE': 2.640565760120836}
2026-06-28 01:29:21 - finetune_logger - INFO - Test time: 1066.32s
[2026-06-28 01:29:21,639][finetune_logger][INFO] - Test time: 1066.32s
2026-06-28 01:29:21 - finetune_logger - INFO - Test memory reserved: 64.00 MB
[2026-06-28 01:29:21,639][finetune_logger][INFO] - Test memory reserved: 64.00 MB
2026-06-28 01:29:21 - finetune_logger - INFO - Test memory allocated: 22.80 MB
[2026-06-28 01:29:21,639][finetune_logger][INFO] - Test memory allocated: 22.80 MB
2026-06-28 01:29:21 - finetune_logger - INFO - Epoch 4/10
[2026-06-28 01:29:21,639][finetune_logger][INFO] - Epoch 4/10
2026-06-28 05:14:30 - finetune_logger - INFO - Train loss: 1.3697653693814658
[2026-06-28 05:14:30,222][finetune_logger][INFO] - Train loss: 1.3697653693814658
2026-06-28 05:14:30 - finetune_logger - INFO - Train time: 13508.581444740295s
[2026-06-28 05:14:30,222][finetune_logger][INFO] - Train time: 13508.581444740295s
2026-06-28 05:14:30 - finetune_logger - INFO - Train memory reserved: 64.00 MB
[2026-06-28 05:14:30,222][finetune_logger][INFO] - Train memory reserved: 64.00 MB
2026-06-28 05:14:30 - finetune_logger - INFO - Train memory allocated: 22.80 MB
[2026-06-28 05:14:30,222][finetune_logger][INFO] - Train memory allocated: 22.80 MB
2026-06-28 05:14:30 - finetune_logger - INFO - Current learning rate: 0.0005
[2026-06-28 05:14:30,223][finetune_logger][INFO] - Current learning rate: 0.0005
2026-06-28 05:32:16 - finetune_logger - INFO - Validation metrics: {'MAE': 1.6554092292250169, 'RMSE': 2.6579977113090414}
[2026-06-28 05:32:16,782][finetune_logger][INFO] - Validation metrics: {'MAE': 1.6554092292250169, 'RMSE': 2.6579977113090414}
2026-06-28 05:32:16 - finetune_logger - INFO - Val time: 1066.56s
[2026-06-28 05:32:16,783][finetune_logger][INFO] - Val time: 1066.56s
2026-06-28 05:32:16 - finetune_logger - INFO - Val memory reserved: 64.00 MB
[2026-06-28 05:32:16,783][finetune_logger][INFO] - Val memory reserved: 64.00 MB
2026-06-28 05:32:16 - finetune_logger - INFO - Val memory allocated: 22.80 MB
[2026-06-28 05:32:16,783][finetune_logger][INFO] - Val memory allocated: 22.80 MB
2026-06-28 05:32:16 - finetune_logger - INFO - Logged epoch 4 info to /public/home/202411094934/python_project/Spatio-Temporal-Library/time-series/2026-06-26/fedformer/pretrain10_finetune10/ettm1/time-series/seed_0/training_log.json
[2026-06-28 05:32:16,786][finetune_logger][INFO] - Logged epoch 4 info to /public/home/202411094934/python_project/Spatio-Temporal-Library/time-series/2026-06-26/fedformer/pretrain10_finetune10/ettm1/time-series/seed_0/training_log.json
2026-06-28 05:50:02 - finetune_logger - INFO - Test metrics: {'MAE': 1.5074898782646295, 'RMSE': 2.633327854309296}
[2026-06-28 05:50:02,640][finetune_logger][INFO] - Test metrics: {'MAE': 1.5074898782646295, 'RMSE': 2.633327854309296}
2026-06-28 05:50:02 - finetune_logger - INFO - Test time: 1065.85s
[2026-06-28 05:50:02,640][finetune_logger][INFO] - Test time: 1065.85s
2026-06-28 05:50:02 - finetune_logger - INFO - Test memory reserved: 64.00 MB
[2026-06-28 05:50:02,640][finetune_logger][INFO] - Test memory reserved: 64.00 MB
2026-06-28 05:50:02 - finetune_logger - INFO - Test memory allocated: 22.80 MB
[2026-06-28 05:50:02,640][finetune_logger][INFO] - Test memory allocated: 22.80 MB
2026-06-28 05:50:02 - finetune_logger - INFO - Epoch 5/10
[2026-06-28 05:50:02,640][finetune_logger][INFO] - Epoch 5/10
2026-06-28 09:35:03 - finetune_logger - INFO - Train loss: 1.3698639540539672
[2026-06-28 09:35:03,715][finetune_logger][INFO] - Train loss: 1.3698639540539672
2026-06-28 09:35:03 - finetune_logger - INFO - Train time: 13501.07276892662s
[2026-06-28 09:35:03,715][finetune_logger][INFO] - Train time: 13501.07276892662s
2026-06-28 09:35:03 - finetune_logger - INFO - Train memory reserved: 64.00 MB
[2026-06-28 09:35:03,715][finetune_logger][INFO] - Train memory reserved: 64.00 MB
2026-06-28 09:35:03 - finetune_logger - INFO - Train memory allocated: 22.80 MB
[2026-06-28 09:35:03,715][finetune_logger][INFO] - Train memory allocated: 22.80 MB
2026-06-28 09:35:03 - finetune_logger - INFO - Current learning rate: 0.0005
[2026-06-28 09:35:03,715][finetune_logger][INFO] - Current learning rate: 0.0005
2026-06-28 09:52:50 - finetune_logger - INFO - Validation metrics: {'MAE': 1.6424683317680993, 'RMSE': 2.6336836865675157}
[2026-06-28 09:52:50,668][finetune_logger][INFO] - Validation metrics: {'MAE': 1.6424683317680993, 'RMSE': 2.6336836865675157}
2026-06-28 09:52:50 - finetune_logger - INFO - Val time: 1066.95s
[2026-06-28 09:52:50,668][finetune_logger][INFO] - Val time: 1066.95s
2026-06-28 09:52:50 - finetune_logger - INFO - Val memory reserved: 64.00 MB
[2026-06-28 09:52:50,668][finetune_logger][INFO] - Val memory reserved: 64.00 MB
2026-06-28 09:52:50 - finetune_logger - INFO - Val memory allocated: 22.80 MB
[2026-06-28 09:52:50,668][finetune_logger][INFO] - Val memory allocated: 22.80 MB
2026-06-28 09:52:50 - finetune_logger - INFO - Logged epoch 5 info to /public/home/202411094934/python_project/Spatio-Temporal-Library/time-series/2026-06-26/fedformer/pretrain10_finetune10/ettm1/time-series/seed_0/training_log.json
[2026-06-28 09:52:50,673][finetune_logger][INFO] - Logged epoch 5 info to /public/home/202411094934/python_project/Spatio-Temporal-Library/time-series/2026-06-26/fedformer/pretrain10_finetune10/ettm1/time-series/seed_0/training_log.json
2026-06-28 09:52:50 - finetune_logger - INFO - New best model! Val loss: 1.642468
[2026-06-28 09:52:50,673][finetune_logger][INFO] - New best model! Val loss: 1.642468
2026-06-28 10:10:36 - finetune_logger - INFO - Test metrics: {'MAE': 1.4985083809652366, 'RMSE': 2.6228158617675623}
[2026-06-28 10:10:36,755][finetune_logger][INFO] - Test metrics: {'MAE': 1.4985083809652366, 'RMSE': 2.6228158617675623}
2026-06-28 10:10:36 - finetune_logger - INFO - Test time: 1066.02s
[2026-06-28 10:10:36,755][finetune_logger][INFO] - Test time: 1066.02s
2026-06-28 10:10:36 - finetune_logger - INFO - Test memory reserved: 64.00 MB
[2026-06-28 10:10:36,755][finetune_logger][INFO] - Test memory reserved: 64.00 MB
2026-06-28 10:10:36 - finetune_logger - INFO - Test memory allocated: 22.80 MB
[2026-06-28 10:10:36,755][finetune_logger][INFO] - Test memory allocated: 22.80 MB
2026-06-28 10:10:36 - finetune_logger - INFO - Epoch 6/10
[2026-06-28 10:10:36,755][finetune_logger][INFO] - Epoch 6/10
2026-06-28 13:56:12 - finetune_logger - INFO - Train loss: 1.3555569021881686
[2026-06-28 13:56:12,276][finetune_logger][INFO] - Train loss: 1.3555569021881686
2026-06-28 13:56:12 - finetune_logger - INFO - Train time: 13535.519852876663s
[2026-06-28 13:56:12,276][finetune_logger][INFO] - Train time: 13535.519852876663s
2026-06-28 13:56:12 - finetune_logger - INFO - Train memory reserved: 64.00 MB
[2026-06-28 13:56:12,276][finetune_logger][INFO] - Train memory reserved: 64.00 MB
2026-06-28 13:56:12 - finetune_logger - INFO - Train memory allocated: 22.80 MB
[2026-06-28 13:56:12,276][finetune_logger][INFO] - Train memory allocated: 22.80 MB
2026-06-28 13:56:12 - finetune_logger - INFO - Current learning rate: 0.0005
[2026-06-28 13:56:12,277][finetune_logger][INFO] - Current learning rate: 0.0005
2026-06-28 14:13:59 - finetune_logger - INFO - Validation metrics: {'MAE': 1.637543274575318, 'RMSE': 2.624014841076339}
[2026-06-28 14:13:59,400][finetune_logger][INFO] - Validation metrics: {'MAE': 1.637543274575318, 'RMSE': 2.624014841076339}
2026-06-28 14:13:59 - finetune_logger - INFO - Val time: 1067.12s
[2026-06-28 14:13:59,400][finetune_logger][INFO] - Val time: 1067.12s
2026-06-28 14:13:59 - finetune_logger - INFO - Val memory reserved: 64.00 MB
[2026-06-28 14:13:59,400][finetune_logger][INFO] - Val memory reserved: 64.00 MB
2026-06-28 14:13:59 - finetune_logger - INFO - Val memory allocated: 22.80 MB
[2026-06-28 14:13:59,400][finetune_logger][INFO] - Val memory allocated: 22.80 MB
2026-06-28 14:13:59 - finetune_logger - INFO - Logged epoch 6 info to /public/home/202411094934/python_project/Spatio-Temporal-Library/time-series/2026-06-26/fedformer/pretrain10_finetune10/ettm1/time-series/seed_0/training_log.json
[2026-06-28 14:13:59,403][finetune_logger][INFO] - Logged epoch 6 info to /public/home/202411094934/python_project/Spatio-Temporal-Library/time-series/2026-06-26/fedformer/pretrain10_finetune10/ettm1/time-series/seed_0/training_log.json
2026-06-28 14:13:59 - finetune_logger - INFO - New best model! Val loss: 1.637543
[2026-06-28 14:13:59,404][finetune_logger][INFO] - New best model! Val loss: 1.637543
2026-06-28 14:31:45 - finetune_logger - INFO - Test metrics: {'MAE': 1.5006966534107522, 'RMSE': 2.6166980658538472}
[2026-06-28 14:31:45,731][finetune_logger][INFO] - Test metrics: {'MAE': 1.5006966534107522, 'RMSE': 2.6166980658538472}
2026-06-28 14:31:45 - finetune_logger - INFO - Test time: 1066.27s
[2026-06-28 14:31:45,731][finetune_logger][INFO] - Test time: 1066.27s
2026-06-28 14:31:45 - finetune_logger - INFO - Test memory reserved: 64.00 MB
[2026-06-28 14:31:45,731][finetune_logger][INFO] - Test memory reserved: 64.00 MB
2026-06-28 14:31:45 - finetune_logger - INFO - Test memory allocated: 22.80 MB
[2026-06-28 14:31:45,731][finetune_logger][INFO] - Test memory allocated: 22.80 MB
2026-06-28 14:31:45 - finetune_logger - INFO - Epoch 7/10
[2026-06-28 14:31:45,732][finetune_logger][INFO] - Epoch 7/10
2026-06-28 18:17:17 - finetune_logger - INFO - Train loss: 1.3481525657267779
[2026-06-28 18:17:17,668][finetune_logger][INFO] - Train loss: 1.3481525657267779
2026-06-28 18:17:17 - finetune_logger - INFO - Train time: 13531.934658765793s
[2026-06-28 18:17:17,668][finetune_logger][INFO] - Train time: 13531.934658765793s
2026-06-28 18:17:17 - finetune_logger - INFO - Train memory reserved: 64.00 MB
[2026-06-28 18:17:17,668][finetune_logger][INFO] - Train memory reserved: 64.00 MB
2026-06-28 18:17:17 - finetune_logger - INFO - Train memory allocated: 22.80 MB
[2026-06-28 18:17:17,668][finetune_logger][INFO] - Train memory allocated: 22.80 MB
2026-06-28 18:17:17 - finetune_logger - INFO - Current learning rate: 0.0005
[2026-06-28 18:17:17,668][finetune_logger][INFO] - Current learning rate: 0.0005
2026-06-28 18:35:02 - finetune_logger - INFO - Validation metrics: {'MAE': 1.6469658871306596, 'RMSE': 2.654653332321267}
[2026-06-28 18:35:02,126][finetune_logger][INFO] - Validation metrics: {'MAE': 1.6469658871306596, 'RMSE': 2.654653332321267}
2026-06-28 18:35:02 - finetune_logger - INFO - Val time: 1064.46s
[2026-06-28 18:35:02,127][finetune_logger][INFO] - Val time: 1064.46s
2026-06-28 18:35:02 - finetune_logger - INFO - Val memory reserved: 64.00 MB
[2026-06-28 18:35:02,127][finetune_logger][INFO] - Val memory reserved: 64.00 MB
2026-06-28 18:35:02 - finetune_logger - INFO - Val memory allocated: 22.80 MB
[2026-06-28 18:35:02,127][finetune_logger][INFO] - Val memory allocated: 22.80 MB
2026-06-28 18:35:02 - finetune_logger - INFO - Logged epoch 7 info to /public/home/202411094934/python_project/Spatio-Temporal-Library/time-series/2026-06-26/fedformer/pretrain10_finetune10/ettm1/time-series/seed_0/training_log.json
[2026-06-28 18:35:02,130][finetune_logger][INFO] - Logged epoch 7 info to /public/home/202411094934/python_project/Spatio-Temporal-Library/time-series/2026-06-26/fedformer/pretrain10_finetune10/ettm1/time-series/seed_0/training_log.json
2026-06-28 18:52:47 - finetune_logger - INFO - Test metrics: {'MAE': 1.4642268782502252, 'RMSE': 2.570299628915345}
[2026-06-28 18:52:47,300][finetune_logger][INFO] - Test metrics: {'MAE': 1.4642268782502252, 'RMSE': 2.570299628915345}
2026-06-28 18:52:47 - finetune_logger - INFO - Test time: 1065.17s
[2026-06-28 18:52:47,301][finetune_logger][INFO] - Test time: 1065.17s
2026-06-28 18:52:47 - finetune_logger - INFO - Test memory reserved: 64.00 MB
[2026-06-28 18:52:47,301][finetune_logger][INFO] - Test memory reserved: 64.00 MB
2026-06-28 18:52:47 - finetune_logger - INFO - Test memory allocated: 22.80 MB
[2026-06-28 18:52:47,301][finetune_logger][INFO] - Test memory allocated: 22.80 MB
2026-06-28 18:52:47 - finetune_logger - INFO - Epoch 8/10
[2026-06-28 18:52:47,301][finetune_logger][INFO] - Epoch 8/10
2026-06-28 22:38:41 - finetune_logger - INFO - Train loss: 1.342974361440653
[2026-06-28 22:38:41,471][finetune_logger][INFO] - Train loss: 1.342974361440653
2026-06-28 22:38:41 - finetune_logger - INFO - Train time: 13554.16986131668s
[2026-06-28 22:38:41,472][finetune_logger][INFO] - Train time: 13554.16986131668s
2026-06-28 22:38:41 - finetune_logger - INFO - Train memory reserved: 64.00 MB
[2026-06-28 22:38:41,472][finetune_logger][INFO] - Train memory reserved: 64.00 MB
2026-06-28 22:38:41 - finetune_logger - INFO - Train memory allocated: 22.80 MB
[2026-06-28 22:38:41,472][finetune_logger][INFO] - Train memory allocated: 22.80 MB
2026-06-28 22:38:41 - finetune_logger - INFO - Current learning rate: 0.0005
[2026-06-28 22:38:41,472][finetune_logger][INFO] - Current learning rate: 0.0005
2026-06-28 22:56:28 - finetune_logger - INFO - Validation metrics: {'MAE': 1.6388181243215914, 'RMSE': 2.6288155152963655}
[2026-06-28 22:56:28,959][finetune_logger][INFO] - Validation metrics: {'MAE': 1.6388181243215914, 'RMSE': 2.6288155152963655}
2026-06-28 22:56:28 - finetune_logger - INFO - Val time: 1067.49s
[2026-06-28 22:56:28,959][finetune_logger][INFO] - Val time: 1067.49s
2026-06-28 22:56:28 - finetune_logger - INFO - Val memory reserved: 64.00 MB
[2026-06-28 22:56:28,960][finetune_logger][INFO] - Val memory reserved: 64.00 MB
2026-06-28 22:56:28 - finetune_logger - INFO - Val memory allocated: 22.80 MB
[2026-06-28 22:56:28,960][finetune_logger][INFO] - Val memory allocated: 22.80 MB
2026-06-28 22:56:28 - finetune_logger - INFO - Logged epoch 8 info to /public/home/202411094934/python_project/Spatio-Temporal-Library/time-series/2026-06-26/fedformer/pretrain10_finetune10/ettm1/time-series/seed_0/training_log.json
[2026-06-28 22:56:28,964][finetune_logger][INFO] - Logged epoch 8 info to /public/home/202411094934/python_project/Spatio-Temporal-Library/time-series/2026-06-26/fedformer/pretrain10_finetune10/ettm1/time-series/seed_0/training_log.json
2026-06-28 23:14:13 - finetune_logger - INFO - Test metrics: {'MAE': 1.5114539908188154, 'RMSE': 2.6248998784828337}
[2026-06-28 23:14:13,450][finetune_logger][INFO] - Test metrics: {'MAE': 1.5114539908188154, 'RMSE': 2.6248998784828337}
2026-06-28 23:14:13 - finetune_logger - INFO - Test time: 1064.49s
[2026-06-28 23:14:13,450][finetune_logger][INFO] - Test time: 1064.49s
2026-06-28 23:14:13 - finetune_logger - INFO - Test memory reserved: 64.00 MB
[2026-06-28 23:14:13,450][finetune_logger][INFO] - Test memory reserved: 64.00 MB
2026-06-28 23:14:13 - finetune_logger - INFO - Test memory allocated: 22.80 MB
[2026-06-28 23:14:13,451][finetune_logger][INFO] - Test memory allocated: 22.80 MB
2026-06-28 23:14:13 - finetune_logger - INFO - Epoch 9/10
[2026-06-28 23:14:13,451][finetune_logger][INFO] - Epoch 9/10
2026-06-29 02:59:53 - finetune_logger - INFO - Train loss: 1.3326975513366217
[2026-06-29 02:59:53,098][finetune_logger][INFO] - Train loss: 1.3326975513366217
2026-06-29 02:59:53 - finetune_logger - INFO - Train time: 13539.646439790726s
[2026-06-29 02:59:53,098][finetune_logger][INFO] - Train time: 13539.646439790726s
2026-06-29 02:59:53 - finetune_logger - INFO - Train memory reserved: 64.00 MB
[2026-06-29 02:59:53,098][finetune_logger][INFO] - Train memory reserved: 64.00 MB
2026-06-29 02:59:53 - finetune_logger - INFO - Train memory allocated: 22.80 MB
[2026-06-29 02:59:53,098][finetune_logger][INFO] - Train memory allocated: 22.80 MB
2026-06-29 02:59:53 - finetune_logger - INFO - Current learning rate: 0.0005
[2026-06-29 02:59:53,098][finetune_logger][INFO] - Current learning rate: 0.0005
2026-06-29 03:17:37 - finetune_logger - INFO - Validation metrics: {'MAE': 1.6325342968946253, 'RMSE': 2.6099374883078683}
[2026-06-29 03:17:37,002][finetune_logger][INFO] - Validation metrics: {'MAE': 1.6325342968946253, 'RMSE': 2.6099374883078683}
2026-06-29 03:17:37 - finetune_logger - INFO - Val time: 1063.90s
[2026-06-29 03:17:37,002][finetune_logger][INFO] - Val time: 1063.90s
2026-06-29 03:17:37 - finetune_logger - INFO - Val memory reserved: 64.00 MB
[2026-06-29 03:17:37,003][finetune_logger][INFO] - Val memory reserved: 64.00 MB
2026-06-29 03:17:37 - finetune_logger - INFO - Val memory allocated: 22.80 MB
[2026-06-29 03:17:37,003][finetune_logger][INFO] - Val memory allocated: 22.80 MB
2026-06-29 03:17:37 - finetune_logger - INFO - Logged epoch 9 info to /public/home/202411094934/python_project/Spatio-Temporal-Library/time-series/2026-06-26/fedformer/pretrain10_finetune10/ettm1/time-series/seed_0/training_log.json
[2026-06-29 03:17:37,007][finetune_logger][INFO] - Logged epoch 9 info to /public/home/202411094934/python_project/Spatio-Temporal-Library/time-series/2026-06-26/fedformer/pretrain10_finetune10/ettm1/time-series/seed_0/training_log.json
2026-06-29 03:17:37 - finetune_logger - INFO - New best model! Val loss: 1.632534
[2026-06-29 03:17:37,007][finetune_logger][INFO] - New best model! Val loss: 1.632534
2026-06-29 03:35:22 - finetune_logger - INFO - Test metrics: {'MAE': 1.4787842932776019, 'RMSE': 2.5800252292773025}
[2026-06-29 03:35:22,718][finetune_logger][INFO] - Test metrics: {'MAE': 1.4787842932776019, 'RMSE': 2.5800252292773025}
2026-06-29 03:35:22 - finetune_logger - INFO - Test time: 1065.65s
[2026-06-29 03:35:22,718][finetune_logger][INFO] - Test time: 1065.65s
2026-06-29 03:35:22 - finetune_logger - INFO - Test memory reserved: 64.00 MB
[2026-06-29 03:35:22,718][finetune_logger][INFO] - Test memory reserved: 64.00 MB
2026-06-29 03:35:22 - finetune_logger - INFO - Test memory allocated: 22.80 MB
[2026-06-29 03:35:22,718][finetune_logger][INFO] - Test memory allocated: 22.80 MB
2026-06-29 03:35:22 - finetune_logger - INFO - Epoch 10/10
[2026-06-29 03:35:22,718][finetune_logger][INFO] - Epoch 10/10
2026-06-29 07:21:16 - finetune_logger - INFO - Train loss: 1.328974395032154
[2026-06-29 07:21:16,878][finetune_logger][INFO] - Train loss: 1.328974395032154
2026-06-29 07:21:16 - finetune_logger - INFO - Train time: 13554.158782720566s
[2026-06-29 07:21:16,879][finetune_logger][INFO] - Train time: 13554.158782720566s
2026-06-29 07:21:16 - finetune_logger - INFO - Train memory reserved: 64.00 MB
[2026-06-29 07:21:16,879][finetune_logger][INFO] - Train memory reserved: 64.00 MB
2026-06-29 07:21:16 - finetune_logger - INFO - Train memory allocated: 22.80 MB
[2026-06-29 07:21:16,879][finetune_logger][INFO] - Train memory allocated: 22.80 MB
2026-06-29 07:21:16 - finetune_logger - INFO - Current learning rate: 0.0005
[2026-06-29 07:21:16,879][finetune_logger][INFO] - Current learning rate: 0.0005
2026-06-29 07:39:02 - finetune_logger - INFO - Validation metrics: {'MAE': 1.6419218716227775, 'RMSE': 2.6282261309177044}
[2026-06-29 07:39:02,573][finetune_logger][INFO] - Validation metrics: {'MAE': 1.6419218716227775, 'RMSE': 2.6282261309177044}
2026-06-29 07:39:02 - finetune_logger - INFO - Val time: 1065.69s
[2026-06-29 07:39:02,573][finetune_logger][INFO] - Val time: 1065.69s
2026-06-29 07:39:02 - finetune_logger - INFO - Val memory reserved: 64.00 MB
[2026-06-29 07:39:02,573][finetune_logger][INFO] - Val memory reserved: 64.00 MB
2026-06-29 07:39:02 - finetune_logger - INFO - Val memory allocated: 22.80 MB
[2026-06-29 07:39:02,573][finetune_logger][INFO] - Val memory allocated: 22.80 MB
2026-06-29 07:39:02 - finetune_logger - INFO - Logged epoch 10 info to /public/home/202411094934/python_project/Spatio-Temporal-Library/time-series/2026-06-26/fedformer/pretrain10_finetune10/ettm1/time-series/seed_0/training_log.json
[2026-06-29 07:39:02,576][finetune_logger][INFO] - Logged epoch 10 info to /public/home/202411094934/python_project/Spatio-Temporal-Library/time-series/2026-06-26/fedformer/pretrain10_finetune10/ettm1/time-series/seed_0/training_log.json
2026-06-29 07:56:45 - finetune_logger - INFO - Test metrics: {'MAE': 1.4931259468297131, 'RMSE': 2.592247709321059}
[2026-06-29 07:56:45,233][finetune_logger][INFO] - Test metrics: {'MAE': 1.4931259468297131, 'RMSE': 2.592247709321059}
2026-06-29 07:56:45 - finetune_logger - INFO - Test time: 1062.63s
[2026-06-29 07:56:45,234][finetune_logger][INFO] - Test time: 1062.63s
2026-06-29 07:56:45 - finetune_logger - INFO - Test memory reserved: 64.00 MB
[2026-06-29 07:56:45,234][finetune_logger][INFO] - Test memory reserved: 64.00 MB
2026-06-29 07:56:45 - finetune_logger - INFO - Test memory allocated: 22.80 MB
[2026-06-29 07:56:45,234][finetune_logger][INFO] - Test memory allocated: 22.80 MB
2026-06-29 07:56:45 - finetune_logger - INFO - Training completed. Best epoch: 9, Best val loss: 1.632534
[2026-06-29 07:56:45,234][finetune_logger][INFO] - Training completed. Best epoch: 9, Best val loss: 1.632534
2026-06-29 07:56:45 - finetune_logger - INFO - Loaded checkpoint from epoch 9
[2026-06-29 07:56:45,274][finetune_logger][INFO] - Loaded checkpoint from epoch 9
2026-06-29 07:56:45 - finetune_logger - INFO - Evaluating best model on test sets...
[2026-06-29 07:56:45,275][finetune_logger][INFO] - Evaluating best model on test sets...
2026-06-29 08:14:27 - finetune_logger - INFO - Test metrics: {'MAE': 1.4787842932776019, 'RMSE': 2.5800252292773025}
[2026-06-29 08:14:27,596][finetune_logger][INFO] - Test metrics: {'MAE': 1.4787842932776019, 'RMSE': 2.5800252292773025}
2026-06-29 08:14:27 - finetune_logger - INFO - Test time: 1062.32s
[2026-06-29 08:14:27,596][finetune_logger][INFO] - Test time: 1062.32s
2026-06-29 08:14:27 - finetune_logger - INFO - Test memory reserved: 84.00 MB
[2026-06-29 08:14:27,596][finetune_logger][INFO] - Test memory reserved: 84.00 MB
2026-06-29 08:14:27 - finetune_logger - INFO - Test memory allocated: 22.83 MB
[2026-06-29 08:14:27,596][finetune_logger][INFO] - Test memory allocated: 22.83 MB
2026-06-29 08:14:27 - finetune_logger - INFO - Logged epoch test info to /public/home/202411094934/python_project/Spatio-Temporal-Library/time-series/2026-06-26/fedformer/pretrain10_finetune10/ettm1/time-series/seed_0/training_log.json
[2026-06-29 08:14:27,600][finetune_logger][INFO] - Logged epoch test info to /public/home/202411094934/python_project/Spatio-Temporal-Library/time-series/2026-06-26/fedformer/pretrain10_finetune10/ettm1/time-series/seed_0/training_log.json
