2026-06-26 21:11:26 - finetune_logger - INFO - Loaded pretrained checkpoint from: /public/home/202411094934/python_project/Spatio-Temporal-Library/time-series/2026-06-26/fedformer/pretrain10/etth2/time-series/seed_0/jepa_pretrain_epoch_10.pth
Missing keys: []
Unexpected keys: []
[2026-06-26 21:11:26,791][finetune_logger][INFO] - Loaded pretrained checkpoint from: /public/home/202411094934/python_project/Spatio-Temporal-Library/time-series/2026-06-26/fedformer/pretrain10/etth2/time-series/seed_0/jepa_pretrain_epoch_10.pth
Missing keys: []
Unexpected keys: []
2026-06-26 21:11:26 - finetune_logger - INFO - Model parameters: 385,095
[2026-06-26 21:11:26,794][finetune_logger][INFO] - Model parameters: 385,095
2026-06-26 21:11:26 - finetune_logger - INFO - Created new log file at /public/home/202411094934/python_project/Spatio-Temporal-Library/time-series/2026-06-26/fedformer/pretrain10_finetune10/etth2/time-series/seed_0/training_log.json
[2026-06-26 21:11:26,796][finetune_logger][INFO] - Created new log file at /public/home/202411094934/python_project/Spatio-Temporal-Library/time-series/2026-06-26/fedformer/pretrain10_finetune10/etth2/time-series/seed_0/training_log.json
2026-06-26 21:11:26 - finetune_logger - INFO - Starting training...
[2026-06-26 21:11:26,796][finetune_logger][INFO] - Starting training...
2026-06-26 21:11:26 - finetune_logger - INFO - Epoch 1/10
[2026-06-26 21:11:26,796][finetune_logger][INFO] - Epoch 1/10
2026-06-26 22:06:37 - finetune_logger - INFO - Train loss: 3.338185682436076
[2026-06-26 22:06:37,507][finetune_logger][INFO] - Train loss: 3.338185682436076
2026-06-26 22:06:37 - finetune_logger - INFO - Train time: 3310.7083854675293s
[2026-06-26 22:06:37,507][finetune_logger][INFO] - Train time: 3310.7083854675293s
2026-06-26 22:06:37 - finetune_logger - INFO - Train memory reserved: 64.00 MB
[2026-06-26 22:06:37,507][finetune_logger][INFO] - Train memory reserved: 64.00 MB
2026-06-26 22:06:37 - finetune_logger - INFO - Train memory allocated: 22.80 MB
[2026-06-26 22:06:37,507][finetune_logger][INFO] - Train memory allocated: 22.80 MB
2026-06-26 22:06:37 - finetune_logger - INFO - Current learning rate: 0.0005
[2026-06-26 22:06:37,507][finetune_logger][INFO] - Current learning rate: 0.0005
2026-06-26 22:10:45 - finetune_logger - INFO - Validation metrics: {'MAE': 2.7294666006905652, 'RMSE': 3.8676284543900206}
[2026-06-26 22:10:45,215][finetune_logger][INFO] - Validation metrics: {'MAE': 2.7294666006905652, 'RMSE': 3.8676284543900206}
2026-06-26 22:10:45 - finetune_logger - INFO - Val time: 247.71s
[2026-06-26 22:10:45,215][finetune_logger][INFO] - Val time: 247.71s
2026-06-26 22:10:45 - finetune_logger - INFO - Val memory reserved: 64.00 MB
[2026-06-26 22:10:45,215][finetune_logger][INFO] - Val memory reserved: 64.00 MB
2026-06-26 22:10:45 - finetune_logger - INFO - Val memory allocated: 22.80 MB
[2026-06-26 22:10:45,215][finetune_logger][INFO] - Val memory allocated: 22.80 MB
2026-06-26 22:10:45 - finetune_logger - INFO - Logged epoch 1 info to /public/home/202411094934/python_project/Spatio-Temporal-Library/time-series/2026-06-26/fedformer/pretrain10_finetune10/etth2/time-series/seed_0/training_log.json
[2026-06-26 22:10:45,221][finetune_logger][INFO] - Logged epoch 1 info to /public/home/202411094934/python_project/Spatio-Temporal-Library/time-series/2026-06-26/fedformer/pretrain10_finetune10/etth2/time-series/seed_0/training_log.json
2026-06-26 22:10:45 - finetune_logger - INFO - New best model! Val loss: 2.729467
[2026-06-26 22:10:45,221][finetune_logger][INFO] - New best model! Val loss: 2.729467
2026-06-26 22:14:54 - finetune_logger - INFO - Test metrics: {'MAE': 3.0146424667721687, 'RMSE': 4.395544716426299}
[2026-06-26 22:14:54,668][finetune_logger][INFO] - Test metrics: {'MAE': 3.0146424667721687, 'RMSE': 4.395544716426299}
2026-06-26 22:14:54 - finetune_logger - INFO - Test time: 249.39s
[2026-06-26 22:14:54,669][finetune_logger][INFO] - Test time: 249.39s
2026-06-26 22:14:54 - finetune_logger - INFO - Test memory reserved: 64.00 MB
[2026-06-26 22:14:54,669][finetune_logger][INFO] - Test memory reserved: 64.00 MB
2026-06-26 22:14:54 - finetune_logger - INFO - Test memory allocated: 22.80 MB
[2026-06-26 22:14:54,669][finetune_logger][INFO] - Test memory allocated: 22.80 MB
2026-06-26 22:14:54 - finetune_logger - INFO - Epoch 2/10
[2026-06-26 22:14:54,669][finetune_logger][INFO] - Epoch 2/10
2026-06-26 23:10:37 - finetune_logger - INFO - Train loss: 3.175313325573743
[2026-06-26 23:10:37,672][finetune_logger][INFO] - Train loss: 3.175313325573743
2026-06-26 23:10:37 - finetune_logger - INFO - Train time: 3343.0020558834076s
[2026-06-26 23:10:37,672][finetune_logger][INFO] - Train time: 3343.0020558834076s
2026-06-26 23:10:37 - finetune_logger - INFO - Train memory reserved: 64.00 MB
[2026-06-26 23:10:37,672][finetune_logger][INFO] - Train memory reserved: 64.00 MB
2026-06-26 23:10:37 - finetune_logger - INFO - Train memory allocated: 22.80 MB
[2026-06-26 23:10:37,673][finetune_logger][INFO] - Train memory allocated: 22.80 MB
2026-06-26 23:10:37 - finetune_logger - INFO - Current learning rate: 0.0005
[2026-06-26 23:10:37,673][finetune_logger][INFO] - Current learning rate: 0.0005
2026-06-26 23:14:48 - finetune_logger - INFO - Validation metrics: {'MAE': 2.75964282753353, 'RMSE': 3.920126176379975}
[2026-06-26 23:14:48,941][finetune_logger][INFO] - Validation metrics: {'MAE': 2.75964282753353, 'RMSE': 3.920126176379975}
2026-06-26 23:14:48 - finetune_logger - INFO - Val time: 251.27s
[2026-06-26 23:14:48,941][finetune_logger][INFO] - Val time: 251.27s
2026-06-26 23:14:48 - finetune_logger - INFO - Val memory reserved: 64.00 MB
[2026-06-26 23:14:48,941][finetune_logger][INFO] - Val memory reserved: 64.00 MB
2026-06-26 23:14:48 - finetune_logger - INFO - Val memory allocated: 22.80 MB
[2026-06-26 23:14:48,941][finetune_logger][INFO] - Val memory allocated: 22.80 MB
2026-06-26 23:14:48 - finetune_logger - INFO - Logged epoch 2 info to /public/home/202411094934/python_project/Spatio-Temporal-Library/time-series/2026-06-26/fedformer/pretrain10_finetune10/etth2/time-series/seed_0/training_log.json
[2026-06-26 23:14:48,944][finetune_logger][INFO] - Logged epoch 2 info to /public/home/202411094934/python_project/Spatio-Temporal-Library/time-series/2026-06-26/fedformer/pretrain10_finetune10/etth2/time-series/seed_0/training_log.json
2026-06-26 23:18:59 - finetune_logger - INFO - Test metrics: {'MAE': 3.013505795478811, 'RMSE': 4.410338688350844}
[2026-06-26 23:18:59,196][finetune_logger][INFO] - Test metrics: {'MAE': 3.013505795478811, 'RMSE': 4.410338688350844}
2026-06-26 23:18:59 - finetune_logger - INFO - Test time: 250.25s
[2026-06-26 23:18:59,197][finetune_logger][INFO] - Test time: 250.25s
2026-06-26 23:18:59 - finetune_logger - INFO - Test memory reserved: 64.00 MB
[2026-06-26 23:18:59,197][finetune_logger][INFO] - Test memory reserved: 64.00 MB
2026-06-26 23:18:59 - finetune_logger - INFO - Test memory allocated: 22.80 MB
[2026-06-26 23:18:59,197][finetune_logger][INFO] - Test memory allocated: 22.80 MB
2026-06-26 23:18:59 - finetune_logger - INFO - Epoch 3/10
[2026-06-26 23:18:59,197][finetune_logger][INFO] - Epoch 3/10
2026-06-27 00:14:41 - finetune_logger - INFO - Train loss: 3.0795928856554404
[2026-06-27 00:14:41,751][finetune_logger][INFO] - Train loss: 3.0795928856554404
2026-06-27 00:14:41 - finetune_logger - INFO - Train time: 3342.5523958206177s
[2026-06-27 00:14:41,751][finetune_logger][INFO] - Train time: 3342.5523958206177s
2026-06-27 00:14:41 - finetune_logger - INFO - Train memory reserved: 64.00 MB
[2026-06-27 00:14:41,751][finetune_logger][INFO] - Train memory reserved: 64.00 MB
2026-06-27 00:14:41 - finetune_logger - INFO - Train memory allocated: 22.80 MB
[2026-06-27 00:14:41,752][finetune_logger][INFO] - Train memory allocated: 22.80 MB
2026-06-27 00:14:41 - finetune_logger - INFO - Current learning rate: 0.0005
[2026-06-27 00:14:41,752][finetune_logger][INFO] - Current learning rate: 0.0005
2026-06-27 00:18:50 - finetune_logger - INFO - Validation metrics: {'MAE': 2.7842987394332797, 'RMSE': 3.9373749168940955}
[2026-06-27 00:18:50,930][finetune_logger][INFO] - Validation metrics: {'MAE': 2.7842987394332797, 'RMSE': 3.9373749168940955}
2026-06-27 00:18:50 - finetune_logger - INFO - Val time: 249.18s
[2026-06-27 00:18:50,930][finetune_logger][INFO] - Val time: 249.18s
2026-06-27 00:18:50 - finetune_logger - INFO - Val memory reserved: 64.00 MB
[2026-06-27 00:18:50,930][finetune_logger][INFO] - Val memory reserved: 64.00 MB
2026-06-27 00:18:50 - finetune_logger - INFO - Val memory allocated: 22.80 MB
[2026-06-27 00:18:50,930][finetune_logger][INFO] - Val memory allocated: 22.80 MB
2026-06-27 00:18:50 - finetune_logger - INFO - Logged epoch 3 info to /public/home/202411094934/python_project/Spatio-Temporal-Library/time-series/2026-06-26/fedformer/pretrain10_finetune10/etth2/time-series/seed_0/training_log.json
[2026-06-27 00:18:50,934][finetune_logger][INFO] - Logged epoch 3 info to /public/home/202411094934/python_project/Spatio-Temporal-Library/time-series/2026-06-26/fedformer/pretrain10_finetune10/etth2/time-series/seed_0/training_log.json
2026-06-27 00:23:00 - finetune_logger - INFO - Test metrics: {'MAE': 3.1461818171909908, 'RMSE': 4.554322778156823}
[2026-06-27 00:23:00,872][finetune_logger][INFO] - Test metrics: {'MAE': 3.1461818171909908, 'RMSE': 4.554322778156823}
2026-06-27 00:23:00 - finetune_logger - INFO - Test time: 249.94s
[2026-06-27 00:23:00,872][finetune_logger][INFO] - Test time: 249.94s
2026-06-27 00:23:00 - finetune_logger - INFO - Test memory reserved: 64.00 MB
[2026-06-27 00:23:00,873][finetune_logger][INFO] - Test memory reserved: 64.00 MB
2026-06-27 00:23:00 - finetune_logger - INFO - Test memory allocated: 22.80 MB
[2026-06-27 00:23:00,873][finetune_logger][INFO] - Test memory allocated: 22.80 MB
2026-06-27 00:23:00 - finetune_logger - INFO - Epoch 4/10
[2026-06-27 00:23:00,873][finetune_logger][INFO] - Epoch 4/10
2026-06-27 01:18:34 - finetune_logger - INFO - Train loss: 2.988550065895879
[2026-06-27 01:18:34,123][finetune_logger][INFO] - Train loss: 2.988550065895879
2026-06-27 01:18:34 - finetune_logger - INFO - Train time: 3333.2480647563934s
[2026-06-27 01:18:34,123][finetune_logger][INFO] - Train time: 3333.2480647563934s
2026-06-27 01:18:34 - finetune_logger - INFO - Train memory reserved: 64.00 MB
[2026-06-27 01:18:34,123][finetune_logger][INFO] - Train memory reserved: 64.00 MB
2026-06-27 01:18:34 - finetune_logger - INFO - Train memory allocated: 22.80 MB
[2026-06-27 01:18:34,124][finetune_logger][INFO] - Train memory allocated: 22.80 MB
2026-06-27 01:18:34 - finetune_logger - INFO - Current learning rate: 0.0005
[2026-06-27 01:18:34,124][finetune_logger][INFO] - Current learning rate: 0.0005
2026-06-27 01:22:43 - finetune_logger - INFO - Validation metrics: {'MAE': 2.8528780679702583, 'RMSE': 3.997308936891102}
[2026-06-27 01:22:43,523][finetune_logger][INFO] - Validation metrics: {'MAE': 2.8528780679702583, 'RMSE': 3.997308936891102}
2026-06-27 01:22:43 - finetune_logger - INFO - Val time: 249.40s
[2026-06-27 01:22:43,524][finetune_logger][INFO] - Val time: 249.40s
2026-06-27 01:22:43 - finetune_logger - INFO - Val memory reserved: 64.00 MB
[2026-06-27 01:22:43,524][finetune_logger][INFO] - Val memory reserved: 64.00 MB
2026-06-27 01:22:43 - finetune_logger - INFO - Val memory allocated: 22.80 MB
[2026-06-27 01:22:43,524][finetune_logger][INFO] - Val memory allocated: 22.80 MB
2026-06-27 01:22:43 - finetune_logger - INFO - Logged epoch 4 info to /public/home/202411094934/python_project/Spatio-Temporal-Library/time-series/2026-06-26/fedformer/pretrain10_finetune10/etth2/time-series/seed_0/training_log.json
[2026-06-27 01:22:43,527][finetune_logger][INFO] - Logged epoch 4 info to /public/home/202411094934/python_project/Spatio-Temporal-Library/time-series/2026-06-26/fedformer/pretrain10_finetune10/etth2/time-series/seed_0/training_log.json
2026-06-27 01:26:53 - finetune_logger - INFO - Test metrics: {'MAE': 3.1303596337182165, 'RMSE': 4.522094863619129}
[2026-06-27 01:26:53,935][finetune_logger][INFO] - Test metrics: {'MAE': 3.1303596337182165, 'RMSE': 4.522094863619129}
2026-06-27 01:26:53 - finetune_logger - INFO - Test time: 250.41s
[2026-06-27 01:26:53,935][finetune_logger][INFO] - Test time: 250.41s
2026-06-27 01:26:53 - finetune_logger - INFO - Test memory reserved: 64.00 MB
[2026-06-27 01:26:53,935][finetune_logger][INFO] - Test memory reserved: 64.00 MB
2026-06-27 01:26:53 - finetune_logger - INFO - Test memory allocated: 22.80 MB
[2026-06-27 01:26:53,935][finetune_logger][INFO] - Test memory allocated: 22.80 MB
2026-06-27 01:26:53 - finetune_logger - INFO - Epoch 5/10
[2026-06-27 01:26:53,936][finetune_logger][INFO] - Epoch 5/10
2026-06-27 02:22:36 - finetune_logger - INFO - Train loss: 2.925871843529629
[2026-06-27 02:22:36,966][finetune_logger][INFO] - Train loss: 2.925871843529629
2026-06-27 02:22:36 - finetune_logger - INFO - Train time: 3343.029267311096s
[2026-06-27 02:22:36,966][finetune_logger][INFO] - Train time: 3343.029267311096s
2026-06-27 02:22:36 - finetune_logger - INFO - Train memory reserved: 64.00 MB
[2026-06-27 02:22:36,967][finetune_logger][INFO] - Train memory reserved: 64.00 MB
2026-06-27 02:22:36 - finetune_logger - INFO - Train memory allocated: 22.80 MB
[2026-06-27 02:22:36,967][finetune_logger][INFO] - Train memory allocated: 22.80 MB
2026-06-27 02:22:36 - finetune_logger - INFO - Current learning rate: 0.0005
[2026-06-27 02:22:36,967][finetune_logger][INFO] - Current learning rate: 0.0005
2026-06-27 02:26:47 - finetune_logger - INFO - Validation metrics: {'MAE': 2.852686585925874, 'RMSE': 4.0068611056918115}
[2026-06-27 02:26:47,658][finetune_logger][INFO] - Validation metrics: {'MAE': 2.852686585925874, 'RMSE': 4.0068611056918115}
2026-06-27 02:26:47 - finetune_logger - INFO - Val time: 250.69s
[2026-06-27 02:26:47,658][finetune_logger][INFO] - Val time: 250.69s
2026-06-27 02:26:47 - finetune_logger - INFO - Val memory reserved: 64.00 MB
[2026-06-27 02:26:47,658][finetune_logger][INFO] - Val memory reserved: 64.00 MB
2026-06-27 02:26:47 - finetune_logger - INFO - Val memory allocated: 22.80 MB
[2026-06-27 02:26:47,658][finetune_logger][INFO] - Val memory allocated: 22.80 MB
2026-06-27 02:26:47 - finetune_logger - INFO - Logged epoch 5 info to /public/home/202411094934/python_project/Spatio-Temporal-Library/time-series/2026-06-26/fedformer/pretrain10_finetune10/etth2/time-series/seed_0/training_log.json
[2026-06-27 02:26:47,661][finetune_logger][INFO] - Logged epoch 5 info to /public/home/202411094934/python_project/Spatio-Temporal-Library/time-series/2026-06-26/fedformer/pretrain10_finetune10/etth2/time-series/seed_0/training_log.json
2026-06-27 02:30:57 - finetune_logger - INFO - Test metrics: {'MAE': 3.217668605123247, 'RMSE': 4.595910489536464}
[2026-06-27 02:30:57,508][finetune_logger][INFO] - Test metrics: {'MAE': 3.217668605123247, 'RMSE': 4.595910489536464}
2026-06-27 02:30:57 - finetune_logger - INFO - Test time: 249.85s
[2026-06-27 02:30:57,509][finetune_logger][INFO] - Test time: 249.85s
2026-06-27 02:30:57 - finetune_logger - INFO - Test memory reserved: 64.00 MB
[2026-06-27 02:30:57,509][finetune_logger][INFO] - Test memory reserved: 64.00 MB
2026-06-27 02:30:57 - finetune_logger - INFO - Test memory allocated: 22.80 MB
[2026-06-27 02:30:57,509][finetune_logger][INFO] - Test memory allocated: 22.80 MB
2026-06-27 02:30:57 - finetune_logger - INFO - Epoch 6/10
[2026-06-27 02:30:57,509][finetune_logger][INFO] - Epoch 6/10
2026-06-27 03:26:39 - finetune_logger - INFO - Train loss: 2.886961767683444
[2026-06-27 03:26:39,035][finetune_logger][INFO] - Train loss: 2.886961767683444
2026-06-27 03:26:39 - finetune_logger - INFO - Train time: 3341.524867296219s
[2026-06-27 03:26:39,036][finetune_logger][INFO] - Train time: 3341.524867296219s
2026-06-27 03:26:39 - finetune_logger - INFO - Train memory reserved: 64.00 MB
[2026-06-27 03:26:39,036][finetune_logger][INFO] - Train memory reserved: 64.00 MB
2026-06-27 03:26:39 - finetune_logger - INFO - Train memory allocated: 22.80 MB
[2026-06-27 03:26:39,036][finetune_logger][INFO] - Train memory allocated: 22.80 MB
2026-06-27 03:26:39 - finetune_logger - INFO - Current learning rate: 0.0005
[2026-06-27 03:26:39,036][finetune_logger][INFO] - Current learning rate: 0.0005
2026-06-27 03:30:48 - finetune_logger - INFO - Validation metrics: {'MAE': 2.862357844034827, 'RMSE': 4.006337681179945}
[2026-06-27 03:30:48,376][finetune_logger][INFO] - Validation metrics: {'MAE': 2.862357844034827, 'RMSE': 4.006337681179945}
2026-06-27 03:30:48 - finetune_logger - INFO - Val time: 249.34s
[2026-06-27 03:30:48,376][finetune_logger][INFO] - Val time: 249.34s
2026-06-27 03:30:48 - finetune_logger - INFO - Val memory reserved: 64.00 MB
[2026-06-27 03:30:48,377][finetune_logger][INFO] - Val memory reserved: 64.00 MB
2026-06-27 03:30:48 - finetune_logger - INFO - Val memory allocated: 22.80 MB
[2026-06-27 03:30:48,377][finetune_logger][INFO] - Val memory allocated: 22.80 MB
2026-06-27 03:30:48 - finetune_logger - INFO - Logged epoch 6 info to /public/home/202411094934/python_project/Spatio-Temporal-Library/time-series/2026-06-26/fedformer/pretrain10_finetune10/etth2/time-series/seed_0/training_log.json
[2026-06-27 03:30:48,380][finetune_logger][INFO] - Logged epoch 6 info to /public/home/202411094934/python_project/Spatio-Temporal-Library/time-series/2026-06-26/fedformer/pretrain10_finetune10/etth2/time-series/seed_0/training_log.json
2026-06-27 03:34:57 - finetune_logger - INFO - Test metrics: {'MAE': 3.3297481661296966, 'RMSE': 4.736943850789739}
[2026-06-27 03:34:57,962][finetune_logger][INFO] - Test metrics: {'MAE': 3.3297481661296966, 'RMSE': 4.736943850789739}
2026-06-27 03:34:57 - finetune_logger - INFO - Test time: 249.58s
[2026-06-27 03:34:57,962][finetune_logger][INFO] - Test time: 249.58s
2026-06-27 03:34:57 - finetune_logger - INFO - Test memory reserved: 64.00 MB
[2026-06-27 03:34:57,962][finetune_logger][INFO] - Test memory reserved: 64.00 MB
2026-06-27 03:34:57 - finetune_logger - INFO - Test memory allocated: 22.80 MB
[2026-06-27 03:34:57,962][finetune_logger][INFO] - Test memory allocated: 22.80 MB
2026-06-27 03:34:57 - finetune_logger - INFO - Epoch 7/10
[2026-06-27 03:34:57,963][finetune_logger][INFO] - Epoch 7/10
2026-06-27 04:30:40 - finetune_logger - INFO - Train loss: 2.8509833116366385
[2026-06-27 04:30:40,541][finetune_logger][INFO] - Train loss: 2.8509833116366385
2026-06-27 04:30:40 - finetune_logger - INFO - Train time: 3342.5777423381805s
[2026-06-27 04:30:40,541][finetune_logger][INFO] - Train time: 3342.5777423381805s
2026-06-27 04:30:40 - finetune_logger - INFO - Train memory reserved: 64.00 MB
[2026-06-27 04:30:40,541][finetune_logger][INFO] - Train memory reserved: 64.00 MB
2026-06-27 04:30:40 - finetune_logger - INFO - Train memory allocated: 22.80 MB
[2026-06-27 04:30:40,542][finetune_logger][INFO] - Train memory allocated: 22.80 MB
2026-06-27 04:30:40 - finetune_logger - INFO - Current learning rate: 0.0005
[2026-06-27 04:30:40,542][finetune_logger][INFO] - Current learning rate: 0.0005
2026-06-27 04:34:50 - finetune_logger - INFO - Validation metrics: {'MAE': 2.988733530180795, 'RMSE': 4.185437486921046}
[2026-06-27 04:34:50,225][finetune_logger][INFO] - Validation metrics: {'MAE': 2.988733530180795, 'RMSE': 4.185437486921046}
2026-06-27 04:34:50 - finetune_logger - INFO - Val time: 249.68s
[2026-06-27 04:34:50,225][finetune_logger][INFO] - Val time: 249.68s
2026-06-27 04:34:50 - finetune_logger - INFO - Val memory reserved: 64.00 MB
[2026-06-27 04:34:50,225][finetune_logger][INFO] - Val memory reserved: 64.00 MB
2026-06-27 04:34:50 - finetune_logger - INFO - Val memory allocated: 22.80 MB
[2026-06-27 04:34:50,225][finetune_logger][INFO] - Val memory allocated: 22.80 MB
2026-06-27 04:34:50 - finetune_logger - INFO - Logged epoch 7 info to /public/home/202411094934/python_project/Spatio-Temporal-Library/time-series/2026-06-26/fedformer/pretrain10_finetune10/etth2/time-series/seed_0/training_log.json
[2026-06-27 04:34:50,228][finetune_logger][INFO] - Logged epoch 7 info to /public/home/202411094934/python_project/Spatio-Temporal-Library/time-series/2026-06-26/fedformer/pretrain10_finetune10/etth2/time-series/seed_0/training_log.json
2026-06-27 04:38:59 - finetune_logger - INFO - Test metrics: {'MAE': 3.2107113252821384, 'RMSE': 4.6067257526034195}
[2026-06-27 04:38:59,362][finetune_logger][INFO] - Test metrics: {'MAE': 3.2107113252821384, 'RMSE': 4.6067257526034195}
2026-06-27 04:38:59 - finetune_logger - INFO - Test time: 249.13s
[2026-06-27 04:38:59,363][finetune_logger][INFO] - Test time: 249.13s
2026-06-27 04:38:59 - finetune_logger - INFO - Test memory reserved: 64.00 MB
[2026-06-27 04:38:59,363][finetune_logger][INFO] - Test memory reserved: 64.00 MB
2026-06-27 04:38:59 - finetune_logger - INFO - Test memory allocated: 22.80 MB
[2026-06-27 04:38:59,363][finetune_logger][INFO] - Test memory allocated: 22.80 MB
2026-06-27 04:38:59 - finetune_logger - INFO - Epoch 8/10
[2026-06-27 04:38:59,363][finetune_logger][INFO] - Epoch 8/10
2026-06-27 05:34:30 - finetune_logger - INFO - Train loss: 2.827946008367765
[2026-06-27 05:34:30,280][finetune_logger][INFO] - Train loss: 2.827946008367765
2026-06-27 05:34:30 - finetune_logger - INFO - Train time: 3330.915549993515s
[2026-06-27 05:34:30,281][finetune_logger][INFO] - Train time: 3330.915549993515s
2026-06-27 05:34:30 - finetune_logger - INFO - Train memory reserved: 64.00 MB
[2026-06-27 05:34:30,281][finetune_logger][INFO] - Train memory reserved: 64.00 MB
2026-06-27 05:34:30 - finetune_logger - INFO - Train memory allocated: 22.80 MB
[2026-06-27 05:34:30,281][finetune_logger][INFO] - Train memory allocated: 22.80 MB
2026-06-27 05:34:30 - finetune_logger - INFO - Current learning rate: 0.0005
[2026-06-27 05:34:30,281][finetune_logger][INFO] - Current learning rate: 0.0005
2026-06-27 05:38:39 - finetune_logger - INFO - Validation metrics: {'MAE': 2.920902513549441, 'RMSE': 4.09226310911632}
[2026-06-27 05:38:39,909][finetune_logger][INFO] - Validation metrics: {'MAE': 2.920902513549441, 'RMSE': 4.09226310911632}
2026-06-27 05:38:39 - finetune_logger - INFO - Val time: 249.63s
[2026-06-27 05:38:39,909][finetune_logger][INFO] - Val time: 249.63s
2026-06-27 05:38:39 - finetune_logger - INFO - Val memory reserved: 64.00 MB
[2026-06-27 05:38:39,909][finetune_logger][INFO] - Val memory reserved: 64.00 MB
2026-06-27 05:38:39 - finetune_logger - INFO - Val memory allocated: 22.80 MB
[2026-06-27 05:38:39,909][finetune_logger][INFO] - Val memory allocated: 22.80 MB
2026-06-27 05:38:39 - finetune_logger - INFO - Logged epoch 8 info to /public/home/202411094934/python_project/Spatio-Temporal-Library/time-series/2026-06-26/fedformer/pretrain10_finetune10/etth2/time-series/seed_0/training_log.json
[2026-06-27 05:38:39,912][finetune_logger][INFO] - Logged epoch 8 info to /public/home/202411094934/python_project/Spatio-Temporal-Library/time-series/2026-06-26/fedformer/pretrain10_finetune10/etth2/time-series/seed_0/training_log.json
2026-06-27 05:42:49 - finetune_logger - INFO - Test metrics: {'MAE': 3.2765514660335695, 'RMSE': 4.687335056350329}
[2026-06-27 05:42:49,945][finetune_logger][INFO] - Test metrics: {'MAE': 3.2765514660335695, 'RMSE': 4.687335056350329}
2026-06-27 05:42:49 - finetune_logger - INFO - Test time: 250.03s
[2026-06-27 05:42:49,945][finetune_logger][INFO] - Test time: 250.03s
2026-06-27 05:42:49 - finetune_logger - INFO - Test memory reserved: 64.00 MB
[2026-06-27 05:42:49,945][finetune_logger][INFO] - Test memory reserved: 64.00 MB
2026-06-27 05:42:49 - finetune_logger - INFO - Test memory allocated: 22.80 MB
[2026-06-27 05:42:49,945][finetune_logger][INFO] - Test memory allocated: 22.80 MB
2026-06-27 05:42:49 - finetune_logger - INFO - Epoch 9/10
[2026-06-27 05:42:49,946][finetune_logger][INFO] - Epoch 9/10
2026-06-27 06:38:33 - finetune_logger - INFO - Train loss: 2.806788099729099
[2026-06-27 06:38:33,442][finetune_logger][INFO] - Train loss: 2.806788099729099
2026-06-27 06:38:33 - finetune_logger - INFO - Train time: 3343.495329141617s
[2026-06-27 06:38:33,442][finetune_logger][INFO] - Train time: 3343.495329141617s
2026-06-27 06:38:33 - finetune_logger - INFO - Train memory reserved: 64.00 MB
[2026-06-27 06:38:33,442][finetune_logger][INFO] - Train memory reserved: 64.00 MB
2026-06-27 06:38:33 - finetune_logger - INFO - Train memory allocated: 22.80 MB
[2026-06-27 06:38:33,442][finetune_logger][INFO] - Train memory allocated: 22.80 MB
2026-06-27 06:38:33 - finetune_logger - INFO - Current learning rate: 0.0005
[2026-06-27 06:38:33,442][finetune_logger][INFO] - Current learning rate: 0.0005
2026-06-27 06:42:43 - finetune_logger - INFO - Validation metrics: {'MAE': 3.0245223674319974, 'RMSE': 4.231386634917474}
[2026-06-27 06:42:43,131][finetune_logger][INFO] - Validation metrics: {'MAE': 3.0245223674319974, 'RMSE': 4.231386634917474}
2026-06-27 06:42:43 - finetune_logger - INFO - Val time: 249.69s
[2026-06-27 06:42:43,131][finetune_logger][INFO] - Val time: 249.69s
2026-06-27 06:42:43 - finetune_logger - INFO - Val memory reserved: 64.00 MB
[2026-06-27 06:42:43,131][finetune_logger][INFO] - Val memory reserved: 64.00 MB
2026-06-27 06:42:43 - finetune_logger - INFO - Val memory allocated: 22.80 MB
[2026-06-27 06:42:43,131][finetune_logger][INFO] - Val memory allocated: 22.80 MB
2026-06-27 06:42:43 - finetune_logger - INFO - Logged epoch 9 info to /public/home/202411094934/python_project/Spatio-Temporal-Library/time-series/2026-06-26/fedformer/pretrain10_finetune10/etth2/time-series/seed_0/training_log.json
[2026-06-27 06:42:43,136][finetune_logger][INFO] - Logged epoch 9 info to /public/home/202411094934/python_project/Spatio-Temporal-Library/time-series/2026-06-26/fedformer/pretrain10_finetune10/etth2/time-series/seed_0/training_log.json
2026-06-27 06:46:52 - finetune_logger - INFO - Test metrics: {'MAE': 3.228638855797908, 'RMSE': 4.654238462811411}
[2026-06-27 06:46:52,877][finetune_logger][INFO] - Test metrics: {'MAE': 3.228638855797908, 'RMSE': 4.654238462811411}
2026-06-27 06:46:52 - finetune_logger - INFO - Test time: 249.74s
[2026-06-27 06:46:52,877][finetune_logger][INFO] - Test time: 249.74s
2026-06-27 06:46:52 - finetune_logger - INFO - Test memory reserved: 64.00 MB
[2026-06-27 06:46:52,877][finetune_logger][INFO] - Test memory reserved: 64.00 MB
2026-06-27 06:46:52 - finetune_logger - INFO - Test memory allocated: 22.80 MB
[2026-06-27 06:46:52,877][finetune_logger][INFO] - Test memory allocated: 22.80 MB
2026-06-27 06:46:52 - finetune_logger - INFO - Epoch 10/10
[2026-06-27 06:46:52,877][finetune_logger][INFO] - Epoch 10/10
2026-06-27 07:42:35 - finetune_logger - INFO - Train loss: 2.78759703094503
[2026-06-27 07:42:35,965][finetune_logger][INFO] - Train loss: 2.78759703094503
2026-06-27 07:42:35 - finetune_logger - INFO - Train time: 3343.0866322517395s
[2026-06-27 07:42:35,965][finetune_logger][INFO] - Train time: 3343.0866322517395s
2026-06-27 07:42:35 - finetune_logger - INFO - Train memory reserved: 64.00 MB
[2026-06-27 07:42:35,965][finetune_logger][INFO] - Train memory reserved: 64.00 MB
2026-06-27 07:42:35 - finetune_logger - INFO - Train memory allocated: 22.80 MB
[2026-06-27 07:42:35,966][finetune_logger][INFO] - Train memory allocated: 22.80 MB
2026-06-27 07:42:35 - finetune_logger - INFO - Current learning rate: 0.0005
[2026-06-27 07:42:35,966][finetune_logger][INFO] - Current learning rate: 0.0005
2026-06-27 07:46:45 - finetune_logger - INFO - Validation metrics: {'MAE': 2.942508241880491, 'RMSE': 4.09905783689589}
[2026-06-27 07:46:45,710][finetune_logger][INFO] - Validation metrics: {'MAE': 2.942508241880491, 'RMSE': 4.09905783689589}
2026-06-27 07:46:45 - finetune_logger - INFO - Val time: 249.74s
[2026-06-27 07:46:45,711][finetune_logger][INFO] - Val time: 249.74s
2026-06-27 07:46:45 - finetune_logger - INFO - Val memory reserved: 64.00 MB
[2026-06-27 07:46:45,711][finetune_logger][INFO] - Val memory reserved: 64.00 MB
2026-06-27 07:46:45 - finetune_logger - INFO - Val memory allocated: 22.80 MB
[2026-06-27 07:46:45,711][finetune_logger][INFO] - Val memory allocated: 22.80 MB
2026-06-27 07:46:45 - finetune_logger - INFO - Logged epoch 10 info to /public/home/202411094934/python_project/Spatio-Temporal-Library/time-series/2026-06-26/fedformer/pretrain10_finetune10/etth2/time-series/seed_0/training_log.json
[2026-06-27 07:46:45,714][finetune_logger][INFO] - Logged epoch 10 info to /public/home/202411094934/python_project/Spatio-Temporal-Library/time-series/2026-06-26/fedformer/pretrain10_finetune10/etth2/time-series/seed_0/training_log.json
2026-06-27 07:50:55 - finetune_logger - INFO - Test metrics: {'MAE': 3.299944001379466, 'RMSE': 4.697043181328533}
[2026-06-27 07:50:55,757][finetune_logger][INFO] - Test metrics: {'MAE': 3.299944001379466, 'RMSE': 4.697043181328533}
2026-06-27 07:50:55 - finetune_logger - INFO - Test time: 250.01s
[2026-06-27 07:50:55,757][finetune_logger][INFO] - Test time: 250.01s
2026-06-27 07:50:55 - finetune_logger - INFO - Test memory reserved: 64.00 MB
[2026-06-27 07:50:55,757][finetune_logger][INFO] - Test memory reserved: 64.00 MB
2026-06-27 07:50:55 - finetune_logger - INFO - Test memory allocated: 22.80 MB
[2026-06-27 07:50:55,757][finetune_logger][INFO] - Test memory allocated: 22.80 MB
2026-06-27 07:50:55 - finetune_logger - INFO - Training completed. Best epoch: 1, Best val loss: 2.729467
[2026-06-27 07:50:55,757][finetune_logger][INFO] - Training completed. Best epoch: 1, Best val loss: 2.729467
2026-06-27 07:50:55 - finetune_logger - INFO - Loaded checkpoint from epoch 1
[2026-06-27 07:50:55,795][finetune_logger][INFO] - Loaded checkpoint from epoch 1
2026-06-27 07:50:55 - finetune_logger - INFO - Evaluating best model on test sets...
[2026-06-27 07:50:55,796][finetune_logger][INFO] - Evaluating best model on test sets...
2026-06-27 07:55:05 - finetune_logger - INFO - Test metrics: {'MAE': 3.0146424667721687, 'RMSE': 4.395544716426299}
[2026-06-27 07:55:05,142][finetune_logger][INFO] - Test metrics: {'MAE': 3.0146424667721687, 'RMSE': 4.395544716426299}
2026-06-27 07:55:05 - finetune_logger - INFO - Test time: 249.35s
[2026-06-27 07:55:05,142][finetune_logger][INFO] - Test time: 249.35s
2026-06-27 07:55:05 - finetune_logger - INFO - Test memory reserved: 84.00 MB
[2026-06-27 07:55:05,143][finetune_logger][INFO] - Test memory reserved: 84.00 MB
2026-06-27 07:55:05 - finetune_logger - INFO - Test memory allocated: 22.83 MB
[2026-06-27 07:55:05,143][finetune_logger][INFO] - Test memory allocated: 22.83 MB
2026-06-27 07:55:05 - finetune_logger - INFO - Logged epoch test info to /public/home/202411094934/python_project/Spatio-Temporal-Library/time-series/2026-06-26/fedformer/pretrain10_finetune10/etth2/time-series/seed_0/training_log.json
[2026-06-27 07:55:05,146][finetune_logger][INFO] - Logged epoch test info to /public/home/202411094934/python_project/Spatio-Temporal-Library/time-series/2026-06-26/fedformer/pretrain10_finetune10/etth2/time-series/seed_0/training_log.json
