2026-06-19 01:11:50 - finetune_logger - INFO - Loaded pretrained checkpoint from: /public/home/202411094934/python_project/Spatio-Temporal-Library/time-series/2026-06-19/patchtst/pretrain10/etth1/time-series/seed_0/jepa_pretrain_epoch_10.pth
Missing keys: []
Unexpected keys: []
[2026-06-19 01:11:50,547][finetune_logger][INFO] - Loaded pretrained checkpoint from: /public/home/202411094934/python_project/Spatio-Temporal-Library/time-series/2026-06-19/patchtst/pretrain10/etth1/time-series/seed_0/jepa_pretrain_epoch_10.pth
Missing keys: []
Unexpected keys: []
2026-06-19 01:11:50 - finetune_logger - INFO - Model parameters: 651,842
[2026-06-19 01:11:50,550][finetune_logger][INFO] - Model parameters: 651,842
2026-06-19 01:11:50 - finetune_logger - INFO - Created new log file at /public/home/202411094934/python_project/Spatio-Temporal-Library/time-series/2026-06-19/patchtst/pretrain10_finetune10/etth1/time-series/seed_0/training_log.json
[2026-06-19 01:11:50,553][finetune_logger][INFO] - Created new log file at /public/home/202411094934/python_project/Spatio-Temporal-Library/time-series/2026-06-19/patchtst/pretrain10_finetune10/etth1/time-series/seed_0/training_log.json
2026-06-19 01:11:50 - finetune_logger - INFO - Starting training...
[2026-06-19 01:11:50,553][finetune_logger][INFO] - Starting training...
2026-06-19 01:11:50 - finetune_logger - INFO - Epoch 1/10
[2026-06-19 01:11:50,553][finetune_logger][INFO] - Epoch 1/10
2026-06-19 01:13:40 - finetune_logger - INFO - Train loss: 1.4733896630821117
[2026-06-19 01:13:40,278][finetune_logger][INFO] - Train loss: 1.4733896630821117
2026-06-19 01:13:40 - finetune_logger - INFO - Train time: 109.72397994995117s
[2026-06-19 01:13:40,278][finetune_logger][INFO] - Train time: 109.72397994995117s
2026-06-19 01:13:40 - finetune_logger - INFO - Train memory reserved: 34.00 MB
[2026-06-19 01:13:40,278][finetune_logger][INFO] - Train memory reserved: 34.00 MB
2026-06-19 01:13:40 - finetune_logger - INFO - Train memory allocated: 23.73 MB
[2026-06-19 01:13:40,278][finetune_logger][INFO] - Train memory allocated: 23.73 MB
2026-06-19 01:13:40 - finetune_logger - INFO - Current learning rate: 0.0005
[2026-06-19 01:13:40,278][finetune_logger][INFO] - Current learning rate: 0.0005
2026-06-19 01:13:56 - finetune_logger - INFO - Validation metrics: {'MAE': 2.0468554847353957, 'RMSE': 3.213999860990613}
[2026-06-19 01:13:56,033][finetune_logger][INFO] - Validation metrics: {'MAE': 2.0468554847353957, 'RMSE': 3.213999860990613}
2026-06-19 01:13:56 - finetune_logger - INFO - Val time: 15.75s
[2026-06-19 01:13:56,033][finetune_logger][INFO] - Val time: 15.75s
2026-06-19 01:13:56 - finetune_logger - INFO - Val memory reserved: 34.00 MB
[2026-06-19 01:13:56,033][finetune_logger][INFO] - Val memory reserved: 34.00 MB
2026-06-19 01:13:56 - finetune_logger - INFO - Val memory allocated: 23.73 MB
[2026-06-19 01:13:56,033][finetune_logger][INFO] - Val memory allocated: 23.73 MB
2026-06-19 01:13:56 - finetune_logger - INFO - Logged epoch 1 info to /public/home/202411094934/python_project/Spatio-Temporal-Library/time-series/2026-06-19/patchtst/pretrain10_finetune10/etth1/time-series/seed_0/training_log.json
[2026-06-19 01:13:56,037][finetune_logger][INFO] - Logged epoch 1 info to /public/home/202411094934/python_project/Spatio-Temporal-Library/time-series/2026-06-19/patchtst/pretrain10_finetune10/etth1/time-series/seed_0/training_log.json
2026-06-19 01:13:56 - finetune_logger - INFO - New best model! Val loss: 2.046855
[2026-06-19 01:13:56,037][finetune_logger][INFO] - New best model! Val loss: 2.046855
2026-06-19 01:14:11 - finetune_logger - INFO - Test metrics: {'MAE': 1.7611086251395087, 'RMSE': 3.375835049538382}
[2026-06-19 01:14:11,876][finetune_logger][INFO] - Test metrics: {'MAE': 1.7611086251395087, 'RMSE': 3.375835049538382}
2026-06-19 01:14:11 - finetune_logger - INFO - Test time: 15.79s
[2026-06-19 01:14:11,876][finetune_logger][INFO] - Test time: 15.79s
2026-06-19 01:14:11 - finetune_logger - INFO - Test memory reserved: 34.00 MB
[2026-06-19 01:14:11,876][finetune_logger][INFO] - Test memory reserved: 34.00 MB
2026-06-19 01:14:11 - finetune_logger - INFO - Test memory allocated: 23.73 MB
[2026-06-19 01:14:11,876][finetune_logger][INFO] - Test memory allocated: 23.73 MB
2026-06-19 01:14:11 - finetune_logger - INFO - Epoch 2/10
[2026-06-19 01:14:11,876][finetune_logger][INFO] - Epoch 2/10
2026-06-19 01:16:01 - finetune_logger - INFO - Train loss: 1.3776175541684423
[2026-06-19 01:16:01,618][finetune_logger][INFO] - Train loss: 1.3776175541684423
2026-06-19 01:16:01 - finetune_logger - INFO - Train time: 109.74163317680359s
[2026-06-19 01:16:01,619][finetune_logger][INFO] - Train time: 109.74163317680359s
2026-06-19 01:16:01 - finetune_logger - INFO - Train memory reserved: 34.00 MB
[2026-06-19 01:16:01,619][finetune_logger][INFO] - Train memory reserved: 34.00 MB
2026-06-19 01:16:01 - finetune_logger - INFO - Train memory allocated: 23.73 MB
[2026-06-19 01:16:01,619][finetune_logger][INFO] - Train memory allocated: 23.73 MB
2026-06-19 01:16:01 - finetune_logger - INFO - Current learning rate: 0.0005
[2026-06-19 01:16:01,619][finetune_logger][INFO] - Current learning rate: 0.0005
2026-06-19 01:16:17 - finetune_logger - INFO - Validation metrics: {'MAE': 1.9862748941921087, 'RMSE': 3.089341840062809}
[2026-06-19 01:16:17,381][finetune_logger][INFO] - Validation metrics: {'MAE': 1.9862748941921087, 'RMSE': 3.089341840062809}
2026-06-19 01:16:17 - finetune_logger - INFO - Val time: 15.76s
[2026-06-19 01:16:17,381][finetune_logger][INFO] - Val time: 15.76s
2026-06-19 01:16:17 - finetune_logger - INFO - Val memory reserved: 34.00 MB
[2026-06-19 01:16:17,381][finetune_logger][INFO] - Val memory reserved: 34.00 MB
2026-06-19 01:16:17 - finetune_logger - INFO - Val memory allocated: 23.73 MB
[2026-06-19 01:16:17,382][finetune_logger][INFO] - Val memory allocated: 23.73 MB
2026-06-19 01:16:17 - finetune_logger - INFO - Logged epoch 2 info to /public/home/202411094934/python_project/Spatio-Temporal-Library/time-series/2026-06-19/patchtst/pretrain10_finetune10/etth1/time-series/seed_0/training_log.json
[2026-06-19 01:16:17,385][finetune_logger][INFO] - Logged epoch 2 info to /public/home/202411094934/python_project/Spatio-Temporal-Library/time-series/2026-06-19/patchtst/pretrain10_finetune10/etth1/time-series/seed_0/training_log.json
2026-06-19 01:16:17 - finetune_logger - INFO - New best model! Val loss: 1.986275
[2026-06-19 01:16:17,385][finetune_logger][INFO] - New best model! Val loss: 1.986275
2026-06-19 01:16:33 - finetune_logger - INFO - Test metrics: {'MAE': 1.6415071883882755, 'RMSE': 3.10775553262801}
[2026-06-19 01:16:33,183][finetune_logger][INFO] - Test metrics: {'MAE': 1.6415071883882755, 'RMSE': 3.10775553262801}
2026-06-19 01:16:33 - finetune_logger - INFO - Test time: 15.75s
[2026-06-19 01:16:33,183][finetune_logger][INFO] - Test time: 15.75s
2026-06-19 01:16:33 - finetune_logger - INFO - Test memory reserved: 34.00 MB
[2026-06-19 01:16:33,183][finetune_logger][INFO] - Test memory reserved: 34.00 MB
2026-06-19 01:16:33 - finetune_logger - INFO - Test memory allocated: 23.73 MB
[2026-06-19 01:16:33,183][finetune_logger][INFO] - Test memory allocated: 23.73 MB
2026-06-19 01:16:33 - finetune_logger - INFO - Epoch 3/10
[2026-06-19 01:16:33,183][finetune_logger][INFO] - Epoch 3/10
2026-06-19 01:18:22 - finetune_logger - INFO - Train loss: 1.3282783346867089
[2026-06-19 01:18:22,564][finetune_logger][INFO] - Train loss: 1.3282783346867089
2026-06-19 01:18:22 - finetune_logger - INFO - Train time: 109.37971687316895s
[2026-06-19 01:18:22,564][finetune_logger][INFO] - Train time: 109.37971687316895s
2026-06-19 01:18:22 - finetune_logger - INFO - Train memory reserved: 34.00 MB
[2026-06-19 01:18:22,564][finetune_logger][INFO] - Train memory reserved: 34.00 MB
2026-06-19 01:18:22 - finetune_logger - INFO - Train memory allocated: 23.73 MB
[2026-06-19 01:18:22,564][finetune_logger][INFO] - Train memory allocated: 23.73 MB
2026-06-19 01:18:22 - finetune_logger - INFO - Current learning rate: 0.0005
[2026-06-19 01:18:22,564][finetune_logger][INFO] - Current learning rate: 0.0005
2026-06-19 01:18:38 - finetune_logger - INFO - Validation metrics: {'MAE': 2.067604530334462, 'RMSE': 3.2528885944911403}
[2026-06-19 01:18:38,281][finetune_logger][INFO] - Validation metrics: {'MAE': 2.067604530334462, 'RMSE': 3.2528885944911403}
2026-06-19 01:18:38 - finetune_logger - INFO - Val time: 15.72s
[2026-06-19 01:18:38,282][finetune_logger][INFO] - Val time: 15.72s
2026-06-19 01:18:38 - finetune_logger - INFO - Val memory reserved: 34.00 MB
[2026-06-19 01:18:38,282][finetune_logger][INFO] - Val memory reserved: 34.00 MB
2026-06-19 01:18:38 - finetune_logger - INFO - Val memory allocated: 23.73 MB
[2026-06-19 01:18:38,282][finetune_logger][INFO] - Val memory allocated: 23.73 MB
2026-06-19 01:18:38 - finetune_logger - INFO - Logged epoch 3 info to /public/home/202411094934/python_project/Spatio-Temporal-Library/time-series/2026-06-19/patchtst/pretrain10_finetune10/etth1/time-series/seed_0/training_log.json
[2026-06-19 01:18:38,285][finetune_logger][INFO] - Logged epoch 3 info to /public/home/202411094934/python_project/Spatio-Temporal-Library/time-series/2026-06-19/patchtst/pretrain10_finetune10/etth1/time-series/seed_0/training_log.json
2026-06-19 01:18:54 - finetune_logger - INFO - Test metrics: {'MAE': 1.7421659824280498, 'RMSE': 3.3586201409385295}
[2026-06-19 01:18:54,100][finetune_logger][INFO] - Test metrics: {'MAE': 1.7421659824280498, 'RMSE': 3.3586201409385295}
2026-06-19 01:18:54 - finetune_logger - INFO - Test time: 15.81s
[2026-06-19 01:18:54,100][finetune_logger][INFO] - Test time: 15.81s
2026-06-19 01:18:54 - finetune_logger - INFO - Test memory reserved: 34.00 MB
[2026-06-19 01:18:54,100][finetune_logger][INFO] - Test memory reserved: 34.00 MB
2026-06-19 01:18:54 - finetune_logger - INFO - Test memory allocated: 23.73 MB
[2026-06-19 01:18:54,100][finetune_logger][INFO] - Test memory allocated: 23.73 MB
2026-06-19 01:18:54 - finetune_logger - INFO - Epoch 4/10
[2026-06-19 01:18:54,100][finetune_logger][INFO] - Epoch 4/10
2026-06-19 01:20:43 - finetune_logger - INFO - Train loss: 1.285136326196721
[2026-06-19 01:20:43,784][finetune_logger][INFO] - Train loss: 1.285136326196721
2026-06-19 01:20:43 - finetune_logger - INFO - Train time: 109.68339848518372s
[2026-06-19 01:20:43,785][finetune_logger][INFO] - Train time: 109.68339848518372s
2026-06-19 01:20:43 - finetune_logger - INFO - Train memory reserved: 34.00 MB
[2026-06-19 01:20:43,785][finetune_logger][INFO] - Train memory reserved: 34.00 MB
2026-06-19 01:20:43 - finetune_logger - INFO - Train memory allocated: 23.73 MB
[2026-06-19 01:20:43,785][finetune_logger][INFO] - Train memory allocated: 23.73 MB
2026-06-19 01:20:43 - finetune_logger - INFO - Current learning rate: 0.0005
[2026-06-19 01:20:43,785][finetune_logger][INFO] - Current learning rate: 0.0005
2026-06-19 01:20:59 - finetune_logger - INFO - Validation metrics: {'MAE': 2.1223481928734445, 'RMSE': 3.2708903453009435}
[2026-06-19 01:20:59,520][finetune_logger][INFO] - Validation metrics: {'MAE': 2.1223481928734445, 'RMSE': 3.2708903453009435}
2026-06-19 01:20:59 - finetune_logger - INFO - Val time: 15.73s
[2026-06-19 01:20:59,520][finetune_logger][INFO] - Val time: 15.73s
2026-06-19 01:20:59 - finetune_logger - INFO - Val memory reserved: 34.00 MB
[2026-06-19 01:20:59,520][finetune_logger][INFO] - Val memory reserved: 34.00 MB
2026-06-19 01:20:59 - finetune_logger - INFO - Val memory allocated: 23.73 MB
[2026-06-19 01:20:59,520][finetune_logger][INFO] - Val memory allocated: 23.73 MB
2026-06-19 01:20:59 - finetune_logger - INFO - Logged epoch 4 info to /public/home/202411094934/python_project/Spatio-Temporal-Library/time-series/2026-06-19/patchtst/pretrain10_finetune10/etth1/time-series/seed_0/training_log.json
[2026-06-19 01:20:59,524][finetune_logger][INFO] - Logged epoch 4 info to /public/home/202411094934/python_project/Spatio-Temporal-Library/time-series/2026-06-19/patchtst/pretrain10_finetune10/etth1/time-series/seed_0/training_log.json
2026-06-19 01:21:15 - finetune_logger - INFO - Test metrics: {'MAE': 1.804766920634676, 'RMSE': 3.289232918103546}
[2026-06-19 01:21:15,312][finetune_logger][INFO] - Test metrics: {'MAE': 1.804766920634676, 'RMSE': 3.289232918103546}
2026-06-19 01:21:15 - finetune_logger - INFO - Test time: 15.79s
[2026-06-19 01:21:15,312][finetune_logger][INFO] - Test time: 15.79s
2026-06-19 01:21:15 - finetune_logger - INFO - Test memory reserved: 34.00 MB
[2026-06-19 01:21:15,312][finetune_logger][INFO] - Test memory reserved: 34.00 MB
2026-06-19 01:21:15 - finetune_logger - INFO - Test memory allocated: 23.73 MB
[2026-06-19 01:21:15,312][finetune_logger][INFO] - Test memory allocated: 23.73 MB
2026-06-19 01:21:15 - finetune_logger - INFO - Epoch 5/10
[2026-06-19 01:21:15,312][finetune_logger][INFO] - Epoch 5/10
2026-06-19 01:23:04 - finetune_logger - INFO - Train loss: 1.253506920248109
[2026-06-19 01:23:04,758][finetune_logger][INFO] - Train loss: 1.253506920248109
2026-06-19 01:23:04 - finetune_logger - INFO - Train time: 109.44508123397827s
[2026-06-19 01:23:04,758][finetune_logger][INFO] - Train time: 109.44508123397827s
2026-06-19 01:23:04 - finetune_logger - INFO - Train memory reserved: 34.00 MB
[2026-06-19 01:23:04,758][finetune_logger][INFO] - Train memory reserved: 34.00 MB
2026-06-19 01:23:04 - finetune_logger - INFO - Train memory allocated: 23.73 MB
[2026-06-19 01:23:04,758][finetune_logger][INFO] - Train memory allocated: 23.73 MB
2026-06-19 01:23:04 - finetune_logger - INFO - Current learning rate: 0.0005
[2026-06-19 01:23:04,758][finetune_logger][INFO] - Current learning rate: 0.0005
2026-06-19 01:23:20 - finetune_logger - INFO - Validation metrics: {'MAE': 2.0606832374391106, 'RMSE': 3.2496404931658733}
[2026-06-19 01:23:20,600][finetune_logger][INFO] - Validation metrics: {'MAE': 2.0606832374391106, 'RMSE': 3.2496404931658733}
2026-06-19 01:23:20 - finetune_logger - INFO - Val time: 15.84s
[2026-06-19 01:23:20,600][finetune_logger][INFO] - Val time: 15.84s
2026-06-19 01:23:20 - finetune_logger - INFO - Val memory reserved: 34.00 MB
[2026-06-19 01:23:20,600][finetune_logger][INFO] - Val memory reserved: 34.00 MB
2026-06-19 01:23:20 - finetune_logger - INFO - Val memory allocated: 23.73 MB
[2026-06-19 01:23:20,600][finetune_logger][INFO] - Val memory allocated: 23.73 MB
2026-06-19 01:23:20 - finetune_logger - INFO - Logged epoch 5 info to /public/home/202411094934/python_project/Spatio-Temporal-Library/time-series/2026-06-19/patchtst/pretrain10_finetune10/etth1/time-series/seed_0/training_log.json
[2026-06-19 01:23:20,604][finetune_logger][INFO] - Logged epoch 5 info to /public/home/202411094934/python_project/Spatio-Temporal-Library/time-series/2026-06-19/patchtst/pretrain10_finetune10/etth1/time-series/seed_0/training_log.json
2026-06-19 01:23:36 - finetune_logger - INFO - Test metrics: {'MAE': 1.8361814835412142, 'RMSE': 3.511051338604512}
[2026-06-19 01:23:36,344][finetune_logger][INFO] - Test metrics: {'MAE': 1.8361814835412142, 'RMSE': 3.511051338604512}
2026-06-19 01:23:36 - finetune_logger - INFO - Test time: 15.74s
[2026-06-19 01:23:36,345][finetune_logger][INFO] - Test time: 15.74s
2026-06-19 01:23:36 - finetune_logger - INFO - Test memory reserved: 34.00 MB
[2026-06-19 01:23:36,345][finetune_logger][INFO] - Test memory reserved: 34.00 MB
2026-06-19 01:23:36 - finetune_logger - INFO - Test memory allocated: 23.73 MB
[2026-06-19 01:23:36,345][finetune_logger][INFO] - Test memory allocated: 23.73 MB
2026-06-19 01:23:36 - finetune_logger - INFO - Epoch 6/10
[2026-06-19 01:23:36,345][finetune_logger][INFO] - Epoch 6/10
2026-06-19 01:25:25 - finetune_logger - INFO - Train loss: 1.223450319583598
[2026-06-19 01:25:25,935][finetune_logger][INFO] - Train loss: 1.223450319583598
2026-06-19 01:25:25 - finetune_logger - INFO - Train time: 109.58992648124695s
[2026-06-19 01:25:25,936][finetune_logger][INFO] - Train time: 109.58992648124695s
2026-06-19 01:25:25 - finetune_logger - INFO - Train memory reserved: 34.00 MB
[2026-06-19 01:25:25,936][finetune_logger][INFO] - Train memory reserved: 34.00 MB
2026-06-19 01:25:25 - finetune_logger - INFO - Train memory allocated: 23.73 MB
[2026-06-19 01:25:25,936][finetune_logger][INFO] - Train memory allocated: 23.73 MB
2026-06-19 01:25:25 - finetune_logger - INFO - Current learning rate: 0.0005
[2026-06-19 01:25:25,936][finetune_logger][INFO] - Current learning rate: 0.0005
2026-06-19 01:25:41 - finetune_logger - INFO - Validation metrics: {'MAE': 2.077155657654714, 'RMSE': 3.2531519087836758}
[2026-06-19 01:25:41,738][finetune_logger][INFO] - Validation metrics: {'MAE': 2.077155657654714, 'RMSE': 3.2531519087836758}
2026-06-19 01:25:41 - finetune_logger - INFO - Val time: 15.80s
[2026-06-19 01:25:41,738][finetune_logger][INFO] - Val time: 15.80s
2026-06-19 01:25:41 - finetune_logger - INFO - Val memory reserved: 34.00 MB
[2026-06-19 01:25:41,738][finetune_logger][INFO] - Val memory reserved: 34.00 MB
2026-06-19 01:25:41 - finetune_logger - INFO - Val memory allocated: 23.73 MB
[2026-06-19 01:25:41,739][finetune_logger][INFO] - Val memory allocated: 23.73 MB
2026-06-19 01:25:41 - finetune_logger - INFO - Logged epoch 6 info to /public/home/202411094934/python_project/Spatio-Temporal-Library/time-series/2026-06-19/patchtst/pretrain10_finetune10/etth1/time-series/seed_0/training_log.json
[2026-06-19 01:25:41,742][finetune_logger][INFO] - Logged epoch 6 info to /public/home/202411094934/python_project/Spatio-Temporal-Library/time-series/2026-06-19/patchtst/pretrain10_finetune10/etth1/time-series/seed_0/training_log.json
2026-06-19 01:25:57 - finetune_logger - INFO - Test metrics: {'MAE': 1.7826927236829433, 'RMSE': 3.3911655020940894}
[2026-06-19 01:25:57,500][finetune_logger][INFO] - Test metrics: {'MAE': 1.7826927236829433, 'RMSE': 3.3911655020940894}
2026-06-19 01:25:57 - finetune_logger - INFO - Test time: 15.76s
[2026-06-19 01:25:57,500][finetune_logger][INFO] - Test time: 15.76s
2026-06-19 01:25:57 - finetune_logger - INFO - Test memory reserved: 34.00 MB
[2026-06-19 01:25:57,500][finetune_logger][INFO] - Test memory reserved: 34.00 MB
2026-06-19 01:25:57 - finetune_logger - INFO - Test memory allocated: 23.73 MB
[2026-06-19 01:25:57,500][finetune_logger][INFO] - Test memory allocated: 23.73 MB
2026-06-19 01:25:57 - finetune_logger - INFO - Epoch 7/10
[2026-06-19 01:25:57,500][finetune_logger][INFO] - Epoch 7/10
2026-06-19 01:27:47 - finetune_logger - INFO - Train loss: 1.1996283451360708
[2026-06-19 01:27:47,017][finetune_logger][INFO] - Train loss: 1.1996283451360708
2026-06-19 01:27:47 - finetune_logger - INFO - Train time: 109.51557350158691s
[2026-06-19 01:27:47,017][finetune_logger][INFO] - Train time: 109.51557350158691s
2026-06-19 01:27:47 - finetune_logger - INFO - Train memory reserved: 34.00 MB
[2026-06-19 01:27:47,017][finetune_logger][INFO] - Train memory reserved: 34.00 MB
2026-06-19 01:27:47 - finetune_logger - INFO - Train memory allocated: 23.73 MB
[2026-06-19 01:27:47,017][finetune_logger][INFO] - Train memory allocated: 23.73 MB
2026-06-19 01:27:47 - finetune_logger - INFO - Current learning rate: 0.0005
[2026-06-19 01:27:47,017][finetune_logger][INFO] - Current learning rate: 0.0005
2026-06-19 01:28:02 - finetune_logger - INFO - Validation metrics: {'MAE': 2.117955808662219, 'RMSE': 3.3864951134636283}
[2026-06-19 01:28:02,831][finetune_logger][INFO] - Validation metrics: {'MAE': 2.117955808662219, 'RMSE': 3.3864951134636283}
2026-06-19 01:28:02 - finetune_logger - INFO - Val time: 15.81s
[2026-06-19 01:28:02,831][finetune_logger][INFO] - Val time: 15.81s
2026-06-19 01:28:02 - finetune_logger - INFO - Val memory reserved: 34.00 MB
[2026-06-19 01:28:02,831][finetune_logger][INFO] - Val memory reserved: 34.00 MB
2026-06-19 01:28:02 - finetune_logger - INFO - Val memory allocated: 23.73 MB
[2026-06-19 01:28:02,831][finetune_logger][INFO] - Val memory allocated: 23.73 MB
2026-06-19 01:28:02 - finetune_logger - INFO - Logged epoch 7 info to /public/home/202411094934/python_project/Spatio-Temporal-Library/time-series/2026-06-19/patchtst/pretrain10_finetune10/etth1/time-series/seed_0/training_log.json
[2026-06-19 01:28:02,835][finetune_logger][INFO] - Logged epoch 7 info to /public/home/202411094934/python_project/Spatio-Temporal-Library/time-series/2026-06-19/patchtst/pretrain10_finetune10/etth1/time-series/seed_0/training_log.json
2026-06-19 01:28:18 - finetune_logger - INFO - Test metrics: {'MAE': 1.8455322699319752, 'RMSE': 3.6073853330158068}
[2026-06-19 01:28:18,572][finetune_logger][INFO] - Test metrics: {'MAE': 1.8455322699319752, 'RMSE': 3.6073853330158068}
2026-06-19 01:28:18 - finetune_logger - INFO - Test time: 15.74s
[2026-06-19 01:28:18,572][finetune_logger][INFO] - Test time: 15.74s
2026-06-19 01:28:18 - finetune_logger - INFO - Test memory reserved: 34.00 MB
[2026-06-19 01:28:18,572][finetune_logger][INFO] - Test memory reserved: 34.00 MB
2026-06-19 01:28:18 - finetune_logger - INFO - Test memory allocated: 23.73 MB
[2026-06-19 01:28:18,572][finetune_logger][INFO] - Test memory allocated: 23.73 MB
2026-06-19 01:28:18 - finetune_logger - INFO - Epoch 8/10
[2026-06-19 01:28:18,572][finetune_logger][INFO] - Epoch 8/10
2026-06-19 01:30:08 - finetune_logger - INFO - Train loss: 1.1777102788502667
[2026-06-19 01:30:08,344][finetune_logger][INFO] - Train loss: 1.1777102788502667
2026-06-19 01:30:08 - finetune_logger - INFO - Train time: 109.77158999443054s
[2026-06-19 01:30:08,345][finetune_logger][INFO] - Train time: 109.77158999443054s
2026-06-19 01:30:08 - finetune_logger - INFO - Train memory reserved: 34.00 MB
[2026-06-19 01:30:08,345][finetune_logger][INFO] - Train memory reserved: 34.00 MB
2026-06-19 01:30:08 - finetune_logger - INFO - Train memory allocated: 23.73 MB
[2026-06-19 01:30:08,345][finetune_logger][INFO] - Train memory allocated: 23.73 MB
2026-06-19 01:30:08 - finetune_logger - INFO - Current learning rate: 0.0005
[2026-06-19 01:30:08,345][finetune_logger][INFO] - Current learning rate: 0.0005
2026-06-19 01:30:24 - finetune_logger - INFO - Validation metrics: {'MAE': 2.042921716008866, 'RMSE': 3.173333444549923}
[2026-06-19 01:30:24,110][finetune_logger][INFO] - Validation metrics: {'MAE': 2.042921716008866, 'RMSE': 3.173333444549923}
2026-06-19 01:30:24 - finetune_logger - INFO - Val time: 15.76s
[2026-06-19 01:30:24,110][finetune_logger][INFO] - Val time: 15.76s
2026-06-19 01:30:24 - finetune_logger - INFO - Val memory reserved: 34.00 MB
[2026-06-19 01:30:24,111][finetune_logger][INFO] - Val memory reserved: 34.00 MB
2026-06-19 01:30:24 - finetune_logger - INFO - Val memory allocated: 23.73 MB
[2026-06-19 01:30:24,111][finetune_logger][INFO] - Val memory allocated: 23.73 MB
2026-06-19 01:30:24 - finetune_logger - INFO - Logged epoch 8 info to /public/home/202411094934/python_project/Spatio-Temporal-Library/time-series/2026-06-19/patchtst/pretrain10_finetune10/etth1/time-series/seed_0/training_log.json
[2026-06-19 01:30:24,114][finetune_logger][INFO] - Logged epoch 8 info to /public/home/202411094934/python_project/Spatio-Temporal-Library/time-series/2026-06-19/patchtst/pretrain10_finetune10/etth1/time-series/seed_0/training_log.json
2026-06-19 01:30:39 - finetune_logger - INFO - Test metrics: {'MAE': 1.6905890415736586, 'RMSE': 3.13721064208802}
[2026-06-19 01:30:39,843][finetune_logger][INFO] - Test metrics: {'MAE': 1.6905890415736586, 'RMSE': 3.13721064208802}
2026-06-19 01:30:39 - finetune_logger - INFO - Test time: 15.73s
[2026-06-19 01:30:39,843][finetune_logger][INFO] - Test time: 15.73s
2026-06-19 01:30:39 - finetune_logger - INFO - Test memory reserved: 34.00 MB
[2026-06-19 01:30:39,844][finetune_logger][INFO] - Test memory reserved: 34.00 MB
2026-06-19 01:30:39 - finetune_logger - INFO - Test memory allocated: 23.73 MB
[2026-06-19 01:30:39,844][finetune_logger][INFO] - Test memory allocated: 23.73 MB
2026-06-19 01:30:39 - finetune_logger - INFO - Epoch 9/10
[2026-06-19 01:30:39,844][finetune_logger][INFO] - Epoch 9/10
2026-06-19 01:32:29 - finetune_logger - INFO - Train loss: 1.1592917293967728
[2026-06-19 01:32:29,615][finetune_logger][INFO] - Train loss: 1.1592917293967728
2026-06-19 01:32:29 - finetune_logger - INFO - Train time: 109.77084350585938s
[2026-06-19 01:32:29,615][finetune_logger][INFO] - Train time: 109.77084350585938s
2026-06-19 01:32:29 - finetune_logger - INFO - Train memory reserved: 34.00 MB
[2026-06-19 01:32:29,616][finetune_logger][INFO] - Train memory reserved: 34.00 MB
2026-06-19 01:32:29 - finetune_logger - INFO - Train memory allocated: 23.73 MB
[2026-06-19 01:32:29,616][finetune_logger][INFO] - Train memory allocated: 23.73 MB
2026-06-19 01:32:29 - finetune_logger - INFO - Current learning rate: 0.0005
[2026-06-19 01:32:29,616][finetune_logger][INFO] - Current learning rate: 0.0005
2026-06-19 01:32:45 - finetune_logger - INFO - Validation metrics: {'MAE': 2.1457932938166997, 'RMSE': 3.427098198118664}
[2026-06-19 01:32:45,395][finetune_logger][INFO] - Validation metrics: {'MAE': 2.1457932938166997, 'RMSE': 3.427098198118664}
2026-06-19 01:32:45 - finetune_logger - INFO - Val time: 15.78s
[2026-06-19 01:32:45,396][finetune_logger][INFO] - Val time: 15.78s
2026-06-19 01:32:45 - finetune_logger - INFO - Val memory reserved: 34.00 MB
[2026-06-19 01:32:45,396][finetune_logger][INFO] - Val memory reserved: 34.00 MB
2026-06-19 01:32:45 - finetune_logger - INFO - Val memory allocated: 23.73 MB
[2026-06-19 01:32:45,396][finetune_logger][INFO] - Val memory allocated: 23.73 MB
2026-06-19 01:32:45 - finetune_logger - INFO - Logged epoch 9 info to /public/home/202411094934/python_project/Spatio-Temporal-Library/time-series/2026-06-19/patchtst/pretrain10_finetune10/etth1/time-series/seed_0/training_log.json
[2026-06-19 01:32:45,399][finetune_logger][INFO] - Logged epoch 9 info to /public/home/202411094934/python_project/Spatio-Temporal-Library/time-series/2026-06-19/patchtst/pretrain10_finetune10/etth1/time-series/seed_0/training_log.json
2026-06-19 01:33:01 - finetune_logger - INFO - Test metrics: {'MAE': 1.8236786933626394, 'RMSE': 3.5746089889889694}
[2026-06-19 01:33:01,103][finetune_logger][INFO] - Test metrics: {'MAE': 1.8236786933626394, 'RMSE': 3.5746089889889694}
2026-06-19 01:33:01 - finetune_logger - INFO - Test time: 15.70s
[2026-06-19 01:33:01,103][finetune_logger][INFO] - Test time: 15.70s
2026-06-19 01:33:01 - finetune_logger - INFO - Test memory reserved: 34.00 MB
[2026-06-19 01:33:01,103][finetune_logger][INFO] - Test memory reserved: 34.00 MB
2026-06-19 01:33:01 - finetune_logger - INFO - Test memory allocated: 23.73 MB
[2026-06-19 01:33:01,104][finetune_logger][INFO] - Test memory allocated: 23.73 MB
2026-06-19 01:33:01 - finetune_logger - INFO - Epoch 10/10
[2026-06-19 01:33:01,104][finetune_logger][INFO] - Epoch 10/10
2026-06-19 01:34:50 - finetune_logger - INFO - Train loss: 1.1397801686627014
[2026-06-19 01:34:50,819][finetune_logger][INFO] - Train loss: 1.1397801686627014
2026-06-19 01:34:50 - finetune_logger - INFO - Train time: 109.71454381942749s
[2026-06-19 01:34:50,819][finetune_logger][INFO] - Train time: 109.71454381942749s
2026-06-19 01:34:50 - finetune_logger - INFO - Train memory reserved: 34.00 MB
[2026-06-19 01:34:50,819][finetune_logger][INFO] - Train memory reserved: 34.00 MB
2026-06-19 01:34:50 - finetune_logger - INFO - Train memory allocated: 23.73 MB
[2026-06-19 01:34:50,819][finetune_logger][INFO] - Train memory allocated: 23.73 MB
2026-06-19 01:34:50 - finetune_logger - INFO - Current learning rate: 0.0005
[2026-06-19 01:34:50,819][finetune_logger][INFO] - Current learning rate: 0.0005
2026-06-19 01:35:06 - finetune_logger - INFO - Validation metrics: {'MAE': 2.128406861623127, 'RMSE': 3.3970880105608927}
[2026-06-19 01:35:06,588][finetune_logger][INFO] - Validation metrics: {'MAE': 2.128406861623127, 'RMSE': 3.3970880105608927}
2026-06-19 01:35:06 - finetune_logger - INFO - Val time: 15.77s
[2026-06-19 01:35:06,589][finetune_logger][INFO] - Val time: 15.77s
2026-06-19 01:35:06 - finetune_logger - INFO - Val memory reserved: 34.00 MB
[2026-06-19 01:35:06,589][finetune_logger][INFO] - Val memory reserved: 34.00 MB
2026-06-19 01:35:06 - finetune_logger - INFO - Val memory allocated: 23.73 MB
[2026-06-19 01:35:06,589][finetune_logger][INFO] - Val memory allocated: 23.73 MB
2026-06-19 01:35:06 - finetune_logger - INFO - Logged epoch 10 info to /public/home/202411094934/python_project/Spatio-Temporal-Library/time-series/2026-06-19/patchtst/pretrain10_finetune10/etth1/time-series/seed_0/training_log.json
[2026-06-19 01:35:06,592][finetune_logger][INFO] - Logged epoch 10 info to /public/home/202411094934/python_project/Spatio-Temporal-Library/time-series/2026-06-19/patchtst/pretrain10_finetune10/etth1/time-series/seed_0/training_log.json
2026-06-19 01:35:22 - finetune_logger - INFO - Test metrics: {'MAE': 1.842837243942988, 'RMSE': 3.5501269308725987}
[2026-06-19 01:35:22,346][finetune_logger][INFO] - Test metrics: {'MAE': 1.842837243942988, 'RMSE': 3.5501269308725987}
2026-06-19 01:35:22 - finetune_logger - INFO - Test time: 15.73s
[2026-06-19 01:35:22,346][finetune_logger][INFO] - Test time: 15.73s
2026-06-19 01:35:22 - finetune_logger - INFO - Test memory reserved: 34.00 MB
[2026-06-19 01:35:22,346][finetune_logger][INFO] - Test memory reserved: 34.00 MB
2026-06-19 01:35:22 - finetune_logger - INFO - Test memory allocated: 23.73 MB
[2026-06-19 01:35:22,346][finetune_logger][INFO] - Test memory allocated: 23.73 MB
2026-06-19 01:35:22 - finetune_logger - INFO - Training completed. Best epoch: 2, Best val loss: 1.986275
[2026-06-19 01:35:22,346][finetune_logger][INFO] - Training completed. Best epoch: 2, Best val loss: 1.986275
2026-06-19 01:35:22 - finetune_logger - INFO - Loaded checkpoint from epoch 2
[2026-06-19 01:35:22,386][finetune_logger][INFO] - Loaded checkpoint from epoch 2
2026-06-19 01:35:22 - finetune_logger - INFO - Evaluating best model on test sets...
[2026-06-19 01:35:22,387][finetune_logger][INFO] - Evaluating best model on test sets...
2026-06-19 01:35:38 - finetune_logger - INFO - Test metrics: {'MAE': 1.6415071883882755, 'RMSE': 3.10775553262801}
[2026-06-19 01:35:38,148][finetune_logger][INFO] - Test metrics: {'MAE': 1.6415071883882755, 'RMSE': 3.10775553262801}
2026-06-19 01:35:38 - finetune_logger - INFO - Test time: 15.76s
[2026-06-19 01:35:38,149][finetune_logger][INFO] - Test time: 15.76s
2026-06-19 01:35:38 - finetune_logger - INFO - Test memory reserved: 36.00 MB
[2026-06-19 01:35:38,149][finetune_logger][INFO] - Test memory reserved: 36.00 MB
2026-06-19 01:35:38 - finetune_logger - INFO - Test memory allocated: 23.76 MB
[2026-06-19 01:35:38,149][finetune_logger][INFO] - Test memory allocated: 23.76 MB
2026-06-19 01:35:38 - finetune_logger - INFO - Logged epoch test info to /public/home/202411094934/python_project/Spatio-Temporal-Library/time-series/2026-06-19/patchtst/pretrain10_finetune10/etth1/time-series/seed_0/training_log.json
[2026-06-19 01:35:38,152][finetune_logger][INFO] - Logged epoch test info to /public/home/202411094934/python_project/Spatio-Temporal-Library/time-series/2026-06-19/patchtst/pretrain10_finetune10/etth1/time-series/seed_0/training_log.json
