2026-06-24 20:14:22 - pretrain_logger - INFO - Model parameters: 646,657
[2026-06-24 20:14:22,522][pretrain_logger][INFO] - Model parameters: 646,657
2026-06-24 20:14:22 - pretrain_logger - INFO - Created new log file at /public/home/202411094934/python_project/Spatio-Temporal-Library/time-series/2026-06-24/fedformer/pretrain10/electricity/time-series/seed_1/training_log.json
[2026-06-24 20:14:22,526][pretrain_logger][INFO] - Created new log file at /public/home/202411094934/python_project/Spatio-Temporal-Library/time-series/2026-06-24/fedformer/pretrain10/electricity/time-series/seed_1/training_log.json
2026-06-24 20:14:22 - pretrain_logger - INFO - Starting JEPA pretraining...
[2026-06-24 20:14:22,526][pretrain_logger][INFO] - Starting JEPA pretraining...
2026-06-24 21:17:58 - pretrain_logger - INFO - [JEPA Pretrain] Epoch 1/10, loss=0.358559, time=3816.28s
[2026-06-24 21:17:58,805][pretrain_logger][INFO] - [JEPA Pretrain] Epoch 1/10, loss=0.358559, time=3816.28s
2026-06-24 21:17:58 - pretrain_logger - INFO - Pretrain loss: 0.3585586332249586
[2026-06-24 21:17:58,808][pretrain_logger][INFO] - Pretrain loss: 0.3585586332249586
2026-06-24 21:17:58 - pretrain_logger - INFO - Pretrain time: 3816.2788915634155s
[2026-06-24 21:17:58,808][pretrain_logger][INFO] - Pretrain time: 3816.2788915634155s
2026-06-24 21:17:58 - pretrain_logger - INFO - Pretrain memory reserved: 100.00 MB
[2026-06-24 21:17:58,808][pretrain_logger][INFO] - Pretrain memory reserved: 100.00 MB
2026-06-24 21:17:58 - pretrain_logger - INFO - Pretrain memory allocated: 22.65 MB
[2026-06-24 21:17:58,808][pretrain_logger][INFO] - Pretrain memory allocated: 22.65 MB
2026-06-24 21:17:58 - pretrain_logger - INFO - Current learning rate: 0.0005
[2026-06-24 21:17:58,808][pretrain_logger][INFO] - Current learning rate: 0.0005
2026-06-24 21:17:58 - pretrain_logger - INFO - Logged epoch Pretrain 1 info to /public/home/202411094934/python_project/Spatio-Temporal-Library/time-series/2026-06-24/fedformer/pretrain10/electricity/time-series/seed_1/training_log.json
[2026-06-24 21:17:58,811][pretrain_logger][INFO] - Logged epoch Pretrain 1 info to /public/home/202411094934/python_project/Spatio-Temporal-Library/time-series/2026-06-24/fedformer/pretrain10/electricity/time-series/seed_1/training_log.json
2026-06-24 22:20:54 - pretrain_logger - INFO - [JEPA Pretrain] Epoch 2/10, loss=0.185106, time=3776.13s
[2026-06-24 22:20:54,946][pretrain_logger][INFO] - [JEPA Pretrain] Epoch 2/10, loss=0.185106, time=3776.13s
2026-06-24 22:20:54 - pretrain_logger - INFO - Pretrain loss: 0.18510634505982354
[2026-06-24 22:20:54,970][pretrain_logger][INFO] - Pretrain loss: 0.18510634505982354
2026-06-24 22:20:54 - pretrain_logger - INFO - Pretrain time: 3776.1345884799957s
[2026-06-24 22:20:54,970][pretrain_logger][INFO] - Pretrain time: 3776.1345884799957s
2026-06-24 22:20:54 - pretrain_logger - INFO - Pretrain memory reserved: 100.00 MB
[2026-06-24 22:20:54,971][pretrain_logger][INFO] - Pretrain memory reserved: 100.00 MB
2026-06-24 22:20:54 - pretrain_logger - INFO - Pretrain memory allocated: 22.65 MB
[2026-06-24 22:20:54,971][pretrain_logger][INFO] - Pretrain memory allocated: 22.65 MB
2026-06-24 22:20:54 - pretrain_logger - INFO - Current learning rate: 0.0005
[2026-06-24 22:20:54,971][pretrain_logger][INFO] - Current learning rate: 0.0005
2026-06-24 22:20:54 - pretrain_logger - INFO - Logged epoch Pretrain 2 info to /public/home/202411094934/python_project/Spatio-Temporal-Library/time-series/2026-06-24/fedformer/pretrain10/electricity/time-series/seed_1/training_log.json
[2026-06-24 22:20:54,974][pretrain_logger][INFO] - Logged epoch Pretrain 2 info to /public/home/202411094934/python_project/Spatio-Temporal-Library/time-series/2026-06-24/fedformer/pretrain10/electricity/time-series/seed_1/training_log.json
2026-06-24 23:25:04 - pretrain_logger - INFO - [JEPA Pretrain] Epoch 3/10, loss=0.175539, time=3849.51s
[2026-06-24 23:25:04,484][pretrain_logger][INFO] - [JEPA Pretrain] Epoch 3/10, loss=0.175539, time=3849.51s
2026-06-24 23:25:04 - pretrain_logger - INFO - Pretrain loss: 0.17553877623282682
[2026-06-24 23:25:04,484][pretrain_logger][INFO] - Pretrain loss: 0.17553877623282682
2026-06-24 23:25:04 - pretrain_logger - INFO - Pretrain time: 3849.5092384815216s
[2026-06-24 23:25:04,485][pretrain_logger][INFO] - Pretrain time: 3849.5092384815216s
2026-06-24 23:25:04 - pretrain_logger - INFO - Pretrain memory reserved: 100.00 MB
[2026-06-24 23:25:04,485][pretrain_logger][INFO] - Pretrain memory reserved: 100.00 MB
2026-06-24 23:25:04 - pretrain_logger - INFO - Pretrain memory allocated: 22.65 MB
[2026-06-24 23:25:04,485][pretrain_logger][INFO] - Pretrain memory allocated: 22.65 MB
2026-06-24 23:25:04 - pretrain_logger - INFO - Current learning rate: 0.0005
[2026-06-24 23:25:04,485][pretrain_logger][INFO] - Current learning rate: 0.0005
2026-06-24 23:25:04 - pretrain_logger - INFO - Logged epoch Pretrain 3 info to /public/home/202411094934/python_project/Spatio-Temporal-Library/time-series/2026-06-24/fedformer/pretrain10/electricity/time-series/seed_1/training_log.json
[2026-06-24 23:25:04,487][pretrain_logger][INFO] - Logged epoch Pretrain 3 info to /public/home/202411094934/python_project/Spatio-Temporal-Library/time-series/2026-06-24/fedformer/pretrain10/electricity/time-series/seed_1/training_log.json
2026-06-25 00:29:13 - pretrain_logger - INFO - [JEPA Pretrain] Epoch 4/10, loss=0.178115, time=3848.79s
[2026-06-25 00:29:13,278][pretrain_logger][INFO] - [JEPA Pretrain] Epoch 4/10, loss=0.178115, time=3848.79s
2026-06-25 00:29:13 - pretrain_logger - INFO - Pretrain loss: 0.17811503909052642
[2026-06-25 00:29:13,304][pretrain_logger][INFO] - Pretrain loss: 0.17811503909052642
2026-06-25 00:29:13 - pretrain_logger - INFO - Pretrain time: 3848.7904098033905s
[2026-06-25 00:29:13,304][pretrain_logger][INFO] - Pretrain time: 3848.7904098033905s
2026-06-25 00:29:13 - pretrain_logger - INFO - Pretrain memory reserved: 100.00 MB
[2026-06-25 00:29:13,304][pretrain_logger][INFO] - Pretrain memory reserved: 100.00 MB
2026-06-25 00:29:13 - pretrain_logger - INFO - Pretrain memory allocated: 22.65 MB
[2026-06-25 00:29:13,305][pretrain_logger][INFO] - Pretrain memory allocated: 22.65 MB
2026-06-25 00:29:13 - pretrain_logger - INFO - Current learning rate: 0.0005
[2026-06-25 00:29:13,305][pretrain_logger][INFO] - Current learning rate: 0.0005
2026-06-25 00:29:13 - pretrain_logger - INFO - Logged epoch Pretrain 4 info to /public/home/202411094934/python_project/Spatio-Temporal-Library/time-series/2026-06-24/fedformer/pretrain10/electricity/time-series/seed_1/training_log.json
[2026-06-25 00:29:13,307][pretrain_logger][INFO] - Logged epoch Pretrain 4 info to /public/home/202411094934/python_project/Spatio-Temporal-Library/time-series/2026-06-24/fedformer/pretrain10/electricity/time-series/seed_1/training_log.json
2026-06-25 01:33:20 - pretrain_logger - INFO - [JEPA Pretrain] Epoch 5/10, loss=0.181771, time=3847.24s
[2026-06-25 01:33:20,548][pretrain_logger][INFO] - [JEPA Pretrain] Epoch 5/10, loss=0.181771, time=3847.24s
2026-06-25 01:33:20 - pretrain_logger - INFO - Pretrain loss: 0.1817705444099071
[2026-06-25 01:33:20,549][pretrain_logger][INFO] - Pretrain loss: 0.1817705444099071
2026-06-25 01:33:20 - pretrain_logger - INFO - Pretrain time: 3847.2401587963104s
[2026-06-25 01:33:20,549][pretrain_logger][INFO] - Pretrain time: 3847.2401587963104s
2026-06-25 01:33:20 - pretrain_logger - INFO - Pretrain memory reserved: 100.00 MB
[2026-06-25 01:33:20,550][pretrain_logger][INFO] - Pretrain memory reserved: 100.00 MB
2026-06-25 01:33:20 - pretrain_logger - INFO - Pretrain memory allocated: 22.65 MB
[2026-06-25 01:33:20,550][pretrain_logger][INFO] - Pretrain memory allocated: 22.65 MB
2026-06-25 01:33:20 - pretrain_logger - INFO - Current learning rate: 0.0005
[2026-06-25 01:33:20,550][pretrain_logger][INFO] - Current learning rate: 0.0005
2026-06-25 01:33:20 - pretrain_logger - INFO - Logged epoch Pretrain 5 info to /public/home/202411094934/python_project/Spatio-Temporal-Library/time-series/2026-06-24/fedformer/pretrain10/electricity/time-series/seed_1/training_log.json
[2026-06-25 01:33:20,552][pretrain_logger][INFO] - Logged epoch Pretrain 5 info to /public/home/202411094934/python_project/Spatio-Temporal-Library/time-series/2026-06-24/fedformer/pretrain10/electricity/time-series/seed_1/training_log.json
2026-06-25 02:37:32 - pretrain_logger - INFO - [JEPA Pretrain] Epoch 6/10, loss=0.183988, time=3851.74s
[2026-06-25 02:37:32,296][pretrain_logger][INFO] - [JEPA Pretrain] Epoch 6/10, loss=0.183988, time=3851.74s
2026-06-25 02:37:32 - pretrain_logger - INFO - Pretrain loss: 0.18398771314176635
[2026-06-25 02:37:32,318][pretrain_logger][INFO] - Pretrain loss: 0.18398771314176635
2026-06-25 02:37:32 - pretrain_logger - INFO - Pretrain time: 3851.743314266205s
[2026-06-25 02:37:32,319][pretrain_logger][INFO] - Pretrain time: 3851.743314266205s
2026-06-25 02:37:32 - pretrain_logger - INFO - Pretrain memory reserved: 100.00 MB
[2026-06-25 02:37:32,319][pretrain_logger][INFO] - Pretrain memory reserved: 100.00 MB
2026-06-25 02:37:32 - pretrain_logger - INFO - Pretrain memory allocated: 22.65 MB
[2026-06-25 02:37:32,319][pretrain_logger][INFO] - Pretrain memory allocated: 22.65 MB
2026-06-25 02:37:32 - pretrain_logger - INFO - Current learning rate: 0.0005
[2026-06-25 02:37:32,319][pretrain_logger][INFO] - Current learning rate: 0.0005
2026-06-25 02:37:32 - pretrain_logger - INFO - Logged epoch Pretrain 6 info to /public/home/202411094934/python_project/Spatio-Temporal-Library/time-series/2026-06-24/fedformer/pretrain10/electricity/time-series/seed_1/training_log.json
[2026-06-25 02:37:32,321][pretrain_logger][INFO] - Logged epoch Pretrain 6 info to /public/home/202411094934/python_project/Spatio-Temporal-Library/time-series/2026-06-24/fedformer/pretrain10/electricity/time-series/seed_1/training_log.json
2026-06-25 03:41:33 - pretrain_logger - INFO - [JEPA Pretrain] Epoch 7/10, loss=0.188871, time=3841.07s
[2026-06-25 03:41:33,394][pretrain_logger][INFO] - [JEPA Pretrain] Epoch 7/10, loss=0.188871, time=3841.07s
2026-06-25 03:41:33 - pretrain_logger - INFO - Pretrain loss: 0.1888714533209137
[2026-06-25 03:41:33,395][pretrain_logger][INFO] - Pretrain loss: 0.1888714533209137
2026-06-25 03:41:33 - pretrain_logger - INFO - Pretrain time: 3841.0720643997192s
[2026-06-25 03:41:33,395][pretrain_logger][INFO] - Pretrain time: 3841.0720643997192s
2026-06-25 03:41:33 - pretrain_logger - INFO - Pretrain memory reserved: 100.00 MB
[2026-06-25 03:41:33,395][pretrain_logger][INFO] - Pretrain memory reserved: 100.00 MB
2026-06-25 03:41:33 - pretrain_logger - INFO - Pretrain memory allocated: 22.65 MB
[2026-06-25 03:41:33,395][pretrain_logger][INFO] - Pretrain memory allocated: 22.65 MB
2026-06-25 03:41:33 - pretrain_logger - INFO - Current learning rate: 0.0005
[2026-06-25 03:41:33,395][pretrain_logger][INFO] - Current learning rate: 0.0005
2026-06-25 03:41:33 - pretrain_logger - INFO - Logged epoch Pretrain 7 info to /public/home/202411094934/python_project/Spatio-Temporal-Library/time-series/2026-06-24/fedformer/pretrain10/electricity/time-series/seed_1/training_log.json
[2026-06-25 03:41:33,398][pretrain_logger][INFO] - Logged epoch Pretrain 7 info to /public/home/202411094934/python_project/Spatio-Temporal-Library/time-series/2026-06-24/fedformer/pretrain10/electricity/time-series/seed_1/training_log.json
2026-06-25 04:45:46 - pretrain_logger - INFO - [JEPA Pretrain] Epoch 8/10, loss=0.189550, time=3853.13s
[2026-06-25 04:45:46,526][pretrain_logger][INFO] - [JEPA Pretrain] Epoch 8/10, loss=0.189550, time=3853.13s
2026-06-25 04:45:46 - pretrain_logger - INFO - Pretrain loss: 0.18954971399119905
[2026-06-25 04:45:46,550][pretrain_logger][INFO] - Pretrain loss: 0.18954971399119905
2026-06-25 04:45:46 - pretrain_logger - INFO - Pretrain time: 3853.1281101703644s
[2026-06-25 04:45:46,551][pretrain_logger][INFO] - Pretrain time: 3853.1281101703644s
2026-06-25 04:45:46 - pretrain_logger - INFO - Pretrain memory reserved: 100.00 MB
[2026-06-25 04:45:46,551][pretrain_logger][INFO] - Pretrain memory reserved: 100.00 MB
2026-06-25 04:45:46 - pretrain_logger - INFO - Pretrain memory allocated: 22.65 MB
[2026-06-25 04:45:46,551][pretrain_logger][INFO] - Pretrain memory allocated: 22.65 MB
2026-06-25 04:45:46 - pretrain_logger - INFO - Current learning rate: 0.0005
[2026-06-25 04:45:46,551][pretrain_logger][INFO] - Current learning rate: 0.0005
2026-06-25 04:45:46 - pretrain_logger - INFO - Logged epoch Pretrain 8 info to /public/home/202411094934/python_project/Spatio-Temporal-Library/time-series/2026-06-24/fedformer/pretrain10/electricity/time-series/seed_1/training_log.json
[2026-06-25 04:45:46,554][pretrain_logger][INFO] - Logged epoch Pretrain 8 info to /public/home/202411094934/python_project/Spatio-Temporal-Library/time-series/2026-06-24/fedformer/pretrain10/electricity/time-series/seed_1/training_log.json
2026-06-25 05:49:47 - pretrain_logger - INFO - [JEPA Pretrain] Epoch 9/10, loss=0.183710, time=3840.92s
[2026-06-25 05:49:47,471][pretrain_logger][INFO] - [JEPA Pretrain] Epoch 9/10, loss=0.183710, time=3840.92s
2026-06-25 05:49:47 - pretrain_logger - INFO - Pretrain loss: 0.18370958672271276
[2026-06-25 05:49:47,473][pretrain_logger][INFO] - Pretrain loss: 0.18370958672271276
2026-06-25 05:49:47 - pretrain_logger - INFO - Pretrain time: 3840.916957616806s
[2026-06-25 05:49:47,473][pretrain_logger][INFO] - Pretrain time: 3840.916957616806s
2026-06-25 05:49:47 - pretrain_logger - INFO - Pretrain memory reserved: 100.00 MB
[2026-06-25 05:49:47,474][pretrain_logger][INFO] - Pretrain memory reserved: 100.00 MB
2026-06-25 05:49:47 - pretrain_logger - INFO - Pretrain memory allocated: 22.65 MB
[2026-06-25 05:49:47,474][pretrain_logger][INFO] - Pretrain memory allocated: 22.65 MB
2026-06-25 05:49:47 - pretrain_logger - INFO - Current learning rate: 0.0005
[2026-06-25 05:49:47,474][pretrain_logger][INFO] - Current learning rate: 0.0005
2026-06-25 05:49:47 - pretrain_logger - INFO - Logged epoch Pretrain 9 info to /public/home/202411094934/python_project/Spatio-Temporal-Library/time-series/2026-06-24/fedformer/pretrain10/electricity/time-series/seed_1/training_log.json
[2026-06-25 05:49:47,477][pretrain_logger][INFO] - Logged epoch Pretrain 9 info to /public/home/202411094934/python_project/Spatio-Temporal-Library/time-series/2026-06-24/fedformer/pretrain10/electricity/time-series/seed_1/training_log.json
2026-06-25 06:53:58 - pretrain_logger - INFO - [JEPA Pretrain] Epoch 10/10, loss=0.182070, time=3850.97s
[2026-06-25 06:53:58,450][pretrain_logger][INFO] - [JEPA Pretrain] Epoch 10/10, loss=0.182070, time=3850.97s
2026-06-25 06:53:58 - pretrain_logger - INFO - Pretrain loss: 0.18206963292277983
[2026-06-25 06:53:58,475][pretrain_logger][INFO] - Pretrain loss: 0.18206963292277983
2026-06-25 06:53:58 - pretrain_logger - INFO - Pretrain time: 3850.972261428833s
[2026-06-25 06:53:58,475][pretrain_logger][INFO] - Pretrain time: 3850.972261428833s
2026-06-25 06:53:58 - pretrain_logger - INFO - Pretrain memory reserved: 100.00 MB
[2026-06-25 06:53:58,475][pretrain_logger][INFO] - Pretrain memory reserved: 100.00 MB
2026-06-25 06:53:58 - pretrain_logger - INFO - Pretrain memory allocated: 22.65 MB
[2026-06-25 06:53:58,475][pretrain_logger][INFO] - Pretrain memory allocated: 22.65 MB
2026-06-25 06:53:58 - pretrain_logger - INFO - Current learning rate: 0.0005
[2026-06-25 06:53:58,475][pretrain_logger][INFO] - Current learning rate: 0.0005
2026-06-25 06:53:58 - pretrain_logger - INFO - Logged epoch Pretrain 10 info to /public/home/202411094934/python_project/Spatio-Temporal-Library/time-series/2026-06-24/fedformer/pretrain10/electricity/time-series/seed_1/training_log.json
[2026-06-25 06:53:58,479][pretrain_logger][INFO] - Logged epoch Pretrain 10 info to /public/home/202411094934/python_project/Spatio-Temporal-Library/time-series/2026-06-24/fedformer/pretrain10/electricity/time-series/seed_1/training_log.json
2026-06-25 06:53:58 - pretrain_logger - INFO - JEPA pretraining completed.
[2026-06-25 06:53:58,479][pretrain_logger][INFO] - JEPA pretraining completed.
