2026-06-27 14:41:06 - finetune_logger - INFO - No pretrained checkpoint is provided. Finetuning from scratch.
[2026-06-27 14:41:06,637][finetune_logger][INFO] - No pretrained checkpoint is provided. Finetuning from scratch.
2026-06-27 14:41:06 - finetune_logger - INFO - Model parameters: 385,095
[2026-06-27 14:41:06,641][finetune_logger][INFO] - Model parameters: 385,095
2026-06-27 14:41:06 - finetune_logger - INFO - Created new log file at /public/home/202411094934/python_project/Spatio-Temporal-Library/time-series/2026-06-27/fedformer/finetune20/ettm2/time-series/seed_0/training_log.json
[2026-06-27 14:41:06,644][finetune_logger][INFO] - Created new log file at /public/home/202411094934/python_project/Spatio-Temporal-Library/time-series/2026-06-27/fedformer/finetune20/ettm2/time-series/seed_0/training_log.json
2026-06-27 14:41:06 - finetune_logger - INFO - Starting training...
[2026-06-27 14:41:06,644][finetune_logger][INFO] - Starting training...
2026-06-27 14:41:06 - finetune_logger - INFO - Epoch 1/20
[2026-06-27 14:41:06,644][finetune_logger][INFO] - Epoch 1/20
2026-06-27 18:24:59 - finetune_logger - INFO - Train loss: 2.3953014194244453
[2026-06-27 18:24:59,175][finetune_logger][INFO] - Train loss: 2.3953014194244453
2026-06-27 18:24:59 - finetune_logger - INFO - Train time: 13432.529474258423s
[2026-06-27 18:24:59,175][finetune_logger][INFO] - Train time: 13432.529474258423s
2026-06-27 18:24:59 - finetune_logger - INFO - Train memory reserved: 64.00 MB
[2026-06-27 18:24:59,175][finetune_logger][INFO] - Train memory reserved: 64.00 MB
2026-06-27 18:24:59 - finetune_logger - INFO - Train memory allocated: 22.80 MB
[2026-06-27 18:24:59,175][finetune_logger][INFO] - Train memory allocated: 22.80 MB
2026-06-27 18:24:59 - finetune_logger - INFO - Current learning rate: 0.0005
[2026-06-27 18:24:59,175][finetune_logger][INFO] - Current learning rate: 0.0005
2026-06-27 18:42:46 - finetune_logger - INFO - Validation metrics: {'MAE': 2.2258379623776796, 'RMSE': 3.1722658398201253}
[2026-06-27 18:42:46,604][finetune_logger][INFO] - Validation metrics: {'MAE': 2.2258379623776796, 'RMSE': 3.1722658398201253}
2026-06-27 18:42:46 - finetune_logger - INFO - Val time: 1067.43s
[2026-06-27 18:42:46,604][finetune_logger][INFO] - Val time: 1067.43s
2026-06-27 18:42:46 - finetune_logger - INFO - Val memory reserved: 64.00 MB
[2026-06-27 18:42:46,604][finetune_logger][INFO] - Val memory reserved: 64.00 MB
2026-06-27 18:42:46 - finetune_logger - INFO - Val memory allocated: 22.80 MB
[2026-06-27 18:42:46,604][finetune_logger][INFO] - Val memory allocated: 22.80 MB
2026-06-27 18:42:46 - finetune_logger - INFO - Logged epoch 1 info to /public/home/202411094934/python_project/Spatio-Temporal-Library/time-series/2026-06-27/fedformer/finetune20/ettm2/time-series/seed_0/training_log.json
[2026-06-27 18:42:46,608][finetune_logger][INFO] - Logged epoch 1 info to /public/home/202411094934/python_project/Spatio-Temporal-Library/time-series/2026-06-27/fedformer/finetune20/ettm2/time-series/seed_0/training_log.json
2026-06-27 18:42:46 - finetune_logger - INFO - New best model! Val loss: 2.225838
[2026-06-27 18:42:46,608][finetune_logger][INFO] - New best model! Val loss: 2.225838
2026-06-27 19:00:22 - finetune_logger - INFO - Test metrics: {'MAE': 2.400090178562926, 'RMSE': 3.50764827940975}
[2026-06-27 19:00:22,857][finetune_logger][INFO] - Test metrics: {'MAE': 2.400090178562926, 'RMSE': 3.50764827940975}
2026-06-27 19:00:22 - finetune_logger - INFO - Test time: 1056.19s
[2026-06-27 19:00:22,857][finetune_logger][INFO] - Test time: 1056.19s
2026-06-27 19:00:22 - finetune_logger - INFO - Test memory reserved: 64.00 MB
[2026-06-27 19:00:22,857][finetune_logger][INFO] - Test memory reserved: 64.00 MB
2026-06-27 19:00:22 - finetune_logger - INFO - Test memory allocated: 22.80 MB
[2026-06-27 19:00:22,857][finetune_logger][INFO] - Test memory allocated: 22.80 MB
2026-06-27 19:00:22 - finetune_logger - INFO - Epoch 2/20
[2026-06-27 19:00:22,857][finetune_logger][INFO] - Epoch 2/20
2026-06-27 22:48:27 - finetune_logger - INFO - Train loss: 2.303090124480502
[2026-06-27 22:48:27,560][finetune_logger][INFO] - Train loss: 2.303090124480502
2026-06-27 22:48:27 - finetune_logger - INFO - Train time: 13684.701824188232s
[2026-06-27 22:48:27,560][finetune_logger][INFO] - Train time: 13684.701824188232s
2026-06-27 22:48:27 - finetune_logger - INFO - Train memory reserved: 64.00 MB
[2026-06-27 22:48:27,561][finetune_logger][INFO] - Train memory reserved: 64.00 MB
2026-06-27 22:48:27 - finetune_logger - INFO - Train memory allocated: 22.80 MB
[2026-06-27 22:48:27,561][finetune_logger][INFO] - Train memory allocated: 22.80 MB
2026-06-27 22:48:27 - finetune_logger - INFO - Current learning rate: 0.0005
[2026-06-27 22:48:27,561][finetune_logger][INFO] - Current learning rate: 0.0005
2026-06-27 23:06:15 - finetune_logger - INFO - Validation metrics: {'MAE': 2.1962529697155757, 'RMSE': 3.125347421013726}
[2026-06-27 23:06:15,911][finetune_logger][INFO] - Validation metrics: {'MAE': 2.1962529697155757, 'RMSE': 3.125347421013726}
2026-06-27 23:06:15 - finetune_logger - INFO - Val time: 1068.35s
[2026-06-27 23:06:15,911][finetune_logger][INFO] - Val time: 1068.35s
2026-06-27 23:06:15 - finetune_logger - INFO - Val memory reserved: 64.00 MB
[2026-06-27 23:06:15,911][finetune_logger][INFO] - Val memory reserved: 64.00 MB
2026-06-27 23:06:15 - finetune_logger - INFO - Val memory allocated: 22.80 MB
[2026-06-27 23:06:15,911][finetune_logger][INFO] - Val memory allocated: 22.80 MB
2026-06-27 23:06:15 - finetune_logger - INFO - Logged epoch 2 info to /public/home/202411094934/python_project/Spatio-Temporal-Library/time-series/2026-06-27/fedformer/finetune20/ettm2/time-series/seed_0/training_log.json
[2026-06-27 23:06:15,915][finetune_logger][INFO] - Logged epoch 2 info to /public/home/202411094934/python_project/Spatio-Temporal-Library/time-series/2026-06-27/fedformer/finetune20/ettm2/time-series/seed_0/training_log.json
2026-06-27 23:06:15 - finetune_logger - INFO - New best model! Val loss: 2.196253
[2026-06-27 23:06:15,915][finetune_logger][INFO] - New best model! Val loss: 2.196253
2026-06-27 23:23:44 - finetune_logger - INFO - Test metrics: {'MAE': 2.379394285069319, 'RMSE': 3.4734952493397713}
[2026-06-27 23:23:44,427][finetune_logger][INFO] - Test metrics: {'MAE': 2.379394285069319, 'RMSE': 3.4734952493397713}
2026-06-27 23:23:44 - finetune_logger - INFO - Test time: 1048.46s
[2026-06-27 23:23:44,428][finetune_logger][INFO] - Test time: 1048.46s
2026-06-27 23:23:44 - finetune_logger - INFO - Test memory reserved: 64.00 MB
[2026-06-27 23:23:44,428][finetune_logger][INFO] - Test memory reserved: 64.00 MB
2026-06-27 23:23:44 - finetune_logger - INFO - Test memory allocated: 22.80 MB
[2026-06-27 23:23:44,428][finetune_logger][INFO] - Test memory allocated: 22.80 MB
2026-06-27 23:23:44 - finetune_logger - INFO - Epoch 3/20
[2026-06-27 23:23:44,428][finetune_logger][INFO] - Epoch 3/20
2026-06-28 03:11:35 - finetune_logger - INFO - Train loss: 2.2849934975149497
[2026-06-28 03:11:35,278][finetune_logger][INFO] - Train loss: 2.2849934975149497
2026-06-28 03:11:35 - finetune_logger - INFO - Train time: 13670.849200725555s
[2026-06-28 03:11:35,278][finetune_logger][INFO] - Train time: 13670.849200725555s
2026-06-28 03:11:35 - finetune_logger - INFO - Train memory reserved: 64.00 MB
[2026-06-28 03:11:35,279][finetune_logger][INFO] - Train memory reserved: 64.00 MB
2026-06-28 03:11:35 - finetune_logger - INFO - Train memory allocated: 22.80 MB
[2026-06-28 03:11:35,279][finetune_logger][INFO] - Train memory allocated: 22.80 MB
2026-06-28 03:11:35 - finetune_logger - INFO - Current learning rate: 0.0005
[2026-06-28 03:11:35,279][finetune_logger][INFO] - Current learning rate: 0.0005
2026-06-28 03:29:26 - finetune_logger - INFO - Validation metrics: {'MAE': 2.2123069928267136, 'RMSE': 3.139915878996012}
[2026-06-28 03:29:26,010][finetune_logger][INFO] - Validation metrics: {'MAE': 2.2123069928267136, 'RMSE': 3.139915878996012}
2026-06-28 03:29:26 - finetune_logger - INFO - Val time: 1070.73s
[2026-06-28 03:29:26,010][finetune_logger][INFO] - Val time: 1070.73s
2026-06-28 03:29:26 - finetune_logger - INFO - Val memory reserved: 64.00 MB
[2026-06-28 03:29:26,010][finetune_logger][INFO] - Val memory reserved: 64.00 MB
2026-06-28 03:29:26 - finetune_logger - INFO - Val memory allocated: 22.80 MB
[2026-06-28 03:29:26,010][finetune_logger][INFO] - Val memory allocated: 22.80 MB
2026-06-28 03:29:26 - finetune_logger - INFO - Logged epoch 3 info to /public/home/202411094934/python_project/Spatio-Temporal-Library/time-series/2026-06-27/fedformer/finetune20/ettm2/time-series/seed_0/training_log.json
[2026-06-28 03:29:26,016][finetune_logger][INFO] - Logged epoch 3 info to /public/home/202411094934/python_project/Spatio-Temporal-Library/time-series/2026-06-27/fedformer/finetune20/ettm2/time-series/seed_0/training_log.json
2026-06-28 03:47:13 - finetune_logger - INFO - Test metrics: {'MAE': 2.398845529931939, 'RMSE': 3.4887990306972103}
[2026-06-28 03:47:13,699][finetune_logger][INFO] - Test metrics: {'MAE': 2.398845529931939, 'RMSE': 3.4887990306972103}
2026-06-28 03:47:13 - finetune_logger - INFO - Test time: 1067.68s
[2026-06-28 03:47:13,699][finetune_logger][INFO] - Test time: 1067.68s
2026-06-28 03:47:13 - finetune_logger - INFO - Test memory reserved: 64.00 MB
[2026-06-28 03:47:13,699][finetune_logger][INFO] - Test memory reserved: 64.00 MB
2026-06-28 03:47:13 - finetune_logger - INFO - Test memory allocated: 22.80 MB
[2026-06-28 03:47:13,700][finetune_logger][INFO] - Test memory allocated: 22.80 MB
2026-06-28 03:47:13 - finetune_logger - INFO - Epoch 4/20
[2026-06-28 03:47:13,700][finetune_logger][INFO] - Epoch 4/20
2026-06-28 07:35:17 - finetune_logger - INFO - Train loss: 2.2741536264289977
[2026-06-28 07:35:17,702][finetune_logger][INFO] - Train loss: 2.2741536264289977
2026-06-28 07:35:17 - finetune_logger - INFO - Train time: 13684.000890016556s
[2026-06-28 07:35:17,703][finetune_logger][INFO] - Train time: 13684.000890016556s
2026-06-28 07:35:17 - finetune_logger - INFO - Train memory reserved: 64.00 MB
[2026-06-28 07:35:17,703][finetune_logger][INFO] - Train memory reserved: 64.00 MB
2026-06-28 07:35:17 - finetune_logger - INFO - Train memory allocated: 22.80 MB
[2026-06-28 07:35:17,703][finetune_logger][INFO] - Train memory allocated: 22.80 MB
2026-06-28 07:35:17 - finetune_logger - INFO - Current learning rate: 0.0005
[2026-06-28 07:35:17,703][finetune_logger][INFO] - Current learning rate: 0.0005
2026-06-28 07:53:08 - finetune_logger - INFO - Validation metrics: {'MAE': 2.2241062682044452, 'RMSE': 3.1693281784832323}
[2026-06-28 07:53:08,786][finetune_logger][INFO] - Validation metrics: {'MAE': 2.2241062682044452, 'RMSE': 3.1693281784832323}
2026-06-28 07:53:08 - finetune_logger - INFO - Val time: 1071.08s
[2026-06-28 07:53:08,786][finetune_logger][INFO] - Val time: 1071.08s
2026-06-28 07:53:08 - finetune_logger - INFO - Val memory reserved: 64.00 MB
[2026-06-28 07:53:08,786][finetune_logger][INFO] - Val memory reserved: 64.00 MB
2026-06-28 07:53:08 - finetune_logger - INFO - Val memory allocated: 22.80 MB
[2026-06-28 07:53:08,786][finetune_logger][INFO] - Val memory allocated: 22.80 MB
2026-06-28 07:53:08 - finetune_logger - INFO - Logged epoch 4 info to /public/home/202411094934/python_project/Spatio-Temporal-Library/time-series/2026-06-27/fedformer/finetune20/ettm2/time-series/seed_0/training_log.json
[2026-06-28 07:53:08,789][finetune_logger][INFO] - Logged epoch 4 info to /public/home/202411094934/python_project/Spatio-Temporal-Library/time-series/2026-06-27/fedformer/finetune20/ettm2/time-series/seed_0/training_log.json
2026-06-28 08:10:39 - finetune_logger - INFO - Test metrics: {'MAE': 2.3790905326670946, 'RMSE': 3.4755833854899763}
[2026-06-28 08:10:39,361][finetune_logger][INFO] - Test metrics: {'MAE': 2.3790905326670946, 'RMSE': 3.4755833854899763}
2026-06-28 08:10:39 - finetune_logger - INFO - Test time: 1050.57s
[2026-06-28 08:10:39,361][finetune_logger][INFO] - Test time: 1050.57s
2026-06-28 08:10:39 - finetune_logger - INFO - Test memory reserved: 64.00 MB
[2026-06-28 08:10:39,361][finetune_logger][INFO] - Test memory reserved: 64.00 MB
2026-06-28 08:10:39 - finetune_logger - INFO - Test memory allocated: 22.80 MB
[2026-06-28 08:10:39,361][finetune_logger][INFO] - Test memory allocated: 22.80 MB
2026-06-28 08:10:39 - finetune_logger - INFO - Epoch 5/20
[2026-06-28 08:10:39,361][finetune_logger][INFO] - Epoch 5/20
2026-06-28 11:58:43 - finetune_logger - INFO - Train loss: 2.2623449193494665
[2026-06-28 11:58:43,397][finetune_logger][INFO] - Train loss: 2.2623449193494665
2026-06-28 11:58:43 - finetune_logger - INFO - Train time: 13684.033514022827s
[2026-06-28 11:58:43,397][finetune_logger][INFO] - Train time: 13684.033514022827s
2026-06-28 11:58:43 - finetune_logger - INFO - Train memory reserved: 64.00 MB
[2026-06-28 11:58:43,397][finetune_logger][INFO] - Train memory reserved: 64.00 MB
2026-06-28 11:58:43 - finetune_logger - INFO - Train memory allocated: 22.80 MB
[2026-06-28 11:58:43,397][finetune_logger][INFO] - Train memory allocated: 22.80 MB
2026-06-28 11:58:43 - finetune_logger - INFO - Current learning rate: 0.0005
[2026-06-28 11:58:43,397][finetune_logger][INFO] - Current learning rate: 0.0005
2026-06-28 12:16:30 - finetune_logger - INFO - Validation metrics: {'MAE': 2.2159109568310256, 'RMSE': 3.15911153498301}
[2026-06-28 12:16:30,536][finetune_logger][INFO] - Validation metrics: {'MAE': 2.2159109568310256, 'RMSE': 3.15911153498301}
2026-06-28 12:16:30 - finetune_logger - INFO - Val time: 1067.14s
[2026-06-28 12:16:30,536][finetune_logger][INFO] - Val time: 1067.14s
2026-06-28 12:16:30 - finetune_logger - INFO - Val memory reserved: 64.00 MB
[2026-06-28 12:16:30,536][finetune_logger][INFO] - Val memory reserved: 64.00 MB
2026-06-28 12:16:30 - finetune_logger - INFO - Val memory allocated: 22.80 MB
[2026-06-28 12:16:30,536][finetune_logger][INFO] - Val memory allocated: 22.80 MB
2026-06-28 12:16:30 - finetune_logger - INFO - Logged epoch 5 info to /public/home/202411094934/python_project/Spatio-Temporal-Library/time-series/2026-06-27/fedformer/finetune20/ettm2/time-series/seed_0/training_log.json
[2026-06-28 12:16:30,539][finetune_logger][INFO] - Logged epoch 5 info to /public/home/202411094934/python_project/Spatio-Temporal-Library/time-series/2026-06-27/fedformer/finetune20/ettm2/time-series/seed_0/training_log.json
2026-06-28 12:34:18 - finetune_logger - INFO - Test metrics: {'MAE': 2.398384419346815, 'RMSE': 3.4946623067034563}
[2026-06-28 12:34:18,937][finetune_logger][INFO] - Test metrics: {'MAE': 2.398384419346815, 'RMSE': 3.4946623067034563}
2026-06-28 12:34:18 - finetune_logger - INFO - Test time: 1068.40s
[2026-06-28 12:34:18,938][finetune_logger][INFO] - Test time: 1068.40s
2026-06-28 12:34:18 - finetune_logger - INFO - Test memory reserved: 64.00 MB
[2026-06-28 12:34:18,938][finetune_logger][INFO] - Test memory reserved: 64.00 MB
2026-06-28 12:34:18 - finetune_logger - INFO - Test memory allocated: 22.80 MB
[2026-06-28 12:34:18,938][finetune_logger][INFO] - Test memory allocated: 22.80 MB
2026-06-28 12:34:18 - finetune_logger - INFO - Epoch 6/20
[2026-06-28 12:34:18,938][finetune_logger][INFO] - Epoch 6/20
2026-06-28 16:17:42 - finetune_logger - INFO - Train loss: 2.2499478701460043
[2026-06-28 16:17:42,424][finetune_logger][INFO] - Train loss: 2.2499478701460043
2026-06-28 16:17:42 - finetune_logger - INFO - Train time: 13403.485654830933s
[2026-06-28 16:17:42,425][finetune_logger][INFO] - Train time: 13403.485654830933s
2026-06-28 16:17:42 - finetune_logger - INFO - Train memory reserved: 64.00 MB
[2026-06-28 16:17:42,425][finetune_logger][INFO] - Train memory reserved: 64.00 MB
2026-06-28 16:17:42 - finetune_logger - INFO - Train memory allocated: 22.80 MB
[2026-06-28 16:17:42,425][finetune_logger][INFO] - Train memory allocated: 22.80 MB
2026-06-28 16:17:42 - finetune_logger - INFO - Current learning rate: 0.0005
[2026-06-28 16:17:42,425][finetune_logger][INFO] - Current learning rate: 0.0005
2026-06-28 16:35:30 - finetune_logger - INFO - Validation metrics: {'MAE': 2.294276847386436, 'RMSE': 3.2593326853901576}
[2026-06-28 16:35:30,996][finetune_logger][INFO] - Validation metrics: {'MAE': 2.294276847386436, 'RMSE': 3.2593326853901576}
2026-06-28 16:35:30 - finetune_logger - INFO - Val time: 1068.57s
[2026-06-28 16:35:30,996][finetune_logger][INFO] - Val time: 1068.57s
2026-06-28 16:35:30 - finetune_logger - INFO - Val memory reserved: 64.00 MB
[2026-06-28 16:35:30,996][finetune_logger][INFO] - Val memory reserved: 64.00 MB
2026-06-28 16:35:30 - finetune_logger - INFO - Val memory allocated: 22.80 MB
[2026-06-28 16:35:30,996][finetune_logger][INFO] - Val memory allocated: 22.80 MB
2026-06-28 16:35:30 - finetune_logger - INFO - Logged epoch 6 info to /public/home/202411094934/python_project/Spatio-Temporal-Library/time-series/2026-06-27/fedformer/finetune20/ettm2/time-series/seed_0/training_log.json
[2026-06-28 16:35:30,999][finetune_logger][INFO] - Logged epoch 6 info to /public/home/202411094934/python_project/Spatio-Temporal-Library/time-series/2026-06-27/fedformer/finetune20/ettm2/time-series/seed_0/training_log.json
2026-06-28 16:53:19 - finetune_logger - INFO - Test metrics: {'MAE': 2.48010134784794, 'RMSE': 3.604786274446889}
[2026-06-28 16:53:19,670][finetune_logger][INFO] - Test metrics: {'MAE': 2.48010134784794, 'RMSE': 3.604786274446889}
2026-06-28 16:53:19 - finetune_logger - INFO - Test time: 1068.67s
[2026-06-28 16:53:19,670][finetune_logger][INFO] - Test time: 1068.67s
2026-06-28 16:53:19 - finetune_logger - INFO - Test memory reserved: 64.00 MB
[2026-06-28 16:53:19,670][finetune_logger][INFO] - Test memory reserved: 64.00 MB
2026-06-28 16:53:19 - finetune_logger - INFO - Test memory allocated: 22.80 MB
[2026-06-28 16:53:19,670][finetune_logger][INFO] - Test memory allocated: 22.80 MB
2026-06-28 16:53:19 - finetune_logger - INFO - Epoch 7/20
[2026-06-28 16:53:19,671][finetune_logger][INFO] - Epoch 7/20
2026-06-28 20:36:26 - finetune_logger - INFO - Train loss: 2.2336047906966794
[2026-06-28 20:36:26,348][finetune_logger][INFO] - Train loss: 2.2336047906966794
2026-06-28 20:36:26 - finetune_logger - INFO - Train time: 13386.676089525223s
[2026-06-28 20:36:26,348][finetune_logger][INFO] - Train time: 13386.676089525223s
2026-06-28 20:36:26 - finetune_logger - INFO - Train memory reserved: 64.00 MB
[2026-06-28 20:36:26,348][finetune_logger][INFO] - Train memory reserved: 64.00 MB
2026-06-28 20:36:26 - finetune_logger - INFO - Train memory allocated: 22.80 MB
[2026-06-28 20:36:26,349][finetune_logger][INFO] - Train memory allocated: 22.80 MB
2026-06-28 20:36:26 - finetune_logger - INFO - Current learning rate: 0.0005
[2026-06-28 20:36:26,349][finetune_logger][INFO] - Current learning rate: 0.0005
2026-06-28 20:54:17 - finetune_logger - INFO - Validation metrics: {'MAE': 2.259192652846268, 'RMSE': 3.2127067494910833}
[2026-06-28 20:54:17,873][finetune_logger][INFO] - Validation metrics: {'MAE': 2.259192652846268, 'RMSE': 3.2127067494910833}
2026-06-28 20:54:17 - finetune_logger - INFO - Val time: 1071.52s
[2026-06-28 20:54:17,873][finetune_logger][INFO] - Val time: 1071.52s
2026-06-28 20:54:17 - finetune_logger - INFO - Val memory reserved: 64.00 MB
[2026-06-28 20:54:17,873][finetune_logger][INFO] - Val memory reserved: 64.00 MB
2026-06-28 20:54:17 - finetune_logger - INFO - Val memory allocated: 22.80 MB
[2026-06-28 20:54:17,873][finetune_logger][INFO] - Val memory allocated: 22.80 MB
2026-06-28 20:54:17 - finetune_logger - INFO - Logged epoch 7 info to /public/home/202411094934/python_project/Spatio-Temporal-Library/time-series/2026-06-27/fedformer/finetune20/ettm2/time-series/seed_0/training_log.json
[2026-06-28 20:54:17,876][finetune_logger][INFO] - Logged epoch 7 info to /public/home/202411094934/python_project/Spatio-Temporal-Library/time-series/2026-06-27/fedformer/finetune20/ettm2/time-series/seed_0/training_log.json
2026-06-28 21:12:05 - finetune_logger - INFO - Test metrics: {'MAE': 2.4910128589000435, 'RMSE': 3.6175336353312106}
[2026-06-28 21:12:05,636][finetune_logger][INFO] - Test metrics: {'MAE': 2.4910128589000435, 'RMSE': 3.6175336353312106}
2026-06-28 21:12:05 - finetune_logger - INFO - Test time: 1067.76s
[2026-06-28 21:12:05,637][finetune_logger][INFO] - Test time: 1067.76s
2026-06-28 21:12:05 - finetune_logger - INFO - Test memory reserved: 64.00 MB
[2026-06-28 21:12:05,637][finetune_logger][INFO] - Test memory reserved: 64.00 MB
2026-06-28 21:12:05 - finetune_logger - INFO - Test memory allocated: 22.80 MB
[2026-06-28 21:12:05,637][finetune_logger][INFO] - Test memory allocated: 22.80 MB
2026-06-28 21:12:05 - finetune_logger - INFO - Epoch 8/20
[2026-06-28 21:12:05,637][finetune_logger][INFO] - Epoch 8/20
2026-06-29 00:55:22 - finetune_logger - INFO - Train loss: 2.2237454879807235
[2026-06-29 00:55:22,107][finetune_logger][INFO] - Train loss: 2.2237454879807235
2026-06-29 00:55:22 - finetune_logger - INFO - Train time: 13396.469218492508s
[2026-06-29 00:55:22,107][finetune_logger][INFO] - Train time: 13396.469218492508s
2026-06-29 00:55:22 - finetune_logger - INFO - Train memory reserved: 64.00 MB
[2026-06-29 00:55:22,107][finetune_logger][INFO] - Train memory reserved: 64.00 MB
2026-06-29 00:55:22 - finetune_logger - INFO - Train memory allocated: 22.80 MB
[2026-06-29 00:55:22,107][finetune_logger][INFO] - Train memory allocated: 22.80 MB
2026-06-29 00:55:22 - finetune_logger - INFO - Current learning rate: 0.0005
[2026-06-29 00:55:22,108][finetune_logger][INFO] - Current learning rate: 0.0005
2026-06-29 01:13:15 - finetune_logger - INFO - Validation metrics: {'MAE': 2.2811884524924726, 'RMSE': 3.2494047896151774}
[2026-06-29 01:13:15,925][finetune_logger][INFO] - Validation metrics: {'MAE': 2.2811884524924726, 'RMSE': 3.2494047896151774}
2026-06-29 01:13:15 - finetune_logger - INFO - Val time: 1073.82s
[2026-06-29 01:13:15,925][finetune_logger][INFO] - Val time: 1073.82s
2026-06-29 01:13:15 - finetune_logger - INFO - Val memory reserved: 64.00 MB
[2026-06-29 01:13:15,925][finetune_logger][INFO] - Val memory reserved: 64.00 MB
2026-06-29 01:13:15 - finetune_logger - INFO - Val memory allocated: 22.80 MB
[2026-06-29 01:13:15,925][finetune_logger][INFO] - Val memory allocated: 22.80 MB
2026-06-29 01:13:15 - finetune_logger - INFO - Logged epoch 8 info to /public/home/202411094934/python_project/Spatio-Temporal-Library/time-series/2026-06-27/fedformer/finetune20/ettm2/time-series/seed_0/training_log.json
[2026-06-29 01:13:15,929][finetune_logger][INFO] - Logged epoch 8 info to /public/home/202411094934/python_project/Spatio-Temporal-Library/time-series/2026-06-27/fedformer/finetune20/ettm2/time-series/seed_0/training_log.json
2026-06-29 01:31:06 - finetune_logger - INFO - Test metrics: {'MAE': 2.5012672855649805, 'RMSE': 3.6385921280700453}
[2026-06-29 01:31:06,857][finetune_logger][INFO] - Test metrics: {'MAE': 2.5012672855649805, 'RMSE': 3.6385921280700453}
2026-06-29 01:31:06 - finetune_logger - INFO - Test time: 1070.93s
[2026-06-29 01:31:06,857][finetune_logger][INFO] - Test time: 1070.93s
2026-06-29 01:31:06 - finetune_logger - INFO - Test memory reserved: 64.00 MB
[2026-06-29 01:31:06,857][finetune_logger][INFO] - Test memory reserved: 64.00 MB
2026-06-29 01:31:06 - finetune_logger - INFO - Test memory allocated: 22.80 MB
[2026-06-29 01:31:06,858][finetune_logger][INFO] - Test memory allocated: 22.80 MB
2026-06-29 01:31:06 - finetune_logger - INFO - Epoch 9/20
[2026-06-29 01:31:06,858][finetune_logger][INFO] - Epoch 9/20
2026-06-29 05:14:13 - finetune_logger - INFO - Train loss: 2.210285639780208
[2026-06-29 05:14:13,453][finetune_logger][INFO] - Train loss: 2.210285639780208
2026-06-29 05:14:13 - finetune_logger - INFO - Train time: 13386.594442129135s
[2026-06-29 05:14:13,453][finetune_logger][INFO] - Train time: 13386.594442129135s
2026-06-29 05:14:13 - finetune_logger - INFO - Train memory reserved: 64.00 MB
[2026-06-29 05:14:13,453][finetune_logger][INFO] - Train memory reserved: 64.00 MB
2026-06-29 05:14:13 - finetune_logger - INFO - Train memory allocated: 22.80 MB
[2026-06-29 05:14:13,453][finetune_logger][INFO] - Train memory allocated: 22.80 MB
2026-06-29 05:14:13 - finetune_logger - INFO - Current learning rate: 0.0005
[2026-06-29 05:14:13,454][finetune_logger][INFO] - Current learning rate: 0.0005
2026-06-29 05:32:03 - finetune_logger - INFO - Validation metrics: {'MAE': 2.3227311389794334, 'RMSE': 3.286984786434906}
[2026-06-29 05:32:03,928][finetune_logger][INFO] - Validation metrics: {'MAE': 2.3227311389794334, 'RMSE': 3.286984786434906}
2026-06-29 05:32:03 - finetune_logger - INFO - Val time: 1070.47s
[2026-06-29 05:32:03,928][finetune_logger][INFO] - Val time: 1070.47s
2026-06-29 05:32:03 - finetune_logger - INFO - Val memory reserved: 64.00 MB
[2026-06-29 05:32:03,929][finetune_logger][INFO] - Val memory reserved: 64.00 MB
2026-06-29 05:32:03 - finetune_logger - INFO - Val memory allocated: 22.80 MB
[2026-06-29 05:32:03,929][finetune_logger][INFO] - Val memory allocated: 22.80 MB
2026-06-29 05:32:03 - finetune_logger - INFO - Logged epoch 9 info to /public/home/202411094934/python_project/Spatio-Temporal-Library/time-series/2026-06-27/fedformer/finetune20/ettm2/time-series/seed_0/training_log.json
[2026-06-29 05:32:03,932][finetune_logger][INFO] - Logged epoch 9 info to /public/home/202411094934/python_project/Spatio-Temporal-Library/time-series/2026-06-27/fedformer/finetune20/ettm2/time-series/seed_0/training_log.json
2026-06-29 05:49:52 - finetune_logger - INFO - Test metrics: {'MAE': 2.534735123041317, 'RMSE': 3.6783992170917315}
[2026-06-29 05:49:52,215][finetune_logger][INFO] - Test metrics: {'MAE': 2.534735123041317, 'RMSE': 3.6783992170917315}
2026-06-29 05:49:52 - finetune_logger - INFO - Test time: 1068.28s
[2026-06-29 05:49:52,215][finetune_logger][INFO] - Test time: 1068.28s
2026-06-29 05:49:52 - finetune_logger - INFO - Test memory reserved: 64.00 MB
[2026-06-29 05:49:52,215][finetune_logger][INFO] - Test memory reserved: 64.00 MB
2026-06-29 05:49:52 - finetune_logger - INFO - Test memory allocated: 22.80 MB
[2026-06-29 05:49:52,215][finetune_logger][INFO] - Test memory allocated: 22.80 MB
2026-06-29 05:49:52 - finetune_logger - INFO - Epoch 10/20
[2026-06-29 05:49:52,215][finetune_logger][INFO] - Epoch 10/20
2026-06-29 09:31:28 - finetune_logger - INFO - Train loss: 2.1959086973019795
[2026-06-29 09:31:28,239][finetune_logger][INFO] - Train loss: 2.1959086973019795
2026-06-29 09:31:28 - finetune_logger - INFO - Train time: 13296.021622896194s
[2026-06-29 09:31:28,239][finetune_logger][INFO] - Train time: 13296.021622896194s
2026-06-29 09:31:28 - finetune_logger - INFO - Train memory reserved: 64.00 MB
[2026-06-29 09:31:28,239][finetune_logger][INFO] - Train memory reserved: 64.00 MB
2026-06-29 09:31:28 - finetune_logger - INFO - Train memory allocated: 22.80 MB
[2026-06-29 09:31:28,239][finetune_logger][INFO] - Train memory allocated: 22.80 MB
2026-06-29 09:31:28 - finetune_logger - INFO - Current learning rate: 0.0005
[2026-06-29 09:31:28,239][finetune_logger][INFO] - Current learning rate: 0.0005
2026-06-29 09:49:18 - finetune_logger - INFO - Validation metrics: {'MAE': 2.3134370868437797, 'RMSE': 3.2708842545364045}
[2026-06-29 09:49:18,058][finetune_logger][INFO] - Validation metrics: {'MAE': 2.3134370868437797, 'RMSE': 3.2708842545364045}
2026-06-29 09:49:18 - finetune_logger - INFO - Val time: 1069.82s
[2026-06-29 09:49:18,058][finetune_logger][INFO] - Val time: 1069.82s
2026-06-29 09:49:18 - finetune_logger - INFO - Val memory reserved: 64.00 MB
[2026-06-29 09:49:18,058][finetune_logger][INFO] - Val memory reserved: 64.00 MB
2026-06-29 09:49:18 - finetune_logger - INFO - Val memory allocated: 22.80 MB
[2026-06-29 09:49:18,058][finetune_logger][INFO] - Val memory allocated: 22.80 MB
2026-06-29 09:49:18 - finetune_logger - INFO - Logged epoch 10 info to /public/home/202411094934/python_project/Spatio-Temporal-Library/time-series/2026-06-27/fedformer/finetune20/ettm2/time-series/seed_0/training_log.json
[2026-06-29 09:49:18,062][finetune_logger][INFO] - Logged epoch 10 info to /public/home/202411094934/python_project/Spatio-Temporal-Library/time-series/2026-06-27/fedformer/finetune20/ettm2/time-series/seed_0/training_log.json
2026-06-29 10:07:06 - finetune_logger - INFO - Test metrics: {'MAE': 2.5347076034101357, 'RMSE': 3.6800938163182666}
[2026-06-29 10:07:06,276][finetune_logger][INFO] - Test metrics: {'MAE': 2.5347076034101357, 'RMSE': 3.6800938163182666}
2026-06-29 10:07:06 - finetune_logger - INFO - Test time: 1068.18s
[2026-06-29 10:07:06,281][finetune_logger][INFO] - Test time: 1068.18s
2026-06-29 10:07:06 - finetune_logger - INFO - Test memory reserved: 64.00 MB
[2026-06-29 10:07:06,281][finetune_logger][INFO] - Test memory reserved: 64.00 MB
2026-06-29 10:07:06 - finetune_logger - INFO - Test memory allocated: 22.80 MB
[2026-06-29 10:07:06,281][finetune_logger][INFO] - Test memory allocated: 22.80 MB
2026-06-29 10:07:06 - finetune_logger - INFO - Epoch 11/20
[2026-06-29 10:07:06,282][finetune_logger][INFO] - Epoch 11/20
