2026-06-14 11:39:43 - finetune_logger - INFO - No pretrained checkpoint is provided. Finetuning from scratch.
[2026-06-14 11:39:43,618][finetune_logger][INFO] - No pretrained checkpoint is provided. Finetuning from scratch.
2026-06-14 11:39:43 - finetune_logger - INFO - Model parameters: 824,672
[2026-06-14 11:39:43,629][finetune_logger][INFO] - Model parameters: 824,672
2026-06-14 11:39:43 - finetune_logger - INFO - Created new log file at /public/home/202411094934/python_project/Spatio-Temporal-Library/time-series/2026-06-13/crossformer/finetune20/ettm2/time-series/seed_2/training_log.json
[2026-06-14 11:39:43,631][finetune_logger][INFO] - Created new log file at /public/home/202411094934/python_project/Spatio-Temporal-Library/time-series/2026-06-13/crossformer/finetune20/ettm2/time-series/seed_2/training_log.json
2026-06-14 11:39:43 - finetune_logger - INFO - Starting training...
[2026-06-14 11:39:43,631][finetune_logger][INFO] - Starting training...
2026-06-14 11:39:43 - finetune_logger - INFO - Epoch 1/20
[2026-06-14 11:39:43,632][finetune_logger][INFO] - Epoch 1/20
2026-06-14 12:16:16 - finetune_logger - INFO - Train loss: 2.200702366978659
[2026-06-14 12:16:16,840][finetune_logger][INFO] - Train loss: 2.200702366978659
2026-06-14 12:16:16 - finetune_logger - INFO - Train time: 2193.207098722458s
[2026-06-14 12:16:16,840][finetune_logger][INFO] - Train time: 2193.207098722458s
2026-06-14 12:16:16 - finetune_logger - INFO - Train memory reserved: 42.00 MB
[2026-06-14 12:16:16,840][finetune_logger][INFO] - Train memory reserved: 42.00 MB
2026-06-14 12:16:16 - finetune_logger - INFO - Train memory allocated: 25.85 MB
[2026-06-14 12:16:16,840][finetune_logger][INFO] - Train memory allocated: 25.85 MB
2026-06-14 12:16:16 - finetune_logger - INFO - Current learning rate: 0.0005
[2026-06-14 12:16:16,840][finetune_logger][INFO] - Current learning rate: 0.0005
2026-06-14 12:19:59 - finetune_logger - INFO - Validation metrics: {'MAE': 2.061144921184912, 'RMSE': 2.975702994863448}
[2026-06-14 12:19:59,505][finetune_logger][INFO] - Validation metrics: {'MAE': 2.061144921184912, 'RMSE': 2.975702994863448}
2026-06-14 12:19:59 - finetune_logger - INFO - Val time: 222.66s
[2026-06-14 12:19:59,505][finetune_logger][INFO] - Val time: 222.66s
2026-06-14 12:19:59 - finetune_logger - INFO - Val memory reserved: 42.00 MB
[2026-06-14 12:19:59,505][finetune_logger][INFO] - Val memory reserved: 42.00 MB
2026-06-14 12:19:59 - finetune_logger - INFO - Val memory allocated: 25.85 MB
[2026-06-14 12:19:59,505][finetune_logger][INFO] - Val memory allocated: 25.85 MB
2026-06-14 12:19:59 - finetune_logger - INFO - Logged epoch 1 info to /public/home/202411094934/python_project/Spatio-Temporal-Library/time-series/2026-06-13/crossformer/finetune20/ettm2/time-series/seed_2/training_log.json
[2026-06-14 12:19:59,509][finetune_logger][INFO] - Logged epoch 1 info to /public/home/202411094934/python_project/Spatio-Temporal-Library/time-series/2026-06-13/crossformer/finetune20/ettm2/time-series/seed_2/training_log.json
2026-06-14 12:19:59 - finetune_logger - INFO - New best model! Val loss: 2.061145
[2026-06-14 12:19:59,509][finetune_logger][INFO] - New best model! Val loss: 2.061145
2026-06-14 12:23:42 - finetune_logger - INFO - Test metrics: {'MAE': 2.2322394826916785, 'RMSE': 3.322931713725645}
[2026-06-14 12:23:42,201][finetune_logger][INFO] - Test metrics: {'MAE': 2.2322394826916785, 'RMSE': 3.322931713725645}
2026-06-14 12:23:42 - finetune_logger - INFO - Test time: 222.49s
[2026-06-14 12:23:42,201][finetune_logger][INFO] - Test time: 222.49s
2026-06-14 12:23:42 - finetune_logger - INFO - Test memory reserved: 42.00 MB
[2026-06-14 12:23:42,201][finetune_logger][INFO] - Test memory reserved: 42.00 MB
2026-06-14 12:23:42 - finetune_logger - INFO - Test memory allocated: 25.85 MB
[2026-06-14 12:23:42,201][finetune_logger][INFO] - Test memory allocated: 25.85 MB
2026-06-14 12:23:42 - finetune_logger - INFO - Epoch 2/20
[2026-06-14 12:23:42,202][finetune_logger][INFO] - Epoch 2/20
2026-06-14 13:00:25 - finetune_logger - INFO - Train loss: 1.9835087680795616
[2026-06-14 13:00:25,016][finetune_logger][INFO] - Train loss: 1.9835087680795616
2026-06-14 13:00:25 - finetune_logger - INFO - Train time: 2202.8132779598236s
[2026-06-14 13:00:25,016][finetune_logger][INFO] - Train time: 2202.8132779598236s
2026-06-14 13:00:25 - finetune_logger - INFO - Train memory reserved: 42.00 MB
[2026-06-14 13:00:25,016][finetune_logger][INFO] - Train memory reserved: 42.00 MB
2026-06-14 13:00:25 - finetune_logger - INFO - Train memory allocated: 25.85 MB
[2026-06-14 13:00:25,016][finetune_logger][INFO] - Train memory allocated: 25.85 MB
2026-06-14 13:00:25 - finetune_logger - INFO - Current learning rate: 0.0005
[2026-06-14 13:00:25,016][finetune_logger][INFO] - Current learning rate: 0.0005
2026-06-14 13:04:07 - finetune_logger - INFO - Validation metrics: {'MAE': 1.931223559406038, 'RMSE': 2.808352475953642}
[2026-06-14 13:04:07,863][finetune_logger][INFO] - Validation metrics: {'MAE': 1.931223559406038, 'RMSE': 2.808352475953642}
2026-06-14 13:04:07 - finetune_logger - INFO - Val time: 222.85s
[2026-06-14 13:04:07,863][finetune_logger][INFO] - Val time: 222.85s
2026-06-14 13:04:07 - finetune_logger - INFO - Val memory reserved: 42.00 MB
[2026-06-14 13:04:07,863][finetune_logger][INFO] - Val memory reserved: 42.00 MB
2026-06-14 13:04:07 - finetune_logger - INFO - Val memory allocated: 25.85 MB
[2026-06-14 13:04:07,863][finetune_logger][INFO] - Val memory allocated: 25.85 MB
2026-06-14 13:04:07 - finetune_logger - INFO - Logged epoch 2 info to /public/home/202411094934/python_project/Spatio-Temporal-Library/time-series/2026-06-13/crossformer/finetune20/ettm2/time-series/seed_2/training_log.json
[2026-06-14 13:04:07,866][finetune_logger][INFO] - Logged epoch 2 info to /public/home/202411094934/python_project/Spatio-Temporal-Library/time-series/2026-06-13/crossformer/finetune20/ettm2/time-series/seed_2/training_log.json
2026-06-14 13:04:07 - finetune_logger - INFO - New best model! Val loss: 1.931224
[2026-06-14 13:04:07,866][finetune_logger][INFO] - New best model! Val loss: 1.931224
2026-06-14 13:07:50 - finetune_logger - INFO - Test metrics: {'MAE': 2.0705668533583976, 'RMSE': 3.122276646203047}
[2026-06-14 13:07:50,416][finetune_logger][INFO] - Test metrics: {'MAE': 2.0705668533583976, 'RMSE': 3.122276646203047}
2026-06-14 13:07:50 - finetune_logger - INFO - Test time: 222.35s
[2026-06-14 13:07:50,416][finetune_logger][INFO] - Test time: 222.35s
2026-06-14 13:07:50 - finetune_logger - INFO - Test memory reserved: 42.00 MB
[2026-06-14 13:07:50,416][finetune_logger][INFO] - Test memory reserved: 42.00 MB
2026-06-14 13:07:50 - finetune_logger - INFO - Test memory allocated: 25.85 MB
[2026-06-14 13:07:50,417][finetune_logger][INFO] - Test memory allocated: 25.85 MB
2026-06-14 13:07:50 - finetune_logger - INFO - Epoch 3/20
[2026-06-14 13:07:50,417][finetune_logger][INFO] - Epoch 3/20
2026-06-14 13:44:34 - finetune_logger - INFO - Train loss: 1.9125383519115078
[2026-06-14 13:44:34,849][finetune_logger][INFO] - Train loss: 1.9125383519115078
2026-06-14 13:44:34 - finetune_logger - INFO - Train time: 2204.43106842041s
[2026-06-14 13:44:34,849][finetune_logger][INFO] - Train time: 2204.43106842041s
2026-06-14 13:44:34 - finetune_logger - INFO - Train memory reserved: 42.00 MB
[2026-06-14 13:44:34,849][finetune_logger][INFO] - Train memory reserved: 42.00 MB
2026-06-14 13:44:34 - finetune_logger - INFO - Train memory allocated: 25.85 MB
[2026-06-14 13:44:34,849][finetune_logger][INFO] - Train memory allocated: 25.85 MB
2026-06-14 13:44:34 - finetune_logger - INFO - Current learning rate: 0.0005
[2026-06-14 13:44:34,849][finetune_logger][INFO] - Current learning rate: 0.0005
2026-06-14 13:48:17 - finetune_logger - INFO - Validation metrics: {'MAE': 1.978505540470845, 'RMSE': 2.8604247329714485}
[2026-06-14 13:48:17,587][finetune_logger][INFO] - Validation metrics: {'MAE': 1.978505540470845, 'RMSE': 2.8604247329714485}
2026-06-14 13:48:17 - finetune_logger - INFO - Val time: 222.74s
[2026-06-14 13:48:17,588][finetune_logger][INFO] - Val time: 222.74s
2026-06-14 13:48:17 - finetune_logger - INFO - Val memory reserved: 42.00 MB
[2026-06-14 13:48:17,588][finetune_logger][INFO] - Val memory reserved: 42.00 MB
2026-06-14 13:48:17 - finetune_logger - INFO - Val memory allocated: 25.85 MB
[2026-06-14 13:48:17,588][finetune_logger][INFO] - Val memory allocated: 25.85 MB
2026-06-14 13:48:17 - finetune_logger - INFO - Logged epoch 3 info to /public/home/202411094934/python_project/Spatio-Temporal-Library/time-series/2026-06-13/crossformer/finetune20/ettm2/time-series/seed_2/training_log.json
[2026-06-14 13:48:17,591][finetune_logger][INFO] - Logged epoch 3 info to /public/home/202411094934/python_project/Spatio-Temporal-Library/time-series/2026-06-13/crossformer/finetune20/ettm2/time-series/seed_2/training_log.json
2026-06-14 13:52:00 - finetune_logger - INFO - Test metrics: {'MAE': 2.1383061936893184, 'RMSE': 3.196062221867856}
[2026-06-14 13:52:00,782][finetune_logger][INFO] - Test metrics: {'MAE': 2.1383061936893184, 'RMSE': 3.196062221867856}
2026-06-14 13:52:00 - finetune_logger - INFO - Test time: 223.19s
[2026-06-14 13:52:00,783][finetune_logger][INFO] - Test time: 223.19s
2026-06-14 13:52:00 - finetune_logger - INFO - Test memory reserved: 42.00 MB
[2026-06-14 13:52:00,783][finetune_logger][INFO] - Test memory reserved: 42.00 MB
2026-06-14 13:52:00 - finetune_logger - INFO - Test memory allocated: 25.85 MB
[2026-06-14 13:52:00,783][finetune_logger][INFO] - Test memory allocated: 25.85 MB
2026-06-14 13:52:00 - finetune_logger - INFO - Epoch 4/20
[2026-06-14 13:52:00,783][finetune_logger][INFO] - Epoch 4/20
2026-06-14 14:28:37 - finetune_logger - INFO - Train loss: 1.862044494484961
[2026-06-14 14:28:37,850][finetune_logger][INFO] - Train loss: 1.862044494484961
2026-06-14 14:28:37 - finetune_logger - INFO - Train time: 2197.065909385681s
[2026-06-14 14:28:37,850][finetune_logger][INFO] - Train time: 2197.065909385681s
2026-06-14 14:28:37 - finetune_logger - INFO - Train memory reserved: 42.00 MB
[2026-06-14 14:28:37,850][finetune_logger][INFO] - Train memory reserved: 42.00 MB
2026-06-14 14:28:37 - finetune_logger - INFO - Train memory allocated: 25.85 MB
[2026-06-14 14:28:37,850][finetune_logger][INFO] - Train memory allocated: 25.85 MB
2026-06-14 14:28:37 - finetune_logger - INFO - Current learning rate: 0.0005
[2026-06-14 14:28:37,850][finetune_logger][INFO] - Current learning rate: 0.0005
2026-06-14 14:32:20 - finetune_logger - INFO - Validation metrics: {'MAE': 1.9353111248465098, 'RMSE': 2.8175533677121165}
[2026-06-14 14:32:20,433][finetune_logger][INFO] - Validation metrics: {'MAE': 1.9353111248465098, 'RMSE': 2.8175533677121165}
2026-06-14 14:32:20 - finetune_logger - INFO - Val time: 222.58s
[2026-06-14 14:32:20,434][finetune_logger][INFO] - Val time: 222.58s
2026-06-14 14:32:20 - finetune_logger - INFO - Val memory reserved: 42.00 MB
[2026-06-14 14:32:20,434][finetune_logger][INFO] - Val memory reserved: 42.00 MB
2026-06-14 14:32:20 - finetune_logger - INFO - Val memory allocated: 25.85 MB
[2026-06-14 14:32:20,434][finetune_logger][INFO] - Val memory allocated: 25.85 MB
2026-06-14 14:32:20 - finetune_logger - INFO - Logged epoch 4 info to /public/home/202411094934/python_project/Spatio-Temporal-Library/time-series/2026-06-13/crossformer/finetune20/ettm2/time-series/seed_2/training_log.json
[2026-06-14 14:32:20,437][finetune_logger][INFO] - Logged epoch 4 info to /public/home/202411094934/python_project/Spatio-Temporal-Library/time-series/2026-06-13/crossformer/finetune20/ettm2/time-series/seed_2/training_log.json
2026-06-14 14:36:03 - finetune_logger - INFO - Test metrics: {'MAE': 2.1042588213894478, 'RMSE': 3.174351136228318}
[2026-06-14 14:36:03,206][finetune_logger][INFO] - Test metrics: {'MAE': 2.1042588213894478, 'RMSE': 3.174351136228318}
2026-06-14 14:36:03 - finetune_logger - INFO - Test time: 222.77s
[2026-06-14 14:36:03,206][finetune_logger][INFO] - Test time: 222.77s
2026-06-14 14:36:03 - finetune_logger - INFO - Test memory reserved: 42.00 MB
[2026-06-14 14:36:03,206][finetune_logger][INFO] - Test memory reserved: 42.00 MB
2026-06-14 14:36:03 - finetune_logger - INFO - Test memory allocated: 25.85 MB
[2026-06-14 14:36:03,206][finetune_logger][INFO] - Test memory allocated: 25.85 MB
2026-06-14 14:36:03 - finetune_logger - INFO - Epoch 5/20
[2026-06-14 14:36:03,206][finetune_logger][INFO] - Epoch 5/20
2026-06-14 15:12:37 - finetune_logger - INFO - Train loss: 1.8154470136224423
[2026-06-14 15:12:37,817][finetune_logger][INFO] - Train loss: 1.8154470136224423
2026-06-14 15:12:37 - finetune_logger - INFO - Train time: 2194.609870672226s
[2026-06-14 15:12:37,817][finetune_logger][INFO] - Train time: 2194.609870672226s
2026-06-14 15:12:37 - finetune_logger - INFO - Train memory reserved: 42.00 MB
[2026-06-14 15:12:37,817][finetune_logger][INFO] - Train memory reserved: 42.00 MB
2026-06-14 15:12:37 - finetune_logger - INFO - Train memory allocated: 25.85 MB
[2026-06-14 15:12:37,817][finetune_logger][INFO] - Train memory allocated: 25.85 MB
2026-06-14 15:12:37 - finetune_logger - INFO - Current learning rate: 0.0005
[2026-06-14 15:12:37,817][finetune_logger][INFO] - Current learning rate: 0.0005
2026-06-14 15:16:20 - finetune_logger - INFO - Validation metrics: {'MAE': 1.94346120487675, 'RMSE': 2.8369450549575803}
[2026-06-14 15:16:20,315][finetune_logger][INFO] - Validation metrics: {'MAE': 1.94346120487675, 'RMSE': 2.8369450549575803}
2026-06-14 15:16:20 - finetune_logger - INFO - Val time: 222.50s
[2026-06-14 15:16:20,315][finetune_logger][INFO] - Val time: 222.50s
2026-06-14 15:16:20 - finetune_logger - INFO - Val memory reserved: 42.00 MB
[2026-06-14 15:16:20,315][finetune_logger][INFO] - Val memory reserved: 42.00 MB
2026-06-14 15:16:20 - finetune_logger - INFO - Val memory allocated: 25.85 MB
[2026-06-14 15:16:20,315][finetune_logger][INFO] - Val memory allocated: 25.85 MB
2026-06-14 15:16:20 - finetune_logger - INFO - Logged epoch 5 info to /public/home/202411094934/python_project/Spatio-Temporal-Library/time-series/2026-06-13/crossformer/finetune20/ettm2/time-series/seed_2/training_log.json
[2026-06-14 15:16:20,318][finetune_logger][INFO] - Logged epoch 5 info to /public/home/202411094934/python_project/Spatio-Temporal-Library/time-series/2026-06-13/crossformer/finetune20/ettm2/time-series/seed_2/training_log.json
2026-06-14 15:20:02 - finetune_logger - INFO - Test metrics: {'MAE': 2.1406739295084445, 'RMSE': 3.231870847853151}
[2026-06-14 15:20:02,940][finetune_logger][INFO] - Test metrics: {'MAE': 2.1406739295084445, 'RMSE': 3.231870847853151}
2026-06-14 15:20:02 - finetune_logger - INFO - Test time: 222.62s
[2026-06-14 15:20:02,940][finetune_logger][INFO] - Test time: 222.62s
2026-06-14 15:20:02 - finetune_logger - INFO - Test memory reserved: 42.00 MB
[2026-06-14 15:20:02,940][finetune_logger][INFO] - Test memory reserved: 42.00 MB
2026-06-14 15:20:02 - finetune_logger - INFO - Test memory allocated: 25.85 MB
[2026-06-14 15:20:02,940][finetune_logger][INFO] - Test memory allocated: 25.85 MB
2026-06-14 15:20:02 - finetune_logger - INFO - Epoch 6/20
[2026-06-14 15:20:02,940][finetune_logger][INFO] - Epoch 6/20
2026-06-14 15:56:36 - finetune_logger - INFO - Train loss: 1.7731459897420287
[2026-06-14 15:56:36,256][finetune_logger][INFO] - Train loss: 1.7731459897420287
2026-06-14 15:56:36 - finetune_logger - INFO - Train time: 2193.314915418625s
[2026-06-14 15:56:36,256][finetune_logger][INFO] - Train time: 2193.314915418625s
2026-06-14 15:56:36 - finetune_logger - INFO - Train memory reserved: 42.00 MB
[2026-06-14 15:56:36,256][finetune_logger][INFO] - Train memory reserved: 42.00 MB
2026-06-14 15:56:36 - finetune_logger - INFO - Train memory allocated: 25.85 MB
[2026-06-14 15:56:36,257][finetune_logger][INFO] - Train memory allocated: 25.85 MB
2026-06-14 15:56:36 - finetune_logger - INFO - Current learning rate: 0.0005
[2026-06-14 15:56:36,257][finetune_logger][INFO] - Current learning rate: 0.0005
2026-06-14 16:00:19 - finetune_logger - INFO - Validation metrics: {'MAE': 1.974044720935021, 'RMSE': 2.8855881436898563}
[2026-06-14 16:00:19,362][finetune_logger][INFO] - Validation metrics: {'MAE': 1.974044720935021, 'RMSE': 2.8855881436898563}
2026-06-14 16:00:19 - finetune_logger - INFO - Val time: 223.11s
[2026-06-14 16:00:19,363][finetune_logger][INFO] - Val time: 223.11s
2026-06-14 16:00:19 - finetune_logger - INFO - Val memory reserved: 42.00 MB
[2026-06-14 16:00:19,363][finetune_logger][INFO] - Val memory reserved: 42.00 MB
2026-06-14 16:00:19 - finetune_logger - INFO - Val memory allocated: 25.85 MB
[2026-06-14 16:00:19,363][finetune_logger][INFO] - Val memory allocated: 25.85 MB
2026-06-14 16:00:19 - finetune_logger - INFO - Logged epoch 6 info to /public/home/202411094934/python_project/Spatio-Temporal-Library/time-series/2026-06-13/crossformer/finetune20/ettm2/time-series/seed_2/training_log.json
[2026-06-14 16:00:19,366][finetune_logger][INFO] - Logged epoch 6 info to /public/home/202411094934/python_project/Spatio-Temporal-Library/time-series/2026-06-13/crossformer/finetune20/ettm2/time-series/seed_2/training_log.json
2026-06-14 16:04:02 - finetune_logger - INFO - Test metrics: {'MAE': 2.1032204501955842, 'RMSE': 3.1854811232300717}
[2026-06-14 16:04:02,108][finetune_logger][INFO] - Test metrics: {'MAE': 2.1032204501955842, 'RMSE': 3.1854811232300717}
2026-06-14 16:04:02 - finetune_logger - INFO - Test time: 222.74s
[2026-06-14 16:04:02,108][finetune_logger][INFO] - Test time: 222.74s
2026-06-14 16:04:02 - finetune_logger - INFO - Test memory reserved: 42.00 MB
[2026-06-14 16:04:02,108][finetune_logger][INFO] - Test memory reserved: 42.00 MB
2026-06-14 16:04:02 - finetune_logger - INFO - Test memory allocated: 25.85 MB
[2026-06-14 16:04:02,108][finetune_logger][INFO] - Test memory allocated: 25.85 MB
2026-06-14 16:04:02 - finetune_logger - INFO - Epoch 7/20
[2026-06-14 16:04:02,108][finetune_logger][INFO] - Epoch 7/20
2026-06-14 16:40:36 - finetune_logger - INFO - Train loss: 1.7392748291717302
[2026-06-14 16:40:36,738][finetune_logger][INFO] - Train loss: 1.7392748291717302
2026-06-14 16:40:36 - finetune_logger - INFO - Train time: 2194.6291818618774s
[2026-06-14 16:40:36,739][finetune_logger][INFO] - Train time: 2194.6291818618774s
2026-06-14 16:40:36 - finetune_logger - INFO - Train memory reserved: 42.00 MB
[2026-06-14 16:40:36,739][finetune_logger][INFO] - Train memory reserved: 42.00 MB
2026-06-14 16:40:36 - finetune_logger - INFO - Train memory allocated: 25.85 MB
[2026-06-14 16:40:36,739][finetune_logger][INFO] - Train memory allocated: 25.85 MB
2026-06-14 16:40:36 - finetune_logger - INFO - Current learning rate: 0.0005
[2026-06-14 16:40:36,739][finetune_logger][INFO] - Current learning rate: 0.0005
2026-06-14 16:44:19 - finetune_logger - INFO - Validation metrics: {'MAE': 1.9567088096447693, 'RMSE': 2.8534088628534473}
[2026-06-14 16:44:19,278][finetune_logger][INFO] - Validation metrics: {'MAE': 1.9567088096447693, 'RMSE': 2.8534088628534473}
2026-06-14 16:44:19 - finetune_logger - INFO - Val time: 222.54s
[2026-06-14 16:44:19,278][finetune_logger][INFO] - Val time: 222.54s
2026-06-14 16:44:19 - finetune_logger - INFO - Val memory reserved: 42.00 MB
[2026-06-14 16:44:19,278][finetune_logger][INFO] - Val memory reserved: 42.00 MB
2026-06-14 16:44:19 - finetune_logger - INFO - Val memory allocated: 25.85 MB
[2026-06-14 16:44:19,279][finetune_logger][INFO] - Val memory allocated: 25.85 MB
2026-06-14 16:44:19 - finetune_logger - INFO - Logged epoch 7 info to /public/home/202411094934/python_project/Spatio-Temporal-Library/time-series/2026-06-13/crossformer/finetune20/ettm2/time-series/seed_2/training_log.json
[2026-06-14 16:44:19,282][finetune_logger][INFO] - Logged epoch 7 info to /public/home/202411094934/python_project/Spatio-Temporal-Library/time-series/2026-06-13/crossformer/finetune20/ettm2/time-series/seed_2/training_log.json
2026-06-14 16:48:01 - finetune_logger - INFO - Test metrics: {'MAE': 2.1094313143995933, 'RMSE': 3.1776041771113617}
[2026-06-14 16:48:01,964][finetune_logger][INFO] - Test metrics: {'MAE': 2.1094313143995933, 'RMSE': 3.1776041771113617}
2026-06-14 16:48:01 - finetune_logger - INFO - Test time: 222.68s
[2026-06-14 16:48:01,964][finetune_logger][INFO] - Test time: 222.68s
2026-06-14 16:48:01 - finetune_logger - INFO - Test memory reserved: 42.00 MB
[2026-06-14 16:48:01,965][finetune_logger][INFO] - Test memory reserved: 42.00 MB
2026-06-14 16:48:01 - finetune_logger - INFO - Test memory allocated: 25.85 MB
[2026-06-14 16:48:01,965][finetune_logger][INFO] - Test memory allocated: 25.85 MB
2026-06-14 16:48:01 - finetune_logger - INFO - Epoch 8/20
[2026-06-14 16:48:01,965][finetune_logger][INFO] - Epoch 8/20
2026-06-14 17:24:33 - finetune_logger - INFO - Train loss: 1.6928332785660982
[2026-06-14 17:24:33,860][finetune_logger][INFO] - Train loss: 1.6928332785660982
2026-06-14 17:24:33 - finetune_logger - INFO - Train time: 2191.8938353061676s
[2026-06-14 17:24:33,860][finetune_logger][INFO] - Train time: 2191.8938353061676s
2026-06-14 17:24:33 - finetune_logger - INFO - Train memory reserved: 42.00 MB
[2026-06-14 17:24:33,860][finetune_logger][INFO] - Train memory reserved: 42.00 MB
2026-06-14 17:24:33 - finetune_logger - INFO - Train memory allocated: 25.85 MB
[2026-06-14 17:24:33,860][finetune_logger][INFO] - Train memory allocated: 25.85 MB
2026-06-14 17:24:33 - finetune_logger - INFO - Current learning rate: 0.0005
[2026-06-14 17:24:33,860][finetune_logger][INFO] - Current learning rate: 0.0005
2026-06-14 17:28:16 - finetune_logger - INFO - Validation metrics: {'MAE': 1.9587411792660385, 'RMSE': 2.8582349323030476}
[2026-06-14 17:28:16,503][finetune_logger][INFO] - Validation metrics: {'MAE': 1.9587411792660385, 'RMSE': 2.8582349323030476}
2026-06-14 17:28:16 - finetune_logger - INFO - Val time: 222.64s
[2026-06-14 17:28:16,504][finetune_logger][INFO] - Val time: 222.64s
2026-06-14 17:28:16 - finetune_logger - INFO - Val memory reserved: 42.00 MB
[2026-06-14 17:28:16,504][finetune_logger][INFO] - Val memory reserved: 42.00 MB
2026-06-14 17:28:16 - finetune_logger - INFO - Val memory allocated: 25.85 MB
[2026-06-14 17:28:16,504][finetune_logger][INFO] - Val memory allocated: 25.85 MB
2026-06-14 17:28:16 - finetune_logger - INFO - Logged epoch 8 info to /public/home/202411094934/python_project/Spatio-Temporal-Library/time-series/2026-06-13/crossformer/finetune20/ettm2/time-series/seed_2/training_log.json
[2026-06-14 17:28:16,507][finetune_logger][INFO] - Logged epoch 8 info to /public/home/202411094934/python_project/Spatio-Temporal-Library/time-series/2026-06-13/crossformer/finetune20/ettm2/time-series/seed_2/training_log.json
2026-06-14 17:31:59 - finetune_logger - INFO - Test metrics: {'MAE': 2.1394393021775766, 'RMSE': 3.225619471427654}
[2026-06-14 17:31:59,323][finetune_logger][INFO] - Test metrics: {'MAE': 2.1394393021775766, 'RMSE': 3.225619471427654}
2026-06-14 17:31:59 - finetune_logger - INFO - Test time: 222.82s
[2026-06-14 17:31:59,324][finetune_logger][INFO] - Test time: 222.82s
2026-06-14 17:31:59 - finetune_logger - INFO - Test memory reserved: 42.00 MB
[2026-06-14 17:31:59,324][finetune_logger][INFO] - Test memory reserved: 42.00 MB
2026-06-14 17:31:59 - finetune_logger - INFO - Test memory allocated: 25.85 MB
[2026-06-14 17:31:59,324][finetune_logger][INFO] - Test memory allocated: 25.85 MB
2026-06-14 17:31:59 - finetune_logger - INFO - Epoch 9/20
[2026-06-14 17:31:59,324][finetune_logger][INFO] - Epoch 9/20
2026-06-14 18:08:32 - finetune_logger - INFO - Train loss: 1.655590515627715
[2026-06-14 18:08:32,293][finetune_logger][INFO] - Train loss: 1.655590515627715
2026-06-14 18:08:32 - finetune_logger - INFO - Train time: 2192.9680120944977s
[2026-06-14 18:08:32,293][finetune_logger][INFO] - Train time: 2192.9680120944977s
2026-06-14 18:08:32 - finetune_logger - INFO - Train memory reserved: 42.00 MB
[2026-06-14 18:08:32,293][finetune_logger][INFO] - Train memory reserved: 42.00 MB
2026-06-14 18:08:32 - finetune_logger - INFO - Train memory allocated: 25.85 MB
[2026-06-14 18:08:32,293][finetune_logger][INFO] - Train memory allocated: 25.85 MB
2026-06-14 18:08:32 - finetune_logger - INFO - Current learning rate: 0.0005
[2026-06-14 18:08:32,294][finetune_logger][INFO] - Current learning rate: 0.0005
2026-06-14 18:12:14 - finetune_logger - INFO - Validation metrics: {'MAE': 2.003598654587641, 'RMSE': 2.9570139328427074}
[2026-06-14 18:12:14,431][finetune_logger][INFO] - Validation metrics: {'MAE': 2.003598654587641, 'RMSE': 2.9570139328427074}
2026-06-14 18:12:14 - finetune_logger - INFO - Val time: 222.14s
[2026-06-14 18:12:14,431][finetune_logger][INFO] - Val time: 222.14s
2026-06-14 18:12:14 - finetune_logger - INFO - Val memory reserved: 42.00 MB
[2026-06-14 18:12:14,431][finetune_logger][INFO] - Val memory reserved: 42.00 MB
2026-06-14 18:12:14 - finetune_logger - INFO - Val memory allocated: 25.85 MB
[2026-06-14 18:12:14,431][finetune_logger][INFO] - Val memory allocated: 25.85 MB
2026-06-14 18:12:14 - finetune_logger - INFO - Logged epoch 9 info to /public/home/202411094934/python_project/Spatio-Temporal-Library/time-series/2026-06-13/crossformer/finetune20/ettm2/time-series/seed_2/training_log.json
[2026-06-14 18:12:14,434][finetune_logger][INFO] - Logged epoch 9 info to /public/home/202411094934/python_project/Spatio-Temporal-Library/time-series/2026-06-13/crossformer/finetune20/ettm2/time-series/seed_2/training_log.json
2026-06-14 18:15:57 - finetune_logger - INFO - Test metrics: {'MAE': 2.1599074003488155, 'RMSE': 3.2688396976304253}
[2026-06-14 18:15:57,177][finetune_logger][INFO] - Test metrics: {'MAE': 2.1599074003488155, 'RMSE': 3.2688396976304253}
2026-06-14 18:15:57 - finetune_logger - INFO - Test time: 222.74s
[2026-06-14 18:15:57,177][finetune_logger][INFO] - Test time: 222.74s
2026-06-14 18:15:57 - finetune_logger - INFO - Test memory reserved: 42.00 MB
[2026-06-14 18:15:57,178][finetune_logger][INFO] - Test memory reserved: 42.00 MB
2026-06-14 18:15:57 - finetune_logger - INFO - Test memory allocated: 25.85 MB
[2026-06-14 18:15:57,178][finetune_logger][INFO] - Test memory allocated: 25.85 MB
2026-06-14 18:15:57 - finetune_logger - INFO - Epoch 10/20
[2026-06-14 18:15:57,178][finetune_logger][INFO] - Epoch 10/20
2026-06-14 18:52:30 - finetune_logger - INFO - Train loss: 1.6093365654811835
[2026-06-14 18:52:30,661][finetune_logger][INFO] - Train loss: 1.6093365654811835
2026-06-14 18:52:30 - finetune_logger - INFO - Train time: 2193.482348203659s
[2026-06-14 18:52:30,661][finetune_logger][INFO] - Train time: 2193.482348203659s
2026-06-14 18:52:30 - finetune_logger - INFO - Train memory reserved: 42.00 MB
[2026-06-14 18:52:30,661][finetune_logger][INFO] - Train memory reserved: 42.00 MB
2026-06-14 18:52:30 - finetune_logger - INFO - Train memory allocated: 25.85 MB
[2026-06-14 18:52:30,661][finetune_logger][INFO] - Train memory allocated: 25.85 MB
2026-06-14 18:52:30 - finetune_logger - INFO - Current learning rate: 0.0005
[2026-06-14 18:52:30,662][finetune_logger][INFO] - Current learning rate: 0.0005
2026-06-14 18:56:13 - finetune_logger - INFO - Validation metrics: {'MAE': 2.018081570687535, 'RMSE': 2.953442559980904}
[2026-06-14 18:56:13,296][finetune_logger][INFO] - Validation metrics: {'MAE': 2.018081570687535, 'RMSE': 2.953442559980904}
2026-06-14 18:56:13 - finetune_logger - INFO - Val time: 222.63s
[2026-06-14 18:56:13,296][finetune_logger][INFO] - Val time: 222.63s
2026-06-14 18:56:13 - finetune_logger - INFO - Val memory reserved: 42.00 MB
[2026-06-14 18:56:13,297][finetune_logger][INFO] - Val memory reserved: 42.00 MB
2026-06-14 18:56:13 - finetune_logger - INFO - Val memory allocated: 25.85 MB
[2026-06-14 18:56:13,297][finetune_logger][INFO] - Val memory allocated: 25.85 MB
2026-06-14 18:56:13 - finetune_logger - INFO - Logged epoch 10 info to /public/home/202411094934/python_project/Spatio-Temporal-Library/time-series/2026-06-13/crossformer/finetune20/ettm2/time-series/seed_2/training_log.json
[2026-06-14 18:56:13,300][finetune_logger][INFO] - Logged epoch 10 info to /public/home/202411094934/python_project/Spatio-Temporal-Library/time-series/2026-06-13/crossformer/finetune20/ettm2/time-series/seed_2/training_log.json
2026-06-14 18:59:56 - finetune_logger - INFO - Test metrics: {'MAE': 2.2904309843415263, 'RMSE': 3.4801595635060796}
[2026-06-14 18:59:56,332][finetune_logger][INFO] - Test metrics: {'MAE': 2.2904309843415263, 'RMSE': 3.4801595635060796}
2026-06-14 18:59:56 - finetune_logger - INFO - Test time: 222.93s
[2026-06-14 18:59:56,332][finetune_logger][INFO] - Test time: 222.93s
2026-06-14 18:59:56 - finetune_logger - INFO - Test memory reserved: 42.00 MB
[2026-06-14 18:59:56,332][finetune_logger][INFO] - Test memory reserved: 42.00 MB
2026-06-14 18:59:56 - finetune_logger - INFO - Test memory allocated: 25.85 MB
[2026-06-14 18:59:56,332][finetune_logger][INFO] - Test memory allocated: 25.85 MB
2026-06-14 18:59:56 - finetune_logger - INFO - Epoch 11/20
[2026-06-14 18:59:56,332][finetune_logger][INFO] - Epoch 11/20
2026-06-14 19:36:30 - finetune_logger - INFO - Train loss: 1.483618613849516
[2026-06-14 19:36:30,090][finetune_logger][INFO] - Train loss: 1.483618613849516
2026-06-14 19:36:30 - finetune_logger - INFO - Train time: 2193.756721496582s
[2026-06-14 19:36:30,090][finetune_logger][INFO] - Train time: 2193.756721496582s
2026-06-14 19:36:30 - finetune_logger - INFO - Train memory reserved: 42.00 MB
[2026-06-14 19:36:30,090][finetune_logger][INFO] - Train memory reserved: 42.00 MB
2026-06-14 19:36:30 - finetune_logger - INFO - Train memory allocated: 25.85 MB
[2026-06-14 19:36:30,090][finetune_logger][INFO] - Train memory allocated: 25.85 MB
2026-06-14 19:36:30 - finetune_logger - INFO - Current learning rate: 0.00025
[2026-06-14 19:36:30,090][finetune_logger][INFO] - Current learning rate: 0.00025
2026-06-14 19:40:13 - finetune_logger - INFO - Validation metrics: {'MAE': 2.1691526498627476, 'RMSE': 3.1674684829199715}
[2026-06-14 19:40:13,090][finetune_logger][INFO] - Validation metrics: {'MAE': 2.1691526498627476, 'RMSE': 3.1674684829199715}
2026-06-14 19:40:13 - finetune_logger - INFO - Val time: 223.00s
[2026-06-14 19:40:13,090][finetune_logger][INFO] - Val time: 223.00s
2026-06-14 19:40:13 - finetune_logger - INFO - Val memory reserved: 42.00 MB
[2026-06-14 19:40:13,090][finetune_logger][INFO] - Val memory reserved: 42.00 MB
2026-06-14 19:40:13 - finetune_logger - INFO - Val memory allocated: 25.85 MB
[2026-06-14 19:40:13,090][finetune_logger][INFO] - Val memory allocated: 25.85 MB
2026-06-14 19:40:13 - finetune_logger - INFO - Logged epoch 11 info to /public/home/202411094934/python_project/Spatio-Temporal-Library/time-series/2026-06-13/crossformer/finetune20/ettm2/time-series/seed_2/training_log.json
[2026-06-14 19:40:13,093][finetune_logger][INFO] - Logged epoch 11 info to /public/home/202411094934/python_project/Spatio-Temporal-Library/time-series/2026-06-13/crossformer/finetune20/ettm2/time-series/seed_2/training_log.json
2026-06-14 19:43:55 - finetune_logger - INFO - Test metrics: {'MAE': 2.651086753038018, 'RMSE': 3.996206305538127}
[2026-06-14 19:43:55,996][finetune_logger][INFO] - Test metrics: {'MAE': 2.651086753038018, 'RMSE': 3.996206305538127}
2026-06-14 19:43:55 - finetune_logger - INFO - Test time: 222.90s
[2026-06-14 19:43:55,997][finetune_logger][INFO] - Test time: 222.90s
2026-06-14 19:43:55 - finetune_logger - INFO - Test memory reserved: 42.00 MB
[2026-06-14 19:43:55,997][finetune_logger][INFO] - Test memory reserved: 42.00 MB
2026-06-14 19:43:55 - finetune_logger - INFO - Test memory allocated: 25.85 MB
[2026-06-14 19:43:55,997][finetune_logger][INFO] - Test memory allocated: 25.85 MB
2026-06-14 19:43:55 - finetune_logger - INFO - Epoch 12/20
[2026-06-14 19:43:55,997][finetune_logger][INFO] - Epoch 12/20
2026-06-14 20:20:27 - finetune_logger - INFO - Train loss: 1.4309547424550861
[2026-06-14 20:20:27,441][finetune_logger][INFO] - Train loss: 1.4309547424550861
2026-06-14 20:20:27 - finetune_logger - INFO - Train time: 2191.4432742595673s
[2026-06-14 20:20:27,441][finetune_logger][INFO] - Train time: 2191.4432742595673s
2026-06-14 20:20:27 - finetune_logger - INFO - Train memory reserved: 42.00 MB
[2026-06-14 20:20:27,442][finetune_logger][INFO] - Train memory reserved: 42.00 MB
2026-06-14 20:20:27 - finetune_logger - INFO - Train memory allocated: 25.85 MB
[2026-06-14 20:20:27,442][finetune_logger][INFO] - Train memory allocated: 25.85 MB
2026-06-14 20:20:27 - finetune_logger - INFO - Current learning rate: 0.00025
[2026-06-14 20:20:27,442][finetune_logger][INFO] - Current learning rate: 0.00025
2026-06-14 20:24:10 - finetune_logger - INFO - Validation metrics: {'MAE': 2.1643950520438047, 'RMSE': 3.172175985476847}
[2026-06-14 20:24:10,375][finetune_logger][INFO] - Validation metrics: {'MAE': 2.1643950520438047, 'RMSE': 3.172175985476847}
2026-06-14 20:24:10 - finetune_logger - INFO - Val time: 222.93s
[2026-06-14 20:24:10,375][finetune_logger][INFO] - Val time: 222.93s
2026-06-14 20:24:10 - finetune_logger - INFO - Val memory reserved: 42.00 MB
[2026-06-14 20:24:10,375][finetune_logger][INFO] - Val memory reserved: 42.00 MB
2026-06-14 20:24:10 - finetune_logger - INFO - Val memory allocated: 25.85 MB
[2026-06-14 20:24:10,375][finetune_logger][INFO] - Val memory allocated: 25.85 MB
2026-06-14 20:24:10 - finetune_logger - INFO - Logged epoch 12 info to /public/home/202411094934/python_project/Spatio-Temporal-Library/time-series/2026-06-13/crossformer/finetune20/ettm2/time-series/seed_2/training_log.json
[2026-06-14 20:24:10,379][finetune_logger][INFO] - Logged epoch 12 info to /public/home/202411094934/python_project/Spatio-Temporal-Library/time-series/2026-06-13/crossformer/finetune20/ettm2/time-series/seed_2/training_log.json
2026-06-14 20:27:53 - finetune_logger - INFO - Test metrics: {'MAE': 2.4961495655830666, 'RMSE': 3.756784663674462}
[2026-06-14 20:27:53,086][finetune_logger][INFO] - Test metrics: {'MAE': 2.4961495655830666, 'RMSE': 3.756784663674462}
2026-06-14 20:27:53 - finetune_logger - INFO - Test time: 222.71s
[2026-06-14 20:27:53,086][finetune_logger][INFO] - Test time: 222.71s
2026-06-14 20:27:53 - finetune_logger - INFO - Test memory reserved: 42.00 MB
[2026-06-14 20:27:53,086][finetune_logger][INFO] - Test memory reserved: 42.00 MB
2026-06-14 20:27:53 - finetune_logger - INFO - Test memory allocated: 25.85 MB
[2026-06-14 20:27:53,086][finetune_logger][INFO] - Test memory allocated: 25.85 MB
2026-06-14 20:27:53 - finetune_logger - INFO - Epoch 13/20
[2026-06-14 20:27:53,086][finetune_logger][INFO] - Epoch 13/20
2026-06-14 21:04:21 - finetune_logger - INFO - Train loss: 1.3867664287917756
[2026-06-14 21:04:21,507][finetune_logger][INFO] - Train loss: 1.3867664287917756
2026-06-14 21:04:21 - finetune_logger - INFO - Train time: 2188.4194991588593s
[2026-06-14 21:04:21,507][finetune_logger][INFO] - Train time: 2188.4194991588593s
2026-06-14 21:04:21 - finetune_logger - INFO - Train memory reserved: 42.00 MB
[2026-06-14 21:04:21,507][finetune_logger][INFO] - Train memory reserved: 42.00 MB
2026-06-14 21:04:21 - finetune_logger - INFO - Train memory allocated: 25.85 MB
[2026-06-14 21:04:21,507][finetune_logger][INFO] - Train memory allocated: 25.85 MB
2026-06-14 21:04:21 - finetune_logger - INFO - Current learning rate: 0.00025
[2026-06-14 21:04:21,507][finetune_logger][INFO] - Current learning rate: 0.00025
2026-06-14 21:08:04 - finetune_logger - INFO - Validation metrics: {'MAE': 2.16204301335788, 'RMSE': 3.1914194963796674}
[2026-06-14 21:08:04,138][finetune_logger][INFO] - Validation metrics: {'MAE': 2.16204301335788, 'RMSE': 3.1914194963796674}
2026-06-14 21:08:04 - finetune_logger - INFO - Val time: 222.63s
[2026-06-14 21:08:04,138][finetune_logger][INFO] - Val time: 222.63s
2026-06-14 21:08:04 - finetune_logger - INFO - Val memory reserved: 42.00 MB
[2026-06-14 21:08:04,138][finetune_logger][INFO] - Val memory reserved: 42.00 MB
2026-06-14 21:08:04 - finetune_logger - INFO - Val memory allocated: 25.85 MB
[2026-06-14 21:08:04,138][finetune_logger][INFO] - Val memory allocated: 25.85 MB
2026-06-14 21:08:04 - finetune_logger - INFO - Logged epoch 13 info to /public/home/202411094934/python_project/Spatio-Temporal-Library/time-series/2026-06-13/crossformer/finetune20/ettm2/time-series/seed_2/training_log.json
[2026-06-14 21:08:04,142][finetune_logger][INFO] - Logged epoch 13 info to /public/home/202411094934/python_project/Spatio-Temporal-Library/time-series/2026-06-13/crossformer/finetune20/ettm2/time-series/seed_2/training_log.json
2026-06-14 21:11:47 - finetune_logger - INFO - Test metrics: {'MAE': 2.4079157583246844, 'RMSE': 3.6331216890442626}
[2026-06-14 21:11:47,101][finetune_logger][INFO] - Test metrics: {'MAE': 2.4079157583246844, 'RMSE': 3.6331216890442626}
2026-06-14 21:11:47 - finetune_logger - INFO - Test time: 222.96s
[2026-06-14 21:11:47,101][finetune_logger][INFO] - Test time: 222.96s
2026-06-14 21:11:47 - finetune_logger - INFO - Test memory reserved: 42.00 MB
[2026-06-14 21:11:47,101][finetune_logger][INFO] - Test memory reserved: 42.00 MB
2026-06-14 21:11:47 - finetune_logger - INFO - Test memory allocated: 25.85 MB
[2026-06-14 21:11:47,101][finetune_logger][INFO] - Test memory allocated: 25.85 MB
2026-06-14 21:11:47 - finetune_logger - INFO - Epoch 14/20
[2026-06-14 21:11:47,101][finetune_logger][INFO] - Epoch 14/20
2026-06-14 21:48:17 - finetune_logger - INFO - Train loss: 1.345034800332838
[2026-06-14 21:48:17,354][finetune_logger][INFO] - Train loss: 1.345034800332838
2026-06-14 21:48:17 - finetune_logger - INFO - Train time: 2190.251444578171s
[2026-06-14 21:48:17,354][finetune_logger][INFO] - Train time: 2190.251444578171s
2026-06-14 21:48:17 - finetune_logger - INFO - Train memory reserved: 42.00 MB
[2026-06-14 21:48:17,354][finetune_logger][INFO] - Train memory reserved: 42.00 MB
2026-06-14 21:48:17 - finetune_logger - INFO - Train memory allocated: 25.85 MB
[2026-06-14 21:48:17,354][finetune_logger][INFO] - Train memory allocated: 25.85 MB
2026-06-14 21:48:17 - finetune_logger - INFO - Current learning rate: 0.00025
[2026-06-14 21:48:17,354][finetune_logger][INFO] - Current learning rate: 0.00025
2026-06-14 21:52:00 - finetune_logger - INFO - Validation metrics: {'MAE': 2.201466281605553, 'RMSE': 3.227433121368387}
[2026-06-14 21:52:00,505][finetune_logger][INFO] - Validation metrics: {'MAE': 2.201466281605553, 'RMSE': 3.227433121368387}
2026-06-14 21:52:00 - finetune_logger - INFO - Val time: 223.15s
[2026-06-14 21:52:00,505][finetune_logger][INFO] - Val time: 223.15s
2026-06-14 21:52:00 - finetune_logger - INFO - Val memory reserved: 42.00 MB
[2026-06-14 21:52:00,505][finetune_logger][INFO] - Val memory reserved: 42.00 MB
2026-06-14 21:52:00 - finetune_logger - INFO - Val memory allocated: 25.85 MB
[2026-06-14 21:52:00,505][finetune_logger][INFO] - Val memory allocated: 25.85 MB
2026-06-14 21:52:00 - finetune_logger - INFO - Logged epoch 14 info to /public/home/202411094934/python_project/Spatio-Temporal-Library/time-series/2026-06-13/crossformer/finetune20/ettm2/time-series/seed_2/training_log.json
[2026-06-14 21:52:00,509][finetune_logger][INFO] - Logged epoch 14 info to /public/home/202411094934/python_project/Spatio-Temporal-Library/time-series/2026-06-13/crossformer/finetune20/ettm2/time-series/seed_2/training_log.json
2026-06-14 21:55:43 - finetune_logger - INFO - Test metrics: {'MAE': 2.595829644861391, 'RMSE': 3.9336565403953205}
[2026-06-14 21:55:43,580][finetune_logger][INFO] - Test metrics: {'MAE': 2.595829644861391, 'RMSE': 3.9336565403953205}
2026-06-14 21:55:43 - finetune_logger - INFO - Test time: 223.07s
[2026-06-14 21:55:43,580][finetune_logger][INFO] - Test time: 223.07s
2026-06-14 21:55:43 - finetune_logger - INFO - Test memory reserved: 42.00 MB
[2026-06-14 21:55:43,580][finetune_logger][INFO] - Test memory reserved: 42.00 MB
2026-06-14 21:55:43 - finetune_logger - INFO - Test memory allocated: 25.85 MB
[2026-06-14 21:55:43,580][finetune_logger][INFO] - Test memory allocated: 25.85 MB
2026-06-14 21:55:43 - finetune_logger - INFO - Epoch 15/20
[2026-06-14 21:55:43,581][finetune_logger][INFO] - Epoch 15/20
2026-06-14 22:32:15 - finetune_logger - INFO - Train loss: 1.3104982045766802
[2026-06-14 22:32:15,160][finetune_logger][INFO] - Train loss: 1.3104982045766802
2026-06-14 22:32:15 - finetune_logger - INFO - Train time: 2191.5789239406586s
[2026-06-14 22:32:15,161][finetune_logger][INFO] - Train time: 2191.5789239406586s
2026-06-14 22:32:15 - finetune_logger - INFO - Train memory reserved: 42.00 MB
[2026-06-14 22:32:15,161][finetune_logger][INFO] - Train memory reserved: 42.00 MB
2026-06-14 22:32:15 - finetune_logger - INFO - Train memory allocated: 25.85 MB
[2026-06-14 22:32:15,161][finetune_logger][INFO] - Train memory allocated: 25.85 MB
2026-06-14 22:32:15 - finetune_logger - INFO - Current learning rate: 0.00025
[2026-06-14 22:32:15,161][finetune_logger][INFO] - Current learning rate: 0.00025
2026-06-14 22:35:57 - finetune_logger - INFO - Validation metrics: {'MAE': 2.1320228522796514, 'RMSE': 3.131825222494948}
[2026-06-14 22:35:57,730][finetune_logger][INFO] - Validation metrics: {'MAE': 2.1320228522796514, 'RMSE': 3.131825222494948}
2026-06-14 22:35:57 - finetune_logger - INFO - Val time: 222.57s
[2026-06-14 22:35:57,730][finetune_logger][INFO] - Val time: 222.57s
2026-06-14 22:35:57 - finetune_logger - INFO - Val memory reserved: 42.00 MB
[2026-06-14 22:35:57,730][finetune_logger][INFO] - Val memory reserved: 42.00 MB
2026-06-14 22:35:57 - finetune_logger - INFO - Val memory allocated: 25.85 MB
[2026-06-14 22:35:57,731][finetune_logger][INFO] - Val memory allocated: 25.85 MB
2026-06-14 22:35:57 - finetune_logger - INFO - Logged epoch 15 info to /public/home/202411094934/python_project/Spatio-Temporal-Library/time-series/2026-06-13/crossformer/finetune20/ettm2/time-series/seed_2/training_log.json
[2026-06-14 22:35:57,734][finetune_logger][INFO] - Logged epoch 15 info to /public/home/202411094934/python_project/Spatio-Temporal-Library/time-series/2026-06-13/crossformer/finetune20/ettm2/time-series/seed_2/training_log.json
2026-06-14 22:39:40 - finetune_logger - INFO - Test metrics: {'MAE': 2.4701825235136603, 'RMSE': 3.75846450597617}
[2026-06-14 22:39:40,653][finetune_logger][INFO] - Test metrics: {'MAE': 2.4701825235136603, 'RMSE': 3.75846450597617}
2026-06-14 22:39:40 - finetune_logger - INFO - Test time: 222.92s
[2026-06-14 22:39:40,653][finetune_logger][INFO] - Test time: 222.92s
2026-06-14 22:39:40 - finetune_logger - INFO - Test memory reserved: 42.00 MB
[2026-06-14 22:39:40,653][finetune_logger][INFO] - Test memory reserved: 42.00 MB
2026-06-14 22:39:40 - finetune_logger - INFO - Test memory allocated: 25.85 MB
[2026-06-14 22:39:40,653][finetune_logger][INFO] - Test memory allocated: 25.85 MB
2026-06-14 22:39:40 - finetune_logger - INFO - Epoch 16/20
[2026-06-14 22:39:40,653][finetune_logger][INFO] - Epoch 16/20
2026-06-14 23:16:07 - finetune_logger - INFO - Train loss: 1.2765376494527205
[2026-06-14 23:16:07,718][finetune_logger][INFO] - Train loss: 1.2765376494527205
2026-06-14 23:16:07 - finetune_logger - INFO - Train time: 2187.064098596573s
[2026-06-14 23:16:07,718][finetune_logger][INFO] - Train time: 2187.064098596573s
2026-06-14 23:16:07 - finetune_logger - INFO - Train memory reserved: 42.00 MB
[2026-06-14 23:16:07,719][finetune_logger][INFO] - Train memory reserved: 42.00 MB
2026-06-14 23:16:07 - finetune_logger - INFO - Train memory allocated: 25.85 MB
[2026-06-14 23:16:07,719][finetune_logger][INFO] - Train memory allocated: 25.85 MB
2026-06-14 23:16:07 - finetune_logger - INFO - Current learning rate: 0.00025
[2026-06-14 23:16:07,719][finetune_logger][INFO] - Current learning rate: 0.00025
2026-06-14 23:19:50 - finetune_logger - INFO - Validation metrics: {'MAE': 2.1944508693507188, 'RMSE': 3.1977820960352488}
[2026-06-14 23:19:50,744][finetune_logger][INFO] - Validation metrics: {'MAE': 2.1944508693507188, 'RMSE': 3.1977820960352488}
2026-06-14 23:19:50 - finetune_logger - INFO - Val time: 223.02s
[2026-06-14 23:19:50,744][finetune_logger][INFO] - Val time: 223.02s
2026-06-14 23:19:50 - finetune_logger - INFO - Val memory reserved: 42.00 MB
[2026-06-14 23:19:50,745][finetune_logger][INFO] - Val memory reserved: 42.00 MB
2026-06-14 23:19:50 - finetune_logger - INFO - Val memory allocated: 25.85 MB
[2026-06-14 23:19:50,745][finetune_logger][INFO] - Val memory allocated: 25.85 MB
2026-06-14 23:19:50 - finetune_logger - INFO - Logged epoch 16 info to /public/home/202411094934/python_project/Spatio-Temporal-Library/time-series/2026-06-13/crossformer/finetune20/ettm2/time-series/seed_2/training_log.json
[2026-06-14 23:19:50,748][finetune_logger][INFO] - Logged epoch 16 info to /public/home/202411094934/python_project/Spatio-Temporal-Library/time-series/2026-06-13/crossformer/finetune20/ettm2/time-series/seed_2/training_log.json
2026-06-14 23:23:33 - finetune_logger - INFO - Test metrics: {'MAE': 2.6278590855046153, 'RMSE': 3.949196393395684}
[2026-06-14 23:23:33,641][finetune_logger][INFO] - Test metrics: {'MAE': 2.6278590855046153, 'RMSE': 3.949196393395684}
2026-06-14 23:23:33 - finetune_logger - INFO - Test time: 222.89s
[2026-06-14 23:23:33,641][finetune_logger][INFO] - Test time: 222.89s
2026-06-14 23:23:33 - finetune_logger - INFO - Test memory reserved: 42.00 MB
[2026-06-14 23:23:33,641][finetune_logger][INFO] - Test memory reserved: 42.00 MB
2026-06-14 23:23:33 - finetune_logger - INFO - Test memory allocated: 25.85 MB
[2026-06-14 23:23:33,641][finetune_logger][INFO] - Test memory allocated: 25.85 MB
2026-06-14 23:23:33 - finetune_logger - INFO - Epoch 17/20
[2026-06-14 23:23:33,641][finetune_logger][INFO] - Epoch 17/20
2026-06-15 00:00:03 - finetune_logger - INFO - Train loss: 1.2482547464167157
[2026-06-15 00:00:03,389][finetune_logger][INFO] - Train loss: 1.2482547464167157
2026-06-15 00:00:03 - finetune_logger - INFO - Train time: 2189.746821165085s
[2026-06-15 00:00:03,389][finetune_logger][INFO] - Train time: 2189.746821165085s
2026-06-15 00:00:03 - finetune_logger - INFO - Train memory reserved: 42.00 MB
[2026-06-15 00:00:03,389][finetune_logger][INFO] - Train memory reserved: 42.00 MB
2026-06-15 00:00:03 - finetune_logger - INFO - Train memory allocated: 25.85 MB
[2026-06-15 00:00:03,389][finetune_logger][INFO] - Train memory allocated: 25.85 MB
2026-06-15 00:00:03 - finetune_logger - INFO - Current learning rate: 0.00025
[2026-06-15 00:00:03,389][finetune_logger][INFO] - Current learning rate: 0.00025
2026-06-15 00:03:46 - finetune_logger - INFO - Validation metrics: {'MAE': 2.211700600790444, 'RMSE': 3.2305995851741867}
[2026-06-15 00:03:46,078][finetune_logger][INFO] - Validation metrics: {'MAE': 2.211700600790444, 'RMSE': 3.2305995851741867}
2026-06-15 00:03:46 - finetune_logger - INFO - Val time: 222.69s
[2026-06-15 00:03:46,078][finetune_logger][INFO] - Val time: 222.69s
2026-06-15 00:03:46 - finetune_logger - INFO - Val memory reserved: 42.00 MB
[2026-06-15 00:03:46,078][finetune_logger][INFO] - Val memory reserved: 42.00 MB
2026-06-15 00:03:46 - finetune_logger - INFO - Val memory allocated: 25.85 MB
[2026-06-15 00:03:46,078][finetune_logger][INFO] - Val memory allocated: 25.85 MB
2026-06-15 00:03:46 - finetune_logger - INFO - Logged epoch 17 info to /public/home/202411094934/python_project/Spatio-Temporal-Library/time-series/2026-06-13/crossformer/finetune20/ettm2/time-series/seed_2/training_log.json
[2026-06-15 00:03:46,082][finetune_logger][INFO] - Logged epoch 17 info to /public/home/202411094934/python_project/Spatio-Temporal-Library/time-series/2026-06-13/crossformer/finetune20/ettm2/time-series/seed_2/training_log.json
2026-06-15 00:07:29 - finetune_logger - INFO - Test metrics: {'MAE': 2.5399647287247333, 'RMSE': 3.815369923316904}
[2026-06-15 00:07:29,213][finetune_logger][INFO] - Test metrics: {'MAE': 2.5399647287247333, 'RMSE': 3.815369923316904}
2026-06-15 00:07:29 - finetune_logger - INFO - Test time: 223.13s
[2026-06-15 00:07:29,213][finetune_logger][INFO] - Test time: 223.13s
2026-06-15 00:07:29 - finetune_logger - INFO - Test memory reserved: 42.00 MB
[2026-06-15 00:07:29,214][finetune_logger][INFO] - Test memory reserved: 42.00 MB
2026-06-15 00:07:29 - finetune_logger - INFO - Test memory allocated: 25.85 MB
[2026-06-15 00:07:29,214][finetune_logger][INFO] - Test memory allocated: 25.85 MB
2026-06-15 00:07:29 - finetune_logger - INFO - Epoch 18/20
[2026-06-15 00:07:29,214][finetune_logger][INFO] - Epoch 18/20
2026-06-15 00:43:57 - finetune_logger - INFO - Train loss: 1.218195719640558
[2026-06-15 00:43:57,362][finetune_logger][INFO] - Train loss: 1.218195719640558
2026-06-15 00:43:57 - finetune_logger - INFO - Train time: 2188.147436618805s
[2026-06-15 00:43:57,362][finetune_logger][INFO] - Train time: 2188.147436618805s
2026-06-15 00:43:57 - finetune_logger - INFO - Train memory reserved: 42.00 MB
[2026-06-15 00:43:57,362][finetune_logger][INFO] - Train memory reserved: 42.00 MB
2026-06-15 00:43:57 - finetune_logger - INFO - Train memory allocated: 25.85 MB
[2026-06-15 00:43:57,363][finetune_logger][INFO] - Train memory allocated: 25.85 MB
2026-06-15 00:43:57 - finetune_logger - INFO - Current learning rate: 0.00025
[2026-06-15 00:43:57,363][finetune_logger][INFO] - Current learning rate: 0.00025
2026-06-15 00:47:40 - finetune_logger - INFO - Validation metrics: {'MAE': 2.1004739207053253, 'RMSE': 3.065912770378379}
[2026-06-15 00:47:40,418][finetune_logger][INFO] - Validation metrics: {'MAE': 2.1004739207053253, 'RMSE': 3.065912770378379}
2026-06-15 00:47:40 - finetune_logger - INFO - Val time: 223.06s
[2026-06-15 00:47:40,419][finetune_logger][INFO] - Val time: 223.06s
2026-06-15 00:47:40 - finetune_logger - INFO - Val memory reserved: 42.00 MB
[2026-06-15 00:47:40,419][finetune_logger][INFO] - Val memory reserved: 42.00 MB
2026-06-15 00:47:40 - finetune_logger - INFO - Val memory allocated: 25.85 MB
[2026-06-15 00:47:40,419][finetune_logger][INFO] - Val memory allocated: 25.85 MB
2026-06-15 00:47:40 - finetune_logger - INFO - Logged epoch 18 info to /public/home/202411094934/python_project/Spatio-Temporal-Library/time-series/2026-06-13/crossformer/finetune20/ettm2/time-series/seed_2/training_log.json
[2026-06-15 00:47:40,422][finetune_logger][INFO] - Logged epoch 18 info to /public/home/202411094934/python_project/Spatio-Temporal-Library/time-series/2026-06-13/crossformer/finetune20/ettm2/time-series/seed_2/training_log.json
2026-06-15 00:51:23 - finetune_logger - INFO - Test metrics: {'MAE': 2.31530666247612, 'RMSE': 3.50540146792776}
[2026-06-15 00:51:23,006][finetune_logger][INFO] - Test metrics: {'MAE': 2.31530666247612, 'RMSE': 3.50540146792776}
2026-06-15 00:51:23 - finetune_logger - INFO - Test time: 222.58s
[2026-06-15 00:51:23,006][finetune_logger][INFO] - Test time: 222.58s
2026-06-15 00:51:23 - finetune_logger - INFO - Test memory reserved: 42.00 MB
[2026-06-15 00:51:23,006][finetune_logger][INFO] - Test memory reserved: 42.00 MB
2026-06-15 00:51:23 - finetune_logger - INFO - Test memory allocated: 25.85 MB
[2026-06-15 00:51:23,007][finetune_logger][INFO] - Test memory allocated: 25.85 MB
2026-06-15 00:51:23 - finetune_logger - INFO - Epoch 19/20
[2026-06-15 00:51:23,007][finetune_logger][INFO] - Epoch 19/20
2026-06-15 01:27:52 - finetune_logger - INFO - Train loss: 1.1931043162314108
[2026-06-15 01:27:52,959][finetune_logger][INFO] - Train loss: 1.1931043162314108
2026-06-15 01:27:52 - finetune_logger - INFO - Train time: 2189.9515509605408s
[2026-06-15 01:27:52,959][finetune_logger][INFO] - Train time: 2189.9515509605408s
2026-06-15 01:27:52 - finetune_logger - INFO - Train memory reserved: 42.00 MB
[2026-06-15 01:27:52,959][finetune_logger][INFO] - Train memory reserved: 42.00 MB
2026-06-15 01:27:52 - finetune_logger - INFO - Train memory allocated: 25.85 MB
[2026-06-15 01:27:52,960][finetune_logger][INFO] - Train memory allocated: 25.85 MB
2026-06-15 01:27:52 - finetune_logger - INFO - Current learning rate: 0.00025
[2026-06-15 01:27:52,960][finetune_logger][INFO] - Current learning rate: 0.00025
2026-06-15 01:31:35 - finetune_logger - INFO - Validation metrics: {'MAE': 2.2422152355095046, 'RMSE': 3.27377837939204}
[2026-06-15 01:31:35,389][finetune_logger][INFO] - Validation metrics: {'MAE': 2.2422152355095046, 'RMSE': 3.27377837939204}
2026-06-15 01:31:35 - finetune_logger - INFO - Val time: 222.43s
[2026-06-15 01:31:35,389][finetune_logger][INFO] - Val time: 222.43s
2026-06-15 01:31:35 - finetune_logger - INFO - Val memory reserved: 42.00 MB
[2026-06-15 01:31:35,389][finetune_logger][INFO] - Val memory reserved: 42.00 MB
2026-06-15 01:31:35 - finetune_logger - INFO - Val memory allocated: 25.85 MB
[2026-06-15 01:31:35,389][finetune_logger][INFO] - Val memory allocated: 25.85 MB
2026-06-15 01:31:35 - finetune_logger - INFO - Logged epoch 19 info to /public/home/202411094934/python_project/Spatio-Temporal-Library/time-series/2026-06-13/crossformer/finetune20/ettm2/time-series/seed_2/training_log.json
[2026-06-15 01:31:35,393][finetune_logger][INFO] - Logged epoch 19 info to /public/home/202411094934/python_project/Spatio-Temporal-Library/time-series/2026-06-13/crossformer/finetune20/ettm2/time-series/seed_2/training_log.json
2026-06-15 01:35:18 - finetune_logger - INFO - Test metrics: {'MAE': 2.5671090300592234, 'RMSE': 3.857157651138902}
[2026-06-15 01:35:18,236][finetune_logger][INFO] - Test metrics: {'MAE': 2.5671090300592234, 'RMSE': 3.857157651138902}
2026-06-15 01:35:18 - finetune_logger - INFO - Test time: 222.84s
[2026-06-15 01:35:18,236][finetune_logger][INFO] - Test time: 222.84s
2026-06-15 01:35:18 - finetune_logger - INFO - Test memory reserved: 42.00 MB
[2026-06-15 01:35:18,236][finetune_logger][INFO] - Test memory reserved: 42.00 MB
2026-06-15 01:35:18 - finetune_logger - INFO - Test memory allocated: 25.85 MB
[2026-06-15 01:35:18,236][finetune_logger][INFO] - Test memory allocated: 25.85 MB
2026-06-15 01:35:18 - finetune_logger - INFO - Epoch 20/20
[2026-06-15 01:35:18,236][finetune_logger][INFO] - Epoch 20/20
2026-06-15 02:11:47 - finetune_logger - INFO - Train loss: 1.165231432716325
[2026-06-15 02:11:47,197][finetune_logger][INFO] - Train loss: 1.165231432716325
2026-06-15 02:11:47 - finetune_logger - INFO - Train time: 2188.959315061569s
[2026-06-15 02:11:47,197][finetune_logger][INFO] - Train time: 2188.959315061569s
2026-06-15 02:11:47 - finetune_logger - INFO - Train memory reserved: 42.00 MB
[2026-06-15 02:11:47,197][finetune_logger][INFO] - Train memory reserved: 42.00 MB
2026-06-15 02:11:47 - finetune_logger - INFO - Train memory allocated: 25.85 MB
[2026-06-15 02:11:47,197][finetune_logger][INFO] - Train memory allocated: 25.85 MB
2026-06-15 02:11:47 - finetune_logger - INFO - Current learning rate: 0.00025
[2026-06-15 02:11:47,197][finetune_logger][INFO] - Current learning rate: 0.00025
2026-06-15 02:15:30 - finetune_logger - INFO - Validation metrics: {'MAE': 2.1561357021067202, 'RMSE': 3.1597231416664155}
[2026-06-15 02:15:30,265][finetune_logger][INFO] - Validation metrics: {'MAE': 2.1561357021067202, 'RMSE': 3.1597231416664155}
2026-06-15 02:15:30 - finetune_logger - INFO - Val time: 223.07s
[2026-06-15 02:15:30,265][finetune_logger][INFO] - Val time: 223.07s
2026-06-15 02:15:30 - finetune_logger - INFO - Val memory reserved: 42.00 MB
[2026-06-15 02:15:30,265][finetune_logger][INFO] - Val memory reserved: 42.00 MB
2026-06-15 02:15:30 - finetune_logger - INFO - Val memory allocated: 25.85 MB
[2026-06-15 02:15:30,266][finetune_logger][INFO] - Val memory allocated: 25.85 MB
2026-06-15 02:15:30 - finetune_logger - INFO - Logged epoch 20 info to /public/home/202411094934/python_project/Spatio-Temporal-Library/time-series/2026-06-13/crossformer/finetune20/ettm2/time-series/seed_2/training_log.json
[2026-06-15 02:15:30,269][finetune_logger][INFO] - Logged epoch 20 info to /public/home/202411094934/python_project/Spatio-Temporal-Library/time-series/2026-06-13/crossformer/finetune20/ettm2/time-series/seed_2/training_log.json
2026-06-15 02:19:13 - finetune_logger - INFO - Test metrics: {'MAE': 2.465566536240511, 'RMSE': 3.7458733974643637}
[2026-06-15 02:19:13,396][finetune_logger][INFO] - Test metrics: {'MAE': 2.465566536240511, 'RMSE': 3.7458733974643637}
2026-06-15 02:19:13 - finetune_logger - INFO - Test time: 222.93s
[2026-06-15 02:19:13,397][finetune_logger][INFO] - Test time: 222.93s
2026-06-15 02:19:13 - finetune_logger - INFO - Test memory reserved: 42.00 MB
[2026-06-15 02:19:13,397][finetune_logger][INFO] - Test memory reserved: 42.00 MB
2026-06-15 02:19:13 - finetune_logger - INFO - Test memory allocated: 25.85 MB
[2026-06-15 02:19:13,397][finetune_logger][INFO] - Test memory allocated: 25.85 MB
2026-06-15 02:19:13 - finetune_logger - INFO - Training completed. Best epoch: 2, Best val loss: 1.931224
[2026-06-15 02:19:13,397][finetune_logger][INFO] - Training completed. Best epoch: 2, Best val loss: 1.931224
2026-06-15 02:19:13 - finetune_logger - INFO - Loaded checkpoint from epoch 2
[2026-06-15 02:19:13,553][finetune_logger][INFO] - Loaded checkpoint from epoch 2
2026-06-15 02:19:13 - finetune_logger - INFO - Evaluating best model on test sets...
[2026-06-15 02:19:13,554][finetune_logger][INFO] - Evaluating best model on test sets...
2026-06-15 02:22:55 - finetune_logger - INFO - Test metrics: {'MAE': 2.0705668533583976, 'RMSE': 3.122276646203047}
[2026-06-15 02:22:55,771][finetune_logger][INFO] - Test metrics: {'MAE': 2.0705668533583976, 'RMSE': 3.122276646203047}
2026-06-15 02:22:55 - finetune_logger - INFO - Test time: 222.22s
[2026-06-15 02:22:55,772][finetune_logger][INFO] - Test time: 222.22s
2026-06-15 02:22:55 - finetune_logger - INFO - Test memory reserved: 42.00 MB
[2026-06-15 02:22:55,772][finetune_logger][INFO] - Test memory reserved: 42.00 MB
2026-06-15 02:22:55 - finetune_logger - INFO - Test memory allocated: 26.04 MB
[2026-06-15 02:22:55,772][finetune_logger][INFO] - Test memory allocated: 26.04 MB
2026-06-15 02:22:55 - finetune_logger - INFO - Logged epoch test info to /public/home/202411094934/python_project/Spatio-Temporal-Library/time-series/2026-06-13/crossformer/finetune20/ettm2/time-series/seed_2/training_log.json
[2026-06-15 02:22:55,775][finetune_logger][INFO] - Logged epoch test info to /public/home/202411094934/python_project/Spatio-Temporal-Library/time-series/2026-06-13/crossformer/finetune20/ettm2/time-series/seed_2/training_log.json
