2026-07-03 09:33:09 - pretrain_logger - INFO - Model parameters: 396,757
[2026-07-03 09:33:09,073][pretrain_logger][INFO] - Model parameters: 396,757
2026-07-03 09:33:09 - pretrain_logger - INFO - Created new log file at /public/home/202411094934/python_project/Spatio-Temporal-Library/time-series/2026-07-03/fedformer/pretrain10/weather/time-series/seed_0/training_log.json
[2026-07-03 09:33:09,078][pretrain_logger][INFO] - Created new log file at /public/home/202411094934/python_project/Spatio-Temporal-Library/time-series/2026-07-03/fedformer/pretrain10/weather/time-series/seed_0/training_log.json
2026-07-03 09:33:09 - pretrain_logger - INFO - Starting JEPA pretraining...
[2026-07-03 09:33:09,078][pretrain_logger][INFO] - Starting JEPA pretraining...
2026-07-03 11:42:14 - pretrain_logger - INFO - [JEPA Pretrain] Epoch 1/10, loss=0.273432, time=7745.30s
[2026-07-03 11:42:14,374][pretrain_logger][INFO] - [JEPA Pretrain] Epoch 1/10, loss=0.273432, time=7745.30s
2026-07-03 11:42:14 - pretrain_logger - INFO - Pretrain loss: 0.2734324808392507
[2026-07-03 11:42:14,375][pretrain_logger][INFO] - Pretrain loss: 0.2734324808392507
2026-07-03 11:42:14 - pretrain_logger - INFO - Pretrain time: 7745.296405315399s
[2026-07-03 11:42:14,375][pretrain_logger][INFO] - Pretrain time: 7745.296405315399s
2026-07-03 11:42:14 - pretrain_logger - INFO - Pretrain memory reserved: 96.00 MB
[2026-07-03 11:42:14,375][pretrain_logger][INFO] - Pretrain memory reserved: 96.00 MB
2026-07-03 11:42:14 - pretrain_logger - INFO - Pretrain memory allocated: 21.26 MB
[2026-07-03 11:42:14,376][pretrain_logger][INFO] - Pretrain memory allocated: 21.26 MB
2026-07-03 11:42:14 - pretrain_logger - INFO - Current learning rate: 0.0005
[2026-07-03 11:42:14,376][pretrain_logger][INFO] - Current learning rate: 0.0005
2026-07-03 11:42:14 - pretrain_logger - INFO - Logged epoch Pretrain 1 info to /public/home/202411094934/python_project/Spatio-Temporal-Library/time-series/2026-07-03/fedformer/pretrain10/weather/time-series/seed_0/training_log.json
[2026-07-03 11:42:14,383][pretrain_logger][INFO] - Logged epoch Pretrain 1 info to /public/home/202411094934/python_project/Spatio-Temporal-Library/time-series/2026-07-03/fedformer/pretrain10/weather/time-series/seed_0/training_log.json
2026-07-03 13:49:29 - pretrain_logger - INFO - [JEPA Pretrain] Epoch 2/10, loss=0.191321, time=7635.33s
[2026-07-03 13:49:29,711][pretrain_logger][INFO] - [JEPA Pretrain] Epoch 2/10, loss=0.191321, time=7635.33s
2026-07-03 13:49:29 - pretrain_logger - INFO - Pretrain loss: 0.19132126399323532
[2026-07-03 13:49:29,733][pretrain_logger][INFO] - Pretrain loss: 0.19132126399323532
2026-07-03 13:49:29 - pretrain_logger - INFO - Pretrain time: 7635.328218460083s
[2026-07-03 13:49:29,733][pretrain_logger][INFO] - Pretrain time: 7635.328218460083s
2026-07-03 13:49:29 - pretrain_logger - INFO - Pretrain memory reserved: 96.00 MB
[2026-07-03 13:49:29,733][pretrain_logger][INFO] - Pretrain memory reserved: 96.00 MB
2026-07-03 13:49:29 - pretrain_logger - INFO - Pretrain memory allocated: 21.26 MB
[2026-07-03 13:49:29,733][pretrain_logger][INFO] - Pretrain memory allocated: 21.26 MB
2026-07-03 13:49:29 - pretrain_logger - INFO - Current learning rate: 0.0005
[2026-07-03 13:49:29,734][pretrain_logger][INFO] - Current learning rate: 0.0005
2026-07-03 13:49:29 - pretrain_logger - INFO - Logged epoch Pretrain 2 info to /public/home/202411094934/python_project/Spatio-Temporal-Library/time-series/2026-07-03/fedformer/pretrain10/weather/time-series/seed_0/training_log.json
[2026-07-03 13:49:29,737][pretrain_logger][INFO] - Logged epoch Pretrain 2 info to /public/home/202411094934/python_project/Spatio-Temporal-Library/time-series/2026-07-03/fedformer/pretrain10/weather/time-series/seed_0/training_log.json
2026-07-03 15:59:00 - pretrain_logger - INFO - [JEPA Pretrain] Epoch 3/10, loss=0.195437, time=7771.13s
[2026-07-03 15:59:00,867][pretrain_logger][INFO] - [JEPA Pretrain] Epoch 3/10, loss=0.195437, time=7771.13s
2026-07-03 15:59:00 - pretrain_logger - INFO - Pretrain loss: 0.1954372443529659
[2026-07-03 15:59:00,869][pretrain_logger][INFO] - Pretrain loss: 0.1954372443529659
2026-07-03 15:59:00 - pretrain_logger - INFO - Pretrain time: 7771.12908244133s
[2026-07-03 15:59:00,869][pretrain_logger][INFO] - Pretrain time: 7771.12908244133s
2026-07-03 15:59:00 - pretrain_logger - INFO - Pretrain memory reserved: 96.00 MB
[2026-07-03 15:59:00,869][pretrain_logger][INFO] - Pretrain memory reserved: 96.00 MB
2026-07-03 15:59:00 - pretrain_logger - INFO - Pretrain memory allocated: 21.26 MB
[2026-07-03 15:59:00,869][pretrain_logger][INFO] - Pretrain memory allocated: 21.26 MB
2026-07-03 15:59:00 - pretrain_logger - INFO - Current learning rate: 0.0005
[2026-07-03 15:59:00,870][pretrain_logger][INFO] - Current learning rate: 0.0005
2026-07-03 15:59:00 - pretrain_logger - INFO - Logged epoch Pretrain 3 info to /public/home/202411094934/python_project/Spatio-Temporal-Library/time-series/2026-07-03/fedformer/pretrain10/weather/time-series/seed_0/training_log.json
[2026-07-03 15:59:00,874][pretrain_logger][INFO] - Logged epoch Pretrain 3 info to /public/home/202411094934/python_project/Spatio-Temporal-Library/time-series/2026-07-03/fedformer/pretrain10/weather/time-series/seed_0/training_log.json
2026-07-03 18:06:28 - pretrain_logger - INFO - [JEPA Pretrain] Epoch 4/10, loss=0.201195, time=7647.51s
[2026-07-03 18:06:28,381][pretrain_logger][INFO] - [JEPA Pretrain] Epoch 4/10, loss=0.201195, time=7647.51s
2026-07-03 18:06:28 - pretrain_logger - INFO - Pretrain loss: 0.20119486932182482
[2026-07-03 18:06:28,402][pretrain_logger][INFO] - Pretrain loss: 0.20119486932182482
2026-07-03 18:06:28 - pretrain_logger - INFO - Pretrain time: 7647.506897926331s
[2026-07-03 18:06:28,402][pretrain_logger][INFO] - Pretrain time: 7647.506897926331s
2026-07-03 18:06:28 - pretrain_logger - INFO - Pretrain memory reserved: 96.00 MB
[2026-07-03 18:06:28,402][pretrain_logger][INFO] - Pretrain memory reserved: 96.00 MB
2026-07-03 18:06:28 - pretrain_logger - INFO - Pretrain memory allocated: 21.26 MB
[2026-07-03 18:06:28,403][pretrain_logger][INFO] - Pretrain memory allocated: 21.26 MB
2026-07-03 18:06:28 - pretrain_logger - INFO - Current learning rate: 0.0005
[2026-07-03 18:06:28,403][pretrain_logger][INFO] - Current learning rate: 0.0005
2026-07-03 18:06:28 - pretrain_logger - INFO - Logged epoch Pretrain 4 info to /public/home/202411094934/python_project/Spatio-Temporal-Library/time-series/2026-07-03/fedformer/pretrain10/weather/time-series/seed_0/training_log.json
[2026-07-03 18:06:28,406][pretrain_logger][INFO] - Logged epoch Pretrain 4 info to /public/home/202411094934/python_project/Spatio-Temporal-Library/time-series/2026-07-03/fedformer/pretrain10/weather/time-series/seed_0/training_log.json
2026-07-03 20:16:04 - pretrain_logger - INFO - [JEPA Pretrain] Epoch 5/10, loss=0.204693, time=7776.44s
[2026-07-03 20:16:04,842][pretrain_logger][INFO] - [JEPA Pretrain] Epoch 5/10, loss=0.204693, time=7776.44s
2026-07-03 20:16:04 - pretrain_logger - INFO - Pretrain loss: 0.2046927515169997
[2026-07-03 20:16:04,843][pretrain_logger][INFO] - Pretrain loss: 0.2046927515169997
2026-07-03 20:16:04 - pretrain_logger - INFO - Pretrain time: 7776.435826778412s
[2026-07-03 20:16:04,843][pretrain_logger][INFO] - Pretrain time: 7776.435826778412s
2026-07-03 20:16:04 - pretrain_logger - INFO - Pretrain memory reserved: 96.00 MB
[2026-07-03 20:16:04,843][pretrain_logger][INFO] - Pretrain memory reserved: 96.00 MB
2026-07-03 20:16:04 - pretrain_logger - INFO - Pretrain memory allocated: 21.26 MB
[2026-07-03 20:16:04,843][pretrain_logger][INFO] - Pretrain memory allocated: 21.26 MB
2026-07-03 20:16:04 - pretrain_logger - INFO - Current learning rate: 0.0005
[2026-07-03 20:16:04,843][pretrain_logger][INFO] - Current learning rate: 0.0005
2026-07-03 20:16:04 - pretrain_logger - INFO - Logged epoch Pretrain 5 info to /public/home/202411094934/python_project/Spatio-Temporal-Library/time-series/2026-07-03/fedformer/pretrain10/weather/time-series/seed_0/training_log.json
[2026-07-03 20:16:04,846][pretrain_logger][INFO] - Logged epoch Pretrain 5 info to /public/home/202411094934/python_project/Spatio-Temporal-Library/time-series/2026-07-03/fedformer/pretrain10/weather/time-series/seed_0/training_log.json
2026-07-03 22:23:42 - pretrain_logger - INFO - [JEPA Pretrain] Epoch 6/10, loss=0.215263, time=7657.41s
[2026-07-03 22:23:42,255][pretrain_logger][INFO] - [JEPA Pretrain] Epoch 6/10, loss=0.215263, time=7657.41s
2026-07-03 22:23:42 - pretrain_logger - INFO - Pretrain loss: 0.21526279325834213
[2026-07-03 22:23:42,275][pretrain_logger][INFO] - Pretrain loss: 0.21526279325834213
2026-07-03 22:23:42 - pretrain_logger - INFO - Pretrain time: 7657.408028841019s
[2026-07-03 22:23:42,275][pretrain_logger][INFO] - Pretrain time: 7657.408028841019s
2026-07-03 22:23:42 - pretrain_logger - INFO - Pretrain memory reserved: 96.00 MB
[2026-07-03 22:23:42,275][pretrain_logger][INFO] - Pretrain memory reserved: 96.00 MB
2026-07-03 22:23:42 - pretrain_logger - INFO - Pretrain memory allocated: 21.26 MB
[2026-07-03 22:23:42,275][pretrain_logger][INFO] - Pretrain memory allocated: 21.26 MB
2026-07-03 22:23:42 - pretrain_logger - INFO - Current learning rate: 0.0005
[2026-07-03 22:23:42,275][pretrain_logger][INFO] - Current learning rate: 0.0005
2026-07-03 22:23:42 - pretrain_logger - INFO - Logged epoch Pretrain 6 info to /public/home/202411094934/python_project/Spatio-Temporal-Library/time-series/2026-07-03/fedformer/pretrain10/weather/time-series/seed_0/training_log.json
[2026-07-03 22:23:42,278][pretrain_logger][INFO] - Logged epoch Pretrain 6 info to /public/home/202411094934/python_project/Spatio-Temporal-Library/time-series/2026-07-03/fedformer/pretrain10/weather/time-series/seed_0/training_log.json
2026-07-04 00:33:12 - pretrain_logger - INFO - [JEPA Pretrain] Epoch 7/10, loss=0.242115, time=7770.61s
[2026-07-04 00:33:12,883][pretrain_logger][INFO] - [JEPA Pretrain] Epoch 7/10, loss=0.242115, time=7770.61s
2026-07-04 00:33:12 - pretrain_logger - INFO - Pretrain loss: 0.24211489335987807
[2026-07-04 00:33:12,886][pretrain_logger][INFO] - Pretrain loss: 0.24211489335987807
2026-07-04 00:33:12 - pretrain_logger - INFO - Pretrain time: 7770.605270624161s
[2026-07-04 00:33:12,886][pretrain_logger][INFO] - Pretrain time: 7770.605270624161s
2026-07-04 00:33:12 - pretrain_logger - INFO - Pretrain memory reserved: 96.00 MB
[2026-07-04 00:33:12,886][pretrain_logger][INFO] - Pretrain memory reserved: 96.00 MB
2026-07-04 00:33:12 - pretrain_logger - INFO - Pretrain memory allocated: 21.26 MB
[2026-07-04 00:33:12,886][pretrain_logger][INFO] - Pretrain memory allocated: 21.26 MB
2026-07-04 00:33:12 - pretrain_logger - INFO - Current learning rate: 0.0005
[2026-07-04 00:33:12,886][pretrain_logger][INFO] - Current learning rate: 0.0005
2026-07-04 00:33:12 - pretrain_logger - INFO - Logged epoch Pretrain 7 info to /public/home/202411094934/python_project/Spatio-Temporal-Library/time-series/2026-07-03/fedformer/pretrain10/weather/time-series/seed_0/training_log.json
[2026-07-04 00:33:12,890][pretrain_logger][INFO] - Logged epoch Pretrain 7 info to /public/home/202411094934/python_project/Spatio-Temporal-Library/time-series/2026-07-03/fedformer/pretrain10/weather/time-series/seed_0/training_log.json
2026-07-04 02:40:56 - pretrain_logger - INFO - [JEPA Pretrain] Epoch 8/10, loss=0.288102, time=7663.93s
[2026-07-04 02:40:56,823][pretrain_logger][INFO] - [JEPA Pretrain] Epoch 8/10, loss=0.288102, time=7663.93s
2026-07-04 02:40:56 - pretrain_logger - INFO - Pretrain loss: 0.2881019319252832
[2026-07-04 02:40:56,844][pretrain_logger][INFO] - Pretrain loss: 0.2881019319252832
2026-07-04 02:40:56 - pretrain_logger - INFO - Pretrain time: 7663.932136774063s
[2026-07-04 02:40:56,844][pretrain_logger][INFO] - Pretrain time: 7663.932136774063s
2026-07-04 02:40:56 - pretrain_logger - INFO - Pretrain memory reserved: 96.00 MB
[2026-07-04 02:40:56,844][pretrain_logger][INFO] - Pretrain memory reserved: 96.00 MB
2026-07-04 02:40:56 - pretrain_logger - INFO - Pretrain memory allocated: 21.26 MB
[2026-07-04 02:40:56,844][pretrain_logger][INFO] - Pretrain memory allocated: 21.26 MB
2026-07-04 02:40:56 - pretrain_logger - INFO - Current learning rate: 0.0005
[2026-07-04 02:40:56,845][pretrain_logger][INFO] - Current learning rate: 0.0005
2026-07-04 02:40:56 - pretrain_logger - INFO - Logged epoch Pretrain 8 info to /public/home/202411094934/python_project/Spatio-Temporal-Library/time-series/2026-07-03/fedformer/pretrain10/weather/time-series/seed_0/training_log.json
[2026-07-04 02:40:56,847][pretrain_logger][INFO] - Logged epoch Pretrain 8 info to /public/home/202411094934/python_project/Spatio-Temporal-Library/time-series/2026-07-03/fedformer/pretrain10/weather/time-series/seed_0/training_log.json
2026-07-04 04:50:21 - pretrain_logger - INFO - [JEPA Pretrain] Epoch 9/10, loss=0.348816, time=7764.97s
[2026-07-04 04:50:21,814][pretrain_logger][INFO] - [JEPA Pretrain] Epoch 9/10, loss=0.348816, time=7764.97s
2026-07-04 04:50:21 - pretrain_logger - INFO - Pretrain loss: 0.34881641295316956
[2026-07-04 04:50:21,817][pretrain_logger][INFO] - Pretrain loss: 0.34881641295316956
2026-07-04 04:50:21 - pretrain_logger - INFO - Pretrain time: 7764.966925859451s
[2026-07-04 04:50:21,817][pretrain_logger][INFO] - Pretrain time: 7764.966925859451s
2026-07-04 04:50:21 - pretrain_logger - INFO - Pretrain memory reserved: 96.00 MB
[2026-07-04 04:50:21,817][pretrain_logger][INFO] - Pretrain memory reserved: 96.00 MB
2026-07-04 04:50:21 - pretrain_logger - INFO - Pretrain memory allocated: 21.26 MB
[2026-07-04 04:50:21,817][pretrain_logger][INFO] - Pretrain memory allocated: 21.26 MB
2026-07-04 04:50:21 - pretrain_logger - INFO - Current learning rate: 0.0005
[2026-07-04 04:50:21,817][pretrain_logger][INFO] - Current learning rate: 0.0005
2026-07-04 04:50:21 - pretrain_logger - INFO - Logged epoch Pretrain 9 info to /public/home/202411094934/python_project/Spatio-Temporal-Library/time-series/2026-07-03/fedformer/pretrain10/weather/time-series/seed_0/training_log.json
[2026-07-04 04:50:21,821][pretrain_logger][INFO] - Logged epoch Pretrain 9 info to /public/home/202411094934/python_project/Spatio-Temporal-Library/time-series/2026-07-03/fedformer/pretrain10/weather/time-series/seed_0/training_log.json
2026-07-04 06:58:02 - pretrain_logger - INFO - [JEPA Pretrain] Epoch 10/10, loss=0.418659, time=7660.50s
[2026-07-04 06:58:02,321][pretrain_logger][INFO] - [JEPA Pretrain] Epoch 10/10, loss=0.418659, time=7660.50s
2026-07-04 06:58:02 - pretrain_logger - INFO - Pretrain loss: 0.41865917309780254
[2026-07-04 06:58:02,343][pretrain_logger][INFO] - Pretrain loss: 0.41865917309780254
2026-07-04 06:58:02 - pretrain_logger - INFO - Pretrain time: 7660.499326944351s
[2026-07-04 06:58:02,343][pretrain_logger][INFO] - Pretrain time: 7660.499326944351s
2026-07-04 06:58:02 - pretrain_logger - INFO - Pretrain memory reserved: 96.00 MB
[2026-07-04 06:58:02,343][pretrain_logger][INFO] - Pretrain memory reserved: 96.00 MB
2026-07-04 06:58:02 - pretrain_logger - INFO - Pretrain memory allocated: 21.26 MB
[2026-07-04 06:58:02,343][pretrain_logger][INFO] - Pretrain memory allocated: 21.26 MB
2026-07-04 06:58:02 - pretrain_logger - INFO - Current learning rate: 0.0005
[2026-07-04 06:58:02,343][pretrain_logger][INFO] - Current learning rate: 0.0005
2026-07-04 06:58:02 - pretrain_logger - INFO - Logged epoch Pretrain 10 info to /public/home/202411094934/python_project/Spatio-Temporal-Library/time-series/2026-07-03/fedformer/pretrain10/weather/time-series/seed_0/training_log.json
[2026-07-04 06:58:02,347][pretrain_logger][INFO] - Logged epoch Pretrain 10 info to /public/home/202411094934/python_project/Spatio-Temporal-Library/time-series/2026-07-03/fedformer/pretrain10/weather/time-series/seed_0/training_log.json
2026-07-04 06:58:02 - pretrain_logger - INFO - JEPA pretraining completed.
[2026-07-04 06:58:02,347][pretrain_logger][INFO] - JEPA pretraining completed.
