2026-06-13 21:28:45 - pretrain_logger - INFO - Model parameters: 824,672
[2026-06-13 21:28:45,538][pretrain_logger][INFO] - Model parameters: 824,672
2026-06-13 21:28:45 - pretrain_logger - INFO - Created new log file at /public/home/202411094934/python_project/Spatio-Temporal-Library/time-series/2026-06-13/crossformer/pretrain10/ettm1/time-series/seed_0/training_log.json
[2026-06-13 21:28:45,549][pretrain_logger][INFO] - Created new log file at /public/home/202411094934/python_project/Spatio-Temporal-Library/time-series/2026-06-13/crossformer/pretrain10/ettm1/time-series/seed_0/training_log.json
2026-06-13 21:28:45 - pretrain_logger - INFO - Starting JEPA pretraining...
[2026-06-13 21:28:45,549][pretrain_logger][INFO] - Starting JEPA pretraining...
2026-06-13 21:31:42 - pretrain_logger - INFO - Model parameters: 824,672
[2026-06-13 21:31:42,486][pretrain_logger][INFO] - Model parameters: 824,672
2026-06-13 21:31:42 - pretrain_logger - INFO - Log file already exists at /public/home/202411094934/python_project/Spatio-Temporal-Library/time-series/2026-06-13/crossformer/pretrain10/ettm1/time-series/seed_0/training_log.json, appending to it.
[2026-06-13 21:31:42,496][pretrain_logger][INFO] - Log file already exists at /public/home/202411094934/python_project/Spatio-Temporal-Library/time-series/2026-06-13/crossformer/pretrain10/ettm1/time-series/seed_0/training_log.json, appending to it.
2026-06-13 21:31:42 - pretrain_logger - INFO - Starting JEPA pretraining...
[2026-06-13 21:31:42,496][pretrain_logger][INFO] - Starting JEPA pretraining...
2026-06-13 21:52:01 - pretrain_logger - INFO - [JEPA Pretrain] Epoch 1/10, loss=1.490568, time=1219.40s
[2026-06-13 21:52:01,892][pretrain_logger][INFO] - [JEPA Pretrain] Epoch 1/10, loss=1.490568, time=1219.40s
2026-06-13 21:52:01 - pretrain_logger - INFO - Pretrain loss: 1.4905681489125888
[2026-06-13 21:52:01,893][pretrain_logger][INFO] - Pretrain loss: 1.4905681489125888
2026-06-13 21:52:01 - pretrain_logger - INFO - Pretrain time: 1219.3958494663239s
[2026-06-13 21:52:01,894][pretrain_logger][INFO] - Pretrain time: 1219.3958494663239s
2026-06-13 21:52:01 - pretrain_logger - INFO - Pretrain memory reserved: 74.00 MB
[2026-06-13 21:52:01,894][pretrain_logger][INFO] - Pretrain memory reserved: 74.00 MB
2026-06-13 21:52:01 - pretrain_logger - INFO - Pretrain memory allocated: 22.08 MB
[2026-06-13 21:52:01,894][pretrain_logger][INFO] - Pretrain memory allocated: 22.08 MB
2026-06-13 21:52:01 - pretrain_logger - INFO - Current learning rate: 0.0005
[2026-06-13 21:52:01,894][pretrain_logger][INFO] - Current learning rate: 0.0005
2026-06-13 21:52:01 - pretrain_logger - INFO - Logged epoch Pretrain 1 info to /public/home/202411094934/python_project/Spatio-Temporal-Library/time-series/2026-06-13/crossformer/pretrain10/ettm1/time-series/seed_0/training_log.json
[2026-06-13 21:52:01,898][pretrain_logger][INFO] - Logged epoch Pretrain 1 info to /public/home/202411094934/python_project/Spatio-Temporal-Library/time-series/2026-06-13/crossformer/pretrain10/ettm1/time-series/seed_0/training_log.json
2026-06-13 22:12:20 - pretrain_logger - INFO - [JEPA Pretrain] Epoch 2/10, loss=1.428313, time=1218.47s
[2026-06-13 22:12:20,367][pretrain_logger][INFO] - [JEPA Pretrain] Epoch 2/10, loss=1.428313, time=1218.47s
2026-06-13 22:12:20 - pretrain_logger - INFO - Pretrain loss: 1.4283126110829671
[2026-06-13 22:12:20,429][pretrain_logger][INFO] - Pretrain loss: 1.4283126110829671
2026-06-13 22:12:20 - pretrain_logger - INFO - Pretrain time: 1218.4685015678406s
[2026-06-13 22:12:20,430][pretrain_logger][INFO] - Pretrain time: 1218.4685015678406s
2026-06-13 22:12:20 - pretrain_logger - INFO - Pretrain memory reserved: 74.00 MB
[2026-06-13 22:12:20,430][pretrain_logger][INFO] - Pretrain memory reserved: 74.00 MB
2026-06-13 22:12:20 - pretrain_logger - INFO - Pretrain memory allocated: 22.08 MB
[2026-06-13 22:12:20,430][pretrain_logger][INFO] - Pretrain memory allocated: 22.08 MB
2026-06-13 22:12:20 - pretrain_logger - INFO - Current learning rate: 0.0005
[2026-06-13 22:12:20,430][pretrain_logger][INFO] - Current learning rate: 0.0005
2026-06-13 22:12:20 - pretrain_logger - INFO - Logged epoch Pretrain 2 info to /public/home/202411094934/python_project/Spatio-Temporal-Library/time-series/2026-06-13/crossformer/pretrain10/ettm1/time-series/seed_0/training_log.json
[2026-06-13 22:12:20,433][pretrain_logger][INFO] - Logged epoch Pretrain 2 info to /public/home/202411094934/python_project/Spatio-Temporal-Library/time-series/2026-06-13/crossformer/pretrain10/ettm1/time-series/seed_0/training_log.json
2026-06-13 22:32:40 - pretrain_logger - INFO - [JEPA Pretrain] Epoch 3/10, loss=1.368290, time=1220.49s
[2026-06-13 22:32:40,926][pretrain_logger][INFO] - [JEPA Pretrain] Epoch 3/10, loss=1.368290, time=1220.49s
2026-06-13 22:32:40 - pretrain_logger - INFO - Pretrain loss: 1.3682899635554797
[2026-06-13 22:32:40,927][pretrain_logger][INFO] - Pretrain loss: 1.3682899635554797
2026-06-13 22:32:40 - pretrain_logger - INFO - Pretrain time: 1220.4931871891022s
[2026-06-13 22:32:40,927][pretrain_logger][INFO] - Pretrain time: 1220.4931871891022s
2026-06-13 22:32:40 - pretrain_logger - INFO - Pretrain memory reserved: 74.00 MB
[2026-06-13 22:32:40,927][pretrain_logger][INFO] - Pretrain memory reserved: 74.00 MB
2026-06-13 22:32:40 - pretrain_logger - INFO - Pretrain memory allocated: 22.08 MB
[2026-06-13 22:32:40,928][pretrain_logger][INFO] - Pretrain memory allocated: 22.08 MB
2026-06-13 22:32:40 - pretrain_logger - INFO - Current learning rate: 0.0005
[2026-06-13 22:32:40,928][pretrain_logger][INFO] - Current learning rate: 0.0005
2026-06-13 22:32:40 - pretrain_logger - INFO - Logged epoch Pretrain 3 info to /public/home/202411094934/python_project/Spatio-Temporal-Library/time-series/2026-06-13/crossformer/pretrain10/ettm1/time-series/seed_0/training_log.json
[2026-06-13 22:32:40,931][pretrain_logger][INFO] - Logged epoch Pretrain 3 info to /public/home/202411094934/python_project/Spatio-Temporal-Library/time-series/2026-06-13/crossformer/pretrain10/ettm1/time-series/seed_0/training_log.json
2026-06-13 22:52:45 - pretrain_logger - INFO - [JEPA Pretrain] Epoch 4/10, loss=1.287786, time=1204.14s
[2026-06-13 22:52:45,072][pretrain_logger][INFO] - [JEPA Pretrain] Epoch 4/10, loss=1.287786, time=1204.14s
2026-06-13 22:52:45 - pretrain_logger - INFO - Pretrain loss: 1.2877862532342723
[2026-06-13 22:52:45,132][pretrain_logger][INFO] - Pretrain loss: 1.2877862532342723
2026-06-13 22:52:45 - pretrain_logger - INFO - Pretrain time: 1204.1408002376556s
[2026-06-13 22:52:45,132][pretrain_logger][INFO] - Pretrain time: 1204.1408002376556s
2026-06-13 22:52:45 - pretrain_logger - INFO - Pretrain memory reserved: 74.00 MB
[2026-06-13 22:52:45,132][pretrain_logger][INFO] - Pretrain memory reserved: 74.00 MB
2026-06-13 22:52:45 - pretrain_logger - INFO - Pretrain memory allocated: 22.08 MB
[2026-06-13 22:52:45,133][pretrain_logger][INFO] - Pretrain memory allocated: 22.08 MB
2026-06-13 22:52:45 - pretrain_logger - INFO - Current learning rate: 0.0005
[2026-06-13 22:52:45,133][pretrain_logger][INFO] - Current learning rate: 0.0005
2026-06-13 22:52:45 - pretrain_logger - INFO - Logged epoch Pretrain 4 info to /public/home/202411094934/python_project/Spatio-Temporal-Library/time-series/2026-06-13/crossformer/pretrain10/ettm1/time-series/seed_0/training_log.json
[2026-06-13 22:52:45,136][pretrain_logger][INFO] - Logged epoch Pretrain 4 info to /public/home/202411094934/python_project/Spatio-Temporal-Library/time-series/2026-06-13/crossformer/pretrain10/ettm1/time-series/seed_0/training_log.json
2026-06-13 23:13:04 - pretrain_logger - INFO - [JEPA Pretrain] Epoch 5/10, loss=1.195846, time=1219.07s
[2026-06-13 23:13:04,202][pretrain_logger][INFO] - [JEPA Pretrain] Epoch 5/10, loss=1.195846, time=1219.07s
2026-06-13 23:13:04 - pretrain_logger - INFO - Pretrain loss: 1.1958457541072995
[2026-06-13 23:13:04,203][pretrain_logger][INFO] - Pretrain loss: 1.1958457541072995
2026-06-13 23:13:04 - pretrain_logger - INFO - Pretrain time: 1219.065948009491s
[2026-06-13 23:13:04,203][pretrain_logger][INFO] - Pretrain time: 1219.065948009491s
2026-06-13 23:13:04 - pretrain_logger - INFO - Pretrain memory reserved: 74.00 MB
[2026-06-13 23:13:04,203][pretrain_logger][INFO] - Pretrain memory reserved: 74.00 MB
2026-06-13 23:13:04 - pretrain_logger - INFO - Pretrain memory allocated: 22.08 MB
[2026-06-13 23:13:04,203][pretrain_logger][INFO] - Pretrain memory allocated: 22.08 MB
2026-06-13 23:13:04 - pretrain_logger - INFO - Current learning rate: 0.0005
[2026-06-13 23:13:04,203][pretrain_logger][INFO] - Current learning rate: 0.0005
2026-06-13 23:13:04 - pretrain_logger - INFO - Logged epoch Pretrain 5 info to /public/home/202411094934/python_project/Spatio-Temporal-Library/time-series/2026-06-13/crossformer/pretrain10/ettm1/time-series/seed_0/training_log.json
[2026-06-13 23:13:04,206][pretrain_logger][INFO] - Logged epoch Pretrain 5 info to /public/home/202411094934/python_project/Spatio-Temporal-Library/time-series/2026-06-13/crossformer/pretrain10/ettm1/time-series/seed_0/training_log.json
2026-06-13 23:33:25 - pretrain_logger - INFO - [JEPA Pretrain] Epoch 6/10, loss=1.129490, time=1221.00s
[2026-06-13 23:33:25,209][pretrain_logger][INFO] - [JEPA Pretrain] Epoch 6/10, loss=1.129490, time=1221.00s
2026-06-13 23:33:25 - pretrain_logger - INFO - Pretrain loss: 1.1294898680548804
[2026-06-13 23:33:25,270][pretrain_logger][INFO] - Pretrain loss: 1.1294898680548804
2026-06-13 23:33:25 - pretrain_logger - INFO - Pretrain time: 1221.0025930404663s
[2026-06-13 23:33:25,270][pretrain_logger][INFO] - Pretrain time: 1221.0025930404663s
2026-06-13 23:33:25 - pretrain_logger - INFO - Pretrain memory reserved: 74.00 MB
[2026-06-13 23:33:25,270][pretrain_logger][INFO] - Pretrain memory reserved: 74.00 MB
2026-06-13 23:33:25 - pretrain_logger - INFO - Pretrain memory allocated: 22.08 MB
[2026-06-13 23:33:25,270][pretrain_logger][INFO] - Pretrain memory allocated: 22.08 MB
2026-06-13 23:33:25 - pretrain_logger - INFO - Current learning rate: 0.0005
[2026-06-13 23:33:25,271][pretrain_logger][INFO] - Current learning rate: 0.0005
2026-06-13 23:33:25 - pretrain_logger - INFO - Logged epoch Pretrain 6 info to /public/home/202411094934/python_project/Spatio-Temporal-Library/time-series/2026-06-13/crossformer/pretrain10/ettm1/time-series/seed_0/training_log.json
[2026-06-13 23:33:25,274][pretrain_logger][INFO] - Logged epoch Pretrain 6 info to /public/home/202411094934/python_project/Spatio-Temporal-Library/time-series/2026-06-13/crossformer/pretrain10/ettm1/time-series/seed_0/training_log.json
2026-06-13 23:53:45 - pretrain_logger - INFO - [JEPA Pretrain] Epoch 7/10, loss=1.036953, time=1220.23s
[2026-06-13 23:53:45,507][pretrain_logger][INFO] - [JEPA Pretrain] Epoch 7/10, loss=1.036953, time=1220.23s
2026-06-13 23:53:45 - pretrain_logger - INFO - Pretrain loss: 1.0369526936611468
[2026-06-13 23:53:45,508][pretrain_logger][INFO] - Pretrain loss: 1.0369526936611468
2026-06-13 23:53:45 - pretrain_logger - INFO - Pretrain time: 1220.2333607673645s
[2026-06-13 23:53:45,508][pretrain_logger][INFO] - Pretrain time: 1220.2333607673645s
2026-06-13 23:53:45 - pretrain_logger - INFO - Pretrain memory reserved: 74.00 MB
[2026-06-13 23:53:45,508][pretrain_logger][INFO] - Pretrain memory reserved: 74.00 MB
2026-06-13 23:53:45 - pretrain_logger - INFO - Pretrain memory allocated: 22.08 MB
[2026-06-13 23:53:45,508][pretrain_logger][INFO] - Pretrain memory allocated: 22.08 MB
2026-06-13 23:53:45 - pretrain_logger - INFO - Current learning rate: 0.0005
[2026-06-13 23:53:45,509][pretrain_logger][INFO] - Current learning rate: 0.0005
2026-06-13 23:53:45 - pretrain_logger - INFO - Logged epoch Pretrain 7 info to /public/home/202411094934/python_project/Spatio-Temporal-Library/time-series/2026-06-13/crossformer/pretrain10/ettm1/time-series/seed_0/training_log.json
[2026-06-13 23:53:45,512][pretrain_logger][INFO] - Logged epoch Pretrain 7 info to /public/home/202411094934/python_project/Spatio-Temporal-Library/time-series/2026-06-13/crossformer/pretrain10/ettm1/time-series/seed_0/training_log.json
2026-06-14 00:14:06 - pretrain_logger - INFO - [JEPA Pretrain] Epoch 8/10, loss=0.940544, time=1220.90s
[2026-06-14 00:14:06,412][pretrain_logger][INFO] - [JEPA Pretrain] Epoch 8/10, loss=0.940544, time=1220.90s
2026-06-14 00:14:06 - pretrain_logger - INFO - Pretrain loss: 0.9405439937067817
[2026-06-14 00:14:06,474][pretrain_logger][INFO] - Pretrain loss: 0.9405439937067817
2026-06-14 00:14:06 - pretrain_logger - INFO - Pretrain time: 1220.9002408981323s
[2026-06-14 00:14:06,474][pretrain_logger][INFO] - Pretrain time: 1220.9002408981323s
2026-06-14 00:14:06 - pretrain_logger - INFO - Pretrain memory reserved: 74.00 MB
[2026-06-14 00:14:06,474][pretrain_logger][INFO] - Pretrain memory reserved: 74.00 MB
2026-06-14 00:14:06 - pretrain_logger - INFO - Pretrain memory allocated: 22.08 MB
[2026-06-14 00:14:06,475][pretrain_logger][INFO] - Pretrain memory allocated: 22.08 MB
2026-06-14 00:14:06 - pretrain_logger - INFO - Current learning rate: 0.0005
[2026-06-14 00:14:06,475][pretrain_logger][INFO] - Current learning rate: 0.0005
2026-06-14 00:14:06 - pretrain_logger - INFO - Logged epoch Pretrain 8 info to /public/home/202411094934/python_project/Spatio-Temporal-Library/time-series/2026-06-13/crossformer/pretrain10/ettm1/time-series/seed_0/training_log.json
[2026-06-14 00:14:06,478][pretrain_logger][INFO] - Logged epoch Pretrain 8 info to /public/home/202411094934/python_project/Spatio-Temporal-Library/time-series/2026-06-13/crossformer/pretrain10/ettm1/time-series/seed_0/training_log.json
2026-06-14 00:34:26 - pretrain_logger - INFO - [JEPA Pretrain] Epoch 9/10, loss=0.873024, time=1219.80s
[2026-06-14 00:34:26,279][pretrain_logger][INFO] - [JEPA Pretrain] Epoch 9/10, loss=0.873024, time=1219.80s
2026-06-14 00:34:26 - pretrain_logger - INFO - Pretrain loss: 0.8730235269180573
[2026-06-14 00:34:26,280][pretrain_logger][INFO] - Pretrain loss: 0.8730235269180573
2026-06-14 00:34:26 - pretrain_logger - INFO - Pretrain time: 1219.800731420517s
[2026-06-14 00:34:26,280][pretrain_logger][INFO] - Pretrain time: 1219.800731420517s
2026-06-14 00:34:26 - pretrain_logger - INFO - Pretrain memory reserved: 74.00 MB
[2026-06-14 00:34:26,280][pretrain_logger][INFO] - Pretrain memory reserved: 74.00 MB
2026-06-14 00:34:26 - pretrain_logger - INFO - Pretrain memory allocated: 22.08 MB
[2026-06-14 00:34:26,280][pretrain_logger][INFO] - Pretrain memory allocated: 22.08 MB
2026-06-14 00:34:26 - pretrain_logger - INFO - Current learning rate: 0.0005
[2026-06-14 00:34:26,280][pretrain_logger][INFO] - Current learning rate: 0.0005
2026-06-14 00:34:26 - pretrain_logger - INFO - Logged epoch Pretrain 9 info to /public/home/202411094934/python_project/Spatio-Temporal-Library/time-series/2026-06-13/crossformer/pretrain10/ettm1/time-series/seed_0/training_log.json
[2026-06-14 00:34:26,283][pretrain_logger][INFO] - Logged epoch Pretrain 9 info to /public/home/202411094934/python_project/Spatio-Temporal-Library/time-series/2026-06-13/crossformer/pretrain10/ettm1/time-series/seed_0/training_log.json
2026-06-14 00:54:46 - pretrain_logger - INFO - [JEPA Pretrain] Epoch 10/10, loss=0.819640, time=1220.22s
[2026-06-14 00:54:46,503][pretrain_logger][INFO] - [JEPA Pretrain] Epoch 10/10, loss=0.819640, time=1220.22s
2026-06-14 00:54:46 - pretrain_logger - INFO - Pretrain loss: 0.8196399003523598
[2026-06-14 00:54:46,566][pretrain_logger][INFO] - Pretrain loss: 0.8196399003523598
2026-06-14 00:54:46 - pretrain_logger - INFO - Pretrain time: 1220.2204058170319s
[2026-06-14 00:54:46,566][pretrain_logger][INFO] - Pretrain time: 1220.2204058170319s
2026-06-14 00:54:46 - pretrain_logger - INFO - Pretrain memory reserved: 74.00 MB
[2026-06-14 00:54:46,566][pretrain_logger][INFO] - Pretrain memory reserved: 74.00 MB
2026-06-14 00:54:46 - pretrain_logger - INFO - Pretrain memory allocated: 22.08 MB
[2026-06-14 00:54:46,566][pretrain_logger][INFO] - Pretrain memory allocated: 22.08 MB
2026-06-14 00:54:46 - pretrain_logger - INFO - Current learning rate: 0.0005
[2026-06-14 00:54:46,566][pretrain_logger][INFO] - Current learning rate: 0.0005
2026-06-14 00:54:46 - pretrain_logger - INFO - Logged epoch Pretrain 10 info to /public/home/202411094934/python_project/Spatio-Temporal-Library/time-series/2026-06-13/crossformer/pretrain10/ettm1/time-series/seed_0/training_log.json
[2026-06-14 00:54:46,570][pretrain_logger][INFO] - Logged epoch Pretrain 10 info to /public/home/202411094934/python_project/Spatio-Temporal-Library/time-series/2026-06-13/crossformer/pretrain10/ettm1/time-series/seed_0/training_log.json
2026-06-14 00:54:46 - pretrain_logger - INFO - JEPA pretraining completed.
[2026-06-14 00:54:46,570][pretrain_logger][INFO] - JEPA pretraining completed.
