2026-06-27 11:50:42 - finetune_logger - INFO - Loaded pretrained checkpoint from: /public/home/202411094934/python_project/Spatio-Temporal-Library/time-series/2026-06-26/fedformer/pretrain10/ettm1/time-series/seed_2/jepa_pretrain_epoch_10.pth
Missing keys: []
Unexpected keys: []
[2026-06-27 11:50:42,082][finetune_logger][INFO] - Loaded pretrained checkpoint from: /public/home/202411094934/python_project/Spatio-Temporal-Library/time-series/2026-06-26/fedformer/pretrain10/ettm1/time-series/seed_2/jepa_pretrain_epoch_10.pth
Missing keys: []
Unexpected keys: []
2026-06-27 11:50:42 - finetune_logger - INFO - Model parameters: 385,095
[2026-06-27 11:50:42,086][finetune_logger][INFO] - Model parameters: 385,095
2026-06-27 11:50:42 - finetune_logger - INFO - Created new log file at /public/home/202411094934/python_project/Spatio-Temporal-Library/time-series/2026-06-26/fedformer/pretrain10_finetune10/ettm1/time-series/seed_2/training_log.json
[2026-06-27 11:50:42,088][finetune_logger][INFO] - Created new log file at /public/home/202411094934/python_project/Spatio-Temporal-Library/time-series/2026-06-26/fedformer/pretrain10_finetune10/ettm1/time-series/seed_2/training_log.json
2026-06-27 11:50:42 - finetune_logger - INFO - Starting training...
[2026-06-27 11:50:42,088][finetune_logger][INFO] - Starting training...
2026-06-27 11:50:42 - finetune_logger - INFO - Epoch 1/10
[2026-06-27 11:50:42,088][finetune_logger][INFO] - Epoch 1/10
2026-06-27 15:33:54 - finetune_logger - INFO - Train loss: 1.3857282936494968
[2026-06-27 15:33:54,076][finetune_logger][INFO] - Train loss: 1.3857282936494968
2026-06-27 15:33:54 - finetune_logger - INFO - Train time: 13391.987278461456s
[2026-06-27 15:33:54,077][finetune_logger][INFO] - Train time: 13391.987278461456s
2026-06-27 15:33:54 - finetune_logger - INFO - Train memory reserved: 64.00 MB
[2026-06-27 15:33:54,077][finetune_logger][INFO] - Train memory reserved: 64.00 MB
2026-06-27 15:33:54 - finetune_logger - INFO - Train memory allocated: 22.80 MB
[2026-06-27 15:33:54,077][finetune_logger][INFO] - Train memory allocated: 22.80 MB
2026-06-27 15:33:54 - finetune_logger - INFO - Current learning rate: 0.0005
[2026-06-27 15:33:54,077][finetune_logger][INFO] - Current learning rate: 0.0005
2026-06-27 15:51:41 - finetune_logger - INFO - Validation metrics: {'MAE': 1.5865911167513462, 'RMSE': 2.5470599018516697}
[2026-06-27 15:51:41,636][finetune_logger][INFO] - Validation metrics: {'MAE': 1.5865911167513462, 'RMSE': 2.5470599018516697}
2026-06-27 15:51:41 - finetune_logger - INFO - Val time: 1067.56s
[2026-06-27 15:51:41,636][finetune_logger][INFO] - Val time: 1067.56s
2026-06-27 15:51:41 - finetune_logger - INFO - Val memory reserved: 64.00 MB
[2026-06-27 15:51:41,636][finetune_logger][INFO] - Val memory reserved: 64.00 MB
2026-06-27 15:51:41 - finetune_logger - INFO - Val memory allocated: 22.80 MB
[2026-06-27 15:51:41,636][finetune_logger][INFO] - Val memory allocated: 22.80 MB
2026-06-27 15:51:41 - finetune_logger - INFO - Logged epoch 1 info to /public/home/202411094934/python_project/Spatio-Temporal-Library/time-series/2026-06-26/fedformer/pretrain10_finetune10/ettm1/time-series/seed_2/training_log.json
[2026-06-27 15:51:41,640][finetune_logger][INFO] - Logged epoch 1 info to /public/home/202411094934/python_project/Spatio-Temporal-Library/time-series/2026-06-26/fedformer/pretrain10_finetune10/ettm1/time-series/seed_2/training_log.json
2026-06-27 15:51:41 - finetune_logger - INFO - New best model! Val loss: 1.586591
[2026-06-27 15:51:41,640][finetune_logger][INFO] - New best model! Val loss: 1.586591
2026-06-27 16:09:30 - finetune_logger - INFO - Test metrics: {'MAE': 1.421203402498278, 'RMSE': 2.493472556712313}
[2026-06-27 16:09:30,035][finetune_logger][INFO] - Test metrics: {'MAE': 1.421203402498278, 'RMSE': 2.493472556712313}
2026-06-27 16:09:30 - finetune_logger - INFO - Test time: 1068.34s
[2026-06-27 16:09:30,035][finetune_logger][INFO] - Test time: 1068.34s
2026-06-27 16:09:30 - finetune_logger - INFO - Test memory reserved: 64.00 MB
[2026-06-27 16:09:30,036][finetune_logger][INFO] - Test memory reserved: 64.00 MB
2026-06-27 16:09:30 - finetune_logger - INFO - Test memory allocated: 22.80 MB
[2026-06-27 16:09:30,036][finetune_logger][INFO] - Test memory allocated: 22.80 MB
2026-06-27 16:09:30 - finetune_logger - INFO - Epoch 2/10
[2026-06-27 16:09:30,036][finetune_logger][INFO] - Epoch 2/10
2026-06-27 19:56:37 - finetune_logger - INFO - Train loss: 1.295201859328572
[2026-06-27 19:56:37,999][finetune_logger][INFO] - Train loss: 1.295201859328572
2026-06-27 19:56:38 - finetune_logger - INFO - Train time: 13627.962353229523s
[2026-06-27 19:56:38,000][finetune_logger][INFO] - Train time: 13627.962353229523s
2026-06-27 19:56:38 - finetune_logger - INFO - Train memory reserved: 64.00 MB
[2026-06-27 19:56:38,000][finetune_logger][INFO] - Train memory reserved: 64.00 MB
2026-06-27 19:56:38 - finetune_logger - INFO - Train memory allocated: 22.80 MB
[2026-06-27 19:56:38,000][finetune_logger][INFO] - Train memory allocated: 22.80 MB
2026-06-27 19:56:38 - finetune_logger - INFO - Current learning rate: 0.0005
[2026-06-27 19:56:38,000][finetune_logger][INFO] - Current learning rate: 0.0005
2026-06-27 20:14:27 - finetune_logger - INFO - Validation metrics: {'MAE': 1.5849243352585662, 'RMSE': 2.548640144691421}
[2026-06-27 20:14:27,061][finetune_logger][INFO] - Validation metrics: {'MAE': 1.5849243352585662, 'RMSE': 2.548640144691421}
2026-06-27 20:14:27 - finetune_logger - INFO - Val time: 1069.06s
[2026-06-27 20:14:27,061][finetune_logger][INFO] - Val time: 1069.06s
2026-06-27 20:14:27 - finetune_logger - INFO - Val memory reserved: 64.00 MB
[2026-06-27 20:14:27,061][finetune_logger][INFO] - Val memory reserved: 64.00 MB
2026-06-27 20:14:27 - finetune_logger - INFO - Val memory allocated: 22.80 MB
[2026-06-27 20:14:27,061][finetune_logger][INFO] - Val memory allocated: 22.80 MB
2026-06-27 20:14:27 - finetune_logger - INFO - Logged epoch 2 info to /public/home/202411094934/python_project/Spatio-Temporal-Library/time-series/2026-06-26/fedformer/pretrain10_finetune10/ettm1/time-series/seed_2/training_log.json
[2026-06-27 20:14:27,065][finetune_logger][INFO] - Logged epoch 2 info to /public/home/202411094934/python_project/Spatio-Temporal-Library/time-series/2026-06-26/fedformer/pretrain10_finetune10/ettm1/time-series/seed_2/training_log.json
2026-06-27 20:14:27 - finetune_logger - INFO - New best model! Val loss: 1.584924
[2026-06-27 20:14:27,065][finetune_logger][INFO] - New best model! Val loss: 1.584924
2026-06-27 20:32:16 - finetune_logger - INFO - Test metrics: {'MAE': 1.39645168894511, 'RMSE': 2.471256918156889}
[2026-06-27 20:32:16,650][finetune_logger][INFO] - Test metrics: {'MAE': 1.39645168894511, 'RMSE': 2.471256918156889}
2026-06-27 20:32:16 - finetune_logger - INFO - Test time: 1069.53s
[2026-06-27 20:32:16,650][finetune_logger][INFO] - Test time: 1069.53s
2026-06-27 20:32:16 - finetune_logger - INFO - Test memory reserved: 64.00 MB
[2026-06-27 20:32:16,650][finetune_logger][INFO] - Test memory reserved: 64.00 MB
2026-06-27 20:32:16 - finetune_logger - INFO - Test memory allocated: 22.80 MB
[2026-06-27 20:32:16,650][finetune_logger][INFO] - Test memory allocated: 22.80 MB
2026-06-27 20:32:16 - finetune_logger - INFO - Epoch 3/10
[2026-06-27 20:32:16,650][finetune_logger][INFO] - Epoch 3/10
2026-06-28 00:19:36 - finetune_logger - INFO - Train loss: 1.2810568306852994
[2026-06-28 00:19:36,675][finetune_logger][INFO] - Train loss: 1.2810568306852994
2026-06-28 00:19:36 - finetune_logger - INFO - Train time: 13640.023883342743s
[2026-06-28 00:19:36,675][finetune_logger][INFO] - Train time: 13640.023883342743s
2026-06-28 00:19:36 - finetune_logger - INFO - Train memory reserved: 64.00 MB
[2026-06-28 00:19:36,676][finetune_logger][INFO] - Train memory reserved: 64.00 MB
2026-06-28 00:19:36 - finetune_logger - INFO - Train memory allocated: 22.80 MB
[2026-06-28 00:19:36,676][finetune_logger][INFO] - Train memory allocated: 22.80 MB
2026-06-28 00:19:36 - finetune_logger - INFO - Current learning rate: 0.0005
[2026-06-28 00:19:36,676][finetune_logger][INFO] - Current learning rate: 0.0005
2026-06-28 00:37:25 - finetune_logger - INFO - Validation metrics: {'MAE': 1.55779674138379, 'RMSE': 2.488400454135986}
[2026-06-28 00:37:25,933][finetune_logger][INFO] - Validation metrics: {'MAE': 1.55779674138379, 'RMSE': 2.488400454135986}
2026-06-28 00:37:25 - finetune_logger - INFO - Val time: 1069.26s
[2026-06-28 00:37:25,933][finetune_logger][INFO] - Val time: 1069.26s
2026-06-28 00:37:25 - finetune_logger - INFO - Val memory reserved: 64.00 MB
[2026-06-28 00:37:25,933][finetune_logger][INFO] - Val memory reserved: 64.00 MB
2026-06-28 00:37:25 - finetune_logger - INFO - Val memory allocated: 22.80 MB
[2026-06-28 00:37:25,934][finetune_logger][INFO] - Val memory allocated: 22.80 MB
2026-06-28 00:37:25 - finetune_logger - INFO - Logged epoch 3 info to /public/home/202411094934/python_project/Spatio-Temporal-Library/time-series/2026-06-26/fedformer/pretrain10_finetune10/ettm1/time-series/seed_2/training_log.json
[2026-06-28 00:37:25,937][finetune_logger][INFO] - Logged epoch 3 info to /public/home/202411094934/python_project/Spatio-Temporal-Library/time-series/2026-06-26/fedformer/pretrain10_finetune10/ettm1/time-series/seed_2/training_log.json
2026-06-28 00:37:25 - finetune_logger - INFO - New best model! Val loss: 1.557797
[2026-06-28 00:37:25,937][finetune_logger][INFO] - New best model! Val loss: 1.557797
2026-06-28 00:55:16 - finetune_logger - INFO - Test metrics: {'MAE': 1.4119312750515431, 'RMSE': 2.4761948325292247}
[2026-06-28 00:55:16,892][finetune_logger][INFO] - Test metrics: {'MAE': 1.4119312750515431, 'RMSE': 2.4761948325292247}
2026-06-28 00:55:16 - finetune_logger - INFO - Test time: 1070.90s
[2026-06-28 00:55:16,893][finetune_logger][INFO] - Test time: 1070.90s
2026-06-28 00:55:16 - finetune_logger - INFO - Test memory reserved: 64.00 MB
[2026-06-28 00:55:16,893][finetune_logger][INFO] - Test memory reserved: 64.00 MB
2026-06-28 00:55:16 - finetune_logger - INFO - Test memory allocated: 22.80 MB
[2026-06-28 00:55:16,893][finetune_logger][INFO] - Test memory allocated: 22.80 MB
2026-06-28 00:55:16 - finetune_logger - INFO - Epoch 4/10
[2026-06-28 00:55:16,893][finetune_logger][INFO] - Epoch 4/10
2026-06-28 04:41:04 - finetune_logger - INFO - Train loss: 1.2699474641540383
[2026-06-28 04:41:04,625][finetune_logger][INFO] - Train loss: 1.2699474641540383
2026-06-28 04:41:04 - finetune_logger - INFO - Train time: 13547.731165409088s
[2026-06-28 04:41:04,625][finetune_logger][INFO] - Train time: 13547.731165409088s
2026-06-28 04:41:04 - finetune_logger - INFO - Train memory reserved: 64.00 MB
[2026-06-28 04:41:04,625][finetune_logger][INFO] - Train memory reserved: 64.00 MB
2026-06-28 04:41:04 - finetune_logger - INFO - Train memory allocated: 22.80 MB
[2026-06-28 04:41:04,625][finetune_logger][INFO] - Train memory allocated: 22.80 MB
2026-06-28 04:41:04 - finetune_logger - INFO - Current learning rate: 0.0005
[2026-06-28 04:41:04,625][finetune_logger][INFO] - Current learning rate: 0.0005
2026-06-28 04:58:53 - finetune_logger - INFO - Validation metrics: {'MAE': 1.569610516849326, 'RMSE': 2.5019641243400725}
[2026-06-28 04:58:53,424][finetune_logger][INFO] - Validation metrics: {'MAE': 1.569610516849326, 'RMSE': 2.5019641243400725}
2026-06-28 04:58:53 - finetune_logger - INFO - Val time: 1068.80s
[2026-06-28 04:58:53,424][finetune_logger][INFO] - Val time: 1068.80s
2026-06-28 04:58:53 - finetune_logger - INFO - Val memory reserved: 64.00 MB
[2026-06-28 04:58:53,424][finetune_logger][INFO] - Val memory reserved: 64.00 MB
2026-06-28 04:58:53 - finetune_logger - INFO - Val memory allocated: 22.80 MB
[2026-06-28 04:58:53,424][finetune_logger][INFO] - Val memory allocated: 22.80 MB
2026-06-28 04:58:53 - finetune_logger - INFO - Logged epoch 4 info to /public/home/202411094934/python_project/Spatio-Temporal-Library/time-series/2026-06-26/fedformer/pretrain10_finetune10/ettm1/time-series/seed_2/training_log.json
[2026-06-28 04:58:53,427][finetune_logger][INFO] - Logged epoch 4 info to /public/home/202411094934/python_project/Spatio-Temporal-Library/time-series/2026-06-26/fedformer/pretrain10_finetune10/ettm1/time-series/seed_2/training_log.json
2026-06-28 05:16:42 - finetune_logger - INFO - Test metrics: {'MAE': 1.4085785189153295, 'RMSE': 2.471634717422551}
[2026-06-28 05:16:42,705][finetune_logger][INFO] - Test metrics: {'MAE': 1.4085785189153295, 'RMSE': 2.471634717422551}
2026-06-28 05:16:42 - finetune_logger - INFO - Test time: 1069.28s
[2026-06-28 05:16:42,705][finetune_logger][INFO] - Test time: 1069.28s
2026-06-28 05:16:42 - finetune_logger - INFO - Test memory reserved: 64.00 MB
[2026-06-28 05:16:42,705][finetune_logger][INFO] - Test memory reserved: 64.00 MB
2026-06-28 05:16:42 - finetune_logger - INFO - Test memory allocated: 22.80 MB
[2026-06-28 05:16:42,705][finetune_logger][INFO] - Test memory allocated: 22.80 MB
2026-06-28 05:16:42 - finetune_logger - INFO - Epoch 5/10
[2026-06-28 05:16:42,705][finetune_logger][INFO] - Epoch 5/10
2026-06-28 09:02:57 - finetune_logger - INFO - Train loss: 1.261157590570427
[2026-06-28 09:02:57,550][finetune_logger][INFO] - Train loss: 1.261157590570427
2026-06-28 09:02:57 - finetune_logger - INFO - Train time: 13574.844695091248s
[2026-06-28 09:02:57,551][finetune_logger][INFO] - Train time: 13574.844695091248s
2026-06-28 09:02:57 - finetune_logger - INFO - Train memory reserved: 64.00 MB
[2026-06-28 09:02:57,551][finetune_logger][INFO] - Train memory reserved: 64.00 MB
2026-06-28 09:02:57 - finetune_logger - INFO - Train memory allocated: 22.80 MB
[2026-06-28 09:02:57,551][finetune_logger][INFO] - Train memory allocated: 22.80 MB
2026-06-28 09:02:57 - finetune_logger - INFO - Current learning rate: 0.0005
[2026-06-28 09:02:57,551][finetune_logger][INFO] - Current learning rate: 0.0005
2026-06-28 09:20:46 - finetune_logger - INFO - Validation metrics: {'MAE': 1.5799122483794874, 'RMSE': 2.509335984212277}
[2026-06-28 09:20:46,127][finetune_logger][INFO] - Validation metrics: {'MAE': 1.5799122483794874, 'RMSE': 2.509335984212277}
2026-06-28 09:20:46 - finetune_logger - INFO - Val time: 1068.58s
[2026-06-28 09:20:46,128][finetune_logger][INFO] - Val time: 1068.58s
2026-06-28 09:20:46 - finetune_logger - INFO - Val memory reserved: 64.00 MB
[2026-06-28 09:20:46,128][finetune_logger][INFO] - Val memory reserved: 64.00 MB
2026-06-28 09:20:46 - finetune_logger - INFO - Val memory allocated: 22.80 MB
[2026-06-28 09:20:46,128][finetune_logger][INFO] - Val memory allocated: 22.80 MB
2026-06-28 09:20:46 - finetune_logger - INFO - Logged epoch 5 info to /public/home/202411094934/python_project/Spatio-Temporal-Library/time-series/2026-06-26/fedformer/pretrain10_finetune10/ettm1/time-series/seed_2/training_log.json
[2026-06-28 09:20:46,132][finetune_logger][INFO] - Logged epoch 5 info to /public/home/202411094934/python_project/Spatio-Temporal-Library/time-series/2026-06-26/fedformer/pretrain10_finetune10/ettm1/time-series/seed_2/training_log.json
2026-06-28 09:38:33 - finetune_logger - INFO - Test metrics: {'MAE': 1.4128688958396949, 'RMSE': 2.4910579793462824}
[2026-06-28 09:38:33,007][finetune_logger][INFO] - Test metrics: {'MAE': 1.4128688958396949, 'RMSE': 2.4910579793462824}
2026-06-28 09:38:33 - finetune_logger - INFO - Test time: 1066.87s
[2026-06-28 09:38:33,007][finetune_logger][INFO] - Test time: 1066.87s
2026-06-28 09:38:33 - finetune_logger - INFO - Test memory reserved: 64.00 MB
[2026-06-28 09:38:33,008][finetune_logger][INFO] - Test memory reserved: 64.00 MB
2026-06-28 09:38:33 - finetune_logger - INFO - Test memory allocated: 22.80 MB
[2026-06-28 09:38:33,008][finetune_logger][INFO] - Test memory allocated: 22.80 MB
2026-06-28 09:38:33 - finetune_logger - INFO - Epoch 6/10
[2026-06-28 09:38:33,008][finetune_logger][INFO] - Epoch 6/10
2026-06-28 13:24:57 - finetune_logger - INFO - Train loss: 1.2575092220268211
[2026-06-28 13:24:57,846][finetune_logger][INFO] - Train loss: 1.2575092220268211
2026-06-28 13:24:57 - finetune_logger - INFO - Train time: 13584.837185144424s
[2026-06-28 13:24:57,846][finetune_logger][INFO] - Train time: 13584.837185144424s
2026-06-28 13:24:57 - finetune_logger - INFO - Train memory reserved: 64.00 MB
[2026-06-28 13:24:57,846][finetune_logger][INFO] - Train memory reserved: 64.00 MB
2026-06-28 13:24:57 - finetune_logger - INFO - Train memory allocated: 22.80 MB
[2026-06-28 13:24:57,846][finetune_logger][INFO] - Train memory allocated: 22.80 MB
2026-06-28 13:24:57 - finetune_logger - INFO - Current learning rate: 0.0005
[2026-06-28 13:24:57,846][finetune_logger][INFO] - Current learning rate: 0.0005
2026-06-28 13:42:45 - finetune_logger - INFO - Validation metrics: {'MAE': 1.5759675764317889, 'RMSE': 2.5256496980250676}
[2026-06-28 13:42:45,448][finetune_logger][INFO] - Validation metrics: {'MAE': 1.5759675764317889, 'RMSE': 2.5256496980250676}
2026-06-28 13:42:45 - finetune_logger - INFO - Val time: 1067.60s
[2026-06-28 13:42:45,448][finetune_logger][INFO] - Val time: 1067.60s
2026-06-28 13:42:45 - finetune_logger - INFO - Val memory reserved: 64.00 MB
[2026-06-28 13:42:45,449][finetune_logger][INFO] - Val memory reserved: 64.00 MB
2026-06-28 13:42:45 - finetune_logger - INFO - Val memory allocated: 22.80 MB
[2026-06-28 13:42:45,449][finetune_logger][INFO] - Val memory allocated: 22.80 MB
2026-06-28 13:42:45 - finetune_logger - INFO - Logged epoch 6 info to /public/home/202411094934/python_project/Spatio-Temporal-Library/time-series/2026-06-26/fedformer/pretrain10_finetune10/ettm1/time-series/seed_2/training_log.json
[2026-06-28 13:42:45,452][finetune_logger][INFO] - Logged epoch 6 info to /public/home/202411094934/python_project/Spatio-Temporal-Library/time-series/2026-06-26/fedformer/pretrain10_finetune10/ettm1/time-series/seed_2/training_log.json
2026-06-28 14:00:35 - finetune_logger - INFO - Test metrics: {'MAE': 1.4002336894677494, 'RMSE': 2.466718282140861}
[2026-06-28 14:00:35,122][finetune_logger][INFO] - Test metrics: {'MAE': 1.4002336894677494, 'RMSE': 2.466718282140861}
2026-06-28 14:00:35 - finetune_logger - INFO - Test time: 1069.67s
[2026-06-28 14:00:35,122][finetune_logger][INFO] - Test time: 1069.67s
2026-06-28 14:00:35 - finetune_logger - INFO - Test memory reserved: 64.00 MB
[2026-06-28 14:00:35,122][finetune_logger][INFO] - Test memory reserved: 64.00 MB
2026-06-28 14:00:35 - finetune_logger - INFO - Test memory allocated: 22.80 MB
[2026-06-28 14:00:35,122][finetune_logger][INFO] - Test memory allocated: 22.80 MB
2026-06-28 14:00:35 - finetune_logger - INFO - Epoch 7/10
[2026-06-28 14:00:35,122][finetune_logger][INFO] - Epoch 7/10
2026-06-28 17:46:46 - finetune_logger - INFO - Train loss: 1.2520133428793523
[2026-06-28 17:46:46,963][finetune_logger][INFO] - Train loss: 1.2520133428793523
2026-06-28 17:46:46 - finetune_logger - INFO - Train time: 13571.840455770493s
[2026-06-28 17:46:46,964][finetune_logger][INFO] - Train time: 13571.840455770493s
2026-06-28 17:46:46 - finetune_logger - INFO - Train memory reserved: 64.00 MB
[2026-06-28 17:46:46,964][finetune_logger][INFO] - Train memory reserved: 64.00 MB
2026-06-28 17:46:46 - finetune_logger - INFO - Train memory allocated: 22.80 MB
[2026-06-28 17:46:46,964][finetune_logger][INFO] - Train memory allocated: 22.80 MB
2026-06-28 17:46:46 - finetune_logger - INFO - Current learning rate: 0.0005
[2026-06-28 17:46:46,964][finetune_logger][INFO] - Current learning rate: 0.0005
2026-06-28 18:04:38 - finetune_logger - INFO - Validation metrics: {'MAE': 1.5879952208867767, 'RMSE': 2.5257739835350566}
[2026-06-28 18:04:38,048][finetune_logger][INFO] - Validation metrics: {'MAE': 1.5879952208867767, 'RMSE': 2.5257739835350566}
2026-06-28 18:04:38 - finetune_logger - INFO - Val time: 1071.08s
[2026-06-28 18:04:38,048][finetune_logger][INFO] - Val time: 1071.08s
2026-06-28 18:04:38 - finetune_logger - INFO - Val memory reserved: 64.00 MB
[2026-06-28 18:04:38,048][finetune_logger][INFO] - Val memory reserved: 64.00 MB
2026-06-28 18:04:38 - finetune_logger - INFO - Val memory allocated: 22.80 MB
[2026-06-28 18:04:38,048][finetune_logger][INFO] - Val memory allocated: 22.80 MB
2026-06-28 18:04:38 - finetune_logger - INFO - Logged epoch 7 info to /public/home/202411094934/python_project/Spatio-Temporal-Library/time-series/2026-06-26/fedformer/pretrain10_finetune10/ettm1/time-series/seed_2/training_log.json
[2026-06-28 18:04:38,052][finetune_logger][INFO] - Logged epoch 7 info to /public/home/202411094934/python_project/Spatio-Temporal-Library/time-series/2026-06-26/fedformer/pretrain10_finetune10/ettm1/time-series/seed_2/training_log.json
2026-06-28 18:22:26 - finetune_logger - INFO - Test metrics: {'MAE': 1.444331548068989, 'RMSE': 2.5272697482276243}
[2026-06-28 18:22:26,381][finetune_logger][INFO] - Test metrics: {'MAE': 1.444331548068989, 'RMSE': 2.5272697482276243}
2026-06-28 18:22:26 - finetune_logger - INFO - Test time: 1068.33s
[2026-06-28 18:22:26,381][finetune_logger][INFO] - Test time: 1068.33s
2026-06-28 18:22:26 - finetune_logger - INFO - Test memory reserved: 64.00 MB
[2026-06-28 18:22:26,382][finetune_logger][INFO] - Test memory reserved: 64.00 MB
2026-06-28 18:22:26 - finetune_logger - INFO - Test memory allocated: 22.80 MB
[2026-06-28 18:22:26,382][finetune_logger][INFO] - Test memory allocated: 22.80 MB
2026-06-28 18:22:26 - finetune_logger - INFO - Epoch 8/10
[2026-06-28 18:22:26,382][finetune_logger][INFO] - Epoch 8/10
2026-06-28 22:10:02 - finetune_logger - INFO - Train loss: 1.2475330526705801
[2026-06-28 22:10:02,471][finetune_logger][INFO] - Train loss: 1.2475330526705801
2026-06-28 22:10:02 - finetune_logger - INFO - Train time: 13656.088387727737s
[2026-06-28 22:10:02,472][finetune_logger][INFO] - Train time: 13656.088387727737s
2026-06-28 22:10:02 - finetune_logger - INFO - Train memory reserved: 64.00 MB
[2026-06-28 22:10:02,472][finetune_logger][INFO] - Train memory reserved: 64.00 MB
2026-06-28 22:10:02 - finetune_logger - INFO - Train memory allocated: 22.80 MB
[2026-06-28 22:10:02,472][finetune_logger][INFO] - Train memory allocated: 22.80 MB
2026-06-28 22:10:02 - finetune_logger - INFO - Current learning rate: 0.0005
[2026-06-28 22:10:02,472][finetune_logger][INFO] - Current learning rate: 0.0005
2026-06-28 22:27:51 - finetune_logger - INFO - Validation metrics: {'MAE': 1.5642501798673085, 'RMSE': 2.5044379083410875}
[2026-06-28 22:27:51,719][finetune_logger][INFO] - Validation metrics: {'MAE': 1.5642501798673085, 'RMSE': 2.5044379083410875}
2026-06-28 22:27:51 - finetune_logger - INFO - Val time: 1069.25s
[2026-06-28 22:27:51,719][finetune_logger][INFO] - Val time: 1069.25s
2026-06-28 22:27:51 - finetune_logger - INFO - Val memory reserved: 64.00 MB
[2026-06-28 22:27:51,719][finetune_logger][INFO] - Val memory reserved: 64.00 MB
2026-06-28 22:27:51 - finetune_logger - INFO - Val memory allocated: 22.80 MB
[2026-06-28 22:27:51,719][finetune_logger][INFO] - Val memory allocated: 22.80 MB
2026-06-28 22:27:51 - finetune_logger - INFO - Logged epoch 8 info to /public/home/202411094934/python_project/Spatio-Temporal-Library/time-series/2026-06-26/fedformer/pretrain10_finetune10/ettm1/time-series/seed_2/training_log.json
[2026-06-28 22:27:51,723][finetune_logger][INFO] - Logged epoch 8 info to /public/home/202411094934/python_project/Spatio-Temporal-Library/time-series/2026-06-26/fedformer/pretrain10_finetune10/ettm1/time-series/seed_2/training_log.json
2026-06-28 22:45:38 - finetune_logger - INFO - Test metrics: {'MAE': 1.3869833523677975, 'RMSE': 2.45935747583761}
[2026-06-28 22:45:38,513][finetune_logger][INFO] - Test metrics: {'MAE': 1.3869833523677975, 'RMSE': 2.45935747583761}
2026-06-28 22:45:38 - finetune_logger - INFO - Test time: 1066.79s
[2026-06-28 22:45:38,513][finetune_logger][INFO] - Test time: 1066.79s
2026-06-28 22:45:38 - finetune_logger - INFO - Test memory reserved: 64.00 MB
[2026-06-28 22:45:38,513][finetune_logger][INFO] - Test memory reserved: 64.00 MB
2026-06-28 22:45:38 - finetune_logger - INFO - Test memory allocated: 22.80 MB
[2026-06-28 22:45:38,513][finetune_logger][INFO] - Test memory allocated: 22.80 MB
2026-06-28 22:45:38 - finetune_logger - INFO - Epoch 9/10
[2026-06-28 22:45:38,513][finetune_logger][INFO] - Epoch 9/10
2026-06-29 02:31:34 - finetune_logger - INFO - Train loss: 1.2409136427698044
[2026-06-29 02:31:34,700][finetune_logger][INFO] - Train loss: 1.2409136427698044
2026-06-29 02:31:34 - finetune_logger - INFO - Train time: 13556.184961795807s
[2026-06-29 02:31:34,700][finetune_logger][INFO] - Train time: 13556.184961795807s
2026-06-29 02:31:34 - finetune_logger - INFO - Train memory reserved: 64.00 MB
[2026-06-29 02:31:34,700][finetune_logger][INFO] - Train memory reserved: 64.00 MB
2026-06-29 02:31:34 - finetune_logger - INFO - Train memory allocated: 22.80 MB
[2026-06-29 02:31:34,700][finetune_logger][INFO] - Train memory allocated: 22.80 MB
2026-06-29 02:31:34 - finetune_logger - INFO - Current learning rate: 0.0005
[2026-06-29 02:31:34,701][finetune_logger][INFO] - Current learning rate: 0.0005
2026-06-29 02:49:28 - finetune_logger - INFO - Validation metrics: {'MAE': 1.5742349624686756, 'RMSE': 2.5187599300967767}
[2026-06-29 02:49:28,238][finetune_logger][INFO] - Validation metrics: {'MAE': 1.5742349624686756, 'RMSE': 2.5187599300967767}
2026-06-29 02:49:28 - finetune_logger - INFO - Val time: 1073.54s
[2026-06-29 02:49:28,238][finetune_logger][INFO] - Val time: 1073.54s
2026-06-29 02:49:28 - finetune_logger - INFO - Val memory reserved: 64.00 MB
[2026-06-29 02:49:28,238][finetune_logger][INFO] - Val memory reserved: 64.00 MB
2026-06-29 02:49:28 - finetune_logger - INFO - Val memory allocated: 22.80 MB
[2026-06-29 02:49:28,239][finetune_logger][INFO] - Val memory allocated: 22.80 MB
2026-06-29 02:49:28 - finetune_logger - INFO - Logged epoch 9 info to /public/home/202411094934/python_project/Spatio-Temporal-Library/time-series/2026-06-26/fedformer/pretrain10_finetune10/ettm1/time-series/seed_2/training_log.json
[2026-06-29 02:49:28,243][finetune_logger][INFO] - Logged epoch 9 info to /public/home/202411094934/python_project/Spatio-Temporal-Library/time-series/2026-06-26/fedformer/pretrain10_finetune10/ettm1/time-series/seed_2/training_log.json
2026-06-29 03:07:19 - finetune_logger - INFO - Test metrics: {'MAE': 1.3813221246784655, 'RMSE': 2.4455707734921086}
[2026-06-29 03:07:19,612][finetune_logger][INFO] - Test metrics: {'MAE': 1.3813221246784655, 'RMSE': 2.4455707734921086}
2026-06-29 03:07:19 - finetune_logger - INFO - Test time: 1071.37s
[2026-06-29 03:07:19,612][finetune_logger][INFO] - Test time: 1071.37s
2026-06-29 03:07:19 - finetune_logger - INFO - Test memory reserved: 64.00 MB
[2026-06-29 03:07:19,612][finetune_logger][INFO] - Test memory reserved: 64.00 MB
2026-06-29 03:07:19 - finetune_logger - INFO - Test memory allocated: 22.80 MB
[2026-06-29 03:07:19,613][finetune_logger][INFO] - Test memory allocated: 22.80 MB
2026-06-29 03:07:19 - finetune_logger - INFO - Epoch 10/10
[2026-06-29 03:07:19,613][finetune_logger][INFO] - Epoch 10/10
2026-06-29 06:53:47 - finetune_logger - INFO - Train loss: 1.2320340557724498
[2026-06-29 06:53:47,853][finetune_logger][INFO] - Train loss: 1.2320340557724498
2026-06-29 06:53:47 - finetune_logger - INFO - Train time: 13588.238805532455s
[2026-06-29 06:53:47,853][finetune_logger][INFO] - Train time: 13588.238805532455s
2026-06-29 06:53:47 - finetune_logger - INFO - Train memory reserved: 64.00 MB
[2026-06-29 06:53:47,853][finetune_logger][INFO] - Train memory reserved: 64.00 MB
2026-06-29 06:53:47 - finetune_logger - INFO - Train memory allocated: 22.80 MB
[2026-06-29 06:53:47,853][finetune_logger][INFO] - Train memory allocated: 22.80 MB
2026-06-29 06:53:47 - finetune_logger - INFO - Current learning rate: 0.0005
[2026-06-29 06:53:47,853][finetune_logger][INFO] - Current learning rate: 0.0005
2026-06-29 07:11:36 - finetune_logger - INFO - Validation metrics: {'MAE': 1.5820515772791603, 'RMSE': 2.5218950664420356}
[2026-06-29 07:11:36,578][finetune_logger][INFO] - Validation metrics: {'MAE': 1.5820515772791603, 'RMSE': 2.5218950664420356}
2026-06-29 07:11:36 - finetune_logger - INFO - Val time: 1068.72s
[2026-06-29 07:11:36,579][finetune_logger][INFO] - Val time: 1068.72s
2026-06-29 07:11:36 - finetune_logger - INFO - Val memory reserved: 64.00 MB
[2026-06-29 07:11:36,579][finetune_logger][INFO] - Val memory reserved: 64.00 MB
2026-06-29 07:11:36 - finetune_logger - INFO - Val memory allocated: 22.80 MB
[2026-06-29 07:11:36,579][finetune_logger][INFO] - Val memory allocated: 22.80 MB
2026-06-29 07:11:36 - finetune_logger - INFO - Logged epoch 10 info to /public/home/202411094934/python_project/Spatio-Temporal-Library/time-series/2026-06-26/fedformer/pretrain10_finetune10/ettm1/time-series/seed_2/training_log.json
[2026-06-29 07:11:36,582][finetune_logger][INFO] - Logged epoch 10 info to /public/home/202411094934/python_project/Spatio-Temporal-Library/time-series/2026-06-26/fedformer/pretrain10_finetune10/ettm1/time-series/seed_2/training_log.json
2026-06-29 07:29:28 - finetune_logger - INFO - Test metrics: {'MAE': 1.3976939873170504, 'RMSE': 2.464125911960911}
[2026-06-29 07:29:28,445][finetune_logger][INFO] - Test metrics: {'MAE': 1.3976939873170504, 'RMSE': 2.464125911960911}
2026-06-29 07:29:28 - finetune_logger - INFO - Test time: 1071.83s
[2026-06-29 07:29:28,445][finetune_logger][INFO] - Test time: 1071.83s
2026-06-29 07:29:28 - finetune_logger - INFO - Test memory reserved: 64.00 MB
[2026-06-29 07:29:28,445][finetune_logger][INFO] - Test memory reserved: 64.00 MB
2026-06-29 07:29:28 - finetune_logger - INFO - Test memory allocated: 22.80 MB
[2026-06-29 07:29:28,445][finetune_logger][INFO] - Test memory allocated: 22.80 MB
2026-06-29 07:29:28 - finetune_logger - INFO - Training completed. Best epoch: 3, Best val loss: 1.557797
[2026-06-29 07:29:28,446][finetune_logger][INFO] - Training completed. Best epoch: 3, Best val loss: 1.557797
2026-06-29 07:29:28 - finetune_logger - INFO - Loaded checkpoint from epoch 3
[2026-06-29 07:29:28,485][finetune_logger][INFO] - Loaded checkpoint from epoch 3
2026-06-29 07:29:28 - finetune_logger - INFO - Evaluating best model on test sets...
[2026-06-29 07:29:28,486][finetune_logger][INFO] - Evaluating best model on test sets...
2026-06-29 07:47:15 - finetune_logger - INFO - Test metrics: {'MAE': 1.4119312750515431, 'RMSE': 2.4761948325292247}
[2026-06-29 07:47:15,906][finetune_logger][INFO] - Test metrics: {'MAE': 1.4119312750515431, 'RMSE': 2.4761948325292247}
2026-06-29 07:47:15 - finetune_logger - INFO - Test time: 1067.42s
[2026-06-29 07:47:15,906][finetune_logger][INFO] - Test time: 1067.42s
2026-06-29 07:47:15 - finetune_logger - INFO - Test memory reserved: 84.00 MB
[2026-06-29 07:47:15,907][finetune_logger][INFO] - Test memory reserved: 84.00 MB
2026-06-29 07:47:15 - finetune_logger - INFO - Test memory allocated: 22.83 MB
[2026-06-29 07:47:15,907][finetune_logger][INFO] - Test memory allocated: 22.83 MB
2026-06-29 07:47:15 - finetune_logger - INFO - Logged epoch test info to /public/home/202411094934/python_project/Spatio-Temporal-Library/time-series/2026-06-26/fedformer/pretrain10_finetune10/ettm1/time-series/seed_2/training_log.json
[2026-06-29 07:47:15,910][finetune_logger][INFO] - Logged epoch test info to /public/home/202411094934/python_project/Spatio-Temporal-Library/time-series/2026-06-26/fedformer/pretrain10_finetune10/ettm1/time-series/seed_2/training_log.json
