2026-06-18 11:16:30 - finetune_logger - INFO - Loaded pretrained checkpoint from: /public/home/202411094934/python_project/Spatio-Temporal-Library/time-series/2026-06-18/patchtst/pretrain10/electricity/time-series/seed_1/jepa_pretrain_epoch_10.pth
Missing keys: []
Unexpected keys: []
[2026-06-18 11:16:30,655][finetune_logger][INFO] - Loaded pretrained checkpoint from: /public/home/202411094934/python_project/Spatio-Temporal-Library/time-series/2026-06-18/patchtst/pretrain10/electricity/time-series/seed_1/jepa_pretrain_epoch_10.pth
Missing keys: []
Unexpected keys: []
2026-06-18 11:16:30 - finetune_logger - INFO - Model parameters: 26,414,914
[2026-06-18 11:16:30,688][finetune_logger][INFO] - Model parameters: 26,414,914
2026-06-18 11:16:30 - finetune_logger - INFO - Created new log file at /public/home/202411094934/python_project/Spatio-Temporal-Library/time-series/2026-06-18/patchtst/pretrain10_finetune10/electricity/time-series/seed_1/training_log.json
[2026-06-18 11:16:30,692][finetune_logger][INFO] - Created new log file at /public/home/202411094934/python_project/Spatio-Temporal-Library/time-series/2026-06-18/patchtst/pretrain10_finetune10/electricity/time-series/seed_1/training_log.json
2026-06-18 11:16:30 - finetune_logger - INFO - Starting training...
[2026-06-18 11:16:30,692][finetune_logger][INFO] - Starting training...
2026-06-18 11:16:30 - finetune_logger - INFO - Epoch 1/10
[2026-06-18 11:16:30,692][finetune_logger][INFO] - Epoch 1/10
2026-06-18 11:54:39 - finetune_logger - INFO - Train loss: 267.0681758829554
[2026-06-18 11:54:39,359][finetune_logger][INFO] - Train loss: 267.0681758829554
2026-06-18 11:54:39 - finetune_logger - INFO - Train time: 2288.6657638549805s
[2026-06-18 11:54:39,359][finetune_logger][INFO] - Train time: 2288.6657638549805s
2026-06-18 11:54:39 - finetune_logger - INFO - Train memory reserved: 580.00 MB
[2026-06-18 11:54:39,359][finetune_logger][INFO] - Train memory reserved: 580.00 MB
2026-06-18 11:54:39 - finetune_logger - INFO - Train memory allocated: 318.57 MB
[2026-06-18 11:54:39,359][finetune_logger][INFO] - Train memory allocated: 318.57 MB
2026-06-18 11:54:39 - finetune_logger - INFO - Current learning rate: 0.0005
[2026-06-18 11:54:39,360][finetune_logger][INFO] - Current learning rate: 0.0005
2026-06-18 11:55:53 - finetune_logger - INFO - Validation metrics: {'MAE': 240.76208090691767, 'RMSE': 1806.6065356188296}
[2026-06-18 11:55:53,918][finetune_logger][INFO] - Validation metrics: {'MAE': 240.76208090691767, 'RMSE': 1806.6065356188296}
2026-06-18 11:55:53 - finetune_logger - INFO - Val time: 74.56s
[2026-06-18 11:55:53,918][finetune_logger][INFO] - Val time: 74.56s
2026-06-18 11:55:53 - finetune_logger - INFO - Val memory reserved: 580.00 MB
[2026-06-18 11:55:53,918][finetune_logger][INFO] - Val memory reserved: 580.00 MB
2026-06-18 11:55:53 - finetune_logger - INFO - Val memory allocated: 318.57 MB
[2026-06-18 11:55:53,919][finetune_logger][INFO] - Val memory allocated: 318.57 MB
2026-06-18 11:55:53 - finetune_logger - INFO - Logged epoch 1 info to /public/home/202411094934/python_project/Spatio-Temporal-Library/time-series/2026-06-18/patchtst/pretrain10_finetune10/electricity/time-series/seed_1/training_log.json
[2026-06-18 11:55:53,922][finetune_logger][INFO] - Logged epoch 1 info to /public/home/202411094934/python_project/Spatio-Temporal-Library/time-series/2026-06-18/patchtst/pretrain10_finetune10/electricity/time-series/seed_1/training_log.json
2026-06-18 11:55:53 - finetune_logger - INFO - New best model! Val loss: 240.762081
[2026-06-18 11:55:53,923][finetune_logger][INFO] - New best model! Val loss: 240.762081
2026-06-18 11:58:30 - finetune_logger - INFO - Test metrics: {'MAE': 315.42986991063896, 'RMSE': 2914.51903972621}
[2026-06-18 11:58:30,965][finetune_logger][INFO] - Test metrics: {'MAE': 315.42986991063896, 'RMSE': 2914.51903972621}
2026-06-18 11:58:30 - finetune_logger - INFO - Test time: 155.97s
[2026-06-18 11:58:30,965][finetune_logger][INFO] - Test time: 155.97s
2026-06-18 11:58:30 - finetune_logger - INFO - Test memory reserved: 580.00 MB
[2026-06-18 11:58:30,965][finetune_logger][INFO] - Test memory reserved: 580.00 MB
2026-06-18 11:58:30 - finetune_logger - INFO - Test memory allocated: 318.57 MB
[2026-06-18 11:58:30,965][finetune_logger][INFO] - Test memory allocated: 318.57 MB
2026-06-18 11:58:30 - finetune_logger - INFO - Epoch 2/10
[2026-06-18 11:58:30,965][finetune_logger][INFO] - Epoch 2/10
2026-06-18 12:36:21 - finetune_logger - INFO - Train loss: 232.33262521161942
[2026-06-18 12:36:21,448][finetune_logger][INFO] - Train loss: 232.33262521161942
2026-06-18 12:36:21 - finetune_logger - INFO - Train time: 2270.4823801517487s
[2026-06-18 12:36:21,448][finetune_logger][INFO] - Train time: 2270.4823801517487s
2026-06-18 12:36:21 - finetune_logger - INFO - Train memory reserved: 580.00 MB
[2026-06-18 12:36:21,449][finetune_logger][INFO] - Train memory reserved: 580.00 MB
2026-06-18 12:36:21 - finetune_logger - INFO - Train memory allocated: 318.57 MB
[2026-06-18 12:36:21,449][finetune_logger][INFO] - Train memory allocated: 318.57 MB
2026-06-18 12:36:21 - finetune_logger - INFO - Current learning rate: 0.0005
[2026-06-18 12:36:21,449][finetune_logger][INFO] - Current learning rate: 0.0005
2026-06-18 12:37:36 - finetune_logger - INFO - Validation metrics: {'MAE': 219.70958146587168, 'RMSE': 1611.9642013517675}
[2026-06-18 12:37:36,003][finetune_logger][INFO] - Validation metrics: {'MAE': 219.70958146587168, 'RMSE': 1611.9642013517675}
2026-06-18 12:37:36 - finetune_logger - INFO - Val time: 74.55s
[2026-06-18 12:37:36,003][finetune_logger][INFO] - Val time: 74.55s
2026-06-18 12:37:36 - finetune_logger - INFO - Val memory reserved: 580.00 MB
[2026-06-18 12:37:36,003][finetune_logger][INFO] - Val memory reserved: 580.00 MB
2026-06-18 12:37:36 - finetune_logger - INFO - Val memory allocated: 318.57 MB
[2026-06-18 12:37:36,003][finetune_logger][INFO] - Val memory allocated: 318.57 MB
2026-06-18 12:37:36 - finetune_logger - INFO - Logged epoch 2 info to /public/home/202411094934/python_project/Spatio-Temporal-Library/time-series/2026-06-18/patchtst/pretrain10_finetune10/electricity/time-series/seed_1/training_log.json
[2026-06-18 12:37:36,008][finetune_logger][INFO] - Logged epoch 2 info to /public/home/202411094934/python_project/Spatio-Temporal-Library/time-series/2026-06-18/patchtst/pretrain10_finetune10/electricity/time-series/seed_1/training_log.json
2026-06-18 12:37:36 - finetune_logger - INFO - New best model! Val loss: 219.709581
[2026-06-18 12:37:36,008][finetune_logger][INFO] - New best model! Val loss: 219.709581
2026-06-18 12:40:13 - finetune_logger - INFO - Test metrics: {'MAE': 293.6991967105427, 'RMSE': 2680.3216966949285}
[2026-06-18 12:40:13,717][finetune_logger][INFO] - Test metrics: {'MAE': 293.6991967105427, 'RMSE': 2680.3216966949285}
2026-06-18 12:40:13 - finetune_logger - INFO - Test time: 156.62s
[2026-06-18 12:40:13,718][finetune_logger][INFO] - Test time: 156.62s
2026-06-18 12:40:13 - finetune_logger - INFO - Test memory reserved: 580.00 MB
[2026-06-18 12:40:13,718][finetune_logger][INFO] - Test memory reserved: 580.00 MB
2026-06-18 12:40:13 - finetune_logger - INFO - Test memory allocated: 318.57 MB
[2026-06-18 12:40:13,718][finetune_logger][INFO] - Test memory allocated: 318.57 MB
2026-06-18 12:40:13 - finetune_logger - INFO - Epoch 3/10
[2026-06-18 12:40:13,718][finetune_logger][INFO] - Epoch 3/10
2026-06-18 13:18:30 - finetune_logger - INFO - Train loss: 223.5700096386252
[2026-06-18 13:18:30,951][finetune_logger][INFO] - Train loss: 223.5700096386252
2026-06-18 13:18:30 - finetune_logger - INFO - Train time: 2297.2321314811707s
[2026-06-18 13:18:30,951][finetune_logger][INFO] - Train time: 2297.2321314811707s
2026-06-18 13:18:30 - finetune_logger - INFO - Train memory reserved: 580.00 MB
[2026-06-18 13:18:30,951][finetune_logger][INFO] - Train memory reserved: 580.00 MB
2026-06-18 13:18:30 - finetune_logger - INFO - Train memory allocated: 318.57 MB
[2026-06-18 13:18:30,951][finetune_logger][INFO] - Train memory allocated: 318.57 MB
2026-06-18 13:18:30 - finetune_logger - INFO - Current learning rate: 0.0005
[2026-06-18 13:18:30,951][finetune_logger][INFO] - Current learning rate: 0.0005
2026-06-18 13:19:45 - finetune_logger - INFO - Validation metrics: {'MAE': 210.95080447548327, 'RMSE': 1525.344696134864}
[2026-06-18 13:19:45,416][finetune_logger][INFO] - Validation metrics: {'MAE': 210.95080447548327, 'RMSE': 1525.344696134864}
2026-06-18 13:19:45 - finetune_logger - INFO - Val time: 74.46s
[2026-06-18 13:19:45,416][finetune_logger][INFO] - Val time: 74.46s
2026-06-18 13:19:45 - finetune_logger - INFO - Val memory reserved: 580.00 MB
[2026-06-18 13:19:45,417][finetune_logger][INFO] - Val memory reserved: 580.00 MB
2026-06-18 13:19:45 - finetune_logger - INFO - Val memory allocated: 318.57 MB
[2026-06-18 13:19:45,417][finetune_logger][INFO] - Val memory allocated: 318.57 MB
2026-06-18 13:19:45 - finetune_logger - INFO - Logged epoch 3 info to /public/home/202411094934/python_project/Spatio-Temporal-Library/time-series/2026-06-18/patchtst/pretrain10_finetune10/electricity/time-series/seed_1/training_log.json
[2026-06-18 13:19:45,420][finetune_logger][INFO] - Logged epoch 3 info to /public/home/202411094934/python_project/Spatio-Temporal-Library/time-series/2026-06-18/patchtst/pretrain10_finetune10/electricity/time-series/seed_1/training_log.json
2026-06-18 13:19:45 - finetune_logger - INFO - New best model! Val loss: 210.950804
[2026-06-18 13:19:45,420][finetune_logger][INFO] - New best model! Val loss: 210.950804
2026-06-18 13:22:22 - finetune_logger - INFO - Test metrics: {'MAE': 279.9683976033377, 'RMSE': 2500.632375575075}
[2026-06-18 13:22:22,787][finetune_logger][INFO] - Test metrics: {'MAE': 279.9683976033377, 'RMSE': 2500.632375575075}
2026-06-18 13:22:22 - finetune_logger - INFO - Test time: 156.28s
[2026-06-18 13:22:22,788][finetune_logger][INFO] - Test time: 156.28s
2026-06-18 13:22:22 - finetune_logger - INFO - Test memory reserved: 580.00 MB
[2026-06-18 13:22:22,788][finetune_logger][INFO] - Test memory reserved: 580.00 MB
2026-06-18 13:22:22 - finetune_logger - INFO - Test memory allocated: 318.57 MB
[2026-06-18 13:22:22,788][finetune_logger][INFO] - Test memory allocated: 318.57 MB
2026-06-18 13:22:22 - finetune_logger - INFO - Epoch 4/10
[2026-06-18 13:22:22,788][finetune_logger][INFO] - Epoch 4/10
2026-06-18 14:00:38 - finetune_logger - INFO - Train loss: 218.45659189990454
[2026-06-18 14:00:38,809][finetune_logger][INFO] - Train loss: 218.45659189990454
2026-06-18 14:00:38 - finetune_logger - INFO - Train time: 2296.0201461315155s
[2026-06-18 14:00:38,809][finetune_logger][INFO] - Train time: 2296.0201461315155s
2026-06-18 14:00:38 - finetune_logger - INFO - Train memory reserved: 580.00 MB
[2026-06-18 14:00:38,809][finetune_logger][INFO] - Train memory reserved: 580.00 MB
2026-06-18 14:00:38 - finetune_logger - INFO - Train memory allocated: 318.57 MB
[2026-06-18 14:00:38,809][finetune_logger][INFO] - Train memory allocated: 318.57 MB
2026-06-18 14:00:38 - finetune_logger - INFO - Current learning rate: 0.0005
[2026-06-18 14:00:38,810][finetune_logger][INFO] - Current learning rate: 0.0005
2026-06-18 14:01:53 - finetune_logger - INFO - Validation metrics: {'MAE': 210.25109144351407, 'RMSE': 1538.114517937912}
[2026-06-18 14:01:53,357][finetune_logger][INFO] - Validation metrics: {'MAE': 210.25109144351407, 'RMSE': 1538.114517937912}
2026-06-18 14:01:53 - finetune_logger - INFO - Val time: 74.55s
[2026-06-18 14:01:53,357][finetune_logger][INFO] - Val time: 74.55s
2026-06-18 14:01:53 - finetune_logger - INFO - Val memory reserved: 580.00 MB
[2026-06-18 14:01:53,357][finetune_logger][INFO] - Val memory reserved: 580.00 MB
2026-06-18 14:01:53 - finetune_logger - INFO - Val memory allocated: 318.57 MB
[2026-06-18 14:01:53,358][finetune_logger][INFO] - Val memory allocated: 318.57 MB
2026-06-18 14:01:53 - finetune_logger - INFO - Logged epoch 4 info to /public/home/202411094934/python_project/Spatio-Temporal-Library/time-series/2026-06-18/patchtst/pretrain10_finetune10/electricity/time-series/seed_1/training_log.json
[2026-06-18 14:01:53,362][finetune_logger][INFO] - Logged epoch 4 info to /public/home/202411094934/python_project/Spatio-Temporal-Library/time-series/2026-06-18/patchtst/pretrain10_finetune10/electricity/time-series/seed_1/training_log.json
2026-06-18 14:01:53 - finetune_logger - INFO - New best model! Val loss: 210.251091
[2026-06-18 14:01:53,362][finetune_logger][INFO] - New best model! Val loss: 210.251091
2026-06-18 14:04:31 - finetune_logger - INFO - Test metrics: {'MAE': 280.0062281610677, 'RMSE': 2529.1577695645005}
[2026-06-18 14:04:31,357][finetune_logger][INFO] - Test metrics: {'MAE': 280.0062281610677, 'RMSE': 2529.1577695645005}
2026-06-18 14:04:31 - finetune_logger - INFO - Test time: 156.92s
[2026-06-18 14:04:31,358][finetune_logger][INFO] - Test time: 156.92s
2026-06-18 14:04:31 - finetune_logger - INFO - Test memory reserved: 580.00 MB
[2026-06-18 14:04:31,358][finetune_logger][INFO] - Test memory reserved: 580.00 MB
2026-06-18 14:04:31 - finetune_logger - INFO - Test memory allocated: 318.57 MB
[2026-06-18 14:04:31,358][finetune_logger][INFO] - Test memory allocated: 318.57 MB
2026-06-18 14:04:31 - finetune_logger - INFO - Epoch 5/10
[2026-06-18 14:04:31,358][finetune_logger][INFO] - Epoch 5/10
2026-06-18 14:42:46 - finetune_logger - INFO - Train loss: 214.7610817394647
[2026-06-18 14:42:46,472][finetune_logger][INFO] - Train loss: 214.7610817394647
2026-06-18 14:42:46 - finetune_logger - INFO - Train time: 2295.1132638454437s
[2026-06-18 14:42:46,472][finetune_logger][INFO] - Train time: 2295.1132638454437s
2026-06-18 14:42:46 - finetune_logger - INFO - Train memory reserved: 580.00 MB
[2026-06-18 14:42:46,473][finetune_logger][INFO] - Train memory reserved: 580.00 MB
2026-06-18 14:42:46 - finetune_logger - INFO - Train memory allocated: 318.57 MB
[2026-06-18 14:42:46,473][finetune_logger][INFO] - Train memory allocated: 318.57 MB
2026-06-18 14:42:46 - finetune_logger - INFO - Current learning rate: 0.0005
[2026-06-18 14:42:46,473][finetune_logger][INFO] - Current learning rate: 0.0005
2026-06-18 14:44:01 - finetune_logger - INFO - Validation metrics: {'MAE': 214.4028127891139, 'RMSE': 1563.3974779245452}
[2026-06-18 14:44:01,056][finetune_logger][INFO] - Validation metrics: {'MAE': 214.4028127891139, 'RMSE': 1563.3974779245452}
2026-06-18 14:44:01 - finetune_logger - INFO - Val time: 74.58s
[2026-06-18 14:44:01,056][finetune_logger][INFO] - Val time: 74.58s
2026-06-18 14:44:01 - finetune_logger - INFO - Val memory reserved: 580.00 MB
[2026-06-18 14:44:01,056][finetune_logger][INFO] - Val memory reserved: 580.00 MB
2026-06-18 14:44:01 - finetune_logger - INFO - Val memory allocated: 318.57 MB
[2026-06-18 14:44:01,056][finetune_logger][INFO] - Val memory allocated: 318.57 MB
2026-06-18 14:44:01 - finetune_logger - INFO - Logged epoch 5 info to /public/home/202411094934/python_project/Spatio-Temporal-Library/time-series/2026-06-18/patchtst/pretrain10_finetune10/electricity/time-series/seed_1/training_log.json
[2026-06-18 14:44:01,060][finetune_logger][INFO] - Logged epoch 5 info to /public/home/202411094934/python_project/Spatio-Temporal-Library/time-series/2026-06-18/patchtst/pretrain10_finetune10/electricity/time-series/seed_1/training_log.json
2026-06-18 14:46:37 - finetune_logger - INFO - Test metrics: {'MAE': 285.48967280158297, 'RMSE': 2559.4350827908197}
[2026-06-18 14:46:37,536][finetune_logger][INFO] - Test metrics: {'MAE': 285.48967280158297, 'RMSE': 2559.4350827908197}
2026-06-18 14:46:37 - finetune_logger - INFO - Test time: 156.48s
[2026-06-18 14:46:37,536][finetune_logger][INFO] - Test time: 156.48s
2026-06-18 14:46:37 - finetune_logger - INFO - Test memory reserved: 580.00 MB
[2026-06-18 14:46:37,537][finetune_logger][INFO] - Test memory reserved: 580.00 MB
2026-06-18 14:46:37 - finetune_logger - INFO - Test memory allocated: 318.57 MB
[2026-06-18 14:46:37,537][finetune_logger][INFO] - Test memory allocated: 318.57 MB
2026-06-18 14:46:37 - finetune_logger - INFO - Epoch 6/10
[2026-06-18 14:46:37,537][finetune_logger][INFO] - Epoch 6/10
2026-06-18 15:24:54 - finetune_logger - INFO - Train loss: 211.9740596342002
[2026-06-18 15:24:54,196][finetune_logger][INFO] - Train loss: 211.9740596342002
2026-06-18 15:24:54 - finetune_logger - INFO - Train time: 2296.6590111255646s
[2026-06-18 15:24:54,197][finetune_logger][INFO] - Train time: 2296.6590111255646s
2026-06-18 15:24:54 - finetune_logger - INFO - Train memory reserved: 580.00 MB
[2026-06-18 15:24:54,197][finetune_logger][INFO] - Train memory reserved: 580.00 MB
2026-06-18 15:24:54 - finetune_logger - INFO - Train memory allocated: 318.57 MB
[2026-06-18 15:24:54,197][finetune_logger][INFO] - Train memory allocated: 318.57 MB
2026-06-18 15:24:54 - finetune_logger - INFO - Current learning rate: 0.0005
[2026-06-18 15:24:54,197][finetune_logger][INFO] - Current learning rate: 0.0005
2026-06-18 15:26:08 - finetune_logger - INFO - Validation metrics: {'MAE': 203.72947769968107, 'RMSE': 1492.189149131378}
[2026-06-18 15:26:08,661][finetune_logger][INFO] - Validation metrics: {'MAE': 203.72947769968107, 'RMSE': 1492.189149131378}
2026-06-18 15:26:08 - finetune_logger - INFO - Val time: 74.46s
[2026-06-18 15:26:08,662][finetune_logger][INFO] - Val time: 74.46s
2026-06-18 15:26:08 - finetune_logger - INFO - Val memory reserved: 580.00 MB
[2026-06-18 15:26:08,662][finetune_logger][INFO] - Val memory reserved: 580.00 MB
2026-06-18 15:26:08 - finetune_logger - INFO - Val memory allocated: 318.57 MB
[2026-06-18 15:26:08,662][finetune_logger][INFO] - Val memory allocated: 318.57 MB
2026-06-18 15:26:08 - finetune_logger - INFO - Logged epoch 6 info to /public/home/202411094934/python_project/Spatio-Temporal-Library/time-series/2026-06-18/patchtst/pretrain10_finetune10/electricity/time-series/seed_1/training_log.json
[2026-06-18 15:26:08,665][finetune_logger][INFO] - Logged epoch 6 info to /public/home/202411094934/python_project/Spatio-Temporal-Library/time-series/2026-06-18/patchtst/pretrain10_finetune10/electricity/time-series/seed_1/training_log.json
2026-06-18 15:26:08 - finetune_logger - INFO - New best model! Val loss: 203.729478
[2026-06-18 15:26:08,665][finetune_logger][INFO] - New best model! Val loss: 203.729478
2026-06-18 15:28:46 - finetune_logger - INFO - Test metrics: {'MAE': 268.3040484684953, 'RMSE': 2403.7390980751807}
[2026-06-18 15:28:46,216][finetune_logger][INFO] - Test metrics: {'MAE': 268.3040484684953, 'RMSE': 2403.7390980751807}
2026-06-18 15:28:46 - finetune_logger - INFO - Test time: 156.49s
[2026-06-18 15:28:46,217][finetune_logger][INFO] - Test time: 156.49s
2026-06-18 15:28:46 - finetune_logger - INFO - Test memory reserved: 580.00 MB
[2026-06-18 15:28:46,217][finetune_logger][INFO] - Test memory reserved: 580.00 MB
2026-06-18 15:28:46 - finetune_logger - INFO - Test memory allocated: 318.57 MB
[2026-06-18 15:28:46,217][finetune_logger][INFO] - Test memory allocated: 318.57 MB
2026-06-18 15:28:46 - finetune_logger - INFO - Epoch 7/10
[2026-06-18 15:28:46,217][finetune_logger][INFO] - Epoch 7/10
2026-06-18 16:07:03 - finetune_logger - INFO - Train loss: 209.88881309632262
[2026-06-18 16:07:03,249][finetune_logger][INFO] - Train loss: 209.88881309632262
2026-06-18 16:07:03 - finetune_logger - INFO - Train time: 2297.0311980247498s
[2026-06-18 16:07:03,249][finetune_logger][INFO] - Train time: 2297.0311980247498s
2026-06-18 16:07:03 - finetune_logger - INFO - Train memory reserved: 580.00 MB
[2026-06-18 16:07:03,249][finetune_logger][INFO] - Train memory reserved: 580.00 MB
2026-06-18 16:07:03 - finetune_logger - INFO - Train memory allocated: 318.57 MB
[2026-06-18 16:07:03,249][finetune_logger][INFO] - Train memory allocated: 318.57 MB
2026-06-18 16:07:03 - finetune_logger - INFO - Current learning rate: 0.0005
[2026-06-18 16:07:03,249][finetune_logger][INFO] - Current learning rate: 0.0005
2026-06-18 16:08:17 - finetune_logger - INFO - Validation metrics: {'MAE': 203.3459267963607, 'RMSE': 1487.092139468547}
[2026-06-18 16:08:17,654][finetune_logger][INFO] - Validation metrics: {'MAE': 203.3459267963607, 'RMSE': 1487.092139468547}
2026-06-18 16:08:17 - finetune_logger - INFO - Val time: 74.40s
[2026-06-18 16:08:17,655][finetune_logger][INFO] - Val time: 74.40s
2026-06-18 16:08:17 - finetune_logger - INFO - Val memory reserved: 580.00 MB
[2026-06-18 16:08:17,655][finetune_logger][INFO] - Val memory reserved: 580.00 MB
2026-06-18 16:08:17 - finetune_logger - INFO - Val memory allocated: 318.57 MB
[2026-06-18 16:08:17,655][finetune_logger][INFO] - Val memory allocated: 318.57 MB
2026-06-18 16:08:17 - finetune_logger - INFO - Logged epoch 7 info to /public/home/202411094934/python_project/Spatio-Temporal-Library/time-series/2026-06-18/patchtst/pretrain10_finetune10/electricity/time-series/seed_1/training_log.json
[2026-06-18 16:08:17,659][finetune_logger][INFO] - Logged epoch 7 info to /public/home/202411094934/python_project/Spatio-Temporal-Library/time-series/2026-06-18/patchtst/pretrain10_finetune10/electricity/time-series/seed_1/training_log.json
2026-06-18 16:08:17 - finetune_logger - INFO - New best model! Val loss: 203.345927
[2026-06-18 16:08:17,659][finetune_logger][INFO] - New best model! Val loss: 203.345927
2026-06-18 16:10:55 - finetune_logger - INFO - Test metrics: {'MAE': 267.96197463748126, 'RMSE': 2386.744868573142}
[2026-06-18 16:10:55,254][finetune_logger][INFO] - Test metrics: {'MAE': 267.96197463748126, 'RMSE': 2386.744868573142}
2026-06-18 16:10:55 - finetune_logger - INFO - Test time: 156.50s
[2026-06-18 16:10:55,254][finetune_logger][INFO] - Test time: 156.50s
2026-06-18 16:10:55 - finetune_logger - INFO - Test memory reserved: 580.00 MB
[2026-06-18 16:10:55,255][finetune_logger][INFO] - Test memory reserved: 580.00 MB
2026-06-18 16:10:55 - finetune_logger - INFO - Test memory allocated: 318.57 MB
[2026-06-18 16:10:55,255][finetune_logger][INFO] - Test memory allocated: 318.57 MB
2026-06-18 16:10:55 - finetune_logger - INFO - Epoch 8/10
[2026-06-18 16:10:55,255][finetune_logger][INFO] - Epoch 8/10
2026-06-18 16:49:10 - finetune_logger - INFO - Train loss: 208.045355200826
[2026-06-18 16:49:10,702][finetune_logger][INFO] - Train loss: 208.045355200826
2026-06-18 16:49:10 - finetune_logger - INFO - Train time: 2295.4461879730225s
[2026-06-18 16:49:10,702][finetune_logger][INFO] - Train time: 2295.4461879730225s
2026-06-18 16:49:10 - finetune_logger - INFO - Train memory reserved: 580.00 MB
[2026-06-18 16:49:10,702][finetune_logger][INFO] - Train memory reserved: 580.00 MB
2026-06-18 16:49:10 - finetune_logger - INFO - Train memory allocated: 318.57 MB
[2026-06-18 16:49:10,702][finetune_logger][INFO] - Train memory allocated: 318.57 MB
2026-06-18 16:49:10 - finetune_logger - INFO - Current learning rate: 0.0005
[2026-06-18 16:49:10,702][finetune_logger][INFO] - Current learning rate: 0.0005
2026-06-18 16:50:25 - finetune_logger - INFO - Validation metrics: {'MAE': 202.18509575452262, 'RMSE': 1481.0067183388107}
[2026-06-18 16:50:25,171][finetune_logger][INFO] - Validation metrics: {'MAE': 202.18509575452262, 'RMSE': 1481.0067183388107}
2026-06-18 16:50:25 - finetune_logger - INFO - Val time: 74.47s
[2026-06-18 16:50:25,171][finetune_logger][INFO] - Val time: 74.47s
2026-06-18 16:50:25 - finetune_logger - INFO - Val memory reserved: 580.00 MB
[2026-06-18 16:50:25,171][finetune_logger][INFO] - Val memory reserved: 580.00 MB
2026-06-18 16:50:25 - finetune_logger - INFO - Val memory allocated: 318.57 MB
[2026-06-18 16:50:25,172][finetune_logger][INFO] - Val memory allocated: 318.57 MB
2026-06-18 16:50:25 - finetune_logger - INFO - Logged epoch 8 info to /public/home/202411094934/python_project/Spatio-Temporal-Library/time-series/2026-06-18/patchtst/pretrain10_finetune10/electricity/time-series/seed_1/training_log.json
[2026-06-18 16:50:25,176][finetune_logger][INFO] - Logged epoch 8 info to /public/home/202411094934/python_project/Spatio-Temporal-Library/time-series/2026-06-18/patchtst/pretrain10_finetune10/electricity/time-series/seed_1/training_log.json
2026-06-18 16:50:25 - finetune_logger - INFO - New best model! Val loss: 202.185096
[2026-06-18 16:50:25,176][finetune_logger][INFO] - New best model! Val loss: 202.185096
2026-06-18 16:53:02 - finetune_logger - INFO - Test metrics: {'MAE': 268.4755322772713, 'RMSE': 2411.574897462879}
[2026-06-18 16:53:02,390][finetune_logger][INFO] - Test metrics: {'MAE': 268.4755322772713, 'RMSE': 2411.574897462879}
2026-06-18 16:53:02 - finetune_logger - INFO - Test time: 156.13s
[2026-06-18 16:53:02,390][finetune_logger][INFO] - Test time: 156.13s
2026-06-18 16:53:02 - finetune_logger - INFO - Test memory reserved: 580.00 MB
[2026-06-18 16:53:02,390][finetune_logger][INFO] - Test memory reserved: 580.00 MB
2026-06-18 16:53:02 - finetune_logger - INFO - Test memory allocated: 318.57 MB
[2026-06-18 16:53:02,390][finetune_logger][INFO] - Test memory allocated: 318.57 MB
2026-06-18 16:53:02 - finetune_logger - INFO - Epoch 9/10
[2026-06-18 16:53:02,390][finetune_logger][INFO] - Epoch 9/10
2026-06-18 17:31:17 - finetune_logger - INFO - Train loss: 206.52535757325373
[2026-06-18 17:31:17,072][finetune_logger][INFO] - Train loss: 206.52535757325373
2026-06-18 17:31:17 - finetune_logger - INFO - Train time: 2294.681102514267s
[2026-06-18 17:31:17,072][finetune_logger][INFO] - Train time: 2294.681102514267s
2026-06-18 17:31:17 - finetune_logger - INFO - Train memory reserved: 580.00 MB
[2026-06-18 17:31:17,073][finetune_logger][INFO] - Train memory reserved: 580.00 MB
2026-06-18 17:31:17 - finetune_logger - INFO - Train memory allocated: 318.57 MB
[2026-06-18 17:31:17,073][finetune_logger][INFO] - Train memory allocated: 318.57 MB
2026-06-18 17:31:17 - finetune_logger - INFO - Current learning rate: 0.0005
[2026-06-18 17:31:17,073][finetune_logger][INFO] - Current learning rate: 0.0005
2026-06-18 17:32:31 - finetune_logger - INFO - Validation metrics: {'MAE': 198.46829697779563, 'RMSE': 1455.0854876130752}
[2026-06-18 17:32:31,629][finetune_logger][INFO] - Validation metrics: {'MAE': 198.46829697779563, 'RMSE': 1455.0854876130752}
2026-06-18 17:32:31 - finetune_logger - INFO - Val time: 74.56s
[2026-06-18 17:32:31,630][finetune_logger][INFO] - Val time: 74.56s
2026-06-18 17:32:31 - finetune_logger - INFO - Val memory reserved: 580.00 MB
[2026-06-18 17:32:31,630][finetune_logger][INFO] - Val memory reserved: 580.00 MB
2026-06-18 17:32:31 - finetune_logger - INFO - Val memory allocated: 318.57 MB
[2026-06-18 17:32:31,630][finetune_logger][INFO] - Val memory allocated: 318.57 MB
2026-06-18 17:32:31 - finetune_logger - INFO - Logged epoch 9 info to /public/home/202411094934/python_project/Spatio-Temporal-Library/time-series/2026-06-18/patchtst/pretrain10_finetune10/electricity/time-series/seed_1/training_log.json
[2026-06-18 17:32:31,633][finetune_logger][INFO] - Logged epoch 9 info to /public/home/202411094934/python_project/Spatio-Temporal-Library/time-series/2026-06-18/patchtst/pretrain10_finetune10/electricity/time-series/seed_1/training_log.json
2026-06-18 17:32:31 - finetune_logger - INFO - New best model! Val loss: 198.468297
[2026-06-18 17:32:31,633][finetune_logger][INFO] - New best model! Val loss: 198.468297
2026-06-18 17:35:09 - finetune_logger - INFO - Test metrics: {'MAE': 264.8202444830417, 'RMSE': 2386.320046307723}
[2026-06-18 17:35:09,083][finetune_logger][INFO] - Test metrics: {'MAE': 264.8202444830417, 'RMSE': 2386.320046307723}
2026-06-18 17:35:09 - finetune_logger - INFO - Test time: 156.34s
[2026-06-18 17:35:09,083][finetune_logger][INFO] - Test time: 156.34s
2026-06-18 17:35:09 - finetune_logger - INFO - Test memory reserved: 580.00 MB
[2026-06-18 17:35:09,083][finetune_logger][INFO] - Test memory reserved: 580.00 MB
2026-06-18 17:35:09 - finetune_logger - INFO - Test memory allocated: 318.57 MB
[2026-06-18 17:35:09,083][finetune_logger][INFO] - Test memory allocated: 318.57 MB
2026-06-18 17:35:09 - finetune_logger - INFO - Epoch 10/10
[2026-06-18 17:35:09,083][finetune_logger][INFO] - Epoch 10/10
2026-06-18 18:13:24 - finetune_logger - INFO - Train loss: 205.1902255351191
[2026-06-18 18:13:24,206][finetune_logger][INFO] - Train loss: 205.1902255351191
2026-06-18 18:13:24 - finetune_logger - INFO - Train time: 2295.1224389076233s
[2026-06-18 18:13:24,207][finetune_logger][INFO] - Train time: 2295.1224389076233s
2026-06-18 18:13:24 - finetune_logger - INFO - Train memory reserved: 580.00 MB
[2026-06-18 18:13:24,207][finetune_logger][INFO] - Train memory reserved: 580.00 MB
2026-06-18 18:13:24 - finetune_logger - INFO - Train memory allocated: 318.57 MB
[2026-06-18 18:13:24,207][finetune_logger][INFO] - Train memory allocated: 318.57 MB
2026-06-18 18:13:24 - finetune_logger - INFO - Current learning rate: 0.0005
[2026-06-18 18:13:24,207][finetune_logger][INFO] - Current learning rate: 0.0005
2026-06-18 18:14:38 - finetune_logger - INFO - Validation metrics: {'MAE': 202.57278889545591, 'RMSE': 1479.437104183793}
[2026-06-18 18:14:38,578][finetune_logger][INFO] - Validation metrics: {'MAE': 202.57278889545591, 'RMSE': 1479.437104183793}
2026-06-18 18:14:38 - finetune_logger - INFO - Val time: 74.37s
[2026-06-18 18:14:38,578][finetune_logger][INFO] - Val time: 74.37s
2026-06-18 18:14:38 - finetune_logger - INFO - Val memory reserved: 580.00 MB
[2026-06-18 18:14:38,578][finetune_logger][INFO] - Val memory reserved: 580.00 MB
2026-06-18 18:14:38 - finetune_logger - INFO - Val memory allocated: 318.57 MB
[2026-06-18 18:14:38,578][finetune_logger][INFO] - Val memory allocated: 318.57 MB
2026-06-18 18:14:38 - finetune_logger - INFO - Logged epoch 10 info to /public/home/202411094934/python_project/Spatio-Temporal-Library/time-series/2026-06-18/patchtst/pretrain10_finetune10/electricity/time-series/seed_1/training_log.json
[2026-06-18 18:14:38,581][finetune_logger][INFO] - Logged epoch 10 info to /public/home/202411094934/python_project/Spatio-Temporal-Library/time-series/2026-06-18/patchtst/pretrain10_finetune10/electricity/time-series/seed_1/training_log.json
2026-06-18 18:17:15 - finetune_logger - INFO - Test metrics: {'MAE': 270.4214124609079, 'RMSE': 2427.9990258998714}
[2026-06-18 18:17:15,516][finetune_logger][INFO] - Test metrics: {'MAE': 270.4214124609079, 'RMSE': 2427.9990258998714}
2026-06-18 18:17:15 - finetune_logger - INFO - Test time: 156.30s
[2026-06-18 18:17:15,517][finetune_logger][INFO] - Test time: 156.30s
2026-06-18 18:17:15 - finetune_logger - INFO - Test memory reserved: 580.00 MB
[2026-06-18 18:17:15,517][finetune_logger][INFO] - Test memory reserved: 580.00 MB
2026-06-18 18:17:15 - finetune_logger - INFO - Test memory allocated: 318.57 MB
[2026-06-18 18:17:15,517][finetune_logger][INFO] - Test memory allocated: 318.57 MB
2026-06-18 18:17:15 - finetune_logger - INFO - Training completed. Best epoch: 9, Best val loss: 198.468297
[2026-06-18 18:17:15,517][finetune_logger][INFO] - Training completed. Best epoch: 9, Best val loss: 198.468297
2026-06-18 18:17:16 - finetune_logger - INFO - Loaded checkpoint from epoch 9
[2026-06-18 18:17:16,674][finetune_logger][INFO] - Loaded checkpoint from epoch 9
2026-06-18 18:17:16 - finetune_logger - INFO - Evaluating best model on test sets...
[2026-06-18 18:17:16,676][finetune_logger][INFO] - Evaluating best model on test sets...
2026-06-18 18:19:52 - finetune_logger - INFO - Test metrics: {'MAE': 264.8202444830417, 'RMSE': 2386.320046307723}
[2026-06-18 18:19:52,720][finetune_logger][INFO] - Test metrics: {'MAE': 264.8202444830417, 'RMSE': 2386.320046307723}
2026-06-18 18:19:52 - finetune_logger - INFO - Test time: 156.04s
[2026-06-18 18:19:52,721][finetune_logger][INFO] - Test time: 156.04s
2026-06-18 18:19:52 - finetune_logger - INFO - Test memory reserved: 684.00 MB
[2026-06-18 18:19:52,721][finetune_logger][INFO] - Test memory reserved: 684.00 MB
2026-06-18 18:19:52 - finetune_logger - INFO - Test memory allocated: 318.91 MB
[2026-06-18 18:19:52,721][finetune_logger][INFO] - Test memory allocated: 318.91 MB
2026-06-18 18:19:52 - finetune_logger - INFO - Logged epoch test info to /public/home/202411094934/python_project/Spatio-Temporal-Library/time-series/2026-06-18/patchtst/pretrain10_finetune10/electricity/time-series/seed_1/training_log.json
[2026-06-18 18:19:52,724][finetune_logger][INFO] - Logged epoch test info to /public/home/202411094934/python_project/Spatio-Temporal-Library/time-series/2026-06-18/patchtst/pretrain10_finetune10/electricity/time-series/seed_1/training_log.json
