2026-06-29 10:53:45 - finetune_logger - INFO - No pretrained checkpoint is provided. Finetuning from scratch.
[2026-06-29 10:53:45,885][finetune_logger][INFO] - No pretrained checkpoint is provided. Finetuning from scratch.
2026-06-29 10:53:45 - finetune_logger - INFO - Model parameters: 385,095
[2026-06-29 10:53:45,888][finetune_logger][INFO] - Model parameters: 385,095
2026-06-29 10:53:45 - finetune_logger - INFO - Created new log file at /public/home/202411094934/python_project/Spatio-Temporal-Library/time-series/2026-06-29/fedformer/finetune20/ettm1/time-series/seed_0/training_log.json
[2026-06-29 10:53:45,894][finetune_logger][INFO] - Created new log file at /public/home/202411094934/python_project/Spatio-Temporal-Library/time-series/2026-06-29/fedformer/finetune20/ettm1/time-series/seed_0/training_log.json
2026-06-29 10:53:45 - finetune_logger - INFO - Starting training...
[2026-06-29 10:53:45,894][finetune_logger][INFO] - Starting training...
2026-06-29 10:53:45 - finetune_logger - INFO - Epoch 1/20
[2026-06-29 10:53:45,895][finetune_logger][INFO] - Epoch 1/20
2026-06-29 14:34:24 - finetune_logger - INFO - Train loss: 1.465573891054303
[2026-06-29 14:34:24,796][finetune_logger][INFO] - Train loss: 1.465573891054303
2026-06-29 14:34:24 - finetune_logger - INFO - Train time: 13238.900082588196s
[2026-06-29 14:34:24,798][finetune_logger][INFO] - Train time: 13238.900082588196s
2026-06-29 14:34:24 - finetune_logger - INFO - Train memory reserved: 64.00 MB
[2026-06-29 14:34:24,798][finetune_logger][INFO] - Train memory reserved: 64.00 MB
2026-06-29 14:34:24 - finetune_logger - INFO - Train memory allocated: 22.80 MB
[2026-06-29 14:34:24,798][finetune_logger][INFO] - Train memory allocated: 22.80 MB
2026-06-29 14:34:24 - finetune_logger - INFO - Current learning rate: 0.0005
[2026-06-29 14:34:24,798][finetune_logger][INFO] - Current learning rate: 0.0005
2026-06-29 14:52:03 - finetune_logger - INFO - Validation metrics: {'MAE': 1.6578805366040863, 'RMSE': 2.6471697113273787}
[2026-06-29 14:52:03,235][finetune_logger][INFO] - Validation metrics: {'MAE': 1.6578805366040863, 'RMSE': 2.6471697113273787}
2026-06-29 14:52:03 - finetune_logger - INFO - Val time: 1058.44s
[2026-06-29 14:52:03,236][finetune_logger][INFO] - Val time: 1058.44s
2026-06-29 14:52:03 - finetune_logger - INFO - Val memory reserved: 64.00 MB
[2026-06-29 14:52:03,236][finetune_logger][INFO] - Val memory reserved: 64.00 MB
2026-06-29 14:52:03 - finetune_logger - INFO - Val memory allocated: 22.80 MB
[2026-06-29 14:52:03,236][finetune_logger][INFO] - Val memory allocated: 22.80 MB
2026-06-29 14:52:03 - finetune_logger - INFO - Logged epoch 1 info to /public/home/202411094934/python_project/Spatio-Temporal-Library/time-series/2026-06-29/fedformer/finetune20/ettm1/time-series/seed_0/training_log.json
[2026-06-29 14:52:03,238][finetune_logger][INFO] - Logged epoch 1 info to /public/home/202411094934/python_project/Spatio-Temporal-Library/time-series/2026-06-29/fedformer/finetune20/ettm1/time-series/seed_0/training_log.json
2026-06-29 14:52:03 - finetune_logger - INFO - New best model! Val loss: 1.657881
[2026-06-29 14:52:03,239][finetune_logger][INFO] - New best model! Val loss: 1.657881
2026-06-29 15:09:38 - finetune_logger - INFO - Test metrics: {'MAE': 1.5166189264467924, 'RMSE': 2.6256581664403074}
[2026-06-29 15:09:38,549][finetune_logger][INFO] - Test metrics: {'MAE': 1.5166189264467924, 'RMSE': 2.6256581664403074}
2026-06-29 15:09:38 - finetune_logger - INFO - Test time: 1055.26s
[2026-06-29 15:09:38,549][finetune_logger][INFO] - Test time: 1055.26s
2026-06-29 15:09:38 - finetune_logger - INFO - Test memory reserved: 64.00 MB
[2026-06-29 15:09:38,549][finetune_logger][INFO] - Test memory reserved: 64.00 MB
2026-06-29 15:09:38 - finetune_logger - INFO - Test memory allocated: 22.80 MB
[2026-06-29 15:09:38,550][finetune_logger][INFO] - Test memory allocated: 22.80 MB
2026-06-29 15:09:38 - finetune_logger - INFO - Epoch 2/20
[2026-06-29 15:09:38,550][finetune_logger][INFO] - Epoch 2/20
2026-06-29 18:50:52 - finetune_logger - INFO - Train loss: 1.3758767506468494
[2026-06-29 18:50:52,549][finetune_logger][INFO] - Train loss: 1.3758767506468494
2026-06-29 18:50:52 - finetune_logger - INFO - Train time: 13273.998259782791s
[2026-06-29 18:50:52,550][finetune_logger][INFO] - Train time: 13273.998259782791s
2026-06-29 18:50:52 - finetune_logger - INFO - Train memory reserved: 64.00 MB
[2026-06-29 18:50:52,550][finetune_logger][INFO] - Train memory reserved: 64.00 MB
2026-06-29 18:50:52 - finetune_logger - INFO - Train memory allocated: 22.80 MB
[2026-06-29 18:50:52,550][finetune_logger][INFO] - Train memory allocated: 22.80 MB
2026-06-29 18:50:52 - finetune_logger - INFO - Current learning rate: 0.0005
[2026-06-29 18:50:52,550][finetune_logger][INFO] - Current learning rate: 0.0005
2026-06-29 19:08:33 - finetune_logger - INFO - Validation metrics: {'MAE': 1.6271882082269937, 'RMSE': 2.598560594168455}
[2026-06-29 19:08:33,371][finetune_logger][INFO] - Validation metrics: {'MAE': 1.6271882082269937, 'RMSE': 2.598560594168455}
2026-06-29 19:08:33 - finetune_logger - INFO - Val time: 1060.82s
[2026-06-29 19:08:33,371][finetune_logger][INFO] - Val time: 1060.82s
2026-06-29 19:08:33 - finetune_logger - INFO - Val memory reserved: 64.00 MB
[2026-06-29 19:08:33,371][finetune_logger][INFO] - Val memory reserved: 64.00 MB
2026-06-29 19:08:33 - finetune_logger - INFO - Val memory allocated: 22.80 MB
[2026-06-29 19:08:33,371][finetune_logger][INFO] - Val memory allocated: 22.80 MB
2026-06-29 19:08:33 - finetune_logger - INFO - Logged epoch 2 info to /public/home/202411094934/python_project/Spatio-Temporal-Library/time-series/2026-06-29/fedformer/finetune20/ettm1/time-series/seed_0/training_log.json
[2026-06-29 19:08:33,374][finetune_logger][INFO] - Logged epoch 2 info to /public/home/202411094934/python_project/Spatio-Temporal-Library/time-series/2026-06-29/fedformer/finetune20/ettm1/time-series/seed_0/training_log.json
2026-06-29 19:08:33 - finetune_logger - INFO - New best model! Val loss: 1.627188
[2026-06-29 19:08:33,374][finetune_logger][INFO] - New best model! Val loss: 1.627188
2026-06-29 19:26:13 - finetune_logger - INFO - Test metrics: {'MAE': 1.4905776737056928, 'RMSE': 2.594660006683765}
[2026-06-29 19:26:13,536][finetune_logger][INFO] - Test metrics: {'MAE': 1.4905776737056928, 'RMSE': 2.594660006683765}
2026-06-29 19:26:13 - finetune_logger - INFO - Test time: 1060.11s
[2026-06-29 19:26:13,536][finetune_logger][INFO] - Test time: 1060.11s
2026-06-29 19:26:13 - finetune_logger - INFO - Test memory reserved: 64.00 MB
[2026-06-29 19:26:13,536][finetune_logger][INFO] - Test memory reserved: 64.00 MB
2026-06-29 19:26:13 - finetune_logger - INFO - Test memory allocated: 22.80 MB
[2026-06-29 19:26:13,536][finetune_logger][INFO] - Test memory allocated: 22.80 MB
2026-06-29 19:26:13 - finetune_logger - INFO - Epoch 3/20
[2026-06-29 19:26:13,536][finetune_logger][INFO] - Epoch 3/20
2026-06-29 23:06:46 - finetune_logger - INFO - Train loss: 1.3581630566467244
[2026-06-29 23:06:46,355][finetune_logger][INFO] - Train loss: 1.3581630566467244
2026-06-29 23:06:46 - finetune_logger - INFO - Train time: 13232.818022489548s
[2026-06-29 23:06:46,355][finetune_logger][INFO] - Train time: 13232.818022489548s
2026-06-29 23:06:46 - finetune_logger - INFO - Train memory reserved: 64.00 MB
[2026-06-29 23:06:46,356][finetune_logger][INFO] - Train memory reserved: 64.00 MB
2026-06-29 23:06:46 - finetune_logger - INFO - Train memory allocated: 22.80 MB
[2026-06-29 23:06:46,356][finetune_logger][INFO] - Train memory allocated: 22.80 MB
2026-06-29 23:06:46 - finetune_logger - INFO - Current learning rate: 0.0005
[2026-06-29 23:06:46,356][finetune_logger][INFO] - Current learning rate: 0.0005
2026-06-29 23:24:27 - finetune_logger - INFO - Validation metrics: {'MAE': 1.6198579082370501, 'RMSE': 2.565880521932174}
[2026-06-29 23:24:27,252][finetune_logger][INFO] - Validation metrics: {'MAE': 1.6198579082370501, 'RMSE': 2.565880521932174}
2026-06-29 23:24:27 - finetune_logger - INFO - Val time: 1060.90s
[2026-06-29 23:24:27,252][finetune_logger][INFO] - Val time: 1060.90s
2026-06-29 23:24:27 - finetune_logger - INFO - Val memory reserved: 64.00 MB
[2026-06-29 23:24:27,253][finetune_logger][INFO] - Val memory reserved: 64.00 MB
2026-06-29 23:24:27 - finetune_logger - INFO - Val memory allocated: 22.80 MB
[2026-06-29 23:24:27,253][finetune_logger][INFO] - Val memory allocated: 22.80 MB
2026-06-29 23:24:27 - finetune_logger - INFO - Logged epoch 3 info to /public/home/202411094934/python_project/Spatio-Temporal-Library/time-series/2026-06-29/fedformer/finetune20/ettm1/time-series/seed_0/training_log.json
[2026-06-29 23:24:27,257][finetune_logger][INFO] - Logged epoch 3 info to /public/home/202411094934/python_project/Spatio-Temporal-Library/time-series/2026-06-29/fedformer/finetune20/ettm1/time-series/seed_0/training_log.json
2026-06-29 23:24:27 - finetune_logger - INFO - New best model! Val loss: 1.619858
[2026-06-29 23:24:27,257][finetune_logger][INFO] - New best model! Val loss: 1.619858
2026-06-29 23:42:06 - finetune_logger - INFO - Test metrics: {'MAE': 1.5083452766543797, 'RMSE': 2.61014169363036}
[2026-06-29 23:42:06,703][finetune_logger][INFO] - Test metrics: {'MAE': 1.5083452766543797, 'RMSE': 2.61014169363036}
2026-06-29 23:42:06 - finetune_logger - INFO - Test time: 1059.39s
[2026-06-29 23:42:06,703][finetune_logger][INFO] - Test time: 1059.39s
2026-06-29 23:42:06 - finetune_logger - INFO - Test memory reserved: 64.00 MB
[2026-06-29 23:42:06,703][finetune_logger][INFO] - Test memory reserved: 64.00 MB
2026-06-29 23:42:06 - finetune_logger - INFO - Test memory allocated: 22.80 MB
[2026-06-29 23:42:06,703][finetune_logger][INFO] - Test memory allocated: 22.80 MB
2026-06-29 23:42:06 - finetune_logger - INFO - Epoch 4/20
[2026-06-29 23:42:06,703][finetune_logger][INFO] - Epoch 4/20
2026-06-30 03:22:21 - finetune_logger - INFO - Train loss: 1.3550340099804206
[2026-06-30 03:22:21,261][finetune_logger][INFO] - Train loss: 1.3550340099804206
2026-06-30 03:22:21 - finetune_logger - INFO - Train time: 13214.55630517006s
[2026-06-30 03:22:21,262][finetune_logger][INFO] - Train time: 13214.55630517006s
2026-06-30 03:22:21 - finetune_logger - INFO - Train memory reserved: 64.00 MB
[2026-06-30 03:22:21,262][finetune_logger][INFO] - Train memory reserved: 64.00 MB
2026-06-30 03:22:21 - finetune_logger - INFO - Train memory allocated: 22.80 MB
[2026-06-30 03:22:21,262][finetune_logger][INFO] - Train memory allocated: 22.80 MB
2026-06-30 03:22:21 - finetune_logger - INFO - Current learning rate: 0.0005
[2026-06-30 03:22:21,262][finetune_logger][INFO] - Current learning rate: 0.0005
2026-06-30 03:40:02 - finetune_logger - INFO - Validation metrics: {'MAE': 1.6400045760620772, 'RMSE': 2.6202583902526553}
[2026-06-30 03:40:02,423][finetune_logger][INFO] - Validation metrics: {'MAE': 1.6400045760620772, 'RMSE': 2.6202583902526553}
2026-06-30 03:40:02 - finetune_logger - INFO - Val time: 1061.16s
[2026-06-30 03:40:02,423][finetune_logger][INFO] - Val time: 1061.16s
2026-06-30 03:40:02 - finetune_logger - INFO - Val memory reserved: 64.00 MB
[2026-06-30 03:40:02,423][finetune_logger][INFO] - Val memory reserved: 64.00 MB
2026-06-30 03:40:02 - finetune_logger - INFO - Val memory allocated: 22.80 MB
[2026-06-30 03:40:02,423][finetune_logger][INFO] - Val memory allocated: 22.80 MB
2026-06-30 03:40:02 - finetune_logger - INFO - Logged epoch 4 info to /public/home/202411094934/python_project/Spatio-Temporal-Library/time-series/2026-06-29/fedformer/finetune20/ettm1/time-series/seed_0/training_log.json
[2026-06-30 03:40:02,429][finetune_logger][INFO] - Logged epoch 4 info to /public/home/202411094934/python_project/Spatio-Temporal-Library/time-series/2026-06-29/fedformer/finetune20/ettm1/time-series/seed_0/training_log.json
2026-06-30 03:57:43 - finetune_logger - INFO - Test metrics: {'MAE': 1.4964433788618348, 'RMSE': 2.6001893607076836}
[2026-06-30 03:57:43,263][finetune_logger][INFO] - Test metrics: {'MAE': 1.4964433788618348, 'RMSE': 2.6001893607076836}
2026-06-30 03:57:43 - finetune_logger - INFO - Test time: 1060.83s
[2026-06-30 03:57:43,263][finetune_logger][INFO] - Test time: 1060.83s
2026-06-30 03:57:43 - finetune_logger - INFO - Test memory reserved: 64.00 MB
[2026-06-30 03:57:43,263][finetune_logger][INFO] - Test memory reserved: 64.00 MB
2026-06-30 03:57:43 - finetune_logger - INFO - Test memory allocated: 22.80 MB
[2026-06-30 03:57:43,263][finetune_logger][INFO] - Test memory allocated: 22.80 MB
2026-06-30 03:57:43 - finetune_logger - INFO - Epoch 5/20
[2026-06-30 03:57:43,263][finetune_logger][INFO] - Epoch 5/20
2026-06-30 07:37:59 - finetune_logger - INFO - Train loss: 1.3554762874256234
[2026-06-30 07:37:59,409][finetune_logger][INFO] - Train loss: 1.3554762874256234
2026-06-30 07:37:59 - finetune_logger - INFO - Train time: 13216.145602226257s
[2026-06-30 07:37:59,410][finetune_logger][INFO] - Train time: 13216.145602226257s
2026-06-30 07:37:59 - finetune_logger - INFO - Train memory reserved: 64.00 MB
[2026-06-30 07:37:59,410][finetune_logger][INFO] - Train memory reserved: 64.00 MB
2026-06-30 07:37:59 - finetune_logger - INFO - Train memory allocated: 22.80 MB
[2026-06-30 07:37:59,410][finetune_logger][INFO] - Train memory allocated: 22.80 MB
2026-06-30 07:37:59 - finetune_logger - INFO - Current learning rate: 0.0005
[2026-06-30 07:37:59,410][finetune_logger][INFO] - Current learning rate: 0.0005
2026-06-30 07:55:42 - finetune_logger - INFO - Validation metrics: {'MAE': 1.6583735074089008, 'RMSE': 2.6586014556609654}
[2026-06-30 07:55:42,449][finetune_logger][INFO] - Validation metrics: {'MAE': 1.6583735074089008, 'RMSE': 2.6586014556609654}
2026-06-30 07:55:42 - finetune_logger - INFO - Val time: 1063.04s
[2026-06-30 07:55:42,449][finetune_logger][INFO] - Val time: 1063.04s
2026-06-30 07:55:42 - finetune_logger - INFO - Val memory reserved: 64.00 MB
[2026-06-30 07:55:42,450][finetune_logger][INFO] - Val memory reserved: 64.00 MB
2026-06-30 07:55:42 - finetune_logger - INFO - Val memory allocated: 22.80 MB
[2026-06-30 07:55:42,450][finetune_logger][INFO] - Val memory allocated: 22.80 MB
2026-06-30 07:55:42 - finetune_logger - INFO - Logged epoch 5 info to /public/home/202411094934/python_project/Spatio-Temporal-Library/time-series/2026-06-29/fedformer/finetune20/ettm1/time-series/seed_0/training_log.json
[2026-06-30 07:55:42,453][finetune_logger][INFO] - Logged epoch 5 info to /public/home/202411094934/python_project/Spatio-Temporal-Library/time-series/2026-06-29/fedformer/finetune20/ettm1/time-series/seed_0/training_log.json
2026-06-30 08:13:23 - finetune_logger - INFO - Test metrics: {'MAE': 1.49340664015523, 'RMSE': 2.6063069639870466}
[2026-06-30 08:13:23,365][finetune_logger][INFO] - Test metrics: {'MAE': 1.49340664015523, 'RMSE': 2.6063069639870466}
2026-06-30 08:13:23 - finetune_logger - INFO - Test time: 1060.91s
[2026-06-30 08:13:23,365][finetune_logger][INFO] - Test time: 1060.91s
2026-06-30 08:13:23 - finetune_logger - INFO - Test memory reserved: 64.00 MB
[2026-06-30 08:13:23,365][finetune_logger][INFO] - Test memory reserved: 64.00 MB
2026-06-30 08:13:23 - finetune_logger - INFO - Test memory allocated: 22.80 MB
[2026-06-30 08:13:23,366][finetune_logger][INFO] - Test memory allocated: 22.80 MB
2026-06-30 08:13:23 - finetune_logger - INFO - Epoch 6/20
[2026-06-30 08:13:23,366][finetune_logger][INFO] - Epoch 6/20
2026-06-30 11:57:07 - finetune_logger - INFO - Train loss: 1.341315326611081
[2026-06-30 11:57:07,357][finetune_logger][INFO] - Train loss: 1.341315326611081
2026-06-30 11:57:07 - finetune_logger - INFO - Train time: 13423.989992141724s
[2026-06-30 11:57:07,358][finetune_logger][INFO] - Train time: 13423.989992141724s
2026-06-30 11:57:07 - finetune_logger - INFO - Train memory reserved: 64.00 MB
[2026-06-30 11:57:07,358][finetune_logger][INFO] - Train memory reserved: 64.00 MB
2026-06-30 11:57:07 - finetune_logger - INFO - Train memory allocated: 22.80 MB
[2026-06-30 11:57:07,358][finetune_logger][INFO] - Train memory allocated: 22.80 MB
2026-06-30 11:57:07 - finetune_logger - INFO - Current learning rate: 0.0005
[2026-06-30 11:57:07,358][finetune_logger][INFO] - Current learning rate: 0.0005
2026-06-30 12:14:49 - finetune_logger - INFO - Validation metrics: {'MAE': 1.6115058426586113, 'RMSE': 2.570208411559585}
[2026-06-30 12:14:49,893][finetune_logger][INFO] - Validation metrics: {'MAE': 1.6115058426586113, 'RMSE': 2.570208411559585}
2026-06-30 12:14:49 - finetune_logger - INFO - Val time: 1062.53s
[2026-06-30 12:14:49,893][finetune_logger][INFO] - Val time: 1062.53s
2026-06-30 12:14:49 - finetune_logger - INFO - Val memory reserved: 64.00 MB
[2026-06-30 12:14:49,893][finetune_logger][INFO] - Val memory reserved: 64.00 MB
2026-06-30 12:14:49 - finetune_logger - INFO - Val memory allocated: 22.80 MB
[2026-06-30 12:14:49,893][finetune_logger][INFO] - Val memory allocated: 22.80 MB
2026-06-30 12:14:49 - finetune_logger - INFO - Logged epoch 6 info to /public/home/202411094934/python_project/Spatio-Temporal-Library/time-series/2026-06-29/fedformer/finetune20/ettm1/time-series/seed_0/training_log.json
[2026-06-30 12:14:49,896][finetune_logger][INFO] - Logged epoch 6 info to /public/home/202411094934/python_project/Spatio-Temporal-Library/time-series/2026-06-29/fedformer/finetune20/ettm1/time-series/seed_0/training_log.json
2026-06-30 12:14:49 - finetune_logger - INFO - New best model! Val loss: 1.611506
[2026-06-30 12:14:49,897][finetune_logger][INFO] - New best model! Val loss: 1.611506
2026-06-30 12:32:31 - finetune_logger - INFO - Test metrics: {'MAE': 1.4838707385992305, 'RMSE': 2.572720378412448}
[2026-06-30 12:32:31,212][finetune_logger][INFO] - Test metrics: {'MAE': 1.4838707385992305, 'RMSE': 2.572720378412448}
2026-06-30 12:32:31 - finetune_logger - INFO - Test time: 1061.26s
[2026-06-30 12:32:31,212][finetune_logger][INFO] - Test time: 1061.26s
2026-06-30 12:32:31 - finetune_logger - INFO - Test memory reserved: 64.00 MB
[2026-06-30 12:32:31,212][finetune_logger][INFO] - Test memory reserved: 64.00 MB
2026-06-30 12:32:31 - finetune_logger - INFO - Test memory allocated: 22.80 MB
[2026-06-30 12:32:31,212][finetune_logger][INFO] - Test memory allocated: 22.80 MB
2026-06-30 12:32:31 - finetune_logger - INFO - Epoch 7/20
[2026-06-30 12:32:31,212][finetune_logger][INFO] - Epoch 7/20
2026-06-30 16:19:59 - finetune_logger - INFO - Train loss: 1.336380708976912
[2026-06-30 16:19:59,213][finetune_logger][INFO] - Train loss: 1.336380708976912
2026-06-30 16:19:59 - finetune_logger - INFO - Train time: 13647.999888658524s
[2026-06-30 16:19:59,214][finetune_logger][INFO] - Train time: 13647.999888658524s
2026-06-30 16:19:59 - finetune_logger - INFO - Train memory reserved: 64.00 MB
[2026-06-30 16:19:59,214][finetune_logger][INFO] - Train memory reserved: 64.00 MB
2026-06-30 16:19:59 - finetune_logger - INFO - Train memory allocated: 22.80 MB
[2026-06-30 16:19:59,214][finetune_logger][INFO] - Train memory allocated: 22.80 MB
2026-06-30 16:19:59 - finetune_logger - INFO - Current learning rate: 0.0005
[2026-06-30 16:19:59,214][finetune_logger][INFO] - Current learning rate: 0.0005
2026-06-30 16:37:43 - finetune_logger - INFO - Validation metrics: {'MAE': 1.603130811349692, 'RMSE': 2.576954781739278}
[2026-06-30 16:37:43,426][finetune_logger][INFO] - Validation metrics: {'MAE': 1.603130811349692, 'RMSE': 2.576954781739278}
2026-06-30 16:37:43 - finetune_logger - INFO - Val time: 1064.21s
[2026-06-30 16:37:43,426][finetune_logger][INFO] - Val time: 1064.21s
2026-06-30 16:37:43 - finetune_logger - INFO - Val memory reserved: 64.00 MB
[2026-06-30 16:37:43,426][finetune_logger][INFO] - Val memory reserved: 64.00 MB
2026-06-30 16:37:43 - finetune_logger - INFO - Val memory allocated: 22.80 MB
[2026-06-30 16:37:43,426][finetune_logger][INFO] - Val memory allocated: 22.80 MB
2026-06-30 16:37:43 - finetune_logger - INFO - Logged epoch 7 info to /public/home/202411094934/python_project/Spatio-Temporal-Library/time-series/2026-06-29/fedformer/finetune20/ettm1/time-series/seed_0/training_log.json
[2026-06-30 16:37:43,430][finetune_logger][INFO] - Logged epoch 7 info to /public/home/202411094934/python_project/Spatio-Temporal-Library/time-series/2026-06-29/fedformer/finetune20/ettm1/time-series/seed_0/training_log.json
2026-06-30 16:37:43 - finetune_logger - INFO - New best model! Val loss: 1.603131
[2026-06-30 16:37:43,431][finetune_logger][INFO] - New best model! Val loss: 1.603131
2026-06-30 16:55:26 - finetune_logger - INFO - Test metrics: {'MAE': 1.4715700888866656, 'RMSE': 2.585013037351207}
[2026-06-30 16:55:26,743][finetune_logger][INFO] - Test metrics: {'MAE': 1.4715700888866656, 'RMSE': 2.585013037351207}
2026-06-30 16:55:26 - finetune_logger - INFO - Test time: 1063.25s
[2026-06-30 16:55:26,743][finetune_logger][INFO] - Test time: 1063.25s
2026-06-30 16:55:26 - finetune_logger - INFO - Test memory reserved: 64.00 MB
[2026-06-30 16:55:26,743][finetune_logger][INFO] - Test memory reserved: 64.00 MB
2026-06-30 16:55:26 - finetune_logger - INFO - Test memory allocated: 22.80 MB
[2026-06-30 16:55:26,743][finetune_logger][INFO] - Test memory allocated: 22.80 MB
2026-06-30 16:55:26 - finetune_logger - INFO - Epoch 8/20
[2026-06-30 16:55:26,744][finetune_logger][INFO] - Epoch 8/20
2026-06-30 20:40:01 - finetune_logger - INFO - Train loss: 1.3239379922409875
[2026-06-30 20:40:01,118][finetune_logger][INFO] - Train loss: 1.3239379922409875
2026-06-30 20:40:01 - finetune_logger - INFO - Train time: 13474.37306690216s
[2026-06-30 20:40:01,119][finetune_logger][INFO] - Train time: 13474.37306690216s
2026-06-30 20:40:01 - finetune_logger - INFO - Train memory reserved: 64.00 MB
[2026-06-30 20:40:01,119][finetune_logger][INFO] - Train memory reserved: 64.00 MB
2026-06-30 20:40:01 - finetune_logger - INFO - Train memory allocated: 22.80 MB
[2026-06-30 20:40:01,119][finetune_logger][INFO] - Train memory allocated: 22.80 MB
2026-06-30 20:40:01 - finetune_logger - INFO - Current learning rate: 0.0005
[2026-06-30 20:40:01,119][finetune_logger][INFO] - Current learning rate: 0.0005
2026-06-30 20:57:44 - finetune_logger - INFO - Validation metrics: {'MAE': 1.6186669491155377, 'RMSE': 2.6038095842982436}
[2026-06-30 20:57:44,890][finetune_logger][INFO] - Validation metrics: {'MAE': 1.6186669491155377, 'RMSE': 2.6038095842982436}
2026-06-30 20:57:44 - finetune_logger - INFO - Val time: 1063.77s
[2026-06-30 20:57:44,890][finetune_logger][INFO] - Val time: 1063.77s
2026-06-30 20:57:44 - finetune_logger - INFO - Val memory reserved: 64.00 MB
[2026-06-30 20:57:44,890][finetune_logger][INFO] - Val memory reserved: 64.00 MB
2026-06-30 20:57:44 - finetune_logger - INFO - Val memory allocated: 22.80 MB
[2026-06-30 20:57:44,890][finetune_logger][INFO] - Val memory allocated: 22.80 MB
2026-06-30 20:57:44 - finetune_logger - INFO - Logged epoch 8 info to /public/home/202411094934/python_project/Spatio-Temporal-Library/time-series/2026-06-29/fedformer/finetune20/ettm1/time-series/seed_0/training_log.json
[2026-06-30 20:57:44,894][finetune_logger][INFO] - Logged epoch 8 info to /public/home/202411094934/python_project/Spatio-Temporal-Library/time-series/2026-06-29/fedformer/finetune20/ettm1/time-series/seed_0/training_log.json
2026-06-30 21:15:17 - finetune_logger - INFO - Test metrics: {'MAE': 1.4515604589549496, 'RMSE': 2.5455649163846847}
[2026-06-30 21:15:17,327][finetune_logger][INFO] - Test metrics: {'MAE': 1.4515604589549496, 'RMSE': 2.5455649163846847}
2026-06-30 21:15:17 - finetune_logger - INFO - Test time: 1052.43s
[2026-06-30 21:15:17,328][finetune_logger][INFO] - Test time: 1052.43s
2026-06-30 21:15:17 - finetune_logger - INFO - Test memory reserved: 64.00 MB
[2026-06-30 21:15:17,328][finetune_logger][INFO] - Test memory reserved: 64.00 MB
2026-06-30 21:15:17 - finetune_logger - INFO - Test memory allocated: 22.80 MB
[2026-06-30 21:15:17,328][finetune_logger][INFO] - Test memory allocated: 22.80 MB
2026-06-30 21:15:17 - finetune_logger - INFO - Epoch 9/20
[2026-06-30 21:15:17,328][finetune_logger][INFO] - Epoch 9/20
2026-07-01 01:02:43 - finetune_logger - INFO - Train loss: 1.3182461629923685
[2026-07-01 01:02:43,426][finetune_logger][INFO] - Train loss: 1.3182461629923685
2026-07-01 01:02:43 - finetune_logger - INFO - Train time: 13646.097825050354s
[2026-07-01 01:02:43,427][finetune_logger][INFO] - Train time: 13646.097825050354s
2026-07-01 01:02:43 - finetune_logger - INFO - Train memory reserved: 64.00 MB
[2026-07-01 01:02:43,427][finetune_logger][INFO] - Train memory reserved: 64.00 MB
2026-07-01 01:02:43 - finetune_logger - INFO - Train memory allocated: 22.80 MB
[2026-07-01 01:02:43,427][finetune_logger][INFO] - Train memory allocated: 22.80 MB
2026-07-01 01:02:43 - finetune_logger - INFO - Current learning rate: 0.0005
[2026-07-01 01:02:43,427][finetune_logger][INFO] - Current learning rate: 0.0005
2026-07-01 01:20:26 - finetune_logger - INFO - Validation metrics: {'MAE': 1.6206990250893551, 'RMSE': 2.5848078415174767}
[2026-07-01 01:20:26,207][finetune_logger][INFO] - Validation metrics: {'MAE': 1.6206990250893551, 'RMSE': 2.5848078415174767}
2026-07-01 01:20:26 - finetune_logger - INFO - Val time: 1062.78s
[2026-07-01 01:20:26,207][finetune_logger][INFO] - Val time: 1062.78s
2026-07-01 01:20:26 - finetune_logger - INFO - Val memory reserved: 64.00 MB
[2026-07-01 01:20:26,208][finetune_logger][INFO] - Val memory reserved: 64.00 MB
2026-07-01 01:20:26 - finetune_logger - INFO - Val memory allocated: 22.80 MB
[2026-07-01 01:20:26,208][finetune_logger][INFO] - Val memory allocated: 22.80 MB
2026-07-01 01:20:26 - finetune_logger - INFO - Logged epoch 9 info to /public/home/202411094934/python_project/Spatio-Temporal-Library/time-series/2026-06-29/fedformer/finetune20/ettm1/time-series/seed_0/training_log.json
[2026-07-01 01:20:26,211][finetune_logger][INFO] - Logged epoch 9 info to /public/home/202411094934/python_project/Spatio-Temporal-Library/time-series/2026-06-29/fedformer/finetune20/ettm1/time-series/seed_0/training_log.json
2026-07-01 01:38:08 - finetune_logger - INFO - Test metrics: {'MAE': 1.4873682802537207, 'RMSE': 2.5839307054751752}
[2026-07-01 01:38:08,591][finetune_logger][INFO] - Test metrics: {'MAE': 1.4873682802537207, 'RMSE': 2.5839307054751752}
2026-07-01 01:38:08 - finetune_logger - INFO - Test time: 1062.38s
[2026-07-01 01:38:08,591][finetune_logger][INFO] - Test time: 1062.38s
2026-07-01 01:38:08 - finetune_logger - INFO - Test memory reserved: 64.00 MB
[2026-07-01 01:38:08,591][finetune_logger][INFO] - Test memory reserved: 64.00 MB
2026-07-01 01:38:08 - finetune_logger - INFO - Test memory allocated: 22.80 MB
[2026-07-01 01:38:08,591][finetune_logger][INFO] - Test memory allocated: 22.80 MB
2026-07-01 01:38:08 - finetune_logger - INFO - Epoch 10/20
[2026-07-01 01:38:08,592][finetune_logger][INFO] - Epoch 10/20
2026-07-01 05:25:30 - finetune_logger - INFO - Train loss: 1.3180833075887695
[2026-07-01 05:25:30,050][finetune_logger][INFO] - Train loss: 1.3180833075887695
2026-07-01 05:25:30 - finetune_logger - INFO - Train time: 13641.45808005333s
[2026-07-01 05:25:30,051][finetune_logger][INFO] - Train time: 13641.45808005333s
2026-07-01 05:25:30 - finetune_logger - INFO - Train memory reserved: 64.00 MB
[2026-07-01 05:25:30,051][finetune_logger][INFO] - Train memory reserved: 64.00 MB
2026-07-01 05:25:30 - finetune_logger - INFO - Train memory allocated: 22.80 MB
[2026-07-01 05:25:30,051][finetune_logger][INFO] - Train memory allocated: 22.80 MB
2026-07-01 05:25:30 - finetune_logger - INFO - Current learning rate: 0.0005
[2026-07-01 05:25:30,051][finetune_logger][INFO] - Current learning rate: 0.0005
2026-07-01 05:43:15 - finetune_logger - INFO - Validation metrics: {'MAE': 1.6261173723435076, 'RMSE': 2.592021804325743}
[2026-07-01 05:43:15,942][finetune_logger][INFO] - Validation metrics: {'MAE': 1.6261173723435076, 'RMSE': 2.592021804325743}
2026-07-01 05:43:15 - finetune_logger - INFO - Val time: 1065.89s
[2026-07-01 05:43:15,942][finetune_logger][INFO] - Val time: 1065.89s
2026-07-01 05:43:15 - finetune_logger - INFO - Val memory reserved: 64.00 MB
[2026-07-01 05:43:15,942][finetune_logger][INFO] - Val memory reserved: 64.00 MB
2026-07-01 05:43:15 - finetune_logger - INFO - Val memory allocated: 22.80 MB
[2026-07-01 05:43:15,943][finetune_logger][INFO] - Val memory allocated: 22.80 MB
2026-07-01 05:43:15 - finetune_logger - INFO - Logged epoch 10 info to /public/home/202411094934/python_project/Spatio-Temporal-Library/time-series/2026-06-29/fedformer/finetune20/ettm1/time-series/seed_0/training_log.json
[2026-07-01 05:43:15,946][finetune_logger][INFO] - Logged epoch 10 info to /public/home/202411094934/python_project/Spatio-Temporal-Library/time-series/2026-06-29/fedformer/finetune20/ettm1/time-series/seed_0/training_log.json
2026-07-01 06:00:58 - finetune_logger - INFO - Test metrics: {'MAE': 1.4815838019846856, 'RMSE': 2.5708870142552724}
[2026-07-01 06:00:58,795][finetune_logger][INFO] - Test metrics: {'MAE': 1.4815838019846856, 'RMSE': 2.5708870142552724}
2026-07-01 06:00:58 - finetune_logger - INFO - Test time: 1062.82s
[2026-07-01 06:00:58,796][finetune_logger][INFO] - Test time: 1062.82s
2026-07-01 06:00:58 - finetune_logger - INFO - Test memory reserved: 64.00 MB
[2026-07-01 06:00:58,796][finetune_logger][INFO] - Test memory reserved: 64.00 MB
2026-07-01 06:00:58 - finetune_logger - INFO - Test memory allocated: 22.80 MB
[2026-07-01 06:00:58,796][finetune_logger][INFO] - Test memory allocated: 22.80 MB
2026-07-01 06:00:58 - finetune_logger - INFO - Epoch 11/20
[2026-07-01 06:00:58,796][finetune_logger][INFO] - Epoch 11/20
2026-07-01 09:45:02 - finetune_logger - INFO - Train loss: 1.2944297993014373
[2026-07-01 09:45:02,558][finetune_logger][INFO] - Train loss: 1.2944297993014373
2026-07-01 09:45:02 - finetune_logger - INFO - Train time: 13443.760801792145s
[2026-07-01 09:45:02,558][finetune_logger][INFO] - Train time: 13443.760801792145s
2026-07-01 09:45:02 - finetune_logger - INFO - Train memory reserved: 64.00 MB
[2026-07-01 09:45:02,559][finetune_logger][INFO] - Train memory reserved: 64.00 MB
2026-07-01 09:45:02 - finetune_logger - INFO - Train memory allocated: 22.80 MB
[2026-07-01 09:45:02,559][finetune_logger][INFO] - Train memory allocated: 22.80 MB
2026-07-01 09:45:02 - finetune_logger - INFO - Current learning rate: 0.00025
[2026-07-01 09:45:02,559][finetune_logger][INFO] - Current learning rate: 0.00025
2026-07-01 10:02:45 - finetune_logger - INFO - Validation metrics: {'MAE': 1.5810743483817744, 'RMSE': 2.529395906172807}
[2026-07-01 10:02:45,548][finetune_logger][INFO] - Validation metrics: {'MAE': 1.5810743483817744, 'RMSE': 2.529395906172807}
2026-07-01 10:02:45 - finetune_logger - INFO - Val time: 1062.99s
[2026-07-01 10:02:45,548][finetune_logger][INFO] - Val time: 1062.99s
2026-07-01 10:02:45 - finetune_logger - INFO - Val memory reserved: 64.00 MB
[2026-07-01 10:02:45,548][finetune_logger][INFO] - Val memory reserved: 64.00 MB
2026-07-01 10:02:45 - finetune_logger - INFO - Val memory allocated: 22.80 MB
[2026-07-01 10:02:45,548][finetune_logger][INFO] - Val memory allocated: 22.80 MB
2026-07-01 10:02:45 - finetune_logger - INFO - Logged epoch 11 info to /public/home/202411094934/python_project/Spatio-Temporal-Library/time-series/2026-06-29/fedformer/finetune20/ettm1/time-series/seed_0/training_log.json
[2026-07-01 10:02:45,552][finetune_logger][INFO] - Logged epoch 11 info to /public/home/202411094934/python_project/Spatio-Temporal-Library/time-series/2026-06-29/fedformer/finetune20/ettm1/time-series/seed_0/training_log.json
2026-07-01 10:02:45 - finetune_logger - INFO - New best model! Val loss: 1.581074
[2026-07-01 10:02:45,552][finetune_logger][INFO] - New best model! Val loss: 1.581074
2026-07-01 10:20:27 - finetune_logger - INFO - Test metrics: {'MAE': 1.4453099129467777, 'RMSE': 2.5329816724213896}
[2026-07-01 10:20:27,834][finetune_logger][INFO] - Test metrics: {'MAE': 1.4453099129467777, 'RMSE': 2.5329816724213896}
2026-07-01 10:20:27 - finetune_logger - INFO - Test time: 1062.22s
[2026-07-01 10:20:27,834][finetune_logger][INFO] - Test time: 1062.22s
2026-07-01 10:20:27 - finetune_logger - INFO - Test memory reserved: 64.00 MB
[2026-07-01 10:20:27,835][finetune_logger][INFO] - Test memory reserved: 64.00 MB
2026-07-01 10:20:27 - finetune_logger - INFO - Test memory allocated: 22.80 MB
[2026-07-01 10:20:27,835][finetune_logger][INFO] - Test memory allocated: 22.80 MB
2026-07-01 10:20:27 - finetune_logger - INFO - Epoch 12/20
[2026-07-01 10:20:27,835][finetune_logger][INFO] - Epoch 12/20
2026-07-01 14:07:23 - finetune_logger - INFO - Train loss: 1.2842412903459695
[2026-07-01 14:07:23,320][finetune_logger][INFO] - Train loss: 1.2842412903459695
2026-07-01 14:07:23 - finetune_logger - INFO - Train time: 13615.483592510223s
[2026-07-01 14:07:23,320][finetune_logger][INFO] - Train time: 13615.483592510223s
2026-07-01 14:07:23 - finetune_logger - INFO - Train memory reserved: 64.00 MB
[2026-07-01 14:07:23,320][finetune_logger][INFO] - Train memory reserved: 64.00 MB
2026-07-01 14:07:23 - finetune_logger - INFO - Train memory allocated: 22.80 MB
[2026-07-01 14:07:23,321][finetune_logger][INFO] - Train memory allocated: 22.80 MB
2026-07-01 14:07:23 - finetune_logger - INFO - Current learning rate: 0.00025
[2026-07-01 14:07:23,321][finetune_logger][INFO] - Current learning rate: 0.00025
2026-07-01 14:25:06 - finetune_logger - INFO - Validation metrics: {'MAE': 1.5749307667738146, 'RMSE': 2.5161725967553794}
[2026-07-01 14:25:06,827][finetune_logger][INFO] - Validation metrics: {'MAE': 1.5749307667738146, 'RMSE': 2.5161725967553794}
2026-07-01 14:25:06 - finetune_logger - INFO - Val time: 1063.51s
[2026-07-01 14:25:06,827][finetune_logger][INFO] - Val time: 1063.51s
2026-07-01 14:25:06 - finetune_logger - INFO - Val memory reserved: 64.00 MB
[2026-07-01 14:25:06,828][finetune_logger][INFO] - Val memory reserved: 64.00 MB
2026-07-01 14:25:06 - finetune_logger - INFO - Val memory allocated: 22.80 MB
[2026-07-01 14:25:06,828][finetune_logger][INFO] - Val memory allocated: 22.80 MB
2026-07-01 14:25:06 - finetune_logger - INFO - Logged epoch 12 info to /public/home/202411094934/python_project/Spatio-Temporal-Library/time-series/2026-06-29/fedformer/finetune20/ettm1/time-series/seed_0/training_log.json
[2026-07-01 14:25:06,832][finetune_logger][INFO] - Logged epoch 12 info to /public/home/202411094934/python_project/Spatio-Temporal-Library/time-series/2026-06-29/fedformer/finetune20/ettm1/time-series/seed_0/training_log.json
2026-07-01 14:25:06 - finetune_logger - INFO - New best model! Val loss: 1.574931
[2026-07-01 14:25:06,832][finetune_logger][INFO] - New best model! Val loss: 1.574931
2026-07-01 14:42:51 - finetune_logger - INFO - Test metrics: {'MAE': 1.4388620080494978, 'RMSE': 2.5148806097821703}
[2026-07-01 14:42:51,741][finetune_logger][INFO] - Test metrics: {'MAE': 1.4388620080494978, 'RMSE': 2.5148806097821703}
2026-07-01 14:42:51 - finetune_logger - INFO - Test time: 1064.85s
[2026-07-01 14:42:51,741][finetune_logger][INFO] - Test time: 1064.85s
2026-07-01 14:42:51 - finetune_logger - INFO - Test memory reserved: 64.00 MB
[2026-07-01 14:42:51,741][finetune_logger][INFO] - Test memory reserved: 64.00 MB
2026-07-01 14:42:51 - finetune_logger - INFO - Test memory allocated: 22.80 MB
[2026-07-01 14:42:51,741][finetune_logger][INFO] - Test memory allocated: 22.80 MB
2026-07-01 14:42:51 - finetune_logger - INFO - Epoch 13/20
[2026-07-01 14:42:51,741][finetune_logger][INFO] - Epoch 13/20
2026-07-01 18:28:12 - finetune_logger - INFO - Train loss: 1.2768746875540082
[2026-07-01 18:28:12,002][finetune_logger][INFO] - Train loss: 1.2768746875540082
2026-07-01 18:28:12 - finetune_logger - INFO - Train time: 13520.2589905262s
[2026-07-01 18:28:12,002][finetune_logger][INFO] - Train time: 13520.2589905262s
2026-07-01 18:28:12 - finetune_logger - INFO - Train memory reserved: 64.00 MB
[2026-07-01 18:28:12,003][finetune_logger][INFO] - Train memory reserved: 64.00 MB
2026-07-01 18:28:12 - finetune_logger - INFO - Train memory allocated: 22.80 MB
[2026-07-01 18:28:12,003][finetune_logger][INFO] - Train memory allocated: 22.80 MB
2026-07-01 18:28:12 - finetune_logger - INFO - Current learning rate: 0.00025
[2026-07-01 18:28:12,003][finetune_logger][INFO] - Current learning rate: 0.00025
2026-07-01 18:45:55 - finetune_logger - INFO - Validation metrics: {'MAE': 1.5771998515459256, 'RMSE': 2.5221861619976895}
[2026-07-01 18:45:55,049][finetune_logger][INFO] - Validation metrics: {'MAE': 1.5771998515459256, 'RMSE': 2.5221861619976895}
2026-07-01 18:45:55 - finetune_logger - INFO - Val time: 1063.05s
[2026-07-01 18:45:55,050][finetune_logger][INFO] - Val time: 1063.05s
2026-07-01 18:45:55 - finetune_logger - INFO - Val memory reserved: 64.00 MB
[2026-07-01 18:45:55,050][finetune_logger][INFO] - Val memory reserved: 64.00 MB
2026-07-01 18:45:55 - finetune_logger - INFO - Val memory allocated: 22.80 MB
[2026-07-01 18:45:55,050][finetune_logger][INFO] - Val memory allocated: 22.80 MB
2026-07-01 18:45:55 - finetune_logger - INFO - Logged epoch 13 info to /public/home/202411094934/python_project/Spatio-Temporal-Library/time-series/2026-06-29/fedformer/finetune20/ettm1/time-series/seed_0/training_log.json
[2026-07-01 18:45:55,055][finetune_logger][INFO] - Logged epoch 13 info to /public/home/202411094934/python_project/Spatio-Temporal-Library/time-series/2026-06-29/fedformer/finetune20/ettm1/time-series/seed_0/training_log.json
2026-07-01 19:03:37 - finetune_logger - INFO - Test metrics: {'MAE': 1.4607152820109712, 'RMSE': 2.5459971355164344}
[2026-07-01 19:03:37,249][finetune_logger][INFO] - Test metrics: {'MAE': 1.4607152820109712, 'RMSE': 2.5459971355164344}
2026-07-01 19:03:37 - finetune_logger - INFO - Test time: 1062.19s
[2026-07-01 19:03:37,249][finetune_logger][INFO] - Test time: 1062.19s
2026-07-01 19:03:37 - finetune_logger - INFO - Test memory reserved: 64.00 MB
[2026-07-01 19:03:37,249][finetune_logger][INFO] - Test memory reserved: 64.00 MB
2026-07-01 19:03:37 - finetune_logger - INFO - Test memory allocated: 22.80 MB
[2026-07-01 19:03:37,249][finetune_logger][INFO] - Test memory allocated: 22.80 MB
2026-07-01 19:03:37 - finetune_logger - INFO - Epoch 14/20
[2026-07-01 19:03:37,249][finetune_logger][INFO] - Epoch 14/20
2026-07-01 22:48:27 - finetune_logger - INFO - Train loss: 1.271169510848174
[2026-07-01 22:48:27,249][finetune_logger][INFO] - Train loss: 1.271169510848174
2026-07-01 22:48:27 - finetune_logger - INFO - Train time: 13489.997812509537s
[2026-07-01 22:48:27,249][finetune_logger][INFO] - Train time: 13489.997812509537s
2026-07-01 22:48:27 - finetune_logger - INFO - Train memory reserved: 64.00 MB
[2026-07-01 22:48:27,249][finetune_logger][INFO] - Train memory reserved: 64.00 MB
2026-07-01 22:48:27 - finetune_logger - INFO - Train memory allocated: 22.80 MB
[2026-07-01 22:48:27,250][finetune_logger][INFO] - Train memory allocated: 22.80 MB
2026-07-01 22:48:27 - finetune_logger - INFO - Current learning rate: 0.00025
[2026-07-01 22:48:27,250][finetune_logger][INFO] - Current learning rate: 0.00025
2026-07-01 23:06:10 - finetune_logger - INFO - Validation metrics: {'MAE': 1.5702845533953427, 'RMSE': 2.504011843133599}
[2026-07-01 23:06:10,658][finetune_logger][INFO] - Validation metrics: {'MAE': 1.5702845533953427, 'RMSE': 2.504011843133599}
2026-07-01 23:06:10 - finetune_logger - INFO - Val time: 1063.41s
[2026-07-01 23:06:10,658][finetune_logger][INFO] - Val time: 1063.41s
2026-07-01 23:06:10 - finetune_logger - INFO - Val memory reserved: 64.00 MB
[2026-07-01 23:06:10,658][finetune_logger][INFO] - Val memory reserved: 64.00 MB
2026-07-01 23:06:10 - finetune_logger - INFO - Val memory allocated: 22.80 MB
[2026-07-01 23:06:10,658][finetune_logger][INFO] - Val memory allocated: 22.80 MB
2026-07-01 23:06:10 - finetune_logger - INFO - Logged epoch 14 info to /public/home/202411094934/python_project/Spatio-Temporal-Library/time-series/2026-06-29/fedformer/finetune20/ettm1/time-series/seed_0/training_log.json
[2026-07-01 23:06:10,663][finetune_logger][INFO] - Logged epoch 14 info to /public/home/202411094934/python_project/Spatio-Temporal-Library/time-series/2026-06-29/fedformer/finetune20/ettm1/time-series/seed_0/training_log.json
2026-07-01 23:06:10 - finetune_logger - INFO - New best model! Val loss: 1.570285
[2026-07-01 23:06:10,663][finetune_logger][INFO] - New best model! Val loss: 1.570285
2026-07-01 23:23:51 - finetune_logger - INFO - Test metrics: {'MAE': 1.4438512230046407, 'RMSE': 2.519475322213118}
[2026-07-01 23:23:51,938][finetune_logger][INFO] - Test metrics: {'MAE': 1.4438512230046407, 'RMSE': 2.519475322213118}
2026-07-01 23:23:51 - finetune_logger - INFO - Test time: 1061.22s
[2026-07-01 23:23:51,939][finetune_logger][INFO] - Test time: 1061.22s
2026-07-01 23:23:51 - finetune_logger - INFO - Test memory reserved: 64.00 MB
[2026-07-01 23:23:51,939][finetune_logger][INFO] - Test memory reserved: 64.00 MB
2026-07-01 23:23:51 - finetune_logger - INFO - Test memory allocated: 22.80 MB
[2026-07-01 23:23:51,939][finetune_logger][INFO] - Test memory allocated: 22.80 MB
2026-07-01 23:23:51 - finetune_logger - INFO - Epoch 15/20
[2026-07-01 23:23:51,939][finetune_logger][INFO] - Epoch 15/20
2026-07-02 03:09:47 - finetune_logger - INFO - Train loss: 1.2680288579274193
[2026-07-02 03:09:47,162][finetune_logger][INFO] - Train loss: 1.2680288579274193
2026-07-02 03:09:47 - finetune_logger - INFO - Train time: 13555.221705675125s
[2026-07-02 03:09:47,163][finetune_logger][INFO] - Train time: 13555.221705675125s
2026-07-02 03:09:47 - finetune_logger - INFO - Train memory reserved: 64.00 MB
[2026-07-02 03:09:47,163][finetune_logger][INFO] - Train memory reserved: 64.00 MB
2026-07-02 03:09:47 - finetune_logger - INFO - Train memory allocated: 22.80 MB
[2026-07-02 03:09:47,163][finetune_logger][INFO] - Train memory allocated: 22.80 MB
2026-07-02 03:09:47 - finetune_logger - INFO - Current learning rate: 0.00025
[2026-07-02 03:09:47,163][finetune_logger][INFO] - Current learning rate: 0.00025
2026-07-02 03:27:30 - finetune_logger - INFO - Validation metrics: {'MAE': 1.5814920372397991, 'RMSE': 2.525275082441091}
[2026-07-02 03:27:30,463][finetune_logger][INFO] - Validation metrics: {'MAE': 1.5814920372397991, 'RMSE': 2.525275082441091}
2026-07-02 03:27:30 - finetune_logger - INFO - Val time: 1063.30s
[2026-07-02 03:27:30,464][finetune_logger][INFO] - Val time: 1063.30s
2026-07-02 03:27:30 - finetune_logger - INFO - Val memory reserved: 64.00 MB
[2026-07-02 03:27:30,464][finetune_logger][INFO] - Val memory reserved: 64.00 MB
2026-07-02 03:27:30 - finetune_logger - INFO - Val memory allocated: 22.80 MB
[2026-07-02 03:27:30,464][finetune_logger][INFO] - Val memory allocated: 22.80 MB
2026-07-02 03:27:30 - finetune_logger - INFO - Logged epoch 15 info to /public/home/202411094934/python_project/Spatio-Temporal-Library/time-series/2026-06-29/fedformer/finetune20/ettm1/time-series/seed_0/training_log.json
[2026-07-02 03:27:30,468][finetune_logger][INFO] - Logged epoch 15 info to /public/home/202411094934/python_project/Spatio-Temporal-Library/time-series/2026-06-29/fedformer/finetune20/ettm1/time-series/seed_0/training_log.json
2026-07-02 03:45:15 - finetune_logger - INFO - Test metrics: {'MAE': 1.431478993494782, 'RMSE': 2.5153459025604286}
[2026-07-02 03:45:15,388][finetune_logger][INFO] - Test metrics: {'MAE': 1.431478993494782, 'RMSE': 2.5153459025604286}
2026-07-02 03:45:15 - finetune_logger - INFO - Test time: 1064.92s
[2026-07-02 03:45:15,388][finetune_logger][INFO] - Test time: 1064.92s
2026-07-02 03:45:15 - finetune_logger - INFO - Test memory reserved: 64.00 MB
[2026-07-02 03:45:15,388][finetune_logger][INFO] - Test memory reserved: 64.00 MB
2026-07-02 03:45:15 - finetune_logger - INFO - Test memory allocated: 22.80 MB
[2026-07-02 03:45:15,388][finetune_logger][INFO] - Test memory allocated: 22.80 MB
2026-07-02 03:45:15 - finetune_logger - INFO - Epoch 16/20
[2026-07-02 03:45:15,389][finetune_logger][INFO] - Epoch 16/20
2026-07-02 07:32:41 - finetune_logger - INFO - Train loss: 1.2678379174754304
[2026-07-02 07:32:41,205][finetune_logger][INFO] - Train loss: 1.2678379174754304
2026-07-02 07:32:41 - finetune_logger - INFO - Train time: 13645.814877986908s
[2026-07-02 07:32:41,206][finetune_logger][INFO] - Train time: 13645.814877986908s
2026-07-02 07:32:41 - finetune_logger - INFO - Train memory reserved: 64.00 MB
[2026-07-02 07:32:41,206][finetune_logger][INFO] - Train memory reserved: 64.00 MB
2026-07-02 07:32:41 - finetune_logger - INFO - Train memory allocated: 22.80 MB
[2026-07-02 07:32:41,206][finetune_logger][INFO] - Train memory allocated: 22.80 MB
2026-07-02 07:32:41 - finetune_logger - INFO - Current learning rate: 0.00025
[2026-07-02 07:32:41,206][finetune_logger][INFO] - Current learning rate: 0.00025
2026-07-02 07:50:24 - finetune_logger - INFO - Validation metrics: {'MAE': 1.5680078284136232, 'RMSE': 2.505789049524652}
[2026-07-02 07:50:24,803][finetune_logger][INFO] - Validation metrics: {'MAE': 1.5680078284136232, 'RMSE': 2.505789049524652}
2026-07-02 07:50:24 - finetune_logger - INFO - Val time: 1063.60s
[2026-07-02 07:50:24,804][finetune_logger][INFO] - Val time: 1063.60s
2026-07-02 07:50:24 - finetune_logger - INFO - Val memory reserved: 64.00 MB
[2026-07-02 07:50:24,804][finetune_logger][INFO] - Val memory reserved: 64.00 MB
2026-07-02 07:50:24 - finetune_logger - INFO - Val memory allocated: 22.80 MB
[2026-07-02 07:50:24,804][finetune_logger][INFO] - Val memory allocated: 22.80 MB
2026-07-02 07:50:24 - finetune_logger - INFO - Logged epoch 16 info to /public/home/202411094934/python_project/Spatio-Temporal-Library/time-series/2026-06-29/fedformer/finetune20/ettm1/time-series/seed_0/training_log.json
[2026-07-02 07:50:24,807][finetune_logger][INFO] - Logged epoch 16 info to /public/home/202411094934/python_project/Spatio-Temporal-Library/time-series/2026-06-29/fedformer/finetune20/ettm1/time-series/seed_0/training_log.json
2026-07-02 07:50:24 - finetune_logger - INFO - New best model! Val loss: 1.568008
[2026-07-02 07:50:24,808][finetune_logger][INFO] - New best model! Val loss: 1.568008
2026-07-02 08:08:06 - finetune_logger - INFO - Test metrics: {'MAE': 1.439412427234277, 'RMSE': 2.52524690014809}
[2026-07-02 08:08:06,219][finetune_logger][INFO] - Test metrics: {'MAE': 1.439412427234277, 'RMSE': 2.52524690014809}
2026-07-02 08:08:06 - finetune_logger - INFO - Test time: 1061.35s
[2026-07-02 08:08:06,220][finetune_logger][INFO] - Test time: 1061.35s
2026-07-02 08:08:06 - finetune_logger - INFO - Test memory reserved: 64.00 MB
[2026-07-02 08:08:06,220][finetune_logger][INFO] - Test memory reserved: 64.00 MB
2026-07-02 08:08:06 - finetune_logger - INFO - Test memory allocated: 22.80 MB
[2026-07-02 08:08:06,220][finetune_logger][INFO] - Test memory allocated: 22.80 MB
2026-07-02 08:08:06 - finetune_logger - INFO - Epoch 17/20
[2026-07-02 08:08:06,220][finetune_logger][INFO] - Epoch 17/20
2026-07-02 11:55:30 - finetune_logger - INFO - Train loss: 1.2657844756039025
[2026-07-02 11:55:30,386][finetune_logger][INFO] - Train loss: 1.2657844756039025
2026-07-02 11:55:30 - finetune_logger - INFO - Train time: 13644.164107322693s
[2026-07-02 11:55:30,386][finetune_logger][INFO] - Train time: 13644.164107322693s
2026-07-02 11:55:30 - finetune_logger - INFO - Train memory reserved: 64.00 MB
[2026-07-02 11:55:30,386][finetune_logger][INFO] - Train memory reserved: 64.00 MB
2026-07-02 11:55:30 - finetune_logger - INFO - Train memory allocated: 22.80 MB
[2026-07-02 11:55:30,386][finetune_logger][INFO] - Train memory allocated: 22.80 MB
2026-07-02 11:55:30 - finetune_logger - INFO - Current learning rate: 0.00025
[2026-07-02 11:55:30,387][finetune_logger][INFO] - Current learning rate: 0.00025
2026-07-02 12:13:14 - finetune_logger - INFO - Validation metrics: {'MAE': 1.5937689707747982, 'RMSE': 2.5443358930385993}
[2026-07-02 12:13:14,749][finetune_logger][INFO] - Validation metrics: {'MAE': 1.5937689707747982, 'RMSE': 2.5443358930385993}
2026-07-02 12:13:14 - finetune_logger - INFO - Val time: 1064.36s
[2026-07-02 12:13:14,750][finetune_logger][INFO] - Val time: 1064.36s
2026-07-02 12:13:14 - finetune_logger - INFO - Val memory reserved: 64.00 MB
[2026-07-02 12:13:14,750][finetune_logger][INFO] - Val memory reserved: 64.00 MB
2026-07-02 12:13:14 - finetune_logger - INFO - Val memory allocated: 22.80 MB
[2026-07-02 12:13:14,750][finetune_logger][INFO] - Val memory allocated: 22.80 MB
2026-07-02 12:13:14 - finetune_logger - INFO - Logged epoch 17 info to /public/home/202411094934/python_project/Spatio-Temporal-Library/time-series/2026-06-29/fedformer/finetune20/ettm1/time-series/seed_0/training_log.json
[2026-07-02 12:13:14,753][finetune_logger][INFO] - Logged epoch 17 info to /public/home/202411094934/python_project/Spatio-Temporal-Library/time-series/2026-06-29/fedformer/finetune20/ettm1/time-series/seed_0/training_log.json
2026-07-02 12:30:59 - finetune_logger - INFO - Test metrics: {'MAE': 1.4370748354337766, 'RMSE': 2.5191205134880583}
[2026-07-02 12:30:59,053][finetune_logger][INFO] - Test metrics: {'MAE': 1.4370748354337766, 'RMSE': 2.5191205134880583}
2026-07-02 12:30:59 - finetune_logger - INFO - Test time: 1064.30s
[2026-07-02 12:30:59,054][finetune_logger][INFO] - Test time: 1064.30s
2026-07-02 12:30:59 - finetune_logger - INFO - Test memory reserved: 64.00 MB
[2026-07-02 12:30:59,054][finetune_logger][INFO] - Test memory reserved: 64.00 MB
2026-07-02 12:30:59 - finetune_logger - INFO - Test memory allocated: 22.80 MB
[2026-07-02 12:30:59,054][finetune_logger][INFO] - Test memory allocated: 22.80 MB
2026-07-02 12:30:59 - finetune_logger - INFO - Epoch 18/20
[2026-07-02 12:30:59,054][finetune_logger][INFO] - Epoch 18/20
2026-07-02 16:18:25 - finetune_logger - INFO - Train loss: 1.2615786695398723
[2026-07-02 16:18:25,250][finetune_logger][INFO] - Train loss: 1.2615786695398723
2026-07-02 16:18:25 - finetune_logger - INFO - Train time: 13646.19429564476s
[2026-07-02 16:18:25,251][finetune_logger][INFO] - Train time: 13646.19429564476s
2026-07-02 16:18:25 - finetune_logger - INFO - Train memory reserved: 64.00 MB
[2026-07-02 16:18:25,251][finetune_logger][INFO] - Train memory reserved: 64.00 MB
2026-07-02 16:18:25 - finetune_logger - INFO - Train memory allocated: 22.80 MB
[2026-07-02 16:18:25,251][finetune_logger][INFO] - Train memory allocated: 22.80 MB
2026-07-02 16:18:25 - finetune_logger - INFO - Current learning rate: 0.00025
[2026-07-02 16:18:25,251][finetune_logger][INFO] - Current learning rate: 0.00025
2026-07-02 16:36:10 - finetune_logger - INFO - Validation metrics: {'MAE': 1.5837262229659153, 'RMSE': 2.5293937742630583}
[2026-07-02 16:36:10,611][finetune_logger][INFO] - Validation metrics: {'MAE': 1.5837262229659153, 'RMSE': 2.5293937742630583}
2026-07-02 16:36:10 - finetune_logger - INFO - Val time: 1065.36s
[2026-07-02 16:36:10,611][finetune_logger][INFO] - Val time: 1065.36s
2026-07-02 16:36:10 - finetune_logger - INFO - Val memory reserved: 64.00 MB
[2026-07-02 16:36:10,612][finetune_logger][INFO] - Val memory reserved: 64.00 MB
2026-07-02 16:36:10 - finetune_logger - INFO - Val memory allocated: 22.80 MB
[2026-07-02 16:36:10,612][finetune_logger][INFO] - Val memory allocated: 22.80 MB
2026-07-02 16:36:10 - finetune_logger - INFO - Logged epoch 18 info to /public/home/202411094934/python_project/Spatio-Temporal-Library/time-series/2026-06-29/fedformer/finetune20/ettm1/time-series/seed_0/training_log.json
[2026-07-02 16:36:10,615][finetune_logger][INFO] - Logged epoch 18 info to /public/home/202411094934/python_project/Spatio-Temporal-Library/time-series/2026-06-29/fedformer/finetune20/ettm1/time-series/seed_0/training_log.json
2026-07-02 16:53:55 - finetune_logger - INFO - Test metrics: {'MAE': 1.4383159541946202, 'RMSE': 2.523847038387161}
[2026-07-02 16:53:55,084][finetune_logger][INFO] - Test metrics: {'MAE': 1.4383159541946202, 'RMSE': 2.523847038387161}
2026-07-02 16:53:55 - finetune_logger - INFO - Test time: 1064.47s
[2026-07-02 16:53:55,084][finetune_logger][INFO] - Test time: 1064.47s
2026-07-02 16:53:55 - finetune_logger - INFO - Test memory reserved: 64.00 MB
[2026-07-02 16:53:55,084][finetune_logger][INFO] - Test memory reserved: 64.00 MB
2026-07-02 16:53:55 - finetune_logger - INFO - Test memory allocated: 22.80 MB
[2026-07-02 16:53:55,084][finetune_logger][INFO] - Test memory allocated: 22.80 MB
2026-07-02 16:53:55 - finetune_logger - INFO - Epoch 19/20
[2026-07-02 16:53:55,084][finetune_logger][INFO] - Epoch 19/20
2026-07-02 20:41:19 - finetune_logger - INFO - Train loss: 1.2593868169435423
[2026-07-02 20:41:19,110][finetune_logger][INFO] - Train loss: 1.2593868169435423
2026-07-02 20:41:19 - finetune_logger - INFO - Train time: 13644.023800373077s
[2026-07-02 20:41:19,110][finetune_logger][INFO] - Train time: 13644.023800373077s
2026-07-02 20:41:19 - finetune_logger - INFO - Train memory reserved: 64.00 MB
[2026-07-02 20:41:19,111][finetune_logger][INFO] - Train memory reserved: 64.00 MB
2026-07-02 20:41:19 - finetune_logger - INFO - Train memory allocated: 22.80 MB
[2026-07-02 20:41:19,111][finetune_logger][INFO] - Train memory allocated: 22.80 MB
2026-07-02 20:41:19 - finetune_logger - INFO - Current learning rate: 0.00025
[2026-07-02 20:41:19,111][finetune_logger][INFO] - Current learning rate: 0.00025
2026-07-02 20:59:02 - finetune_logger - INFO - Validation metrics: {'MAE': 1.5836580862905973, 'RMSE': 2.5252292685703632}
[2026-07-02 20:59:02,598][finetune_logger][INFO] - Validation metrics: {'MAE': 1.5836580862905973, 'RMSE': 2.5252292685703632}
2026-07-02 20:59:02 - finetune_logger - INFO - Val time: 1063.49s
[2026-07-02 20:59:02,598][finetune_logger][INFO] - Val time: 1063.49s
2026-07-02 20:59:02 - finetune_logger - INFO - Val memory reserved: 64.00 MB
[2026-07-02 20:59:02,598][finetune_logger][INFO] - Val memory reserved: 64.00 MB
2026-07-02 20:59:02 - finetune_logger - INFO - Val memory allocated: 22.80 MB
[2026-07-02 20:59:02,598][finetune_logger][INFO] - Val memory allocated: 22.80 MB
2026-07-02 20:59:02 - finetune_logger - INFO - Logged epoch 19 info to /public/home/202411094934/python_project/Spatio-Temporal-Library/time-series/2026-06-29/fedformer/finetune20/ettm1/time-series/seed_0/training_log.json
[2026-07-02 20:59:02,603][finetune_logger][INFO] - Logged epoch 19 info to /public/home/202411094934/python_project/Spatio-Temporal-Library/time-series/2026-06-29/fedformer/finetune20/ettm1/time-series/seed_0/training_log.json
2026-07-02 21:16:36 - finetune_logger - INFO - Test metrics: {'MAE': 1.4531712991155419, 'RMSE': 2.5234712163131165}
[2026-07-02 21:16:36,190][finetune_logger][INFO] - Test metrics: {'MAE': 1.4531712991155419, 'RMSE': 2.5234712163131165}
2026-07-02 21:16:36 - finetune_logger - INFO - Test time: 1053.59s
[2026-07-02 21:16:36,190][finetune_logger][INFO] - Test time: 1053.59s
2026-07-02 21:16:36 - finetune_logger - INFO - Test memory reserved: 64.00 MB
[2026-07-02 21:16:36,190][finetune_logger][INFO] - Test memory reserved: 64.00 MB
2026-07-02 21:16:36 - finetune_logger - INFO - Test memory allocated: 22.80 MB
[2026-07-02 21:16:36,190][finetune_logger][INFO] - Test memory allocated: 22.80 MB
2026-07-02 21:16:36 - finetune_logger - INFO - Epoch 20/20
[2026-07-02 21:16:36,190][finetune_logger][INFO] - Epoch 20/20
2026-07-03 01:01:27 - finetune_logger - INFO - Train loss: 1.2518527255924048
[2026-07-03 01:01:27,958][finetune_logger][INFO] - Train loss: 1.2518527255924048
2026-07-03 01:01:27 - finetune_logger - INFO - Train time: 13491.766767501831s
[2026-07-03 01:01:27,958][finetune_logger][INFO] - Train time: 13491.766767501831s
2026-07-03 01:01:27 - finetune_logger - INFO - Train memory reserved: 64.00 MB
[2026-07-03 01:01:27,958][finetune_logger][INFO] - Train memory reserved: 64.00 MB
2026-07-03 01:01:27 - finetune_logger - INFO - Train memory allocated: 22.80 MB
[2026-07-03 01:01:27,958][finetune_logger][INFO] - Train memory allocated: 22.80 MB
2026-07-03 01:01:27 - finetune_logger - INFO - Current learning rate: 0.00025
[2026-07-03 01:01:27,959][finetune_logger][INFO] - Current learning rate: 0.00025
2026-07-03 01:19:09 - finetune_logger - INFO - Validation metrics: {'MAE': 1.5891366740517572, 'RMSE': 2.5448541215616562}
[2026-07-03 01:19:09,357][finetune_logger][INFO] - Validation metrics: {'MAE': 1.5891366740517572, 'RMSE': 2.5448541215616562}
2026-07-03 01:19:09 - finetune_logger - INFO - Val time: 1061.40s
[2026-07-03 01:19:09,357][finetune_logger][INFO] - Val time: 1061.40s
2026-07-03 01:19:09 - finetune_logger - INFO - Val memory reserved: 64.00 MB
[2026-07-03 01:19:09,358][finetune_logger][INFO] - Val memory reserved: 64.00 MB
2026-07-03 01:19:09 - finetune_logger - INFO - Val memory allocated: 22.80 MB
[2026-07-03 01:19:09,358][finetune_logger][INFO] - Val memory allocated: 22.80 MB
2026-07-03 01:19:09 - finetune_logger - INFO - Logged epoch 20 info to /public/home/202411094934/python_project/Spatio-Temporal-Library/time-series/2026-06-29/fedformer/finetune20/ettm1/time-series/seed_0/training_log.json
[2026-07-03 01:19:09,363][finetune_logger][INFO] - Logged epoch 20 info to /public/home/202411094934/python_project/Spatio-Temporal-Library/time-series/2026-06-29/fedformer/finetune20/ettm1/time-series/seed_0/training_log.json
2026-07-03 01:36:51 - finetune_logger - INFO - Test metrics: {'MAE': 1.4399882077430042, 'RMSE': 2.5262536267995106}
[2026-07-03 01:36:51,239][finetune_logger][INFO] - Test metrics: {'MAE': 1.4399882077430042, 'RMSE': 2.5262536267995106}
2026-07-03 01:36:51 - finetune_logger - INFO - Test time: 1061.85s
[2026-07-03 01:36:51,239][finetune_logger][INFO] - Test time: 1061.85s
2026-07-03 01:36:51 - finetune_logger - INFO - Test memory reserved: 64.00 MB
[2026-07-03 01:36:51,239][finetune_logger][INFO] - Test memory reserved: 64.00 MB
2026-07-03 01:36:51 - finetune_logger - INFO - Test memory allocated: 22.80 MB
[2026-07-03 01:36:51,240][finetune_logger][INFO] - Test memory allocated: 22.80 MB
2026-07-03 01:36:51 - finetune_logger - INFO - Training completed. Best epoch: 16, Best val loss: 1.568008
[2026-07-03 01:36:51,240][finetune_logger][INFO] - Training completed. Best epoch: 16, Best val loss: 1.568008
2026-07-03 01:36:51 - finetune_logger - INFO - Loaded checkpoint from epoch 16
[2026-07-03 01:36:51,281][finetune_logger][INFO] - Loaded checkpoint from epoch 16
2026-07-03 01:36:51 - finetune_logger - INFO - Evaluating best model on test sets...
[2026-07-03 01:36:51,282][finetune_logger][INFO] - Evaluating best model on test sets...
2026-07-03 01:54:31 - finetune_logger - INFO - Test metrics: {'MAE': 1.439412427234277, 'RMSE': 2.52524690014809}
[2026-07-03 01:54:31,372][finetune_logger][INFO] - Test metrics: {'MAE': 1.439412427234277, 'RMSE': 2.52524690014809}
2026-07-03 01:54:31 - finetune_logger - INFO - Test time: 1060.09s
[2026-07-03 01:54:31,372][finetune_logger][INFO] - Test time: 1060.09s
2026-07-03 01:54:31 - finetune_logger - INFO - Test memory reserved: 84.00 MB
[2026-07-03 01:54:31,372][finetune_logger][INFO] - Test memory reserved: 84.00 MB
2026-07-03 01:54:31 - finetune_logger - INFO - Test memory allocated: 22.83 MB
[2026-07-03 01:54:31,372][finetune_logger][INFO] - Test memory allocated: 22.83 MB
2026-07-03 01:54:31 - finetune_logger - INFO - Logged epoch test info to /public/home/202411094934/python_project/Spatio-Temporal-Library/time-series/2026-06-29/fedformer/finetune20/ettm1/time-series/seed_0/training_log.json
[2026-07-03 01:54:31,376][finetune_logger][INFO] - Logged epoch test info to /public/home/202411094934/python_project/Spatio-Temporal-Library/time-series/2026-06-29/fedformer/finetune20/ettm1/time-series/seed_0/training_log.json
