2026-06-13 21:28:59 - finetune_logger - INFO - No pretrained checkpoint is provided. Finetuning from scratch.
[2026-06-13 21:28:59,390][finetune_logger][INFO] - No pretrained checkpoint is provided. Finetuning from scratch.
2026-06-13 21:28:59 - finetune_logger - INFO - Model parameters: 826,720
[2026-06-13 21:28:59,401][finetune_logger][INFO] - Model parameters: 826,720
2026-06-13 21:28:59 - finetune_logger - INFO - Created new log file at /public/home/202411094934/python_project/Spatio-Temporal-Library/time-series/2026-06-13/crossformer/finetune20/exchange_rate/time-series/seed_0/training_log.json
[2026-06-13 21:28:59,404][finetune_logger][INFO] - Created new log file at /public/home/202411094934/python_project/Spatio-Temporal-Library/time-series/2026-06-13/crossformer/finetune20/exchange_rate/time-series/seed_0/training_log.json
2026-06-13 21:28:59 - finetune_logger - INFO - Starting training...
[2026-06-13 21:28:59,404][finetune_logger][INFO] - Starting training...
2026-06-13 21:28:59 - finetune_logger - INFO - Epoch 1/20
[2026-06-13 21:28:59,404][finetune_logger][INFO] - Epoch 1/20
2026-06-13 21:31:42 - finetune_logger - INFO - No pretrained checkpoint is provided. Finetuning from scratch.
[2026-06-13 21:31:42,973][finetune_logger][INFO] - No pretrained checkpoint is provided. Finetuning from scratch.
2026-06-13 21:31:42 - finetune_logger - INFO - Model parameters: 826,720
[2026-06-13 21:31:42,983][finetune_logger][INFO] - Model parameters: 826,720
2026-06-13 21:31:42 - finetune_logger - INFO - Log file already exists at /public/home/202411094934/python_project/Spatio-Temporal-Library/time-series/2026-06-13/crossformer/finetune20/exchange_rate/time-series/seed_0/training_log.json, appending to it.
[2026-06-13 21:31:42,984][finetune_logger][INFO] - Log file already exists at /public/home/202411094934/python_project/Spatio-Temporal-Library/time-series/2026-06-13/crossformer/finetune20/exchange_rate/time-series/seed_0/training_log.json, appending to it.
2026-06-13 21:31:42 - finetune_logger - INFO - Starting training...
[2026-06-13 21:31:42,984][finetune_logger][INFO] - Starting training...
2026-06-13 21:31:42 - finetune_logger - INFO - Epoch 1/20
[2026-06-13 21:31:42,985][finetune_logger][INFO] - Epoch 1/20
2026-06-13 21:37:12 - finetune_logger - INFO - Train loss: 0.07012464445860914
[2026-06-13 21:37:12,698][finetune_logger][INFO] - Train loss: 0.07012464445860914
2026-06-13 21:37:12 - finetune_logger - INFO - Train time: 329.71283984184265s
[2026-06-13 21:37:12,698][finetune_logger][INFO] - Train time: 329.71283984184265s
2026-06-13 21:37:12 - finetune_logger - INFO - Train memory reserved: 44.00 MB
[2026-06-13 21:37:12,699][finetune_logger][INFO] - Train memory reserved: 44.00 MB
2026-06-13 21:37:12 - finetune_logger - INFO - Train memory allocated: 25.87 MB
[2026-06-13 21:37:12,699][finetune_logger][INFO] - Train memory allocated: 25.87 MB
2026-06-13 21:37:12 - finetune_logger - INFO - Current learning rate: 0.0005
[2026-06-13 21:37:12,699][finetune_logger][INFO] - Current learning rate: 0.0005
2026-06-13 21:37:23 - finetune_logger - INFO - Validation metrics: {'MAE': 0.03165342993145553, 'RMSE': 0.04330962481232688}
[2026-06-13 21:37:23,433][finetune_logger][INFO] - Validation metrics: {'MAE': 0.03165342993145553, 'RMSE': 0.04330962481232688}
2026-06-13 21:37:23 - finetune_logger - INFO - Val time: 10.73s
[2026-06-13 21:37:23,434][finetune_logger][INFO] - Val time: 10.73s
2026-06-13 21:37:23 - finetune_logger - INFO - Val memory reserved: 44.00 MB
[2026-06-13 21:37:23,434][finetune_logger][INFO] - Val memory reserved: 44.00 MB
2026-06-13 21:37:23 - finetune_logger - INFO - Val memory allocated: 25.87 MB
[2026-06-13 21:37:23,434][finetune_logger][INFO] - Val memory allocated: 25.87 MB
2026-06-13 21:37:23 - finetune_logger - INFO - Logged epoch 1 info to /public/home/202411094934/python_project/Spatio-Temporal-Library/time-series/2026-06-13/crossformer/finetune20/exchange_rate/time-series/seed_0/training_log.json
[2026-06-13 21:37:23,437][finetune_logger][INFO] - Logged epoch 1 info to /public/home/202411094934/python_project/Spatio-Temporal-Library/time-series/2026-06-13/crossformer/finetune20/exchange_rate/time-series/seed_0/training_log.json
2026-06-13 21:37:23 - finetune_logger - INFO - New best model! Val loss: 0.031653
[2026-06-13 21:37:23,437][finetune_logger][INFO] - New best model! Val loss: 0.031653
2026-06-13 21:37:49 - finetune_logger - INFO - Test metrics: {'MAE': 0.027185373756845935, 'RMSE': 0.03771627649570573}
[2026-06-13 21:37:49,089][finetune_logger][INFO] - Test metrics: {'MAE': 0.027185373756845935, 'RMSE': 0.03771627649570573}
2026-06-13 21:37:49 - finetune_logger - INFO - Test time: 25.45s
[2026-06-13 21:37:49,089][finetune_logger][INFO] - Test time: 25.45s
2026-06-13 21:37:49 - finetune_logger - INFO - Test memory reserved: 44.00 MB
[2026-06-13 21:37:49,089][finetune_logger][INFO] - Test memory reserved: 44.00 MB
2026-06-13 21:37:49 - finetune_logger - INFO - Test memory allocated: 25.87 MB
[2026-06-13 21:37:49,089][finetune_logger][INFO] - Test memory allocated: 25.87 MB
2026-06-13 21:37:49 - finetune_logger - INFO - Epoch 2/20
[2026-06-13 21:37:49,089][finetune_logger][INFO] - Epoch 2/20
2026-06-13 21:43:15 - finetune_logger - INFO - Train loss: 0.03613550186818854
[2026-06-13 21:43:15,109][finetune_logger][INFO] - Train loss: 0.03613550186818854
2026-06-13 21:43:15 - finetune_logger - INFO - Train time: 326.0187702178955s
[2026-06-13 21:43:15,109][finetune_logger][INFO] - Train time: 326.0187702178955s
2026-06-13 21:43:15 - finetune_logger - INFO - Train memory reserved: 44.00 MB
[2026-06-13 21:43:15,109][finetune_logger][INFO] - Train memory reserved: 44.00 MB
2026-06-13 21:43:15 - finetune_logger - INFO - Train memory allocated: 25.87 MB
[2026-06-13 21:43:15,110][finetune_logger][INFO] - Train memory allocated: 25.87 MB
2026-06-13 21:43:15 - finetune_logger - INFO - Current learning rate: 0.0005
[2026-06-13 21:43:15,110][finetune_logger][INFO] - Current learning rate: 0.0005
2026-06-13 21:43:25 - finetune_logger - INFO - Validation metrics: {'MAE': 0.030259164039112215, 'RMSE': 0.0415156624811307}
[2026-06-13 21:43:25,677][finetune_logger][INFO] - Validation metrics: {'MAE': 0.030259164039112215, 'RMSE': 0.0415156624811307}
2026-06-13 21:43:25 - finetune_logger - INFO - Val time: 10.57s
[2026-06-13 21:43:25,677][finetune_logger][INFO] - Val time: 10.57s
2026-06-13 21:43:25 - finetune_logger - INFO - Val memory reserved: 44.00 MB
[2026-06-13 21:43:25,678][finetune_logger][INFO] - Val memory reserved: 44.00 MB
2026-06-13 21:43:25 - finetune_logger - INFO - Val memory allocated: 25.87 MB
[2026-06-13 21:43:25,678][finetune_logger][INFO] - Val memory allocated: 25.87 MB
2026-06-13 21:43:25 - finetune_logger - INFO - Logged epoch 2 info to /public/home/202411094934/python_project/Spatio-Temporal-Library/time-series/2026-06-13/crossformer/finetune20/exchange_rate/time-series/seed_0/training_log.json
[2026-06-13 21:43:25,681][finetune_logger][INFO] - Logged epoch 2 info to /public/home/202411094934/python_project/Spatio-Temporal-Library/time-series/2026-06-13/crossformer/finetune20/exchange_rate/time-series/seed_0/training_log.json
2026-06-13 21:43:25 - finetune_logger - INFO - New best model! Val loss: 0.030259
[2026-06-13 21:43:25,681][finetune_logger][INFO] - New best model! Val loss: 0.030259
2026-06-13 21:43:51 - finetune_logger - INFO - Test metrics: {'MAE': 0.02816213117146134, 'RMSE': 0.03838794742846466}
[2026-06-13 21:43:51,560][finetune_logger][INFO] - Test metrics: {'MAE': 0.02816213117146134, 'RMSE': 0.03838794742846466}
2026-06-13 21:43:51 - finetune_logger - INFO - Test time: 25.68s
[2026-06-13 21:43:51,560][finetune_logger][INFO] - Test time: 25.68s
2026-06-13 21:43:51 - finetune_logger - INFO - Test memory reserved: 44.00 MB
[2026-06-13 21:43:51,560][finetune_logger][INFO] - Test memory reserved: 44.00 MB
2026-06-13 21:43:51 - finetune_logger - INFO - Test memory allocated: 25.87 MB
[2026-06-13 21:43:51,560][finetune_logger][INFO] - Test memory allocated: 25.87 MB
2026-06-13 21:43:51 - finetune_logger - INFO - Epoch 3/20
[2026-06-13 21:43:51,560][finetune_logger][INFO] - Epoch 3/20
2026-06-13 21:49:17 - finetune_logger - INFO - Train loss: 0.030785766963462233
[2026-06-13 21:49:17,322][finetune_logger][INFO] - Train loss: 0.030785766963462233
2026-06-13 21:49:17 - finetune_logger - INFO - Train time: 325.7603416442871s
[2026-06-13 21:49:17,322][finetune_logger][INFO] - Train time: 325.7603416442871s
2026-06-13 21:49:17 - finetune_logger - INFO - Train memory reserved: 44.00 MB
[2026-06-13 21:49:17,322][finetune_logger][INFO] - Train memory reserved: 44.00 MB
2026-06-13 21:49:17 - finetune_logger - INFO - Train memory allocated: 25.87 MB
[2026-06-13 21:49:17,322][finetune_logger][INFO] - Train memory allocated: 25.87 MB
2026-06-13 21:49:17 - finetune_logger - INFO - Current learning rate: 0.0005
[2026-06-13 21:49:17,322][finetune_logger][INFO] - Current learning rate: 0.0005
2026-06-13 21:49:28 - finetune_logger - INFO - Validation metrics: {'MAE': 0.030949875882736056, 'RMSE': 0.041625403123306}
[2026-06-13 21:49:28,053][finetune_logger][INFO] - Validation metrics: {'MAE': 0.030949875882736056, 'RMSE': 0.041625403123306}
2026-06-13 21:49:28 - finetune_logger - INFO - Val time: 10.73s
[2026-06-13 21:49:28,053][finetune_logger][INFO] - Val time: 10.73s
2026-06-13 21:49:28 - finetune_logger - INFO - Val memory reserved: 44.00 MB
[2026-06-13 21:49:28,053][finetune_logger][INFO] - Val memory reserved: 44.00 MB
2026-06-13 21:49:28 - finetune_logger - INFO - Val memory allocated: 25.87 MB
[2026-06-13 21:49:28,053][finetune_logger][INFO] - Val memory allocated: 25.87 MB
2026-06-13 21:49:28 - finetune_logger - INFO - Logged epoch 3 info to /public/home/202411094934/python_project/Spatio-Temporal-Library/time-series/2026-06-13/crossformer/finetune20/exchange_rate/time-series/seed_0/training_log.json
[2026-06-13 21:49:28,056][finetune_logger][INFO] - Logged epoch 3 info to /public/home/202411094934/python_project/Spatio-Temporal-Library/time-series/2026-06-13/crossformer/finetune20/exchange_rate/time-series/seed_0/training_log.json
2026-06-13 21:49:53 - finetune_logger - INFO - Test metrics: {'MAE': 0.02782738431286113, 'RMSE': 0.03751664284080303}
[2026-06-13 21:49:53,768][finetune_logger][INFO] - Test metrics: {'MAE': 0.02782738431286113, 'RMSE': 0.03751664284080303}
2026-06-13 21:49:53 - finetune_logger - INFO - Test time: 25.71s
[2026-06-13 21:49:53,769][finetune_logger][INFO] - Test time: 25.71s
2026-06-13 21:49:53 - finetune_logger - INFO - Test memory reserved: 44.00 MB
[2026-06-13 21:49:53,769][finetune_logger][INFO] - Test memory reserved: 44.00 MB
2026-06-13 21:49:53 - finetune_logger - INFO - Test memory allocated: 25.87 MB
[2026-06-13 21:49:53,769][finetune_logger][INFO] - Test memory allocated: 25.87 MB
2026-06-13 21:49:53 - finetune_logger - INFO - Epoch 4/20
[2026-06-13 21:49:53,769][finetune_logger][INFO] - Epoch 4/20
2026-06-13 21:55:18 - finetune_logger - INFO - Train loss: 0.028666739541222324
[2026-06-13 21:55:18,738][finetune_logger][INFO] - Train loss: 0.028666739541222324
2026-06-13 21:55:18 - finetune_logger - INFO - Train time: 324.9682388305664s
[2026-06-13 21:55:18,738][finetune_logger][INFO] - Train time: 324.9682388305664s
2026-06-13 21:55:18 - finetune_logger - INFO - Train memory reserved: 44.00 MB
[2026-06-13 21:55:18,738][finetune_logger][INFO] - Train memory reserved: 44.00 MB
2026-06-13 21:55:18 - finetune_logger - INFO - Train memory allocated: 25.87 MB
[2026-06-13 21:55:18,739][finetune_logger][INFO] - Train memory allocated: 25.87 MB
2026-06-13 21:55:18 - finetune_logger - INFO - Current learning rate: 0.0005
[2026-06-13 21:55:18,739][finetune_logger][INFO] - Current learning rate: 0.0005
2026-06-13 21:55:29 - finetune_logger - INFO - Validation metrics: {'MAE': 0.02852077257799103, 'RMSE': 0.03921079186807804}
[2026-06-13 21:55:29,433][finetune_logger][INFO] - Validation metrics: {'MAE': 0.02852077257799103, 'RMSE': 0.03921079186807804}
2026-06-13 21:55:29 - finetune_logger - INFO - Val time: 10.69s
[2026-06-13 21:55:29,433][finetune_logger][INFO] - Val time: 10.69s
2026-06-13 21:55:29 - finetune_logger - INFO - Val memory reserved: 44.00 MB
[2026-06-13 21:55:29,433][finetune_logger][INFO] - Val memory reserved: 44.00 MB
2026-06-13 21:55:29 - finetune_logger - INFO - Val memory allocated: 25.87 MB
[2026-06-13 21:55:29,433][finetune_logger][INFO] - Val memory allocated: 25.87 MB
2026-06-13 21:55:29 - finetune_logger - INFO - Logged epoch 4 info to /public/home/202411094934/python_project/Spatio-Temporal-Library/time-series/2026-06-13/crossformer/finetune20/exchange_rate/time-series/seed_0/training_log.json
[2026-06-13 21:55:29,436][finetune_logger][INFO] - Logged epoch 4 info to /public/home/202411094934/python_project/Spatio-Temporal-Library/time-series/2026-06-13/crossformer/finetune20/exchange_rate/time-series/seed_0/training_log.json
2026-06-13 21:55:29 - finetune_logger - INFO - New best model! Val loss: 0.028521
[2026-06-13 21:55:29,436][finetune_logger][INFO] - New best model! Val loss: 0.028521
2026-06-13 21:55:55 - finetune_logger - INFO - Test metrics: {'MAE': 0.02572555759703576, 'RMSE': 0.035236581460030385}
[2026-06-13 21:55:55,269][finetune_logger][INFO] - Test metrics: {'MAE': 0.02572555759703576, 'RMSE': 0.035236581460030385}
2026-06-13 21:55:55 - finetune_logger - INFO - Test time: 25.64s
[2026-06-13 21:55:55,269][finetune_logger][INFO] - Test time: 25.64s
2026-06-13 21:55:55 - finetune_logger - INFO - Test memory reserved: 44.00 MB
[2026-06-13 21:55:55,269][finetune_logger][INFO] - Test memory reserved: 44.00 MB
2026-06-13 21:55:55 - finetune_logger - INFO - Test memory allocated: 25.87 MB
[2026-06-13 21:55:55,270][finetune_logger][INFO] - Test memory allocated: 25.87 MB
2026-06-13 21:55:55 - finetune_logger - INFO - Epoch 5/20
[2026-06-13 21:55:55,270][finetune_logger][INFO] - Epoch 5/20
2026-06-13 22:01:21 - finetune_logger - INFO - Train loss: 0.027668905893526257
[2026-06-13 22:01:21,107][finetune_logger][INFO] - Train loss: 0.027668905893526257
2026-06-13 22:01:21 - finetune_logger - INFO - Train time: 325.8370246887207s
[2026-06-13 22:01:21,108][finetune_logger][INFO] - Train time: 325.8370246887207s
2026-06-13 22:01:21 - finetune_logger - INFO - Train memory reserved: 44.00 MB
[2026-06-13 22:01:21,108][finetune_logger][INFO] - Train memory reserved: 44.00 MB
2026-06-13 22:01:21 - finetune_logger - INFO - Train memory allocated: 25.87 MB
[2026-06-13 22:01:21,108][finetune_logger][INFO] - Train memory allocated: 25.87 MB
2026-06-13 22:01:21 - finetune_logger - INFO - Current learning rate: 0.0005
[2026-06-13 22:01:21,108][finetune_logger][INFO] - Current learning rate: 0.0005
2026-06-13 22:01:31 - finetune_logger - INFO - Validation metrics: {'MAE': 0.0303491737849077, 'RMSE': 0.04169666620108409}
[2026-06-13 22:01:31,810][finetune_logger][INFO] - Validation metrics: {'MAE': 0.0303491737849077, 'RMSE': 0.04169666620108409}
2026-06-13 22:01:31 - finetune_logger - INFO - Val time: 10.70s
[2026-06-13 22:01:31,810][finetune_logger][INFO] - Val time: 10.70s
2026-06-13 22:01:31 - finetune_logger - INFO - Val memory reserved: 44.00 MB
[2026-06-13 22:01:31,810][finetune_logger][INFO] - Val memory reserved: 44.00 MB
2026-06-13 22:01:31 - finetune_logger - INFO - Val memory allocated: 25.87 MB
[2026-06-13 22:01:31,810][finetune_logger][INFO] - Val memory allocated: 25.87 MB
2026-06-13 22:01:31 - finetune_logger - INFO - Logged epoch 5 info to /public/home/202411094934/python_project/Spatio-Temporal-Library/time-series/2026-06-13/crossformer/finetune20/exchange_rate/time-series/seed_0/training_log.json
[2026-06-13 22:01:31,813][finetune_logger][INFO] - Logged epoch 5 info to /public/home/202411094934/python_project/Spatio-Temporal-Library/time-series/2026-06-13/crossformer/finetune20/exchange_rate/time-series/seed_0/training_log.json
2026-06-13 22:01:57 - finetune_logger - INFO - Test metrics: {'MAE': 0.02430905559530499, 'RMSE': 0.0336158909478308}
[2026-06-13 22:01:57,438][finetune_logger][INFO] - Test metrics: {'MAE': 0.02430905559530499, 'RMSE': 0.0336158909478308}
2026-06-13 22:01:57 - finetune_logger - INFO - Test time: 25.62s
[2026-06-13 22:01:57,438][finetune_logger][INFO] - Test time: 25.62s
2026-06-13 22:01:57 - finetune_logger - INFO - Test memory reserved: 44.00 MB
[2026-06-13 22:01:57,438][finetune_logger][INFO] - Test memory reserved: 44.00 MB
2026-06-13 22:01:57 - finetune_logger - INFO - Test memory allocated: 25.87 MB
[2026-06-13 22:01:57,438][finetune_logger][INFO] - Test memory allocated: 25.87 MB
2026-06-13 22:01:57 - finetune_logger - INFO - Epoch 6/20
[2026-06-13 22:01:57,438][finetune_logger][INFO] - Epoch 6/20
2026-06-13 22:07:23 - finetune_logger - INFO - Train loss: 0.025777485241333838
[2026-06-13 22:07:23,432][finetune_logger][INFO] - Train loss: 0.025777485241333838
2026-06-13 22:07:23 - finetune_logger - INFO - Train time: 325.99302315711975s
[2026-06-13 22:07:23,433][finetune_logger][INFO] - Train time: 325.99302315711975s
2026-06-13 22:07:23 - finetune_logger - INFO - Train memory reserved: 44.00 MB
[2026-06-13 22:07:23,433][finetune_logger][INFO] - Train memory reserved: 44.00 MB
2026-06-13 22:07:23 - finetune_logger - INFO - Train memory allocated: 25.87 MB
[2026-06-13 22:07:23,433][finetune_logger][INFO] - Train memory allocated: 25.87 MB
2026-06-13 22:07:23 - finetune_logger - INFO - Current learning rate: 0.0005
[2026-06-13 22:07:23,433][finetune_logger][INFO] - Current learning rate: 0.0005
2026-06-13 22:07:34 - finetune_logger - INFO - Validation metrics: {'MAE': 0.03137656393096175, 'RMSE': 0.042524233752969}
[2026-06-13 22:07:34,103][finetune_logger][INFO] - Validation metrics: {'MAE': 0.03137656393096175, 'RMSE': 0.042524233752969}
2026-06-13 22:07:34 - finetune_logger - INFO - Val time: 10.67s
[2026-06-13 22:07:34,103][finetune_logger][INFO] - Val time: 10.67s
2026-06-13 22:07:34 - finetune_logger - INFO - Val memory reserved: 44.00 MB
[2026-06-13 22:07:34,103][finetune_logger][INFO] - Val memory reserved: 44.00 MB
2026-06-13 22:07:34 - finetune_logger - INFO - Val memory allocated: 25.87 MB
[2026-06-13 22:07:34,103][finetune_logger][INFO] - Val memory allocated: 25.87 MB
2026-06-13 22:07:34 - finetune_logger - INFO - Logged epoch 6 info to /public/home/202411094934/python_project/Spatio-Temporal-Library/time-series/2026-06-13/crossformer/finetune20/exchange_rate/time-series/seed_0/training_log.json
[2026-06-13 22:07:34,107][finetune_logger][INFO] - Logged epoch 6 info to /public/home/202411094934/python_project/Spatio-Temporal-Library/time-series/2026-06-13/crossformer/finetune20/exchange_rate/time-series/seed_0/training_log.json
2026-06-13 22:07:59 - finetune_logger - INFO - Test metrics: {'MAE': 0.023903375635913823, 'RMSE': 0.03361572739903961}
[2026-06-13 22:07:59,741][finetune_logger][INFO] - Test metrics: {'MAE': 0.023903375635913823, 'RMSE': 0.03361572739903961}
2026-06-13 22:07:59 - finetune_logger - INFO - Test time: 25.63s
[2026-06-13 22:07:59,741][finetune_logger][INFO] - Test time: 25.63s
2026-06-13 22:07:59 - finetune_logger - INFO - Test memory reserved: 44.00 MB
[2026-06-13 22:07:59,741][finetune_logger][INFO] - Test memory reserved: 44.00 MB
2026-06-13 22:07:59 - finetune_logger - INFO - Test memory allocated: 25.87 MB
[2026-06-13 22:07:59,742][finetune_logger][INFO] - Test memory allocated: 25.87 MB
2026-06-13 22:07:59 - finetune_logger - INFO - Epoch 7/20
[2026-06-13 22:07:59,742][finetune_logger][INFO] - Epoch 7/20
2026-06-13 22:13:26 - finetune_logger - INFO - Train loss: 0.024500350237424532
[2026-06-13 22:13:26,028][finetune_logger][INFO] - Train loss: 0.024500350237424532
2026-06-13 22:13:26 - finetune_logger - INFO - Train time: 326.28586196899414s
[2026-06-13 22:13:26,029][finetune_logger][INFO] - Train time: 326.28586196899414s
2026-06-13 22:13:26 - finetune_logger - INFO - Train memory reserved: 44.00 MB
[2026-06-13 22:13:26,029][finetune_logger][INFO] - Train memory reserved: 44.00 MB
2026-06-13 22:13:26 - finetune_logger - INFO - Train memory allocated: 25.87 MB
[2026-06-13 22:13:26,029][finetune_logger][INFO] - Train memory allocated: 25.87 MB
2026-06-13 22:13:26 - finetune_logger - INFO - Current learning rate: 0.0005
[2026-06-13 22:13:26,029][finetune_logger][INFO] - Current learning rate: 0.0005
2026-06-13 22:13:36 - finetune_logger - INFO - Validation metrics: {'MAE': 0.031033858819818405, 'RMSE': 0.042494229990877874}
[2026-06-13 22:13:36,719][finetune_logger][INFO] - Validation metrics: {'MAE': 0.031033858819818405, 'RMSE': 0.042494229990877874}
2026-06-13 22:13:36 - finetune_logger - INFO - Val time: 10.69s
[2026-06-13 22:13:36,719][finetune_logger][INFO] - Val time: 10.69s
2026-06-13 22:13:36 - finetune_logger - INFO - Val memory reserved: 44.00 MB
[2026-06-13 22:13:36,720][finetune_logger][INFO] - Val memory reserved: 44.00 MB
2026-06-13 22:13:36 - finetune_logger - INFO - Val memory allocated: 25.87 MB
[2026-06-13 22:13:36,720][finetune_logger][INFO] - Val memory allocated: 25.87 MB
2026-06-13 22:13:36 - finetune_logger - INFO - Logged epoch 7 info to /public/home/202411094934/python_project/Spatio-Temporal-Library/time-series/2026-06-13/crossformer/finetune20/exchange_rate/time-series/seed_0/training_log.json
[2026-06-13 22:13:36,723][finetune_logger][INFO] - Logged epoch 7 info to /public/home/202411094934/python_project/Spatio-Temporal-Library/time-series/2026-06-13/crossformer/finetune20/exchange_rate/time-series/seed_0/training_log.json
2026-06-13 22:14:02 - finetune_logger - INFO - Test metrics: {'MAE': 0.022747592699914426, 'RMSE': 0.03219761523857264}
[2026-06-13 22:14:02,293][finetune_logger][INFO] - Test metrics: {'MAE': 0.022747592699914426, 'RMSE': 0.03219761523857264}
2026-06-13 22:14:02 - finetune_logger - INFO - Test time: 25.57s
[2026-06-13 22:14:02,293][finetune_logger][INFO] - Test time: 25.57s
2026-06-13 22:14:02 - finetune_logger - INFO - Test memory reserved: 44.00 MB
[2026-06-13 22:14:02,293][finetune_logger][INFO] - Test memory reserved: 44.00 MB
2026-06-13 22:14:02 - finetune_logger - INFO - Test memory allocated: 25.87 MB
[2026-06-13 22:14:02,293][finetune_logger][INFO] - Test memory allocated: 25.87 MB
2026-06-13 22:14:02 - finetune_logger - INFO - Epoch 8/20
[2026-06-13 22:14:02,294][finetune_logger][INFO] - Epoch 8/20
2026-06-13 22:19:28 - finetune_logger - INFO - Train loss: 0.023999412465049125
[2026-06-13 22:19:28,649][finetune_logger][INFO] - Train loss: 0.023999412465049125
2026-06-13 22:19:28 - finetune_logger - INFO - Train time: 326.354163646698s
[2026-06-13 22:19:28,649][finetune_logger][INFO] - Train time: 326.354163646698s
2026-06-13 22:19:28 - finetune_logger - INFO - Train memory reserved: 44.00 MB
[2026-06-13 22:19:28,649][finetune_logger][INFO] - Train memory reserved: 44.00 MB
2026-06-13 22:19:28 - finetune_logger - INFO - Train memory allocated: 25.87 MB
[2026-06-13 22:19:28,649][finetune_logger][INFO] - Train memory allocated: 25.87 MB
2026-06-13 22:19:28 - finetune_logger - INFO - Current learning rate: 0.0005
[2026-06-13 22:19:28,649][finetune_logger][INFO] - Current learning rate: 0.0005
2026-06-13 22:19:39 - finetune_logger - INFO - Validation metrics: {'MAE': 0.030507753119909532, 'RMSE': 0.04204102713340678}
[2026-06-13 22:19:39,311][finetune_logger][INFO] - Validation metrics: {'MAE': 0.030507753119909532, 'RMSE': 0.04204102713340678}
2026-06-13 22:19:39 - finetune_logger - INFO - Val time: 10.66s
[2026-06-13 22:19:39,311][finetune_logger][INFO] - Val time: 10.66s
2026-06-13 22:19:39 - finetune_logger - INFO - Val memory reserved: 44.00 MB
[2026-06-13 22:19:39,311][finetune_logger][INFO] - Val memory reserved: 44.00 MB
2026-06-13 22:19:39 - finetune_logger - INFO - Val memory allocated: 25.87 MB
[2026-06-13 22:19:39,311][finetune_logger][INFO] - Val memory allocated: 25.87 MB
2026-06-13 22:19:39 - finetune_logger - INFO - Logged epoch 8 info to /public/home/202411094934/python_project/Spatio-Temporal-Library/time-series/2026-06-13/crossformer/finetune20/exchange_rate/time-series/seed_0/training_log.json
[2026-06-13 22:19:39,314][finetune_logger][INFO] - Logged epoch 8 info to /public/home/202411094934/python_project/Spatio-Temporal-Library/time-series/2026-06-13/crossformer/finetune20/exchange_rate/time-series/seed_0/training_log.json
2026-06-13 22:20:04 - finetune_logger - INFO - Test metrics: {'MAE': 0.023705841229250034, 'RMSE': 0.033262968576908115}
[2026-06-13 22:20:04,991][finetune_logger][INFO] - Test metrics: {'MAE': 0.023705841229250034, 'RMSE': 0.033262968576908115}
2026-06-13 22:20:04 - finetune_logger - INFO - Test time: 25.68s
[2026-06-13 22:20:04,991][finetune_logger][INFO] - Test time: 25.68s
2026-06-13 22:20:04 - finetune_logger - INFO - Test memory reserved: 44.00 MB
[2026-06-13 22:20:04,991][finetune_logger][INFO] - Test memory reserved: 44.00 MB
2026-06-13 22:20:04 - finetune_logger - INFO - Test memory allocated: 25.87 MB
[2026-06-13 22:20:04,991][finetune_logger][INFO] - Test memory allocated: 25.87 MB
2026-06-13 22:20:04 - finetune_logger - INFO - Epoch 9/20
[2026-06-13 22:20:04,991][finetune_logger][INFO] - Epoch 9/20
2026-06-13 22:25:30 - finetune_logger - INFO - Train loss: 0.022357478442371938
[2026-06-13 22:25:30,951][finetune_logger][INFO] - Train loss: 0.022357478442371938
2026-06-13 22:25:30 - finetune_logger - INFO - Train time: 325.9587028026581s
[2026-06-13 22:25:30,951][finetune_logger][INFO] - Train time: 325.9587028026581s
2026-06-13 22:25:30 - finetune_logger - INFO - Train memory reserved: 44.00 MB
[2026-06-13 22:25:30,951][finetune_logger][INFO] - Train memory reserved: 44.00 MB
2026-06-13 22:25:30 - finetune_logger - INFO - Train memory allocated: 25.87 MB
[2026-06-13 22:25:30,951][finetune_logger][INFO] - Train memory allocated: 25.87 MB
2026-06-13 22:25:30 - finetune_logger - INFO - Current learning rate: 0.0005
[2026-06-13 22:25:30,952][finetune_logger][INFO] - Current learning rate: 0.0005
2026-06-13 22:25:41 - finetune_logger - INFO - Validation metrics: {'MAE': 0.03482946155455784, 'RMSE': 0.04620489496256322}
[2026-06-13 22:25:41,637][finetune_logger][INFO] - Validation metrics: {'MAE': 0.03482946155455784, 'RMSE': 0.04620489496256322}
2026-06-13 22:25:41 - finetune_logger - INFO - Val time: 10.69s
[2026-06-13 22:25:41,637][finetune_logger][INFO] - Val time: 10.69s
2026-06-13 22:25:41 - finetune_logger - INFO - Val memory reserved: 44.00 MB
[2026-06-13 22:25:41,638][finetune_logger][INFO] - Val memory reserved: 44.00 MB
2026-06-13 22:25:41 - finetune_logger - INFO - Val memory allocated: 25.87 MB
[2026-06-13 22:25:41,638][finetune_logger][INFO] - Val memory allocated: 25.87 MB
2026-06-13 22:25:41 - finetune_logger - INFO - Logged epoch 9 info to /public/home/202411094934/python_project/Spatio-Temporal-Library/time-series/2026-06-13/crossformer/finetune20/exchange_rate/time-series/seed_0/training_log.json
[2026-06-13 22:25:41,641][finetune_logger][INFO] - Logged epoch 9 info to /public/home/202411094934/python_project/Spatio-Temporal-Library/time-series/2026-06-13/crossformer/finetune20/exchange_rate/time-series/seed_0/training_log.json
2026-06-13 22:26:07 - finetune_logger - INFO - Test metrics: {'MAE': 0.028771263489770844, 'RMSE': 0.037849494715846005}
[2026-06-13 22:26:07,144][finetune_logger][INFO] - Test metrics: {'MAE': 0.028771263489770844, 'RMSE': 0.037849494715846005}
2026-06-13 22:26:07 - finetune_logger - INFO - Test time: 25.50s
[2026-06-13 22:26:07,145][finetune_logger][INFO] - Test time: 25.50s
2026-06-13 22:26:07 - finetune_logger - INFO - Test memory reserved: 44.00 MB
[2026-06-13 22:26:07,145][finetune_logger][INFO] - Test memory reserved: 44.00 MB
2026-06-13 22:26:07 - finetune_logger - INFO - Test memory allocated: 25.87 MB
[2026-06-13 22:26:07,145][finetune_logger][INFO] - Test memory allocated: 25.87 MB
2026-06-13 22:26:07 - finetune_logger - INFO - Epoch 10/20
[2026-06-13 22:26:07,145][finetune_logger][INFO] - Epoch 10/20
2026-06-13 22:31:33 - finetune_logger - INFO - Train loss: 0.022205877581631832
[2026-06-13 22:31:33,225][finetune_logger][INFO] - Train loss: 0.022205877581631832
2026-06-13 22:31:33 - finetune_logger - INFO - Train time: 326.0796720981598s
[2026-06-13 22:31:33,226][finetune_logger][INFO] - Train time: 326.0796720981598s
2026-06-13 22:31:33 - finetune_logger - INFO - Train memory reserved: 44.00 MB
[2026-06-13 22:31:33,226][finetune_logger][INFO] - Train memory reserved: 44.00 MB
2026-06-13 22:31:33 - finetune_logger - INFO - Train memory allocated: 25.87 MB
[2026-06-13 22:31:33,226][finetune_logger][INFO] - Train memory allocated: 25.87 MB
2026-06-13 22:31:33 - finetune_logger - INFO - Current learning rate: 0.0005
[2026-06-13 22:31:33,226][finetune_logger][INFO] - Current learning rate: 0.0005
2026-06-13 22:31:43 - finetune_logger - INFO - Validation metrics: {'MAE': 0.028252920591333528, 'RMSE': 0.04042181680738093}
[2026-06-13 22:31:43,938][finetune_logger][INFO] - Validation metrics: {'MAE': 0.028252920591333528, 'RMSE': 0.04042181680738093}
2026-06-13 22:31:43 - finetune_logger - INFO - Val time: 10.71s
[2026-06-13 22:31:43,938][finetune_logger][INFO] - Val time: 10.71s
2026-06-13 22:31:43 - finetune_logger - INFO - Val memory reserved: 44.00 MB
[2026-06-13 22:31:43,939][finetune_logger][INFO] - Val memory reserved: 44.00 MB
2026-06-13 22:31:43 - finetune_logger - INFO - Val memory allocated: 25.87 MB
[2026-06-13 22:31:43,939][finetune_logger][INFO] - Val memory allocated: 25.87 MB
2026-06-13 22:31:43 - finetune_logger - INFO - Logged epoch 10 info to /public/home/202411094934/python_project/Spatio-Temporal-Library/time-series/2026-06-13/crossformer/finetune20/exchange_rate/time-series/seed_0/training_log.json
[2026-06-13 22:31:43,942][finetune_logger][INFO] - Logged epoch 10 info to /public/home/202411094934/python_project/Spatio-Temporal-Library/time-series/2026-06-13/crossformer/finetune20/exchange_rate/time-series/seed_0/training_log.json
2026-06-13 22:31:43 - finetune_logger - INFO - New best model! Val loss: 0.028253
[2026-06-13 22:31:43,942][finetune_logger][INFO] - New best model! Val loss: 0.028253
2026-06-13 22:32:09 - finetune_logger - INFO - Test metrics: {'MAE': 0.02308851563743064, 'RMSE': 0.03345121072805667}
[2026-06-13 22:32:09,705][finetune_logger][INFO] - Test metrics: {'MAE': 0.02308851563743064, 'RMSE': 0.03345121072805667}
2026-06-13 22:32:09 - finetune_logger - INFO - Test time: 25.56s
[2026-06-13 22:32:09,706][finetune_logger][INFO] - Test time: 25.56s
2026-06-13 22:32:09 - finetune_logger - INFO - Test memory reserved: 44.00 MB
[2026-06-13 22:32:09,706][finetune_logger][INFO] - Test memory reserved: 44.00 MB
2026-06-13 22:32:09 - finetune_logger - INFO - Test memory allocated: 25.87 MB
[2026-06-13 22:32:09,706][finetune_logger][INFO] - Test memory allocated: 25.87 MB
2026-06-13 22:32:09 - finetune_logger - INFO - Epoch 11/20
[2026-06-13 22:32:09,706][finetune_logger][INFO] - Epoch 11/20
2026-06-13 22:37:35 - finetune_logger - INFO - Train loss: 0.018005869638681612
[2026-06-13 22:37:35,994][finetune_logger][INFO] - Train loss: 0.018005869638681612
2026-06-13 22:37:35 - finetune_logger - INFO - Train time: 326.2874028682709s
[2026-06-13 22:37:35,994][finetune_logger][INFO] - Train time: 326.2874028682709s
2026-06-13 22:37:35 - finetune_logger - INFO - Train memory reserved: 44.00 MB
[2026-06-13 22:37:35,995][finetune_logger][INFO] - Train memory reserved: 44.00 MB
2026-06-13 22:37:35 - finetune_logger - INFO - Train memory allocated: 25.87 MB
[2026-06-13 22:37:35,995][finetune_logger][INFO] - Train memory allocated: 25.87 MB
2026-06-13 22:37:35 - finetune_logger - INFO - Current learning rate: 0.00025
[2026-06-13 22:37:35,995][finetune_logger][INFO] - Current learning rate: 0.00025
2026-06-13 22:37:46 - finetune_logger - INFO - Validation metrics: {'MAE': 0.028836946608591273, 'RMSE': 0.042379783181321774}
[2026-06-13 22:37:46,704][finetune_logger][INFO] - Validation metrics: {'MAE': 0.028836946608591273, 'RMSE': 0.042379783181321774}
2026-06-13 22:37:46 - finetune_logger - INFO - Val time: 10.71s
[2026-06-13 22:37:46,704][finetune_logger][INFO] - Val time: 10.71s
2026-06-13 22:37:46 - finetune_logger - INFO - Val memory reserved: 44.00 MB
[2026-06-13 22:37:46,704][finetune_logger][INFO] - Val memory reserved: 44.00 MB
2026-06-13 22:37:46 - finetune_logger - INFO - Val memory allocated: 25.87 MB
[2026-06-13 22:37:46,704][finetune_logger][INFO] - Val memory allocated: 25.87 MB
2026-06-13 22:37:46 - finetune_logger - INFO - Logged epoch 11 info to /public/home/202411094934/python_project/Spatio-Temporal-Library/time-series/2026-06-13/crossformer/finetune20/exchange_rate/time-series/seed_0/training_log.json
[2026-06-13 22:37:46,708][finetune_logger][INFO] - Logged epoch 11 info to /public/home/202411094934/python_project/Spatio-Temporal-Library/time-series/2026-06-13/crossformer/finetune20/exchange_rate/time-series/seed_0/training_log.json
2026-06-13 22:38:12 - finetune_logger - INFO - Test metrics: {'MAE': 0.022797894261075986, 'RMSE': 0.03340637488614856}
[2026-06-13 22:38:12,374][finetune_logger][INFO] - Test metrics: {'MAE': 0.022797894261075986, 'RMSE': 0.03340637488614856}
2026-06-13 22:38:12 - finetune_logger - INFO - Test time: 25.67s
[2026-06-13 22:38:12,375][finetune_logger][INFO] - Test time: 25.67s
2026-06-13 22:38:12 - finetune_logger - INFO - Test memory reserved: 44.00 MB
[2026-06-13 22:38:12,375][finetune_logger][INFO] - Test memory reserved: 44.00 MB
2026-06-13 22:38:12 - finetune_logger - INFO - Test memory allocated: 25.87 MB
[2026-06-13 22:38:12,375][finetune_logger][INFO] - Test memory allocated: 25.87 MB
2026-06-13 22:38:12 - finetune_logger - INFO - Epoch 12/20
[2026-06-13 22:38:12,375][finetune_logger][INFO] - Epoch 12/20
2026-06-13 22:43:37 - finetune_logger - INFO - Train loss: 0.018057469857334946
[2026-06-13 22:43:37,921][finetune_logger][INFO] - Train loss: 0.018057469857334946
2026-06-13 22:43:37 - finetune_logger - INFO - Train time: 325.5457937717438s
[2026-06-13 22:43:37,922][finetune_logger][INFO] - Train time: 325.5457937717438s
2026-06-13 22:43:37 - finetune_logger - INFO - Train memory reserved: 44.00 MB
[2026-06-13 22:43:37,922][finetune_logger][INFO] - Train memory reserved: 44.00 MB
2026-06-13 22:43:37 - finetune_logger - INFO - Train memory allocated: 25.87 MB
[2026-06-13 22:43:37,922][finetune_logger][INFO] - Train memory allocated: 25.87 MB
2026-06-13 22:43:37 - finetune_logger - INFO - Current learning rate: 0.00025
[2026-06-13 22:43:37,922][finetune_logger][INFO] - Current learning rate: 0.00025
2026-06-13 22:43:48 - finetune_logger - INFO - Validation metrics: {'MAE': 0.02873076318168855, 'RMSE': 0.0421172423995513}
[2026-06-13 22:43:48,615][finetune_logger][INFO] - Validation metrics: {'MAE': 0.02873076318168855, 'RMSE': 0.0421172423995513}
2026-06-13 22:43:48 - finetune_logger - INFO - Val time: 10.69s
[2026-06-13 22:43:48,615][finetune_logger][INFO] - Val time: 10.69s
2026-06-13 22:43:48 - finetune_logger - INFO - Val memory reserved: 44.00 MB
[2026-06-13 22:43:48,615][finetune_logger][INFO] - Val memory reserved: 44.00 MB
2026-06-13 22:43:48 - finetune_logger - INFO - Val memory allocated: 25.87 MB
[2026-06-13 22:43:48,615][finetune_logger][INFO] - Val memory allocated: 25.87 MB
2026-06-13 22:43:48 - finetune_logger - INFO - Logged epoch 12 info to /public/home/202411094934/python_project/Spatio-Temporal-Library/time-series/2026-06-13/crossformer/finetune20/exchange_rate/time-series/seed_0/training_log.json
[2026-06-13 22:43:48,618][finetune_logger][INFO] - Logged epoch 12 info to /public/home/202411094934/python_project/Spatio-Temporal-Library/time-series/2026-06-13/crossformer/finetune20/exchange_rate/time-series/seed_0/training_log.json
2026-06-13 22:44:14 - finetune_logger - INFO - Test metrics: {'MAE': 0.023945694073851952, 'RMSE': 0.03474374853525476}
[2026-06-13 22:44:14,270][finetune_logger][INFO] - Test metrics: {'MAE': 0.023945694073851952, 'RMSE': 0.03474374853525476}
2026-06-13 22:44:14 - finetune_logger - INFO - Test time: 25.65s
[2026-06-13 22:44:14,270][finetune_logger][INFO] - Test time: 25.65s
2026-06-13 22:44:14 - finetune_logger - INFO - Test memory reserved: 44.00 MB
[2026-06-13 22:44:14,270][finetune_logger][INFO] - Test memory reserved: 44.00 MB
2026-06-13 22:44:14 - finetune_logger - INFO - Test memory allocated: 25.87 MB
[2026-06-13 22:44:14,270][finetune_logger][INFO] - Test memory allocated: 25.87 MB
2026-06-13 22:44:14 - finetune_logger - INFO - Epoch 13/20
[2026-06-13 22:44:14,271][finetune_logger][INFO] - Epoch 13/20
2026-06-13 22:49:40 - finetune_logger - INFO - Train loss: 0.017898717664529943
[2026-06-13 22:49:40,176][finetune_logger][INFO] - Train loss: 0.017898717664529943
2026-06-13 22:49:40 - finetune_logger - INFO - Train time: 325.9051148891449s
[2026-06-13 22:49:40,177][finetune_logger][INFO] - Train time: 325.9051148891449s
2026-06-13 22:49:40 - finetune_logger - INFO - Train memory reserved: 44.00 MB
[2026-06-13 22:49:40,177][finetune_logger][INFO] - Train memory reserved: 44.00 MB
2026-06-13 22:49:40 - finetune_logger - INFO - Train memory allocated: 25.87 MB
[2026-06-13 22:49:40,177][finetune_logger][INFO] - Train memory allocated: 25.87 MB
2026-06-13 22:49:40 - finetune_logger - INFO - Current learning rate: 0.00025
[2026-06-13 22:49:40,177][finetune_logger][INFO] - Current learning rate: 0.00025
2026-06-13 22:49:50 - finetune_logger - INFO - Validation metrics: {'MAE': 0.030108013610627715, 'RMSE': 0.04316951973256364}
[2026-06-13 22:49:50,896][finetune_logger][INFO] - Validation metrics: {'MAE': 0.030108013610627715, 'RMSE': 0.04316951973256364}
2026-06-13 22:49:50 - finetune_logger - INFO - Val time: 10.72s
[2026-06-13 22:49:50,897][finetune_logger][INFO] - Val time: 10.72s
2026-06-13 22:49:50 - finetune_logger - INFO - Val memory reserved: 44.00 MB
[2026-06-13 22:49:50,897][finetune_logger][INFO] - Val memory reserved: 44.00 MB
2026-06-13 22:49:50 - finetune_logger - INFO - Val memory allocated: 25.87 MB
[2026-06-13 22:49:50,897][finetune_logger][INFO] - Val memory allocated: 25.87 MB
2026-06-13 22:49:50 - finetune_logger - INFO - Logged epoch 13 info to /public/home/202411094934/python_project/Spatio-Temporal-Library/time-series/2026-06-13/crossformer/finetune20/exchange_rate/time-series/seed_0/training_log.json
[2026-06-13 22:49:50,900][finetune_logger][INFO] - Logged epoch 13 info to /public/home/202411094934/python_project/Spatio-Temporal-Library/time-series/2026-06-13/crossformer/finetune20/exchange_rate/time-series/seed_0/training_log.json
2026-06-13 22:50:16 - finetune_logger - INFO - Test metrics: {'MAE': 0.024906703456646858, 'RMSE': 0.03521364769983832}
[2026-06-13 22:50:16,638][finetune_logger][INFO] - Test metrics: {'MAE': 0.024906703456646858, 'RMSE': 0.03521364769983832}
2026-06-13 22:50:16 - finetune_logger - INFO - Test time: 25.74s
[2026-06-13 22:50:16,639][finetune_logger][INFO] - Test time: 25.74s
2026-06-13 22:50:16 - finetune_logger - INFO - Test memory reserved: 44.00 MB
[2026-06-13 22:50:16,639][finetune_logger][INFO] - Test memory reserved: 44.00 MB
2026-06-13 22:50:16 - finetune_logger - INFO - Test memory allocated: 25.87 MB
[2026-06-13 22:50:16,639][finetune_logger][INFO] - Test memory allocated: 25.87 MB
2026-06-13 22:50:16 - finetune_logger - INFO - Epoch 14/20
[2026-06-13 22:50:16,639][finetune_logger][INFO] - Epoch 14/20
2026-06-13 22:55:42 - finetune_logger - INFO - Train loss: 0.01739826492885656
[2026-06-13 22:55:42,144][finetune_logger][INFO] - Train loss: 0.01739826492885656
2026-06-13 22:55:42 - finetune_logger - INFO - Train time: 325.50426268577576s
[2026-06-13 22:55:42,144][finetune_logger][INFO] - Train time: 325.50426268577576s
2026-06-13 22:55:42 - finetune_logger - INFO - Train memory reserved: 44.00 MB
[2026-06-13 22:55:42,145][finetune_logger][INFO] - Train memory reserved: 44.00 MB
2026-06-13 22:55:42 - finetune_logger - INFO - Train memory allocated: 25.87 MB
[2026-06-13 22:55:42,145][finetune_logger][INFO] - Train memory allocated: 25.87 MB
2026-06-13 22:55:42 - finetune_logger - INFO - Current learning rate: 0.00025
[2026-06-13 22:55:42,145][finetune_logger][INFO] - Current learning rate: 0.00025
2026-06-13 22:55:52 - finetune_logger - INFO - Validation metrics: {'MAE': 0.031263211664279006, 'RMSE': 0.04391427517352}
[2026-06-13 22:55:52,873][finetune_logger][INFO] - Validation metrics: {'MAE': 0.031263211664279006, 'RMSE': 0.04391427517352}
2026-06-13 22:55:52 - finetune_logger - INFO - Val time: 10.73s
[2026-06-13 22:55:52,873][finetune_logger][INFO] - Val time: 10.73s
2026-06-13 22:55:52 - finetune_logger - INFO - Val memory reserved: 44.00 MB
[2026-06-13 22:55:52,873][finetune_logger][INFO] - Val memory reserved: 44.00 MB
2026-06-13 22:55:52 - finetune_logger - INFO - Val memory allocated: 25.87 MB
[2026-06-13 22:55:52,873][finetune_logger][INFO] - Val memory allocated: 25.87 MB
2026-06-13 22:55:52 - finetune_logger - INFO - Logged epoch 14 info to /public/home/202411094934/python_project/Spatio-Temporal-Library/time-series/2026-06-13/crossformer/finetune20/exchange_rate/time-series/seed_0/training_log.json
[2026-06-13 22:55:52,876][finetune_logger][INFO] - Logged epoch 14 info to /public/home/202411094934/python_project/Spatio-Temporal-Library/time-series/2026-06-13/crossformer/finetune20/exchange_rate/time-series/seed_0/training_log.json
2026-06-13 22:56:18 - finetune_logger - INFO - Test metrics: {'MAE': 0.02457804426542021, 'RMSE': 0.0346330250650232}
[2026-06-13 22:56:18,580][finetune_logger][INFO] - Test metrics: {'MAE': 0.02457804426542021, 'RMSE': 0.0346330250650232}
2026-06-13 22:56:18 - finetune_logger - INFO - Test time: 25.70s
[2026-06-13 22:56:18,580][finetune_logger][INFO] - Test time: 25.70s
2026-06-13 22:56:18 - finetune_logger - INFO - Test memory reserved: 44.00 MB
[2026-06-13 22:56:18,580][finetune_logger][INFO] - Test memory reserved: 44.00 MB
2026-06-13 22:56:18 - finetune_logger - INFO - Test memory allocated: 25.87 MB
[2026-06-13 22:56:18,580][finetune_logger][INFO] - Test memory allocated: 25.87 MB
2026-06-13 22:56:18 - finetune_logger - INFO - Epoch 15/20
[2026-06-13 22:56:18,581][finetune_logger][INFO] - Epoch 15/20
2026-06-13 23:01:44 - finetune_logger - INFO - Train loss: 0.017192577049091898
[2026-06-13 23:01:44,284][finetune_logger][INFO] - Train loss: 0.017192577049091898
2026-06-13 23:01:44 - finetune_logger - INFO - Train time: 325.7030692100525s
[2026-06-13 23:01:44,285][finetune_logger][INFO] - Train time: 325.7030692100525s
2026-06-13 23:01:44 - finetune_logger - INFO - Train memory reserved: 44.00 MB
[2026-06-13 23:01:44,285][finetune_logger][INFO] - Train memory reserved: 44.00 MB
2026-06-13 23:01:44 - finetune_logger - INFO - Train memory allocated: 25.87 MB
[2026-06-13 23:01:44,285][finetune_logger][INFO] - Train memory allocated: 25.87 MB
2026-06-13 23:01:44 - finetune_logger - INFO - Current learning rate: 0.00025
[2026-06-13 23:01:44,285][finetune_logger][INFO] - Current learning rate: 0.00025
2026-06-13 23:01:55 - finetune_logger - INFO - Validation metrics: {'MAE': 0.02978088813380265, 'RMSE': 0.043347483471213706}
[2026-06-13 23:01:55,033][finetune_logger][INFO] - Validation metrics: {'MAE': 0.02978088813380265, 'RMSE': 0.043347483471213706}
2026-06-13 23:01:55 - finetune_logger - INFO - Val time: 10.75s
[2026-06-13 23:01:55,034][finetune_logger][INFO] - Val time: 10.75s
2026-06-13 23:01:55 - finetune_logger - INFO - Val memory reserved: 44.00 MB
[2026-06-13 23:01:55,034][finetune_logger][INFO] - Val memory reserved: 44.00 MB
2026-06-13 23:01:55 - finetune_logger - INFO - Val memory allocated: 25.87 MB
[2026-06-13 23:01:55,034][finetune_logger][INFO] - Val memory allocated: 25.87 MB
2026-06-13 23:01:55 - finetune_logger - INFO - Logged epoch 15 info to /public/home/202411094934/python_project/Spatio-Temporal-Library/time-series/2026-06-13/crossformer/finetune20/exchange_rate/time-series/seed_0/training_log.json
[2026-06-13 23:01:55,037][finetune_logger][INFO] - Logged epoch 15 info to /public/home/202411094934/python_project/Spatio-Temporal-Library/time-series/2026-06-13/crossformer/finetune20/exchange_rate/time-series/seed_0/training_log.json
2026-06-13 23:02:20 - finetune_logger - INFO - Test metrics: {'MAE': 0.023886583505280893, 'RMSE': 0.03470916443362932}
[2026-06-13 23:02:20,681][finetune_logger][INFO] - Test metrics: {'MAE': 0.023886583505280893, 'RMSE': 0.03470916443362932}
2026-06-13 23:02:20 - finetune_logger - INFO - Test time: 25.64s
[2026-06-13 23:02:20,682][finetune_logger][INFO] - Test time: 25.64s
2026-06-13 23:02:20 - finetune_logger - INFO - Test memory reserved: 44.00 MB
[2026-06-13 23:02:20,682][finetune_logger][INFO] - Test memory reserved: 44.00 MB
2026-06-13 23:02:20 - finetune_logger - INFO - Test memory allocated: 25.87 MB
[2026-06-13 23:02:20,682][finetune_logger][INFO] - Test memory allocated: 25.87 MB
2026-06-13 23:02:20 - finetune_logger - INFO - Epoch 16/20
[2026-06-13 23:02:20,682][finetune_logger][INFO] - Epoch 16/20
2026-06-13 23:07:45 - finetune_logger - INFO - Train loss: 0.01636477627941033
[2026-06-13 23:07:45,860][finetune_logger][INFO] - Train loss: 0.01636477627941033
2026-06-13 23:07:45 - finetune_logger - INFO - Train time: 325.1770439147949s
[2026-06-13 23:07:45,860][finetune_logger][INFO] - Train time: 325.1770439147949s
2026-06-13 23:07:45 - finetune_logger - INFO - Train memory reserved: 44.00 MB
[2026-06-13 23:07:45,860][finetune_logger][INFO] - Train memory reserved: 44.00 MB
2026-06-13 23:07:45 - finetune_logger - INFO - Train memory allocated: 25.87 MB
[2026-06-13 23:07:45,860][finetune_logger][INFO] - Train memory allocated: 25.87 MB
2026-06-13 23:07:45 - finetune_logger - INFO - Current learning rate: 0.00025
[2026-06-13 23:07:45,861][finetune_logger][INFO] - Current learning rate: 0.00025
2026-06-13 23:07:56 - finetune_logger - INFO - Validation metrics: {'MAE': 0.029189896419881355, 'RMSE': 0.04284110010988553}
[2026-06-13 23:07:56,535][finetune_logger][INFO] - Validation metrics: {'MAE': 0.029189896419881355, 'RMSE': 0.04284110010988553}
2026-06-13 23:07:56 - finetune_logger - INFO - Val time: 10.67s
[2026-06-13 23:07:56,535][finetune_logger][INFO] - Val time: 10.67s
2026-06-13 23:07:56 - finetune_logger - INFO - Val memory reserved: 44.00 MB
[2026-06-13 23:07:56,536][finetune_logger][INFO] - Val memory reserved: 44.00 MB
2026-06-13 23:07:56 - finetune_logger - INFO - Val memory allocated: 25.87 MB
[2026-06-13 23:07:56,536][finetune_logger][INFO] - Val memory allocated: 25.87 MB
2026-06-13 23:07:56 - finetune_logger - INFO - Logged epoch 16 info to /public/home/202411094934/python_project/Spatio-Temporal-Library/time-series/2026-06-13/crossformer/finetune20/exchange_rate/time-series/seed_0/training_log.json
[2026-06-13 23:07:56,539][finetune_logger][INFO] - Logged epoch 16 info to /public/home/202411094934/python_project/Spatio-Temporal-Library/time-series/2026-06-13/crossformer/finetune20/exchange_rate/time-series/seed_0/training_log.json
2026-06-13 23:08:22 - finetune_logger - INFO - Test metrics: {'MAE': 0.024843858012670163, 'RMSE': 0.036530078716628986}
[2026-06-13 23:08:22,397][finetune_logger][INFO] - Test metrics: {'MAE': 0.024843858012670163, 'RMSE': 0.036530078716628986}
2026-06-13 23:08:22 - finetune_logger - INFO - Test time: 25.86s
[2026-06-13 23:08:22,398][finetune_logger][INFO] - Test time: 25.86s
2026-06-13 23:08:22 - finetune_logger - INFO - Test memory reserved: 44.00 MB
[2026-06-13 23:08:22,398][finetune_logger][INFO] - Test memory reserved: 44.00 MB
2026-06-13 23:08:22 - finetune_logger - INFO - Test memory allocated: 25.87 MB
[2026-06-13 23:08:22,398][finetune_logger][INFO] - Test memory allocated: 25.87 MB
2026-06-13 23:08:22 - finetune_logger - INFO - Epoch 17/20
[2026-06-13 23:08:22,398][finetune_logger][INFO] - Epoch 17/20
2026-06-13 23:13:48 - finetune_logger - INFO - Train loss: 0.01563758180971124
[2026-06-13 23:13:48,631][finetune_logger][INFO] - Train loss: 0.01563758180971124
2026-06-13 23:13:48 - finetune_logger - INFO - Train time: 326.2323350906372s
[2026-06-13 23:13:48,632][finetune_logger][INFO] - Train time: 326.2323350906372s
2026-06-13 23:13:48 - finetune_logger - INFO - Train memory reserved: 44.00 MB
[2026-06-13 23:13:48,632][finetune_logger][INFO] - Train memory reserved: 44.00 MB
2026-06-13 23:13:48 - finetune_logger - INFO - Train memory allocated: 25.87 MB
[2026-06-13 23:13:48,632][finetune_logger][INFO] - Train memory allocated: 25.87 MB
2026-06-13 23:13:48 - finetune_logger - INFO - Current learning rate: 0.00025
[2026-06-13 23:13:48,632][finetune_logger][INFO] - Current learning rate: 0.00025
2026-06-13 23:13:59 - finetune_logger - INFO - Validation metrics: {'MAE': 0.029125878283713217, 'RMSE': 0.04381346899208807}
[2026-06-13 23:13:59,311][finetune_logger][INFO] - Validation metrics: {'MAE': 0.029125878283713217, 'RMSE': 0.04381346899208807}
2026-06-13 23:13:59 - finetune_logger - INFO - Val time: 10.68s
[2026-06-13 23:13:59,311][finetune_logger][INFO] - Val time: 10.68s
2026-06-13 23:13:59 - finetune_logger - INFO - Val memory reserved: 44.00 MB
[2026-06-13 23:13:59,311][finetune_logger][INFO] - Val memory reserved: 44.00 MB
2026-06-13 23:13:59 - finetune_logger - INFO - Val memory allocated: 25.87 MB
[2026-06-13 23:13:59,311][finetune_logger][INFO] - Val memory allocated: 25.87 MB
2026-06-13 23:13:59 - finetune_logger - INFO - Logged epoch 17 info to /public/home/202411094934/python_project/Spatio-Temporal-Library/time-series/2026-06-13/crossformer/finetune20/exchange_rate/time-series/seed_0/training_log.json
[2026-06-13 23:13:59,314][finetune_logger][INFO] - Logged epoch 17 info to /public/home/202411094934/python_project/Spatio-Temporal-Library/time-series/2026-06-13/crossformer/finetune20/exchange_rate/time-series/seed_0/training_log.json
2026-06-13 23:14:24 - finetune_logger - INFO - Test metrics: {'MAE': 0.022835724408697047, 'RMSE': 0.033876898671983645}
[2026-06-13 23:14:24,898][finetune_logger][INFO] - Test metrics: {'MAE': 0.022835724408697047, 'RMSE': 0.033876898671983645}
2026-06-13 23:14:24 - finetune_logger - INFO - Test time: 25.58s
[2026-06-13 23:14:24,898][finetune_logger][INFO] - Test time: 25.58s
2026-06-13 23:14:24 - finetune_logger - INFO - Test memory reserved: 44.00 MB
[2026-06-13 23:14:24,898][finetune_logger][INFO] - Test memory reserved: 44.00 MB
2026-06-13 23:14:24 - finetune_logger - INFO - Test memory allocated: 25.87 MB
[2026-06-13 23:14:24,898][finetune_logger][INFO] - Test memory allocated: 25.87 MB
2026-06-13 23:14:24 - finetune_logger - INFO - Epoch 18/20
[2026-06-13 23:14:24,899][finetune_logger][INFO] - Epoch 18/20
2026-06-13 23:19:50 - finetune_logger - INFO - Train loss: 0.014736722031522634
[2026-06-13 23:19:50,891][finetune_logger][INFO] - Train loss: 0.014736722031522634
2026-06-13 23:19:50 - finetune_logger - INFO - Train time: 325.991712808609s
[2026-06-13 23:19:50,891][finetune_logger][INFO] - Train time: 325.991712808609s
2026-06-13 23:19:50 - finetune_logger - INFO - Train memory reserved: 44.00 MB
[2026-06-13 23:19:50,892][finetune_logger][INFO] - Train memory reserved: 44.00 MB
2026-06-13 23:19:50 - finetune_logger - INFO - Train memory allocated: 25.87 MB
[2026-06-13 23:19:50,892][finetune_logger][INFO] - Train memory allocated: 25.87 MB
2026-06-13 23:19:50 - finetune_logger - INFO - Current learning rate: 0.00025
[2026-06-13 23:19:50,892][finetune_logger][INFO] - Current learning rate: 0.00025
2026-06-13 23:20:01 - finetune_logger - INFO - Validation metrics: {'MAE': 0.03185628764479463, 'RMSE': 0.04708275032298229}
[2026-06-13 23:20:01,562][finetune_logger][INFO] - Validation metrics: {'MAE': 0.03185628764479463, 'RMSE': 0.04708275032298229}
2026-06-13 23:20:01 - finetune_logger - INFO - Val time: 10.67s
[2026-06-13 23:20:01,562][finetune_logger][INFO] - Val time: 10.67s
2026-06-13 23:20:01 - finetune_logger - INFO - Val memory reserved: 44.00 MB
[2026-06-13 23:20:01,562][finetune_logger][INFO] - Val memory reserved: 44.00 MB
2026-06-13 23:20:01 - finetune_logger - INFO - Val memory allocated: 25.87 MB
[2026-06-13 23:20:01,562][finetune_logger][INFO] - Val memory allocated: 25.87 MB
2026-06-13 23:20:01 - finetune_logger - INFO - Logged epoch 18 info to /public/home/202411094934/python_project/Spatio-Temporal-Library/time-series/2026-06-13/crossformer/finetune20/exchange_rate/time-series/seed_0/training_log.json
[2026-06-13 23:20:01,566][finetune_logger][INFO] - Logged epoch 18 info to /public/home/202411094934/python_project/Spatio-Temporal-Library/time-series/2026-06-13/crossformer/finetune20/exchange_rate/time-series/seed_0/training_log.json
2026-06-13 23:20:27 - finetune_logger - INFO - Test metrics: {'MAE': 0.024690669583292264, 'RMSE': 0.0364308641373203}
[2026-06-13 23:20:27,385][finetune_logger][INFO] - Test metrics: {'MAE': 0.024690669583292264, 'RMSE': 0.0364308641373203}
2026-06-13 23:20:27 - finetune_logger - INFO - Test time: 25.82s
[2026-06-13 23:20:27,385][finetune_logger][INFO] - Test time: 25.82s
2026-06-13 23:20:27 - finetune_logger - INFO - Test memory reserved: 44.00 MB
[2026-06-13 23:20:27,385][finetune_logger][INFO] - Test memory reserved: 44.00 MB
2026-06-13 23:20:27 - finetune_logger - INFO - Test memory allocated: 25.87 MB
[2026-06-13 23:20:27,386][finetune_logger][INFO] - Test memory allocated: 25.87 MB
2026-06-13 23:20:27 - finetune_logger - INFO - Epoch 19/20
[2026-06-13 23:20:27,386][finetune_logger][INFO] - Epoch 19/20
2026-06-13 23:25:53 - finetune_logger - INFO - Train loss: 0.014328510888879405
[2026-06-13 23:25:53,605][finetune_logger][INFO] - Train loss: 0.014328510888879405
2026-06-13 23:25:53 - finetune_logger - INFO - Train time: 326.2187008857727s
[2026-06-13 23:25:53,606][finetune_logger][INFO] - Train time: 326.2187008857727s
2026-06-13 23:25:53 - finetune_logger - INFO - Train memory reserved: 44.00 MB
[2026-06-13 23:25:53,606][finetune_logger][INFO] - Train memory reserved: 44.00 MB
2026-06-13 23:25:53 - finetune_logger - INFO - Train memory allocated: 25.87 MB
[2026-06-13 23:25:53,606][finetune_logger][INFO] - Train memory allocated: 25.87 MB
2026-06-13 23:25:53 - finetune_logger - INFO - Current learning rate: 0.00025
[2026-06-13 23:25:53,606][finetune_logger][INFO] - Current learning rate: 0.00025
2026-06-13 23:26:04 - finetune_logger - INFO - Validation metrics: {'MAE': 0.030581913605169462, 'RMSE': 0.04650354894918666}
[2026-06-13 23:26:04,356][finetune_logger][INFO] - Validation metrics: {'MAE': 0.030581913605169462, 'RMSE': 0.04650354894918666}
2026-06-13 23:26:04 - finetune_logger - INFO - Val time: 10.75s
[2026-06-13 23:26:04,356][finetune_logger][INFO] - Val time: 10.75s
2026-06-13 23:26:04 - finetune_logger - INFO - Val memory reserved: 44.00 MB
[2026-06-13 23:26:04,356][finetune_logger][INFO] - Val memory reserved: 44.00 MB
2026-06-13 23:26:04 - finetune_logger - INFO - Val memory allocated: 25.87 MB
[2026-06-13 23:26:04,356][finetune_logger][INFO] - Val memory allocated: 25.87 MB
2026-06-13 23:26:04 - finetune_logger - INFO - Logged epoch 19 info to /public/home/202411094934/python_project/Spatio-Temporal-Library/time-series/2026-06-13/crossformer/finetune20/exchange_rate/time-series/seed_0/training_log.json
[2026-06-13 23:26:04,359][finetune_logger][INFO] - Logged epoch 19 info to /public/home/202411094934/python_project/Spatio-Temporal-Library/time-series/2026-06-13/crossformer/finetune20/exchange_rate/time-series/seed_0/training_log.json
2026-06-13 23:26:30 - finetune_logger - INFO - Test metrics: {'MAE': 0.025430078171724022, 'RMSE': 0.03768757615191268}
[2026-06-13 23:26:30,077][finetune_logger][INFO] - Test metrics: {'MAE': 0.025430078171724022, 'RMSE': 0.03768757615191268}
2026-06-13 23:26:30 - finetune_logger - INFO - Test time: 25.72s
[2026-06-13 23:26:30,078][finetune_logger][INFO] - Test time: 25.72s
2026-06-13 23:26:30 - finetune_logger - INFO - Test memory reserved: 44.00 MB
[2026-06-13 23:26:30,078][finetune_logger][INFO] - Test memory reserved: 44.00 MB
2026-06-13 23:26:30 - finetune_logger - INFO - Test memory allocated: 25.87 MB
[2026-06-13 23:26:30,078][finetune_logger][INFO] - Test memory allocated: 25.87 MB
2026-06-13 23:26:30 - finetune_logger - INFO - Epoch 20/20
[2026-06-13 23:26:30,078][finetune_logger][INFO] - Epoch 20/20
2026-06-13 23:31:55 - finetune_logger - INFO - Train loss: 0.013936672503658331
[2026-06-13 23:31:55,454][finetune_logger][INFO] - Train loss: 0.013936672503658331
2026-06-13 23:31:55 - finetune_logger - INFO - Train time: 325.37474155426025s
[2026-06-13 23:31:55,454][finetune_logger][INFO] - Train time: 325.37474155426025s
2026-06-13 23:31:55 - finetune_logger - INFO - Train memory reserved: 44.00 MB
[2026-06-13 23:31:55,454][finetune_logger][INFO] - Train memory reserved: 44.00 MB
2026-06-13 23:31:55 - finetune_logger - INFO - Train memory allocated: 25.87 MB
[2026-06-13 23:31:55,454][finetune_logger][INFO] - Train memory allocated: 25.87 MB
2026-06-13 23:31:55 - finetune_logger - INFO - Current learning rate: 0.00025
[2026-06-13 23:31:55,454][finetune_logger][INFO] - Current learning rate: 0.00025
2026-06-13 23:32:06 - finetune_logger - INFO - Validation metrics: {'MAE': 0.029637517913005843, 'RMSE': 0.04415279202844587}
[2026-06-13 23:32:06,186][finetune_logger][INFO] - Validation metrics: {'MAE': 0.029637517913005843, 'RMSE': 0.04415279202844587}
2026-06-13 23:32:06 - finetune_logger - INFO - Val time: 10.73s
[2026-06-13 23:32:06,186][finetune_logger][INFO] - Val time: 10.73s
2026-06-13 23:32:06 - finetune_logger - INFO - Val memory reserved: 44.00 MB
[2026-06-13 23:32:06,187][finetune_logger][INFO] - Val memory reserved: 44.00 MB
2026-06-13 23:32:06 - finetune_logger - INFO - Val memory allocated: 25.87 MB
[2026-06-13 23:32:06,187][finetune_logger][INFO] - Val memory allocated: 25.87 MB
2026-06-13 23:32:06 - finetune_logger - INFO - Logged epoch 20 info to /public/home/202411094934/python_project/Spatio-Temporal-Library/time-series/2026-06-13/crossformer/finetune20/exchange_rate/time-series/seed_0/training_log.json
[2026-06-13 23:32:06,190][finetune_logger][INFO] - Logged epoch 20 info to /public/home/202411094934/python_project/Spatio-Temporal-Library/time-series/2026-06-13/crossformer/finetune20/exchange_rate/time-series/seed_0/training_log.json
2026-06-13 23:32:31 - finetune_logger - INFO - Test metrics: {'MAE': 0.02473543687131183, 'RMSE': 0.03650881168565159}
[2026-06-13 23:32:31,951][finetune_logger][INFO] - Test metrics: {'MAE': 0.02473543687131183, 'RMSE': 0.03650881168565159}
2026-06-13 23:32:31 - finetune_logger - INFO - Test time: 25.66s
[2026-06-13 23:32:31,951][finetune_logger][INFO] - Test time: 25.66s
2026-06-13 23:32:31 - finetune_logger - INFO - Test memory reserved: 44.00 MB
[2026-06-13 23:32:31,952][finetune_logger][INFO] - Test memory reserved: 44.00 MB
2026-06-13 23:32:31 - finetune_logger - INFO - Test memory allocated: 25.87 MB
[2026-06-13 23:32:31,952][finetune_logger][INFO] - Test memory allocated: 25.87 MB
2026-06-13 23:32:31 - finetune_logger - INFO - Training completed. Best epoch: 10, Best val loss: 0.028253
[2026-06-13 23:32:31,952][finetune_logger][INFO] - Training completed. Best epoch: 10, Best val loss: 0.028253
2026-06-13 23:32:32 - finetune_logger - INFO - Loaded checkpoint from epoch 10
[2026-06-13 23:32:32,097][finetune_logger][INFO] - Loaded checkpoint from epoch 10
2026-06-13 23:32:32 - finetune_logger - INFO - Evaluating best model on test sets...
[2026-06-13 23:32:32,098][finetune_logger][INFO] - Evaluating best model on test sets...
2026-06-13 23:32:57 - finetune_logger - INFO - Test metrics: {'MAE': 0.02308851563743064, 'RMSE': 0.03345121072805667}
[2026-06-13 23:32:57,778][finetune_logger][INFO] - Test metrics: {'MAE': 0.02308851563743064, 'RMSE': 0.03345121072805667}
2026-06-13 23:32:57 - finetune_logger - INFO - Test time: 25.68s
[2026-06-13 23:32:57,778][finetune_logger][INFO] - Test time: 25.68s
2026-06-13 23:32:57 - finetune_logger - INFO - Test memory reserved: 44.00 MB
[2026-06-13 23:32:57,778][finetune_logger][INFO] - Test memory reserved: 44.00 MB
2026-06-13 23:32:57 - finetune_logger - INFO - Test memory allocated: 26.06 MB
[2026-06-13 23:32:57,778][finetune_logger][INFO] - Test memory allocated: 26.06 MB
2026-06-13 23:32:57 - finetune_logger - INFO - Logged epoch test info to /public/home/202411094934/python_project/Spatio-Temporal-Library/time-series/2026-06-13/crossformer/finetune20/exchange_rate/time-series/seed_0/training_log.json
[2026-06-13 23:32:57,782][finetune_logger][INFO] - Logged epoch test info to /public/home/202411094934/python_project/Spatio-Temporal-Library/time-series/2026-06-13/crossformer/finetune20/exchange_rate/time-series/seed_0/training_log.json
