2026-06-22 09:52:55 - finetune_logger - INFO - Loaded pretrained checkpoint from: /public/home/202411094934/python_project/Spatio-Temporal-Library/time-series/2026-06-22/autoformer/pretrain10/etth1/time-series/seed_2/jepa_pretrain_epoch_10.pth
Missing keys: []
Unexpected keys: []
[2026-06-22 09:52:55,340][finetune_logger][INFO] - Loaded pretrained checkpoint from: /public/home/202411094934/python_project/Spatio-Temporal-Library/time-series/2026-06-22/autoformer/pretrain10/etth1/time-series/seed_2/jepa_pretrain_epoch_10.pth
Missing keys: []
Unexpected keys: []
2026-06-22 09:52:55 - finetune_logger - INFO - Model parameters: 188,487
[2026-06-22 09:52:55,343][finetune_logger][INFO] - Model parameters: 188,487
2026-06-22 09:52:55 - finetune_logger - INFO - Created new log file at /public/home/202411094934/python_project/Spatio-Temporal-Library/time-series/2026-06-22/autoformer/pretrain10_finetune10/etth1/time-series/seed_2/training_log.json
[2026-06-22 09:52:55,345][finetune_logger][INFO] - Created new log file at /public/home/202411094934/python_project/Spatio-Temporal-Library/time-series/2026-06-22/autoformer/pretrain10_finetune10/etth1/time-series/seed_2/training_log.json
2026-06-22 09:52:55 - finetune_logger - INFO - Starting training...
[2026-06-22 09:52:55,345][finetune_logger][INFO] - Starting training...
2026-06-22 09:52:55 - finetune_logger - INFO - Epoch 1/10
[2026-06-22 09:52:55,345][finetune_logger][INFO] - Epoch 1/10
2026-06-22 10:03:04 - finetune_logger - INFO - Train loss: 1.4759576164332588
[2026-06-22 10:03:04,355][finetune_logger][INFO] - Train loss: 1.4759576164332588
2026-06-22 10:03:04 - finetune_logger - INFO - Train time: 609.0081901550293s
[2026-06-22 10:03:04,355][finetune_logger][INFO] - Train time: 609.0081901550293s
2026-06-22 10:03:04 - finetune_logger - INFO - Train memory reserved: 40.00 MB
[2026-06-22 10:03:04,355][finetune_logger][INFO] - Train memory reserved: 40.00 MB
2026-06-22 10:03:04 - finetune_logger - INFO - Train memory allocated: 20.88 MB
[2026-06-22 10:03:04,355][finetune_logger][INFO] - Train memory allocated: 20.88 MB
2026-06-22 10:03:04 - finetune_logger - INFO - Current learning rate: 0.0005
[2026-06-22 10:03:04,355][finetune_logger][INFO] - Current learning rate: 0.0005
2026-06-22 10:04:13 - finetune_logger - INFO - Validation metrics: {'MAE': 2.1414504789624886, 'RMSE': 3.2665046575637113}
[2026-06-22 10:04:13,235][finetune_logger][INFO] - Validation metrics: {'MAE': 2.1414504789624886, 'RMSE': 3.2665046575637113}
2026-06-22 10:04:13 - finetune_logger - INFO - Val time: 68.88s
[2026-06-22 10:04:13,235][finetune_logger][INFO] - Val time: 68.88s
2026-06-22 10:04:13 - finetune_logger - INFO - Val memory reserved: 40.00 MB
[2026-06-22 10:04:13,236][finetune_logger][INFO] - Val memory reserved: 40.00 MB
2026-06-22 10:04:13 - finetune_logger - INFO - Val memory allocated: 20.88 MB
[2026-06-22 10:04:13,236][finetune_logger][INFO] - Val memory allocated: 20.88 MB
2026-06-22 10:04:13 - finetune_logger - INFO - Logged epoch 1 info to /public/home/202411094934/python_project/Spatio-Temporal-Library/time-series/2026-06-22/autoformer/pretrain10_finetune10/etth1/time-series/seed_2/training_log.json
[2026-06-22 10:04:13,239][finetune_logger][INFO] - Logged epoch 1 info to /public/home/202411094934/python_project/Spatio-Temporal-Library/time-series/2026-06-22/autoformer/pretrain10_finetune10/etth1/time-series/seed_2/training_log.json
2026-06-22 10:04:13 - finetune_logger - INFO - New best model! Val loss: 2.141450
[2026-06-22 10:04:13,239][finetune_logger][INFO] - New best model! Val loss: 2.141450
2026-06-22 10:05:22 - finetune_logger - INFO - Test metrics: {'MAE': 1.7654054266611774, 'RMSE': 3.202600477127794}
[2026-06-22 10:05:22,099][finetune_logger][INFO] - Test metrics: {'MAE': 1.7654054266611774, 'RMSE': 3.202600477127794}
2026-06-22 10:05:22 - finetune_logger - INFO - Test time: 68.81s
[2026-06-22 10:05:22,099][finetune_logger][INFO] - Test time: 68.81s
2026-06-22 10:05:22 - finetune_logger - INFO - Test memory reserved: 40.00 MB
[2026-06-22 10:05:22,099][finetune_logger][INFO] - Test memory reserved: 40.00 MB
2026-06-22 10:05:22 - finetune_logger - INFO - Test memory allocated: 20.88 MB
[2026-06-22 10:05:22,099][finetune_logger][INFO] - Test memory allocated: 20.88 MB
2026-06-22 10:05:22 - finetune_logger - INFO - Epoch 2/10
[2026-06-22 10:05:22,100][finetune_logger][INFO] - Epoch 2/10
2026-06-22 10:15:32 - finetune_logger - INFO - Train loss: 1.2584338714057053
[2026-06-22 10:15:32,685][finetune_logger][INFO] - Train loss: 1.2584338714057053
2026-06-22 10:15:32 - finetune_logger - INFO - Train time: 610.5847120285034s
[2026-06-22 10:15:32,685][finetune_logger][INFO] - Train time: 610.5847120285034s
2026-06-22 10:15:32 - finetune_logger - INFO - Train memory reserved: 40.00 MB
[2026-06-22 10:15:32,685][finetune_logger][INFO] - Train memory reserved: 40.00 MB
2026-06-22 10:15:32 - finetune_logger - INFO - Train memory allocated: 20.88 MB
[2026-06-22 10:15:32,685][finetune_logger][INFO] - Train memory allocated: 20.88 MB
2026-06-22 10:15:32 - finetune_logger - INFO - Current learning rate: 0.0005
[2026-06-22 10:15:32,685][finetune_logger][INFO] - Current learning rate: 0.0005
2026-06-22 10:16:41 - finetune_logger - INFO - Validation metrics: {'MAE': 2.1968719667253054, 'RMSE': 3.408877948670154}
[2026-06-22 10:16:41,317][finetune_logger][INFO] - Validation metrics: {'MAE': 2.1968719667253054, 'RMSE': 3.408877948670154}
2026-06-22 10:16:41 - finetune_logger - INFO - Val time: 68.63s
[2026-06-22 10:16:41,318][finetune_logger][INFO] - Val time: 68.63s
2026-06-22 10:16:41 - finetune_logger - INFO - Val memory reserved: 40.00 MB
[2026-06-22 10:16:41,318][finetune_logger][INFO] - Val memory reserved: 40.00 MB
2026-06-22 10:16:41 - finetune_logger - INFO - Val memory allocated: 20.88 MB
[2026-06-22 10:16:41,318][finetune_logger][INFO] - Val memory allocated: 20.88 MB
2026-06-22 10:16:41 - finetune_logger - INFO - Logged epoch 2 info to /public/home/202411094934/python_project/Spatio-Temporal-Library/time-series/2026-06-22/autoformer/pretrain10_finetune10/etth1/time-series/seed_2/training_log.json
[2026-06-22 10:16:41,320][finetune_logger][INFO] - Logged epoch 2 info to /public/home/202411094934/python_project/Spatio-Temporal-Library/time-series/2026-06-22/autoformer/pretrain10_finetune10/etth1/time-series/seed_2/training_log.json
2026-06-22 10:17:49 - finetune_logger - INFO - Test metrics: {'MAE': 1.8482189109893035, 'RMSE': 3.3417299969536867}
[2026-06-22 10:17:49,904][finetune_logger][INFO] - Test metrics: {'MAE': 1.8482189109893035, 'RMSE': 3.3417299969536867}
2026-06-22 10:17:49 - finetune_logger - INFO - Test time: 68.58s
[2026-06-22 10:17:49,905][finetune_logger][INFO] - Test time: 68.58s
2026-06-22 10:17:49 - finetune_logger - INFO - Test memory reserved: 40.00 MB
[2026-06-22 10:17:49,905][finetune_logger][INFO] - Test memory reserved: 40.00 MB
2026-06-22 10:17:49 - finetune_logger - INFO - Test memory allocated: 20.88 MB
[2026-06-22 10:17:49,905][finetune_logger][INFO] - Test memory allocated: 20.88 MB
2026-06-22 10:17:49 - finetune_logger - INFO - Epoch 3/10
[2026-06-22 10:17:49,905][finetune_logger][INFO] - Epoch 3/10
2026-06-22 10:27:57 - finetune_logger - INFO - Train loss: 1.1367489358038065
[2026-06-22 10:27:57,313][finetune_logger][INFO] - Train loss: 1.1367489358038065
2026-06-22 10:27:57 - finetune_logger - INFO - Train time: 607.4079260826111s
[2026-06-22 10:27:57,314][finetune_logger][INFO] - Train time: 607.4079260826111s
2026-06-22 10:27:57 - finetune_logger - INFO - Train memory reserved: 40.00 MB
[2026-06-22 10:27:57,314][finetune_logger][INFO] - Train memory reserved: 40.00 MB
2026-06-22 10:27:57 - finetune_logger - INFO - Train memory allocated: 20.88 MB
[2026-06-22 10:27:57,314][finetune_logger][INFO] - Train memory allocated: 20.88 MB
2026-06-22 10:27:57 - finetune_logger - INFO - Current learning rate: 0.0005
[2026-06-22 10:27:57,314][finetune_logger][INFO] - Current learning rate: 0.0005
2026-06-22 10:29:06 - finetune_logger - INFO - Validation metrics: {'MAE': 2.181483826319378, 'RMSE': 3.41541324161347}
[2026-06-22 10:29:06,060][finetune_logger][INFO] - Validation metrics: {'MAE': 2.181483826319378, 'RMSE': 3.41541324161347}
2026-06-22 10:29:06 - finetune_logger - INFO - Val time: 68.75s
[2026-06-22 10:29:06,060][finetune_logger][INFO] - Val time: 68.75s
2026-06-22 10:29:06 - finetune_logger - INFO - Val memory reserved: 40.00 MB
[2026-06-22 10:29:06,060][finetune_logger][INFO] - Val memory reserved: 40.00 MB
2026-06-22 10:29:06 - finetune_logger - INFO - Val memory allocated: 20.88 MB
[2026-06-22 10:29:06,060][finetune_logger][INFO] - Val memory allocated: 20.88 MB
2026-06-22 10:29:06 - finetune_logger - INFO - Logged epoch 3 info to /public/home/202411094934/python_project/Spatio-Temporal-Library/time-series/2026-06-22/autoformer/pretrain10_finetune10/etth1/time-series/seed_2/training_log.json
[2026-06-22 10:29:06,063][finetune_logger][INFO] - Logged epoch 3 info to /public/home/202411094934/python_project/Spatio-Temporal-Library/time-series/2026-06-22/autoformer/pretrain10_finetune10/etth1/time-series/seed_2/training_log.json
2026-06-22 10:30:14 - finetune_logger - INFO - Test metrics: {'MAE': 1.8821152257919234, 'RMSE': 3.364186735289432}
[2026-06-22 10:30:14,678][finetune_logger][INFO] - Test metrics: {'MAE': 1.8821152257919234, 'RMSE': 3.364186735289432}
2026-06-22 10:30:14 - finetune_logger - INFO - Test time: 68.61s
[2026-06-22 10:30:14,678][finetune_logger][INFO] - Test time: 68.61s
2026-06-22 10:30:14 - finetune_logger - INFO - Test memory reserved: 40.00 MB
[2026-06-22 10:30:14,678][finetune_logger][INFO] - Test memory reserved: 40.00 MB
2026-06-22 10:30:14 - finetune_logger - INFO - Test memory allocated: 20.88 MB
[2026-06-22 10:30:14,678][finetune_logger][INFO] - Test memory allocated: 20.88 MB
2026-06-22 10:30:14 - finetune_logger - INFO - Epoch 4/10
[2026-06-22 10:30:14,679][finetune_logger][INFO] - Epoch 4/10
2026-06-22 10:40:24 - finetune_logger - INFO - Train loss: 1.072989329356266
[2026-06-22 10:40:24,656][finetune_logger][INFO] - Train loss: 1.072989329356266
2026-06-22 10:40:24 - finetune_logger - INFO - Train time: 609.9763467311859s
[2026-06-22 10:40:24,656][finetune_logger][INFO] - Train time: 609.9763467311859s
2026-06-22 10:40:24 - finetune_logger - INFO - Train memory reserved: 40.00 MB
[2026-06-22 10:40:24,656][finetune_logger][INFO] - Train memory reserved: 40.00 MB
2026-06-22 10:40:24 - finetune_logger - INFO - Train memory allocated: 20.88 MB
[2026-06-22 10:40:24,656][finetune_logger][INFO] - Train memory allocated: 20.88 MB
2026-06-22 10:40:24 - finetune_logger - INFO - Current learning rate: 0.0005
[2026-06-22 10:40:24,656][finetune_logger][INFO] - Current learning rate: 0.0005
2026-06-22 10:41:33 - finetune_logger - INFO - Validation metrics: {'MAE': 2.1560457618350153, 'RMSE': 3.3694790851502194}
[2026-06-22 10:41:33,637][finetune_logger][INFO] - Validation metrics: {'MAE': 2.1560457618350153, 'RMSE': 3.3694790851502194}
2026-06-22 10:41:33 - finetune_logger - INFO - Val time: 68.98s
[2026-06-22 10:41:33,637][finetune_logger][INFO] - Val time: 68.98s
2026-06-22 10:41:33 - finetune_logger - INFO - Val memory reserved: 40.00 MB
[2026-06-22 10:41:33,637][finetune_logger][INFO] - Val memory reserved: 40.00 MB
2026-06-22 10:41:33 - finetune_logger - INFO - Val memory allocated: 20.88 MB
[2026-06-22 10:41:33,637][finetune_logger][INFO] - Val memory allocated: 20.88 MB
2026-06-22 10:41:33 - finetune_logger - INFO - Logged epoch 4 info to /public/home/202411094934/python_project/Spatio-Temporal-Library/time-series/2026-06-22/autoformer/pretrain10_finetune10/etth1/time-series/seed_2/training_log.json
[2026-06-22 10:41:33,640][finetune_logger][INFO] - Logged epoch 4 info to /public/home/202411094934/python_project/Spatio-Temporal-Library/time-series/2026-06-22/autoformer/pretrain10_finetune10/etth1/time-series/seed_2/training_log.json
2026-06-22 10:42:42 - finetune_logger - INFO - Test metrics: {'MAE': 1.9832896778469968, 'RMSE': 3.626968636376525}
[2026-06-22 10:42:42,516][finetune_logger][INFO] - Test metrics: {'MAE': 1.9832896778469968, 'RMSE': 3.626968636376525}
2026-06-22 10:42:42 - finetune_logger - INFO - Test time: 68.88s
[2026-06-22 10:42:42,516][finetune_logger][INFO] - Test time: 68.88s
2026-06-22 10:42:42 - finetune_logger - INFO - Test memory reserved: 40.00 MB
[2026-06-22 10:42:42,516][finetune_logger][INFO] - Test memory reserved: 40.00 MB
2026-06-22 10:42:42 - finetune_logger - INFO - Test memory allocated: 20.88 MB
[2026-06-22 10:42:42,516][finetune_logger][INFO] - Test memory allocated: 20.88 MB
2026-06-22 10:42:42 - finetune_logger - INFO - Epoch 5/10
[2026-06-22 10:42:42,516][finetune_logger][INFO] - Epoch 5/10
2026-06-22 10:52:52 - finetune_logger - INFO - Train loss: 1.0260297029090897
[2026-06-22 10:52:52,300][finetune_logger][INFO] - Train loss: 1.0260297029090897
2026-06-22 10:52:52 - finetune_logger - INFO - Train time: 609.7829082012177s
[2026-06-22 10:52:52,300][finetune_logger][INFO] - Train time: 609.7829082012177s
2026-06-22 10:52:52 - finetune_logger - INFO - Train memory reserved: 40.00 MB
[2026-06-22 10:52:52,300][finetune_logger][INFO] - Train memory reserved: 40.00 MB
2026-06-22 10:52:52 - finetune_logger - INFO - Train memory allocated: 20.88 MB
[2026-06-22 10:52:52,300][finetune_logger][INFO] - Train memory allocated: 20.88 MB
2026-06-22 10:52:52 - finetune_logger - INFO - Current learning rate: 0.0005
[2026-06-22 10:52:52,300][finetune_logger][INFO] - Current learning rate: 0.0005
2026-06-22 10:54:01 - finetune_logger - INFO - Validation metrics: {'MAE': 2.1398540370123755, 'RMSE': 3.3333709901628006}
[2026-06-22 10:54:01,260][finetune_logger][INFO] - Validation metrics: {'MAE': 2.1398540370123755, 'RMSE': 3.3333709901628006}
2026-06-22 10:54:01 - finetune_logger - INFO - Val time: 68.96s
[2026-06-22 10:54:01,260][finetune_logger][INFO] - Val time: 68.96s
2026-06-22 10:54:01 - finetune_logger - INFO - Val memory reserved: 40.00 MB
[2026-06-22 10:54:01,260][finetune_logger][INFO] - Val memory reserved: 40.00 MB
2026-06-22 10:54:01 - finetune_logger - INFO - Val memory allocated: 20.88 MB
[2026-06-22 10:54:01,261][finetune_logger][INFO] - Val memory allocated: 20.88 MB
2026-06-22 10:54:01 - finetune_logger - INFO - Logged epoch 5 info to /public/home/202411094934/python_project/Spatio-Temporal-Library/time-series/2026-06-22/autoformer/pretrain10_finetune10/etth1/time-series/seed_2/training_log.json
[2026-06-22 10:54:01,264][finetune_logger][INFO] - Logged epoch 5 info to /public/home/202411094934/python_project/Spatio-Temporal-Library/time-series/2026-06-22/autoformer/pretrain10_finetune10/etth1/time-series/seed_2/training_log.json
2026-06-22 10:54:01 - finetune_logger - INFO - New best model! Val loss: 2.139854
[2026-06-22 10:54:01,264][finetune_logger][INFO] - New best model! Val loss: 2.139854
2026-06-22 10:55:09 - finetune_logger - INFO - Test metrics: {'MAE': 1.9641715903509243, 'RMSE': 3.583605900264917}
[2026-06-22 10:55:09,964][finetune_logger][INFO] - Test metrics: {'MAE': 1.9641715903509243, 'RMSE': 3.583605900264917}
2026-06-22 10:55:09 - finetune_logger - INFO - Test time: 68.65s
[2026-06-22 10:55:09,964][finetune_logger][INFO] - Test time: 68.65s
2026-06-22 10:55:09 - finetune_logger - INFO - Test memory reserved: 40.00 MB
[2026-06-22 10:55:09,964][finetune_logger][INFO] - Test memory reserved: 40.00 MB
2026-06-22 10:55:09 - finetune_logger - INFO - Test memory allocated: 20.88 MB
[2026-06-22 10:55:09,964][finetune_logger][INFO] - Test memory allocated: 20.88 MB
2026-06-22 10:55:09 - finetune_logger - INFO - Epoch 6/10
[2026-06-22 10:55:09,965][finetune_logger][INFO] - Epoch 6/10
2026-06-22 11:05:19 - finetune_logger - INFO - Train loss: 0.9908359031344571
[2026-06-22 11:05:19,661][finetune_logger][INFO] - Train loss: 0.9908359031344571
2026-06-22 11:05:19 - finetune_logger - INFO - Train time: 609.6958012580872s
[2026-06-22 11:05:19,661][finetune_logger][INFO] - Train time: 609.6958012580872s
2026-06-22 11:05:19 - finetune_logger - INFO - Train memory reserved: 40.00 MB
[2026-06-22 11:05:19,661][finetune_logger][INFO] - Train memory reserved: 40.00 MB
2026-06-22 11:05:19 - finetune_logger - INFO - Train memory allocated: 20.88 MB
[2026-06-22 11:05:19,661][finetune_logger][INFO] - Train memory allocated: 20.88 MB
2026-06-22 11:05:19 - finetune_logger - INFO - Current learning rate: 0.0005
[2026-06-22 11:05:19,661][finetune_logger][INFO] - Current learning rate: 0.0005
2026-06-22 11:06:28 - finetune_logger - INFO - Validation metrics: {'MAE': 2.2344783142634768, 'RMSE': 3.4637582262584083}
[2026-06-22 11:06:28,421][finetune_logger][INFO] - Validation metrics: {'MAE': 2.2344783142634768, 'RMSE': 3.4637582262584083}
2026-06-22 11:06:28 - finetune_logger - INFO - Val time: 68.76s
[2026-06-22 11:06:28,421][finetune_logger][INFO] - Val time: 68.76s
2026-06-22 11:06:28 - finetune_logger - INFO - Val memory reserved: 40.00 MB
[2026-06-22 11:06:28,421][finetune_logger][INFO] - Val memory reserved: 40.00 MB
2026-06-22 11:06:28 - finetune_logger - INFO - Val memory allocated: 20.88 MB
[2026-06-22 11:06:28,421][finetune_logger][INFO] - Val memory allocated: 20.88 MB
2026-06-22 11:06:28 - finetune_logger - INFO - Logged epoch 6 info to /public/home/202411094934/python_project/Spatio-Temporal-Library/time-series/2026-06-22/autoformer/pretrain10_finetune10/etth1/time-series/seed_2/training_log.json
[2026-06-22 11:06:28,424][finetune_logger][INFO] - Logged epoch 6 info to /public/home/202411094934/python_project/Spatio-Temporal-Library/time-series/2026-06-22/autoformer/pretrain10_finetune10/etth1/time-series/seed_2/training_log.json
2026-06-22 11:07:37 - finetune_logger - INFO - Test metrics: {'MAE': 2.12476797262828, 'RMSE': 3.8252670239493973}
[2026-06-22 11:07:37,333][finetune_logger][INFO] - Test metrics: {'MAE': 2.12476797262828, 'RMSE': 3.8252670239493973}
2026-06-22 11:07:37 - finetune_logger - INFO - Test time: 68.91s
[2026-06-22 11:07:37,333][finetune_logger][INFO] - Test time: 68.91s
2026-06-22 11:07:37 - finetune_logger - INFO - Test memory reserved: 40.00 MB
[2026-06-22 11:07:37,334][finetune_logger][INFO] - Test memory reserved: 40.00 MB
2026-06-22 11:07:37 - finetune_logger - INFO - Test memory allocated: 20.88 MB
[2026-06-22 11:07:37,334][finetune_logger][INFO] - Test memory allocated: 20.88 MB
2026-06-22 11:07:37 - finetune_logger - INFO - Epoch 7/10
[2026-06-22 11:07:37,334][finetune_logger][INFO] - Epoch 7/10
2026-06-22 11:17:47 - finetune_logger - INFO - Train loss: 0.9659274434645256
[2026-06-22 11:17:47,401][finetune_logger][INFO] - Train loss: 0.9659274434645256
2026-06-22 11:17:47 - finetune_logger - INFO - Train time: 610.0665256977081s
[2026-06-22 11:17:47,401][finetune_logger][INFO] - Train time: 610.0665256977081s
2026-06-22 11:17:47 - finetune_logger - INFO - Train memory reserved: 40.00 MB
[2026-06-22 11:17:47,401][finetune_logger][INFO] - Train memory reserved: 40.00 MB
2026-06-22 11:17:47 - finetune_logger - INFO - Train memory allocated: 20.88 MB
[2026-06-22 11:17:47,401][finetune_logger][INFO] - Train memory allocated: 20.88 MB
2026-06-22 11:17:47 - finetune_logger - INFO - Current learning rate: 0.0005
[2026-06-22 11:17:47,401][finetune_logger][INFO] - Current learning rate: 0.0005
2026-06-22 11:18:56 - finetune_logger - INFO - Validation metrics: {'MAE': 2.1611270612080955, 'RMSE': 3.3217873410724392}
[2026-06-22 11:18:56,093][finetune_logger][INFO] - Validation metrics: {'MAE': 2.1611270612080955, 'RMSE': 3.3217873410724392}
2026-06-22 11:18:56 - finetune_logger - INFO - Val time: 68.69s
[2026-06-22 11:18:56,093][finetune_logger][INFO] - Val time: 68.69s
2026-06-22 11:18:56 - finetune_logger - INFO - Val memory reserved: 40.00 MB
[2026-06-22 11:18:56,093][finetune_logger][INFO] - Val memory reserved: 40.00 MB
2026-06-22 11:18:56 - finetune_logger - INFO - Val memory allocated: 20.88 MB
[2026-06-22 11:18:56,093][finetune_logger][INFO] - Val memory allocated: 20.88 MB
2026-06-22 11:18:56 - finetune_logger - INFO - Logged epoch 7 info to /public/home/202411094934/python_project/Spatio-Temporal-Library/time-series/2026-06-22/autoformer/pretrain10_finetune10/etth1/time-series/seed_2/training_log.json
[2026-06-22 11:18:56,096][finetune_logger][INFO] - Logged epoch 7 info to /public/home/202411094934/python_project/Spatio-Temporal-Library/time-series/2026-06-22/autoformer/pretrain10_finetune10/etth1/time-series/seed_2/training_log.json
2026-06-22 11:20:04 - finetune_logger - INFO - Test metrics: {'MAE': 1.972285586493355, 'RMSE': 3.6082891907010755}
[2026-06-22 11:20:04,860][finetune_logger][INFO] - Test metrics: {'MAE': 1.972285586493355, 'RMSE': 3.6082891907010755}
2026-06-22 11:20:04 - finetune_logger - INFO - Test time: 68.76s
[2026-06-22 11:20:04,860][finetune_logger][INFO] - Test time: 68.76s
2026-06-22 11:20:04 - finetune_logger - INFO - Test memory reserved: 40.00 MB
[2026-06-22 11:20:04,861][finetune_logger][INFO] - Test memory reserved: 40.00 MB
2026-06-22 11:20:04 - finetune_logger - INFO - Test memory allocated: 20.88 MB
[2026-06-22 11:20:04,861][finetune_logger][INFO] - Test memory allocated: 20.88 MB
2026-06-22 11:20:04 - finetune_logger - INFO - Epoch 8/10
[2026-06-22 11:20:04,861][finetune_logger][INFO] - Epoch 8/10
2026-06-22 11:30:15 - finetune_logger - INFO - Train loss: 0.9448282536823391
[2026-06-22 11:30:15,298][finetune_logger][INFO] - Train loss: 0.9448282536823391
2026-06-22 11:30:15 - finetune_logger - INFO - Train time: 610.4365561008453s
[2026-06-22 11:30:15,298][finetune_logger][INFO] - Train time: 610.4365561008453s
2026-06-22 11:30:15 - finetune_logger - INFO - Train memory reserved: 40.00 MB
[2026-06-22 11:30:15,298][finetune_logger][INFO] - Train memory reserved: 40.00 MB
2026-06-22 11:30:15 - finetune_logger - INFO - Train memory allocated: 20.88 MB
[2026-06-22 11:30:15,299][finetune_logger][INFO] - Train memory allocated: 20.88 MB
2026-06-22 11:30:15 - finetune_logger - INFO - Current learning rate: 0.0005
[2026-06-22 11:30:15,299][finetune_logger][INFO] - Current learning rate: 0.0005
2026-06-22 11:31:23 - finetune_logger - INFO - Validation metrics: {'MAE': 2.2214488155274155, 'RMSE': 3.415918335460477}
[2026-06-22 11:31:23,838][finetune_logger][INFO] - Validation metrics: {'MAE': 2.2214488155274155, 'RMSE': 3.415918335460477}
2026-06-22 11:31:23 - finetune_logger - INFO - Val time: 68.54s
[2026-06-22 11:31:23,839][finetune_logger][INFO] - Val time: 68.54s
2026-06-22 11:31:23 - finetune_logger - INFO - Val memory reserved: 40.00 MB
[2026-06-22 11:31:23,839][finetune_logger][INFO] - Val memory reserved: 40.00 MB
2026-06-22 11:31:23 - finetune_logger - INFO - Val memory allocated: 20.88 MB
[2026-06-22 11:31:23,839][finetune_logger][INFO] - Val memory allocated: 20.88 MB
2026-06-22 11:31:23 - finetune_logger - INFO - Logged epoch 8 info to /public/home/202411094934/python_project/Spatio-Temporal-Library/time-series/2026-06-22/autoformer/pretrain10_finetune10/etth1/time-series/seed_2/training_log.json
[2026-06-22 11:31:23,842][finetune_logger][INFO] - Logged epoch 8 info to /public/home/202411094934/python_project/Spatio-Temporal-Library/time-series/2026-06-22/autoformer/pretrain10_finetune10/etth1/time-series/seed_2/training_log.json
2026-06-22 11:32:32 - finetune_logger - INFO - Test metrics: {'MAE': 2.0068210547310983, 'RMSE': 3.628715730394629}
[2026-06-22 11:32:32,739][finetune_logger][INFO] - Test metrics: {'MAE': 2.0068210547310983, 'RMSE': 3.628715730394629}
2026-06-22 11:32:32 - finetune_logger - INFO - Test time: 68.90s
[2026-06-22 11:32:32,740][finetune_logger][INFO] - Test time: 68.90s
2026-06-22 11:32:32 - finetune_logger - INFO - Test memory reserved: 40.00 MB
[2026-06-22 11:32:32,740][finetune_logger][INFO] - Test memory reserved: 40.00 MB
2026-06-22 11:32:32 - finetune_logger - INFO - Test memory allocated: 20.88 MB
[2026-06-22 11:32:32,740][finetune_logger][INFO] - Test memory allocated: 20.88 MB
2026-06-22 11:32:32 - finetune_logger - INFO - Epoch 9/10
[2026-06-22 11:32:32,740][finetune_logger][INFO] - Epoch 9/10
2026-06-22 11:42:42 - finetune_logger - INFO - Train loss: 0.9246858625164581
[2026-06-22 11:42:42,254][finetune_logger][INFO] - Train loss: 0.9246858625164581
2026-06-22 11:42:42 - finetune_logger - INFO - Train time: 609.513108253479s
[2026-06-22 11:42:42,254][finetune_logger][INFO] - Train time: 609.513108253479s
2026-06-22 11:42:42 - finetune_logger - INFO - Train memory reserved: 40.00 MB
[2026-06-22 11:42:42,254][finetune_logger][INFO] - Train memory reserved: 40.00 MB
2026-06-22 11:42:42 - finetune_logger - INFO - Train memory allocated: 20.88 MB
[2026-06-22 11:42:42,254][finetune_logger][INFO] - Train memory allocated: 20.88 MB
2026-06-22 11:42:42 - finetune_logger - INFO - Current learning rate: 0.0005
[2026-06-22 11:42:42,254][finetune_logger][INFO] - Current learning rate: 0.0005
2026-06-22 11:43:51 - finetune_logger - INFO - Validation metrics: {'MAE': 2.22778997144244, 'RMSE': 3.43522472672235}
[2026-06-22 11:43:51,158][finetune_logger][INFO] - Validation metrics: {'MAE': 2.22778997144244, 'RMSE': 3.43522472672235}
2026-06-22 11:43:51 - finetune_logger - INFO - Val time: 68.90s
[2026-06-22 11:43:51,158][finetune_logger][INFO] - Val time: 68.90s
2026-06-22 11:43:51 - finetune_logger - INFO - Val memory reserved: 40.00 MB
[2026-06-22 11:43:51,158][finetune_logger][INFO] - Val memory reserved: 40.00 MB
2026-06-22 11:43:51 - finetune_logger - INFO - Val memory allocated: 20.88 MB
[2026-06-22 11:43:51,158][finetune_logger][INFO] - Val memory allocated: 20.88 MB
2026-06-22 11:43:51 - finetune_logger - INFO - Logged epoch 9 info to /public/home/202411094934/python_project/Spatio-Temporal-Library/time-series/2026-06-22/autoformer/pretrain10_finetune10/etth1/time-series/seed_2/training_log.json
[2026-06-22 11:43:51,161][finetune_logger][INFO] - Logged epoch 9 info to /public/home/202411094934/python_project/Spatio-Temporal-Library/time-series/2026-06-22/autoformer/pretrain10_finetune10/etth1/time-series/seed_2/training_log.json
2026-06-22 11:44:59 - finetune_logger - INFO - Test metrics: {'MAE': 2.0507063890184645, 'RMSE': 3.7109699281510755}
[2026-06-22 11:44:59,793][finetune_logger][INFO] - Test metrics: {'MAE': 2.0507063890184645, 'RMSE': 3.7109699281510755}
2026-06-22 11:44:59 - finetune_logger - INFO - Test time: 68.63s
[2026-06-22 11:44:59,794][finetune_logger][INFO] - Test time: 68.63s
2026-06-22 11:44:59 - finetune_logger - INFO - Test memory reserved: 40.00 MB
[2026-06-22 11:44:59,794][finetune_logger][INFO] - Test memory reserved: 40.00 MB
2026-06-22 11:44:59 - finetune_logger - INFO - Test memory allocated: 20.88 MB
[2026-06-22 11:44:59,794][finetune_logger][INFO] - Test memory allocated: 20.88 MB
2026-06-22 11:44:59 - finetune_logger - INFO - Epoch 10/10
[2026-06-22 11:44:59,794][finetune_logger][INFO] - Epoch 10/10
2026-06-22 11:55:09 - finetune_logger - INFO - Train loss: 0.9098276694260244
[2026-06-22 11:55:09,935][finetune_logger][INFO] - Train loss: 0.9098276694260244
2026-06-22 11:55:09 - finetune_logger - INFO - Train time: 610.140606880188s
[2026-06-22 11:55:09,935][finetune_logger][INFO] - Train time: 610.140606880188s
2026-06-22 11:55:09 - finetune_logger - INFO - Train memory reserved: 40.00 MB
[2026-06-22 11:55:09,935][finetune_logger][INFO] - Train memory reserved: 40.00 MB
2026-06-22 11:55:09 - finetune_logger - INFO - Train memory allocated: 20.88 MB
[2026-06-22 11:55:09,935][finetune_logger][INFO] - Train memory allocated: 20.88 MB
2026-06-22 11:55:09 - finetune_logger - INFO - Current learning rate: 0.0005
[2026-06-22 11:55:09,936][finetune_logger][INFO] - Current learning rate: 0.0005
2026-06-22 11:56:18 - finetune_logger - INFO - Validation metrics: {'MAE': 2.159597912584031, 'RMSE': 3.310764652570094}
[2026-06-22 11:56:18,950][finetune_logger][INFO] - Validation metrics: {'MAE': 2.159597912584031, 'RMSE': 3.310764652570094}
2026-06-22 11:56:18 - finetune_logger - INFO - Val time: 69.01s
[2026-06-22 11:56:18,951][finetune_logger][INFO] - Val time: 69.01s
2026-06-22 11:56:18 - finetune_logger - INFO - Val memory reserved: 40.00 MB
[2026-06-22 11:56:18,951][finetune_logger][INFO] - Val memory reserved: 40.00 MB
2026-06-22 11:56:18 - finetune_logger - INFO - Val memory allocated: 20.88 MB
[2026-06-22 11:56:18,951][finetune_logger][INFO] - Val memory allocated: 20.88 MB
2026-06-22 11:56:18 - finetune_logger - INFO - Logged epoch 10 info to /public/home/202411094934/python_project/Spatio-Temporal-Library/time-series/2026-06-22/autoformer/pretrain10_finetune10/etth1/time-series/seed_2/training_log.json
[2026-06-22 11:56:18,954][finetune_logger][INFO] - Logged epoch 10 info to /public/home/202411094934/python_project/Spatio-Temporal-Library/time-series/2026-06-22/autoformer/pretrain10_finetune10/etth1/time-series/seed_2/training_log.json
2026-06-22 11:57:27 - finetune_logger - INFO - Test metrics: {'MAE': 2.0646021912438495, 'RMSE': 3.768899309022085}
[2026-06-22 11:57:27,670][finetune_logger][INFO] - Test metrics: {'MAE': 2.0646021912438495, 'RMSE': 3.768899309022085}
2026-06-22 11:57:27 - finetune_logger - INFO - Test time: 68.69s
[2026-06-22 11:57:27,670][finetune_logger][INFO] - Test time: 68.69s
2026-06-22 11:57:27 - finetune_logger - INFO - Test memory reserved: 40.00 MB
[2026-06-22 11:57:27,671][finetune_logger][INFO] - Test memory reserved: 40.00 MB
2026-06-22 11:57:27 - finetune_logger - INFO - Test memory allocated: 20.88 MB
[2026-06-22 11:57:27,671][finetune_logger][INFO] - Test memory allocated: 20.88 MB
2026-06-22 11:57:27 - finetune_logger - INFO - Training completed. Best epoch: 5, Best val loss: 2.139854
[2026-06-22 11:57:27,671][finetune_logger][INFO] - Training completed. Best epoch: 5, Best val loss: 2.139854
2026-06-22 11:57:27 - finetune_logger - INFO - Loaded checkpoint from epoch 5
[2026-06-22 11:57:27,708][finetune_logger][INFO] - Loaded checkpoint from epoch 5
2026-06-22 11:57:27 - finetune_logger - INFO - Evaluating best model on test sets...
[2026-06-22 11:57:27,708][finetune_logger][INFO] - Evaluating best model on test sets...
2026-06-22 11:58:35 - finetune_logger - INFO - Test metrics: {'MAE': 1.9641715903509243, 'RMSE': 3.583605900264917}
[2026-06-22 11:58:35,931][finetune_logger][INFO] - Test metrics: {'MAE': 1.9641715903509243, 'RMSE': 3.583605900264917}
2026-06-22 11:58:35 - finetune_logger - INFO - Test time: 68.22s
[2026-06-22 11:58:35,931][finetune_logger][INFO] - Test time: 68.22s
2026-06-22 11:58:35 - finetune_logger - INFO - Test memory reserved: 60.00 MB
[2026-06-22 11:58:35,931][finetune_logger][INFO] - Test memory reserved: 60.00 MB
2026-06-22 11:58:35 - finetune_logger - INFO - Test memory allocated: 20.91 MB
[2026-06-22 11:58:35,931][finetune_logger][INFO] - Test memory allocated: 20.91 MB
2026-06-22 11:58:35 - finetune_logger - INFO - Logged epoch test info to /public/home/202411094934/python_project/Spatio-Temporal-Library/time-series/2026-06-22/autoformer/pretrain10_finetune10/etth1/time-series/seed_2/training_log.json
[2026-06-22 11:58:35,934][finetune_logger][INFO] - Logged epoch test info to /public/home/202411094934/python_project/Spatio-Temporal-Library/time-series/2026-06-22/autoformer/pretrain10_finetune10/etth1/time-series/seed_2/training_log.json
